1370364624123	52	163	55	click
1372678200909	132	547	425	show
1369261288592	46	441	386	click
1372427891943	54	930	482	show
1373793203246	37	350	375	click
1370960683876	141	448	82	show
1373334716101	78	96	194	show
1372691328099	137	845	80	click
1372781308982	85	295	237	click
1370460347066	58	314	75	click
1367966343309	114	429	358	click
1372306583295	79	212	157	show
1373908504133	2	79	149	click
1370999674524	126	924	37	show
1374006273254	28	459	19	show
1368307286181	106	179	399	click
1373858702590	73	248	255	show
1372539653809	35	42	252	click
1367177834901	58	222	250	show
1366455757281	56	857	138	show
1373496648824	63	460	170	show
1368666632842	56	798	42	click
1370415524728	81	166	74	show
1368130439739	76	381	183	show
1370608245489	75	379	227	click
1372198726838	46	411	473	show
1371407726189	44	51	221	show
1367439649906	35	655	121	click
1371982007022	69	979	125	click
1373223884714	145	675	430	show
1370990503012	87	84	351	show
1373917632966	75	612	302	show
1367063208597	20	818	261	show
1372857809478	124	506	344	click
1368957220201	22	118	14	show
1367871048597	26	400	449	click
1370059318359	93	574	6	show
1373175511932	11	637	284	show
1372656576182	70	313	86	click
1372819627331	110	636	488	show
1371205411030	94	684	487	show
1373176369298	128	651	488	click
1366685865903	102	244	361	show
1373651272909	68	593	400	show
1371855548576	86	629	275	click
1371826147567	84	352	69	click
1366947794565	119	394	434	click
1370658067865	35	383	310	show
1366504189935	37	914	280	show
1373668062794	139	963	214	click
1368342399638	81	239	211	show
1368230745005	85	814	61	show
1370410367850	49	799	7	click
1371667067124	39	601	89	click
1369477208731	94	761	222	click
1373692547461	71	89	354	show
1369492121797	80	527	70	show
1372067115311	66	332	335	show
1373955943893	59	576	194	show
1366884119756	15	211	16	show
1366780962282	40	940	385	click
1368721559444	41	14	410	show
1366905259964	134	712	304	show
1374151161970	89	15	450	show
1370917791076	135	422	430	show
1369917418119	74	981	139	click
1370318673181	4	102	176	show
1366949885767	57	430	385	show
1368845752070	16	143	262	click
1373743852256	21	393	348	click
1366582630627	23	926	480	show
1369457639931	129	251	193	show
1367731855424	113	838	274	click
1373417103390	73	335	245	show
1371015523579	38	162	498	click
1373465746048	7	429	249	click
1370360106829	96	637	465	click
1371044993743	54	736	309	show
1373642434891	34	943	120	click
1368594832400	95	890	172	click
1372280573201	102	232	54	show
1369264332530	108	202	298	click
1374189695332	111	422	401	click
1371662000996	123	683	422	click
1372611647312	119	511	192	click
1369412920912	3	431	139	click
1370021105668	138	223	443	show
1369635612257	5	827	293	click
1369937595094	139	199	342	show
1371274113320	88	694	183	show
1371953264328	112	696	54	show
1370059813341	126	509	363	click
1373146688792	135	531	388	click
1367526996121	92	845	362	click
1371056336052	119	571	58	click
1368158503520	14	910	398	show
1373733227742	98	883	390	click
1371241797918	110	380	276	click
1367585426490	70	768	261	show
1372855692324	74	842	442	show
1366514502330	15	49	148	click
1370065137008	146	299	233	show
1371630301398	63	877	150	show
1372413101826	129	153	373	click
1373003412790	106	823	16	show
1367541288909	123	921	148	show
1370747714393	41	541	342	show
1374199079300	140	791	99	show
1372186680421	100	396	322	show
1368457069434	130	727	449	click
1372921344968	7	702	169	click
1370288917775	98	96	9	show
1371525109641	126	734	298	show
1370953613367	75	269	109	show
1366607318983	32	149	26	click
1373215634180	67	744	303	click
1372885959684	81	764	127	click
1371058704094	24	424	237	show
1372052985958	3	777	242	click
1370724023180	16	787	445	show
1370280041552	110	973	105	show
1370928931714	114	772	257	click
1371582418460	52	663	101	click
1370236187716	98	778	227	click
1374070130709	74	194	185	click
1369419421292	19	964	234	click
1373620833989	89	947	258	click
1373027883232	113	791	143	show
1372001108299	42	386	360	show
1367624568986	139	878	242	click
1367777991814	14	714	334	show
1369880704042	117	474	476	show
1368097727368	101	481	370	show
1369675484222	89	154	477	show
1369464960155	23	30	353	click
1367219062547	93	817	296	click
1367362754779	42	184	45	click
1373004207417	81	701	122	show
1374112718039	94	947	474	show
1372049228539	63	337	105	click
1370571605281	25	247	421	show
1370237662493	67	606	232	click
1368159138939	127	812	247	click
1373281143562	148	420	428	click
1368430640245	10	201	113	click
1366925790670	103	371	467	show
1373670565529	15	860	337	show
1366432588932	46	297	361	show
1369561885743	113	101	87	show
1366383874516	103	7	436	click
1374111445478	123	702	349	show
1367220841679	106	831	26	click
1368259733710	32	298	427	click
1372654987919	28	11	212	show
1368121700049	125	186	378	show
1374120993467	146	930	344	show
1369932731772	86	2	481	click
1373953435535	82	177	469	show
1366844622735	109	446	102	click
1369163321243	30	284	264	click
1373284300437	85	663	62	show
1370101397169	6	674	65	click
1372698237906	121	283	348	show
1366862248635	43	606	62	click
1370512114263	57	953	276	click
1369727164526	3	575	42	click
1367001438745	89	995	376	click
1369395488458	21	645	19	show
1370999358889	137	194	443	show
1366343141630	70	356	492	show
1372656861230	109	930	98	click
1372817619629	125	842	65	click
1372005692494	56	2	187	show
1366524609103	117	817	139	click
1369502020736	133	869	176	click
1371823666053	40	70	253	show
1372838739649	32	151	141	show
1372923168807	117	754	65	click
1368636964054	39	484	207	click
1372429564100	46	7	184	click
1368949616122	132	751	112	show
1372793036826	7	729	242	click
1373658321860	13	856	205	show
1373900726397	132	116	382	show
1372753116850	26	906	74	click
1372880338069	146	170	277	click
1367253891506	50	353	149	show
1369987329145	17	367	260	click
1369622875646	113	314	420	click
1366614065045	62	342	200	show
1369031098987	135	259	189	click
1368256960495	8	307	324	show
1372608996361	125	7	421	click
1374156514197	77	432	295	click
1374033856141	6	688	302	click
1370654699429	103	694	449	show
1373325118612	6	695	331	click
1369116182502	113	897	110	click
1367471633350	2	3	474	click
1371117641277	139	889	4	show
1368207303487	98	500	340	click
1368436725207	46	586	85	click
1370444203741	50	660	225	click
1366727547557	126	226	168	show
1369441912335	3	376	306	click
1369880734389	59	194	494	click
1369828268067	64	886	262	click
1373518553429	56	592	169	click
1372737968478	37	220	380	show
1370254076888	59	44	390	click
1369556605666	28	436	114	show
1370098013070	25	395	346	show
1372685917690	72	895	170	show
1368795184591	121	69	205	click
1370592449669	31	470	227	show
1372371711464	115	15	483	click
1367044795088	124	272	320	click
1373956121826	83	677	243	show
1367815221079	99	921	293	show
1366632461957	128	565	92	click
1373819972704	124	498	134	show
1372092312287	33	161	394	show
1373275244124	66	739	258	show
1367831490518	74	242	358	show
1374015218680	42	352	115	click
1370705717744	81	233	490	click
1369420045512	74	279	108	show
1372957230479	107	876	482	click
1371371396675	76	970	450	show
1369772943966	20	827	325	click
1371266389943	63	102	94	show
1371519624742	88	828	401	click
1372461002199	136	550	54	show
1373538806048	47	372	321	click
1369878834946	141	120	479	show
1370816560890	149	767	380	click
1374178147071	118	766	182	show
1370282362820	100	995	311	click
1370797710560	128	201	397	click
1372102984936	87	741	398	show
1372451124723	18	815	410	click
1369054199626	122	112	474	click
1371688831392	123	549	487	show
1370501404664	85	158	6	show
1372065405828	116	490	214	click
1369668839793	114	123	195	show
1370932651613	133	792	10	click
1369681471837	82	134	129	click
1368156142831	143	612	311	show
1371124393874	41	492	198	click
1368432037678	9	542	5	click
1370921162224	6	348	394	click
1369692538818	35	252	277	show
1371593021786	105	990	444	show
1366707459959	6	337	419	click
1367535672767	122	890	137	show
1366659362143	107	496	237	click
1368641881472	110	624	133	click
1368897581935	85	742	435	click
1367191734794	76	472	20	show
1369241790400	97	737	301	click
1371631140692	56	779	106	show
1373543212628	60	366	139	click
1372001042943	53	810	214	show
1370166856924	58	861	46	show
1369618881875	102	25	418	click
1367859854036	2	113	295	click
1373076320860	30	774	356	click
1371390311463	74	447	423	show
1370661567090	100	90	499	click
1369548507804	50	598	14	click
1371390754083	9	440	298	show
1369392372240	27	971	85	click
1366991435502	62	802	247	click
1371632098012	71	796	163	show
1372001825801	23	707	86	click
1373567352419	97	454	438	click
1366380235454	139	208	55	show
1367991434275	112	989	420	click
1370871839839	118	457	310	click
1373841068989	81	956	238	click
1368473507253	146	84	380	click
1367347619391	95	750	76	click
1367135097902	80	50	289	click
1370617728443	45	984	303	show
1368812669570	110	553	396	click
1368555503969	119	119	388	show
1373299686408	75	208	427	click
1371755656738	44	355	478	click
1369349054500	44	818	495	show
1368140755550	21	550	118	show
1370455640856	135	537	401	show
1371410060799	120	794	214	show
1371139215913	123	472	297	click
1373885388119	104	962	107	click
1368034320448	2	825	367	show
1372226776657	125	268	286	show
1366541360914	23	12	283	click
1373874574915	23	189	173	show
1369832981859	83	109	408	click
1368975913843	94	163	310	click
1369170296567	57	345	240	click
1373204311863	27	216	398	show
1374031699343	24	844	432	click
1367836330033	116	174	210	show
1367722695985	128	216	102	show
1367980802501	134	90	174	click
1371488758349	88	100	228	show
1371407664218	36	660	249	show
1373131308005	141	955	100	click
1371449689234	113	152	423	click
1373460538176	93	556	216	show
1368030266016	59	118	16	show
1371419775423	150	137	404	show
1370206661052	150	643	85	click
1367581460064	104	637	74	click
1366825372513	18	107	328	show
1371897081620	24	547	222	show
1372226852338	123	744	148	click
1371023985529	53	495	150	show
1369289219424	84	50	111	show
1366931474900	148	318	12	show
1369450289633	116	458	120	show
1367791479566	95	3	461	show
1369406214221	110	929	358	click
1367285674927	126	754	199	show
1373906661711	111	101	82	click
1368605450472	86	116	238	show
1371153255163	11	757	432	click
1369341979534	146	132	54	click
1371954425333	103	427	443	click
1373769417394	97	595	253	click
1371602598052	36	542	198	click
1369084811951	95	97	310	show
1367485557514	44	571	14	click
1371922162804	126	24	334	show
1366427308664	61	109	266	show
1369633426539	15	450	135	click
1366935513015	146	968	424	show
1372468663390	45	889	265	show
1373959346259	8	564	45	show
1368492394381	35	293	249	show
1368705708748	108	55	242	click
1373820061809	17	190	78	show
1367449064289	34	657	170	click
1367255298955	103	797	193	show
1368588773087	142	587	142	show
1366844175365	17	996	205	show
1368501221936	24	386	409	show
1372616683890	94	96	291	click
1369464182233	28	605	61	show
1370591757586	73	257	80	show
1371238943668	96	806	127	click
1371252714588	84	731	393	click
1367563095632	137	122	376	show
1369727944966	95	150	374	click
1366871869932	58	375	406	show
1373774648305	104	47	346	show
1371077860955	129	576	111	click
1368587780652	41	517	29	show
1373073905563	33	23	175	show
1371988646863	135	19	246	click
1370013288108	26	280	123	show
1367616236247	38	681	495	click
1368901907567	122	11	415	click
1368477295189	117	609	162	show
1369038172232	54	944	452	show
1372886430236	120	882	195	show
1373922869824	85	464	24	show
1370475149142	44	870	221	show
1372720829663	7	501	43	click
1367338908161	118	626	322	show
1369478790220	145	708	385	show
1370499755509	150	515	439	click
1369660465627	22	436	154	show
1370148943235	144	952	266	show
1367189150418	129	139	497	show
1368494903659	13	982	54	click
1373094621128	150	370	174	show
1369656597586	13	249	59	click
1367321854615	77	523	413	show
1369323219092	7	926	396	show
1366913346924	47	336	310	show
1371496094550	48	88	296	show
1371938871370	141	699	286	click
1370884959129	138	697	68	click
1369866665606	126	829	354	click
1366485344301	37	586	86	click
1368166528402	57	231	342	click
1373805011778	75	561	312	show
1368171482601	143	935	180	click
1366727263220	63	384	295	click
1370728007784	96	671	181	show
1371256617979	98	105	337	show
1370664418514	7	916	28	click
1370418750485	35	801	152	click
1370163672480	39	815	225	click
1370264345423	42	938	97	click
1367064561012	77	583	224	show
1366505977667	68	824	235	click
1371376570636	87	531	430	click
1369524869808	96	226	36	click
1370027565951	115	866	53	click
1367032891900	81	311	121	click
1369503906976	88	250	260	show
1373939621860	146	358	328	show
1372479953684	140	636	500	click
1371035936719	150	457	445	show
1371377427624	141	400	479	show
1373608209565	2	971	421	show
1368767380290	58	596	269	show
1367540266061	84	735	479	show
1366766444140	69	529	190	show
1372623819616	132	98	93	show
1373963670336	97	435	20	click
1373785828478	96	946	326	click
1367344502156	21	420	157	show
1371881472366	16	461	121	click
1372192109623	39	127	345	click
1373028487348	60	910	464	show
1366957435469	2	278	467	click
1374097309954	7	977	300	show
1373987061298	150	268	316	click
1369734191031	136	108	125	show
1367235684626	98	197	204	click
1370302161171	93	178	407	click
1368636331014	100	222	84	show
1371375423339	58	846	411	show
1371361610744	19	548	364	show
1368916852508	35	823	155	show
1373728163274	130	317	85	show
1366941772920	72	51	134	show
1371164496610	42	636	249	show
1366956309870	82	879	351	click
1372691813664	11	620	270	click
1366840907047	72	963	377	show
1367067105964	141	564	337	click
1366511701134	96	352	421	show
1370805864555	25	553	300	click
1366633597266	56	342	223	click
1367669115853	103	855	167	show
1369114469823	131	508	22	show
1367941922271	75	871	22	click
1368809008895	97	741	43	click
1367703698088	3	860	304	show
1368219836011	44	792	121	show
1367020417253	134	144	5	click
1372735938955	75	419	486	click
1372256748586	58	704	308	click
1372597865670	76	767	460	click
1373311137266	32	308	5	click
1372511072867	23	939	44	show
1372554572626	108	408	117	click
1366967755187	103	48	300	show
1366636483504	89	436	140	show
1370585526171	86	976	310	show
1366744287431	4	54	338	show
1374135092204	48	31	148	show
1369360133899	99	556	379	show
1367044699243	118	171	482	click
1371582741962	70	826	326	click
1370476555072	67	242	164	show
1370459295623	75	145	82	show
1369619178840	43	652	112	click
1367912942622	60	624	383	show
1368326150591	142	910	322	click
1370630134637	86	364	453	click
1369094321434	26	396	417	click
1371649200449	4	973	238	click
1366695571323	66	338	336	click
1367055862317	119	713	154	click
1370491051589	103	882	99	show
1372607570836	112	73	151	show
1372779593626	68	356	191	show
1368566410573	125	23	201	show
1370526865908	77	859	216	click
1372141415504	14	21	82	show
1373715151594	112	806	211	show
1374060534920	48	596	144	click
1370228077380	87	310	352	show
1370187911752	64	912	224	click
1372529304025	64	55	375	click
1371056898301	112	273	284	click
1373995212553	13	98	63	show
1373143096817	40	146	238	show
1369080238999	54	836	452	click
1367143997927	32	182	275	click
1369973484088	5	761	363	click
1370456518882	36	253	409	click
1367289431486	125	784	303	show
1367651459116	120	17	392	show
1371341610316	59	635	316	show
1369406452928	54	124	330	click
1372832305358	144	84	260	show
1369329303370	51	954	103	click
1370646596373	45	555	10	show
1367516763602	20	202	315	click
1368176968646	150	65	174	show
1367581606072	143	706	447	click
1372479929269	135	766	280	click
1369692952841	140	102	200	show
1371242059249	46	442	271	click
1372243577880	1	911	204	click
1370687404879	92	244	205	show
1372841085850	136	966	199	show
1369015230868	54	730	3	click
1373051760301	108	249	418	show
1367321703212	119	475	468	show
1367905829523	26	334	270	click
1373543857209	59	865	343	show
1372777976653	143	424	191	click
1368987742620	93	338	340	click
1368638990234	118	867	37	show
1373336860412	140	710	72	show
1369099787555	40	877	175	show
1367989781452	136	426	366	click
1370697972130	148	490	125	show
1369490774262	39	764	283	click
1366865630974	22	309	332	click
1372492696793	30	444	114	show
1372271301217	14	289	165	click
1367261016890	145	752	85	click
1372142078917	104	977	103	show
1367305918340	75	206	48	click
1367622500776	135	393	64	show
1371191713813	110	591	393	click
1369658199343	28	726	441	click
1370941090737	59	328	375	show
1368836319492	76	385	388	show
1370671690394	92	347	424	click
1368473740779	53	20	335	show
1368840189255	38	571	431	click
1368649193072	35	137	316	show
1372632875202	51	498	476	show
1369762733680	30	249	439	click
1368507309574	90	295	178	click
1372429801582	142	604	38	click
1367671043672	107	127	113	click
1367934625909	127	713	23	click
1370089762140	4	622	482	show
1371709328264	150	89	190	click
1367913167616	15	301	489	click
1367488592034	67	392	437	show
1371343275434	147	239	437	click
1370974359706	19	269	358	click
1371562996702	139	925	381	click
1370462565119	100	395	151	show
1367872419360	81	52	289	click
1369576956503	31	527	222	show
1370820993128	88	500	121	click
1370747599779	144	395	132	click
1370341482929	138	783	148	show
1371520688399	95	686	346	show
1370988882530	106	568	195	click
1368760683759	101	370	381	show
1372551313531	147	122	311	click
1368397900035	133	40	392	click
1374175715456	31	284	203	click
1370042101807	82	897	204	show
1367472727577	93	20	38	click
1367256227318	137	614	271	click
1372243811759	9	132	495	show
1370577048230	46	980	416	show
1368147299228	97	730	150	show
1371038882331	128	747	379	click
1368048829568	15	414	277	show
1367633919936	39	198	478	show
1373011159805	74	909	44	click
1367776115405	132	488	34	click
1366445047474	89	62	401	show
1372894801217	131	763	131	show
1368717542572	93	147	184	show
1369667919189	49	365	486	show
1369857982664	62	113	263	show
1369224741430	145	780	324	show
1366399532564	82	175	236	show
1370640715924	115	596	470	click
1366907912323	122	860	72	show
1371145611674	104	591	222	show
1371967293652	13	662	368	click
1373684992448	117	667	282	click
1373055224216	136	288	421	click
1367761777211	46	10	495	show
1367488773852	24	40	194	click
1366818445485	63	339	79	click
1368565385567	132	876	9	show
1371656277191	36	58	429	show
1373559232018	49	281	474	click
1374165617364	64	976	362	click
1367052523353	101	390	369	show
1372093100525	119	476	350	click
1367229188112	95	499	362	click
1369895109825	120	701	325	click
1369695371117	28	204	256	click
1367659886145	44	140	53	show
1369106246940	111	175	102	show
1373501185745	113	85	500	click
1372254563854	134	178	396	click
1372619487280	107	944	241	show
1367480499399	117	158	398	click
1373505972810	147	956	474	click
1374101658790	78	788	423	click
1368780963010	88	535	66	click
1369934635184	125	246	30	click
1367365136101	85	533	406	show
1372332394494	60	506	53	click
1368917179312	72	600	477	show
1371821313424	100	449	408	click
1369801109470	85	275	457	show
1371627860191	25	787	42	show
1370934177576	139	246	414	click
1368764133067	141	159	193	click
1369014373940	86	518	177	show
1372939809785	42	62	7	click
1373467602497	125	555	41	click
1374057835894	94	142	381	click
1368801767206	30	505	378	show
1374045053036	41	981	480	show
1367450910172	146	533	142	click
1373864293620	136	328	109	show
1370863474679	87	690	224	click
1370398033504	85	40	254	click
1372480436090	122	952	453	show
1371334404315	142	336	231	show
1373935349719	110	147	411	click
1372954715355	6	780	435	click
1367266579295	123	962	16	click
1369869995494	142	723	500	show
1371215278992	87	805	58	show
1373638801649	104	70	440	click
1370777586952	139	872	465	click
1366513952643	9	316	88	click
1368883488264	51	696	311	click
1373145201756	141	598	183	click
1369136284067	117	203	328	click
1374037999759	86	200	449	show
1370146502868	71	606	74	show
1371752454040	18	11	389	show
1371103430543	36	47	114	click
1367726690150	69	159	8	click
1373883011810	69	826	268	click
1373060184258	90	470	15	click
1374117616504	31	580	423	show
1372676144397	22	156	337	click
1370143585307	72	383	185	click
1373876247203	68	335	129	click
1369133046509	97	999	104	show
1373062368018	75	923	169	show
1370259646778	85	432	92	click
1373892606723	144	46	196	click
1368525970474	83	910	215	show
1368346004825	149	645	223	show
1368274274647	33	450	343	show
1369448489799	141	47	23	show
1372310142048	36	430	116	click
1372161207272	40	763	387	show
1373766550450	131	174	378	click
1367622696328	56	9	75	click
1374028839945	31	280	273	show
1367563572831	39	945	440	show
1371710941105	30	236	383	show
1366619568781	50	749	218	click
1369333219588	83	566	101	show
1366490834488	91	773	440	click
1367280069820	56	332	24	show
1373734876210	127	184	204	show
1369775154459	96	470	142	show
1367375216460	102	518	114	show
1367327301852	146	678	40	show
1371751992619	71	250	62	show
1370339613693	69	485	171	show
1370783600585	36	673	121	click
1373499320664	32	581	383	click
1371678086762	95	251	398	show
1366581567917	25	547	216	show
1371641899703	76	283	230	click
1370266680479	33	524	479	show
1367699348955	13	223	488	show
1372560775368	20	365	428	show
1369538075799	91	994	495	click
1373052237948	65	812	431	click
1367338742021	119	240	20	show
1368068676827	144	961	224	click
1366441811754	29	42	410	click
1370606033473	100	596	352	show
1369700215678	21	453	437	show
1366720333963	14	545	399	click
1367311383581	68	960	213	click
1371195619501	57	857	306	click
1367673884458	112	45	293	show
1373814355631	94	303	244	click
1366827197107	113	873	111	click
1370989027094	81	45	359	show
1369686292274	136	942	425	show
1372847096419	90	658	260	click
1371541393636	15	763	401	click
1367024323369	49	968	24	click
1366457994703	133	486	84	click
1373200771978	85	719	413	show
1367919618896	125	382	301	click
1368008906130	46	167	437	click
1368545802027	117	973	68	show
1373719733224	17	271	154	click
1370296263727	119	336	456	show
1366358201461	103	777	239	click
1373696202464	30	19	94	show
1372272271107	127	553	212	click
1373985035813	28	906	240	click
1367766737555	14	532	147	show
1367399871822	18	435	297	show
1373092254950	66	186	133	click
1368426294252	72	508	488	show
1370713811287	138	380	437	click
1370175759708	103	508	334	show
1369496729065	142	255	240	click
1368403647711	14	766	21	click
1369072255973	22	63	351	show
1368822952648	93	967	29	click
1372528450445	134	383	185	show
1368102497327	114	676	216	click
1366430583525	105	515	402	click
1369694046685	94	146	386	click
1372719374579	30	336	249	show
1369000734315	36	634	127	click
1369051757149	53	473	447	click
1368094963925	119	417	138	click
1371054569493	56	574	43	show
1367029982908	52	368	267	show
1366472827624	70	132	208	click
1370328735185	146	625	83	click
1368728555790	94	93	464	click
1367973921662	39	569	239	show
1373230896271	106	840	100	show
1368175306148	40	297	261	click
1369923056502	63	568	57	click
1371352570119	78	594	404	show
1372296636633	2	244	408	click
1371659901456	120	313	308	click
1370144168196	71	412	52	click
1370079188527	105	757	160	click
1369873581931	126	503	215	click
1370254524518	29	207	405	show
1370542960789	2	242	382	show
1366941915036	50	384	305	show
1373200992466	74	674	290	click
1372043896430	144	657	108	show
1373826509194	80	334	449	click
1368192131798	98	558	235	show
1371489353012	18	471	74	click
1373256756542	24	847	481	click
1368199950254	57	995	350	show
1372983187636	21	865	44	click
1368705523308	137	96	274	click
1371503260558	124	470	25	click
1368612050086	84	366	443	show
1367382537631	122	283	253	show
1372456389423	44	365	136	click
1370797835286	39	718	389	click
1372570577330	32	179	410	show
1367852053863	53	657	118	show
1370822593808	142	627	452	click
1373251534664	35	305	282	show
1366998267207	98	420	475	show
1371328064916	73	753	232	show
1372557998498	135	63	66	show
1366929935258	102	526	177	click
1367780991337	44	643	431	show
1371941604081	99	290	417	click
1373912326437	121	887	77	click
1370822232622	38	739	75	show
1372665167144	63	692	469	click
1370757045528	34	658	202	show
1367573934246	65	925	36	click
1367458082844	93	427	118	click
1373696545666	131	402	176	click
1373317770477	13	590	493	show
1372218958030	83	774	152	click
1370597521629	20	26	342	show
1367234751084	17	318	457	click
1366407024999	5	712	238	click
1373442905030	29	736	267	show
1372997214509	95	650	60	click
1374016350084	127	410	325	show
1367946340381	27	859	37	click
1370697272468	57	639	393	show
1369335838116	13	780	68	click
1368990803551	109	288	232	click
1367704650688	139	80	256	show
1373893925173	14	931	47	show
1374125007332	1	881	231	show
1371043230992	129	705	188	click
1373093972372	128	930	314	click
1368494637779	118	921	380	show
1368245196382	27	832	186	click
1367362122483	130	54	261	click
1370491389113	30	473	333	click
1367292548244	63	809	323	click
1367374968190	48	75	232	show
1372810499892	129	478	381	show
1373866221769	59	627	326	click
1368560375619	128	354	336	click
1371365039272	143	989	160	click
1370326782410	148	494	58	click
1369779712229	57	915	402	click
1366732306431	76	557	254	show
1371513158684	112	935	308	click
1371027326050	13	513	322	show
1367690106464	40	263	54	click
1368988990372	71	485	365	show
1366873888788	75	163	48	click
1373994640461	118	255	345	click
1367888838092	49	117	366	show
1372668989785	5	615	323	show
1373649209402	140	84	108	click
1373908388355	89	472	263	show
1369299520446	70	928	182	click
1367830569990	1	968	437	show
1373236185744	128	234	98	show
1373768176470	7	407	105	show
1370205480869	86	600	159	click
1370919418876	64	206	420	show
1367760310354	136	714	185	click
1370460912752	139	932	148	click
1367349758873	102	87	143	click
1368737272825	132	243	213	click
1372017269998	104	162	217	show
1372747855151	145	580	394	show
1373664439633	150	545	379	show
1366522314733	57	539	211	click
1373035032702	147	601	29	click
1372378442395	147	922	1	click
1371420632061	64	929	94	click
1372994531863	24	710	460	show
1369631976000	112	284	437	click
1372715231333	99	731	154	click
1371478552014	21	782	420	show
1368568805795	56	147	109	show
1372364177352	62	403	356	show
1368846341310	32	935	490	show
1366733740758	144	680	447	click
1367512085151	25	636	283	show
1374080426904	16	88	247	show
1372856349428	101	658	237	show
1366607818559	68	649	76	show
1369893441238	124	316	110	click
1369126935331	70	587	432	click
1373640757941	110	616	338	click
1374123034276	33	811	2	click
1367574920738	48	92	125	click
1367121262842	126	410	291	show
1371368324328	150	619	163	click
1366859240867	9	158	409	click
1369874275496	60	300	408	click
1371861209060	70	730	436	click
1370682254822	11	490	403	show
1370259636227	133	53	310	show
1373856199153	5	788	211	click
1366782228770	98	821	216	click
1372126183747	29	622	39	click
1369128207778	136	832	30	show
1369654204975	75	355	180	click
1371763044226	15	25	215	click
1371534669208	19	763	440	show
1373561876465	138	64	444	show
1366746584648	67	444	253	show
1366954344634	29	940	111	show
1367046850562	15	921	14	click
1369378194075	143	170	64	click
1373301893158	106	161	156	show
1371074489464	69	256	230	click
1371798868711	22	942	118	show
1372323570523	3	466	98	show
1368395732342	115	640	301	click
1372517092365	149	139	486	show
1369711561260	11	832	70	show
1366609651782	49	310	242	show
1366839067058	38	666	100	show
1370163898298	1	709	329	click
1369467898867	125	185	342	click
1369564313202	11	934	456	show
1367612319690	102	355	39	click
1370242009949	119	395	328	click
1371029908138	104	742	196	show
1369669359528	70	153	483	show
1371997399360	94	795	306	show
1366850807762	70	576	395	show
1369065215409	104	428	121	show
1372358414529	72	598	1	show
1373625254568	119	481	231	show
1373816360067	19	205	312	click
1367430926104	21	879	372	show
1369776789566	122	666	103	click
1369919064709	26	493	1	show
1373016620933	127	183	193	show
1370318571025	73	933	274	click
1372463380265	124	94	60	show
1370560124408	57	997	423	click
1371542284391	145	185	489	show
1366472922038	120	579	46	show
1366977369975	119	345	75	show
1371417284196	52	695	382	show
1366377794037	81	456	489	click
1370562717385	41	396	88	show
1366842912027	89	265	330	show
1373076785069	146	434	268	show
1366691354892	87	712	245	show
1366481222852	122	628	179	click
1370158424935	27	34	337	click
1370914802763	112	972	337	click
1369152241497	130	117	9	show
1374132547885	114	599	358	click
1367685626820	85	105	245	click
1370987586570	86	467	144	show
1371184458909	28	311	173	click
1367540081382	38	806	458	click
1372307744808	116	219	138	show
1367713402877	56	736	283	click
1371314533718	53	956	7	show
1370844666327	49	512	206	show
1371663187090	19	797	337	show
1368486485613	68	757	490	show
1370144815486	114	562	345	click
1367971407815	83	870	128	show
1373423588242	107	124	178	show
1368793888119	109	831	470	show
1369741556711	112	449	500	click
1371217144275	76	952	481	show
1371391067110	147	958	63	show
1374075473517	76	992	403	show
1369765715253	149	626	165	show
1371217847529	1	298	35	show
1366936326600	32	309	294	click
1371675517397	57	449	352	click
1369444422689	25	197	409	show
1369213023070	58	830	381	click
1372804059198	70	204	362	show
1368454921001	56	542	204	click
1370504719250	97	744	20	show
1371685884169	64	333	81	click
1368008550180	136	277	328	click
1373289172982	127	910	400	click
1368208112525	38	193	157	click
1368817105952	133	310	198	click
1371770122611	85	221	234	click
1371846594523	1	389	16	click
1366871298331	78	401	180	click
1370844647109	44	219	397	click
1373555163537	79	87	289	show
1367169524995	37	748	377	show
1373373114409	147	131	467	show
1370311095347	81	518	435	click
1373637323756	144	217	249	show
1369839901119	32	740	8	show
1370961160147	96	207	203	click
1373632254180	144	22	105	click
1367135225751	81	197	468	show
1371771020083	41	678	236	show
1371512504812	35	380	428	click
1372153094916	54	577	348	click
1369153395189	59	843	259	click
1368118855870	101	548	326	show
1370702549644	127	336	488	show
1370020547290	68	358	247	show
1372049822321	130	312	438	show
1368689660705	50	727	412	click
1371638371382	142	896	187	show
1366721024831	6	152	91	click
1367677206555	18	671	317	show
1369859365952	128	45	416	click
1367202730319	29	617	37	show
1372752035828	114	300	431	show
1372758300811	111	176	95	click
1367045796061	34	408	194	show
1366347827006	111	370	370	click
1373629579227	20	142	492	click
1373756432412	39	323	139	show
1371368885936	32	335	345	click
1368965086288	139	447	212	click
1370677054122	19	686	361	show
1370947858984	128	962	27	click
1372251220511	99	785	459	show
1374000113316	31	288	108	click
1372541227310	38	203	219	click
1371578555200	110	309	474	show
1367752391842	57	862	130	click
1370686343112	115	669	330	click
1370443338037	65	817	227	click
1366683377664	130	971	135	show
1367813755655	90	851	324	click
1371441599011	84	591	61	show
1373347200519	109	370	28	click
1366820059079	28	821	382	click
1374017057439	6	220	209	click
1367850081337	133	237	289	show
1368333618464	8	951	193	show
1367736837886	25	976	222	show
1373448460952	29	265	409	show
1369611032048	149	285	27	click
1374119297815	35	987	275	click
1373738661582	57	808	19	click
1373557360881	85	321	346	click
1368103185430	41	994	455	click
1370664828727	143	163	422	show
1371261370483	148	417	498	click
1371454167516	135	608	225	click
1371892883599	99	336	482	show
1371116612843	8	569	269	show
1371974400683	61	913	162	show
1372696711612	143	723	350	show
1367170420293	54	976	412	click
1367165185756	9	391	352	click
1373689465295	94	701	263	show
1366381005359	53	268	414	click
1367603229204	146	716	233	show
1368122046890	87	870	493	click
1368020892602	28	433	48	click
1368707527677	84	151	298	show
1369033206041	149	824	202	show
1371848121430	60	731	402	show
1370262614574	69	705	473	click
1367983550121	98	279	135	click
1370958937288	25	353	42	show
1372971483646	1	206	347	click
1370898545867	63	780	302	show
1367614771510	141	618	389	show
1372161437155	118	578	275	show
1372530206538	18	124	222	show
1373056908490	69	553	455	show
1370181256189	90	424	90	show
1372642606760	41	521	451	click
1373963848588	13	770	294	click
1372274995689	114	470	151	click
1366955811341	5	688	36	show
1370065051495	94	842	179	click
1370906930741	63	299	62	click
1368307101230	31	448	154	click
1371310533208	53	922	484	click
1368751974385	100	378	295	click
1372912015022	43	694	448	click
1370374549808	76	246	39	show
1366958903930	135	273	348	click
1367547650664	50	253	461	show
1373866361190	50	547	469	click
1372678650820	73	650	438	click
1371925111007	91	879	106	click
1370794257322	109	219	180	show
1371310136425	68	126	97	click
1371608896444	30	640	430	show
1367408136555	11	883	317	show
1368093327186	104	970	11	show
1372368782304	131	27	391	show
1373651855250	102	299	376	show
1366481268466	112	202	436	click
1367098517183	41	104	38	show
1374121985674	116	749	475	show
1373872604394	94	452	265	click
1371602191956	147	557	492	show
1368893187583	23	274	46	show
1372154688980	11	237	162	show
1370775754437	61	636	292	click
1366720255244	85	529	200	click
1369145049911	40	908	69	click
1366893712883	105	892	342	click
1372433870271	65	290	445	click
1373276088245	138	134	249	click
1372320692519	37	109	112	click
1369733349831	10	969	162	click
1373559848553	11	730	370	click
1371479546895	29	74	383	click
1368281544670	106	580	415	click
1367671409028	53	305	215	show
1371021810961	146	342	249	show
1369282140913	93	939	497	show
1369637198218	11	328	310	show
1367004656424	143	592	420	click
1372982808368	104	396	237	show
1373164711368	139	478	429	click
1372061593813	31	996	240	show
1366966134605	140	676	155	click
1367156999307	101	37	206	click
1372407619778	80	544	7	click
1366543724368	128	429	333	click
1369225819136	87	168	401	click
1370950068956	81	554	191	click
1373269993609	90	51	171	click
1367971981793	109	796	162	click
1370928780377	134	328	380	show
1371507063312	112	995	105	click
1367513434733	35	872	148	show
1370999368837	61	77	150	click
1373309412424	105	117	213	show
1368900321482	46	472	387	click
1366877916633	1	444	13	show
1372275082346	5	873	145	show
1373054619013	8	919	278	click
1370453884608	24	39	421	show
1368599372207	21	800	245	click
1367031108055	90	775	242	show
1369150924716	34	70	432	click
1368806164128	143	132	329	show
1371857460007	115	27	490	click
1370972187335	78	63	14	show
1367698421703	137	756	7	click
1372548765709	40	959	128	show
1369034504553	74	262	176	show
1367238179332	145	65	94	show
1370168906274	100	616	79	show
1368696973102	97	580	72	click
1372297212740	93	436	293	show
1372754271118	50	747	489	show
1372931014947	24	796	144	click
1369288726823	57	497	121	show
1373429258788	42	916	48	click
1368551645170	76	955	317	click
1368597872952	20	171	15	click
1368151991679	94	165	350	show
1369540591466	28	184	241	click
1373285825822	139	889	450	click
1370653979488	104	669	429	click
1373366273961	51	748	395	show
1367735372843	65	728	107	show
1373704838912	125	394	99	show
1366529164595	73	971	118	click
1373338597319	99	880	294	click
1369800534242	123	870	44	click
1371055039740	138	308	465	show
1369569417753	8	94	189	show
1373784341480	118	668	54	click
1367290117684	55	322	423	show
1371939225993	50	583	324	show
1366476787216	130	308	164	show
1372852961982	55	779	94	show
1368932168678	73	625	66	click
1368579285967	46	911	449	click
1371411966442	144	642	258	click
1368810388578	25	161	143	show
1373794995484	30	433	414	show
1366503103420	26	270	440	click
1367983025068	93	511	137	show
1371787648209	6	860	496	show
1373998061016	142	53	372	show
1371125062963	43	519	104	show
1373718092071	148	80	338	click
1374128402655	75	200	94	click
1371040630562	94	185	107	click
1372585926514	136	674	147	click
1371492836052	52	779	437	show
1369690583251	129	941	70	click
1366782207548	107	318	325	click
1367051402434	122	965	45	show
1368933040445	60	657	144	click
1371314632542	44	457	411	click
1369454396940	118	985	313	show
1368860136470	11	753	37	show
1368351024234	130	140	167	show
1368172678697	112	454	6	show
1367450715301	40	934	182	click
1368319846154	35	768	259	show
1371663473750	136	555	386	click
1372931828848	125	420	218	show
1370618046548	97	931	161	show
1368174514193	28	469	126	show
1372928953875	79	841	203	show
1372730820436	12	981	275	click
1372923895762	129	776	368	show
1370592830716	86	603	392	click
1369462764199	132	917	499	show
1368795741944	90	333	152	click
1368597038349	31	427	434	click
1374052200579	65	818	135	click
1373101788120	54	287	376	click
1369202793584	81	465	182	show
1370512759680	44	491	427	show
1370461335287	16	581	101	show
1372601800126	59	514	308	show
1372259593531	9	497	91	show
1369368835564	59	9	83	click
1373354556028	22	332	333	show
1372217551124	12	842	377	click
1373043228365	86	313	317	click
1371769529274	108	94	40	click
1368934067270	137	860	457	click
1366445728309	149	473	81	click
1369304939579	146	203	254	show
1366892684796	100	884	270	show
1366399177209	117	400	118	click
1371654710626	41	256	260	show
1367947694037	74	770	84	click
1371805865752	111	293	283	show
1373418176853	116	5	364	show
1367997831429	89	663	494	click
1373170223519	140	617	22	show
1368028514439	17	923	312	click
1370576719645	88	47	184	click
1372332681314	80	258	74	click
1372805415159	40	56	466	click
1370781922278	68	629	188	show
1372407289327	90	231	261	click
1369542616107	76	858	21	click
1371082297160	31	291	408	click
1370992068185	127	6	335	click
1370152493553	54	242	439	show
1371536047124	25	99	271	show
1373467849788	1	440	405	click
1371707978267	25	424	303	show
1369934562446	43	793	82	show
1366467602449	92	142	24	show
1367355028389	93	799	396	click
1369417264110	84	160	390	click
1368855004294	12	667	111	click
1367942682241	108	246	58	show
1367467101065	147	635	444	click
1369789717047	6	48	266	show
1371278329802	3	363	105	show
1366402202724	104	129	363	click
1366749069310	103	625	314	click
1369073221587	144	263	103	show
1367282294447	22	267	394	show
1372346886914	98	136	150	show
1368491759062	90	647	393	show
1370391578702	149	550	39	click
1368297314130	135	323	425	click
1373010158125	80	531	430	click
1368791763890	37	388	408	show
1371741238736	11	529	346	show
1370899917775	120	658	16	click
1370012130585	30	59	119	click
1370638291776	89	741	119	click
1373300486459	124	330	65	show
1372118488689	101	595	336	click
1370379145768	116	697	374	click
1373472457693	6	592	415	click
1368835983670	129	580	166	show
1370338565421	72	577	409	click
1366925248947	148	429	242	show
1368440787064	115	856	29	show
1372154012028	79	751	159	show
1373901705454	97	879	337	click
1367436734901	67	358	266	show
1372340655174	62	949	187	show
1371716357522	130	501	362	show
1373721850945	23	897	16	show
1367758826917	30	863	412	click
1370457762070	33	616	460	show
1367706813516	70	775	370	click
1372780945532	24	125	405	show
1368260383101	38	46	164	click
1366771140751	129	356	384	show
1372819028836	55	58	448	click
1371785479969	18	943	249	click
1373489086481	9	165	240	click
1370617411627	119	168	494	show
1370025039959	91	168	329	click
1369915384310	127	716	134	show
1370811355143	23	55	412	click
1369767265422	59	908	278	click
1371811205777	105	837	161	show
1373711810163	33	338	485	show
1374204515723	33	681	454	click
1369116002133	99	694	381	show
1371144520871	24	374	157	show
1372941522834	93	98	485	show
1373514778446	43	120	282	show
1372001362417	121	599	129	show
1371055530049	41	267	413	click
1371800114111	76	854	236	click
1370376513991	149	155	447	click
1368185791413	124	87	98	click
1373287640329	83	198	413	click
1371069719226	138	245	411	click
1368903374938	24	727	12	show
1371209575644	10	749	348	show
1369408468606	39	930	127	show
1369639463163	56	889	446	click
1372721738565	112	130	324	click
1372012243777	30	181	65	show
1372408261912	8	847	200	click
1370977490111	16	721	416	click
1373164397838	86	329	369	click
1372540314680	49	605	373	show
1368701978298	63	759	405	show
1371412334644	10	272	170	click
1369643734271	19	256	293	click
1371770483167	60	449	200	show
1368156855008	15	104	216	click
1367000674630	23	222	24	click
1371634913050	38	508	424	show
1373191651404	89	121	225	click
1367595992324	42	93	11	show
1371660035734	104	714	469	show
1369398828595	37	911	307	click
1368869391764	25	251	85	click
1370237208935	119	262	273	click
1373557670523	76	719	400	click
1366708331984	141	424	246	click
1372273042207	12	658	386	click
1372621470614	44	837	332	show
1367506296306	64	690	427	show
1367151950861	16	538	2	show
1367853809888	68	389	401	show
1373852212545	107	831	487	show
1373336031966	72	153	27	click
1368187848556	86	990	465	click
1367615319613	147	821	19	click
1373483373941	99	195	242	show
1373449232066	148	35	235	click
1373172765244	68	608	341	click
1372537260010	128	890	491	click
1367521231748	129	557	220	show
1366671295645	108	64	363	show
1370859004188	93	366	83	show
1369245753688	59	507	220	show
1372439628937	111	355	7	show
1371926387996	128	255	429	click
1371227090337	25	356	153	click
1368663777026	114	632	454	show
1367857748683	79	345	308	show
1371931008623	81	877	426	show
1367507989388	140	741	164	show
1366687817688	17	297	362	show
1367489323824	135	480	486	click
1372242911274	69	31	477	show
1372162524502	84	150	187	show
1367653559302	109	620	53	show
1369566381199	125	639	393	click
1368664933653	148	634	453	show
1373917858030	49	660	283	click
1370707861777	140	861	94	show
1374037676502	23	855	106	click
1372363374861	32	201	17	click
1368440463822	8	811	460	click
1371690510827	64	460	212	click
1369221663491	135	126	383	click
1371365988792	104	876	173	show
1369624007006	30	370	170	show
1372942222552	14	285	137	click
1369310835010	88	729	266	click
1368582785877	67	91	274	show
1373923304491	95	19	493	show
1369452592812	40	767	182	click
1372360312555	88	310	357	show
1373416683760	141	717	421	show
1369413992708	96	319	164	show
1369004290873	104	211	202	show
1367788010753	86	586	349	show
1370898621155	135	763	12	show
1369991072814	61	615	205	show
1369332651921	134	966	165	click
1369768054106	128	392	429	show
1373611412150	32	813	222	click
1369522612625	20	541	105	show
1373585630891	49	533	6	click
1366510871765	122	112	446	click
1369064390028	11	809	56	show
1367004523633	62	695	411	show
1367199125816	98	12	286	click
1367050433765	12	194	239	show
1372300156709	129	712	232	show
1367297487999	55	520	92	click
1366986012942	31	312	460	show
1370339644001	54	145	135	show
1370025948823	52	953	171	click
1373229877289	115	244	425	click
1366816728469	55	440	338	click
1368174336278	149	696	130	show
1367941623768	41	552	13	show
1372958941992	40	756	376	show
1370512990133	81	772	166	show
1373314480573	67	513	458	show
1369564716994	68	524	447	click
1372766499133	60	754	432	click
1370036135477	25	993	38	show
1373423350925	141	124	255	show
1370140278297	26	609	281	click
1367767875999	91	739	42	click
1367322923630	65	17	206	show
1366588162952	73	848	198	click
1369794018319	48	689	61	show
1367641324032	3	898	170	show
1373769596256	133	838	33	show
1373118416291	83	844	290	show
1370599711810	99	152	25	click
1367010616480	108	231	80	click
1371608711789	145	349	378	show
1370058009458	94	991	243	show
1372414033710	60	29	141	show
1367444618167	73	5	375	click
1371939239558	80	588	161	show
1368637936198	17	710	274	show
1370393761756	10	490	265	click
1366419994906	82	741	306	click
1372866912424	11	34	201	show
1368196349814	127	113	321	show
1369767942030	27	337	143	show
1368184362594	89	595	204	click
1369071646855	78	906	409	show
1372550532280	138	748	78	show
1367872723700	123	4	402	click
1373959961697	29	5	4	show
1371313541200	68	634	459	click
1368025965024	49	915	186	show
1370712390161	34	472	366	show
1371085282091	141	256	272	show
1373121857602	45	809	443	show
1370689982472	118	461	317	show
1372708166214	24	804	179	show
1372891650648	63	979	464	show
1373499473461	25	219	151	click
1373123395963	128	666	194	show
1373705583466	33	814	205	show
1369451911795	61	188	159	show
1367620459571	101	227	193	show
1369271152744	83	861	409	click
1368049152779	78	776	263	click
1373541906922	24	758	253	show
1367379221856	119	56	231	click
1370788278432	120	861	496	click
1368059975443	31	584	107	show
1367304770541	12	573	106	show
1368181654783	77	180	489	click
1371642338337	67	653	454	show
1367927470578	108	101	81	click
1369606075335	39	598	223	click
1368210754031	76	753	461	show
1366455697531	17	331	435	click
1367565720492	70	936	384	click
1372972642739	41	920	288	click
1373530720997	37	929	436	show
1371025092599	30	495	228	click
1373253952472	118	491	260	click
1372200070327	72	769	336	show
1370111269233	90	728	129	click
1366547619181	6	793	244	show
1366362489118	67	675	354	show
1371258947801	115	825	232	show
1368020086480	61	252	436	click
1373952126710	97	195	307	click
1367360905798	68	450	324	show
1373697021003	141	844	221	click
1370056618586	131	86	8	click
1373787354653	15	954	198	click
1368982880373	117	404	227	click
1368848630666	25	942	312	show
1373692137119	71	275	490	show
1367491807595	117	686	27	show
1372985454147	23	574	261	click
1372569962443	95	498	340	click
1374071684073	1	772	390	click
1367294559802	25	53	198	click
1368955487804	84	515	244	click
1368765036204	119	682	79	show
1373734133210	85	899	27	show
1372764701161	13	613	177	show
1372681321634	140	765	203	click
1369096558606	14	742	332	click
1374135629257	24	766	247	show
1371856380346	69	258	366	click
1367001768254	102	244	490	click
1374149403497	69	647	135	show
1373050099337	68	765	138	click
1369691712009	22	655	242	show
1368282998904	120	920	213	show
1368955213756	91	610	158	show
1371390416542	67	954	185	show
1374093737848	120	235	249	click
1366409380817	14	189	43	show
1371394007578	88	863	182	click
1367859353206	62	427	2	show
1371820632076	132	173	62	click
1370006757506	139	440	331	click
1369005193157	8	848	361	show
1367020478262	101	996	378	show
1370058903397	44	533	183	click
1366983728093	57	656	49	show
1372818405482	17	919	166	show
1371431568691	6	899	42	show
1370019006289	19	178	190	show
1373367780573	119	282	116	show
1366357133818	95	791	23	show
1371141741803	84	335	477	show
1373869989533	52	48	317	click
1369992967684	78	61	467	click
1373711981415	149	795	124	click
1371424327854	13	36	99	show
1373475436260	118	10	43	click
1368252904294	41	128	37	show
1370793133755	31	939	30	show
1371390228169	96	762	423	click
1373912585713	110	693	183	click
1371279823726	84	580	173	click
1373146395586	23	985	10	show
1371988396519	61	239	355	show
1372889188572	26	537	328	show
1366623307988	33	714	443	click
1367225764367	123	575	470	show
1372113050411	136	986	174	click
1367787804711	147	784	157	show
1368397982154	73	782	104	click
1366839943884	120	692	14	click
1367729879212	26	913	127	show
1371078593449	44	393	77	show
1368198644302	31	849	324	click
1368840971792	71	528	277	show
1366989535826	117	695	476	click
1370310430049	51	893	249	click
1367953702633	104	697	404	click
1367489205307	76	299	213	show
1374048314744	74	611	316	show
1369008393203	92	444	44	click
1368572705957	92	919	165	click
1371426623372	55	439	183	show
1371812907112	100	855	470	show
1366720748960	64	772	468	click
1371578523948	144	34	24	click
1370666473982	11	581	451	show
1371514413949	14	374	7	show
1368328905885	111	783	190	show
1371218118070	104	758	474	show
1370563596287	53	635	37	show
1372685042493	23	706	60	show
1367724743427	76	343	98	show
1366743972128	103	393	462	click
1369690803997	34	328	289	click
1367295590136	138	509	185	click
1369189810725	88	599	322	show
1367984817273	77	259	170	click
1366919206077	123	356	70	click
1368741185809	80	415	463	click
1372675031997	116	357	96	show
1373607749276	7	34	86	click
1370740275625	45	67	16	click
1366984728201	5	881	265	click
1371851119844	4	101	344	click
1372513611852	83	732	334	click
1366885450501	112	746	330	click
1368582366314	120	218	162	show
1371460753166	137	125	275	click
1370052065885	117	959	110	click
1366833891331	60	201	400	click
1367133334273	141	669	54	show
1372156012601	70	848	221	show
1369563932659	100	715	92	click
1369695504990	121	954	487	show
1367103574582	90	531	31	click
1373771045841	38	139	80	show
1371618006327	149	935	333	click
1369926756074	62	667	204	show
1373933896951	114	503	105	show
1373870153013	18	932	445	show
1366835260450	53	928	131	show
1366569196671	61	384	245	click
1366863092240	132	698	75	click
1366931661165	14	281	160	click
1368575575740	141	515	444	show
1366754556094	72	244	49	click
1367091731610	105	300	79	click
1369219852288	69	590	473	show
1370102253599	116	364	40	click
1372316304846	57	644	446	click
1372032633993	134	201	225	show
1367019303781	93	485	192	show
1371331587071	40	16	100	click
1372159811739	98	154	46	click
1369702453913	28	355	155	click
1373004116812	89	993	490	click
1366900871091	138	952	436	show
1368121137070	54	803	115	show
1366686579068	143	777	194	show
1369516494874	7	817	220	click
1370614095451	38	813	427	show
1369189848638	14	687	411	click
1372717024157	95	713	93	click
1370409787487	112	632	397	click
1367489946335	42	712	25	click
1368569166958	49	173	57	click
1367505500924	31	810	430	click
1370957149559	86	918	294	show
1367289099247	17	368	398	show
1372229647844	15	111	275	show
1370650414022	52	226	494	show
1373783069242	11	722	163	click
1373760107322	76	770	330	click
1370695765709	36	98	9	show
1373167390442	94	179	188	click
1366456805546	65	603	196	show
1370229513622	102	360	185	click
1367351811643	60	295	479	show
1372786269702	51	85	442	show
1366431506597	119	158	356	click
1370872586976	31	220	367	show
1368489671677	73	479	62	show
1367284080373	109	137	366	show
1373336529669	105	457	412	show
1368655733264	138	629	462	show
1371858865061	47	879	114	show
1370040029842	109	233	94	show
1366772032648	133	274	115	click
1373841096737	58	883	217	show
1369719412997	67	880	428	click
1367034208648	98	423	329	click
1372857138678	63	248	356	click
1369100698508	32	446	313	click
1371279486246	146	563	103	click
1369289919548	63	648	301	click
1367927612953	121	79	377	show
1367084620459	33	643	322	show
1372974908058	3	75	82	click
1373214142815	102	626	404	show
1374188003802	54	824	365	show
1368271501038	139	228	425	click
1371809994393	126	790	239	show
1367067704017	133	108	78	show
1367085186552	92	32	335	click
1366462915616	122	298	240	show
1367547831694	137	771	155	show
1367811048193	117	546	3	show
1370605268483	36	746	257	show
1370365443267	14	830	306	click
1371356342236	80	34	204	click
1367420882713	24	484	65	click
1369216699000	138	993	263	click
1367399365819	63	707	198	click
1367538089521	21	952	175	show
1369857480429	67	830	183	show
1369853831915	122	166	86	show
1373536010496	3	465	451	click
1369967603451	115	806	445	click
1369609540607	66	449	238	show
1368414247099	59	165	480	click
1369382700989	92	786	371	click
1371196759399	32	3	62	click
1367918083184	119	930	414	show
1372583457651	74	973	386	show
1367599367227	134	139	330	click
1368769383039	134	844	318	show
1370566508143	140	472	494	click
1371761441082	149	899	128	click
1371661875524	103	948	247	click
1372881179544	127	472	3	show
1369946882511	44	538	123	show
1366469074699	132	634	427	show
1371548277882	45	822	484	show
1370575053250	136	440	51	show
1368389111368	119	114	444	click
1366932995564	91	309	399	show
1368842291349	117	302	430	click
1369317966190	47	289	262	show
1371241741581	39	148	350	show
1371766077715	112	547	353	show
1367793523504	130	486	395	show
1367545970240	1	750	272	click
1373189183558	78	116	278	show
1372855860985	1	523	43	show
1373365565988	130	816	131	click
1369441730292	18	70	44	click
1367738567852	35	103	354	show
1370971503671	35	773	175	show
1370698054565	32	104	186	click
1372870096969	42	155	59	click
1369823464315	86	167	136	show
1368584356675	44	470	261	show
1373491880307	125	173	430	click
1367170637112	6	740	93	show
1369346761497	82	920	36	show
1367419674080	45	818	381	show
1367892148353	126	765	155	show
1370728783831	91	15	291	show
1366409137641	82	720	5	click
1373657522026	18	240	60	show
1369320254872	47	255	265	click
1371447273977	85	86	486	click
1372439446574	11	619	335	click
1368898207593	73	457	100	click
1370318631871	113	723	310	show
1370038557005	26	395	371	click
1367645293111	84	615	325	click
1372154875009	102	320	248	show
1367586930173	149	431	278	show
1369536851303	105	52	276	show
1366480543533	63	775	320	click
1371655961871	45	915	282	click
1373624035543	10	148	497	show
1367550620213	143	743	100	show
1372273283877	8	472	88	show
1373586861898	62	413	405	click
1367471191716	87	450	176	show
1372980239015	95	835	417	click
1372847706568	23	661	417	click
1366822912639	120	961	9	show
1373653693917	50	528	493	click
1373972212569	41	783	499	click
1370666971399	76	44	346	click
1367581371754	102	19	165	click
1372825865659	32	462	261	show
1372466691026	32	902	360	click
1372614071887	34	108	125	click
1373629305408	24	925	62	show
1371134857351	53	851	82	show
1373391231096	100	680	454	show
1367689180683	45	104	165	click
1368586137477	5	606	348	show
1370685187786	106	520	476	show
1370127514212	127	130	390	show
1371949458857	22	156	410	show
1366646056520	65	973	121	show
1369407607022	77	781	444	click
1372034318799	61	117	93	click
1369596164273	48	233	245	click
1374026398818	134	718	310	show
1373477413283	76	224	8	click
1366461021675	149	9	327	click
1370813136092	89	717	106	click
1370421089220	56	492	470	click
1373145437734	132	764	370	show
1372471663354	66	702	302	click
1371983935720	108	319	449	show
1369838308207	109	857	41	show
1373545676357	147	87	109	click
1368616942771	50	630	5	show
1369432619655	84	765	421	show
1368371440659	121	403	87	show
1369860730049	6	940	369	show
1370908753467	10	935	288	click
1366511273674	135	296	304	click
1374045033046	102	897	268	click
1372915366268	136	181	83	click
1369580449068	133	912	434	show
1369684501262	32	318	127	show
1369248491174	79	485	22	click
1370421952377	2	441	321	click
1369671505158	122	580	353	show
1369997774305	47	67	198	click
1369288783989	127	963	227	click
1369248975118	38	723	169	show
1371503673995	24	122	2	click
1370426232613	109	48	204	show
1371894402413	9	474	130	show
1373564489043	107	182	112	click
1372191491011	17	95	279	click
1371332079465	12	713	72	click
1370476205411	48	874	170	click
1370629868546	104	480	421	show
1372169239590	123	63	58	show
1367389731550	91	715	450	click
1370529719304	143	363	471	show
1367588930348	27	220	90	show
1374085510929	82	320	169	show
1373164697644	103	769	237	show
1369720164884	40	194	206	click
1368364151758	34	423	366	show
1372935525190	17	81	239	show
1369349268910	123	392	466	show
1373904434583	60	845	328	show
1371745560938	45	590	344	show
1372239157836	32	545	321	show
1373469278192	131	254	325	show
1372734562196	63	673	74	click
1370624574738	88	706	52	click
1374154186701	142	996	450	show
1371654125434	80	585	278	click
1370802787775	144	125	456	show
1368897423468	72	340	116	show
1372325232113	126	30	389	show
1372056354428	2	269	9	show
1372591617327	59	123	434	show
1370844770110	92	812	50	click
1373618867182	5	342	40	click
1366343119541	114	255	332	show
1370928739356	76	543	44	show
1372228261622	28	401	204	show
1366883752577	144	878	494	click
1368803910434	58	984	146	show
1369812008577	60	844	474	show
1373407737664	128	51	205	click
1371115300422	51	248	63	show
1373296062399	123	518	48	show
1368084244419	59	368	476	click
1373633091445	74	807	401	show
1368126972718	140	168	233	click
1371458239676	52	540	39	show
1374178818999	49	717	46	click
1370523848652	46	80	160	show
1366852163374	150	481	108	show
1374010822564	27	751	264	show
1367611712167	76	164	262	click
1373345713355	80	216	189	show
1372201644324	72	524	301	click
1373157883773	97	57	183	show
1371368886614	47	251	4	show
1369330171397	133	275	111	show
1372866457064	68	451	459	show
1367359898296	79	268	318	show
1367619270128	63	767	457	click
1370419869628	71	649	190	show
1367219802845	65	176	164	click
1373448485888	83	154	422	click
1366413538722	53	330	414	show
1373276585349	44	604	176	show
1366417935723	142	785	476	show
1367999844826	104	506	259	click
1367096276420	102	424	394	click
1366482504297	105	396	423	click
1372888256610	149	94	353	click
1366353715504	69	147	172	show
1366982315026	122	180	180	click
1368405027955	129	741	93	show
1370863536119	129	155	350	click
1367744278062	113	998	390	click
1367485543460	102	813	103	click
1368447984155	20	492	496	click
1373639552595	6	560	286	show
1372557183106	130	309	423	click
1370383835417	14	564	295	show
1370920965696	42	216	447	click
1367048219441	138	436	189	click
1366506513781	32	25	1	click
1371940218338	20	999	35	show
1374097609829	64	761	315	click
1374114285391	14	211	498	show
1368902454042	144	489	360	click
1373404530655	96	500	486	click
1367527209053	138	940	156	click
1369013365805	74	542	472	show
1367710352573	26	340	232	show
1374177227070	115	181	72	click
1366569494605	88	308	136	click
1371138751976	9	202	452	click
1373035121522	125	752	79	click
1367065087990	140	407	118	click
1373495069806	91	159	354	click
1367208916888	88	988	280	click
1373770595142	45	629	186	click
1368379416869	124	213	401	show
1371994835856	69	494	20	click
1372328040770	71	162	275	click
1369040102044	101	479	396	click
1367892819834	34	733	100	click
1371352142140	150	121	180	show
1371013007193	99	346	461	click
1368854011811	88	6	443	click
1374077490883	62	626	187	show
1369869579267	138	279	141	click
1370333160795	125	427	20	click
1366667392725	137	331	29	click
1367814502551	23	866	339	show
1368570740682	142	857	491	click
1369890939133	11	851	453	click
1372734375469	38	518	493	click
1371611218246	47	581	322	show
1373883781597	72	21	258	click
1373255232076	136	364	489	click
1371822486216	146	306	464	click
1370111490075	106	14	205	show
1374080601582	124	685	116	show
1370602566694	138	281	95	click
1369523573387	56	245	126	click
1372303706740	122	236	157	click
1371583095395	36	107	264	show
1373833137372	94	322	224	show
1370249595376	99	751	33	show
1369360615710	94	833	200	show
1366803533039	78	1000	145	show
1372907075961	7	224	40	show
1370124727984	133	505	312	show
1367561255812	53	382	216	show
1369221739793	33	420	133	click
1371140449904	29	209	99	show
1370125975153	29	522	325	show
1372525889802	140	687	385	show
1366558791732	29	604	185	show
1372142500478	56	78	162	click
1371193780190	26	989	479	click
1369400728670	55	989	143	show
1367074269545	141	891	248	click
1366629536269	74	267	130	show
1369615788332	30	255	329	click
1369163923213	28	396	225	click
1371909242922	65	983	73	show
1369483540336	96	400	25	click
1371297928807	31	563	423	show
1368065370447	8	184	36	show
1369867033545	24	363	214	show
1370161779928	141	547	161	show
1366720412655	135	723	491	show
1372711342325	80	552	205	show
1369456454934	12	454	475	click
1369200964866	115	429	395	click
1373027397219	34	786	72	click
1366592487052	126	846	290	click
1369624343013	146	255	185	show
1374039043335	116	472	420	click
1368706653691	150	551	227	show
1368545425880	100	951	234	click
1366451769279	4	469	90	click
1368727301571	136	260	134	show
1368394868721	74	991	361	show
1367145402159	110	582	14	click
1371158303996	142	42	184	show
1368219186249	132	474	494	show
1366411828348	47	342	165	click
1366556381348	141	941	43	click
1369911909423	130	383	353	click
1371394413835	119	240	289	show
1370072088707	88	601	68	show
1372317043496	142	368	143	click
1368509570574	111	795	481	click
1368461593506	31	514	128	click
1369987688554	125	674	110	show
1373634727504	122	540	295	click
1367649950621	81	812	350	show
1370379920529	127	571	13	click
1370310387142	5	456	184	show
1367230616224	11	803	45	click
1366541782149	38	821	256	click
1367482242225	124	438	285	click
1367191827913	32	874	441	show
1366623457049	51	375	420	click
1368101791023	64	16	100	show
1368269776263	77	222	310	click
1372310533529	23	1000	174	click
1372737409884	3	685	96	show
1369892297980	24	770	211	show
1366365373848	46	40	495	click
1371294517217	129	234	399	click
1370593472437	144	183	145	show
1370957249489	20	801	111	show
1370436851584	136	787	399	click
1370342276022	101	173	97	click
1371767880844	81	185	164	click
1370044338386	108	734	29	show
1370524040133	31	31	476	show
1366751371504	1	652	485	click
1372426167589	50	41	421	click
1373883464107	111	1000	2	click
1366797469162	21	947	166	click
1373627679470	49	247	65	click
1367891912504	148	481	465	click
1367720617657	4	754	92	show
1367629648123	23	490	474	click
1368508813755	67	421	364	click
1370965946098	150	224	397	click
1373538772877	146	633	210	click
1369471302029	40	30	152	show
1371100424284	32	854	311	show
1367034425716	119	277	392	click
1373517482729	44	230	438	click
1372112590299	78	270	3	show
1374060316741	92	915	35	show
1368456310559	20	813	127	show
1371106005146	137	275	400	show
1370852490651	31	531	104	click
1369784598099	26	833	1	show
1368558821029	49	434	219	click
1373585288842	30	358	428	click
1368670472142	122	846	164	click
1368192679619	2	266	421	click
1366854388362	125	625	7	click
1367118801460	108	401	429	click
1370910875489	12	464	106	show
1371796350035	50	63	277	click
1366529287153	26	42	447	click
1370392700228	51	864	25	click
1372484957743	97	540	309	show
1368447352053	2	829	364	click
1372628378471	32	850	405	show
1373428904342	13	613	232	show
1367905912584	101	400	168	click
1366968162518	36	849	144	click
1367465140404	130	686	392	click
1366715423460	63	297	242	show
1372552960653	99	165	32	show
1367921829160	84	767	159	click
1371856359683	28	456	50	show
1368780858840	150	915	73	show
1370385547738	53	699	121	click
1367930791263	90	968	107	show
1370795837274	30	447	58	click
1367756173769	45	85	279	click
1371948591605	92	673	257	show
1366801013407	96	493	149	click
1369769479521	86	36	56	show
1369783733864	70	268	31	click
1370863650461	50	823	174	click
1370935726220	61	856	390	show
1373190289479	118	986	320	click
1372126197756	92	769	33	show
1370614074952	24	586	80	show
1373431190513	95	713	98	show
1372432776763	66	590	372	show
1372431186228	109	446	248	show
1370426019329	146	111	92	show
1369443951580	16	530	82	click
1371207950319	47	742	475	click
1367918619883	91	852	275	click
1372578910402	44	942	105	click
1371451592629	95	855	282	show
1372836750575	72	377	383	click
1367294420659	12	406	176	show
1369736336501	56	707	475	show
1370673030960	37	79	406	show
1368313225777	41	561	25	show
1371174786809	97	254	52	click
1374079266812	111	546	468	show
1372507458026	27	901	478	click
1374203483149	122	133	163	show
1371722920885	18	831	373	show
1372452982659	124	747	253	click
1370976594421	148	751	481	show
1367471704688	22	649	108	show
1373349057181	40	924	211	show
1368986347769	50	851	426	show
1369521507732	127	158	366	click
1367859973794	138	47	413	show
1369093113430	17	687	269	click
1366928438146	119	361	134	show
1370805379707	86	593	80	show
1372950445963	33	635	445	show
1366567864075	33	163	5	show
1371503143336	92	29	264	show
1372835880693	69	395	7	show
1366365893728	104	231	133	show
1367637176346	40	957	287	click
1370456902841	89	122	375	click
1370115283323	99	344	91	show
1366578680080	108	656	51	click
1371930104894	91	418	421	click
1371791643109	128	861	92	show
1371548274780	138	823	371	click
1374033420655	104	389	199	click
1369048881553	11	867	98	show
1373718438755	64	42	447	click
1368557126326	116	993	12	click
1370918504241	106	72	8	click
1373562392255	87	841	41	show
1369278121670	21	149	187	click
1368196560685	89	476	41	show
1368479970593	140	243	432	click
1373710490895	52	27	214	click
1366996393489	110	720	366	click
1373024126865	20	73	10	click
1374098403645	100	500	297	click
1371272148083	57	28	126	show
1374073710686	42	654	78	show
1373470687602	89	310	367	click
1373935973255	141	716	35	click
1371594677537	28	673	10	click
1369122778278	148	650	131	click
1368024593680	112	689	390	show
1366411296170	53	375	75	click
1369486104355	109	834	314	click
1370127268373	2	413	430	click
1368700887675	146	926	14	show
1371560501239	115	223	410	show
1372278736793	148	184	482	click
1369129112501	104	457	247	show
1372722665660	98	356	462	click
1367935600887	115	970	89	show
1368986562298	82	754	145	show
1366351325441	54	963	341	show
1366923817180	77	447	6	show
1370492557603	109	286	28	click
1371651762120	150	941	347	show
1366715623296	47	56	286	show
1368642144518	78	291	319	click
1371598556290	144	762	327	show
1369414373879	15	696	499	show
1370928442857	66	358	252	click
1367104965488	36	600	404	show
1369701916310	132	356	175	click
1371210430064	116	71	449	click
1371582824497	102	268	77	show
1366794546865	131	684	75	show
1371096598866	11	837	135	click
1372666724411	7	967	343	show
1372724587084	99	378	192	click
1371279352550	137	246	403	click
1367147999109	114	32	28	click
1367836504969	49	582	163	show
1366861228306	66	135	155	show
1370452305190	113	428	420	click
1373762974686	11	440	454	click
1370799366632	57	919	433	show
1368266897982	52	267	451	show
1370486022653	83	25	335	show
1367372332599	22	264	160	show
1366473690557	106	771	219	show
1367498801729	25	588	378	click
1371740767195	1	98	180	show
1367465195420	127	282	100	click
1372365713600	31	57	431	show
1372548563209	60	45	160	click
1368728868052	99	912	97	click
1367194559201	41	830	87	show
1372377240147	139	290	55	click
1369731894571	114	326	407	show
1372880462687	100	306	179	show
1372266349724	38	399	121	click
1373741182553	99	393	31	show
1370333611540	94	419	427	show
1373499761450	47	449	238	show
1374135934464	107	699	285	click
1370360930975	88	561	496	show
1370687782062	6	904	382	click
1366755451981	81	299	205	show
1366972312574	74	655	391	click
1373371745993	31	948	69	click
1372367592395	17	520	302	show
1372750831623	86	379	5	show
1373147065330	5	831	140	click
1374070211790	65	341	124	show
1374056207672	8	170	164	click
1368800673024	120	915	118	show
1370439152998	28	961	70	show
1369738632185	90	442	440	show
1372779846757	119	37	35	click
1367548865528	138	615	216	show
1370775701695	61	504	176	show
1370970467972	110	740	25	show
1373681699956	43	417	362	click
1369152056654	30	227	245	show
1373309003661	115	205	437	click
1372928005312	44	68	44	click
1370543541352	31	140	269	click
1371756169433	140	430	337	show
1372190426630	10	170	381	click
1371877794112	64	594	282	show
1368618819458	116	629	386	click
1372574539891	80	208	173	click
1371870459211	44	418	201	click
1373005494148	15	169	21	show
1372860218186	117	226	238	show
1366551688270	149	332	348	show
1368788055371	17	826	285	click
1366577842289	79	929	54	show
1366411930236	106	48	37	show
1366469246755	11	484	369	show
1369905944619	80	556	385	show
1368619691712	140	394	159	click
1373757809369	80	932	232	show
1373833170795	34	738	224	click
1367098275841	82	52	329	show
1371345774264	19	948	299	show
1371574313360	54	990	283	click
1373019721283	102	278	441	show
1371329187170	131	371	374	show
1366423491954	135	495	149	show
1372244464679	133	960	62	show
1369718221588	145	510	44	click
1371882486345	68	22	213	click
1371584879553	91	417	120	show
1370094943252	114	203	354	click
1373341917831	143	842	459	click
1372889337804	63	603	200	click
1373304284821	132	839	51	show
1370104438473	150	362	362	click
1369615347054	136	139	219	show
1368350135194	68	897	416	show
1367473387965	118	365	282	show
1369875025985	62	318	181	click
1373060733158	34	78	131	show
1373037285975	36	154	190	show
1373140528499	129	364	359	show
1368128801373	90	842	319	click
1367717398359	63	554	171	click
1371665018674	26	431	130	click
1367053458560	139	337	174	click
1372405534972	105	926	337	show
1366378984013	83	128	22	show
1367258432237	67	56	401	click
1367556135645	26	411	230	click
1367195824573	81	980	11	click
1369665139371	72	497	386	show
1371712315514	40	339	339	show
1368623952962	113	184	385	show
1368800037426	29	94	56	show
1371803441855	89	424	383	click
1373442190223	88	731	418	show
1370435531004	149	680	105	click
1368871018388	95	772	79	show
1368434497797	79	749	19	click
1366583658816	116	413	174	click
1372667763787	101	315	459	click
1368129097114	125	384	391	show
1368232603624	112	809	358	show
1371495032101	104	129	23	show
1372194839478	62	789	372	click
1370055983764	63	308	490	show
1367761480331	114	923	162	click
1370053078759	112	419	160	click
1371423137822	63	51	15	show
1366867637158	143	506	155	show
1368012405542	82	502	227	click
1367123173754	139	892	485	show
1370339507891	108	895	287	click
1371674469983	29	708	199	show
1370754722129	54	114	398	click
1373441003297	32	763	437	show
1367021340492	42	182	278	show
1370193190474	37	830	230	click
1368882029488	88	84	305	show
1373916887389	34	147	413	show
1367101961748	54	445	424	click
1371966479490	11	740	320	click
1366671540789	34	555	433	click
1367958850805	86	466	9	show
1366845027849	21	28	103	click
1370300249631	70	230	10	show
1370941628126	83	827	191	show
1368369036708	63	759	447	click
1368688188125	148	243	138	show
1374179650750	3	755	146	click
1368789474286	137	996	481	show
1373049979856	91	987	298	show
1368173161183	78	275	58	show
1368527641368	36	324	369	show
1371446137313	121	248	134	click
1368277202791	60	816	161	show
1367039435130	19	161	279	click
1374003105368	117	36	297	click
1368506026216	85	715	189	show
1368561108572	29	814	336	show
1368437721858	13	869	351	show
1373341387292	45	769	182	show
1371939205865	95	685	115	click
1366976539398	110	107	339	click
1367905609865	4	864	44	show
1371577226587	134	385	480	click
1367468173068	31	218	307	click
1370998526938	128	403	102	click
1372924647639	97	263	389	click
1369106074009	76	398	297	show
1372741415196	4	923	284	click
1373288560984	104	829	36	show
1373136237039	14	207	324	click
1371257760719	4	796	80	click
1372709687877	88	650	234	click
1366545969373	45	498	177	show
1373780546627	124	783	100	click
1371974009495	48	670	441	click
1366690082714	148	7	176	click
1369579333842	40	764	129	click
1368267204867	58	176	277	click
1369004411544	24	909	343	show
1370336261087	73	785	470	show
1372103393230	135	157	391	click
1371626802510	61	467	241	click
1369961392801	33	99	256	click
1370040922508	87	316	464	click
1367951498217	67	515	175	show
1373153462278	59	629	417	show
1367986229506	79	420	257	show
1368348552255	123	426	396	show
1367150988685	104	443	430	show
1369506866198	73	622	495	click
1369201284972	117	967	426	click
1369061515281	98	945	441	show
1371836441711	24	206	280	click
1373787087629	16	413	237	click
1373114138923	40	979	416	click
1367917019333	116	708	227	click
1373497569360	89	123	420	click
1372981013304	22	642	335	click
1368273199533	25	129	54	click
1370959502724	8	713	53	show
1372953755977	59	998	151	show
1372995349532	9	735	44	show
1369837660853	134	576	169	show
1369851778278	55	642	302	click
1372425713229	142	85	468	show
1369205243452	19	742	144	show
1368956720003	35	543	437	click
1373367445201	22	784	159	click
1372231468799	69	959	311	show
1367901747706	71	166	149	click
1368132159357	149	194	130	click
1373524029820	105	334	322	show
1372581924838	112	962	233	click
1367561868641	10	567	458	show
1369422791194	114	734	299	show
1370837350802	5	11	446	show
1372146582303	57	232	290	click
1369963234636	75	2	374	show
1373360290127	76	899	52	click
1371497297926	21	326	497	click
1367625488092	2	309	383	show
1371425063147	74	676	463	show
1370181966753	46	638	262	show
1366665957528	149	622	138	show
1370496269352	10	930	425	click
1366361888028	52	355	60	click
1373519435624	124	410	166	show
1373785257918	48	294	359	show
1369087117924	148	693	161	show
1368214044548	138	263	297	show
1372574950627	103	447	294	show
1368966070300	149	247	185	show
1366719154573	106	197	273	click
1371263744912	35	430	331	click
1366462202366	50	736	472	show
1367020128277	92	481	471	click
1368348633201	148	675	233	show
1366899408551	27	796	195	click
1373865057217	53	60	349	click
1367728164635	76	48	208	click
1371221044933	20	673	314	click
1373673476296	60	415	466	show
1369542707372	88	404	71	show
1374161173451	139	95	166	show
1373060308971	129	69	419	click
1372950812770	90	235	291	show
1370677942670	11	524	70	show
1368477464461	110	544	24	click
1370600172161	101	30	70	show
1372933054167	149	107	341	show
1368955450831	94	888	121	show
1366524686925	66	942	443	show
1370905866058	128	387	280	show
1366875938499	34	271	28	click
1373176510815	53	451	158	click
1369021580802	94	691	206	click
1368151675791	112	974	67	click
1366349081356	142	475	176	click
1373334316576	49	9	394	click
1374178508116	122	866	204	show
1373513525807	35	550	7	show
1368656991602	8	490	224	show
1370424842996	20	29	238	show
1367885764936	110	938	309	click
1366611557258	44	300	180	show
1372134562191	89	945	267	click
1371601829211	88	80	139	click
1371468324547	71	570	112	show
1372474843276	4	352	38	show
1370357573881	86	286	20	click
1373197641726	13	390	170	click
1372017620385	70	410	105	click
1370300211809	47	54	129	show
1367230239574	61	760	153	show
1371404241405	83	607	484	click
1373918923666	117	265	290	show
1371686581621	10	481	201	show
1368875739633	143	90	77	show
1369541494617	70	176	462	show
1372935793750	30	671	40	click
1367869222729	19	381	75	click
1367635410289	16	529	172	click
1373391958511	50	538	350	click
1367622183869	68	33	43	click
1371669731393	142	432	182	click
1367327910077	70	272	30	show
1370709883863	123	272	123	show
1368672167648	124	887	263	click
1368883354465	80	608	449	show
1373744205155	96	318	99	show
1370230918466	64	592	408	show
1373986095391	74	70	339	show
1371881094119	74	32	479	show
1370533565848	86	461	331	show
1372672822593	22	771	60	click
1369692365221	16	34	222	click
1368315343813	52	669	298	click
1374083081083	43	435	26	show
1372195151283	25	426	440	click
1373232163191	129	908	395	show
1372792712701	143	687	459	show
1373059223855	103	252	186	click
1373016692857	23	751	486	show
1368421826372	19	966	92	show
1370997799941	41	927	234	click
1373203294074	78	531	104	click
1366417513633	25	893	180	click
1370033393569	150	130	267	click
1371947834279	128	979	390	click
1372591149715	100	491	255	click
1368825790923	87	206	217	show
1371616138659	73	449	249	show
1371513251698	141	293	19	show
1367600552723	133	846	317	click
1366602319407	134	197	8	click
1373435237706	145	211	154	click
1367539513168	81	612	490	click
1366346077498	112	534	456	click
1372998041493	110	121	59	click
1372549578612	6	607	90	show
1372217009743	117	401	89	click
1372377314292	34	856	212	show
1371935909801	100	710	103	click
1370704446685	84	774	324	click
1368994978850	105	649	326	click
1368920723232	10	726	10	show
1369540549636	96	376	150	show
1368475679481	5	343	493	click
1366995715609	131	85	408	show
1372896276125	46	76	191	show
1371653994545	127	759	284	show
1369119742427	31	66	472	show
1371873251071	148	980	57	click
1369045196330	73	570	189	click
1373271072994	133	565	298	click
1372783197477	142	323	298	show
1368783881403	62	850	286	show
1373590398408	116	603	40	show
1371903820681	134	740	339	show
1368216624348	125	674	292	show
1373416586798	118	44	307	show
1372662677218	140	962	46	show
1367210270454	72	89	5	show
1369113847699	68	800	435	show
1370707701550	73	333	95	click
1373411791979	58	7	396	show
1368105197516	137	430	15	click
1367450917697	130	524	98	show
1367437436853	110	436	390	show
1367091605570	136	715	208	click
1367428848140	1	290	103	click
1368116684017	146	522	425	click
1373106981599	94	593	374	show
1372181374519	131	989	21	show
1368131066131	92	80	350	click
1372605265640	71	131	243	show
1372153377328	24	279	144	click
1366814575883	50	41	89	show
1366950280242	148	17	248	show
1368115482461	145	621	276	show
1371028759871	26	916	404	click
1367496711229	84	892	327	click
1372681180266	139	853	96	show
1370421064697	113	314	125	click
1369406948535	79	426	53	click
1368349575941	55	428	231	show
1371131519466	68	158	377	click
1372882745472	24	234	170	click
1367181084670	98	341	471	click
1366832130379	104	411	78	show
1372624528104	79	8	135	show
1369890710727	92	742	81	click
1366474298589	104	411	106	click
1369630856330	4	963	282	show
1369103975541	35	869	291	click
1374052579162	62	346	143	show
1369928686602	132	250	315	click
1369838169743	140	301	371	click
1368526103386	82	876	222	show
1373442299531	49	809	421	click
1367317555696	77	7	88	show
1372306006531	135	999	89	show
1373163169302	46	731	337	show
1371058582813	106	33	366	show
1367344224359	143	309	129	click
1368993264991	93	575	427	show
1367855276761	104	255	99	click
1367083404071	70	311	160	show
1369335313503	113	821	272	show
1369823042929	149	46	367	show
1369488844071	98	393	384	show
1366877836665	70	581	442	show
1371289760275	72	328	2	click
1366692467278	56	64	36	show
1368707502464	91	731	165	click
1372543230864	101	239	81	click
1366911408962	116	747	5	show
1371359021915	35	306	99	show
1366506924374	58	105	184	click
1369157065811	33	179	427	show
1373407584391	103	769	348	show
1369545594693	115	572	251	click
1368198343130	8	732	219	click
1373173709773	51	250	210	show
1367909163845	70	884	96	show
1367432461742	42	907	346	click
1371611951289	138	269	446	show
1372477466558	90	883	405	show
1368852426993	150	868	141	click
1369962615092	74	314	434	click
1370427881341	134	132	391	show
1367131423151	66	277	226	show
1370140733686	148	704	432	show
1368810456583	40	584	182	click
1371464836456	26	733	23	show
1370195673505	12	528	90	show
1368897220324	144	346	69	show
1369237780502	51	288	429	click
1367083922057	35	824	495	show
1373720684517	117	868	327	show
1373151324693	50	960	61	click
1366878019906	120	720	180	show
1369860075801	81	257	192	click
1372369623323	115	135	145	click
1369685265149	45	91	211	show
1367559257101	135	488	116	click
1366382638248	90	396	330	show
1372118333999	36	613	446	show
1368312420683	14	93	93	click
1373295173285	56	293	236	click
1372646291407	47	929	172	show
1374098236747	80	262	498	show
1373185722582	136	104	209	click
1373846099322	69	921	399	click
1368366107978	87	45	119	click
1373630602928	116	485	95	show
1369972469153	34	482	247	click
1367644381122	24	235	88	show
1366805487365	85	701	355	click
1370220190089	116	335	64	click
1373486027850	147	188	393	click
1371700700407	78	217	363	show
1371672110189	42	205	393	show
1371597456559	18	61	493	click
1372185224049	60	223	354	show
1372430813260	87	502	470	click
1371157879291	148	704	23	show
1372528658706	18	942	348	click
1371172137329	77	290	273	click
1366654545396	147	309	392	show
1369646428668	2	623	116	show
1371245500283	70	947	134	click
1372899860684	112	963	214	click
1371127054951	117	354	5	show
1372609431628	27	659	130	click
1373971168135	8	852	421	click
1368996825656	119	423	445	show
1369254338331	18	355	288	click
1367298361645	70	309	176	click
1367065543946	47	140	62	show
1372027431484	103	385	414	click
1368809306742	78	444	409	click
1371184880275	121	420	493	show
1369251124917	29	754	279	show
1372354444938	136	4	395	click
1368171310198	62	565	491	show
1372338998333	60	169	108	click
1369681583746	56	270	45	click
1367713459173	28	267	329	click
1370374135247	146	930	64	click
1371492033608	133	249	478	show
1368124868446	80	12	387	show
1368506146087	102	270	386	show
1370858457876	100	594	424	click
1367867396245	89	752	431	click
1369088128308	65	421	289	show
1371514526059	86	391	15	show
1372441533046	14	294	161	show
1371898953453	90	690	195	show
1366648475423	90	471	279	click
1373703832573	63	543	11	show
1373226960186	50	16	1	show
1373451271663	41	799	425	click
1367502419628	61	996	114	show
1371736583367	29	612	181	show
1366458356827	119	258	239	click
1371736563801	93	43	451	show
1370317963201	21	730	277	show
1372091503657	146	79	36	click
1369642724307	107	474	38	show
1371265280375	75	465	361	click
1367448863671	118	797	265	show
1370950584865	87	782	374	show
1371196579990	73	253	302	show
1371612858825	101	549	136	show
1372156494789	45	694	391	click
1368738342595	40	499	401	click
1371350272967	145	743	46	click
1373863519270	125	898	350	click
1366377886285	74	803	45	click
1371555858544	5	815	10	click
1372806740515	80	765	185	show
1367742574761	34	273	494	click
1367193924255	47	536	185	show
1370920146390	150	305	284	click
1368127395495	40	256	17	show
1368153609339	90	802	147	show
1373830569746	82	844	92	show
1373584923979	58	411	308	show
1373623517291	90	611	71	click
1369434028212	95	590	169	click
1374084785845	101	963	56	show
1373737604291	107	777	217	click
1367926893615	133	985	51	show
1370176923675	64	114	498	click
1373622359431	59	216	401	click
1368488233995	110	347	262	show
1373488432114	23	892	377	click
1368899106627	58	777	298	click
1371173481864	109	171	45	show
1367724407099	8	143	369	click
1367127368401	40	775	67	show
1366788079455	55	785	448	click
1372544711627	31	808	101	click
1370206514381	98	249	30	click
1366596221574	91	475	29	show
1370402493649	149	589	283	show
1374044258994	70	491	393	click
1366861173352	87	766	351	show
1366499793654	77	554	200	show
1366747060499	130	490	24	show
1369661848462	105	162	364	click
1370198644358	150	842	252	show
1368366006504	48	173	388	show
1369736625655	67	59	89	click
1371638365877	47	622	497	click
1369878618566	44	962	407	click
1367540458882	75	8	372	show
1367030581757	51	880	125	click
1367977485203	69	163	163	show
1369412666108	65	191	141	click
1372714587894	92	305	39	click
1373499604344	69	874	265	show
1372956193720	6	638	311	show
1366913719549	99	441	223	click
1372806977352	103	205	481	click
1371084159414	81	166	89	show
1370483335478	64	189	172	click
1373922430303	106	466	486	show
1367680575016	138	391	435	show
1370316556367	84	526	108	show
1371384477073	1	230	469	click
1372132955774	27	996	256	show
1372914778933	144	177	72	click
1370053474094	24	254	237	show
1373097286697	98	599	129	show
1369156216444	41	153	380	show
1368923942222	109	280	324	click
1370840313793	134	489	271	click
1366683455567	77	437	464	show
1367338457193	137	583	341	show
1371762379002	1	927	356	click
1366629683015	51	18	320	click
1367062685597	40	299	46	click
1371550397849	122	349	169	click
1372523474304	30	415	400	show
1370094448487	81	934	303	show
1367652002237	68	571	115	show
1372169834883	27	779	303	click
1368417682314	27	325	109	show
1367193876869	140	798	160	show
1373383331529	58	116	102	click
1373559923777	103	514	103	show
1372529114784	104	167	344	show
1371852176846	52	105	270	click
1366949823040	114	756	327	show
1367469354291	49	571	242	show
1367119648575	140	887	243	show
1368988796147	15	173	65	show
1367237265865	113	533	194	click
1369230331783	76	804	473	show
1373855600449	113	507	334	show
1372740117807	59	360	253	click
1371801930168	50	722	194	show
1368316633912	31	68	108	click
1371267620301	37	1000	61	show
1367784690770	65	962	120	show
1367259662135	68	435	199	show
1368216236834	5	820	314	show
1373958807604	135	943	465	show
1367152017869	59	23	51	show
1374067734021	27	7	117	click
1373294754088	93	303	5	click
1368662113251	80	901	153	show
1371903344365	54	680	315	show
1371580630442	101	418	19	click
1370955621283	79	113	152	show
1366444334174	46	930	442	show
1370939079042	79	853	432	show
1372629252836	37	83	249	click
1373354748780	108	998	146	click
1366830529453	38	575	234	show
1367600787872	16	506	138	show
1366692701473	79	58	242	click
1369435698649	104	815	205	show
1367803128921	8	701	276	click
1369995083378	105	598	453	show
1370025611164	140	786	404	click
1369414120799	68	131	143	show
1371151449150	72	3	350	click
1371833983260	6	335	316	show
1372229479941	31	408	27	show
1366524975704	123	865	102	show
1373916767954	106	25	246	click
1367744201863	88	786	329	show
1368084758419	58	565	370	show
1369897675982	98	83	432	click
1371182734574	67	360	459	click
1370854693077	4	932	393	show
1374031037372	64	292	461	click
1369193136028	139	993	111	show
1371910842116	81	913	10	click
1374052921308	99	887	6	click
1370448518638	47	253	484	click
1368779763494	132	168	1	show
1367926873238	146	750	246	show
1374166376736	13	978	210	click
1368450881710	3	502	407	show
1371889977732	144	890	36	show
1369255691365	83	6	366	click
1369889319165	118	203	261	show
1370270950083	146	188	2	show
1366382667314	6	204	101	show
1373489367332	69	843	29	click
1369369154358	99	304	481	click
1369757232334	136	881	225	show
1368565911500	51	666	256	show
1371179230691	111	994	210	click
1367492594928	96	216	24	show
1373610358441	34	925	273	show
1370176210330	28	594	124	show
1368319218337	149	308	333	show
1369810177141	127	152	95	click
1373428829044	54	293	472	click
1371002690376	36	672	459	show
1367310526526	122	95	284	show
1369606822550	134	29	86	show
1366672791274	125	851	449	show
1367865124141	45	516	109	click
1371816105192	27	209	457	click
1369963890600	74	874	13	show
1370276877050	45	946	73	show
1370725320460	37	194	26	show
1369273260973	117	294	127	click
1366995636734	17	778	255	show
1373519531279	74	313	203	show
1368211500323	99	79	180	show
1367046419058	97	797	420	click
1368244848361	24	664	40	click
1368939796140	71	72	497	click
1367405234343	62	805	334	click
1367663842999	108	992	249	click
1370206314231	87	741	36	show
1366523730627	88	3	487	show
1369695612514	142	520	294	show
1367409602622	101	987	100	show
1373872441106	86	205	278	click
1373924657080	71	672	176	click
1373338945831	50	90	31	click
1373652126082	122	130	185	click
1370703137541	20	193	72	click
1367119331563	50	225	432	show
1368555187481	124	500	122	click
1368257720361	4	986	114	show
1370874761529	132	880	290	click
1366726872629	29	665	240	show
1371343701092	18	940	438	click
1372848085096	27	717	277	click
1366716641787	22	213	500	click
1371874965973	83	816	469	show
1369021493411	9	90	330	show
1368362825767	16	351	427	show
1368388436604	78	266	219	show
1369952764641	146	586	455	click
1369084140890	133	789	156	click
1369106414699	143	626	183	show
1367250119175	42	359	244	show
1368104108275	31	556	374	click
1367336488030	118	188	8	show
1373042030770	88	364	327	show
1366363415115	109	86	359	show
1369192491411	113	997	301	click
1369240919500	97	418	306	click
1371310112577	91	942	499	click
1367528546606	92	204	53	click
1372418469273	115	427	159	show
1367158288565	53	944	293	show
1368269254349	146	182	448	show
1369753264033	109	262	18	show
1369640409638	68	897	342	show
1371034388555	132	729	342	click
1370137958458	24	584	226	show
1368996009533	77	274	419	click
1366483247453	107	619	119	click
1368947641892	114	635	430	click
1368116943215	89	219	47	click
1371316195782	43	251	363	click
1369904574386	16	466	10	show
1370468211196	128	832	37	show
1367524475084	47	327	462	click
1367563558896	2	160	416	click
1367679746247	4	14	111	click
1370328370027	11	309	206	click
1371017491957	37	263	340	click
1368118375537	47	734	209	show
1371132774351	73	24	86	click
1374198319186	39	487	220	show
1373144148804	5	941	168	show
1367364159912	67	898	283	show
1370610017744	76	389	225	click
1367761016414	33	373	140	show
1373040865795	114	782	143	show
1368685113015	23	509	354	show
1371854173066	77	217	269	show
1369980480663	10	31	340	show
1369680757115	40	6	334	show
1369585448680	145	984	421	click
1367718442294	61	829	167	show
1368222816254	82	703	454	click
1367875993037	51	709	149	show
1373596432561	62	245	106	show
1366415251901	144	473	224	show
1367119078075	99	285	405	click
1370419892165	32	396	122	click
1369865326619	118	431	226	show
1373454369650	56	952	278	show
1372316905439	96	678	433	show
1372528787636	13	692	260	show
1370982973984	121	503	496	click
1366620083096	61	119	469	click
1371915332055	72	47	317	click
1367055333148	87	718	228	click
1372106474221	112	616	434	show
1372055301079	59	949	61	show
1369795701019	19	80	142	click
1366593917244	35	505	427	click
1370194965022	140	391	360	click
1367737154199	116	15	264	show
1368327868950	117	359	224	show
1368242379558	73	404	2	show
1368200132381	18	507	135	click
1367343045900	114	235	70	click
1369066590760	148	147	28	click
1370301003602	38	248	426	show
1373503385076	26	344	259	click
1371566964527	35	667	372	click
1371889825288	98	130	126	click
1373314098240	136	345	15	show
1371837222546	90	713	182	show
1367408881786	116	132	262	show
1370554295284	65	163	190	click
1373758592003	56	327	153	click
1366752182849	62	581	242	click
1369072651674	38	587	350	show
1368057889932	47	366	93	click
1369561202288	45	518	64	show
1369789017882	149	428	150	show
1371954812069	8	440	24	click
1367750939403	66	608	206	show
1366866303502	37	801	370	show
1367617667646	4	529	259	click
1367953388211	22	678	96	click
1372627988280	95	927	172	show
1372359107599	138	191	11	show
1369712414101	142	756	41	click
1373165721855	139	986	468	show
1373459679757	71	424	476	click
1370781487967	146	814	255	click
1373781946962	77	477	198	click
1370458960403	114	242	366	show
1370497818749	86	130	66	show
1373079042798	132	817	316	show
1369445542231	101	333	30	show
1373711292293	141	491	267	click
1369071719496	71	725	198	show
1368474770869	7	621	162	show
1369083423590	44	501	500	click
1367097846616	140	993	137	click
1368614532014	136	220	114	click
1372370379896	32	353	149	show
1367638865344	126	835	238	show
1369648459015	35	338	229	show
1373194447256	58	733	340	click
1366571438259	134	508	376	show
1368201032586	93	286	356	show
1368248707546	80	312	7	click
1372869370417	103	379	418	click
1371967265932	41	578	98	click
1368088108456	22	532	111	show
1368951590867	4	652	369	show
1369656734595	42	391	241	click
1367684916605	94	227	71	click
1372749395847	120	315	15	click
1366357920889	100	183	304	click
1372912933556	20	45	58	show
1373882255381	68	904	281	show
1367104842625	5	763	171	click
1366614127420	91	961	183	show
1367851728745	69	919	472	click
1374045064887	125	851	253	show
1372689830046	89	939	144	click
1368841943346	124	550	57	show
1369164808634	90	669	108	click
1370316939139	130	629	194	show
1370860772954	95	471	379	show
1369255896922	13	723	458	show
1368573177225	89	651	177	click
1370543508990	67	453	12	click
1372378204858	98	422	299	click
1372779855822	104	980	105	click
1368529602465	131	768	330	show
1373674439503	116	402	226	show
1370846377037	103	982	181	show
1372159641088	126	938	197	show
1372035321304	44	191	436	click
1367355729964	13	281	46	show
1367919600526	108	318	18	show
1372497218553	92	922	440	show
1370432848323	46	460	137	show
1367033702024	137	493	335	show
1368993403269	150	789	295	show
1367629188637	5	249	202	click
1366406124455	46	563	255	click
1371934781191	69	703	168	click
1371135926884	53	388	260	show
1367999168197	149	623	190	show
1370667325436	54	46	146	click
1373625780327	100	913	200	click
1366641259024	2	206	486	show
1366601261314	146	257	40	show
1367038408618	133	774	364	click
1371948582933	105	603	66	click
1373226042845	59	649	466	show
1369846217390	121	390	280	click
1368389534819	70	638	2	click
1371182632537	69	677	68	click
1367405213717	57	587	25	click
1366660890772	84	354	85	click
1370497025677	31	579	354	show
1366971461142	26	309	329	show
1372760200233	112	142	430	show
1367185490376	123	764	135	click
1374042662900	62	215	479	click
1369104275648	18	444	293	click
1373959679555	109	618	37	show
1368349085537	10	41	177	click
1369787623285	120	273	370	click
1367108913177	4	952	36	click
1370769503297	94	944	357	click
1371787365166	49	41	458	show
1369274183610	65	492	335	show
1369590702651	15	190	338	show
1367228606192	73	393	180	click
1373927379081	29	838	284	show
1374198076782	93	769	284	show
1371436074305	30	335	157	show
1367910056965	11	787	16	show
1372444060944	26	848	171	show
1367094952731	23	686	234	show
1368123247440	39	638	321	click
1371020203519	131	976	344	show
1368220418411	31	614	163	show
1374016440126	135	917	120	click
1367458905713	39	970	25	click
1368775692150	133	834	160	click
1367834385706	29	772	347	click
1369537207429	113	174	200	click
1369014778428	10	201	203	click
1372592263068	8	234	218	show
1371384520440	136	539	120	click
1368837134946	136	3	274	click
1366767744302	31	843	306	click
1368199245561	120	927	16	show
1370255056901	18	871	153	click
1367628959552	130	465	23	show
1366615195508	64	356	225	click
1368805108595	36	626	391	show
1371268779938	61	165	83	show
1374100888599	131	351	422	show
1367526067017	85	100	81	click
1372740836023	36	103	453	show
1372266952529	93	876	400	click
1369587374137	55	226	41	show
1366942141482	137	799	403	show
1369346208297	9	68	100	show
1368034328673	103	723	162	show
1373028449482	67	270	363	show
1367721797811	116	698	53	click
1369473748182	107	652	474	show
1371448132436	61	668	380	click
1374139299268	79	641	492	show
1368394036730	28	890	393	click
1372179228328	96	722	2	click
1370131302535	22	348	281	click
1372483880387	134	519	157	click
1373954564207	2	12	76	show
1370047169893	128	143	224	show
1373762782230	26	410	122	show
1368859585575	37	194	278	click
1371933288820	146	809	271	show
1371226240977	89	437	111	click
1369111747104	29	203	2	show
1370842781357	50	132	270	click
1370945708056	85	426	348	click
1370704836315	14	210	254	click
1368123312666	112	440	261	show
1368002983356	61	142	452	show
1371081498805	17	51	33	click
1369787222292	41	604	445	click
1368594976681	45	504	60	show
1373594368038	150	344	366	click
1371169973587	137	938	47	click
1373449053179	77	552	167	show
1373046096081	134	379	190	show
1373971493301	98	170	66	show
1370332705163	27	210	464	click
1367607458806	74	239	108	show
1367712298895	29	176	333	show
1368641837099	72	653	382	show
1370951313490	12	291	446	show
1373617205033	9	501	444	show
1371941862423	76	105	336	show
1372957733707	68	912	396	show
1367899997979	94	120	468	click
1371483324492	86	256	160	click
1373839819131	117	7	308	show
1371093560886	84	330	47	click
1367075556696	78	994	373	click
1374070478366	122	586	82	show
1368822802218	127	296	164	click
1373608393234	100	598	112	show
1372722469448	21	960	366	click
1366854180488	110	120	192	show
1369355493291	104	594	394	show
1371580013610	36	889	375	click
1372704739057	71	373	479	click
1372750595112	59	360	419	show
1369665789009	123	116	12	click
1369777315572	76	343	336	show
1373911657775	69	63	107	show
1373939472802	64	639	100	click
1373071604760	111	587	409	click
1373972313026	6	498	391	show
1374047560310	118	657	493	show
1372950556592	144	399	458	show
1367481842594	121	299	53	show
1370839862224	21	541	62	show
1369330882173	110	423	489	click
1366547368494	111	915	225	show
1369090534067	17	784	203	click
1370993425925	100	786	249	click
1366498448810	63	179	51	show
1366615116596	79	473	121	click
1371699020176	149	851	133	click
1371134641168	84	346	464	show
1374115691804	112	837	302	click
1370016342919	63	757	250	show
1373990709608	17	674	35	click
1367056320610	21	421	93	show
1366829191044	16	507	342	click
1368626491797	18	484	254	click
1367374314453	29	776	130	click
1369999891460	25	907	43	click
1369191726286	95	313	453	click
1367099101479	86	543	107	show
1368914598437	102	554	102	click
1366853164119	101	83	214	show
1366849744447	72	308	242	click
1368678175809	109	707	334	click
1369120580442	63	18	170	show
1373667068989	136	391	489	click
1374164592262	46	895	175	show
1373059318571	30	899	280	show
1368951223508	5	762	452	click
1372504841948	86	223	481	click
1370985346968	82	695	369	show
1367448733733	99	724	224	click
1372813948760	101	293	329	show
1371097663273	145	887	227	show
1370046652342	22	145	482	click
1370942437323	145	780	143	click
1368260981482	138	937	193	click
1367655971738	144	870	69	show
1370784643703	66	578	143	show
1371932878540	77	150	407	click
1367923175854	146	412	25	show
1371940455646	111	710	242	click
1374048606378	12	942	114	show
1367307135078	121	414	75	show
1369569163757	14	799	297	show
1367113827835	35	270	45	click
1372508309127	108	734	338	click
1373928247530	52	600	16	show
1369061196772	139	632	142	show
1370555591208	134	864	406	click
1372684882878	9	218	53	show
1367968009208	60	733	336	click
1367583408025	72	260	177	click
1368395133736	31	887	249	show
1367215030215	106	16	342	click
1370040406218	84	906	312	click
1367266965049	91	172	182	click
1374049212682	80	157	47	click
1369877245515	54	365	40	show
1372439717060	127	840	371	show
1368985297584	82	293	12	show
1368885342294	8	909	350	click
1373887879279	79	570	32	click
1369823061642	135	846	328	click
1371372759701	36	576	261	click
1373293775649	109	294	420	show
1366826934857	50	874	241	click
1371279761738	69	152	15	show
1370642315820	109	781	256	click
1371489968611	87	417	195	show
1368136146657	21	930	106	show
1366625788105	95	51	152	click
1366434263505	89	714	138	show
1373694777631	129	638	200	show
1369007738759	49	819	390	show
1374177197253	92	737	319	click
1370998746996	106	221	192	click
1372901113277	18	368	198	show
1370069353385	25	581	55	show
1372219160579	82	105	185	show
1370796836616	146	385	314	show
1367184772775	37	69	396	show
1368988470826	20	480	362	show
1367192035095	30	746	489	show
1371233363417	2	515	86	click
1370368020546	141	32	238	click
1370202836150	129	995	485	click
1369257088974	108	98	377	click
1368805068904	40	148	70	show
1372058586628	59	61	441	click
1368350345291	120	955	322	click
1371931036545	5	422	249	click
1367220259911	54	853	491	show
1367218454260	127	732	222	show
1373375199868	113	557	298	click
1368197227200	138	281	60	show
1366420357432	121	623	70	show
1373930888184	61	930	367	click
1367362948548	74	390	213	click
1373920418650	14	492	424	click
1370165654190	128	868	69	show
1373457183030	57	981	112	show
1367831339856	140	387	26	show
1371059609629	33	280	42	click
1370336782835	1	447	377	show
1366847569504	76	553	156	click
1366553888636	87	89	361	show
1366369424065	135	854	469	click
1366681218636	132	676	466	click
1369579923980	110	919	23	click
1367102959287	84	43	128	show
1371062721402	78	443	237	click
1368534287177	33	896	252	show
1373149026655	21	398	45	click
1373444420874	97	859	423	show
1370364680004	138	497	170	click
1366963750295	40	915	124	click
1373579198715	53	363	138	show
1366941773325	39	402	201	show
1371541883991	39	587	494	show
1367052138100	89	243	368	show
1367865152926	44	279	123	click
1366822253349	64	227	245	show
1371010122280	90	921	34	click
1369004362745	61	404	242	show
1372892942206	74	915	6	click
1373177084298	52	870	491	click
1369112777869	89	166	63	click
1367775288511	89	555	165	click
1372014899424	71	885	165	show
1372792291662	120	943	451	click
1368282124888	104	743	480	show
1374190192473	141	229	293	click
1369072666016	13	192	280	click
1369524613857	102	219	278	click
1372396866159	91	804	164	show
1368260765875	54	84	1	click
1368429984911	124	191	186	click
1371751772660	111	465	178	click
1372036195965	121	822	160	show
1367857164543	115	777	495	click
1367200600421	46	618	71	show
1371763744032	105	702	145	click
1369494139207	90	193	407	click
1367010342267	21	998	484	click
1369372309001	139	965	227	show
1367466865528	28	91	391	click
1367213632873	50	479	438	show
1373106313039	44	877	500	click
1369194534298	14	67	439	click
1370367860925	117	30	3	show
1367927833087	93	770	307	click
1370304606364	150	261	17	show
1373802483444	45	303	30	show
1373438068063	45	937	36	click
1368547341909	75	818	334	show
1371800143119	137	337	452	show
1369066904167	115	160	379	click
1366666421150	111	607	293	show
1368204692416	63	995	462	click
1373116182126	115	131	146	show
1366900452156	45	439	453	show
1372813860720	119	757	129	click
1371229983741	96	126	441	show
1373448435009	9	263	493	click
1368605677825	36	855	107	show
1373109434908	6	517	10	show
1371859552377	116	507	49	click
1369338322065	19	782	229	click
1369146282358	53	447	111	click
1370816552090	56	456	235	click
1368623249159	105	330	466	click
1371241711333	71	244	38	click
1370862972550	73	460	204	show
1370551427376	14	401	344	show
1367916021360	17	37	395	click
1367176983129	15	114	460	show
1368899822394	6	544	108	show
1373568987680	119	88	339	show
1370180451956	58	633	437	click
1370816357314	24	178	415	show
1366768480448	99	952	242	click
1369807004252	12	22	413	show
1369596150053	18	694	119	show
1372218912160	99	378	371	show
1373605320937	110	364	312	show
1367489119820	20	326	450	click
1374157420732	30	469	82	show
1372380202569	70	688	279	click
1367055936254	133	887	174	click
1367755526502	60	68	53	click
1370797543970	109	984	470	click
1373920781730	112	252	44	click
1367617118874	110	429	18	show
1368516351937	44	10	67	show
1367903648054	124	682	341	click
1368701259292	59	731	481	click
1367623306884	100	303	376	click
1372011996258	54	934	77	show
1368655872369	26	284	296	click
1367880607138	12	973	151	show
1367050684149	13	574	48	click
1371205687951	54	707	306	click
1371443521475	16	261	342	click
1366693025141	2	42	414	click
1367596320497	128	6	316	click
1371228023491	13	887	9	show
1371988219852	70	649	402	show
1367553968335	122	159	402	click
1367988487407	134	545	11	click
1371965218491	13	112	141	click
1372216798321	114	744	431	show
1369494234375	55	502	457	show
1371465145396	38	785	168	click
1369625629622	50	761	209	click
1371102182501	64	56	374	show
1369831831861	8	676	236	show
1371450996977	93	167	484	click
1373351828488	23	862	500	click
1373762893237	142	86	326	click
1368122296151	99	31	299	show
1370800429491	68	310	349	click
1370964872594	125	969	22	show
1372964065943	100	63	294	click
1373690993038	134	457	99	click
1370916599765	54	357	60	show
1370417774092	94	376	60	click
1373608281864	61	795	282	click
1366632854614	147	451	348	show
1373329139569	86	17	416	show
1367135222400	91	911	108	click
1370208147901	143	474	269	show
1368317645166	122	480	205	click
1367609947279	31	228	212	click
1372113552377	47	889	388	click
1370773730823	20	989	111	click
1368588813253	63	647	149	click
1367748372032	63	378	482	click
1374112438487	104	23	442	show
1372165185706	53	602	332	click
1369851044969	84	974	99	show
1373552079293	69	93	172	click
1370453363241	109	978	161	click
1367749466555	10	727	446	show
1372814714320	104	411	221	click
1369504046228	100	464	388	click
1370552648913	137	874	6	click
1366441459645	73	381	160	show
1367309021196	66	355	65	click
1370220653399	86	97	83	show
1366718968721	39	324	213	show
1367782957605	89	225	277	click
1370888960931	87	823	162	show
1367146272451	127	836	52	show
1366527249758	83	154	485	click
1373705053602	13	936	55	click
1373245963075	25	392	131	show
1371741501264	74	24	359	show
1368885429360	77	41	262	click
1373888694516	65	740	281	show
1372104593613	37	267	140	show
1374080164958	142	241	56	show
1371706785537	108	767	110	show
1372071775087	38	355	453	show
1367383688988	130	686	463	click
1373381821184	61	998	264	click
1371672800212	1	48	444	click
1368697541264	76	92	160	show
1371795720084	148	464	482	show
1368821314102	75	297	488	click
1373797678904	135	477	36	click
1367350905730	88	115	167	show
1368477866543	47	857	303	show
1371655136251	76	517	233	show
1367416492103	27	874	139	click
1370181408036	73	652	193	show
1369216320840	99	274	374	click
1372528983789	125	40	279	show
1374091371965	13	74	399	show
1372790903999	121	146	406	show
1372639293841	42	756	55	click
1369770434468	6	7	214	click
1373026361394	93	714	192	click
1368330134812	133	461	148	click
1373114162309	145	907	500	show
1370253039687	5	369	304	show
1367419809261	23	857	295	show
1366730826675	65	521	380	show
1367566366945	89	975	284	show
1369622749080	19	231	388	show
1373242773752	29	747	229	show
1373805016155	14	515	105	click
1373823924692	49	722	320	click
1370040210599	148	901	140	click
1368846301089	149	573	474	show
1369417564744	89	477	205	click
1373410772985	48	92	238	show
1371486563832	77	796	249	show
1373143970659	147	473	121	click
1366833671787	23	91	54	click
1368344424220	2	706	447	click
1370404676045	121	331	102	show
1369276302978	18	264	410	click
1369243795523	18	330	386	show
1369879247110	8	961	238	show
1367742992765	66	984	445	click
1370948546022	81	625	140	show
1367493878703	99	961	413	show
1373930605863	101	42	25	click
1366745103865	23	154	397	click
1371514120341	125	33	495	click
1373594341940	79	725	330	click
1372378365768	60	650	438	show
1372943429562	113	879	237	show
1372700513690	132	719	449	click
1371333073627	118	44	428	click
1366824937762	25	676	14	click
1368334667814	64	572	463	click
1372536834523	145	645	115	show
1369888626036	2	608	321	click
1372713973443	119	590	41	click
1374025228875	2	1000	313	show
1371557997477	130	492	219	show
1369899613303	56	456	243	show
1371286908380	88	924	86	show
1369550229869	42	252	185	click
1372813803650	11	369	89	click
1367094569555	51	508	69	click
1373033613125	83	187	108	click
1369361259275	15	605	327	click
1368046373529	44	653	167	click
1370073172791	96	830	17	click
1373115120860	38	266	138	show
1366439196924	126	826	214	click
1367486443104	110	87	452	click
1369914845789	121	154	286	click
1371669764967	42	483	123	show
1366438590160	140	182	335	show
1369921621349	27	601	285	click
1370119117776	7	53	44	show
1369348645227	138	370	365	click
1370775983798	92	418	104	show
1372907491520	78	305	324	click
1368642351291	11	708	187	show
1370004257359	94	40	34	click
1373196370147	90	633	24	show
1374029596130	62	4	63	show
1370671395977	50	826	395	click
1367957204157	139	282	269	show
1369796159440	20	186	201	show
1369075545412	41	832	380	show
1370383974843	124	992	418	show
1367478128148	87	3	478	click
1367356352856	66	378	320	click
1371399044713	149	718	280	show
1372696549941	92	358	317	show
1369827066761	20	470	33	click
1368246745884	27	807	166	click
1368625189669	10	394	214	click
1367099926159	136	995	190	show
1370017503028	29	764	305	click
1372064665498	73	568	489	show
1372384880841	142	831	247	show
1371222187205	35	870	26	show
1371610364105	66	233	358	show
1369666726576	92	746	473	click
1368771660871	43	101	392	click
1367562298691	77	658	218	show
1373626809371	145	84	177	show
1371481196137	68	990	24	click
1366882182535	25	187	176	click
1368131296541	49	18	422	click
1368291979506	122	430	390	click
1370978097611	5	200	140	click
1370509675030	38	479	204	show
1374025393072	50	198	197	show
1371185672886	108	339	108	show
1368447767329	37	830	98	click
1366770164879	28	662	13	show
1367116900362	53	448	214	show
1367695586612	100	493	90	show
1371007283713	78	89	58	click
1370733087002	1	606	121	show
1372046015845	145	800	365	show
1370628042862	52	130	248	show
1372835283869	95	502	291	show
1373469133824	114	344	350	show
1370320067566	78	751	426	click
1369626061203	104	286	206	click
1373680863000	46	357	237	click
1374002652804	113	266	406	show
1372785058856	94	553	227	show
1373774556324	51	134	86	show
1371391994014	109	584	23	show
1372258414337	128	944	459	click
1368467987945	24	218	417	click
1372762303004	118	881	349	show
1368891955405	25	954	90	show
1372307401381	113	416	328	click
1367329197987	26	996	298	show
1370861119865	128	394	472	show
1370320626490	132	972	172	show
1369243296140	59	272	121	show
1369178106935	42	828	100	click
1367635650063	61	695	351	click
1373967523979	129	277	224	click
1366766965830	72	278	281	click
1368789140346	116	979	473	click
1368536904007	15	760	105	show
1369117846285	4	25	311	click
1369041921257	63	236	333	click
1367565001536	150	868	306	click
1373672623861	71	427	259	click
1367836006426	122	539	433	click
1367036169749	148	846	257	click
1371581018589	28	493	379	click
1368089798679	114	372	367	show
1369742922975	59	207	449	click
1367017842426	142	37	158	show
1370047713028	75	170	234	click
1371088324178	148	977	482	click
1372701794034	74	611	471	click
1374114799038	61	419	433	show
1371310663669	54	7	135	click
1372224164832	79	84	449	click
1370237007327	98	904	382	show
1369969628369	150	6	350	click
1369610402101	34	207	46	show
1367906819439	65	69	44	click
1368439754956	150	941	317	show
1372408084437	138	547	134	show
1368293565232	130	423	472	click
1369532265180	19	400	29	click
1372316245383	128	613	256	show
1366971179078	143	186	252	click
1374181718083	83	350	469	show
1367161748995	47	15	415	click
1368875977046	45	962	360	show
1368082590391	64	681	418	click
1373693667714	144	330	359	click
1372024449989	12	913	320	click
1370238092934	124	184	217	show
1368834840858	80	221	195	click
1370549652214	44	480	333	click
1372307045574	87	776	66	click
1367053433401	9	621	239	click
1367876655118	32	742	414	show
1368195455428	107	582	406	click
1369627122282	30	377	148	show
1367563692791	9	373	432	show
1372193958954	34	369	415	show
1372592400070	140	889	304	show
1373239721225	73	746	351	click
1370612853395	16	970	157	click
1369210976413	83	62	465	show
1373527619829	13	429	204	show
1366606237016	150	566	141	click
1369169529906	1	399	448	click
1373613319569	32	555	8	click
1367175735287	17	696	413	show
1367020598035	34	907	59	click
1368099981581	18	107	294	show
1373160120105	20	572	176	click
1373431892772	102	275	474	click
1374054231779	107	766	338	show
1371895230207	27	566	54	show
1369758500576	59	499	259	click
1371795214749	65	733	426	show
1371735332011	26	54	91	show
1369626643506	148	468	73	click
1368052740896	71	885	329	click
1373148755426	39	750	6	show
1368081564816	70	642	389	show
1371479877047	145	201	44	show
1370135844042	102	791	323	show
1370601771116	113	794	467	show
1371745766832	74	151	395	click
1370461192093	106	342	82	click
1369039890104	133	432	144	click
1374176914789	125	898	243	click
1367238326228	29	934	389	click
1369025808095	122	477	319	show
1371279866816	67	363	331	click
1371605093374	124	22	306	show
1369558289326	147	816	239	show
1368058051482	51	937	203	show
1372647080516	126	571	40	click
1372765167092	117	877	351	click
1371757767308	64	912	109	show
1367184087801	32	644	127	show
1370936838803	7	185	473	show
1373823560686	27	36	279	click
1374149304380	64	57	384	click
1370748981691	64	207	188	show
1368836660808	9	381	209	click
1373714272644	139	111	332	click
1371589792448	12	591	80	show
1373121173613	64	770	341	click
1368039086400	31	308	276	show
1373801493303	22	642	460	show
1373059091995	44	299	271	click
1370787144625	4	312	81	show
1366613627813	64	637	224	click
1369581844176	85	262	277	show
1373328807168	129	877	422	show
1373141388915	75	873	178	show
1370371486272	92	468	400	click
1374063205988	108	47	309	click
1366988712758	136	998	299	click
1370502143872	74	432	429	show
1372369093235	131	999	81	show
1370501195173	67	765	366	show
1373147315937	90	840	3	click
1371048103137	71	618	59	show
1366956043617	108	9	213	click
1368110898884	60	540	131	show
1371496457854	145	935	222	click
1368365149766	130	602	391	click
1370909282064	12	440	169	click
1372595311565	98	506	243	show
1369178671314	140	975	376	show
1373505431330	57	753	40	show
1372756602982	146	364	77	show
1368298843077	79	967	112	show
1367880111175	138	885	204	show
1372023007738	80	257	448	show
1372902957119	66	410	345	click
1373647291901	100	402	6	show
1371454680832	2	694	23	show
1370228875160	123	137	381	click
1370995532309	133	130	50	show
1369795526019	74	241	56	show
1371162565262	84	698	198	show
1370166413265	35	975	125	click
1368804578187	52	293	38	show
1370605883620	95	174	259	show
1373637063484	10	122	403	click
1371624723959	77	971	69	click
1368565873616	56	388	237	show
1369447742631	4	11	42	show
1368958968807	4	906	190	show
1368667634376	141	731	337	click
1368509410530	7	54	387	click
1368485339720	75	350	239	click
1373168967580	150	618	478	show
1366489179480	58	338	215	show
1368903249085	1	374	29	click
1367998937181	126	486	79	click
1366933711365	60	41	84	click
1370408151475	60	377	46	show
1372428333141	109	753	496	show
1370055056176	46	602	360	click
1370913669983	121	962	125	click
1368110978707	139	401	44	click
1373391588677	110	562	383	click
1368592292857	53	185	398	click
1369141568569	43	758	354	click
1370159687316	17	74	448	click
1373995482915	41	65	396	click
1372616187648	44	894	380	show
1366475338608	145	761	422	show
1373406567849	96	767	116	click
1369928227966	108	685	443	click
1372405501294	57	997	446	click
1373801897194	85	707	141	show
1370181675588	150	313	411	show
1367093236528	34	604	187	click
1371195326931	100	520	175	show
1371958964280	125	599	486	click
1371181442868	131	600	81	click
1372181806481	21	140	459	show
1367668252445	113	662	225	show
1370987526893	122	535	132	show
1374071269611	18	411	305	click
1370298925542	136	789	252	show
1368358097990	29	51	297	click
1367336748271	136	523	391	click
1369685109647	1	979	263	show
1367804493166	2	650	306	click
1373396353558	11	818	417	click
1370461713352	141	846	260	click
1370625107398	83	827	66	click
1366529580871	26	422	52	click
1366505254870	78	266	412	click
1368424659920	74	653	72	show
1367860272886	92	450	95	show
1371952800069	131	57	323	show
1368648339748	49	149	167	click
1367949436154	37	511	297	click
1368543887074	90	962	418	click
1372983608651	98	934	351	show
1367547949542	75	946	134	show
1368080830878	59	309	150	show
1373123252876	57	104	125	click
1367109823275	97	169	259	click
1369939904170	134	723	401	show
1373449646641	48	709	227	show
1371139124435	48	636	109	show
1368695218910	132	93	70	show
1369553975590	133	625	96	click
1371707340352	102	630	29	click
1367879611989	112	939	498	click
1373089373626	130	223	405	show
1369252808772	29	367	392	click
1373319856203	110	716	278	show
1371075841717	36	828	458	click
1368591235741	133	901	390	click
1372219445512	94	66	366	click
1366772077753	121	722	352	show
1373316233127	19	454	362	show
1369768407644	113	175	30	click
1371487971520	83	964	134	show
1373420798055	102	569	195	show
1367864534525	141	314	23	show
1369088154627	63	710	466	show
1368514023954	124	512	309	click
1367519009099	12	571	429	click
1368056182667	60	893	170	show
1372589752335	75	511	76	click
1370288579495	116	784	244	show
1370015165269	89	216	146	show
1371679708797	34	450	122	click
1372995444389	150	236	299	show
1372024786377	76	405	213	show
1370121112084	52	845	490	click
1368495374855	122	494	37	click
1373010086661	99	793	387	click
1371228824561	67	126	489	show
1369680408492	59	621	295	click
1372929717487	88	678	481	show
1369470949890	39	994	210	click
1373262802699	128	472	389	show
1368447696348	57	359	279	click
1372604796309	140	823	273	show
1366492147884	72	56	172	click
1372410221780	108	774	417	show
1367920966935	94	799	308	show
1368843595027	77	500	332	click
1373064451773	68	922	187	show
1366759989389	26	228	241	click
1369460271022	7	360	444	show
1370643652638	130	957	477	show
1373854069393	49	665	341	click
1369044970230	128	851	160	show
1367740960774	86	312	199	show
1370840624272	71	956	424	click
1369142799546	7	810	485	click
1367796074378	80	167	392	show
1369067887533	58	254	5	show
1368073636582	77	685	277	click
1373750360655	142	807	359	show
1368118802987	63	415	103	show
1367322014088	133	481	91	show
1373401681906	37	128	333	show
1370822920175	24	553	274	click
1369360383661	62	682	204	click
1372365978055	22	201	225	click
1368701031525	107	318	136	click
1369758664146	102	592	43	click
1366812377134	45	657	354	show
1370619992237	72	346	279	click
1373533580443	146	855	64	show
1368319219861	53	79	254	show
1370018813758	66	217	104	show
1367021452639	18	175	100	show
1370940393560	7	14	77	click
1371570134478	135	46	357	show
1366602404796	50	733	408	click
1368932230278	109	100	18	show
1367760624714	24	119	401	show
1372168656129	57	754	274	show
1369307600730	150	887	308	click
1369408514851	128	166	423	click
1369043822276	135	861	33	show
1370434436304	5	848	138	click
1369423334923	17	666	213	show
1369649774965	143	732	291	show
1368178323874	98	745	366	show
1372867544497	27	674	364	click
1371965979068	66	209	124	show
1369562216768	61	195	257	click
1369930852470	97	654	291	click
1370458286260	29	443	212	click
1371976247016	92	919	138	click
1369777515305	105	517	66	click
1370142268256	19	277	70	show
1366665891775	41	1000	456	click
1366557585371	72	599	133	click
1372659784875	50	890	498	click
1368645673950	128	101	340	show
1371403502181	123	315	497	show
1370360165920	138	38	329	show
1373767645815	142	583	86	show
1370436528535	34	60	451	show
1372702958975	115	984	121	show
1371219177728	103	445	274	show
1369582583700	85	472	411	click
1373776585863	60	549	379	show
1367411282948	94	172	336	click
1371327111413	48	622	170	click
1367166169280	100	383	333	show
1367587041892	58	480	24	click
1368865794571	40	305	333	click
1374107612117	5	682	255	show
1371695430441	124	898	135	show
1369093451367	142	501	487	show
1368901967467	150	363	264	click
1372436190319	77	889	187	click
1368560436515	140	792	133	click
1370041939458	74	623	426	click
1369820862971	6	354	380	click
1370609028629	137	708	254	show
1371462542098	7	770	275	show
1372546061612	48	546	191	click
1367220004439	127	251	382	show
1371889557226	110	740	55	show
1366401227939	120	217	262	click
1368223880427	127	149	293	show
1366999526112	148	792	9	show
1371175786925	70	598	334	click
1367981102715	125	452	152	click
1373449655488	68	662	269	show
1366673409755	67	439	62	click
1374045062119	38	414	207	show
1370276284340	101	349	267	click
1368063413006	150	9	431	click
1371001431289	39	900	480	click
1371543193780	112	598	378	show
1372680176859	40	44	52	click
1373372176393	92	268	385	click
1369265533571	1	818	231	show
1371038826932	99	518	487	show
1367612166853	101	206	4	click
1372219024146	119	694	267	click
1369090543022	84	276	350	click
1373586678772	129	52	151	click
1371611874949	70	218	25	show
1371841344714	146	696	15	show
1366999588213	74	302	157	show
1368820114533	18	122	395	show
1373182452769	123	55	473	click
1366566382891	90	574	401	click
1367099280638	62	782	165	show
1373474876476	92	30	383	click
1368968978334	113	642	21	click
1369366736650	25	685	14	click
1370738550586	48	778	342	click
1367045526619	98	167	199	click
1367198360442	64	223	206	click
1369960676742	20	914	149	click
1366702553348	118	390	313	show
1367015852819	150	808	323	click
1368548264545	104	705	91	show
1367042747129	85	637	172	show
1373353720120	46	860	352	click
1366375126062	111	482	144	show
1368257297226	37	981	286	click
1366823086917	22	794	127	click
1372731393253	109	361	178	click
1368536205452	142	236	247	show
1372629841431	105	559	330	show
1366768173895	46	709	138	click
1367722668517	52	456	267	click
1371166834547	17	306	360	click
1370934320587	67	223	448	show
1370726972925	80	839	384	click
1373891001667	115	257	293	show
1373013192400	16	418	72	click
1367860498751	141	797	202	show
1369436213392	146	647	436	click
1373307165008	7	966	185	show
1367021820905	135	490	15	show
1370558027550	26	835	382	click
1366353412614	26	257	13	click
1370892789535	136	546	394	show
1370869866991	73	323	413	click
1369686134454	40	108	53	show
1373219639130	11	520	8	show
1370592156021	73	90	99	click
1370491309950	75	373	147	click
1368868936688	94	734	403	show
1372129476424	46	268	1	show
1369951084950	16	853	258	click
1366816827403	44	797	467	show
1371909273742	35	37	386	show
1372038955154	43	254	42	click
1372698599048	60	976	223	click
1372702863575	80	318	26	click
1373120010712	150	956	468	show
1372139028535	64	722	21	click
1372029998421	40	75	444	click
1374004657094	72	19	63	show
1373717861723	6	405	26	show
1370603317970	77	224	232	show
1370892826644	50	231	215	click
1368620713821	23	31	420	click
1374036356512	100	208	360	show
1372650917622	44	645	464	click
1371820779083	97	998	435	click
1366776169864	147	804	486	show
1368061928317	115	381	249	show
1369399017962	125	830	115	click
1369950146583	99	585	61	show
1368144007801	26	85	363	click
1372808005455	144	421	186	show
1372207268695	66	284	403	click
1369372186219	75	532	179	show
1367911287050	81	416	77	show
1369939998151	127	333	174	show
1372790988367	103	569	307	show
1373569979520	34	759	95	click
1368654333070	20	831	212	show
1366840534557	127	921	314	click
1368413925718	110	363	89	click
1369496913007	64	233	13	click
1368394643426	82	41	84	click
1371191346097	2	786	436	click
1370982008411	13	59	284	show
1373039421770	76	319	272	click
1368897567943	145	578	247	click
1366636723129	7	172	339	click
1371431072598	144	590	168	show
1371911514259	1	18	45	show
1372356208306	43	154	201	click
1371217634923	54	841	117	click
1366953883566	48	541	198	click
1369247962032	105	4	101	click
1367340386760	81	829	93	show
1367103556449	81	567	174	show
1371653458183	128	315	167	click
1367970002897	92	958	461	click
1373249481304	95	21	395	show
1369832705362	37	212	464	click
1369660961887	14	869	204	show
1374162872678	103	642	148	show
1369151912755	137	345	86	click
1366414418029	59	241	86	show
1372314232973	13	365	360	show
1373599819090	65	270	439	click
1367565197519	96	88	368	show
1367664110008	123	14	237	click
1371535234608	43	838	451	show
1369403552253	46	467	496	click
1367220321053	32	862	375	click
1371176750058	54	828	163	click
1371451844636	10	605	20	show
1370920239097	52	174	149	show
1371868850020	116	36	106	show
1368620732823	132	517	271	show
1370378529089	32	405	101	show
1373832744361	146	40	286	click
1373242584464	78	925	56	click
1369990631147	40	896	138	click
1372628244774	109	461	300	show
1370952617005	6	16	420	click
1371190855181	87	926	237	show
1367511719575	149	174	199	show
1366388054649	5	103	221	click
1370494652802	145	696	399	show
1371386725426	53	750	439	click
1373166321690	27	198	302	show
1372651181177	75	388	168	click
1369836696424	28	105	498	click
1370519999188	51	309	134	show
1369797304058	133	516	476	click
1367424998201	13	253	356	show
1371466081841	112	841	123	click
1369341322047	68	794	363	click
1371058553377	30	493	149	show
1372544448602	37	316	72	show
1371224547591	29	580	290	click
1371191681869	35	708	88	click
1367114099380	44	694	157	click
1367348661563	9	933	11	click
1373610490258	15	736	276	click
1373773959370	123	124	290	show
1369996892567	75	161	231	show
1372731296043	39	317	92	click
1374143369783	89	711	26	click
1372143855821	133	79	132	click
1373559050885	52	469	252	show
1368182338703	141	106	416	click
1371212977622	111	302	40	show
1368956943573	36	718	119	show
1367657119781	96	880	354	click
1372785247095	2	547	132	show
1372260712388	126	902	61	show
1369130894975	104	445	253	show
1367177713315	25	14	321	click
1371825392239	123	998	451	show
1371776082211	3	898	59	show
1370066770107	104	154	125	show
1372396719086	90	585	377	click
1369411525969	56	302	5	click
1366977458875	7	248	444	show
1372894884611	53	21	496	show
1367121799638	9	131	172	click
1366345885903	89	174	291	click
1368925293581	16	772	84	show
1372021458615	129	563	465	show
1366987716095	95	866	390	click
1373685327103	112	366	334	show
1374198508094	64	321	325	click
1367902570789	21	572	22	click
1371306114510	132	244	399	click
1371892476391	85	434	468	click
1370610126351	61	544	181	click
1372100030527	74	287	464	show
1366381505841	135	801	54	click
1372713997292	147	509	273	click
1367796634068	42	345	375	show
1372034950202	84	699	1	click
1372477485613	61	852	491	show
1372884494989	9	59	470	click
1371488181987	19	705	33	show
1371256123123	28	330	337	click
1372661765266	141	436	391	show
1368076176247	132	322	286	show
1371833717480	131	182	33	show
1369254941733	145	532	234	show
1367148627206	139	825	187	show
1371643171361	111	745	354	show
1373847189114	99	132	344	click
1369744141514	91	611	90	click
1370086643276	66	55	472	click
1374002248046	118	774	129	click
1367414006674	127	487	414	click
1373145675469	9	77	426	click
1368512444888	139	11	215	click
1370663095424	58	717	225	click
1372422371214	23	955	118	click
1371296635999	35	9	145	click
1366387420576	113	754	2	click
1372497586237	5	386	251	click
1370588260372	119	254	245	show
1370088376994	2	66	123	click
1373619429686	79	236	267	click
1373882406584	19	962	16	click
1373277837126	76	412	415	click
1369276627741	88	793	421	show
1368295881644	70	575	445	click
1367785490285	69	353	126	show
1368668773606	146	896	39	show
1368139698291	9	329	247	click
1369630681312	101	820	22	show
1370197350923	69	864	220	click
1371627925341	126	394	262	click
1366787772730	121	242	353	click
1369965819615	137	304	297	show
1370085330856	2	873	311	click
1367391416141	39	557	251	click
1370686830335	14	586	176	click
1372991793162	40	586	333	show
1372318117362	124	105	217	click
1371303272531	106	192	318	click
1372385551306	140	333	203	show
1372868319309	135	398	135	click
1371004020976	62	669	76	show
1367990386413	26	396	223	show
1371565878725	6	616	21	show
1367884432459	123	346	334	click
1370730259452	120	690	20	show
1368741283860	145	619	405	click
1367643434008	75	17	302	click
1366469672833	32	644	134	click
1369758602066	149	763	239	click
1368929493249	24	401	303	show
1374073282822	47	127	200	show
1371935943814	95	517	468	show
1368618587913	143	926	349	show
1368358168514	117	772	181	click
1366735784621	4	968	396	show
1369976826284	148	950	135	show
1369928018976	141	228	234	show
1368446203577	91	399	353	show
1372657956927	149	696	169	show
1370423854326	134	947	329	click
1368457689084	22	6	132	show
1367764409179	23	875	347	show
1369783927193	35	937	368	click
1369274450908	137	163	97	click
1369771718802	40	907	46	click
1373071085679	122	612	197	show
1371579704270	89	863	415	show
1366697922926	128	539	107	click
1370637025967	115	204	4	show
1367901673646	33	444	311	click
1369499717704	99	909	475	click
1366915255572	133	805	318	show
1370390495979	131	274	226	click
1371936550065	23	692	230	click
1370497521018	13	104	261	click
1369850760959	68	170	335	click
1368615637064	7	867	8	show
1372275352615	40	456	421	show
1367157611355	14	68	68	show
1368558322852	12	618	275	show
1371448387379	146	170	69	show
1368321635555	38	41	300	click
1367266792281	29	824	388	click
1371277586838	112	676	408	show
1366886405149	34	9	107	click
1373812778358	27	26	364	click
1371953533406	138	353	76	click
1367168432000	108	51	280	click
1371575360618	150	865	58	show
1372000696110	43	839	235	show
1374105484948	64	599	124	click
1369387262022	78	381	296	show
1369334983184	148	356	26	show
1372592376743	127	505	6	show
1372093247697	119	114	142	click
1368205398036	56	329	376	show
1372599516775	66	476	499	click
1372433491340	80	520	406	show
1366544871559	101	312	232	click
1371097812554	31	43	295	show
1367008786491	144	610	317	click
1374138910780	2	549	78	show
1368803701240	5	848	16	click
1368891254512	116	115	261	show
1371336766798	78	824	291	show
1367583581623	60	179	69	click
1367259036073	12	522	273	show
1366716551602	150	298	427	show
1368729739686	15	29	50	show
1372869454849	108	739	387	click
1374164965346	97	242	230	click
1367930536068	40	507	434	show
1370415473398	64	757	4	show
1368793317237	5	441	62	click
1371940402188	45	712	229	click
1369731482094	119	605	232	click
1372382236962	124	54	212	click
1372316250162	19	773	287	click
1373913422191	135	521	257	show
1368419190368	22	561	250	show
1374007228433	3	540	151	show
1372177722583	97	532	275	click
1368032759741	140	734	178	show
1367737866179	20	977	234	show
1371164774065	129	683	135	show
1369553910823	57	603	322	click
1370146880139	72	955	253	show
1368349635562	91	607	67	show
1370413566937	23	939	352	click
1369758215611	50	990	324	click
1373485912545	78	367	363	show
1371499248287	47	746	26	show
1370436118325	32	716	12	show
1372996107411	132	836	452	show
1373693927088	122	732	146	show
1371640378424	133	82	54	show
1370275542465	113	563	236	show
1368418593277	110	501	358	click
1374130179943	124	668	196	show
1368509390874	67	136	464	click
1372944316491	6	452	228	show
1373911258445	121	932	26	show
1369464207361	101	897	404	show
1371647896280	6	958	301	show
1373407253639	128	543	475	click
1368841867904	104	64	105	show
1373641995769	55	977	216	show
1370081165568	80	414	242	click
1373394595255	52	708	195	click
1367222324351	117	543	126	show
1366962529243	40	732	24	click
1371054202302	131	778	489	click
1366637253397	41	753	92	show
1370356023997	5	864	452	show
1371231607030	109	699	151	click
1368514793991	86	969	423	click
1372381059047	38	710	326	click
1370401131234	113	732	287	show
1371913094221	27	25	452	show
1371532950772	99	689	290	click
1371000517978	27	548	154	show
1368898171610	37	149	359	click
1368532634496	143	4	406	show
1367532289978	57	401	351	show
1368690124771	22	732	203	show
1372964659869	10	214	375	click
1366923757457	143	135	213	show
1369432372779	33	82	333	click
1371935452210	116	926	64	show
1369142690706	3	105	164	click
1369499966662	51	936	159	click
1373529197511	52	779	478	click
1367801738171	31	728	417	show
1368957473250	37	452	301	click
1366570225067	38	814	479	show
1371946930809	90	120	307	show
1367373152800	113	116	209	show
1371746451119	55	461	34	click
1367652874232	40	372	171	show
1368400937825	133	628	77	click
1373567062585	68	962	39	show
1368847873272	103	934	380	show
1370282935050	46	459	346	show
1372983541584	142	984	323	click
1368748423569	128	573	51	click
1366369803990	141	293	76	show
1368053942005	3	36	430	show
1368209330080	45	53	403	click
1369204639406	134	580	41	show
1371321352117	103	540	471	show
1367744582364	46	162	221	show
1369727456141	20	730	236	click
1366805681084	5	993	31	show
1373833901954	71	911	249	show
1368041096337	49	375	132	show
1367037667421	46	120	484	click
1368329234887	131	426	236	show
1369892755255	113	486	49	show
1368494834345	11	938	402	click
1370184153006	31	565	328	click
1373984807897	97	618	333	show
1367147150277	115	69	167	show
1369070925274	112	82	289	show
1371828172651	15	469	180	click
1367776064576	147	588	392	show
1368246854441	30	513	303	click
1366424759142	92	517	264	show
1368025249319	138	325	153	click
1367341376223	37	982	264	show
1369145481583	132	729	499	show
1369710522363	132	847	229	click
1369747644239	112	734	203	click
1371697349632	25	821	5	click
1372826276402	18	236	37	show
1373589892767	39	70	410	show
1369997604152	75	629	97	click
1368972306356	48	781	304	show
1372681640770	52	375	7	click
1367288424546	113	943	306	click
1369452208688	24	36	68	click
1373856395203	148	982	367	click
1368032955687	66	155	295	click
1371361789325	77	215	172	click
1368195317256	2	645	240	show
1366921071758	83	825	34	show
1366536889912	17	561	166	click
1368664605912	114	736	88	click
1369342888249	104	634	369	show
1371633543949	44	427	320	show
1369044495781	70	467	405	show
1371818730317	144	95	462	click
1372445411668	96	430	233	show
1371595268987	61	877	45	click
1366644946462	70	95	99	click
1370335236189	7	886	85	show
1373671823764	106	118	301	click
1371752353904	90	835	279	show
1370092286087	140	606	482	click
1374175269490	101	962	102	show
1368544379326	124	139	154	show
1369185545704	39	23	78	show
1371478429996	34	245	380	show
1369397476572	46	696	464	show
1373093660839	56	62	294	click
1373151433050	60	233	18	show
1373382051270	83	911	465	show
1368873643456	103	197	162	click
1367541261457	11	359	289	click
1367076682562	52	780	387	show
1371139008919	83	275	406	show
1367201929466	25	169	342	show
1368096236501	58	220	482	click
1373012776322	147	565	466	click
1368172117710	95	203	418	show
1373528127546	42	284	353	click
1372173488671	117	717	45	show
1372863520599	36	485	273	show
1373749130550	72	856	169	show
1368567493794	121	844	109	click
1372470046875	74	9	258	show
1372276349748	113	301	279	show
1370942052716	107	543	294	click
1373907072788	89	264	148	click
1369930465360	127	994	95	show
1370482637948	4	718	436	show
1373076993974	104	347	266	show
1373496968672	41	223	274	click
1368924527047	76	198	493	click
1369894951544	73	920	366	click
1368610751811	120	355	112	show
1369270916938	1	260	125	click
1370189388555	31	196	409	click
1372007361402	53	652	341	click
1372931895173	45	982	270	click
1368358788602	7	678	498	show
1370843300464	22	881	311	show
1369807924370	55	474	123	click
1369363786026	150	531	421	show
1368825364973	53	685	385	click
1372802517656	71	28	173	click
1367222312531	126	964	425	click
1371250081212	53	534	153	click
1372303163402	134	70	198	show
1372101893208	79	498	482	click
1372971916793	121	376	102	click
1369967407902	145	463	130	show
1367575434469	36	938	89	click
1372345720372	49	287	72	show
1373913275618	20	233	294	show
1371337161229	31	174	128	click
1366766205854	17	858	282	click
1367608981687	108	592	404	click
1372646280131	150	615	249	show
1367465053562	20	809	249	show
1372743894984	1	968	324	click
1366997594582	18	77	462	click
1366461282520	28	570	402	show
1369743927953	69	737	76	show
1371153248454	144	182	220	click
1367597455532	41	608	406	click
1368911727781	13	573	409	click
1371139357588	16	992	95	click
1370000375882	134	694	110	click
1367315523583	124	571	355	show
1373696835529	33	422	368	click
1373003305057	120	968	323	show
1370602848584	45	408	443	show
1371706929570	75	944	495	click
1371761480624	4	26	370	show
1368627911089	29	788	260	show
1371381023004	40	237	439	show
1372302732605	58	920	391	click
1367744449849	50	152	251	show
1373957939562	91	380	78	click
1373761867194	97	367	392	click
1372082462117	37	844	333	show
1368893997140	149	498	113	click
1367264741670	96	181	127	click
1373887906401	77	38	98	show
1373968326043	78	84	480	click
1366826398485	98	19	211	show
1370939326962	77	941	497	show
1373271868630	29	417	362	show
1374180563013	19	721	300	click
1372891952960	126	882	230	show
1372664113875	71	862	116	show
1374018952289	81	919	13	click
1369338935918	137	701	85	show
1368414544419	136	967	293	click
1369907772949	7	488	253	click
1374120026538	68	646	220	click
1367472806956	55	19	174	show
1367710743395	57	796	210	click
1367313909852	20	550	46	show
1373013434105	98	73	396	show
1367082528161	136	564	74	show
1370343658732	145	966	236	show
1372186171599	83	249	21	show
1373169494772	45	587	7	click
1367413249104	26	985	26	show
1370646689934	78	394	10	click
1369325680823	127	112	427	show
1368997540564	42	430	357	show
1367187337661	94	290	219	show
1368558664081	60	252	491	click
1367873829812	93	151	217	show
1370675463707	38	418	390	show
1373659516633	108	76	296	show
1371371568070	43	503	234	click
1368556317068	114	528	359	click
1367947908158	37	825	268	show
1370106379422	94	468	253	show
1371848682718	140	549	430	show
1370211075613	130	229	323	click
1371446412461	36	296	270	show
1371611940143	98	13	137	show
1371683671384	24	47	184	click
1368631901771	109	672	201	click
1370583650557	38	270	301	click
1370716277107	42	496	156	show
1372903715682	55	770	420	show
1368621356066	48	980	325	click
1367608122010	54	644	454	show
1370325284777	109	194	399	show
1366943733241	95	131	309	click
1369032566899	3	654	102	click
1373427209692	66	111	365	click
1373007710839	87	292	489	click
1369174232528	130	994	73	click
1372105532900	99	754	219	show
1367343596352	22	879	120	click
1368165103166	60	602	442	show
1369642652571	115	446	480	show
1372079056503	70	191	302	click
1370042506993	76	142	178	show
1373887154695	122	941	63	show
1366708995010	112	982	228	show
1369860709052	104	982	130	show
1373857753625	109	358	9	show
1372534629483	92	590	288	show
1367021370415	124	93	466	click
1368273044435	145	550	103	click
1373928149455	93	606	363	show
1367983572595	52	409	130	click
1371710130211	136	5	165	click
1372168230902	146	60	443	click
1371918270555	23	180	186	click
1367609584642	123	733	440	click
1372845083290	103	485	3	click
1370803580188	43	78	330	show
1370283244360	89	735	48	click
1369600661231	129	110	240	click
1373024892359	148	492	341	show
1368948507160	50	346	305	click
1368292496237	108	497	310	click
1370713985723	135	416	57	click
1371137204071	145	220	132	show
1369102643405	99	283	118	show
1373468032400	28	636	226	click
1369867621658	50	80	177	click
1371401000772	138	26	4	show
1366905113344	18	977	105	show
1367793452520	147	115	443	click
1370927648716	61	860	175	click
1370218077833	28	956	294	show
1371958937779	54	684	491	click
1368396963377	107	307	279	show
1373331772830	117	975	254	click
1374002891028	70	705	472	click
1369993142899	131	216	471	click
1367422452358	9	958	74	show
1368446161728	63	519	373	show
1370070231761	72	988	70	click
1373057750529	68	883	402	show
1372976051057	40	911	492	click
1373775661996	32	644	477	show
1370680137573	29	309	316	show
1373640102344	16	145	88	show
1371661064285	8	461	408	click
1368410947890	50	675	210	click
1372283730495	111	678	464	show
1368700104028	3	219	67	show
1368623394979	69	199	389	show
1370007269503	11	51	257	click
1366756201667	66	799	368	click
1373414985317	71	542	195	show
1371521421067	8	400	312	show
1366535069125	105	754	338	show
1373601326524	11	315	285	click
1373765594896	18	395	351	click
1366664541940	122	569	53	click
1371308454904	40	365	449	show
1367635697224	79	250	203	show
1366682259341	132	593	45	click
1371900475117	147	105	136	show
1370102325551	42	224	3	click
1369290776545	69	14	182	click
1373541825659	43	132	467	show
1372457495423	68	150	45	show
1370380392038	59	62	348	show
1370115097068	56	394	188	show
1368594329691	66	73	56	show
1368187729652	79	52	17	click
1373072301188	66	531	12	show
1367309518894	103	137	273	click
1368465930925	149	387	495	show
1370135017117	137	919	252	show
1369600346750	136	597	121	show
1372255070168	60	615	348	click
1370223412685	111	670	247	click
1367594699833	38	519	26	click
1367539932516	119	953	267	click
1372388497651	73	410	122	click
1372624510303	89	169	16	show
1366741696848	72	809	112	click
1369576493105	77	77	327	show
1372073328907	48	688	59	show
1370038420911	143	742	14	show
1370791580514	73	137	369	show
1366373586551	77	607	232	click
1369625096864	133	309	275	click
1368426005390	111	470	99	click
1371490819780	3	230	352	click
1367878779123	90	982	500	click
1373848745755	17	900	430	click
1372662254160	120	739	172	click
1368280119620	91	955	168	click
1371450662201	147	620	157	click
1372524596842	77	239	69	show
1372705786279	17	69	282	show
1368934187632	10	996	207	click
1368519371804	59	339	142	show
1369073477126	46	262	122	click
1367261547751	96	878	293	show
1371832227984	56	240	16	click
1367535948049	150	555	68	show
1372758082624	128	720	151	show
1373766656991	46	19	135	show
1368131341900	52	328	461	click
1366729398289	30	837	30	click
1374031635615	90	525	260	click
1373698878103	42	342	110	show
1370194569650	84	279	439	show
1371657510073	14	312	104	show
1371694697146	13	73	285	click
1369133127451	66	170	272	show
1370476016832	146	878	312	click
1366658259962	94	183	473	click
1369749841926	45	912	117	show
1372241126899	3	347	38	show
1366680608585	116	997	449	show
1368151841245	113	30	399	click
1372047223745	136	503	316	click
1367983774055	1	887	308	click
1371392448878	101	720	103	click
1369814944321	73	745	217	click
1367650069857	11	143	51	show
1368251984258	144	992	153	click
1370093383028	131	895	374	show
1369644614976	97	765	101	click
1368285610046	53	488	71	click
1367674936539	57	454	105	show
1368444711116	113	536	112	click
1370000043274	106	104	204	click
1366677380652	116	271	242	show
1370031163102	67	385	256	click
1368048197251	70	927	22	click
1367987709909	135	24	407	show
1373938449761	89	294	316	show
1371018821095	97	370	284	click
1373175724342	32	386	119	show
1372079077291	96	106	289	click
1366491448137	108	833	221	show
1373616736989	108	68	283	click
1369005003018	26	399	76	click
1367249158891	48	760	104	show
1371400339215	53	574	70	show
1369338453934	113	630	354	show
1373949740485	58	248	381	show
1372443698175	94	822	412	show
1369852472937	51	624	68	show
1368110885760	107	350	290	click
1369598679080	3	769	333	click
1368641007462	6	35	474	show
1368303993958	123	254	474	click
1372162082893	150	215	7	click
1369499090015	53	808	419	show
1368220990644	15	597	135	show
1368880021039	90	212	121	click
1371941477488	29	926	196	show
1366386802011	28	872	238	click
1372596743071	94	536	69	show
1368689325790	55	853	204	click
1372027463707	80	368	388	show
1371371619293	8	188	329	show
1368728615634	46	758	99	show
1372527142089	83	241	225	show
1373721948072	28	800	295	click
1373784378279	57	775	182	show
1367675836592	18	300	234	show
1369694766544	22	35	77	show
1370698637249	145	267	411	click
1366547643901	49	907	241	click
1373117526694	108	396	14	show
1370604531835	79	163	282	show
1368811197086	142	6	184	show
1368940407400	86	695	403	click
1373448890854	55	911	147	show
1369874489725	60	160	16	click
1373125453751	146	685	318	show
1369181709719	107	952	370	show
1373695511029	40	640	301	show
1366497017936	145	12	384	click
1367892702160	127	217	403	show
1373176836837	72	460	8	show
1368892271916	33	980	99	click
1367896707613	76	339	413	show
1369127659752	65	828	399	show
1366926517600	84	50	441	show
1366406559989	98	50	429	click
1369639250281	55	899	435	click
1366813906778	70	633	191	show
1369553464511	73	664	95	click
1373618433531	103	795	318	click
1372266753489	49	915	99	click
1367200648613	42	896	347	show
1366818032099	71	87	223	click
1373111592022	64	816	196	show
1369879769037	33	864	317	show
1371401423693	28	291	180	show
1373077908060	121	791	343	click
1370155065726	127	149	202	click
1366993346338	140	321	7	show
1367692425335	24	989	217	show
1373712806004	15	970	219	click
1372429827364	13	197	277	click
1371916780880	12	535	217	show
1366959893918	56	984	424	click
1369246746461	74	210	70	click
1372411181012	75	939	31	click
1366857634556	137	801	108	show
1370327489176	131	774	86	click
1369731567660	45	294	119	show
1373359770176	63	444	374	show
1372727364224	24	288	82	click
1366831530478	80	989	21	click
1371953830069	2	922	483	click
1371097813094	112	416	52	show
1371674654327	132	195	230	show
1371928129258	110	794	486	show
1370369316263	108	205	245	click
1370007054316	143	952	380	show
1371445481126	51	577	261	click
1367977404869	89	377	132	click
1369541729497	21	199	288	show
1367127677396	63	348	170	show
1368537796498	8	121	214	click
1369619996359	150	930	155	click
1372963932638	65	91	235	show
1372991489037	136	576	289	click
1372637535928	39	699	419	show
1370705092139	14	61	428	click
1369147645788	14	564	346	click
1367788982144	140	197	129	click
1373788562863	147	451	335	show
1368374122224	122	38	197	click
1366971986319	80	958	42	click
1366906885335	82	210	391	click
1372896525169	101	432	462	click
1372103575257	10	20	357	click
1372063108505	60	469	460	show
1372023974585	118	336	140	click
1370187478883	9	537	95	click
1369814718505	98	231	385	click
1374191186853	94	898	354	show
1370956681616	96	655	404	click
1371690864032	49	548	197	click
1368100522488	6	175	228	show
1369529127841	58	659	264	click
1369190759952	17	428	175	show
1371804916646	81	257	361	show
1373750098577	139	614	153	click
1369373929757	99	29	22	click
1368055010631	126	313	21	click
1370139659605	56	501	163	click
1370434731272	137	967	446	show
1368095873428	17	348	437	show
1370409741464	60	896	170	click
1366965850911	20	564	429	click
1367442636126	107	896	309	click
1366958342427	68	766	192	show
1372029385747	64	480	382	click
1372526305980	109	197	466	click
1370703850816	129	34	212	show
1367096561130	49	523	302	show
1369180972327	64	441	389	click
1370696691520	131	736	210	click
1373474794986	145	63	397	click
1367377565304	103	535	344	show
1370191403659	32	337	401	show
1371418410234	99	413	388	show
1370621193706	146	523	253	show
1370293049761	125	63	252	click
1367305861877	110	536	10	click
1373876743248	119	378	204	click
1373879159068	64	28	54	click
1368424858443	116	18	234	show
1370077970472	123	290	232	click
1368847197038	58	458	322	show
1369435376495	33	24	130	click
1367906125074	91	825	339	show
1367771275775	39	803	80	show
1367033581063	33	240	486	click
1373767885007	71	546	379	click
1367401243075	141	868	32	show
1367284749981	67	657	296	show
1370064384975	63	914	476	click
1366432271404	44	195	288	show
1368221600043	129	494	170	show
1369667219097	112	77	310	show
1371094376272	60	688	298	show
1373245452297	27	126	241	show
1370233259453	126	617	293	show
1367780767808	141	177	272	click
1372093629531	91	349	378	show
1372556141883	19	10	53	show
1371292307479	19	23	394	show
1367353437028	144	434	499	show
1369464108252	140	371	120	show
1373284172557	47	879	290	show
1369203224312	132	962	464	click
1368966015739	113	581	351	click
1369770879738	14	915	419	show
1367995119233	94	781	116	show
1373374612717	78	10	52	click
1366926294971	126	139	236	show
1370801711702	135	585	273	click
1374121902813	115	493	179	show
1371063310911	71	359	61	click
1373763485840	147	356	196	show
1372732454209	32	519	164	show
1372536070437	93	94	392	show
1372406615687	61	879	120	show
1366492738590	43	598	465	click
1370032307850	77	206	286	click
1367158354669	79	458	496	click
1373517904558	71	293	175	click
1369152865471	86	104	391	show
1373666543700	38	705	158	click
1373987968725	97	930	140	show
1367344066802	30	835	98	click
1372631697930	8	873	271	show
1373940867194	9	571	299	click
1367498368147	42	366	165	click
1368558348683	94	768	144	show
1373519166597	14	823	142	click
1370432893770	81	286	50	show
1371028379885	1	775	264	click
1369242746704	146	559	373	show
1374178474494	25	862	430	show
1370094239864	60	258	495	show
1370258030836	49	181	468	click
1371760880385	110	493	441	click
1367420299169	29	461	90	click
1372370387798	46	609	435	click
1366380302349	51	572	273	click
1373261758351	102	125	289	click
1370573049810	148	460	249	show
1369927965269	87	956	59	show
1373897213938	16	270	48	click
1369897423397	117	853	303	show
1368457123391	143	763	221	show
1372668312187	137	43	274	show
1367293359276	82	507	277	click
1371121809581	40	482	210	click
1368279848460	12	997	270	show
1374054882314	87	785	342	show
1366380552615	51	503	416	show
1367894545148	143	16	394	show
1373274175745	37	341	248	show
1367157371634	54	551	422	click
1371602473610	32	9	308	click
1372219168397	82	912	431	click
1373614593663	138	931	90	show
1370892118358	44	423	124	show
1372067539900	150	645	32	click
1374031104703	123	966	329	show
1369108142968	15	427	234	show
1371480089046	87	737	175	click
1372471979825	123	663	212	show
1367732654901	126	115	127	show
1372965610576	58	983	59	click
1373794999813	33	748	420	show
1367454468041	19	782	471	show
1367414211432	36	93	166	click
1366513687546	52	510	345	show
1368552209185	43	71	487	show
1369385156374	120	461	456	show
1368144437645	62	975	489	click
1369004339866	130	507	228	show
1366673839502	1	174	99	show
1372631516264	136	980	154	show
1368342743787	75	864	478	click
1372047603406	133	682	304	click
1372091355567	48	878	288	show
1372738169583	48	637	447	show
1372129457290	120	363	117	click
1372067947931	85	851	201	show
1373990126201	61	114	394	click
1372291827789	113	729	74	show
1368491891470	98	891	348	show
1369233796077	84	930	313	show
1373101796541	52	388	324	show
1373595070387	110	816	464	click
1373020126393	86	910	135	click
1370958626513	2	974	384	click
1369034089790	118	540	39	show
1371176714203	50	243	295	click
1367847083558	109	116	322	show
1369141242839	98	780	236	click
1369406644367	145	997	110	click
1371687574073	73	161	53	show
1370934975931	54	298	342	click
1372027352122	121	275	407	click
1371118680508	36	800	216	click
1374188142773	19	977	195	show
1371500500553	66	996	43	show
1371485626018	26	993	197	show
1373708123904	132	819	408	show
1366841033925	12	125	207	show
1366605021551	38	275	235	show
1370134262881	105	560	205	show
1368570076517	133	544	499	click
1367145374159	113	243	370	click
1371287112982	126	534	174	show
1371603280588	19	805	19	show
1372267756967	31	88	53	click
1368519054093	140	533	366	click
1370046582026	17	916	499	show
1373766066040	136	462	102	click
1367595618101	63	984	67	show
1367944554055	62	851	327	click
1369185525886	57	821	400	click
1368769729069	38	975	467	show
1372687787697	25	38	88	click
1371757710587	53	951	283	click
1373180140944	28	335	84	click
1373754827696	131	178	72	show
1372336473403	144	264	294	click
1370813341609	98	693	492	click
1368583754271	51	45	418	show
1366505501556	120	647	277	show
1367865849416	100	221	235	show
1367606859867	117	980	61	click
1366941955051	70	618	34	click
1373274301726	116	694	286	show
1368710519524	13	418	231	show
1367893590292	29	885	464	show
1373411888249	147	376	210	show
1370256941703	66	805	355	click
1367191666060	57	38	261	show
1366410100871	46	820	356	click
1373121559107	20	437	441	click
1371568080127	66	988	422	show
1371983038730	1	489	395	show
1370212809561	72	207	456	show
1368465844929	70	884	47	click
1371936799989	100	588	100	show
1367074556977	144	298	456	show
1371502321655	22	136	118	show
1370324341376	141	811	434	click
1369852567597	77	861	95	click
1366836381306	142	6	25	click
1368803383242	118	701	60	click
1372111969424	46	353	322	click
1371550848748	31	886	189	click
1368670133663	29	605	260	click
1369317805034	70	116	322	show
1368811632652	78	733	36	show
1371608274780	51	677	39	show
1373230415631	71	838	162	show
1373248679841	75	818	450	click
1368815697487	54	596	176	show
1370656161098	31	179	297	click
1367788476411	85	731	398	show
1371217179474	135	741	483	click
1372066440325	145	476	340	show
1370986404043	146	153	263	click
1368846425497	129	222	371	click
1366525946534	121	479	361	click
1368543211487	48	315	288	show
1366449388145	86	821	77	click
1373333772626	20	544	220	click
1369558425191	94	948	312	click
1372943460832	77	872	359	click
1367462259303	144	952	89	click
1368172669398	37	77	90	show
1368191558173	37	500	196	show
1368319760471	19	968	28	show
1370225107107	69	919	16	click
1366575704763	99	14	447	show
1374092959129	19	225	314	show
1373666804762	114	200	315	click
1371492605723	22	341	154	show
1366667600206	134	590	10	show
1366658569952	91	322	366	show
1367132707346	116	540	273	click
1371066625330	25	807	299	show
1367468530791	115	740	317	show
1366990224333	139	81	145	click
1367565503867	35	924	354	show
1369336807125	54	574	232	click
1373274273340	123	370	240	show
1374162856561	93	398	419	click
1371589796297	38	214	255	click
1366481053117	66	877	74	show
1371156741626	146	534	3	click
1371488633785	76	424	298	show
1372961785110	23	374	105	show
1370800402011	83	267	71	click
1372146991407	109	620	300	show
1367909802952	45	675	371	show
1374050338494	134	273	365	show
1368100487393	118	52	268	show
1370977315966	82	609	78	click
1371725302831	15	89	358	click
1369857482505	74	723	7	click
1369859594419	40	122	380	click
1373858213010	75	561	218	show
1370568355305	126	742	81	show
1373735883492	97	179	373	click
1366742910497	9	746	277	show
1373038747365	93	215	106	click
1373535168973	71	915	355	click
1372535258516	100	939	148	show
1368843918784	86	558	169	show
1368128769220	28	402	164	click
1371054140935	110	61	153	click
1371278341926	140	657	337	click
1369247825900	22	497	486	show
1373511737933	95	690	48	click
1371321819646	90	229	287	show
1368522894222	87	515	425	show
1373549827858	88	353	252	show
1371124656436	76	574	490	click
1371016596943	101	1	64	show
1367780650202	102	493	116	show
1368069353793	148	753	111	show
1367469141457	131	251	343	click
1366601346752	149	853	288	show
1372300504383	136	127	420	click
1368414343648	123	84	138	click
1368077321170	25	343	34	show
1371117218180	121	299	181	click
1366950809649	4	395	394	show
1370236417583	103	116	210	show
1370573505787	101	55	19	show
1370264241422	118	445	190	show
1367291865688	7	347	158	show
1370137900905	2	966	219	show
1371293051648	121	470	163	show
1373477384768	31	422	87	show
1372576304365	42	241	319	show
1373219986569	146	257	207	click
1372184302149	148	654	102	click
1372721504443	56	809	101	show
1370055153390	142	292	182	click
1371953738998	111	669	193	show
1370252140942	146	636	229	show
1373056261913	26	207	294	show
1373281080950	53	409	18	click
1374128577600	84	331	93	click
1373772806741	18	850	141	show
1368033651089	89	336	314	click
1367269288878	117	57	342	show
1373872511105	1	122	16	show
1368510035386	64	723	388	show
1369919212082	55	936	155	click
1367945631360	74	247	100	click
1371794490965	105	307	480	click
1367729583664	78	318	161	show
1372111421833	69	916	99	click
1371184355364	31	542	194	click
1368204687025	92	931	416	show
1370945660436	84	238	332	click
1368532100871	81	46	123	show
1369233546471	126	500	38	click
1366881341855	4	441	380	show
1370725403254	96	612	268	show
1369170393879	91	52	186	show
1372425158826	25	915	306	click
1369003599825	12	65	176	click
1367921330478	59	646	209	show
1374169048608	121	878	337	show
1371409426712	2	361	494	show
1373985901374	60	662	381	click
1370182948502	140	45	40	show
1368186458459	68	688	349	show
1370361987899	13	440	35	show
1373725870987	96	170	236	show
1373564730346	63	382	224	show
1370596632592	38	821	43	show
1366897365840	43	276	128	click
1367798912950	114	819	487	click
1372524212751	52	470	120	click
1368267340935	148	154	182	click
1372445754681	117	712	62	click
1369354354763	63	770	434	click
1373373074077	89	482	335	show
1372308477792	14	919	411	show
1371401082712	68	337	194	show
1371113291485	23	240	102	show
1372251633122	8	981	139	click
1366548388969	133	698	120	show
1367931297612	62	724	180	click
1366777348593	69	987	360	show
1370637529719	56	553	247	click
1372073809490	1	134	352	click
1368148392817	132	202	440	show
1367742547475	91	544	168	click
1369399902853	130	228	138	show
1371426177188	81	231	147	click
1371003613873	70	460	195	show
1370131182126	68	491	354	show
1369275665103	66	904	420	click
1366848002683	8	704	55	click
1370449354750	12	818	349	show
1367904688324	109	452	193	click
1372871520923	127	363	203	show
1370636889847	124	371	293	show
1371193509632	147	269	489	show
1373007540095	140	984	210	click
1372385691535	110	703	341	click
1370112708751	88	15	436	click
1371037330249	68	737	38	show
1368510732103	102	86	191	click
1369165966562	27	776	257	show
1371498811725	94	768	235	show
1369120045389	7	887	356	click
1367914181391	56	723	77	show
1367289412946	61	223	190	show
1369735269161	39	142	412	show
1370908557691	60	773	267	show
1368812666449	30	382	247	show
1372256064978	27	872	72	show
1366857347616	87	738	230	show
1370510972557	59	887	488	click
1369660575181	16	738	450	show
1369444594610	8	835	443	click
1373300440275	12	647	21	click
1372103627930	42	796	441	show
1369333142166	135	385	298	click
1370527206085	143	459	273	show
1371095921804	49	276	454	click
1373997679188	75	5	202	click
1370118757132	29	639	332	show
1373216362162	130	889	400	click
1369311500017	77	95	465	show
1368440998729	68	405	131	show
1368958377665	116	486	257	click
1370513119776	71	555	295	show
1369187505932	108	777	410	click
1368271189684	52	188	467	click
1373399434683	114	718	196	show
1369065002188	70	406	377	click
1373245256119	45	96	436	show
1372504079378	23	561	339	click
1370118032189	100	745	130	show
1370333536715	55	408	239	show
1371250502430	23	14	380	click
1367856688038	144	715	131	click
1368386950187	94	942	50	show
1371958912763	29	707	243	click
1373087560780	142	854	475	show
1368756383249	25	426	179	click
1369873961335	89	508	131	show
1368628779767	51	657	248	show
1372291062087	111	502	268	show
1371456375620	103	481	357	click
1371270876667	72	917	242	show
1373769203601	49	885	218	show
1373937355671	3	113	481	click
1367487072416	53	991	26	show
1366824795549	13	334	56	click
1366954566652	56	299	327	click
1373747465930	139	471	260	show
1371306813735	85	101	8	click
1373721095667	100	220	137	show
1369791725221	131	846	51	show
1370238625748	79	455	247	click
1367702862328	39	488	415	show
1367860257191	135	341	270	show
1370829181804	68	577	377	show
1373237493358	73	87	269	show
1367775648491	73	914	286	click
1371407881088	134	306	24	show
1368165740754	127	243	461	click
1370151279421	142	270	281	show
1368558100053	17	634	400	click
1370109900390	61	774	467	click
1369587368260	83	246	361	show
1372197317908	38	668	184	show
1370022760757	114	517	384	show
1371699211058	18	8	322	show
1367452623191	13	505	243	show
1371732675420	92	611	132	click
1366352750171	20	88	390	click
1370908847196	144	428	279	show
1372142468958	87	632	146	click
1366468973220	139	339	367	click
1370193537990	34	753	436	show
1373083017173	56	478	250	show
1369179664020	23	715	417	click
1368922537462	25	746	154	show
1368360796145	48	63	38	show
1372760541034	34	126	70	show
1372173370414	3	701	110	show
1371257990932	61	899	107	click
1367103590948	93	544	474	show
1371417335381	41	493	401	show
1368838033357	73	469	396	click
1372505379407	38	399	3	click
1373548616673	28	300	154	show
1367824184054	65	993	130	click
1371126453192	115	165	382	click
1372691924127	60	550	362	show
1371077380196	14	330	391	click
1374016080180	25	63	444	show
1372928885124	10	212	467	show
1371128035292	34	282	161	show
1370227841919	18	972	150	click
1369642895136	145	698	414	click
1372181955704	53	187	262	show
1367920471711	148	298	83	show
1368787186691	136	272	472	click
1370773950482	40	248	99	click
1369659459010	101	795	209	show
1367082364304	93	841	99	show
1371874625600	1	432	1	click
1372244977199	78	521	219	click
1369704553868	43	338	69	click
1371955637273	77	477	258	show
1367596851793	28	572	29	click
1370797251506	16	414	324	click
1372591474996	22	792	463	show
1370606081819	17	755	418	show
1368360828190	128	264	363	click
1366713070614	113	32	365	show
1368348900620	117	465	108	show
1367194610423	77	799	447	show
1372608780532	17	834	132	click
1372480714804	136	102	104	click
1371963182192	135	576	394	show
1369305591404	22	707	418	show
1369491461414	122	73	77	click
1367724521965	145	244	134	click
1373469908222	92	765	130	click
1366786851337	46	344	267	click
1374056610265	113	18	157	show
1368908531591	69	860	492	show
1370347813596	32	435	224	click
1373247202583	32	274	250	click
1373645382817	106	933	194	show
1371738757334	10	260	188	show
1366667241776	60	314	447	show
1368265797939	135	654	69	show
1371886535800	138	524	49	show
1369703305407	19	155	268	show
1372092683713	105	493	298	click
1368607205957	24	436	284	show
1370465882019	110	301	86	click
1374065471256	35	852	259	click
1372957508334	70	79	327	click
1368398167822	100	610	132	click
1373587392681	85	858	279	click
1373137271766	25	392	116	show
1368688245194	121	501	157	show
1368102727697	44	284	306	show
1373681860279	19	971	228	click
1371321680657	80	869	359	show
1372582970614	150	810	80	click
1367503825549	50	658	489	click
1366598934461	97	329	436	click
1369988924274	124	763	162	show
1371920632447	23	504	424	show
1368193960996	142	835	322	show
1372076439299	116	561	224	click
1368677146884	143	5	374	click
1374176593781	33	354	105	click
1372268356889	105	22	306	click
1374192180114	25	686	410	click
1371297339198	123	647	380	click
1368691525264	105	367	100	click
1367633164047	75	505	8	show
1373442111322	101	848	322	click
1372689876764	58	199	74	click
1367255540950	27	532	229	click
1372267651751	19	79	206	click
1370515454024	20	233	126	click
1367216032010	89	179	139	show
1367658165012	56	357	307	click
1370226106364	24	738	264	click
1366842950711	35	194	370	show
1370867395066	16	928	65	show
1369854907746	83	707	270	show
1370440054494	43	473	416	show
1370097705994	63	149	1	click
1369220093428	77	820	362	show
1367554005951	44	377	212	click
1374044987965	64	11	426	show
1373975982286	80	708	90	click
1371229329170	71	652	20	click
1368138863462	88	170	71	click
1366959772560	86	773	98	click
1372139834885	43	550	345	click
1370938212666	31	497	19	show
1368139275148	64	300	497	show
1372798269876	7	514	251	click
1374150395430	125	22	156	click
1368148197589	88	651	51	click
1373786721206	23	82	167	click
1373944384239	14	968	106	show
1371402606077	37	527	238	click
1367322576398	59	918	85	click
1369964778836	124	795	172	show
1367814415964	10	689	237	show
1368803652459	21	529	173	click
1366373785120	106	215	392	show
1371596864511	122	225	42	click
1368516029566	132	825	277	show
1370617177421	146	165	466	show
1368104378410	52	461	180	show
1373380952456	140	997	192	click
1368020101032	98	120	339	click
1373301894915	89	70	275	click
1370989997526	142	885	93	click
1367142273285	76	847	332	click
1371939218920	60	621	433	show
1369649686143	27	926	310	show
1373226546112	67	817	43	click
1367412061906	15	580	35	click
1367669783597	125	125	3	click
1366436618764	133	665	158	click
1367057646533	85	45	65	click
1369973854601	113	954	388	click
1370809854296	6	271	341	click
1367380544231	85	176	366	show
1367439852540	54	955	289	click
1368354457370	62	67	383	click
1366628928884	67	109	358	show
1373184195966	34	924	15	click
1372524546696	4	472	408	show
1368443738313	121	370	4	show
1369742226324	29	743	331	click
1372164375596	4	850	420	show
1368562078171	116	471	219	show
1371552728245	21	812	289	show
1366746930611	61	818	54	show
1370224653417	35	723	157	click
1373036113761	115	3	131	show
1370921166427	24	243	159	show
1366546082457	79	418	248	click
1373480511736	48	192	427	click
1367416699650	64	647	161	click
1373502669047	71	663	363	show
1367294177825	130	983	279	show
1373347178013	52	250	33	show
1373972688615	62	749	92	show
1367303382467	42	949	244	click
1373849356455	35	835	163	show
1373547207970	1	791	445	show
1369560812136	46	565	478	show
1370848486945	29	36	140	click
1371004067182	121	370	360	click
1368719884999	11	405	105	click
1369332497492	105	502	302	click
1372871357963	18	450	92	show
1373288581827	133	841	387	click
1371071454545	54	763	170	click
1366501623103	119	191	365	click
1372122197207	15	78	41	click
1371580982169	124	654	323	click
1369962195474	81	797	299	show
1371106862868	142	196	57	show
1372677375415	99	840	349	click
1370149623140	22	249	477	click
1366744680132	22	430	136	show
1368800045708	5	125	473	show
1372913933333	105	399	23	click
1371190760638	11	55	410	click
1372665158144	4	888	308	click
1374078084757	78	512	150	show
1371511080781	134	933	497	show
1373449778589	94	852	60	show
1372163577726	67	155	187	show
1369290624676	23	358	146	click
1366385699426	65	419	106	show
1368638889585	93	434	318	click
1368201284997	32	606	478	show
1366342434464	25	850	422	show
1372895338999	10	400	240	show
1369127370919	95	313	88	click
1368775246596	23	551	248	show
1369198062495	82	888	472	show
1367004159569	48	516	9	click
1367258590238	101	2	295	show
1373153824710	45	156	444	click
1372230200469	115	846	109	click
1368605286755	140	344	116	show
1371590671296	76	459	481	click
1369547791003	39	993	217	click
1370686751042	67	83	309	click
1373827964696	9	89	64	show
1370837352988	96	837	382	show
1370483993891	97	212	402	click
1368565343123	143	49	437	show
1366481460153	70	989	431	show
1370146307929	82	520	380	click
1370298576924	115	371	281	show
1373807750394	54	892	220	click
1368626180428	7	552	181	click
1367844281082	25	577	482	show
1369491929447	36	400	376	show
1368517841488	9	490	431	click
1368720191120	41	530	461	show
1373099804128	26	313	259	click
1369184883273	39	209	258	show
1373524587519	29	386	161	click
1373781830491	76	29	470	show
1369132679535	70	496	40	show
1367885606617	29	110	375	show
1373006883694	63	229	186	show
1366685197679	40	172	329	click
1366859911603	4	168	163	show
1372838721714	43	632	230	click
1368946342733	45	645	263	show
1373730097985	105	504	434	show
1371731704690	90	664	19	show
1371697064281	31	146	61	show
1371922126664	134	103	449	show
1369017463254	80	836	354	show
1369680590016	41	210	29	show
1367595537101	99	843	493	show
1366960578491	77	693	334	show
1367068820562	25	610	334	show
1372427465070	3	789	311	click
1370712295241	68	905	344	show
1371119835135	33	808	406	show
1372700258157	110	260	456	show
1368013367405	45	130	442	show
1368401606906	51	647	388	show
1373841152499	21	641	225	click
1372421608249	15	459	118	click
1372008771794	27	910	273	click
1373011338134	54	952	126	click
1374168205640	69	311	52	show
1367003404163	34	838	5	show
1368475775536	123	816	52	show
1369724192056	104	75	102	show
1373955348437	7	941	418	show
1371756023971	150	413	280	click
1373640596386	122	108	257	click
1366346103752	139	468	167	click
1372309472845	77	46	344	click
1372300885221	138	462	167	click
1373484531410	148	965	307	click
1372858167606	109	133	46	show
1367644728592	41	614	55	show
1371435293438	60	333	61	show
1371604919466	138	275	239	click
1371055710275	20	334	315	show
1371818138310	58	110	46	show
1369997570090	5	336	424	show
1370743600618	122	136	11	show
1367403876826	43	749	319	click
1372614041644	80	512	171	click
1369405500325	3	402	170	show
1371780685366	102	836	242	click
1370515044359	112	823	241	click
1372550054299	150	829	16	click
1367862429343	1	948	213	click
1372039908526	142	306	5	click
1369292609835	21	334	227	show
1370916469875	52	86	45	show
1373970258443	47	76	2	show
1366355581190	114	947	124	click
1367770380035	13	47	492	click
1369830283457	16	751	372	show
1371061898603	65	56	368	show
1372137848809	140	737	362	show
1373408381565	123	491	203	show
1373072593303	37	790	248	click
1370104963989	100	220	364	click
1372556212223	43	340	286	click
1372718108970	145	810	72	click
1367674423225	125	512	426	click
1373125092133	41	949	426	click
1373116508074	111	431	17	click
1371395266747	83	802	494	show
1369863729023	144	898	41	click
1373445606276	64	994	416	show
1372587605804	141	543	136	show
1373445195928	23	169	126	click
1369490541893	25	706	160	click
1369352754341	64	345	281	click
1367678735925	21	170	118	click
1373419545160	67	907	259	click
1371487799828	105	607	396	click
1371531806713	23	297	139	show
1367349937375	84	337	196	click
1369422922642	53	828	378	show
1369028856301	30	327	485	click
1372778193481	26	577	303	show
1370649305075	113	827	291	click
1370047290014	145	890	170	click
1373282581915	132	559	325	click
1366709332253	66	746	367	click
1367159759225	85	608	423	show
1367386986875	140	354	132	show
1367866036213	70	813	125	show
1368693470233	91	9	352	click
1373832861057	76	26	96	show
1373556268865	74	337	109	click
1370111109617	38	294	31	click
1372540014516	64	588	119	show
1369094047313	121	753	495	click
1370014865584	51	413	219	show
1367578705419	82	499	135	show
1372868520027	83	698	476	show
1370259298984	109	158	456	click
1366859333054	42	712	235	click
1368430710630	98	977	133	show
1373228204507	126	948	145	click
1366435133006	147	878	89	click
1366401306172	59	254	278	click
1370129726315	111	539	196	click
1371136188487	36	291	79	click
1372671316838	109	299	314	show
1371991429578	114	809	308	show
1371348328028	137	586	445	click
1371656634383	55	757	411	click
1369476529170	78	37	285	show
1372137279350	39	762	85	show
1368625247896	21	432	493	show
1369557596337	5	252	242	show
1366490306280	9	872	243	show
1366483836862	91	611	422	show
1366992864953	66	826	377	show
1370210250670	126	368	203	show
1368693252945	77	683	192	click
1366920292459	43	283	14	show
1368093220544	68	64	249	click
1373064888557	113	495	62	click
1366423313160	105	726	459	click
1369988916537	78	754	111	click
1371703356912	88	323	330	click
1369762471968	61	473	116	click
1368049143989	21	167	374	click
1369535949920	131	508	398	show
1366957628599	69	269	13	show
1370540379041	115	84	442	click
1368910860124	22	737	342	show
1368163576296	11	790	239	show
1370959751581	76	877	235	show
1372321610070	88	641	189	show
1372429953632	14	8	251	show
1367912096677	126	905	403	click
1367190278883	134	603	390	click
1368911505651	53	329	481	click
1372773840809	58	751	265	click
1374155455260	144	232	252	click
1370222358782	60	792	1	click
1374037588824	81	526	390	click
1371870399681	147	713	113	click
1371127710047	44	53	467	show
1372764156930	45	778	357	click
1367630610168	60	600	10	show
1370811621433	27	323	491	show
1372287584273	82	428	391	click
1368562576764	7	480	327	click
1366445782878	27	63	79	click
1368202980427	38	573	273	show
1373659991784	35	84	268	click
1372233662339	70	475	150	click
1369021349161	81	125	164	click
1367717526199	41	598	401	click
1372238153267	16	126	384	show
1367274548916	69	782	196	show
1368728762079	77	201	170	show
1370402399573	56	422	56	click
1373905883529	32	634	281	click
1367838877462	56	592	10	show
1372995607443	73	322	223	click
1371612424168	103	827	500	click
1372225994845	117	850	58	click
1366452334157	108	525	316	click
1369329962141	66	889	414	show
1368455542974	118	129	235	click
1372073683266	12	941	113	show
1367325325861	79	462	223	show
1372980813112	138	253	107	click
1367159903852	24	916	205	show
1366474227681	35	969	205	click
1369608803078	148	923	61	show
1371774803344	2	517	461	click
1370847729020	108	146	491	show
1368176275732	87	271	296	click
1368303982510	45	271	370	click
1372011418186	52	977	177	show
1371573852695	66	130	465	show
1371436640170	108	741	38	show
1367878567986	106	870	391	show
1367984828878	90	499	125	show
1367667625300	86	502	238	click
1366379968527	115	726	172	show
1370427110258	113	528	478	show
1368059581581	51	969	353	click
1373096876005	101	738	112	click
1371195351886	16	413	166	show
1370288407868	104	258	63	click
1369419747507	45	507	44	show
1372434857010	122	693	293	show
1372207934980	88	662	208	click
1373345118860	47	884	182	click
1367729203883	15	375	184	show
1370263552728	130	311	365	show
1368325763378	145	317	445	click
1372943922625	18	523	326	click
1370558860688	138	675	400	click
1369036901462	79	119	82	show
1368640046060	148	111	317	show
1370264603275	114	570	175	show
1371838036272	63	37	128	show
1372164711183	131	272	169	click
1366570160602	129	68	196	show
1373298107400	106	637	187	click
1369535069805	122	597	377	click
1371447390027	31	1	251	click
1370022117610	3	105	74	click
1373247472316	116	826	434	click
1372399575112	140	589	472	click
1370406525046	66	827	162	click
1372535124171	11	437	416	show
1368194273126	35	291	28	show
1370858393750	18	317	19	click
1368653653094	106	183	268	show
1367349682998	103	775	11	click
1373774885884	74	986	226	show
1371840847201	24	421	483	click
1368066368242	63	755	27	show
1371346769549	31	328	314	click
1373545218344	115	307	454	click
1370629834293	13	980	112	show
1367293579841	96	440	166	show
1371980267671	81	643	220	show
1368833641381	81	263	358	show
1373081670033	44	510	104	click
1370407201035	66	267	323	click
1370389563538	146	139	461	show
1370012843335	80	492	43	click
1372042132273	136	797	424	click
1371586978331	22	33	216	show
1370214590682	146	650	79	click
1373964484476	13	862	109	show
1370427551472	78	355	387	click
1371628355189	57	922	262	show
1372236779526	30	645	495	click
1372379049564	78	877	9	click
1367932433958	78	830	46	click
1372193796803	3	862	426	click
1368433455982	35	347	377	show
1367876506732	17	861	129	click
1373637815122	115	839	468	show
1372290002793	25	828	46	show
1370057925314	131	257	63	show
1367287407108	139	911	64	show
1369203424556	142	488	330	click
1367324579196	143	811	250	show
1373127166279	37	624	146	click
1368000859773	120	425	97	click
1373491450084	21	467	417	show
1372475855929	38	357	251	show
1370304553229	17	991	285	show
1371589111197	90	832	40	click
1369066555379	39	224	84	show
1366727399383	84	346	196	show
1370189569317	21	134	124	show
1371527269635	58	437	91	show
1370765021186	59	506	110	click
1366466847168	31	786	193	click
1372035523621	76	863	50	click
1368806377915	102	111	343	show
1369671476547	92	474	1	click
1370985742507	129	505	134	click
1373281117097	59	282	62	click
1372582555549	36	832	160	show
1369889423265	72	788	268	show
1373712160908	84	679	158	show
1367468600734	71	193	331	click
1373266640039	76	88	60	show
1371394527246	110	186	167	show
1367939267464	136	60	387	show
1369824592264	98	980	253	show
1373144974782	94	408	340	show
1366733151713	39	614	419	click
1372163427383	71	187	480	show
1367937693219	27	768	11	show
1372420941182	132	139	407	show
1366643026638	18	945	59	show
1366581417625	30	642	166	click
1368272838463	69	499	356	show
1372344445686	118	414	413	click
1371218631486	111	665	489	click
1371561098699	33	290	227	click
1369295200015	115	498	312	click
1371792667763	96	687	272	click
1372010086409	129	386	485	click
1366440624810	149	148	288	show
1367892584557	65	255	451	show
1369258643499	77	801	283	click
1369157012120	77	245	178	show
1372678099121	23	951	271	show
1366900110640	19	380	20	show
1366849774159	69	776	78	click
1369971671045	109	256	222	click
1373444108142	64	937	76	show
1366769804455	105	989	199	click
1371826574701	104	512	274	show
1373764426542	133	346	293	show
1372393031935	132	593	354	show
1369058611533	10	949	238	click
1368342207317	94	84	319	show
1366903877657	33	497	15	click
1366461301329	18	861	346	click
1371292564183	8	516	212	click
1369058173553	67	531	492	show
1368682791324	90	454	131	click
1369791601456	84	250	274	click
1370952778211	71	12	36	click
1370854904076	132	68	159	show
1373061895202	58	200	50	click
1367501102492	100	408	183	click
1373567510813	135	317	23	show
1368228605318	60	229	338	click
1369268407325	132	178	19	show
1366709858495	58	67	114	show
1372039828564	38	689	212	show
1373569566182	84	517	435	show
1369176095768	145	939	478	show
1369834318905	68	565	280	click
1373143450868	39	4	459	show
1368477515336	130	571	479	click
1371399912840	107	878	55	show
1367027542717	130	243	76	click
1368043353503	16	811	55	click
1367609063494	140	739	481	click
1368914859194	133	413	168	show
1374059488727	93	403	1	show
1373392159192	8	577	197	show
1371783338059	93	412	441	show
1368261181447	116	985	344	click
1366914293848	30	506	468	click
1369632066681	1	392	199	show
1368043127683	29	173	39	show
1369247915047	146	507	383	click
1370321985245	87	561	30	show
1371630004736	86	992	70	click
1372252279975	27	305	150	click
1369533941800	92	683	263	click
1372981796540	67	639	434	show
1369080881243	145	644	300	show
1367215565422	40	196	251	click
1373239536463	127	728	55	show
1373662590678	48	5	96	show
1370430346378	45	302	273	show
1369877282719	98	781	422	click
1371186502225	134	619	117	click
1370473423648	1	368	321	show
1367855911379	62	354	156	show
1370248780287	57	292	443	click
1373521157129	132	836	1	click
1367829121390	89	515	180	show
1367250205383	103	174	175	show
1369597299915	94	540	366	show
1372958965336	124	37	128	show
1371395122694	56	44	372	click
1371380409425	57	135	278	show
1372507108012	116	910	448	show
1370054977703	59	952	162	show
1370561367505	118	593	4	click
1373973970507	126	253	17	click
1366374476518	33	963	374	click
1369656040546	13	323	331	show
1371534113240	55	526	89	show
1366863531260	74	599	251	click
1373008817232	146	422	233	click
1372637204800	135	931	367	click
1366540215532	48	531	250	show
1370617257645	70	280	338	click
1370458328143	54	896	387	click
1370510636859	34	680	96	show
1371743102776	77	980	379	show
1366731647371	135	589	13	show
1367321179112	111	443	452	click
1366591920965	149	66	57	show
1369004897017	140	472	8	show
1367779273306	81	537	204	click
1367526790495	42	898	160	click
1369918822740	21	401	125	show
1372699173279	70	607	196	click
1368327374066	79	592	18	click
1367279734936	67	401	410	show
1368664310781	58	532	71	click
1368130835547	108	607	164	click
1368623947330	6	551	469	show
1371612354795	96	965	167	show
1369263559814	150	441	289	show
1374024839136	1	12	240	show
1372559519242	60	46	87	click
1367379133200	137	195	189	click
1366722138299	98	299	286	click
1370244627600	11	461	90	show
1368622060283	9	976	344	click
1373618159463	115	627	239	click
1372536110791	35	293	236	show
1366355490654	106	87	64	click
1369297397655	25	952	353	click
1370749109045	12	281	5	click
1368954012161	60	315	451	click
1369409891377	32	448	379	click
1366715888492	114	370	215	click
1370655306287	37	534	3	click
1372356237777	85	977	366	show
1372021115697	12	174	433	show
1373482526936	12	313	216	click
1371630648171	88	106	35	click
1370022651315	14	892	262	show
1367518548110	77	603	101	show
1372730631688	96	500	262	click
1373734757398	4	335	119	click
1366588931660	112	745	435	click
1372327301868	138	301	464	show
1368845584911	107	139	77	show
1373166016245	67	315	18	click
1373822731243	142	727	118	click
1367705827547	77	279	305	show
1370926175652	36	841	340	show
1373096560975	75	398	406	show
1374023899866	14	791	406	click
1372356658654	18	839	243	click
1373257574318	47	842	314	click
1372113292671	7	169	305	click
1373751604517	120	684	77	show
1367526798458	18	7	91	show
1369973490010	88	314	347	click
1374096140044	17	350	378	click
1373128580422	80	97	114	show
1368628867146	116	606	319	show
1368471284009	45	451	340	show
1373252899909	89	85	221	show
1367446502740	46	792	21	click
1373618334497	147	773	70	click
1371016765756	55	117	169	click
1368829075969	64	768	231	show
1374183166484	36	344	322	show
1373537123222	142	548	283	click
1371877730114	35	289	269	show
1371999270650	128	606	232	click
1368429123005	82	410	401	show
1373218624037	1	565	331	show
1372387393292	149	507	466	click
1370570496785	82	234	490	click
1367100447001	111	138	399	show
1370079624927	51	724	80	show
1368365352905	45	625	108	click
1372937410132	48	642	468	click
1373067924464	24	820	75	click
1366549713435	53	269	19	show
1372608481244	110	376	89	show
1371132433705	13	695	270	click
1374137477387	108	45	361	click
1373397261617	15	171	229	show
1369780133703	53	761	419	click
1372237362130	123	124	444	click
1373799488968	9	496	407	click
1373746821086	56	961	159	show
1373675417913	1	655	287	click
1373300121451	115	341	121	show
1366983083829	31	293	75	click
1369968840782	103	69	479	click
1370151406534	65	462	241	show
1372473485139	138	529	417	click
1372770669854	54	799	377	show
1369914041038	138	395	157	click
1371284757658	20	79	94	click
1372110779452	120	31	198	show
1368247201354	89	145	15	show
1372959787012	110	438	302	show
1374012566090	11	711	81	show
1373084259296	1	148	299	show
1372146473863	143	771	190	show
1367006759180	85	709	74	show
1374123939928	38	101	215	click
1371283291571	125	934	45	click
1367290632754	84	855	341	show
1369464443573	65	199	276	show
1369227822887	29	286	458	click
1373848472759	12	90	22	click
1369910515778	51	915	47	show
1366910766971	105	631	294	show
1367841214642	102	551	322	click
1370962115318	15	909	51	click
1368233851908	84	587	123	show
1367816334435	105	941	455	click
1370146336732	42	738	210	click
1372524984686	71	749	451	click
1371860443639	51	850	453	click
1371561677901	11	725	47	click
1367397972213	81	387	54	show
1367193047438	31	337	258	show
1367742510905	81	851	41	show
1367470272260	75	510	198	click
1370321554358	57	453	254	show
1372575396686	109	734	430	show
1371743696552	47	19	153	click
1371277412027	141	580	40	click
1371823092325	30	623	99	click
1369685582915	61	193	316	show
1370689484812	105	664	152	show
1371690534750	117	317	384	show
1373779708526	122	932	71	click
1372493253796	79	31	486	show
1373843756174	99	355	387	click
1372559181238	43	407	233	click
1372313586671	40	673	65	show
1372980680054	126	43	208	show
1370547722222	2	507	310	click
1370884605107	12	217	114	show
1368732497998	89	99	80	click
1370977854780	23	828	85	click
1368714270877	73	147	380	show
1370908385355	124	894	126	show
1371699824653	56	541	14	show
1366704092690	84	930	266	show
1368398344030	52	153	241	click
1369695820074	23	188	301	show
1372058933945	57	748	218	show
1367235574628	43	137	226	click
1369208938317	133	430	246	show
1371820208995	108	938	333	show
1369126946163	6	59	63	show
1371734540323	112	933	38	show
1371010933577	5	838	79	click
1373079114753	100	571	198	show
1369037500903	9	216	13	show
1371193714951	34	293	100	show
1371440412244	73	829	405	click
1370891088516	124	534	288	show
1373770545233	14	501	175	show
1367114183011	28	58	464	show
1372033906841	110	659	460	show
1367433944538	38	114	133	click
1372634234657	143	294	291	click
1367809339904	64	562	244	click
1372347793635	47	461	241	show
1366449560782	76	553	410	click
1374037952994	114	667	314	click
1374168547638	35	519	409	show
1370039136007	116	891	44	show
1368196832700	13	254	7	show
1367525359466	68	383	74	show
1370620547903	12	82	12	show
1373868427634	116	396	426	show
1371144208900	42	920	410	click
1370047856566	14	302	251	click
1370010157728	40	501	45	click
1373310741796	138	740	182	click
1373816390446	62	382	254	show
1369513822335	54	931	77	click
1372869543847	14	201	205	show
1369232313148	56	231	347	click
1367138817820	27	137	172	show
1371849860829	41	339	42	show
1370252505228	27	461	295	click
1370399325752	32	11	190	show
1366862098820	142	827	324	show
1370434536396	142	286	300	show
1367322494403	115	225	26	click
1368707554886	47	266	391	show
1367080181535	38	96	51	show
1372112276288	109	878	346	click
1373274318668	10	995	371	show
1366956067626	57	895	154	show
1371208417536	96	286	61	show
1369896762710	12	188	366	click
1370122851803	28	755	216	click
1373011458301	110	475	348	show
1371056861344	62	153	372	click
1370233977393	87	455	37	click
1372441004193	76	897	15	click
1373330950442	99	485	247	click
1372744955340	72	617	80	click
1372828711512	34	997	205	show
1372311376453	138	577	42	show
1371532773018	14	20	257	click
1370210236020	82	70	418	show
1373869338836	109	173	357	click
1373155141756	19	514	332	click
1373541372383	25	547	107	click
1368706052866	20	319	386	show
1367078877716	122	122	479	click
1369331275766	79	50	347	show
1366545834346	131	867	28	show
1367307140552	29	725	208	click
1373234051872	19	755	150	click
1373266150555	107	507	321	show
1367662683040	103	863	275	show
1366669134149	12	78	323	click
1372984556373	137	901	449	click
1370015620109	58	924	446	show
1370444560442	17	926	287	click
1373810877818	68	791	193	click
1369984911031	4	400	292	click
1374184786768	149	900	415	click
1371750594414	74	494	23	show
1374170836957	110	728	367	click
1368914869095	83	845	8	click
1368455983339	141	551	458	click
1370178098885	78	449	243	show
1368099106347	29	515	351	show
1371232261028	7	995	8	show
1369464869648	146	238	45	show
1372905668839	49	378	56	click
1368847131861	28	461	279	click
1370858006648	137	804	102	click
1371548954201	1	152	469	click
1366611390103	130	366	44	click
1369153731749	48	953	211	click
1366940750599	149	34	97	show
1367101130334	43	569	286	click
1371012678958	107	964	452	click
1368957793673	56	284	185	show
1367658749467	56	485	95	show
1371363582246	88	590	199	click
1367397697088	18	287	340	show
1367805827798	132	740	61	show
1369482660429	34	390	151	click
1369178780118	108	471	308	click
1373703734301	114	417	130	show
1367756912315	7	244	101	show
1367483562896	15	268	262	show
1370119760739	73	482	93	click
1370033482845	30	63	275	click
1368305359186	130	246	287	click
1373967361323	47	549	374	show
1372173085121	130	988	404	click
1374063160322	42	889	130	show
1368574496602	23	559	372	show
1370209227481	107	143	80	show
1369836347754	67	822	465	show
1370957060883	43	263	330	click
1370430183465	110	106	313	show
1370087568865	26	636	469	click
1372667578537	130	365	252	click
1366944943995	116	840	173	show
1367206354834	115	399	469	show
1373942535103	97	778	254	click
1369560649670	24	498	223	show
1373080007492	60	807	372	click
1371065108127	75	273	290	click
1367335209495	85	212	77	show
1370080517631	5	495	233	click
1372308103624	81	459	189	show
1369826303276	123	76	167	click
1368781981123	44	809	470	click
1368022090011	122	818	197	show
1373948992308	145	465	459	click
1371251793650	66	225	388	show
1371542269357	33	268	22	click
1373619008250	92	745	106	click
1371972919446	93	68	315	click
1373712526066	87	833	253	click
1371310711928	99	329	485	click
1373436922408	80	10	373	click
1368769145169	135	570	321	click
1367731032495	49	384	92	click
1367000441168	54	784	393	show
1368535568667	114	788	456	show
1373312015382	128	382	148	click
1373690077826	42	307	401	click
1373164458580	41	433	254	show
1370465100569	129	418	218	click
1366890532135	129	578	410	show
1366865415098	35	223	247	click
1369106253728	32	275	5	show
1366940332716	26	642	99	click
1370525684822	122	233	356	click
1370549721781	89	633	64	click
1370971721895	36	425	144	show
1368670626596	58	734	326	click
1371246607562	79	666	380	show
1370506431927	97	589	193	click
1366428784094	95	242	165	show
1369428913426	73	775	453	click
1369855709352	79	828	16	click
1367397030473	94	755	59	click
1370803430602	104	908	46	show
1369336870956	33	948	371	click
1371630094087	98	173	122	click
1372977052390	3	301	265	click
1370197329328	139	761	216	click
1367556718071	141	866	389	show
1371469258675	77	988	401	show
1366735151397	64	953	102	click
1369888410914	116	853	52	show
1371926524067	61	162	1	click
1368663293674	93	385	328	show
1373650895572	23	854	153	click
1370535711599	2	218	315	show
1369197868804	56	412	145	click
1372734457050	146	872	351	show
1371962096097	56	371	449	show
1367808865433	19	915	298	click
1373514422241	99	669	163	click
1372942155304	86	936	5	click
1372383426708	112	23	392	show
1368256995822	22	68	214	show
1373495130294	23	718	87	show
1367645661406	49	248	288	click
1368803217849	87	468	186	show
1370784930696	4	493	161	click
1367276231462	138	652	167	click
1369530051273	119	36	81	click
1371749406012	142	589	344	show
1371406908314	5	611	483	click
1366468919664	20	505	255	click
1370751772622	149	305	408	click
1368544339714	37	935	8	show
1366555105628	84	387	200	show
1369668546522	86	32	342	click
1370660214767	74	943	106	click
1369328144466	144	314	6	show
1370214104578	90	361	304	click
1370321889455	48	321	67	show
1369398684467	4	816	220	show
1366697019544	141	632	239	click
1370047153156	119	266	212	show
1370210195061	47	610	171	show
1373794002368	54	585	103	show
1371360799796	76	537	141	click
1371600934309	64	590	5	show
1372750013202	12	470	258	show
1371349522976	117	466	155	show
1371591727051	77	32	478	show
1372023801184	37	225	239	click
1368045526055	53	704	478	click
1368253830452	112	831	297	click
1370954639806	81	489	279	click
1371224241387	77	862	376	show
1369794440752	3	188	120	click
1368270163813	76	441	110	click
1367292932207	149	937	271	click
1373880110120	20	200	215	click
1371163091002	110	292	217	click
1367246508891	37	631	134	click
1368926182238	2	355	461	click
1368451278751	24	633	313	show
1367049788357	106	245	321	show
1366778004340	82	312	229	show
1373260022826	11	159	191	click
1367129219730	81	836	481	click
1372574310380	45	14	282	show
1370727854256	140	275	92	click
1371590540267	2	958	475	show
1374023693840	44	594	481	show
1373395252453	104	673	339	click
1368593455736	128	505	370	click
1368328944853	82	656	244	show
1372540985646	138	804	403	show
1372423772339	37	446	46	click
1368302515185	122	238	471	click
1373405035774	138	552	479	show
1372055657789	74	944	41	show
1367505332287	59	701	61	show
1370258672194	5	675	204	click
1367239646772	73	941	351	click
1367902196829	45	339	210	show
1371572503077	24	457	375	click
1371332754472	110	354	383	show
1370344357535	112	704	247	show
1373272706790	51	788	132	show
1373994875042	137	76	382	click
1366379625718	1	933	425	click
1372395752750	79	465	107	show
1368568726107	59	926	320	show
1367669829676	111	725	444	click
1368834192196	146	554	32	click
1367662484388	139	193	263	click
1368750491208	115	120	297	click
1367874672177	98	777	63	click
1370491592071	57	305	471	show
1373979439316	67	324	23	show
1374164443257	93	990	392	show
1369969386451	115	507	428	click
1367442503316	57	220	128	click
1372486998378	29	735	9	click
1368962005884	73	7	337	click
1373751892761	106	670	482	show
1370108118725	3	621	435	click
1367282241989	131	556	314	show
1371589907199	61	321	151	show
1373472134272	141	852	406	click
1367131277472	87	46	96	click
1372984906018	134	260	210	show
1370844663320	87	368	36	show
1366456038239	26	75	34	click
1366757895459	111	394	69	show
1371761586273	60	33	481	click
1369536268869	54	965	338	click
1371413917894	101	173	155	click
1373128099095	64	889	79	show
1368201163911	140	675	213	show
1370018310659	28	777	500	show
1369567300120	148	722	183	click
1367224664709	29	829	205	show
1370396629298	70	416	178	show
1370588506040	82	589	50	click
1372323098010	67	131	261	show
1370304046372	97	533	331	click
1370664171029	43	322	263	click
1368204461081	93	774	440	show
1370384183267	128	999	271	click
1369491786973	99	361	326	click
1371436772370	71	759	57	click
1372087793976	52	164	346	click
1370005512833	95	170	162	click
1370029235242	7	514	479	click
1370912562547	64	104	451	click
1372996234431	128	485	372	show
1372805087011	72	493	48	show
1372197569759	66	989	319	click
1368846498600	143	966	299	show
1368253065139	7	772	100	show
1367438444030	71	866	488	click
1369747268442	84	717	455	show
1369877403575	54	442	28	click
1371879505169	131	725	232	click
1368943139954	119	961	409	click
1372457653975	8	453	161	click
1373389330435	143	462	420	click
1368305693657	68	101	71	show
1372444999181	106	591	271	click
1371510196873	88	390	491	click
1372484564399	119	971	246	show
1372012204254	150	583	141	click
1373347561288	26	933	496	show
1370928049665	24	77	374	show
1369361441261	45	821	87	click
1368719022570	18	294	61	show
1368538919595	20	779	381	click
1371873305898	149	546	402	click
1371691305618	34	242	422	click
1370174631101	94	485	17	show
1371985511940	75	689	460	show
1368226644447	133	183	75	click
1368452138253	44	425	361	click
1369792111350	150	129	273	click
1366897770281	109	837	299	show
1370697928417	145	728	216	click
1372344514165	66	437	312	show
1371145307115	79	959	269	show
1366713756336	64	310	20	show
1373456855634	61	230	26	click
1371806713576	73	861	83	click
1371992081434	132	175	366	click
1366994376567	126	485	235	click
1373140200734	61	182	425	show
1369667891189	75	6	34	click
1369141944831	99	370	105	show
1368411332254	71	161	171	click
1370558262453	46	204	99	click
1369970498920	64	50	288	show
1368327595707	137	907	384	click
1369161230186	67	601	323	click
1368371124583	137	369	81	click
1372972004976	26	362	212	show
1366386980838	85	63	303	show
1368925451505	118	212	322	show
1366528489421	112	567	154	click
1367891963700	81	582	236	show
1373201662907	129	965	207	click
1368873536361	44	436	39	click
1374143043319	82	986	135	click
1370294176093	88	280	223	click
1367867699348	29	676	379	show
1372334247504	61	138	23	show
1366533900223	122	984	297	click
1369375179228	17	948	409	click
1370515839814	90	227	279	click
1373134849488	135	406	79	click
1373931402847	55	820	110	click
1367242181290	60	367	92	click
1373344850971	133	415	262	show
1367913516050	112	900	168	click
1369578278543	48	869	166	show
1368749299752	105	640	333	show
1374079937507	72	65	403	click
1373756199822	47	578	312	click
1374147280595	106	101	154	click
1371408167486	11	714	393	click
1367781025512	67	653	61	click
1368512528245	43	888	487	click
1372469339236	57	165	367	show
1369223777869	37	671	246	click
1370525763734	34	767	122	show
1369104734137	106	562	376	click
1368811702023	34	207	234	show
1372113325755	29	110	165	click
1369211680075	62	795	483	click
1372046243088	91	433	261	click
1367678685369	28	897	376	click
1366966240969	149	854	231	click
1373483285684	93	127	207	click
1372247407384	67	613	265	click
1367319175691	33	188	190	click
1367598998922	2	506	470	click
1370686819743	28	135	473	show
1372888784951	114	164	223	show
1369807277328	50	410	76	click
1373645934727	142	880	457	click
1369132673564	81	367	417	click
1366484302449	55	95	420	show
1366899883145	129	614	343	click
1366461477694	36	834	392	show
1372762854178	13	25	216	show
1368727318914	96	48	287	click
1371577335222	81	134	92	show
1368475174513	56	304	203	show
1372387368665	32	287	112	click
1366372251316	23	161	248	click
1368277001019	38	827	375	show
1368485629488	40	213	262	click
1368058303825	81	598	472	show
1371195206789	57	713	150	show
1372705796030	126	277	329	click
1372365810567	2	967	186	show
1372988725896	100	924	460	show
1366484539415	13	819	131	show
1369030637037	23	512	357	click
1366752093210	41	195	311	show
1366461004910	97	487	41	show
1372335656975	80	375	470	click
1372638011082	61	530	388	show
1367555678348	83	772	9	show
1370898203140	82	40	121	click
1370998987800	125	41	190	click
1372551410964	65	6	219	click
1372293925686	13	955	184	show
1370239463827	34	676	55	show
1371557749776	35	350	300	click
1368411712164	21	646	423	click
1369591403307	120	966	102	show
1371742524287	120	139	122	show
1370950071720	77	507	87	click
1373235968496	88	396	128	click
1371644250906	102	395	136	show
1371160608972	129	780	137	show
1372867044928	147	500	388	show
1371772710741	31	145	333	show
1369399864583	142	882	191	show
1367303143521	40	566	212	click
1370848479756	120	166	256	show
1369294715035	143	334	231	click
1367563245017	127	134	391	click
1367820138887	144	19	40	click
1369907542833	86	290	118	show
1367352917274	47	902	348	show
1372782284997	79	850	202	click
1370114855743	109	574	347	show
1372024767395	147	17	124	show
1366782650287	144	745	291	show
1367018050329	74	265	193	show
1370770629159	108	487	389	click
1368513618222	58	498	192	click
1372765844140	25	975	349	show
1367595735809	45	736	499	show
1369807491593	31	146	188	click
1370595107540	108	676	34	click
1368980376278	128	588	420	click
1366983055434	100	418	448	click
1371096616982	45	753	348	show
1368705851948	75	155	162	click
1368522141179	87	981	309	show
1367386996232	23	983	168	show
1372209166711	51	773	17	click
1372424269278	103	439	164	show
1370643421941	93	603	357	show
1369330884992	104	710	283	click
1368853690727	110	233	461	show
1373493731295	102	299	406	click
1369079104393	26	45	378	click
1367431592896	74	812	487	show
1366561313934	49	367	405	click
1368517758932	25	759	172	click
1373854889617	106	922	237	click
1366522639014	11	549	68	click
1370279782254	87	796	84	click
1371787784045	20	240	404	click
1368270493147	31	272	449	show
1369295574139	30	274	403	click
1373157593592	32	902	379	show
1368437221099	95	286	175	click
1366421504421	63	638	80	click
1369978130529	2	492	344	show
1366594754881	125	826	438	show
1373097439593	138	238	258	click
1366674349007	73	118	496	click
1367196060281	38	566	390	click
1372842579681	66	972	376	show
1372548243907	82	956	448	click
1370988785480	109	114	426	click
1366441017314	125	909	271	show
1371410811465	41	229	304	show
1367113996069	82	880	291	show
1373384366012	38	656	188	show
1372778898510	59	407	183	click
1369871151294	94	495	240	show
1371041312834	83	574	369	show
1370176138550	113	11	489	show
1373877236502	27	709	72	click
1372043395221	130	312	22	show
1370498231740	68	323	339	click
1367505159268	126	446	44	show
1369315403946	49	31	185	show
1369306639767	108	813	351	show
1373426164576	37	283	31	click
1369946513182	121	187	268	click
1368250168216	133	847	399	click
1368003009552	126	161	336	click
1371308311933	39	638	103	show
1366422535921	71	675	330	click
1368874164627	131	273	21	show
1369450740617	126	451	85	show
1372334047645	141	597	158	click
1373983106399	6	417	76	click
1368425207608	19	270	409	click
1368544993487	9	869	145	click
1371093221039	52	228	491	click
1368842737876	48	303	213	click
1370954513761	88	637	478	click
1371365025098	56	828	24	show
1370913802362	70	651	192	click
1368986362276	69	278	237	show
1372724945159	61	119	190	show
1370874523102	6	940	287	click
1367352561663	81	207	401	click
1371795680400	108	91	350	show
1369829586469	34	200	261	show
1368586078504	111	344	413	click
1373740352611	87	155	276	show
1371565993898	6	917	159	click
1366683297997	80	527	474	show
1371730199720	140	563	88	click
1370170263445	100	46	423	click
1370597983933	6	1000	47	click
1366511002940	112	341	375	click
1369661911316	114	109	101	show
1370672615465	82	833	278	click
1370194488759	94	726	304	show
1370171940015	112	50	384	show
1370255310934	140	842	43	click
1368167650388	99	303	334	click
1368701820907	115	365	164	click
1367885374262	93	913	444	click
1366965214121	112	663	251	show
1368935709228	16	378	14	click
1372145187320	13	321	85	click
1373527985869	89	89	128	show
1373115456047	122	405	419	show
1373656880748	68	637	150	click
1373616015155	110	105	77	show
1372291966225	79	111	365	click
1373509091573	78	206	113	click
1371485664546	54	756	268	click
1371766494409	104	940	81	click
1372907428373	47	789	220	show
1369197876265	22	601	370	show
1369731458819	38	588	68	click
1366779180443	57	796	119	show
1371137546996	76	367	449	show
1370946707767	134	255	99	click
1371146883632	126	684	354	click
1372002413212	79	133	18	click
1366569392206	64	877	274	click
1373217129354	72	517	121	click
1371974941386	52	719	78	show
1371088905020	106	350	383	show
1369665207418	84	406	212	click
1368608972943	91	402	7	show
1373949644156	87	980	250	click
1370601233777	16	302	277	show
1368457036277	58	403	265	click
1374006213211	135	814	44	click
1372677264363	140	487	61	show
1370867784757	42	66	214	show
1366699878310	28	893	456	show
1368302754989	120	586	126	click
1368348461187	138	437	277	show
1370923743681	17	212	131	show
1366618682819	19	760	159	click
1369958674748	88	147	478	show
1371213501499	7	122	393	show
1372550638943	17	972	64	show
1374176463218	27	731	78	show
1371846036799	100	511	471	click
1368957189555	79	973	149	show
1367028529868	39	835	107	show
1371723366629	101	475	306	show
1373423677555	70	53	89	click
1371682281715	94	114	327	show
1371896673007	131	515	64	show
1372602566273	118	201	279	click
1372125887919	34	283	304	show
1367704993188	81	531	110	show
1371966012169	98	630	112	show
1374196343406	107	712	465	click
1369604117955	145	862	351	click
1367828346153	66	618	309	click
1372085158824	71	837	493	click
1371607604057	84	351	273	click
1373183070371	121	836	22	show
1367719828629	124	950	132	show
1367802166090	132	451	262	click
1371764340408	16	691	117	show
1372605462818	69	656	15	click
1367309261818	100	502	337	show
1366626075949	9	681	377	show
1368186324364	6	297	363	show
1373952967684	62	295	278	show
1372084840354	23	708	98	click
1373339729084	33	982	39	show
1372285919824	66	105	424	click
1373903986945	115	133	441	click
1369747207902	118	686	357	show
1367720009260	35	676	38	show
1373341452917	21	454	267	click
1369979694639	35	23	204	click
1374186344390	78	31	215	show
1372886155834	105	366	249	click
1368899993775	30	380	425	click
1369591924565	108	848	30	show
1370497908057	113	663	383	show
1367217636058	62	265	261	click
1367198055913	78	171	68	show
1366650757873	98	953	431	show
1371597877745	80	119	455	show
1370478149954	133	816	328	click
1366997074392	27	502	253	show
1369217185216	91	594	191	show
1368986440124	82	120	391	click
1374039952861	124	854	208	click
1367292728510	54	766	227	click
1373118332728	87	642	267	show
1369221012950	97	810	183	show
1372553297000	128	580	334	show
1369758043645	97	862	17	show
1374056351827	79	494	66	show
1367199391361	14	627	341	click
1370080114235	39	900	46	show
1370863708637	65	537	333	show
1373750240565	40	942	235	click
1368892247144	43	983	292	show
1366693081900	72	317	418	show
1372783290733	122	528	156	click
1370633139333	86	670	67	click
1368288517938	146	638	244	show
1369871828124	119	826	125	show
1367317470779	136	85	230	show
1369771467548	82	907	357	show
1374071538011	46	424	241	show
1368436823919	150	141	112	show
1368386632247	115	755	430	show
1372111970839	34	512	130	click
1372951739960	134	243	347	show
1373981607100	41	465	9	click
1372341791184	5	458	447	show
1366557131323	24	991	3	show
1367737859886	63	821	268	click
1369360289227	113	242	237	click
1366604283518	41	877	119	click
1373793969467	118	265	123	click
1373904941574	137	174	244	show
1367355246477	23	461	115	click
1368019273739	136	20	173	click
1371611420136	102	230	296	click
1367399901965	92	576	338	show
1367716975184	48	52	465	show
1369091489424	47	895	36	click
1370925006696	72	754	253	click
1371842188358	66	246	145	show
1369533758848	129	514	339	show
1372169919752	142	470	396	show
1371632453493	25	179	42	click
1373587979443	56	699	44	click
1367018373971	121	666	101	click
1368443336959	11	496	342	show
1370051130109	114	578	227	click
1373143530619	8	871	358	show
1370456038952	108	955	239	click
1368838773457	70	608	337	show
1369314704822	33	462	117	show
1374045175347	148	720	281	show
1369658671219	41	919	333	show
1372031202181	35	984	185	show
1367516231865	42	741	269	show
1373810672761	67	356	110	show
1372180168424	80	84	355	click
1367265205592	140	432	256	click
1374081801200	81	980	321	show
1367332354832	119	868	291	show
1369788823417	78	283	374	click
1374082292873	106	986	99	click
1367542543215	54	966	360	click
1372142602760	6	292	320	show
1371598217968	97	472	316	show
1371843747228	36	860	279	show
1372678613404	5	521	203	show
1369553429422	98	183	280	click
1373211723219	125	679	111	show
1374031499821	63	676	84	show
1369533997463	146	74	50	show
1366522041927	44	361	336	show
1372003674517	49	43	110	show
1369809242080	89	991	312	show
1372075696788	39	908	283	click
1366674038241	55	104	2	click
1371010738979	90	342	471	click
1369870977254	21	832	195	click
1369213326967	100	718	138	click
1370185256497	95	32	271	click
1371065271388	35	409	6	show
1373917602712	75	10	250	show
1367963669745	120	825	456	click
1373940396297	136	51	371	show
1367876958788	80	867	345	show
1368891924160	37	833	228	click
1366428824063	35	900	247	click
1370507259506	44	299	197	click
1373260578031	131	991	272	show
1368181099821	35	806	67	show
1372403533367	54	258	106	show
1373934130388	66	688	154	show
1369163881829	16	452	242	click
1371849527759	147	20	380	click
1373783193048	148	776	175	show
1371463136419	25	224	103	click
1372632390922	27	454	281	show
1370724780270	40	771	275	click
1372650234205	138	916	15	click
1369230219384	108	988	86	show
1372391341775	124	551	328	show
1371490905685	102	611	96	click
1372791024619	129	834	185	show
1373418149894	3	748	383	show
1372040453177	9	208	372	show
1367709669863	28	767	102	show
1366704318897	78	465	362	click
1366781199254	149	691	323	click
1369810053492	36	911	468	click
1367106213308	134	788	278	click
1368032240062	112	133	208	show
1369356726003	43	117	277	click
1368898322380	141	240	130	show
1369060642611	38	880	4	show
1367281397786	97	602	135	click
1371933131052	76	856	111	show
1369549123962	70	348	289	click
1367439733900	47	513	469	click
1367886117261	145	601	318	click
1372559566472	49	176	416	click
1368987929366	150	27	219	show
1374068744338	101	629	133	show
1373661377185	1	171	393	click
1372830977691	147	635	223	click
1369817719934	146	939	397	click
1371898468054	23	390	492	show
1371597193682	41	344	40	click
1374105584880	102	856	255	click
1371981493338	12	880	296	click
1369426128302	48	56	140	show
1372849563627	138	276	334	show
1368662265525	43	853	172	click
1373573118168	148	976	143	click
1371992392674	133	791	398	click
1370369816672	85	798	353	show
1373659874915	150	465	333	click
1373332577622	73	858	490	show
1373857274345	104	397	440	show
1366979427040	44	403	170	show
1370502262717	132	372	168	show
1374166305040	135	680	364	show
1369989678094	90	454	252	click
1369763918708	89	517	148	show
1369665323211	26	688	156	click
1368983872602	131	980	409	click
1367871161581	60	410	45	click
1369845262462	105	219	386	click
1366993165159	44	520	220	click
1370606762875	121	413	318	click
1370952587971	10	135	380	show
1369085806002	40	923	416	show
1366794540024	9	830	248	show
1367602416691	6	510	174	click
1373181159432	138	742	143	click
1372685361856	115	900	102	click
1367640788118	92	822	477	show
1367162853695	7	253	386	show
1369923711628	125	601	168	show
1368171206253	26	788	237	show
1373469351992	141	542	106	click
1367519329042	31	260	284	click
1373891301790	139	885	203	click
1372325153200	7	838	367	click
1367135868868	72	346	395	click
1367729702322	37	521	146	show
1366582536764	58	901	285	click
1367992112649	45	496	136	show
1369569459487	18	721	461	click
1368376694628	21	123	242	show
1368452865593	135	471	48	show
1370608918244	108	469	366	click
1372574832157	42	275	39	click
1373113848350	27	712	155	show
1369930859690	83	302	391	show
1367134627611	141	577	321	show
1371660872400	61	550	320	click
1370853862325	88	911	478	click
1369669869255	57	386	112	show
1370962787134	7	785	276	show
1367167874384	6	699	214	click
1367823526178	85	52	46	show
1367711145310	104	815	408	click
1371445670655	8	374	407	show
1369298148722	97	505	128	show
1372833774521	135	857	404	show
1367965222808	140	555	34	click
1369297252823	79	764	9	click
1368748182859	37	320	172	show
1368048372895	126	360	130	show
1373950917574	34	244	192	show
1366397803205	28	281	294	click
1370211386520	71	296	270	show
1373164534913	119	453	36	show
1371353201894	133	798	329	show
1373487307707	71	96	84	click
1369507951062	121	525	301	show
1372712205905	98	207	144	show
1367934797133	24	18	265	click
1372404748316	18	428	309	click
1367425722831	99	69	315	show
1373533092229	40	24	86	click
1367526351122	150	111	56	show
1371033601920	144	190	421	click
1372313751825	11	260	427	click
1370916255105	102	855	417	click
1368345879780	83	663	133	show
1368177441506	47	92	101	click
1371778399184	16	364	278	show
1373386840245	80	588	353	click
1369017316678	42	724	397	show
1370287192303	50	773	212	show
1371325194072	31	995	391	click
1372958710879	78	465	293	click
1366520811514	76	659	415	show
1373439399116	128	786	461	show
1366549033838	98	127	192	show
1368465842691	59	59	316	show
1372753931751	57	418	41	click
1372016140987	149	168	203	click
1370164053580	25	51	307	click
1368293751231	29	350	4	click
1369638837060	15	331	74	click
1366808079412	39	791	56	show
1373751581351	104	883	441	show
1371951420376	32	40	291	show
1371574988299	130	482	171	click
1369443589844	31	618	488	show
1371745389169	52	109	182	show
1368853084224	109	709	39	show
1368365964898	120	78	185	click
1372789234238	72	253	478	click
1366637866416	43	115	266	show
1371737141068	62	498	108	click
1369244271550	55	771	55	show
1373315389002	119	545	100	click
1372634484270	131	916	441	click
1369595671352	56	350	292	show
1369064663763	136	335	258	show
1371368063365	67	620	302	click
1370979732158	44	416	203	click
1370926203320	81	476	156	click
1367127445389	139	678	178	click
1369186807408	30	971	418	show
1367408570121	39	588	497	show
1371821017874	108	710	300	click
1371539058578	3	607	379	show
1370478944869	85	816	362	show
1371480244674	11	458	444	show
1371516685816	119	3	200	show
1369733021656	95	198	162	show
1367402233655	138	660	249	click
1370532115056	99	760	442	click
1366621255251	76	129	246	click
1367909108658	17	892	457	show
1366536622249	2	657	499	show
1367851830838	30	716	237	show
1366558967937	48	292	35	click
1367030195574	14	356	221	click
1370695748736	36	284	436	click
1368130806062	138	524	95	show
1369916469936	133	576	480	click
1371671865937	35	780	280	click
1368195301144	87	39	428	show
1374088229321	136	764	339	click
1370962711886	5	489	366	click
1366743405019	148	959	83	click
1366686475808	65	824	113	click
1371974558936	57	336	370	show
1370714995888	53	986	57	show
1367429549707	76	662	342	show
1366785549190	56	215	67	show
1372172212064	141	891	313	click
1371043019073	11	910	460	click
1371978150940	85	660	57	click
1368860159155	99	976	275	click
1373404758324	127	498	30	click
1367878498254	57	61	22	click
1368334548064	72	345	341	click
1368135646496	36	138	80	show
1367842053128	38	402	159	click
1366772303261	122	531	330	show
1366936405258	132	102	268	show
1367325295421	37	526	332	click
1370767204202	71	860	105	click
1368673887907	81	605	298	click
1371245560088	4	391	109	click
1367459674104	89	835	451	click
1373816501621	1	304	25	show
1368991306141	62	297	116	click
1367313727544	66	537	4	show
1371439947105	119	816	201	show
1370393075499	6	844	309	click
1369966269294	71	409	380	click
1368651714182	146	999	486	show
1369392832576	19	470	315	show
1369678044616	36	71	378	click
1366709433094	22	668	326	show
1367704153887	45	122	147	show
1371009242839	81	208	315	click
1367179202500	73	34	31	show
1372313314177	103	113	310	click
1373719826321	17	275	117	show
1373085007764	10	376	451	click
1368306982715	86	695	126	show
1367789121354	107	739	450	click
1373339753502	145	626	412	show
1367781859347	62	330	389	click
1371240752899	105	381	327	show
1367770125785	49	725	23	click
1371591530498	86	970	439	click
1367654361787	24	20	446	show
1371148831846	97	731	112	show
1373800773162	13	160	302	click
1371800739628	67	232	310	click
1371386582468	16	996	341	show
1366554490319	9	598	248	click
1366418637872	54	403	62	click
1370690631435	145	964	82	show
1368012182113	7	703	193	show
1370680276214	17	622	254	click
1369788304676	78	186	439	click
1371361311720	135	179	417	click
1372216107973	33	536	323	show
1367803458624	8	960	233	show
1369307231552	63	50	457	show
1370252722086	58	829	107	show
1370383641184	34	571	49	click
1372317660859	30	361	345	show
1368319446897	31	262	46	click
1372321501255	89	994	224	click
1372701562200	37	391	325	click
1370045484694	39	293	331	click
1373098819344	60	321	125	show
1367793488751	66	499	132	click
1373812871698	75	700	382	click
1366798199307	132	970	396	show
1372014870800	56	600	4	click
1372644042286	146	595	355	click
1370307280173	54	175	163	click
1367269568182	44	540	102	show
1371817595154	105	922	118	show
1371466562533	113	848	80	click
1370802064352	13	30	49	click
1372557585180	7	398	1	show
1371417047230	103	943	354	show
1373021893201	5	909	248	show
1371449850744	20	465	142	show
1368301541473	58	775	442	click
1367431794341	56	142	329	click
1369275713312	90	933	97	show
1371788105193	77	937	267	show
1371301123499	124	271	307	show
1367418418698	26	52	75	click
1367715218212	107	949	137	click
1369191351063	29	750	425	click
1367385063950	135	566	392	click
1371646113114	107	428	223	click
1370889544687	108	442	383	click
1370830095545	39	873	2	click
1366617453465	19	483	57	show
1367384036537	140	597	259	show
1371193297494	15	675	98	click
1370428437493	79	694	377	click
1373894518824	31	360	86	click
1371517178529	48	740	17	click
1368145038481	39	164	78	show
1369522346189	66	772	67	click
1367382590559	22	899	334	show
1374109321153	46	670	196	show
1367912037420	51	625	411	click
1367164267469	56	763	487	click
1369190795716	105	654	80	show
1369437395459	74	856	214	show
1373712483767	32	36	475	click
1373701478324	133	280	192	show
1368757623195	67	716	284	click
1366743253743	99	417	183	click
1368935778220	106	215	238	show
1373460357836	126	279	105	click
1368736640594	147	856	144	click
1374195262699	21	500	78	show
1367819520280	55	814	28	click
1368737686898	123	424	114	show
1367661021655	127	519	351	show
1368396828167	43	851	146	click
1373681509715	135	631	389	show
1372262888789	31	563	266	show
1366917653615	19	460	336	click
1366628424770	101	940	230	show
1367536383359	98	208	241	show
1366551163702	58	236	450	click
1372492713508	126	969	328	click
1366479625198	88	704	39	show
1369575669486	124	238	397	show
1370443440751	118	951	347	show
1367585862846	40	305	130	click
1371595506123	86	289	394	show
1368016387861	145	832	295	show
1372895774947	22	128	338	show
1371264939598	15	70	143	show
1369221659263	149	502	255	show
1371774325403	80	7	463	click
1369329921332	29	336	59	click
1373700732755	9	991	389	click
1369838822695	99	688	457	click
1374139101275	110	742	282	show
1368658812256	28	885	344	click
1370624211555	3	549	475	show
1369855239423	56	766	285	click
1366859160512	129	689	256	show
1368949801874	109	784	433	click
1371062648102	22	154	137	click
1366416052334	86	430	63	show
1371447190742	124	207	28	click
1373315360193	4	948	372	click
1370610802707	75	173	464	click
1369861893205	133	572	267	show
1368026693309	14	890	286	show
1370117814993	83	612	144	show
1369997209200	28	763	181	click
1366818006092	68	318	226	click
1368395537708	92	231	395	click
1369507539691	113	917	238	show
1373632194981	33	884	450	show
1367840950815	129	787	254	show
1372658343742	143	989	381	show
1370632981461	55	795	106	show
1370056890225	7	805	219	show
1367092316474	92	593	89	click
1366755451296	119	369	183	click
1371988958926	11	3	274	show
1368729414522	49	510	395	show
1367885412732	140	124	204	click
1372451366913	71	354	10	click
1374043113813	71	324	408	show
1374138527683	98	634	162	show
1371204093555	103	956	354	show
1369399944984	95	681	261	click
1373396116841	129	406	108	show
1371705841648	69	365	356	show
1370934832957	25	578	375	click
1368425116655	148	439	416	show
1367094918745	62	328	391	show
1367597706057	56	468	279	click
1373179717680	67	201	161	click
1373651334063	66	286	294	click
1367266431650	34	502	459	click
1367871375776	116	480	163	click
1371023120988	109	925	99	show
1367619414440	45	786	473	click
1371066060349	109	200	159	click
1373918528219	3	761	480	show
1367894344208	135	154	189	click
1373252048581	87	714	227	click
1369171949755	102	517	97	show
1371972991422	105	494	15	click
1369906732803	63	633	436	click
1371726234466	127	58	107	show
1369912940221	106	230	47	show
1367529284544	99	914	28	click
1371917659578	98	834	248	show
1371055461496	80	249	496	click
1367273338370	85	133	4	show
1370829084615	28	814	437	click
1370333296913	118	728	351	click
1373426107817	126	761	469	click
1369748754513	9	640	39	click
1368300506179	103	468	210	click
1371315193954	74	336	206	click
1371695722355	109	978	63	show
1369692568114	12	5	191	click
1370324580498	44	425	421	show
1371158955568	91	931	372	show
1371134195623	76	883	296	show
1370716628810	69	86	225	click
1370529098974	52	557	357	show
1371927882502	150	126	354	click
1367896437649	59	639	466	show
1366986610082	124	609	294	click
1368166119262	42	983	80	show
1374068448895	44	876	315	show
1370695385108	131	39	120	show
1367898436550	11	513	201	show
1369082231030	139	758	21	click
1370677720233	45	541	254	click
1372705436699	47	796	273	click
1368266692657	75	469	71	click
1368867907884	107	397	137	show
1371335923427	103	115	378	click
1369713292658	80	28	310	show
1367153694573	16	438	59	show
1369187214786	18	405	425	show
1369730922812	19	940	479	show
1370280648709	81	934	282	show
1372778805505	22	801	163	show
1370831306663	24	799	320	click
1367956887928	138	414	223	show
1366516622833	121	709	43	click
1372322502853	39	644	49	show
1373323437684	118	226	15	click
1371535531554	52	680	164	click
1366792249665	64	638	111	show
1373348042704	103	222	442	show
1367793115529	79	818	299	show
1371703234823	98	628	485	click
1369302729290	79	197	186	click
1368193063219	93	355	201	click
1371796338447	103	740	276	click
1370197006072	87	708	474	show
1367843944574	99	287	334	show
1372757368512	63	150	261	show
1373012329193	16	86	406	show
1371028066913	116	582	42	show
1366582829078	25	103	220	click
1368415436651	72	487	227	show
1368986013358	16	622	195	show
1368218004022	114	532	199	click
1371890114757	58	109	336	click
1370625485359	114	49	385	click
1371914881751	103	463	4	show
1366949742004	13	477	80	show
1373375310385	16	79	182	show
1372753769266	130	164	395	click
1372415193077	96	231	342	click
1369927519995	82	630	327	click
1367574453490	112	787	170	click
1373858656579	3	392	163	click
1371506722433	108	69	451	click
1369830706984	33	691	453	show
1367753904825	91	594	453	show
1371510679131	18	809	497	show
1373301714649	20	263	240	click
1367707680459	75	815	98	click
1370331080790	47	972	64	show
1371031617970	47	454	283	click
1367529621158	132	647	407	click
1369610873226	39	475	236	show
1366563620019	141	896	256	show
1366861054332	74	718	168	click
1373997502020	88	808	278	click
1373659015308	69	611	438	click
1370375708412	58	921	253	click
1371443826720	127	660	455	click
1371798250315	65	390	250	click
1369354914306	42	972	21	show
1370935399315	10	645	292	show
1372611248819	34	413	108	show
1373762172207	76	245	475	click
1372109558634	36	253	33	click
1373463977566	64	822	92	show
1373981444578	5	515	209	click
1366377381901	142	182	125	click
1367321254324	8	314	22	click
1370982100082	28	777	403	click
1371973142671	24	20	499	click
1372695134635	46	157	390	show
1370939213022	24	896	317	show
1369424261192	66	18	182	show
1374107572693	113	992	447	click
1369931048867	61	496	9	show
1371940280543	24	752	35	show
1372891294401	53	879	437	click
1366582930009	99	589	499	click
1367265409138	33	424	474	show
1372840359341	124	674	498	show
1368898879202	121	515	12	show
1367138534282	18	719	49	show
1369304755289	15	372	393	show
1370207610961	118	289	393	click
1368224999770	140	800	164	show
1372503885974	18	691	166	show
1368646759134	3	302	375	click
1369621671909	51	96	264	show
1372120055706	145	207	469	show
1372732776635	138	733	216	click
1372075830838	5	283	205	show
1369210239781	111	726	375	click
1373381486914	88	631	218	show
1369073224181	16	449	384	click
1366569847688	140	734	230	click
1372251926723	14	833	183	click
1372534202470	21	383	5	show
1370931107443	9	970	177	click
1367251872255	4	752	299	show
1367352409549	83	408	67	click
1367712561315	75	545	317	show
1370448829760	44	933	494	show
1369145429532	145	452	481	click
1370427013645	51	249	365	click
1371441501359	125	607	274	show
1368335762067	52	155	414	click
1366532654670	76	357	315	show
1366567390118	98	428	347	show
1372990859398	4	848	283	click
1373361307309	32	268	91	click
1373407394315	107	622	199	click
1372723862512	39	343	434	click
1366521140706	79	616	219	show
1370785083216	126	317	378	click
1370542706737	140	910	73	click
1367225335937	136	660	340	click
1367555601686	74	120	494	show
1370301194022	103	389	279	click
1367062643137	124	759	245	click
1368678789298	131	536	494	click
1372341462622	46	952	284	click
1368365944170	53	574	64	show
1370637186470	50	730	20	show
1370530077383	118	116	191	show
1374048837789	13	83	219	click
1366707554306	146	305	327	show
1371279984230	146	611	263	show
1367803888715	18	821	104	show
1369926244033	99	843	311	click
1368199623303	74	153	101	show
1372172309068	136	625	270	click
1372666689484	50	414	345	show
1367755950688	23	556	273	show
1371499590823	25	277	481	show
1370487494401	71	833	402	click
1371267388163	41	897	345	show
1367352857598	121	643	441	show
1373873541343	24	226	306	show
1368496326762	34	840	399	click
1373220230005	71	354	464	show
1368434626656	38	213	56	show
1370615895859	11	475	194	show
1368994994924	104	286	283	click
1372265922205	89	716	78	click
1369719851410	75	568	282	click
1372551556914	96	443	413	show
1368178352798	20	904	400	click
1373649748539	55	903	387	click
1374143777174	130	125	177	show
1368031156023	9	965	313	show
1367952252996	87	390	475	click
1372893168472	108	654	311	click
1370441982917	28	36	354	click
1373949817458	19	103	152	show
1368625144553	34	259	211	show
1371407859018	112	958	283	click
1373620498854	58	673	389	click
1373951225209	139	699	4	show
1371219928774	6	218	292	click
1370822308445	13	698	101	show
1369201219616	101	607	140	click
1372450710236	78	345	59	click
1373461289388	26	171	238	click
1372355893598	23	291	138	show
1367680377055	112	795	444	click
1373955312739	106	131	4	click
1366427559250	50	584	390	click
1368112427535	64	307	173	show
1369571141549	61	674	319	click
1373421279465	94	349	150	show
1366576702700	114	716	74	click
1369247403585	64	295	422	show
1367892435182	5	400	401	show
1369755156078	133	66	78	click
1367011184760	95	383	377	show
1367680125489	139	540	132	click
1370051003511	133	995	476	show
1373272149654	46	540	74	click
1371690273659	123	490	260	show
1373763451921	44	422	250	click
1370494542189	78	658	443	show
1370421345185	130	794	89	click
1369375092441	75	637	416	click
1374002880963	94	297	91	click
1369072555810	109	730	72	show
1368539420086	32	631	263	click
1370394671820	68	812	376	click
1368743301770	64	807	278	click
1369811684967	90	165	384	click
1371696990913	141	708	32	show
1369534095037	83	137	60	click
1374015536621	75	571	361	click
1373558340015	114	977	86	click
1371434584027	143	344	263	click
1373206654483	55	179	255	click
1371236842170	40	264	497	show
1370968569368	135	630	220	show
1374068962247	3	846	143	show
1369164624580	68	904	412	show
1367815205691	110	478	417	show
1366554722189	26	656	237	click
1366483497538	17	265	340	click
1369963807499	15	883	153	show
1371965409059	85	308	208	click
1373399097621	147	992	144	click
1368808998765	118	758	123	show
1366917779381	103	666	421	show
1366661675363	3	119	423	click
1371285295784	46	682	191	show
1372304259783	122	560	25	click
1373898850505	60	344	195	click
1371805562830	39	651	278	click
1367179309494	14	22	340	click
1370633322624	139	621	273	click
1371294043043	116	774	85	show
1369002428980	114	112	421	click
1369572953041	129	252	151	click
1371054011312	45	997	61	click
1370471039143	32	65	179	show
1373886660333	123	691	376	click
1366541850033	133	5	439	click
1373326468295	131	275	99	show
1372513595655	68	995	344	show
1370069674404	35	168	76	click
1369487834290	112	430	110	show
1373466661519	63	594	401	click
1373843091859	78	410	459	click
1374051940739	75	664	264	show
1373740828916	107	834	99	show
1371241936475	49	495	231	show
1366491975144	76	953	480	click
1370632620614	111	545	47	click
1372974047838	44	40	115	click
1367587548337	5	299	466	show
1370369020684	132	168	480	show
1372998117537	108	102	390	show
1370110776662	14	740	303	show
1373073962134	51	959	165	click
1368351271245	15	276	40	show
1370707144258	44	989	14	show
1370004363358	25	103	331	show
1368958899775	86	192	191	show
1372127400996	111	648	457	click
1366362784944	14	883	315	click
1372467454974	144	469	118	click
1372666263950	47	34	235	click
1369186360401	71	465	489	click
1368491625630	102	783	351	show
1371179174342	11	251	184	show
1369381292792	39	361	240	click
1366532299247	5	214	478	click
1367105468540	43	92	192	click
1372577186361	37	269	195	show
1370264510753	7	811	356	click
1366813857009	97	487	34	show
1369246921843	140	560	308	click
1369963273317	138	125	260	click
1366770521296	149	602	489	click
1373801766753	49	719	167	click
1373557751464	63	500	167	click
1366426799673	25	370	323	click
1367758080236	80	353	298	show
1366556593706	34	336	139	click
1371946859478	78	566	460	click
1369026915194	40	403	290	show
1373812162098	118	791	384	click
1372094556684	19	723	347	show
1371252852472	116	549	266	show
1372703950425	91	808	181	click
1373695362093	82	268	289	show
1367674536347	85	998	251	show
1371641473057	88	456	376	show
1371817352702	115	669	4	click
1371517673642	118	474	144	click
1373279771044	37	511	16	show
1372137690660	27	615	110	click
1371633348767	3	247	2	click
1373869732908	118	768	39	show
1366360189539	108	80	273	click
1368722639641	60	769	160	show
1372574383936	144	745	16	click
1369167937432	107	535	132	click
1368235725716	103	321	95	show
1373121112879	53	474	380	click
1370330584104	16	636	24	show
1370905932120	70	690	269	show
1369931065594	76	136	154	click
1370351868680	61	649	4	show
1368229662244	11	85	2	click
1372659783607	136	505	169	click
1373303037787	148	511	71	click
1373087589562	65	411	109	show
1372774454541	87	134	197	click
1367643321241	80	970	436	show
1370737609649	47	100	412	show
1373268452660	6	759	237	click
1367320985671	61	356	146	show
1373627706956	112	172	452	click
1370766139002	9	322	407	show
1368164928160	74	94	124	show
1371356772777	27	40	446	show
1373683277036	11	321	21	click
1371237264687	52	821	485	show
1372124497726	18	428	221	click
1369488856170	44	807	262	click
1373626664150	76	763	249	show
1372577353075	126	395	63	click
1371192877292	63	690	194	click
1370304174497	16	946	135	show
1368463082015	69	972	415	show
1371481575141	84	877	344	show
1373026327337	80	588	285	click
1374145954252	29	909	79	show
1370452503790	77	352	306	click
1372685527399	74	940	249	click
1369948361228	13	23	12	click
1367145799538	124	291	327	show
1367394605457	26	294	173	click
1373904086291	107	693	127	click
1368482567337	16	650	367	show
1371919349148	73	473	244	click
1372016133756	99	858	34	click
1371295161206	30	711	82	click
1373148768539	115	122	188	click
1369132474714	126	851	269	click
1369391378677	51	820	201	show
1373481134948	103	806	414	click
1371817522953	42	7	91	show
1374158718588	72	543	291	click
1371609709946	97	145	484	show
1372289280086	49	616	286	click
1370650183235	42	869	230	click
1367664365087	78	489	396	click
1367473447890	142	442	229	click
1367649761636	5	221	272	click
1372807182961	75	597	302	show
1371544372742	150	403	394	show
1369930757279	36	673	134	show
1372617979208	74	966	203	click
1368596913888	79	63	337	click
1367775864770	47	15	270	show
1371141911073	26	47	498	click
1373688744729	50	760	384	click
1368716141222	39	789	468	show
1373671543604	99	842	137	show
1368668832866	13	868	175	click
1369153616128	91	960	141	show
1367017884857	22	937	14	click
1369375604303	113	934	41	show
1371404207192	100	20	341	click
1369497798071	19	44	92	show
1374111124008	143	609	148	click
1372542064728	42	394	172	click
1366834981205	136	259	141	click
1368386707715	64	34	70	show
1371670890072	145	956	67	click
1369863043503	137	956	286	show
1367472014591	88	497	20	click
1372680663450	109	660	119	click
1370568164319	15	206	203	show
1370982442424	90	913	122	click
1371235227312	116	819	309	show
1373104544936	23	148	122	click
1367723746536	15	998	243	click
1371113742491	26	769	85	show
1368039371801	61	746	292	show
1372150470672	147	343	410	show
1374021705879	107	549	456	click
1368875331848	117	86	298	show
1368650964339	80	833	252	show
1369806422766	141	934	103	show
1372129640720	11	703	330	show
1368775029972	104	538	217	click
1372824955310	131	279	466	show
1367042165973	121	356	491	click
1372095578171	21	476	78	click
1368298591112	147	880	44	show
1371587609390	26	52	228	click
1370327933314	106	723	32	show
1366355249805	98	175	398	click
1370824661228	48	939	224	click
1373183106080	112	616	421	show
1367490294318	137	902	116	show
1368827487044	114	776	5	click
1370756255551	140	829	110	click
1366885573725	65	417	149	click
1368377875873	119	257	346	click
1373158794624	123	955	420	show
1373519643800	61	32	381	show
1370109418877	70	315	475	show
1368865145225	87	653	266	click
1367822788947	109	491	429	show
1373369118443	21	817	283	show
1374201021625	26	1	356	show
1366386062766	149	238	354	show
1367508945161	66	564	344	click
1368754804849	127	273	113	show
1369283288404	35	259	286	show
1368065854767	115	853	40	show
1366502260334	89	223	259	click
1371319788125	104	372	250	show
1369438189140	18	785	331	show
1366633936627	80	433	191	click
1370029346504	24	214	31	show
1370838655471	99	195	374	show
1372563730305	46	888	71	click
1370391410790	60	120	426	click
1368325567734	16	805	18	show
1369660256829	61	189	426	click
1371940082811	86	738	486	click
1370395429966	79	234	157	show
1373755417035	70	694	381	click
1368660276926	80	437	481	show
1368339409230	68	278	366	show
1369121130902	140	957	206	show
1370560945840	49	338	367	click
1368435385347	74	959	425	click
1372458914137	24	479	167	click
1373414290682	89	881	300	show
1371959585905	72	163	462	click
1373324816338	109	492	493	show
1366974295310	49	966	41	click
1369697569322	47	309	222	click
1368097695678	40	719	401	click
1371168424172	54	547	420	click
1370558977752	22	60	324	show
1367594047345	110	233	470	show
1370134247704	27	489	358	click
1373517564197	54	288	422	click
1370988972735	3	317	103	click
1373557677088	96	374	274	click
1369678796444	86	268	24	show
1368630371850	104	662	40	show
1371974792607	25	600	270	show
1369505002093	35	690	93	show
1371496685886	31	784	345	click
1371533547852	71	63	46	show
1367096692029	57	823	82	click
1372287571878	123	130	490	click
1371236540197	113	276	202	show
1371651772223	28	835	53	click
1370094380434	109	286	243	click
1369073386134	25	871	57	click
1368756019508	93	612	146	click
1373062539078	100	718	447	click
1366709111767	66	150	416	click
1369629042636	91	915	41	show
1368485367349	39	393	151	show
1369731969429	125	519	147	click
1371344865221	51	294	412	show
1369481720557	18	327	410	click
1373116917746	80	495	162	show
1371771267522	132	126	352	show
1369043882422	132	949	131	click
1371839933037	101	287	257	click
1366564071613	126	731	432	show
1367360506059	14	446	326	show
1370535926019	91	445	480	show
1367803911488	13	883	218	show
1368990953690	2	920	162	click
1369098165108	77	61	489	show
1367302807213	76	727	448	show
1373054841656	122	587	208	show
1370530719054	39	690	467	show
1372445656879	138	558	109	click
1373255692166	34	775	128	click
1374160916145	100	130	438	show
1371405282224	39	891	457	click
1368361404416	87	842	281	show
1374127677695	81	267	295	show
1372915771089	86	897	1	show
1371935732200	25	35	38	show
1368952310048	50	551	205	click
1373453826071	132	91	10	click
1373789530160	127	841	190	show
1368650637934	44	134	176	click
1367748631050	11	202	485	show
1367196001327	5	482	137	click
1373309801152	137	878	277	click
1373588052908	17	267	408	click
1372044040469	131	629	197	click
1367128906346	32	72	185	click
1368078414592	67	722	294	click
1371499699109	97	638	275	show
1366791570918	109	865	254	click
1370888614384	47	51	490	show
1373154740120	8	485	232	click
1371889291452	130	953	301	show
1373088319251	75	950	428	show
1367742279715	8	313	446	show
1367929576084	48	170	297	show
1372824374872	145	768	351	click
1371360742710	19	632	40	show
1372975611080	83	257	173	click
1371322867871	50	416	400	show
1371423977306	82	980	181	click
1368733083129	33	446	162	show
1372095436840	69	257	435	show
1371814102352	23	610	458	show
1368903251560	3	619	227	click
1368014501509	29	15	462	click
1368545596404	138	945	76	click
1372783259575	130	749	54	show
1373481510568	78	909	149	click
1369709481614	19	974	438	click
1371268321941	48	64	422	show
1374116176744	48	80	174	show
1371708635410	82	341	484	show
1371361720296	50	100	28	show
1372865332663	1	669	223	click
1371883314478	52	696	128	show
1372675225748	1	211	255	click
1370811638890	42	844	445	show
1371947995469	128	33	53	click
1371070173168	114	897	429	show
1369824785217	100	325	133	click
1371384193571	102	581	283	click
1372260333767	84	588	435	show
1373084491966	142	733	312	show
1371041009267	52	752	34	click
1369941494138	106	13	220	click
1369132893105	93	37	160	click
1368037266333	97	647	107	click
1370531849037	112	960	441	show
1369911120036	7	945	26	click
1370420403080	128	722	307	click
1367085682493	26	177	279	click
1373371284353	74	563	241	show
1371025025889	62	650	331	click
1373010717755	146	778	303	click
1373145515589	112	692	261	click
1371384755572	126	374	258	show
1369769666825	92	966	450	show
1370052213295	99	439	112	show
1369422735179	20	703	218	click
1373510454182	22	851	437	click
1367533269768	10	683	108	click
1371568944712	120	231	124	show
1369218567523	90	900	392	show
1370109042488	72	109	444	click
1370139377805	107	49	149	click
1368822199177	21	556	132	click
1370892073499	37	706	348	show
1369315184735	16	120	221	click
1374121389239	75	205	58	show
1373870615554	41	216	174	show
1372159501685	72	83	78	click
1366826611384	92	758	91	show
1368055878577	131	494	175	show
1369898284583	27	803	135	show
1370499719645	73	219	129	click
1372070688738	18	919	234	show
1372517476294	73	759	450	click
1368268055573	130	478	77	click
1366724695853	100	624	425	show
1373599315215	136	907	107	show
1368111705717	92	200	311	click
1369720275880	48	647	256	click
1370653482931	139	884	427	show
1371337820989	36	862	471	show
1369745111499	11	104	99	show
1372846145081	120	394	335	click
1368946781494	121	701	392	click
1368741619030	145	907	244	click
1373051323759	12	952	314	show
1370285515181	22	217	420	click
1367578280682	141	903	77	click
1370979309741	146	375	492	show
1370001473411	17	791	56	show
1370950755192	121	645	188	click
1368391113342	28	585	284	click
1374123717467	55	169	105	show
1372370827573	148	598	302	click
1370244261925	147	216	170	show
1372705519214	116	458	74	show
1369545049729	130	340	322	click
1368497976495	38	613	276	click
1372692332022	12	771	168	click
1372123276468	4	111	18	show
1368037831258	149	35	256	show
1373127441666	44	852	466	show
1366941341205	118	579	39	click
1369044136964	114	893	29	click
1366357112949	129	952	349	click
1373378652953	65	347	216	show
1369647250977	23	906	160	click
1370552061293	115	427	376	show
1373299707830	69	259	98	click
1367587509118	40	186	235	show
1372360010316	148	904	275	show
1369738849875	65	921	455	show
1371353515250	61	800	241	show
1371176343817	29	566	101	click
1372838458218	44	888	327	click
1372463332567	66	628	309	show
1373089116723	72	103	287	click
1369588440131	116	901	224	show
1366918965907	81	223	265	click
1372534808028	18	130	236	show
1370309546976	101	563	24	click
1372277266934	150	41	265	click
1372715365907	17	412	55	show
1372204712776	109	824	458	click
1370969078838	130	633	343	click
1368111029589	43	684	497	show
1371050782972	85	107	105	show
1374018398373	140	637	411	show
1367793563499	41	472	47	click
1373836399722	138	665	54	click
1367621922314	47	730	231	click
1369161131400	94	154	405	show
1366581685415	124	465	182	show
1371244882218	5	793	110	click
1367563791243	67	570	256	show
1373776023311	74	32	224	show
1370079874423	99	811	200	show
1367437846879	83	863	112	click
1371792825897	47	830	20	show
1367120636974	55	155	402	show
1373890399253	109	500	101	click
1370801545745	6	991	229	show
1372734916466	71	335	491	click
1367805404423	48	224	212	click
1368405426103	4	615	132	click
1374093387308	23	881	409	click
1371599940508	35	418	422	show
1371404940935	147	925	30	show
1368076970933	27	67	247	click
1373833330866	79	98	51	show
1371494384139	26	418	50	click
1373730888749	42	739	53	click
1368297310174	137	989	192	show
1368335364634	44	951	336	click
1369797115587	118	47	148	click
1366740740848	80	774	152	click
1371277254363	42	919	37	click
1371739945842	148	899	246	show
1371441727096	44	265	245	show
1373378113321	80	307	165	show
1367186439489	119	397	29	show
1366699921235	65	405	2	show
1368291087685	72	212	245	show
1366821693463	131	207	470	click
1370759065258	28	102	173	click
1369908019578	127	525	159	show
1367766458452	85	461	302	show
1370880463106	122	717	386	click
1367887210932	41	176	296	click
1372710629806	1	741	450	show
1372917357407	108	189	148	show
1372799059654	49	444	345	show
1372614292554	121	528	150	show
1366959327789	40	948	441	show
1369806208650	53	156	91	click
1371022516982	109	729	339	click
1370410183470	116	281	148	show
1374013911610	122	363	9	show
1369340274187	81	299	56	click
1367729297534	116	886	253	show
1370403372950	101	585	369	click
1372456784849	89	699	408	show
1370458482402	136	788	35	show
1370860882274	99	228	267	click
1371551253830	150	433	5	show
1368054538151	105	593	160	show
1367535943912	130	148	320	click
1370429206429	124	663	230	show
1368913019513	91	833	309	click
1371255741750	29	80	363	click
1374096885196	131	712	239	click
1371266020800	96	786	39	show
1367892018544	115	141	337	show
1371897351188	94	943	35	show
1369416308561	140	956	331	show
1372407579050	9	84	211	show
1368075983251	91	125	448	click
1370677243347	50	927	155	show
1373713187820	120	636	53	click
1373683346451	105	674	28	show
1373122170205	118	839	168	show
1369711745344	49	420	212	show
1370269301298	28	576	211	click
1371676898279	104	621	293	click
1366768838848	69	32	137	show
1368151260809	142	867	7	click
1370992584546	85	395	471	show
1371952523239	23	953	250	show
1369989094547	118	501	371	show
1368848083714	134	486	458	click
1370762541332	25	640	294	show
1367248301689	126	385	84	show
1372026465623	5	845	113	click
1370025643068	31	889	189	show
1368088315037	82	228	195	click
1367277620863	130	933	58	show
1367762908934	54	286	380	click
1368594127495	7	684	200	click
1372703829217	136	577	189	click
1373182826652	2	530	38	show
1369177630040	64	777	73	click
1373330109693	131	716	38	show
1370687514808	85	734	489	click
1372364577363	70	493	325	click
1366983627480	146	381	208	click
1370955515945	94	705	128	show
1369924423925	104	686	485	click
1374155322324	30	624	144	click
1370456549732	108	670	497	click
1373950081697	7	302	73	click
1369454328121	114	999	43	click
1370602913120	105	955	263	show
1369746643614	106	586	459	show
1369014811540	110	989	346	show
1370243271170	114	866	476	click
1370189488671	81	148	402	click
1369808544342	56	973	392	click
1367423313629	28	984	111	click
1369206767657	59	174	267	click
1370468930479	80	603	93	click
1368415230236	51	479	424	click
1371863637993	4	703	194	click
1374194142203	88	739	326	click
1367292314366	65	992	191	show
1366699061720	61	745	161	click
1369919191355	119	906	330	click
1371017014429	3	289	139	click
1367915722064	55	523	142	click
1370753510220	119	856	98	show
1367446455843	81	992	6	show
1368640740089	47	785	267	click
1368358379920	4	716	459	click
1368222468150	150	70	263	click
1366578407138	86	935	105	click
1371848382739	19	33	50	show
1372515548414	41	351	477	show
1368862902203	108	409	28	show
1368203379244	33	199	434	click
1371888114780	50	159	183	show
1371763312178	27	526	182	show
1370633353571	15	352	129	click
1369909630986	130	811	195	show
1366659192828	42	767	454	click
1374116367906	64	792	493	show
1370540322976	32	323	270	show
1372016243864	79	609	170	click
1374203057056	78	573	178	show
1367701282796	146	701	72	show
1367594848075	99	816	161	click
1372493289533	25	534	396	show
1367135190250	65	267	468	show
1366933518774	81	822	358	show
1366473914855	108	940	265	click
1371037962699	59	210	452	show
1366644906570	16	115	433	click
1372249967441	43	478	314	show
1369549403871	27	61	346	show
1367002838751	20	649	1	click
1369745345024	57	193	202	show
1369651526617	122	986	65	click
1371526751844	111	359	261	click
1373860189953	29	900	308	click
1370790748973	57	450	264	show
1367046203513	24	463	115	click
1373789602893	74	455	355	show
1366693344648	50	60	236	show
1367545445635	116	934	111	show
1373473225069	77	437	359	show
1371912889982	87	949	401	click
1369943307156	82	576	369	show
1373233922082	100	807	288	click
1367061442631	120	701	196	click
1368753917674	36	40	312	click
1371526599746	135	200	99	click
1368659464034	39	592	2	show
1370479441201	5	309	152	click
1367549895007	17	403	450	show
1372083329715	149	48	33	click
1373907900080	79	274	16	click
1370816496556	67	863	324	show
1372398085314	36	754	17	click
1366718152097	23	501	298	click
1371200798063	83	829	232	click
1369906160399	133	419	450	click
1369845374849	124	907	220	click
1367606001955	52	177	185	click
1368994479215	126	608	421	click
1371993409936	108	123	358	click
1368533879775	16	839	98	show
1371047571805	18	940	231	click
1368903147998	24	805	363	click
1367148263697	71	328	333	show
1373199840208	44	259	329	show
1370293404692	84	858	8	click
1372566644362	121	51	50	click
1367682278843	118	648	492	click
1370593933701	92	654	30	click
1371865523015	132	586	386	click
1372045863517	87	31	62	show
1371966270763	76	773	45	click
1368654047377	111	982	492	show
1372378221099	80	377	237	show
1373176448184	69	573	83	show
1367808416174	132	905	301	click
1369643607695	45	767	94	click
1374077030796	84	715	297	click
1369662870706	2	234	72	show
1371566327648	146	152	2	show
1372238485247	96	991	156	click
1367697312613	95	99	457	click
1372144288940	115	807	330	show
1370996065241	128	306	468	show
1370118945064	130	321	160	click
1368878397492	126	920	4	show
1371267087556	121	829	12	click
1370185764793	25	242	128	click
1372716001184	92	84	190	click
1368785986472	95	519	188	click
1366671518083	103	97	494	click
1370989277735	104	369	360	show
1368627277315	73	808	409	show
1368925924510	4	585	84	click
1373108209032	114	288	82	click
1371555783182	65	275	358	show
1370014545954	127	894	177	click
1367754201896	41	493	197	show
1371377324856	93	291	121	click
1367956977326	35	686	107	show
1373636009242	59	917	51	click
1373005890112	22	144	147	click
1372092784540	112	409	234	click
1374054544723	138	231	156	show
1370391052586	71	825	167	click
1370278806234	74	559	115	show
1370178820977	59	866	447	click
1370917294436	48	794	327	click
1370735733985	81	123	417	click
1370569864088	106	740	318	click
1373655619543	23	671	109	click
1367146919700	72	63	312	show
1371719027939	91	218	383	click
1371440920133	51	750	270	show
1370763929888	46	518	319	show
1371831891700	99	227	365	click
1371694523198	129	24	142	click
1369317611683	112	534	455	show
1368006305433	130	478	55	show
1366469050782	91	354	381	click
1373989764749	149	306	93	click
1367863722688	62	826	396	show
1371867311211	9	857	265	click
1372045080723	86	955	249	click
1368188759021	104	836	119	show
1367309512947	139	177	459	click
1368272359253	69	737	241	show
1369829745156	133	513	69	show
1366562386928	76	120	428	show
1372358150679	7	749	162	click
1368015458944	43	807	294	show
1366511551073	26	197	353	click
1370309297463	89	302	414	show
1366823386760	130	158	313	click
1371362979765	148	164	382	click
1372013816929	116	570	20	click
1371500740547	91	213	393	click
1370524555470	145	843	124	click
1366728989159	28	522	357	click
1373677980068	110	104	313	click
1369020457745	60	983	495	show
1373534635515	79	743	328	show
1370515322765	108	346	453	show
1373339223269	52	565	180	click
1372181537964	99	76	171	show
1367445899703	84	295	104	click
1368783786847	18	417	172	click
1370688836538	43	951	351	click
1370226860530	133	128	195	show
1371948457949	3	114	233	click
1372456458998	70	680	90	click
1369928379143	126	542	457	click
1368161157584	102	290	159	click
1366772579733	63	953	324	click
1370088994419	40	252	137	click
1366632940805	130	626	259	click
1372666834165	47	841	264	show
1368291193949	83	543	404	click
1373084368962	105	846	264	click
1370972236248	51	800	342	show
1373125113239	33	165	231	click
1369275358458	76	467	128	click
1371599157840	132	467	441	click
1368209210292	26	259	193	click
1374180122029	99	353	361	click
1368871630146	5	189	429	click
1372062179332	110	958	52	click
1371471050336	8	951	423	show
1373111238968	149	446	101	click
1369966894513	47	230	397	click
1369884767070	84	447	406	click
1373652052140	8	196	237	click
1371179103742	126	403	218	click
1372069555741	22	704	128	show
1371844790943	68	246	446	click
1367401071886	71	17	96	show
1367257656869	19	543	99	show
1368493142136	108	46	148	show
1368209525748	114	726	273	show
1367345909322	71	909	14	click
1370353728394	35	154	227	click
1371874536968	68	685	43	show
1369395758997	6	745	54	click
1366891490266	142	449	166	click
1367807955051	124	492	161	show
1367491396541	64	149	356	show
1369649957910	89	373	463	show
1373542775622	40	414	473	click
1370281228305	38	869	319	click
1370037042660	97	708	90	show
1373070221156	2	188	442	click
1371205833897	148	196	342	click
1370404560617	8	735	180	show
1367864087311	92	66	342	click
1370255425086	34	926	54	show
1370934778267	113	619	408	show
1370180473898	140	50	448	show
1366373734114	17	566	411	click
1366779367348	116	660	360	show
1369347959229	52	964	173	click
1372891603442	29	125	233	show
1366878950327	16	972	251	show
1372910784615	35	903	122	show
1372571848302	96	544	401	click
1370920270266	64	652	405	show
1368190266548	9	57	183	show
1368678363445	53	795	13	show
1367600141201	9	982	25	click
1374178763604	35	328	300	click
1372198703252	113	538	159	show
1368636117340	59	668	491	click
1366450915024	117	667	65	click
1372059131795	111	235	291	click
1370790709698	130	558	31	show
1371207954798	99	871	417	show
1370233713416	24	540	486	show
1367140551219	129	251	90	show
1372721233313	85	396	435	show
1373223827523	83	985	278	show
1372673133503	88	355	264	click
1369403639793	150	42	218	click
1366876193387	59	537	497	show
1367291620870	70	538	387	show
1374047091296	48	863	269	click
1370560534719	42	355	192	click
1367407031453	143	940	342	show
1370098788857	123	232	204	click
1372878954067	69	475	273	show
1366797009810	98	442	286	click
1368938427180	2	812	375	click
1367143690322	127	209	50	show
1371057618073	84	388	312	show
1368283066784	115	454	348	click
1371198499043	5	941	205	show
1367054682117	73	909	360	click
1368092391334	99	992	397	click
1368110716961	137	924	358	click
1366598004235	91	844	51	click
1370935259776	22	389	171	show
1373578969348	22	699	356	show
1368509239741	49	243	138	click
1372361621412	105	254	80	click
1371851672691	75	845	486	show
1366516769673	45	587	50	click
1367267054998	150	681	133	click
1368779073063	9	188	223	click
1366792280094	101	1000	88	click
1367337694700	91	978	187	show
1366592180777	135	15	200	click
1366696374153	29	633	321	click
1372853599867	121	294	487	click
1368132751380	148	51	165	show
1369776363985	23	210	10	click
1370954372553	138	882	31	show
1370097374338	32	108	426	show
1371599461297	32	104	253	click
1366949897383	6	862	209	click
1372203644863	8	670	307	click
1369789508861	50	119	495	click
1369994701999	13	102	97	show
1368100106405	53	776	248	show
1370051145649	60	133	216	click
1372801495130	119	820	257	show
1368535221853	63	904	485	click
1369823094128	79	943	425	click
1371071331406	102	333	452	click
1370901876103	3	535	176	click
1370162747283	69	471	84	show
1369032271609	14	737	234	show
1372652784495	54	390	497	show
1367986150969	51	614	414	click
1368706920201	110	710	348	click
1373802412314	147	936	113	show
1374022200548	125	635	139	click
1373569862984	111	586	342	show
1372784851739	103	583	136	click
1373376145064	119	474	83	click
1371867298239	114	280	412	show
1366494362335	5	87	173	click
1368870771156	34	121	477	show
1371288199843	112	564	219	click
1367814604059	134	462	131	click
1367019194029	119	419	30	click
1370840261899	50	880	360	show
1368641581903	135	90	26	click
1369234301226	143	828	273	click
1371154503236	111	40	295	click
1367237428260	139	491	407	show
1372571090731	118	878	282	click
1372002429486	121	729	257	click
1371868545820	17	760	366	show
1372936864073	24	358	50	show
1367206664588	23	769	202	click
1369647903983	75	401	332	show
1367440452331	59	494	337	show
1372126061365	52	445	176	click
1368567627531	39	887	191	click
1372686727425	74	699	415	show
1371615192046	41	815	353	click
1373291459265	61	180	479	click
1367325580110	115	520	101	show
1367801735039	42	539	384	click
1368429317315	44	887	86	show
1370830738807	37	514	236	show
1369425010233	139	850	192	show
1372024660791	98	421	113	show
1373827685566	81	664	427	click
1372112548558	26	105	192	show
1368683430942	109	721	462	click
1367266538739	136	349	304	show
1373738160579	47	78	113	show
1373246318947	60	512	170	show
1372688879002	14	214	456	click
1372865481161	20	653	205	click
1371569111613	146	448	411	show
1367577941574	60	913	149	click
1368550898052	33	454	171	click
1372176973454	33	401	77	click
1373772375236	144	625	91	click
1370149770819	69	57	115	show
1371382824455	137	387	342	click
1369159379429	143	335	101	click
1371962673780	77	898	78	click
1370008916171	10	927	160	click
1372144697295	61	597	420	show
1370730202638	128	715	411	click
1372711357039	80	135	175	show
1369441778722	16	339	482	show
1368405339730	73	400	497	show
1373761411054	14	821	224	show
1366645771242	16	19	388	show
1372695368636	69	340	431	show
1372270637459	129	49	173	show
1367238374895	46	992	442	click
1371083002860	146	891	166	show
1367303412069	37	453	392	show
1368868296339	142	760	427	click
1366746247057	23	285	427	click
1366846412002	137	833	178	click
1372809751995	130	540	496	click
1367365747195	1	802	467	show
1372316785515	132	761	17	show
1372268868225	121	716	276	click
1373133139638	108	862	59	click
1367350447731	12	668	226	show
1369560545169	136	661	425	show
1372220749984	10	370	87	show
1370084322686	136	285	318	show
1367991865942	46	919	417	click
1370585465770	98	858	487	show
1371030000178	49	843	216	show
1373198249947	57	981	89	click
1367016051734	27	24	438	click
1367922109001	52	85	464	show
1372563723411	64	685	250	click
1369390362816	14	177	344	click
1373147640609	67	478	414	show
1372829080032	103	208	136	show
1372936218239	35	567	436	show
1373482047978	33	912	200	click
1369743056728	5	658	175	click
1372729496529	54	567	487	show
1369755939389	39	607	255	click
1369054112267	31	854	393	click
1367230512484	47	424	97	show
1369404378084	5	419	124	show
1372069753852	149	552	180	click
1368016625490	119	919	38	click
1373085257868	26	917	429	show
1369008837764	6	617	468	click
1366646563204	102	987	200	show
1368446953245	29	112	206	show
1371137331950	41	157	194	click
1367905097961	120	358	457	click
1372559981497	24	1	368	show
1368500214971	116	566	14	click
1370851145313	7	866	80	click
1373242922158	27	501	268	show
1370114406896	146	579	89	show
1368321476333	25	761	59	click
1366984081983	7	899	161	show
1368657507493	43	643	418	show
1371795443953	132	339	460	click
1370408765524	142	333	288	show
1373470719082	111	700	389	show
1372100167477	95	620	274	click
1370517138034	27	62	109	show
1371266860623	95	351	324	show
1369256932813	46	730	171	show
1370613539796	18	750	401	click
1368486852163	54	43	133	show
1369745888963	44	748	8	show
1368156619064	65	261	311	click
1372957164429	17	228	357	click
1368067686328	117	334	453	show
1372920278309	106	392	448	click
1373650934149	2	28	211	click
1374188800592	45	363	49	show
1369364237704	55	558	24	click
1371086015213	23	466	289	show
1370708400840	96	159	388	show
1373100492385	32	105	206	show
1372930002823	4	65	197	click
1372386090410	117	319	150	show
1370070952658	25	78	294	show
1368750184266	24	395	56	show
1370924687381	21	328	270	show
1371098841881	140	197	179	show
1372522207040	47	962	375	show
1371065605699	42	839	125	show
1369227421151	40	645	472	show
1367935954316	98	373	38	click
1367061334424	59	906	471	show
1370985626301	65	782	223	show
1366812440861	58	910	268	show
1371955898669	150	373	432	show
1368623290942	92	920	87	show
1372873128167	118	449	192	click
1367877250046	97	575	460	show
1367469920475	10	426	286	click
1368151535569	150	723	186	show
1367748746950	51	105	333	show
1373114953086	5	56	230	show
1370703905164	138	197	76	show
1371333005852	54	455	226	show
1371099948996	135	139	417	show
1371950530613	145	112	305	show
1372847701364	40	635	334	click
1368992843922	111	850	395	click
1373520833404	34	199	141	click
1368902719679	58	326	289	show
1369157103014	86	490	392	show
1373666262337	126	100	297	show
1370619378086	107	581	484	show
1368585266120	67	768	295	click
1367492907707	90	840	113	show
1370027255623	119	996	376	show
1368396037311	52	14	118	show
1369764134406	90	196	80	click
1369331724013	75	252	271	click
1373356603906	53	922	326	click
1373185161567	79	838	81	click
1367563061460	46	289	155	click
1372286267885	28	316	377	click
1370402134836	82	212	448	show
1373260779415	133	987	261	show
1373207500487	43	671	124	click
1371546253494	11	855	473	show
1367899499792	147	464	414	show
1372935019451	124	683	27	click
1366561415785	147	497	58	show
1373427699657	117	337	142	show
1369122058715	91	676	395	click
1372890930458	133	565	240	show
1373583645810	76	806	31	show
1371497938871	66	731	445	show
1367066463586	52	279	35	click
1368603176798	60	341	140	show
1366810480635	83	500	36	click
1372970234591	57	341	388	show
1367742495945	75	44	302	show
1368851799159	31	866	399	show
1370660353142	130	595	296	click
1370424452903	136	895	450	click
1369311252494	76	461	454	click
1371186080043	21	401	429	click
1369505100638	135	211	21	click
1368504919711	4	587	416	click
1369097935779	85	188	356	click
1373810441741	123	596	280	click
1374132391827	93	650	380	click
1372642335040	19	588	127	click
1371782676517	122	52	305	click
1369419802210	120	982	472	show
1367142849911	98	293	417	show
1372171050853	149	273	187	show
1367283643594	80	173	245	click
1366829061966	2	598	381	show
1370223535040	55	151	57	show
1369824030132	54	659	211	click
1368187613258	41	933	32	click
1373427955112	16	46	444	click
1370064558482	68	683	4	show
1368981114120	50	319	264	click
1368738908743	135	653	494	show
1370493521716	37	415	398	click
1369942623934	12	672	289	show
1367087398255	87	632	269	click
1372272658080	142	820	148	click
1370608186757	14	380	219	click
1372966581385	74	506	60	show
1368556299124	78	29	311	click
1368319748004	122	219	264	click
1368274486253	41	386	221	click
1372305068955	1	643	45	show
1368814628957	50	556	92	show
1368173718292	140	926	465	click
1366686907864	19	21	310	show
1373753130660	134	222	360	click
1373972128651	96	184	123	show
1372190195542	38	916	196	show
1370887747019	46	794	180	click
1369730122283	41	459	167	click
1369439556887	44	459	411	click
1373148116679	125	463	110	click
1367281330123	55	213	158	show
1367179134495	94	690	127	click
1373060503703	50	854	321	click
1366745967910	148	590	305	click
1368240710401	44	228	359	show
1370056400521	10	455	349	click
1370772393347	69	492	359	show
1366765917070	99	531	315	click
1368990670208	75	196	261	click
1373603318939	108	577	52	click
1368163790403	28	694	462	show
1372945472590	34	637	275	click
1373237797426	115	419	117	show
1372491015413	14	168	126	show
1372265682035	34	560	464	show
1372390785140	80	927	325	show
1372174019468	11	47	83	click
1373045038424	87	631	484	click
1368210797026	114	873	307	show
1366921430881	9	436	165	show
1367364570530	137	884	363	show
1366740974751	96	931	135	click
1371310819079	73	839	406	show
1370756655898	40	257	142	show
1371985826137	127	324	27	click
1373490109662	51	23	217	show
1370693960310	53	908	35	click
1368363148286	52	821	318	click
1367427072487	30	943	447	click
1368679136478	65	413	375	click
1366788420063	6	711	218	show
1373876130082	56	71	123	show
1367922923571	7	332	429	click
1372166142262	11	776	195	click
1366522293476	111	966	293	click
1373109600004	44	444	253	click
1371868764384	92	283	480	show
1367354757369	29	283	404	click
1372998926947	135	249	94	click
1366591657331	116	300	371	click
1371663929061	62	356	329	show
1366491077855	99	208	375	click
1372003892567	137	361	29	show
1370377056400	146	597	172	show
1370093462508	43	705	20	show
1372013126807	89	766	312	click
1373697736392	6	405	427	click
1366419503960	88	658	245	show
1371118963301	107	832	92	show
1368631011500	36	388	105	show
1373385687286	150	854	368	click
1371101350978	131	454	441	click
1372901003554	43	649	456	click
1373194657738	2	221	300	show
1368179633153	94	893	219	click
1373242835816	148	762	18	show
1368010539571	39	160	347	click
1371939049646	1	88	95	show
1371983661730	67	404	183	show
1373852283603	25	323	65	show
1368066145538	86	871	257	show
1367960164527	2	667	251	show
1372865252233	74	595	284	show
1367756804193	5	364	166	click
1367195393055	115	944	216	click
1367712530113	121	845	468	click
1366379577025	7	87	127	click
1367404163402	103	864	489	show
1369556311089	98	750	376	show
1368312942353	139	117	241	show
1367266282212	43	93	357	click
1373097705388	114	749	93	click
1371753208838	135	73	437	show
1372187389202	40	464	172	click
1370663684036	108	106	428	click
1370702257300	47	793	134	show
1368066926037	4	500	129	click
1370164407658	1	186	331	show
1367875621046	1	398	334	show
1368556831440	59	549	418	click
1368734395829	103	625	200	show
1368023275713	115	771	226	show
1370677652840	45	822	304	click
1371847953320	66	589	481	show
1371066823323	105	525	301	show
1372328639426	72	699	165	show
1367883296132	138	44	230	click
1371576828690	95	780	244	click
1366820816450	68	712	447	show
1366731120377	140	206	496	show
1369323875179	77	646	63	show
1374006367092	120	357	117	click
1373350172801	81	446	8	show
1371350680105	47	102	326	show
1370826575476	96	561	445	click
1366639950492	48	539	260	click
1366810791890	92	37	282	click
1368198324244	62	840	475	show
1372773907061	7	40	284	click
1374085604379	99	775	364	show
1370465141478	72	232	61	click
1373352680858	132	89	47	show
1366503922444	37	166	246	click
1373219960166	33	216	229	click
1367738616459	45	220	55	show
1372237191756	113	394	272	show
1372411113101	141	50	171	click
1366345135052	142	328	373	show
1368215142665	89	702	479	show
1369047662825	76	72	219	show
1368148162996	122	629	222	show
1369071900167	72	922	300	show
1368957300288	127	969	98	click
1370957032148	54	869	44	show
1368850315476	12	820	246	show
1374189057899	132	485	239	click
1373767288586	140	559	145	click
1368557225108	9	57	127	click
1369561435090	1	537	88	click
1371868773587	1	926	452	click
1368420733190	104	803	141	show
1374043038946	22	309	412	click
1372261582024	26	134	151	click
1372083285432	30	153	367	show
1368656775064	141	570	101	click
1372965059957	107	445	108	click
1367042202987	121	716	53	show
1369386417420	125	87	313	click
1367363113815	150	627	490	click
1367362354125	137	348	297	click
1371056419897	2	314	96	show
1373687057430	2	246	344	click
1371374687355	145	713	97	show
1371432695296	117	482	318	click
1369555976390	67	181	444	click
1371745434714	74	95	3	click
1371244782154	100	853	203	show
1369357267817	10	905	76	show
1368759224231	142	895	480	click
1367529174387	138	109	51	click
1373360708413	79	498	497	show
1368874005415	5	320	177	show
1367586848384	110	258	416	show
1374133338832	74	984	107	click
1369291283875	100	55	61	click
1368356193797	28	198	478	show
1373351099085	57	458	179	show
1370604984302	86	177	130	show
1369382005237	50	204	173	click
1371734055839	92	438	433	click
1370572233962	97	308	66	show
1369514436679	143	830	412	click
1367017246960	135	770	356	click
1368517557153	77	822	303	show
1371557093318	128	58	228	show
1368855392476	18	370	87	show
1373931705299	82	34	427	click
1372890093703	87	365	414	click
1370247292875	59	390	158	click
1373547926527	11	168	437	show
1366556251618	54	442	305	show
1367647777458	73	99	417	click
1368387097648	123	789	323	show
1372140534697	119	186	396	click
1371561945227	116	291	476	click
1370404603936	35	443	352	click
1373338553909	38	807	463	click
1368125255641	121	395	67	show
1371187676160	7	844	310	show
1371248574425	137	683	52	show
1373686484275	17	483	323	show
1367238760243	34	588	3	click
1369413682411	112	191	16	click
1372436094423	67	491	115	show
1368910552337	145	332	279	show
1370379294437	22	718	365	show
1368107366327	8	75	290	click
1369145759847	77	841	218	show
1371738380405	90	52	180	show
1367497246710	13	318	26	click
1374117942995	9	706	256	show
1368102493086	46	559	10	click
1372023118154	81	446	312	click
1367211756746	49	142	461	click
1373855777394	72	876	304	show
1372929168442	86	918	147	click
1370425503716	12	584	39	show
1371969915749	129	761	213	click
1372644761082	130	942	297	show
1369175156059	93	381	497	show
1367211903173	106	893	437	show
1367485469445	138	984	18	click
1369075137931	37	59	325	show
1371600223281	66	126	57	show
1369797022922	10	525	350	click
1367041050742	10	471	136	click
1371199157151	31	495	435	click
1373452175035	104	150	289	show
1369852255947	136	783	309	click
1373963693583	106	148	437	show
1370096084083	112	346	244	show
1369439694757	110	847	395	click
1373388617657	132	65	465	click
1372185143878	63	60	473	click
1371716277324	130	302	288	click
1366947383467	71	727	113	click
1368534090308	139	859	71	show
1368635260566	23	173	27	show
1366876810956	50	618	22	show
1366577566009	105	642	438	show
1367839227092	136	783	10	show
1367770526543	122	54	312	show
1367692963378	147	462	259	show
1366969208737	61	750	233	click
1372433986228	146	580	162	click
1373979538340	77	564	333	click
1369745116562	68	742	360	click
1367089385897	14	808	17	click
1372485482415	135	34	154	show
1371195591587	57	454	417	show
1369061697719	72	4	271	click
1366864042424	119	185	420	click
1371207437655	97	796	423	show
1370248614698	37	281	337	click
1369773865291	107	2	60	click
1367035469324	66	961	415	show
1369739317621	63	558	496	show
1372332887933	1	308	387	click
1372027220530	126	326	349	click
1372969046829	127	736	462	show
1370344824872	28	880	110	click
1366535994329	16	240	383	show
1369159131798	36	777	351	click
1372508924674	130	715	87	show
1367072408727	40	433	184	show
1368263003072	110	186	103	click
1370574193027	61	316	411	show
1373889883388	91	1	3	show
1368443766625	71	284	287	click
1367523009928	68	221	144	click
1366844201624	127	981	405	show
1366791699533	86	536	141	show
1370068847817	10	516	409	show
1370589482670	20	556	198	click
1373784957737	115	406	166	show
1373854401345	142	845	241	show
1373481792234	101	718	367	show
1369540387090	61	588	277	click
1366694365283	27	253	412	click
1369119890918	11	10	216	show
1368547285837	126	314	453	show
1370659318694	140	243	451	click
1373961972595	101	258	238	show
1369012115811	74	958	390	click
1373764309885	100	332	345	click
1368908791248	125	286	190	click
1372165009996	124	709	485	show
1369034848188	147	12	343	click
1372828849483	80	806	48	show
1366454836285	67	904	267	click
1368627732468	57	977	241	show
1367094227255	28	305	169	show
1372172965703	123	550	469	click
1371334233669	145	275	205	click
1369074334793	21	868	100	click
1366533341466	130	946	407	click
1372759093772	35	39	287	click
1367720352365	91	672	12	click
1368707300037	12	495	204	click
1371153057777	30	232	6	show
1370705510166	8	575	461	click
1372830204185	141	511	205	click
1373022889336	92	789	405	show
1368212932676	124	415	88	show
1370879751807	130	291	480	show
1367189231289	62	414	447	click
1366879448249	56	509	369	show
1367916954548	145	718	12	click
1369072865103	51	419	62	click
1373697899281	93	450	149	click
1367908246249	134	403	300	show
1368863885607	79	594	393	show
1370877208224	136	819	214	click
1372333201002	8	258	413	show
1371986114046	133	276	89	show
1366603125075	99	145	118	show
1367191146567	48	367	239	show
1367005775505	44	925	161	show
1366374718057	49	580	205	show
1366413403404	136	228	434	show
1367171245566	79	812	228	click
1374010772211	32	867	57	show
1369327363898	22	41	322	show
1370971290643	140	899	456	click
1367902579855	7	795	457	click
1373221494122	80	551	436	show
1372903861883	129	95	97	show
1367096205841	124	25	232	show
1368799554363	60	848	324	show
1374146499592	58	688	63	show
1366900688967	52	410	224	click
1367190643896	110	724	186	click
1366871185523	68	695	315	click
1369229153233	41	281	357	click
1374000968127	50	453	449	show
1371823620227	107	746	269	show
1368986612813	16	277	217	show
1372436075363	57	512	41	show
1372219763013	58	521	128	show
1370707568585	39	839	201	click
1372346111970	149	122	350	click
1369992940918	83	822	286	show
1370412302447	71	920	62	click
1368941400304	18	580	248	click
1368134919050	125	767	44	click
1372522156575	103	119	18	show
1372956970245	25	524	196	click
1373555455976	133	645	163	show
1374165365895	24	450	237	show
1369696912878	136	507	218	click
1372862259202	114	416	262	click
1366848122513	80	753	77	click
1367144450415	4	749	475	click
1373571825878	112	850	228	click
1368199619750	72	685	122	click
1373685899617	89	63	326	show
1368180572588	127	97	444	show
1371896645144	137	373	21	click
1371175312768	85	418	172	show
1371251505683	8	976	160	click
1366559428829	93	608	291	show
1372346132827	8	224	278	click
1371378705924	14	386	21	show
1366914674445	113	394	452	click
1367119711649	113	575	342	click
1368040279424	34	427	210	click
1369000545195	41	506	447	show
1372126934596	146	790	231	click
1367612687899	120	180	331	show
1368992301151	6	813	134	click
1370022943100	31	482	498	show
1371240067789	37	221	183	click
1369325936021	64	822	218	click
1368811291221	36	556	273	click
1371762319357	102	460	397	click
1370875565508	8	206	352	show
1372889952916	118	113	399	click
1372164104045	72	143	343	click
1369122182328	32	552	264	show
1366854983745	10	74	16	show
1371871935768	126	929	480	click
1367822318626	116	78	17	show
1367107975762	59	320	301	click
1372547871903	95	749	353	click
1372661963282	90	602	315	click
1373345662969	123	896	177	show
1372086526749	149	346	79	click
1371841096827	126	396	481	click
1368601953304	37	869	218	click
1368326766401	84	557	420	click
1370336584353	40	696	10	click
1367281648937	54	541	264	click
1366987455343	116	418	2	click
1371390209274	37	978	27	click
1371896612424	109	999	144	click
1370838100068	146	794	161	show
1369581003364	60	93	149	show
1372044649866	29	39	438	click
1373919136991	45	201	408	show
1370862892604	114	361	425	click
1371932156400	53	690	139	click
1373335342210	145	466	494	click
1368839580684	79	997	202	click
1368897885386	15	728	90	show
1368118550363	31	614	231	show
1374151104954	17	460	224	show
1370459081038	35	451	34	show
1368445995827	77	600	145	show
1370161069983	127	950	147	click
1371617981266	62	95	24	click
1368922778230	150	243	20	show
1367644395543	130	241	378	click
1367309736813	73	581	292	click
1372721492758	39	346	275	show
1373504222030	135	12	335	click
1368497404569	79	557	131	show
1372317533980	51	279	449	click
1370599933493	28	884	388	show
1372564485238	26	854	198	click
1367441007816	110	632	376	show
1372142051473	41	700	84	show
1372136300794	121	448	133	click
1373102714211	15	175	311	click
1373439700639	12	638	55	show
1369443435837	73	156	260	show
1369997303448	143	175	164	click
1370010526821	129	984	381	show
1371640985651	140	226	202	click
1368739935021	9	657	481	show
1370570264082	118	848	418	show
1367570852655	99	337	493	show
1366663462294	24	801	480	click
1368794074186	8	488	72	show
1373075628713	31	658	89	show
1373869912844	137	980	356	click
1368049685337	91	760	210	show
1367309738778	75	10	137	show
1366796463635	36	604	60	click
1371351095930	144	793	487	show
1372988925193	64	280	203	show
1370498893355	84	686	340	click
1367885928583	75	737	300	show
1369690205855	89	639	465	click
1369985415046	94	801	93	show
1368524828809	49	863	231	show
1368193883634	114	388	485	click
1368134830874	123	781	434	show
1372705956034	54	738	143	show
1367195877996	119	579	408	click
1369229389607	119	293	225	show
1373959297856	62	752	67	click
1371093847633	62	368	308	click
1367199192731	59	490	493	show
1368694635307	82	351	131	show
1367564427767	107	682	340	show
1370140734342	137	644	43	show
1368144871017	82	248	370	click
1372004378133	43	508	236	click
1372609331985	53	968	140	click
1368841465504	92	750	270	click
1368850125465	35	617	400	click
1371745384748	45	757	481	click
1371762619592	74	742	241	click
1367683200946	67	192	54	click
1367111626547	77	69	275	show
1367038181577	147	480	471	show
1369204798661	13	513	162	show
1369710161473	69	352	179	show
1369553770416	145	610	314	show
1369422422804	111	335	19	show
1367234193724	145	736	215	show
1374075216896	146	972	456	show
1373744258356	50	530	412	click
1367330622505	89	555	293	show
1368472742365	125	192	4	show
1370474531026	100	392	437	click
1371543711147	20	264	262	click
1366991055429	20	450	172	show
1372171115737	17	642	269	click
1367667931477	84	793	315	show
1367090938968	131	420	360	click
1367845618439	11	84	485	click
1367892618384	43	216	142	click
1370451374029	13	597	484	show
1367098648212	93	143	385	click
1373034285725	3	982	166	show
1370120920800	100	740	164	show
1367993938611	146	852	27	show
1367464043632	140	365	298	show
1367819578144	24	609	78	show
1366577433549	109	807	410	click
1371792242567	124	530	309	show
1367756273295	16	694	332	click
1372414952426	16	654	99	click
1367609822898	22	178	304	show
1371644972925	131	687	389	click
1367912018001	86	754	153	click
1373412868946	7	230	299	click
1373850343566	98	770	116	click
1366942848365	36	845	263	show
1369957908334	129	910	109	show
1371247647772	36	939	206	show
1367094282836	132	503	452	click
1369426235774	91	359	119	click
1372378578837	39	837	65	show
1372639736242	38	473	74	show
1370640690084	102	97	65	show
1371335856636	19	513	16	show
1370862483613	139	686	102	show
1371904125071	45	178	309	click
1371675849378	63	959	45	show
1371900288582	17	284	470	click
1373182586138	93	253	187	click
1367368862059	53	533	292	click
1367248228706	38	305	96	click
1371723974416	144	75	395	click
1372606818295	122	120	40	show
1366992740811	124	379	411	show
1366716273673	132	7	278	show
1372532962506	15	491	7	show
1372214580167	19	657	423	click
1372118997900	40	875	301	click
1371970348520	31	587	113	show
1372169515233	147	256	137	click
1368092505540	39	573	115	click
1372940509780	132	201	308	click
1371429261033	32	511	460	show
1370409537861	48	477	270	click
1366801698846	61	559	480	show
1369993337764	138	274	87	click
1373375247523	50	506	441	click
1366490060574	1	278	346	click
1371867099393	58	996	229	click
1366840931525	68	681	147	show
1367374849701	119	901	148	show
1366348221823	40	925	69	show
1373167453647	73	562	88	click
1370161674587	32	880	24	click
1372964491922	106	38	319	click
1368076242601	56	543	395	show
1370673851232	142	152	466	show
1371053314054	24	652	86	show
1366626323953	139	899	478	click
1370893565369	43	296	407	show
1372091605258	129	482	355	click
1370585171216	108	762	401	click
1370533788602	6	401	264	click
1372681170795	68	786	327	show
1367148548543	45	395	232	show
1373262745492	107	704	185	show
1367911213459	10	239	392	show
1371169047228	138	675	389	show
1369287357077	60	843	143	show
1373707725744	30	791	46	click
1372857573626	109	879	3	show
1371974354670	98	963	159	show
1368091647231	98	116	464	click
1369028469159	67	704	486	show
1372293909967	34	997	353	show
1369370351854	86	707	31	show
1370562384285	146	744	77	show
1370309333418	13	100	399	click
1371329437320	48	10	141	show
1368060070575	10	723	57	click
1367278937095	65	611	233	show
1369181250012	113	864	293	show
1370260278864	129	951	345	click
1369578000756	147	409	68	click
1371147687204	66	87	134	show
1368713655196	140	947	371	show
1367361930633	70	759	229	click
1370582925691	147	504	293	show
1373485709053	114	87	452	click
1369045470837	63	680	129	show
1372104625431	85	618	391	show
1373504051456	44	145	416	click
1371233032750	85	168	130	click
1366438383865	30	106	413	show
1367952321133	48	849	15	click
1368659097943	2	653	410	show
1368095438100	95	919	150	click
1369295010865	113	645	332	show
1372901691183	79	886	62	show
1367166241249	102	521	407	click
1370635647736	21	650	293	show
1372848609648	122	640	23	show
1371407603011	128	830	123	click
1368312750271	132	886	126	show
1368622429696	6	616	268	show
1367449432667	27	639	194	click
1369587513535	46	847	381	click
1372696071416	30	949	28	click
1373388905741	74	573	458	click
1369736838576	141	261	410	show
1367278795131	61	754	101	click
1371943158922	79	114	22	show
1369392706257	142	486	198	click
1372180675858	70	984	46	show
1366775412841	84	642	242	show
1366958495006	133	228	293	click
1371639652278	31	767	345	click
1368527311170	17	427	180	click
1374186616749	44	639	80	click
1371894649931	129	499	380	show
1373356715588	64	580	334	click
1373293758656	90	626	338	show
1372916834440	42	934	153	show
1373968134254	145	16	133	show
1366398676745	56	115	256	show
1371728698290	137	232	171	show
1367179849462	99	292	214	show
1372010722899	75	416	251	show
1370037044587	118	178	290	show
1369700605941	120	86	112	show
1367106837797	96	440	374	click
1374185830155	110	668	229	show
1372374626647	45	52	177	show
1368129394447	32	304	302	show
1368083920807	133	921	48	click
1370749102344	128	1000	278	click
1373170188893	91	246	464	click
1372105556548	37	618	180	click
1366390416452	112	435	386	show
1366800177329	33	40	155	show
1373276874105	13	24	293	click
1367778467834	97	441	187	show
1366598000214	31	312	402	show
1369087392399	128	243	483	show
1366791497681	45	569	97	click
1368652296118	12	858	152	click
1371929471856	32	389	283	click
1368087952315	74	704	5	click
1373098628056	134	192	391	click
1367399878096	110	383	333	show
1373486094846	13	489	480	show
1370867822953	133	285	489	click
1367479533778	37	863	469	show
1367183304939	17	476	44	show
1372376560662	60	459	37	click
1369335290141	52	236	300	click
1370832474073	137	242	40	show
1369877663115	44	595	221	show
1367931925319	147	1	3	click
1368208581602	55	215	434	click
1368881454747	7	642	298	show
1367307890461	105	320	123	show
1370577922919	108	436	108	show
1370694339947	135	572	69	show
1373112436050	86	114	382	click
1373142681258	140	345	485	show
1368417358637	54	523	194	show
1368376637924	51	434	283	click
1368460767971	39	131	164	click
1370434566133	53	463	124	click
1369516673883	123	19	306	click
1367362009745	23	362	427	click
1366499964271	10	605	27	click
1367062637171	30	758	440	show
1370695098634	66	904	395	click
1368211031838	92	445	420	click
1367052270235	59	81	216	show
1373009202535	83	710	465	click
1373730284912	94	489	51	click
1373651125573	108	986	142	show
1367330402605	145	500	266	show
1370558681207	148	53	207	show
1366599241879	120	373	255	show
1368079543987	112	712	144	click
1367645899811	122	468	302	show
1371659332477	63	895	302	click
1371278198100	25	564	496	show
1368313299091	67	845	219	click
1374124261020	144	641	458	click
1369462291554	144	865	117	click
1373804961282	117	390	149	show
1369874531778	37	443	352	show
1374016966936	21	831	243	click
1369841861517	43	785	89	click
1370735175339	109	482	339	click
1372673777925	2	799	87	show
1367005303550	72	868	487	show
1369265675952	109	555	251	click
1366730125947	142	181	338	click
1370487479620	86	994	447	show
1373370815403	26	263	151	click
1367028153394	103	567	122	show
1373801112276	69	363	128	click
1371747278001	53	661	293	show
1370573163833	95	927	201	show
1367800191250	2	803	93	show
1369435594049	127	30	102	show
1371435637829	47	506	79	click
1369054527025	129	946	152	click
1369224136927	42	112	440	click
1367187818104	51	11	474	show
1372033661263	30	791	165	show
1367007368409	69	907	198	show
1366766281438	16	728	161	click
1367697841502	92	424	76	show
1369801073657	24	300	119	click
1366744065511	124	606	334	click
1368072539054	113	948	370	click
1370071535116	122	742	221	click
1368298280711	136	524	90	click
1369562791411	78	365	130	click
1369750304407	60	79	100	click
1368209045298	15	326	93	click
1366443998473	92	870	88	click
1371164225426	87	267	184	click
1367265401982	127	547	292	show
1370732938750	150	888	282	click
1368597876192	61	717	44	show
1370759200759	111	402	498	show
1367828565240	136	174	454	click
1368509413697	36	967	105	show
1368905994143	12	716	482	click
1371624691029	13	341	40	show
1374056252914	137	398	490	click
1370063980508	128	516	490	show
1367195636644	79	298	45	click
1373286276787	75	383	25	show
1371343775038	25	174	166	click
1369346717212	85	977	456	click
1372947276183	92	49	319	show
1373685763687	55	270	402	click
1371050556740	142	450	248	show
1369723186139	27	559	380	click
1371475035205	54	340	495	click
1370810103120	146	445	167	show
1370478263122	13	580	220	show
1367614994344	27	989	169	show
1372463261394	85	84	80	show
1372463622925	58	28	22	show
1369381972644	28	572	237	click
1370875477467	101	504	420	click
1370524409643	22	437	78	click
1374050692595	104	676	281	click
1366761189581	34	557	233	show
1372124765654	130	390	352	click
1368141894536	104	300	130	show
1373879295190	109	562	106	click
1368690566483	144	971	66	click
1370769104779	51	392	339	show
1370692743660	149	745	396	show
1370640320964	124	670	14	show
1371005637223	89	761	212	click
1369697488624	65	646	104	click
1368455468530	115	247	115	show
1371176785962	87	199	352	click
1373257361739	18	780	423	show
1371983569303	68	803	314	show
1369577029250	5	883	419	click
1372455592824	90	917	302	show
1371652417919	73	744	407	click
1368809165070	149	859	115	click
1369019218448	42	590	298	show
1367829152616	113	515	30	show
1373601372984	44	695	400	show
1366435340009	135	486	47	click
1369755574475	125	60	362	show
1369661880522	82	836	243	show
1369926814502	81	916	454	click
1367209297399	3	983	444	show
1372040590316	150	193	341	click
1373650214772	92	502	438	show
1374149111370	131	301	64	click
1372517174677	18	82	191	show
1371482459315	122	259	236	click
1369116559087	3	364	71	click
1369274454595	137	854	126	show
1370972594676	46	259	256	click
1366764558804	86	920	89	click
1372592912809	37	163	371	show
1373182667675	26	135	220	click
1367388591030	98	595	404	show
1369419082550	86	247	374	show
1372906244027	28	127	104	click
1369795802940	135	956	74	click
1373867662094	43	346	349	click
1369789818028	73	895	41	click
1368925809504	22	338	119	click
1366657775999	53	171	334	show
1367295625788	58	560	264	show
1366719832246	146	533	415	show
1373985219253	121	890	210	click
1366908455815	22	730	303	show
1371539330404	79	948	83	click
1372125981027	89	341	9	click
1374108510556	94	858	54	show
1369833689443	123	852	357	show
1366507979210	65	722	445	show
1372770683641	83	692	117	show
1367972947754	83	991	468	click
1367952332085	121	247	139	click
1373382932033	93	475	269	click
1368903521496	89	251	422	show
1372664337229	44	172	20	click
1368291366952	134	295	124	click
1369481477012	57	580	222	click
1373520424378	65	697	60	click
1372272243795	1	560	345	show
1371358958542	74	796	228	show
1366445748660	138	438	33	click
1371198151493	133	179	485	show
1373230116512	131	959	70	click
1373044652379	36	440	412	click
1370974616733	107	720	375	click
1368853447238	81	31	461	show
1368347978795	40	22	235	click
1372612585016	19	582	24	show
1372409123158	126	71	76	click
1372423172768	10	22	236	show
1372360831235	69	678	93	show
1371084094248	36	428	2	show
1370439786336	81	285	276	show
1373432548664	20	966	229	click
1371011758817	65	25	228	click
1371720294277	109	216	200	show
1370767907841	129	428	151	show
1370613261030	68	423	329	show
1372116833601	41	841	19	show
1372239799050	17	768	172	click
1370642886253	72	915	327	click
1367509623473	108	193	82	click
1369206300823	7	367	210	show
1372567459077	106	86	262	show
1366845747684	91	902	207	show
1368766707676	2	159	43	show
1373642564519	46	451	122	show
1370990628578	111	199	117	click
1369287357436	2	381	335	click
1366824833455	142	394	143	show
1366948112891	135	274	488	show
1371626358859	96	191	467	click
1369734921571	43	339	306	click
1372982992891	102	930	125	show
1366695441161	75	702	229	click
1368647325053	19	425	72	click
1367382458186	37	50	221	click
1373559698138	20	65	106	click
1366407177800	45	780	341	click
1371061363375	112	38	407	click
1373433311473	118	490	104	show
1371593872455	93	251	370	click
1371145653551	71	109	369	click
1366600582242	15	193	285	click
1371885032067	137	431	378	show
1372809029677	15	187	452	show
1367691376506	114	421	98	show
1371913086455	77	513	352	click
1369216548306	18	311	102	show
1370391298874	89	443	411	show
1366615252653	8	801	141	show
1370784339325	47	398	338	click
1373405512477	77	718	224	click
1366441784902	113	289	68	show
1370744859758	12	903	356	click
1368348911287	66	999	130	click
1372732284895	53	515	205	click
1368434811818	45	518	236	click
1372641684661	2	313	430	show
1369838026182	147	569	365	show
1370446152087	7	112	241	show
1367996812227	35	947	434	show
1370509621079	23	520	316	click
1369858571565	40	352	149	show
1366742555041	43	91	229	show
1371718847051	129	325	186	click
1370304248429	23	38	10	show
1370784857979	7	858	264	show
1367222181646	28	277	165	click
1370527238016	68	737	134	click
1368021370680	18	210	469	click
1367717058346	47	925	196	click
1367615307030	149	135	148	show
1369667903281	123	81	80	click
1367733456497	110	376	339	click
1368199498176	98	956	277	click
1370232448595	38	819	20	click
1372699258959	83	395	428	show
1368778780091	115	482	352	click
1372345262401	73	548	379	show
1367628737692	93	126	235	click
1373926866005	93	307	48	click
1368646816009	116	573	432	show
1367225026519	71	519	166	click
1366980800934	9	84	59	click
1371171089642	133	894	140	click
1372648357524	15	702	41	click
1370033941081	137	288	301	show
1368918264513	52	660	91	show
1370181737821	46	232	235	show
1374087264122	112	191	84	show
1367287098979	100	433	265	click
1372970793825	145	4	256	click
1369209549916	120	132	481	click
1370235586425	47	655	482	click
1367419865677	32	964	408	click
1368536019901	53	465	261	show
1366799530580	21	489	215	show
1368242128543	52	834	57	click
1373949826409	121	755	63	show
1373367756993	6	148	401	click
1367352495832	90	325	134	show
1370109323392	91	758	274	show
1366376894524	52	690	40	click
1366877154846	34	763	168	click
1371537696172	93	707	284	click
1367058063106	39	766	405	show
1367381153359	103	235	433	click
1373918907972	98	677	46	click
1371269067134	57	674	292	show
1368271530365	72	228	99	show
1366647142986	91	935	141	show
1368075006688	27	712	403	click
1372519319952	31	2	172	show
1369214756970	126	352	259	click
1367666497874	126	115	98	show
1372621321737	3	342	347	show
1373006094230	40	26	247	show
1370293297972	71	218	97	show
1370449545482	88	910	38	show
1374106876022	7	517	277	show
1372832075658	105	12	223	click
1367905347943	21	63	385	click
1366730912627	146	648	342	click
1368488075029	48	53	29	click
1371004045945	62	518	11	click
1366849406647	31	884	469	show
1370025884116	112	866	158	click
1372118883261	79	40	375	show
1367137498683	134	214	209	show
1366673785318	43	838	226	click
1370448642744	31	404	98	click
1373458936963	52	721	410	show
1372474742349	114	219	386	show
1373375885680	112	599	473	show
1367391033891	28	633	25	click
1372810768783	104	406	301	click
1373575738521	145	161	67	click
1374032867694	91	19	28	click
1372066638007	58	756	342	click
1371925879079	32	236	69	click
1369975171846	9	242	202	show
1368058199363	57	577	93	click
1367801436403	14	874	378	click
1372171228152	44	266	169	show
1370403668646	130	501	361	show
1370700183901	62	868	32	click
1368216190145	57	50	439	click
1371285663166	49	494	365	click
1373957896226	93	764	52	click
1371527625165	96	467	401	click
1371973471791	119	859	58	click
1370989202511	106	995	239	show
1370358144100	46	932	158	show
1368021982669	41	189	328	show
1370854247516	130	699	147	click
1368154769834	6	146	176	show
1373794602046	63	111	434	click
1366504700103	108	579	117	show
1373991943882	9	751	219	show
1374204399971	140	360	69	show
1373618967507	5	301	139	show
1366718533816	29	407	78	click
1370167284807	61	420	50	click
1372452791735	94	483	22	click
1370035879143	51	490	41	click
1370251525948	2	51	156	click
1371038810411	13	493	156	show
1372996262343	22	259	456	click
1369775152580	117	442	200	click
1371606873633	83	402	4	show
1369145193111	128	694	140	show
1371121079845	136	652	80	click
1372990408127	84	512	265	click
1372723835881	147	65	110	click
1367183253344	9	736	404	click
1369901140607	135	863	73	click
1373073810693	16	221	397	show
1373952800247	87	610	128	click
1372746542413	129	150	332	show
1367533056465	83	525	363	click
1368278398710	18	278	370	show
1370860003550	86	526	36	show
1369819329002	143	113	469	click
1370450358104	10	494	347	show
1370117560799	68	278	103	show
1367265800919	115	329	299	click
1368541253361	36	508	355	show
1370631265288	106	233	51	click
1367049657397	110	7	143	show
1366502350691	106	519	95	show
1371537910475	83	191	386	show
1366413369861	146	935	412	show
1367355063588	150	433	493	show
1372827276945	5	831	292	click
1370869071454	122	123	427	click
1373936462056	28	884	399	show
1367411965684	55	525	323	show
1369625521146	143	180	99	click
1369298572376	97	184	411	click
1369584509274	2	17	25	click
1369276805578	97	519	297	click
1368704816713	110	738	412	show
1366714333985	146	36	115	click
1368740139664	126	356	409	show
1371943491394	25	945	307	show
1373758990224	64	367	2	show
1371170674595	36	123	261	click
1369343328461	46	794	159	click
1370833031004	54	39	327	show
1368129735496	48	382	65	show
1372706765783	45	976	250	click
1367796146911	93	166	222	click
1369569386718	37	456	322	click
1371433306965	127	881	13	show
1370584866569	106	131	149	click
1368380428851	15	420	285	click
1370059945362	147	948	50	show
1372041803697	30	487	467	show
1371011410546	132	649	297	click
1373637893018	107	389	40	show
1368010325960	40	330	302	show
1367755023900	119	825	356	show
1367055686323	50	533	373	show
1374029497228	92	560	445	click
1369565224695	75	789	93	show
1371445482727	15	836	4	click
1372808297363	104	990	97	click
1368664664351	47	664	422	click
1369810888848	99	593	174	click
1366609150307	3	221	192	show
1371873229769	19	702	163	click
1372025509121	102	993	72	show
1369027397023	11	221	380	click
1371701738036	47	229	95	show
1372505585475	27	478	194	show
1370155997555	76	808	192	click
1372397104179	83	614	455	show
1372959524032	75	700	54	show
1368681270203	115	896	31	click
1367375573887	82	724	384	show
1372108875356	36	860	265	click
1371295062526	25	208	226	show
1372387971873	51	341	402	show
1367236137621	99	52	322	show
1367761515523	136	15	65	click
1367912178363	149	495	317	show
1373392805024	28	93	21	click
1371880807468	74	151	496	click
1370641649020	5	428	65	show
1367101212829	83	252	40	show
1369899284958	96	810	225	click
1367573982600	60	838	478	show
1373723801919	15	588	233	show
1372691574620	140	292	404	show
1371800640829	111	610	145	click
1366578794237	69	786	498	show
1366746163541	123	298	33	click
1369383217705	21	454	350	show
1370222981400	69	451	41	show
1374024831189	95	797	310	click
1373003221151	36	575	439	show
1367139221947	66	474	365	show
1370124538229	44	917	383	click
1370079764549	111	884	242	show
1374089304427	91	225	161	click
1369196776123	4	122	209	show
1369864539541	12	430	221	show
1368188219895	79	134	272	click
1373608971849	150	660	450	show
1367622659956	105	205	494	show
1366694269392	69	683	440	click
1371005541332	31	522	61	show
1369197654502	46	985	484	click
1372184588139	16	901	372	show
1372116658388	16	142	218	show
1366903827199	34	339	354	click
1370280418967	6	351	207	click
1367784599394	32	848	123	click
1373701374475	117	657	424	show
1372088338531	77	625	485	show
1367993902012	102	432	196	click
1371253002026	21	736	67	click
1373599350657	7	695	223	click
1369821344270	13	41	280	show
1369067282809	141	65	402	show
1373029109185	93	317	361	show
1369383121850	27	602	9	show
1366954622128	78	357	204	click
1369207098863	73	526	263	click
1373905588805	28	789	418	click
1370057987951	3	609	98	show
1372620238596	106	377	235	click
1366717671450	135	581	339	show
1371411182285	67	940	101	click
1367621187858	131	744	6	show
1369813125740	39	672	398	show
1369662760599	47	32	109	click
1369370640021	143	57	444	click
1371772586026	139	354	387	show
1367725033070	59	111	399	show
1370840613936	126	305	471	show
1371819157891	48	590	440	show
1372210431289	134	990	413	show
1372883827826	60	903	456	show
1367766155660	28	55	53	click
1369406842946	113	925	234	show
1370060894453	97	193	212	click
1368628968723	46	284	436	click
1368826581732	32	67	53	click
1367594189230	33	475	111	click
1372149549141	134	989	385	click
1367520917445	107	698	453	show
1369003121140	149	705	126	show
1369234273379	62	294	371	click
1371652844229	23	405	444	show
1370931317641	45	815	242	click
1371364885231	116	496	104	show
1368398672308	121	211	312	click
1369272352469	117	807	279	click
1370134967086	48	853	415	show
1369078577707	29	665	333	show
1373275842580	47	697	416	show
1368603040203	74	447	433	show
1368092607010	66	120	459	show
1368971272088	17	587	134	show
1370879877701	57	263	334	show
1370050327463	44	955	128	show
1372354551231	136	858	312	click
1368437249296	56	839	316	show
1370925929723	1	793	134	click
1371888507778	26	516	90	click
1366722165062	14	434	267	click
1369001901476	148	44	300	click
1369914530897	66	384	333	click
1374064308275	86	881	158	click
1367132688957	31	330	186	show
1370909928585	27	269	259	show
1366613460552	20	759	98	click
1372520291820	105	32	23	click
1373697162053	81	897	136	click
1370905872072	71	766	131	click
1371834386830	64	2	102	click
1374186278896	37	781	443	click
1369801919992	13	622	291	click
1369946263944	64	36	118	click
1368530137760	49	350	250	show
1369655993850	48	989	174	show
1371930072262	9	312	67	click
1366791117225	53	206	493	click
1373711316025	3	498	12	click
1366495457946	42	867	130	click
1369429525778	20	185	331	click
1374018284408	121	306	302	click
1367137189505	19	935	445	click
1373656332416	87	92	419	show
1369668870313	24	833	488	show
1368304918182	65	10	279	show
1370899233428	26	321	218	show
1370825228907	87	352	440	click
1368316428157	44	664	34	show
1371522497161	3	888	19	click
1368241669631	97	356	56	show
1369659187763	1	452	277	click
1366562148782	121	122	348	show
1368888609313	98	436	382	show
1370084955618	125	52	25	show
1369230024477	6	980	477	click
1371751047091	107	621	150	show
1373971331436	102	675	3	click
1367723861941	105	606	393	show
1370848512619	72	954	382	click
1374125438091	50	689	80	click
1367874251948	60	431	398	click
1367522283665	138	498	297	show
1370812882315	14	722	132	show
1373347218306	62	466	191	click
1372340264922	15	220	288	click
1366739693033	117	232	499	show
1366769569522	67	969	397	show
1373874231440	119	55	316	click
1373085831348	149	170	138	click
1370241973449	133	750	310	click
1372262640970	53	353	21	show
1369100978437	13	737	206	show
1372155633555	12	938	414	click
1370197472372	142	1000	100	click
1374023544702	47	650	254	click
1367669357834	59	3	114	show
1366435215185	145	570	472	show
1366711659911	119	952	219	show
1373685060491	123	562	399	click
1366358398199	72	130	204	click
1372034258932	7	616	76	show
1373542818666	33	868	262	show
1367188857840	141	570	346	show
1371703755947	73	766	421	click
1370884145753	44	950	124	show
1371665002115	15	793	454	click
1367738345975	74	457	139	show
1367351642585	3	303	358	click
1371296972416	142	755	198	click
1373496407317	99	454	476	click
1366714702166	138	600	434	click
1369296749292	114	719	116	show
1371904823895	123	868	305	show
1367590798434	99	771	444	click
1368134859866	73	257	168	click
1369528181811	43	501	477	show
1367203086027	29	144	421	show
1368248062567	144	955	339	click
1372182932968	78	772	224	show
1369919812792	89	221	441	show
1368406535347	3	937	51	click
1369004943393	47	993	423	click
1369272457295	45	476	470	show
1368944259769	118	349	279	click
1373957836132	64	949	354	click
1373291792805	89	642	133	click
1366402507362	69	178	202	click
1367635619231	68	829	339	click
1370237002042	144	704	95	show
1368114752246	16	997	340	click
1370753757636	90	851	211	show
1372337541391	53	508	282	click
1372489845470	149	464	1	show
1370597766767	92	200	164	click
1370512811484	17	455	374	show
1368685419519	23	898	402	show
1369876122995	141	754	63	click
1369391300803	109	338	180	click
1372552606939	139	147	159	click
1374001793901	97	865	72	click
1370413255073	108	391	375	click
1368882547350	7	771	38	click
1366950481106	28	702	431	show
1369630939167	85	135	108	click
1368864082313	41	805	438	click
1366610776946	36	824	290	show
1370012617553	9	512	326	click
1371439608489	135	895	6	show
1369493141533	140	484	3	click
1373438861494	104	985	164	click
1373628458864	40	218	208	click
1372877744407	48	158	416	show
1369556101558	112	238	131	show
1374141263960	3	357	442	show
1370838515025	46	692	108	click
1373923727209	1	55	469	click
1369015849621	50	289	261	show
1369434855697	57	352	337	click
1373426691170	89	952	371	click
1370519270498	126	901	64	show
1373798181947	12	445	371	click
1367804769175	129	719	70	click
1373301139083	79	888	225	click
1368895224560	5	862	234	click
1371721740781	6	358	368	click
1367805188975	29	101	297	show
1368669127892	144	592	28	click
1367860787545	73	264	411	show
1370905143348	20	366	345	show
1366525750643	81	725	489	click
1369816092841	101	886	432	show
1372470122135	89	994	100	show
1367420156253	1	494	217	show
1371179008207	58	234	473	click
1370852255703	50	448	176	click
1369933808337	61	338	127	click
1373190492989	143	307	51	click
1371426309618	6	33	143	show
1370812851937	139	168	10	show
1367215483655	139	739	485	click
1367737412618	116	565	369	click
1369741000654	7	452	166	show
1368192269016	13	518	395	show
1367114328475	82	357	468	show
1366448537620	46	921	461	click
1367638270673	145	994	471	click
1368717926325	45	95	473	click
1371709495124	9	418	391	click
1373314468244	18	466	291	show
1370277081611	115	8	110	show
1367610400685	98	343	201	click
1373630783497	69	237	106	show
1373787777035	2	759	230	show
1374198867597	125	306	94	click
1367795393793	147	281	129	show
1371994657662	16	821	480	click
1371787827752	17	401	415	show
1366783714051	111	110	425	show
1366396679463	113	520	89	show
1369012877946	15	520	150	click
1372678185756	98	718	116	click
1366994556950	95	129	52	show
1369401290651	21	589	92	click
1370978842882	61	850	130	click
1366812770143	147	834	370	click
1373073792761	29	627	337	show
1367356728985	46	269	26	click
1371094453981	48	720	232	click
1370398370385	61	314	326	show
1369247667803	136	250	458	click
1371785365265	104	118	498	show
1370401053035	33	335	446	click
1369191222751	79	63	435	click
1373340879425	27	575	98	click
1366945286654	135	485	20	show
1371248856764	104	283	463	click
1371457673359	73	566	473	click
1367294227854	54	476	448	click
1367879055993	77	538	390	show
1372930647720	41	743	10	click
1368067710218	39	514	132	click
1371693716991	44	582	356	click
1371859494450	49	441	163	show
1369985032136	14	58	98	click
1368875101662	98	894	109	show
1371447289052	120	540	197	click
1367688243863	57	825	181	show
1367922276849	144	531	49	click
1368586820275	52	757	480	show
1374052070488	14	783	360	show
1371897534484	131	516	498	show
1373908046761	68	151	322	show
1367898794742	76	732	363	click
1372540011459	104	673	210	click
1373459927023	17	783	341	show
1369605471080	34	465	154	click
1372968381572	19	308	130	click
1368148772811	126	385	223	show
1370465774870	117	662	219	click
1371840010460	101	752	447	show
1372220959361	144	151	337	show
1374178718314	122	89	272	show
1368108383063	58	679	328	show
1368599869827	77	357	201	click
1373415982012	77	616	135	click
1368676072156	13	627	340	show
1373323764517	64	679	168	show
1372433308617	95	992	177	click
1370180451839	130	552	165	show
1371166657475	98	510	307	click
1367739436345	4	482	176	click
1371080270603	118	696	254	show
1367064147309	141	289	468	show
1369614917924	4	683	468	show
1373981360722	82	558	317	click
1368946747426	118	961	138	show
1373323213832	75	938	330	click
1370288657297	48	274	466	show
1366387752921	137	89	111	click
1372010135376	106	23	188	click
1373022730514	91	852	220	click
1367180607402	69	475	401	click
1367171539966	18	355	299	show
1373379464598	48	250	188	show
1373455305736	36	84	12	click
1370679705883	132	498	183	show
1370089049621	109	155	365	show
1372257446159	140	865	289	click
1369492319178	123	471	401	show
1370674370985	24	508	277	click
1371933534149	55	833	430	show
1368337869479	143	580	11	click
1370711474372	58	769	168	show
1367094830069	80	792	365	show
1370563682867	46	737	151	show
1367946325053	60	897	488	show
1369315483438	75	496	119	click
1368495265205	81	971	439	click
1368507523128	54	795	318	click
1368625795714	7	287	44	show
1369442812121	110	389	270	show
1371919168131	142	223	500	click
1373613368941	67	961	227	click
1369629122404	1	862	13	show
1367649624627	49	714	461	click
1371365991988	120	294	291	click
1372800091300	127	46	468	show
1373850260457	134	448	126	click
1366898541823	57	29	224	click
1373269773367	2	119	41	click
1366541577714	89	404	146	show
1370260706645	83	163	199	show
1367219281877	8	383	142	click
1373904632451	131	128	57	click
1367827649502	89	35	203	show
1373937216175	22	966	283	click
1374046830096	80	373	272	show
1366427539151	116	19	223	show
1369937626616	5	926	251	show
1367283568775	49	728	229	show
1368309984537	61	60	356	click
1367938271890	119	444	417	show
1366654362663	72	723	427	click
1372186175238	3	671	450	show
1371581582061	102	153	375	click
1371247425409	45	776	209	show
1369124289377	17	282	253	click
1367837610511	60	88	235	click
1372465942015	60	818	302	show
1366726525549	3	326	95	show
1366870533053	65	787	42	show
1371107408603	84	259	271	click
1369941742566	66	218	73	show
1369109863915	3	833	86	click
1370550741582	20	193	251	show
1371020034203	125	396	246	click
1367350035860	128	277	91	click
1373685544244	56	805	213	click
1367064339932	43	232	88	click
1373839609323	18	560	405	show
1367537906104	132	561	258	click
1366412620401	110	754	462	click
1366956548929	87	93	341	click
1367268655743	135	575	225	click
1371043633785	64	295	391	click
1372503216307	62	246	115	click
1369791472652	41	36	473	show
1368241992799	68	189	433	click
1369409249295	61	421	454	click
1372497291440	88	305	479	click
1372587964538	29	187	485	click
1367571173670	77	532	465	click
1371835499435	36	507	421	show
1369098478254	106	634	9	show
1370305180435	115	766	330	click
1368914450516	47	445	71	show
1372413096483	82	214	257	click
1367398497635	125	64	237	show
1367112330749	29	339	125	show
1367393748786	124	650	375	click
1371628436271	3	117	394	show
1373799517496	3	119	188	click
1367070948120	111	174	295	click
1366823254974	99	323	74	show
1373509742774	122	698	307	click
1367590919410	42	670	483	click
1366394475480	38	528	182	click
1373560068516	135	854	299	click
1368165697994	70	94	265	click
1369161774837	21	195	153	click
1370435236895	74	172	31	show
1367389749737	101	284	94	click
1372587467482	107	337	150	show
1367389254338	34	561	150	show
1374088881833	9	160	470	show
1368378320911	71	268	103	click
1367658470655	105	142	83	show
1367309769900	24	263	290	click
1368989881481	116	373	276	click
1368066361649	57	66	205	click
1372231444337	66	531	145	click
1367934669091	62	685	16	show
1368474409053	7	604	100	show
1373927369041	13	209	392	click
1371448590589	116	461	380	click
1370213167489	136	869	326	click
1369448297009	58	974	367	click
1371330099561	30	117	39	click
1368499251211	127	399	295	click
1374120898676	58	895	177	click
1367058855740	69	68	28	click
1369463340662	61	340	325	show
1371829825004	56	379	351	show
1367680422698	137	633	245	click
1371490698042	54	161	329	show
1373402782195	90	350	205	click
1367619312744	6	691	216	show
1367246338459	38	489	81	click
1372808671914	146	269	346	click
1369910461903	28	972	15	show
1366704040780	97	822	277	show
1366649369028	45	292	495	click
1374006594303	147	752	469	show
1371709789376	11	279	460	show
1373003358304	8	667	328	click
1371829276339	63	929	36	click
1371473054034	91	775	364	show
1371655304093	88	224	399	show
1372364123963	141	670	179	click
1373288289622	125	802	283	click
1368699677514	82	625	88	show
1372948393002	80	817	420	show
1366722672736	85	48	58	show
1368720502575	9	814	402	show
1372175248051	61	19	368	click
1369671196388	85	802	403	show
1369790699525	83	215	43	click
1373657742328	99	461	394	click
1369647465067	98	613	54	click
1373627939299	110	413	289	click
1373041954841	56	204	432	show
1371183468588	34	886	335	show
1366653554046	92	776	39	show
1371739875718	40	791	284	show
1373062021712	102	242	484	show
1367572713493	87	679	72	click
1370519365456	73	430	340	show
1367750618353	90	123	413	show
1370852586566	96	44	108	show
1374034187099	126	567	189	show
1367422293034	8	878	29	show
1369285330974	91	272	404	click
1367255133091	35	614	49	show
1372047610727	82	240	34	click
1369415142501	107	310	23	show
1370765074223	19	779	155	click
1369863260959	17	120	430	click
1370051948709	6	717	466	click
1367820709731	82	893	18	show
1373648188271	127	724	64	show
1372488657596	73	915	390	show
1371059556255	58	450	163	show
1370638128108	75	243	366	click
1372538124293	29	145	353	show
1371655167714	120	756	327	show
1371232226085	120	609	378	click
1373150405960	146	948	120	show
1372353457310	117	802	180	click
1366966101046	99	799	21	show
1373611215373	120	745	407	show
1369969127780	24	805	274	show
1368779681260	129	978	274	show
1372238397830	51	505	378	click
1372020512157	10	442	124	click
1372764341956	27	749	196	click
1374023329346	60	543	370	click
1372856141372	116	62	401	click
1368409807050	137	889	255	show
1366437571178	102	671	411	show
1372902953999	123	628	212	click
1373078232272	85	4	91	click
1369078159490	116	782	410	click
1370106743094	144	835	198	click
1373030709215	126	350	196	show
1373812709970	101	924	101	click
1373320288306	51	316	424	click
1368947014059	80	138	210	click
1371738902547	11	24	213	show
1367634103013	127	188	187	show
1370575979547	141	590	363	click
1369944110468	75	592	64	click
1370103231699	96	507	33	show
1368509235132	126	958	181	click
1373416107369	90	436	399	show
1373601761051	100	365	45	click
1368563666233	116	230	366	click
1366467157617	99	236	436	click
1372090679936	42	478	303	show
1370843649900	77	823	81	click
1373760850117	8	853	400	show
1373057359281	23	431	66	show
1373565867920	113	137	9	show
1369294437835	121	391	173	click
1368041494368	120	203	378	show
1367162414304	41	760	488	click
1368302754124	80	627	124	click
1369083594375	10	442	289	click
1370709308094	101	684	465	show
1366991565965	71	631	474	show
1370370347502	68	865	363	click
1371820870098	82	402	7	click
1367288967748	120	984	57	show
1370272607904	54	284	5	click
1369841164114	89	732	109	show
1367578674589	2	127	375	click
1373654046514	145	480	498	click
1373751878102	133	882	119	click
1371798511069	99	14	375	show
1366918318536	5	133	56	click
1373929647166	57	845	262	show
1370793524497	122	763	196	click
1368177159532	8	494	219	show
1370629107937	67	201	57	click
1373297784480	26	672	450	click
1371437148792	121	44	54	click
1370343526287	52	634	475	click
1369025355964	1	459	121	show
1373409806293	131	390	158	click
1367229083110	31	851	493	show
1371731729927	88	478	131	show
1369022947490	88	188	436	click
1372107149053	102	336	415	show
1367227340688	60	317	56	show
1371913008506	48	959	242	show
1366489983951	101	88	272	click
1370220908393	68	819	54	show
1371192511127	15	277	399	show
1367408735430	145	808	493	show
1373077257065	130	378	291	click
1373005876442	17	249	460	show
1372673216036	146	537	394	show
1368085991652	104	918	493	click
1366617730773	122	292	327	click
1372121188802	9	641	17	show
1367219154464	121	969	176	show
1369516810514	11	140	354	show
1367920537645	145	50	175	show
1367162554472	121	192	383	click
1371576387478	2	811	4	click
1372355741324	107	552	409	click
1372558138975	31	46	62	click
1372977968811	91	969	234	click
1367602234989	83	582	382	click
1366900617672	102	768	169	show
1367142299945	62	503	7	click
1372462321967	143	586	440	click
1374189346882	135	848	383	show
1371553354615	90	985	470	show
1369286571224	118	836	467	click
1372652844331	31	509	16	click
1370881491099	29	848	464	show
1370517449409	5	120	331	show
1373046866117	20	23	409	click
1368811815549	32	960	15	click
1372256921374	68	99	148	show
1370932008307	80	239	23	click
1368352948497	105	432	274	click
1371751708486	69	117	127	show
1368372802830	113	165	432	click
1369040163181	60	435	482	show
1371655310720	10	469	94	click
1370350573398	124	635	279	show
1366528153232	30	753	335	click
1367382637636	129	839	224	click
1374023642906	103	552	168	click
1368872742953	79	696	176	show
1371725672119	105	568	289	click
1367542505340	145	773	236	show
1370495099838	88	147	202	show
1366625000191	128	218	262	click
1369601529747	143	915	321	click
1373435778364	70	660	303	show
1367086072549	129	790	168	click
1367381826524	22	69	377	show
1372135038769	48	246	46	show
1373613892220	75	369	459	show
1372058030549	135	141	271	show
1372265030223	141	9	81	show
1366789710523	112	945	389	click
1373766328481	64	129	277	click
1373631558110	44	329	176	show
1370971268004	87	338	298	click
1371803788294	11	733	278	show
1366533254029	28	758	272	click
1371163395476	135	924	102	show
1369911770469	88	995	465	show
1369110054356	99	529	481	click
1370503077405	104	352	328	click
1371654266504	32	212	240	show
1374036610815	71	112	114	show
1369172051559	110	517	382	click
1373298247441	23	642	100	click
1366525115742	44	930	120	click
1368985984725	115	464	99	show
1369369493282	72	449	483	click
1370751730942	59	150	319	show
1370029410140	14	445	172	show
1369777643564	149	176	488	show
1370414198515	16	424	488	show
1367968653835	34	206	81	show
1367213645885	17	690	420	click
1373872125901	104	544	303	click
1372330302947	110	19	450	show
1366523026085	118	445	117	show
1372086185112	110	25	108	show
1370625235145	91	591	69	show
1373458563493	7	668	396	click
1369746796766	90	804	454	click
1371177092184	134	497	200	show
1368110580278	101	520	77	click
1368616256251	2	715	320	show
1373602039596	42	670	346	show
1366690997851	11	282	487	show
1367791621525	65	4	289	show
1372020371735	24	368	190	click
1367192481907	22	639	10	show
1369754148131	72	2	37	click
1370086717273	31	689	83	click
1368700834515	138	357	280	show
1368390663239	91	762	312	click
1371022815748	18	709	124	click
1367988280719	87	332	77	show
1367938035278	90	619	199	show
1367304776906	50	942	364	show
1372175675580	19	513	382	show
1369667978544	92	579	276	show
1368071658095	136	64	230	click
1373584779430	99	198	270	show
1374040842781	38	336	234	show
1369803091086	43	130	326	show
1373661008290	82	85	359	show
1371740319457	107	23	133	show
1369120024524	39	572	245	click
1367668183881	93	703	478	click
1368952379874	49	370	245	show
1367825547147	115	468	186	show
1370876905852	139	424	173	show
1373873891572	91	641	391	show
1373054825735	48	844	110	show
1369592325200	8	106	403	click
1368577452698	51	699	285	click
1374107940596	92	981	50	show
1369288141009	43	94	200	show
1370918885007	88	106	93	click
1369348066516	47	833	214	show
1370531763103	74	67	286	show
1370104513161	110	495	7	click
1367516322342	99	720	149	click
1369162395873	145	664	134	click
1370470986487	32	13	220	show
1369260197550	82	304	334	click
1367853885421	73	384	318	click
1367744158353	76	356	125	show
1366470800102	58	969	120	show
1372280143553	95	985	429	show
1372534881575	39	287	98	click
1373016681773	79	233	135	show
1371878757079	22	678	125	click
1368049840043	14	574	495	click
1368974354041	40	871	173	click
1369476035720	92	765	371	show
1367607632802	78	898	245	click
1370697112608	39	488	190	show
1373424982608	68	61	394	click
1369100728394	55	175	124	show
1369118479988	123	882	214	show
1369283605763	46	166	427	show
1370784318546	131	825	476	click
1369347495350	146	883	68	click
1369795207599	31	494	378	click
1373310806462	129	2	496	click
1367265263553	17	381	199	click
1371540229580	29	17	399	click
1371412156403	37	919	425	click
1368689578267	135	970	248	click
1374144953146	43	222	114	click
1368214983698	144	806	161	click
1369997953576	137	412	405	click
1373663635434	69	649	277	click
1370306408519	117	656	225	click
1368575676773	123	863	308	click
1373783664293	15	81	369	show
1368136718850	122	326	398	click
1368845422785	1	463	301	show
1370309278381	140	969	471	show
1373834914476	49	520	500	show
1370327010966	59	932	451	click
1370927449944	128	215	487	show
1373865637089	28	471	433	click
1372828800396	54	31	207	show
1370209576327	106	977	124	show
1366923776867	115	185	91	show
1369345953748	104	162	350	click
1366843998399	40	568	112	click
1369138201123	114	729	286	show
1368085533465	9	643	470	show
1369035941540	149	883	399	show
1372322941609	89	999	56	show
1369909313387	110	648	39	click
1367876437281	55	121	374	click
1373656472421	49	705	467	show
1370190247079	44	511	142	click
1369987710076	104	580	118	show
1372526910310	50	45	107	show
1371347979711	146	14	185	click
1374085974120	75	969	128	show
1369089597475	23	437	371	show
1371513591595	80	550	83	show
1372079947085	71	261	82	show
1367016891438	10	556	121	click
1372391801282	63	92	492	click
1372298337358	35	357	389	click
1370429861944	111	173	482	click
1373814202586	66	568	460	show
1372832675981	58	482	287	click
1366512367189	118	55	164	show
1366693274776	122	532	321	show
1368384656241	80	858	262	click
1372724429660	1	90	336	show
1366403441786	118	911	254	click
1370261672060	117	626	295	show
1373254960669	69	180	220	click
1371401915124	39	476	441	show
1374194145809	64	657	17	click
1367072955599	89	511	208	show
1368795672194	139	963	32	show
1368789410600	8	34	471	click
1367383056172	63	895	287	show
1369169809715	11	562	256	show
1368853390005	57	460	317	click
1371307818193	71	148	392	click
1370847094649	112	371	285	click
1371070353576	101	750	330	click
1373487885508	135	226	250	show
1367633051470	115	338	443	show
1367682099213	57	781	359	click
1373971281239	65	288	134	show
1368551548608	64	857	251	show
1366427725756	111	723	51	show
1367107072093	51	593	131	click
1372580561206	49	120	59	click
1369557096872	107	381	33	show
1368662695232	126	312	258	show
1369256327786	65	664	340	click
1370235162913	145	899	472	show
1372372947261	12	207	489	click
1371165562016	109	714	265	click
1367422853409	3	32	357	click
1366569103374	37	33	395	click
1372779868776	81	84	394	show
1373457617412	43	65	37	click
1369044250653	50	82	191	show
1369645094064	115	614	395	show
1369924498995	84	670	65	click
1366387771249	132	776	336	show
1373257856663	99	273	259	show
1369590221467	96	404	46	show
1369974162618	23	828	137	show
1371861903481	55	373	220	click
1369010748369	73	340	264	click
1370997066204	16	960	188	click
1370235214038	80	215	376	show
1372599790689	122	410	36	show
1370658323960	120	947	313	show
1369177882593	5	805	24	show
1367382545625	9	581	435	show
1371293655182	140	36	410	click
1369308285034	73	209	308	show
1371785516739	137	968	417	click
1371748009301	80	443	170	show
1371296883964	138	422	338	click
1367667245060	77	408	362	show
1367026946515	105	552	119	click
1368833607984	95	956	58	click
1371252688844	90	636	178	click
1371062828332	40	739	424	show
1368077866055	130	20	350	click
1370332009714	30	577	80	show
1367110513804	74	640	478	show
1367491976423	129	314	59	show
1369913700897	80	922	169	show
1373434715651	144	764	454	show
1370699647070	132	550	99	click
1369046111751	24	825	98	show
1369011210675	139	476	364	show
1373668896164	20	104	435	show
1373025330144	116	714	121	show
1369025039160	133	331	445	click
1366342399926	141	640	323	click
1371115227588	37	709	458	click
1367206955585	45	887	353	show
1373524136959	107	243	468	click
1366457095596	117	497	25	click
1366351330825	90	297	212	show
1366418319600	89	803	49	show
1367257090680	49	155	367	show
1372599480457	38	242	186	click
1366958492783	9	137	144	show
1374165305666	136	35	471	click
1369817868272	45	760	268	click
1368947064794	129	874	256	show
1368738352491	81	874	180	show
1374110586282	62	328	251	show
1373062312941	28	35	450	click
1373657268697	73	668	463	show
1369766220178	126	503	130	click
1368651283064	3	299	468	click
1371835355462	142	455	75	show
1369016935426	114	233	141	show
1370067784077	16	183	324	click
1372703069221	83	155	274	click
1372617592142	141	729	491	show
1367307719673	98	894	274	click
1369775445542	137	256	322	show
1373978927745	84	711	438	click
1372123387003	114	157	449	show
1374137533711	125	444	158	click
1368518341878	99	499	409	show
1370374087476	83	572	400	click
1367747232812	148	95	314	show
1371173471391	123	622	318	show
1369906866400	103	442	264	show
1368370371786	34	796	223	show
1369724615090	38	173	361	show
1367735416336	44	959	317	click
1373318815301	143	519	86	show
1370554211837	1	846	79	click
1367802046588	12	591	188	click
1374197028015	128	668	363	click
1373141893643	41	40	210	click
1370489686375	89	741	134	show
1371443410827	37	853	184	show
1371419789489	13	834	405	click
1368777447800	86	392	9	click
1369599824748	129	996	7	click
1369476871696	59	854	224	click
1367137937326	107	922	3	show
1370835010382	99	647	121	show
1367286564959	123	760	46	show
1372339655959	63	456	211	show
1368623676663	95	549	230	click
1366738151346	88	240	471	show
1367683139509	105	395	291	show
1371471753784	71	180	334	click
1367458581524	45	486	461	show
1370084124933	140	770	139	show
1369485118504	1	668	90	show
1370560186122	119	434	469	show
1367802583576	55	773	139	click
1373385102700	107	56	99	show
1372123403337	15	482	326	show
1372038601997	21	992	20	click
1373805793381	123	12	162	click
1368748680797	141	112	237	click
1369698416489	150	313	470	show
1369520523698	30	114	402	show
1371992204805	34	18	290	show
1369960162113	81	878	495	click
1369632494721	102	883	389	show
1370309007086	30	16	52	click
1366929342967	130	103	492	click
1369358991809	84	553	66	click
1368536413860	132	44	368	show
1370936456621	25	265	239	show
1367467003319	51	348	108	show
1371081089101	28	522	478	click
1366898030643	108	849	195	click
1369262045614	125	463	233	click
1368615975356	78	624	352	click
1368297671948	99	772	194	show
1370480251371	57	873	184	show
1366945432501	101	666	151	show
1370804878410	59	864	418	click
1368278280786	20	960	28	show
1367458890426	145	985	39	click
1371407799144	32	335	447	show
1368548188805	31	528	236	click
1366548802190	72	560	251	click
1371617892796	67	915	355	show
1370488893563	29	55	241	show
1370635141458	99	902	309	click
1371761634488	2	695	26	click
1366974320112	73	512	392	click
1372772560164	50	752	272	show
1366507495170	95	490	87	show
1370244102452	5	641	149	click
1366525625838	14	363	149	click
1370156060524	30	388	433	show
1374033295547	116	854	126	show
1368302164882	5	349	5	show
1367480180343	88	680	413	show
1367694889299	112	55	364	click
1371720682408	145	835	488	show
1371627735603	73	900	385	click
1372773218961	105	162	57	show
1371388493039	36	959	349	show
1366811693022	135	371	431	show
1373448351642	16	133	12	click
1374188168917	67	640	104	click
1368007573235	75	474	143	show
1373210474772	123	656	110	click
1367180169244	116	852	177	show
1370710707253	80	300	69	click
1373468218616	41	77	247	click
1368209923013	109	739	250	click
1367545847659	79	802	214	show
1371740962735	117	217	2	click
1367002578121	24	25	179	click
1373773762773	145	361	152	show
1368677803244	47	635	316	click
1371765524871	80	950	418	show
1368379173284	113	288	151	click
1368802474532	111	121	157	click
1370427596843	116	202	54	show
1367385165115	79	340	218	click
1368116397118	109	899	298	click
1370238952898	142	169	85	show
1366872128130	31	834	12	click
1369163155321	105	324	386	click
1373170435915	66	941	450	show
1366815260859	120	577	287	click
1372081605585	5	928	369	click
1367182349266	2	665	12	click
1371224065827	43	514	123	click
1368362403417	93	137	413	show
1370853251073	27	243	49	click
1368974662444	68	959	211	click
1369055741190	134	888	11	show
1369186117569	102	770	270	show
1370293756872	15	118	26	show
1370770734779	2	262	29	show
1366728051844	20	246	258	click
1370045170432	61	329	281	show
1366638907188	95	859	275	click
1367071454489	14	164	359	show
1371828108699	101	48	442	click
1367035600785	33	686	132	click
1369856440350	63	713	20	click
1369717145241	53	854	178	click
1369637305680	90	136	69	show
1367614639342	90	363	258	show
1368209514739	20	891	118	click
1369622654512	132	739	303	click
1367760670171	101	796	171	show
1369894877671	60	110	356	click
1369748439285	111	352	114	show
1366705105300	144	529	398	show
1368845484451	2	971	100	click
1366911200551	51	68	17	click
1368889982015	15	412	288	click
1371879235745	3	436	32	click
1371935701490	21	516	370	click
1372343402481	77	87	25	click
1367738268506	20	523	78	click
1367054455246	139	568	169	click
1370283532973	14	100	106	show
1370764643506	11	283	229	show
1371682798077	105	511	73	click
1368945530760	96	999	343	show
1371464373994	86	76	482	show
1367342459636	91	465	58	click
1371022684362	44	56	276	click
1368229527076	2	197	337	show
1369083399940	104	434	73	click
1369025559628	123	12	323	show
1373456814539	49	277	361	show
1373536562955	90	194	282	show
1373522799853	51	538	25	click
1371224201615	40	883	249	click
1368027122895	46	308	363	click
1372916258239	148	36	60	click
1373248348008	74	3	183	show
1373715090748	16	187	397	show
1373294931382	96	515	440	click
1366452286712	82	225	340	show
1367073857295	57	61	260	show
1373943770414	17	879	89	show
1367578926733	116	411	486	show
1368266567869	32	23	227	click
1372267883781	20	127	242	click
1372537917943	74	178	132	show
1367655387176	10	462	497	click
1367970315247	40	805	57	click
1371844352868	96	919	401	show
1371301988619	81	775	172	show
1369936232589	132	147	177	show
1372033556271	40	38	467	show
1370220756595	107	802	394	show
1369718180195	96	834	247	show
1366485877497	102	2	219	click
1370044068137	145	530	159	show
1370647349886	71	785	60	show
1371844068033	136	170	143	show
1372248899220	83	980	343	click
1370600439060	39	44	93	show
1371917499704	47	440	278	click
1370206577377	125	465	160	show
1372597800787	33	420	189	show
1372139359101	16	825	41	click
1370129567591	9	108	475	click
1367659108049	3	435	296	click
1367117989177	30	195	14	click
1369857753287	6	949	499	click
1368039663456	45	164	215	show
1368927506023	30	161	311	show
1372027121009	24	286	255	show
1367023668902	31	320	319	show
1372276272688	56	321	358	show
1369231597446	58	578	53	click
1370673983562	44	578	38	click
1372279925055	129	530	159	click
1368057591169	42	191	41	click
1366520384000	102	289	274	show
1367774196473	107	165	472	show
1370663154556	60	72	278	click
1371018111454	82	748	100	click
1368730990236	49	569	228	click
1372715823605	81	757	194	show
1367510318561	28	235	125	show
1367672874119	28	28	70	show
1372583876807	12	974	418	show
1372815325678	78	597	415	show
1371040488785	57	787	195	show
1372013067990	33	868	11	show
1369191949655	148	924	31	click
1366515539729	133	327	155	show
1373239465503	100	484	310	show
1367822648627	90	92	50	show
1371883485736	38	279	326	show
1373396752309	136	161	176	show
1367399966048	20	680	131	show
1368856754257	74	174	157	click
1372063106455	127	369	259	click
1370722066427	34	117	141	show
1369915721561	14	948	298	click
1373766497900	107	876	168	show
1367212312010	120	547	134	click
1367316850561	95	210	110	click
1369010201529	108	657	221	show
1369123454004	70	297	104	show
1369878650057	99	70	101	show
1368806130924	53	902	300	click
1368336722894	4	828	382	click
1374113256160	28	290	466	show
1373875043572	79	708	372	show
1366534923027	127	824	451	click
1369032382476	74	443	242	show
1370345427911	129	193	202	click
1372950654593	114	985	475	click
1370883528723	136	407	128	click
1372844761622	2	453	466	click
1371725992769	86	244	311	show
1367077769931	62	385	319	show
1372708559840	20	355	394	click
1374039250118	11	115	292	click
1371688488897	90	965	76	show
1368616909646	107	445	449	show
1373908991634	145	539	234	show
1373579444339	28	162	288	show
1372853705959	3	682	432	show
1367487125515	73	238	179	click
1373396398319	103	553	70	click
1371194229549	70	664	331	show
1369294198015	48	657	160	show
1366620206412	99	706	431	click
1367176549482	139	327	390	click
1369157620222	89	895	138	show
1368537642805	102	219	324	click
1369836360658	95	670	51	click
1367418557239	84	385	132	show
1370199815791	124	970	92	click
1369008952843	53	141	110	click
1369985618040	79	351	21	show
1370304860889	3	976	46	show
1368708122624	12	660	465	click
1367219022062	116	659	40	show
1373996460262	83	560	305	click
1368871664159	133	795	40	show
1370231080854	55	573	179	click
1371533004476	125	76	237	click
1370055328141	41	423	27	click
1373125024965	148	634	381	click
1369899841417	103	698	362	click
1373687856847	24	63	442	show
1373544756905	119	240	232	show
1366720521493	134	905	285	click
1373482443743	86	453	246	click
1372328580416	94	896	360	show
1372580256478	95	639	319	click
1371182626175	21	768	268	click
1367114907686	138	414	482	click
1369621015822	91	28	333	click
1371478352460	128	91	307	click
1371447762002	145	623	292	show
1370256856641	137	472	479	show
1373944997282	107	763	466	click
1373084938295	61	256	131	show
1372368863704	16	631	225	show
1367578121488	133	723	81	click
1367843904351	60	725	149	click
1370811619281	71	962	497	click
1372848623743	114	305	131	click
1371766090609	6	428	167	show
1370252710759	134	284	299	click
1373981975737	30	158	474	click
1371093444785	19	730	33	click
1373432940382	94	602	478	click
1370663052592	117	464	270	click
1370478123425	115	845	164	click
1369049532505	104	890	393	click
1367132659276	131	247	182	click
1370708924570	131	187	294	click
1370818721065	112	906	145	show
1371589645659	150	8	106	click
1373755509912	67	515	154	click
1371356811498	130	153	408	click
1366462023565	25	909	309	show
1373854623299	50	121	465	click
1368444817538	123	617	359	click
1368926852797	65	234	437	click
1372569922577	19	722	192	click
1373872329287	5	41	307	show
1367291397159	8	599	24	click
1367026581157	121	321	334	show
1366953282318	63	610	361	click
1368820663987	93	112	368	click
1366368172333	45	914	12	show
1366998097426	6	564	129	click
1366495860248	22	726	487	show
1369962070657	137	453	433	show
1371733658224	88	414	225	show
1373870259406	39	579	429	click
1366414128647	74	343	96	show
1371981075340	15	557	42	click
1372686428475	15	635	281	click
1367133357361	132	314	46	show
1369144454176	83	334	218	show
1372695397930	54	827	106	click
1371252313250	79	838	245	click
1372517365014	55	758	32	click
1368072465047	133	897	472	click
1366802551188	94	292	439	show
1371277580903	111	832	388	show
1368223675862	147	587	377	click
1370339086968	117	805	143	show
1369128899782	92	914	165	click
1373859766791	10	297	480	click
1370968966406	69	312	430	show
1366565935362	128	993	451	show
1373953491443	99	512	239	show
1369309038463	23	768	83	click
1373370305851	141	468	256	click
1369013029349	77	772	37	click
1374164993927	59	54	147	click
1367535683625	29	851	167	click
1370428834455	36	927	281	click
1367616754409	8	511	296	click
1372998207854	71	252	96	click
1372758711141	36	554	255	click
1367170013865	70	326	87	click
1372170299266	7	772	491	click
1373922928839	67	600	280	click
1369423057441	44	256	464	click
1373125248059	100	842	486	show
1373806856899	11	71	294	show
1371526976226	81	837	89	show
1371383887840	48	712	419	click
1370232757100	142	955	45	click
1369446085495	100	537	444	click
1373890169407	15	911	407	show
1374138076475	112	724	24	click
1370674972647	128	125	242	show
1370239297564	31	694	73	show
1367704815879	91	942	345	show
1367494905524	30	138	10	click
1372902281709	12	67	406	show
1368335215979	59	713	110	click
1371385718276	118	449	403	click
1371927384538	10	678	350	show
1367037193504	83	902	244	show
1367491392924	66	213	279	click
1367159026341	112	678	3	show
1368330574137	13	790	250	click
1371768533797	65	79	2	click
1370384470346	43	841	215	click
1366404821048	114	831	342	show
1367062141148	81	306	404	show
1370489996861	120	902	13	click
1370499783242	62	740	278	click
1368311987263	76	499	234	show
1371411769968	127	565	330	click
1368177051161	4	625	159	click
1370287036970	47	604	390	show
1369834090849	93	194	371	show
1369772116629	133	920	388	click
1368866823846	127	908	412	show
1373361298946	106	453	384	click
1367936080080	41	38	307	click
1373422092625	5	857	167	click
1372616174486	39	924	169	click
1373264418376	93	236	330	show
1372923926709	9	213	414	show
1373489573021	15	877	127	click
1371637466123	48	750	477	show
1368252811609	138	779	167	click
1369541559914	78	178	331	show
1370641977042	109	504	215	show
1373898693892	149	915	196	show
1373851957739	140	990	223	show
1366613115898	66	323	488	click
1372244825472	79	331	63	click
1374011848286	143	643	123	click
1366829654661	101	546	181	show
1370603242525	132	659	411	show
1373246225927	128	45	262	show
1366822377368	54	474	415	click
1370268426472	21	930	119	show
1371235243756	105	587	276	click
1369377717140	24	974	104	click
1368585825671	18	610	241	click
1373466115167	111	959	128	show
1367647725189	3	630	311	show
1372863022934	127	158	210	click
1367053549642	107	171	2	show
1369189975313	62	898	197	click
1368987419465	148	697	277	show
1369880833942	103	94	291	show
1366803141174	89	502	306	show
1367022500204	129	689	391	show
1368871135970	23	66	161	show
1371739849379	72	83	52	show
1368719031526	23	145	494	click
1371460082905	87	235	378	show
1373732964986	115	72	456	click
1367444111204	107	38	225	show
1366936655086	126	674	385	show
1374029974249	31	889	139	click
1370651284211	20	294	349	click
1373993040630	115	24	423	click
1373133157916	123	128	290	show
1370607672712	118	729	216	click
1368927934058	9	529	234	click
1373473057735	139	347	343	show
1372157408252	130	748	368	show
1372172088174	99	767	307	click
1371899052663	116	775	446	click
1373965370451	128	762	236	click
1367614961973	8	203	404	show
1368548170006	120	129	187	click
1371962488030	3	677	279	show
1373141251878	129	353	96	click
1368008939648	32	837	380	click
1370586121700	98	679	312	click
1369849204213	106	715	105	click
1368982135094	116	462	452	show
1366380121359	76	468	136	click
1370959272451	7	751	188	click
1367925243265	77	111	251	show
1369470331031	122	269	288	show
1373361154816	65	168	451	click
1368410576534	26	142	480	click
1371983432747	84	967	216	show
1370715714289	13	56	226	show
1372641555080	17	25	88	show
1367192706728	11	254	420	click
1374033229520	80	802	215	show
1374028193878	14	648	471	click
1367449397076	87	316	190	show
1366738847801	32	828	256	show
1367406692645	68	95	189	show
1368128212797	55	31	169	show
1372917169396	69	935	363	click
1369644045881	33	429	428	click
1374056601964	137	740	381	click
1373917155345	105	471	500	click
1368832867035	130	31	51	click
1371363908253	16	848	175	click
1368134380802	51	326	402	show
1368999242212	133	962	179	click
1367551806143	13	942	423	click
1368326355113	64	132	350	click
1366437345084	143	362	368	show
1369879077148	148	637	320	show
1370012424405	119	968	487	click
1372023891792	107	739	81	click
1370339142312	128	379	33	click
1371126167208	12	47	143	show
1366968453255	16	333	436	click
1370338179678	31	236	149	show
1367613874723	34	308	123	click
1370479278566	134	193	401	show
1373632796201	145	49	444	click
1372780760642	6	456	186	show
1370298293391	15	988	134	click
1366716378774	15	87	276	click
1373410388024	23	912	221	show
1368901497687	109	506	417	click
1366503855617	140	794	198	click
1368042814138	113	341	500	click
1371355347277	138	735	107	show
1367847437287	79	575	20	click
1366928100701	87	8	362	click
1371523144743	101	918	423	show
1366531666600	140	264	180	show
1371955049242	47	926	403	click
1368208104534	114	516	39	show
1369947995725	78	986	355	show
1367936472459	20	776	473	click
1366838763475	97	954	44	click
1366770818723	37	204	458	click
1369636231004	142	558	415	click
1372049739881	137	871	356	show
1374047628654	134	130	257	click
1372304680784	83	841	363	click
1370413233166	115	113	192	show
1371027990043	39	925	157	show
1372147748237	65	214	41	click
1371235569200	75	203	339	show
1369044984866	144	739	497	show
1370931016143	141	682	183	click
1371881212637	8	390	209	click
1367215749630	43	204	245	show
1367908107011	33	284	419	click
1372745495228	136	997	342	click
1370990325955	105	504	385	click
1372261244333	111	801	185	show
1371120536990	116	418	293	click
1371247854639	29	587	325	click
1370108426873	31	159	352	show
1372441395803	6	433	76	click
1371539720548	98	198	361	click
1369865896272	125	424	347	show
1372791378381	80	927	94	show
1367597131044	36	528	215	click
1370233916593	116	862	68	show
1367607531206	27	151	289	show
1370020016562	31	15	105	show
1373393305715	138	929	274	click
1373804129956	18	666	181	show
1370757960995	49	38	163	click
1373079411801	143	30	157	show
1373478647606	137	745	358	show
1373355425247	26	370	431	show
1368335172277	118	188	288	show
1373148724965	29	451	488	show
1366398744510	127	641	305	click
1374200846958	28	892	378	show
1367269549080	61	586	89	click
1372054330568	11	425	363	click
1374029363906	84	467	189	click
1371745332910	18	208	422	click
1368626600044	114	560	239	show
1369210641071	37	634	88	show
1367661999006	114	47	379	show
1368144963193	8	306	147	click
1369535726346	91	340	220	show
1373148741858	110	366	88	show
1366938327485	59	39	324	show
1367132705699	27	182	452	click
1369917382670	56	139	356	show
1369894893669	34	53	305	click
1371267241122	43	924	445	click
1368821200841	91	613	104	click
1369924584472	18	607	348	click
1370445587015	81	744	82	click
1371246757033	132	428	445	show
1372142479135	93	766	200	show
1367649378341	67	763	343	click
1374152110751	12	341	137	show
1372635561645	117	823	290	show
1371401441152	33	33	194	click
1370318189093	33	618	472	click
1368744141112	5	405	76	click
1371574628730	74	164	21	show
1373262656285	103	530	376	show
1366868807839	47	982	379	click
1371393024951	142	418	302	click
1366725733130	133	280	223	click
1369939639501	76	896	242	show
1373440411802	100	976	10	click
1369463078036	119	911	144	click
1370233510498	144	456	100	click
1367901427148	97	48	163	show
1371973472320	135	17	23	click
1374089604971	67	7	494	click
1367037465550	67	628	498	click
1368864432037	102	842	223	click
1372855921256	66	31	163	show
1369856361551	13	164	374	click
1371562832559	132	833	103	show
1370897430928	106	388	251	click
1368024455976	92	792	162	show
1367119964950	3	899	381	click
1371032267603	44	502	329	show
1369845084374	12	955	355	click
1371054355611	53	213	85	click
1372735093151	97	181	275	click
1369328140703	105	470	334	click
1373566937405	40	757	86	show
1368877907188	27	634	128	click
1371854496676	147	445	16	show
1372877729813	44	757	71	show
1369640580343	2	956	108	click
1372033728680	137	908	302	show
1373141570815	52	51	15	show
1369765434473	61	140	373	show
1368551326581	97	419	224	click
1367678618264	110	393	17	show
1370133333607	132	698	426	show
1371491321830	112	936	35	show
1367633422305	82	150	221	click
1373403601690	66	869	191	show
1367844234305	24	363	406	click
1369549429095	93	281	130	show
1371088046616	28	780	341	show
1369369673093	4	161	489	click
1367417576696	141	732	175	show
1372443271461	145	989	170	show
1372650025804	106	264	469	click
1367499804314	140	577	467	click
1371245111589	70	164	202	show
1368260467144	75	427	263	click
1370015785470	138	977	387	click
1369883019831	126	45	64	click
1368417578415	147	335	344	show
1372445510428	131	708	483	show
1372839582647	60	206	39	click
1371588793568	49	165	314	show
1373386808029	22	285	308	click
1368315793386	89	746	263	click
1368975647301	61	367	301	show
1370588892993	73	607	352	show
1367820421369	52	450	113	click
1368172688701	95	169	377	show
1371943945371	22	936	21	click
1371819478797	88	665	365	show
1367678418147	101	991	416	show
1371383663522	1	27	357	click
1370533740912	61	449	52	click
1370428714686	145	744	129	click
1368930941874	89	524	312	show
1366360556767	74	791	349	click
1372918818203	88	779	454	click
1370297072995	55	398	80	click
1367109362366	125	480	494	show
1367547009965	3	319	172	click
1370619625807	22	248	265	show
1369092433058	64	377	314	click
1368268673123	71	285	4	show
1372854193272	135	31	406	show
1369688430591	30	32	320	click
1370315307026	93	880	392	show
1370653288114	87	345	246	click
1372088724925	131	845	377	click
1369288840427	111	825	87	click
1371821345143	1	622	141	click
1369339269211	81	717	477	click
1367784691604	127	449	346	show
1370575234460	2	600	252	click
1369486927233	132	417	98	click
1372072631744	120	444	220	click
1371029739094	22	166	346	click
1367163913676	150	467	48	show
1374097598304	78	558	492	click
1366922846322	1	889	205	click
1368958165808	123	78	304	show
1371662366039	29	871	367	show
1366744572577	124	361	142	show
1373223956920	91	708	150	click
1372347277871	145	91	126	show
1372876204321	67	965	330	show
1367731192953	22	120	478	click
1373102362029	18	569	382	show
1370308420718	110	587	5	show
1372852093017	21	301	17	show
1373384831161	11	435	56	click
1370487480194	74	480	364	click
1369926677315	17	996	298	click
1366768385415	98	99	143	show
1373464138487	8	463	402	click
1371434517112	12	605	23	show
1366998234390	42	975	150	click
1371103413708	28	938	326	show
1368058355487	15	883	346	click
1373725602078	69	149	75	show
1368615290435	62	369	370	show
1367507319485	128	334	202	show
1369682933641	135	388	482	click
1370976885389	14	181	172	click
1369933176561	28	67	190	show
1370101421519	127	572	252	click
1370531633014	121	111	136	click
1367080454327	101	261	160	click
1370669555932	74	635	52	click
1370204431096	108	954	499	click
1372976131131	34	927	37	click
1371267151238	28	722	261	show
1372222546480	124	520	154	click
1371182479861	114	398	362	click
1369193597294	134	198	63	click
1373927429586	112	532	233	show
1367716015943	3	869	70	show
1366926306275	117	501	289	click
1370061140028	132	725	273	click
1372898028990	110	712	83	show
1369450562486	80	853	296	show
1369742440762	15	375	350	show
1367931662854	28	62	253	show
1366514014759	3	695	403	click
1368052734459	15	818	389	click
1370245116616	94	334	214	show
1366777511673	93	262	219	click
1372311608633	10	560	463	show
1373809281003	103	734	409	click
1370860951046	126	930	376	show
1368616544722	53	349	365	click
1368328581549	80	617	210	click
1368012998901	137	550	365	show
1367395462410	60	276	109	show
1370381160748	104	896	120	show
1368656496273	65	468	171	click
1366764588152	5	990	171	show
1373422670805	138	424	484	click
1369304348550	82	111	176	click
1368511935232	6	959	396	show
1371542024404	142	849	379	show
1370144318846	3	758	179	show
1369911711830	23	317	79	show
1373886789522	21	284	152	show
1368756051807	75	765	369	click
1370244694195	150	481	358	click
1373701051994	2	865	297	show
1371029718237	103	69	228	show
1373681073807	92	595	302	show
1371906154546	53	348	184	show
1369918743793	143	159	327	click
1366915157546	144	836	39	show
1372578392864	45	245	44	click
1369026181794	123	163	224	click
1373417829832	105	968	104	show
1367329853626	55	705	297	show
1369004844324	139	357	8	click
1368142029175	98	843	238	show
1373356768725	29	986	168	show
1369109002281	113	774	2	click
1374057359544	18	618	454	click
1371242725087	8	779	44	click
1367800494855	19	655	316	click
1368186923256	91	307	474	show
1371433242143	99	274	146	click
1373583938812	148	411	237	click
1368867761437	1	268	367	click
1368491484855	33	609	66	click
1373700448058	144	563	352	click
1370627421103	118	748	389	click
1371644243047	91	538	186	click
1368855437783	104	263	364	click
1370515256539	141	921	473	show
1373606409222	25	855	421	show
1371617119500	28	766	53	click
1370653339069	29	81	213	show
1372858892590	143	423	64	show
1373938043033	7	232	250	click
1372167909349	11	776	424	show
1371268511413	79	731	347	click
1373563718925	125	543	265	show
1367949371092	95	76	201	show
1369240243957	136	77	114	show
1371547032512	100	562	1	click
1368597160080	77	455	420	click
1372172780713	110	225	223	show
1372755794097	13	958	42	click
1368116567066	52	371	378	click
1370682984365	57	806	385	show
1373611760825	87	942	365	show
1372294062574	43	135	427	click
1371301500990	90	325	192	click
1370232027969	9	710	488	click
1368423785678	30	785	183	click
1367562185852	104	998	136	show
1369125942905	85	857	404	show
1372233668693	147	902	167	show
1373141785888	106	459	422	show
1373751105486	118	679	123	click
1374139003308	94	962	453	show
1369524909510	58	271	374	show
1373161142322	120	841	285	show
1371927490794	26	895	106	show
1369315705928	19	774	93	click
1369115487769	137	130	340	show
1371470797871	123	157	107	show
1373599050169	68	164	144	show
1369341107296	128	758	285	show
1367816951746	6	806	439	click
1369222787414	48	789	95	click
1368760706616	85	740	456	click
1367450386046	139	949	477	click
1371673342985	136	47	284	show
1372591418141	54	762	445	click
1371604686271	41	227	281	show
1366869331768	83	504	136	show
1373568034290	5	552	492	click
1368350845177	108	193	342	click
1367221403919	149	849	109	click
1367871198078	117	672	131	show
1372738150962	50	636	37	click
1374096802937	106	471	57	show
1372764076111	80	728	30	click
1369101542754	51	967	390	show
1367234651242	131	29	220	show
1370400590990	57	241	49	show
1371258626467	63	221	460	click
1373461086081	29	839	57	click
1367506898918	14	682	118	click
1369679418445	124	33	91	click
1371863149402	98	433	251	click
1369952457360	59	876	256	show
1370372059213	40	670	35	click
1373749603523	111	955	307	show
1366767538971	119	524	130	show
1372427760223	61	687	158	show
1370031233811	38	401	398	click
1366739576328	144	567	216	show
1371049286547	89	472	97	show
1366795623257	7	32	319	show
1372065006824	144	19	21	click
1368122956558	94	815	94	click
1373541189266	54	148	47	show
1372017877319	14	719	352	click
1370668696674	114	850	43	click
1372676353823	75	532	412	show
1370894576811	53	778	456	click
1370776076795	31	462	325	click
1367455019293	68	182	78	show
1371402293460	96	591	275	show
1374120021826	127	131	422	show
1372122953428	108	396	460	click
1372038522303	88	477	224	click
1372096939057	122	813	185	click
1366731765493	4	678	353	click
1369721786186	80	51	276	show
1371815559881	31	797	115	click
1367516977970	22	50	282	show
1373067577686	70	349	221	show
1369282580687	62	82	425	click
1368032446929	51	171	385	show
1373732488882	45	871	500	show
1370840166354	27	576	285	click
1370655411961	31	713	43	show
1366595079280	121	150	406	click
1372621503120	38	848	378	show
1367918178114	115	99	234	show
1371609570679	147	4	202	show
1370191907452	45	646	25	show
1372780709840	17	643	56	click
1369779685014	109	277	413	click
1369874661358	119	3	361	click
1369116276367	41	791	455	click
1367800229037	13	124	461	show
1370958712239	8	595	342	show
1371679403895	39	355	350	show
1371200094689	141	340	238	click
1371980808700	28	990	97	show
1372374593458	140	978	36	show
1372644808451	122	177	480	show
1368881572832	52	375	192	click
1369527248845	63	459	466	click
1367327867276	103	815	469	show
1373763632351	68	493	368	show
1373945922218	122	454	259	click
1373087201321	122	547	52	show
1369588888188	63	603	160	show
1371275932223	111	510	202	click
1371415961901	104	461	478	show
1369357886973	15	851	433	show
1373044470010	85	686	49	show
1367496750275	72	501	258	show
1372655125277	141	197	416	click
1373513310232	103	87	46	show
1369650267116	27	109	305	click
1373031175308	30	120	340	show
1366631992684	73	539	177	click
1367540828801	114	118	132	click
1366687482436	48	615	499	click
1372259904669	88	412	47	show
1374095897117	89	358	359	click
1368028545296	137	794	285	show
1366557889592	139	132	307	show
1369057329366	101	559	486	show
1368884130463	149	541	179	show
1368619717011	136	389	85	click
1369296147497	117	535	140	show
1370745192354	17	599	120	show
1367328766354	30	365	121	click
1369257864256	7	613	443	show
1369665707950	22	463	499	click
1368988055226	38	568	229	click
1372887403394	70	623	313	show
1369802128803	139	565	130	show
1372573302709	84	275	354	click
1374076047033	21	576	388	click
1366526078139	32	148	395	click
1371042470245	86	805	102	show
1373293127646	102	647	441	click
1371379865211	10	764	241	show
1366484410285	145	214	147	click
1368269215543	3	754	261	click
1367431955487	90	422	340	click
1371241158137	56	869	215	show
1373525302645	86	309	227	show
1372897333547	103	786	329	show
1371380402174	10	728	314	show
1371259706835	2	752	268	show
1373999952319	88	695	57	click
1367374979229	135	635	129	show
1369425599839	127	899	254	click
1366411866069	19	427	486	click
1367892692314	119	410	260	show
1366676740836	98	968	100	show
1372222191557	94	553	391	click
1366580813363	42	452	283	click
1368371850715	136	520	243	click
1370752411604	8	246	234	show
1369390875202	20	631	123	click
1370329610515	47	671	327	click
1368132817910	54	642	356	click
1371860899652	74	806	281	show
1372390319749	98	669	402	click
1373870603086	63	97	239	click
1370125127993	140	462	51	click
1371095817945	115	453	248	click
1371420322752	71	400	487	click
1369079639849	134	184	182	click
1373670720115	32	374	314	click
1373704312029	2	649	470	click
1368561267602	39	226	250	click
1370800009534	129	66	461	show
1372745426700	127	247	146	show
1369475059928	15	355	315	click
1369971083877	123	156	288	show
1370449340488	105	25	13	click
1367779959073	139	739	148	click
1371588026883	14	493	267	click
1367939817974	122	28	207	click
1368583011080	66	471	145	show
1372625725638	69	738	117	click
1373090518255	132	74	343	click
1373471178134	2	404	229	show
1374074341122	42	854	131	click
1373558357044	87	736	311	click
1367790426718	146	396	105	click
1368755716743	18	946	292	show
1367853984475	120	576	364	show
1370078073384	111	518	233	click
1373982180529	80	164	407	click
1366547062597	136	283	403	click
1367986629164	112	183	486	click
1367523973112	108	878	45	click
1372580590983	83	505	459	show
1366721982076	50	726	257	show
1369336415403	6	986	490	click
1370418659180	81	619	109	show
1369845024930	103	765	475	click
1370747249438	15	508	42	show
1368588026921	134	768	37	show
1371533419116	76	931	192	show
1368660502149	69	866	392	click
1367177901888	125	78	103	click
1370178961276	12	184	477	show
1370135794797	74	973	77	show
1372011122560	19	768	365	click
1374112800901	114	968	58	click
1370819858998	61	52	357	show
1367230551465	75	45	24	click
1369307347372	145	462	254	show
1367525387137	65	50	148	show
1373609254809	20	341	106	show
1369425634251	42	591	92	click
1372782335353	65	297	469	click
1371479112710	62	769	241	show
1373040070318	66	154	99	click
1371713413660	96	85	88	click
1369795863573	144	416	378	click
1371215000173	67	409	43	show
1373665312605	87	969	49	show
1370855825290	89	237	70	click
1371226129585	130	814	35	click
1369902142593	63	78	383	show
1369850498789	118	683	206	click
1366581320954	24	427	214	show
1367857370968	141	420	319	click
1370556910905	108	650	135	click
1367382864488	102	821	55	show
1372210226726	110	43	347	click
1369750916816	30	302	44	show
1372763069881	31	304	147	click
1367381623660	127	473	14	click
1372560190802	69	994	461	show
1371007955203	59	486	126	show
1370576426801	118	102	290	show
1371022464412	107	496	29	click
1373854972492	48	610	186	click
1371117801158	1	306	318	click
1367922343300	140	870	288	show
1367209114925	121	419	111	show
1370555798004	25	292	169	click
1368685957764	60	947	387	show
1369050332697	62	183	224	show
1366479465603	106	766	319	click
1371033599194	17	753	337	click
1368427024017	31	860	371	click
1373190926920	32	904	488	show
1366795281049	127	297	90	show
1367585503265	100	932	46	show
1372910233617	84	529	240	click
1370626932166	31	836	326	click
1370751460748	129	469	213	show
1367427057345	67	671	10	click
1371029848406	34	648	282	show
1373738070469	93	150	111	click
1373802215966	32	388	256	click
1370292443462	79	469	255	show
1367989904157	105	528	176	show
1373205256752	52	919	135	show
1373719748259	24	178	414	click
1367298055747	101	330	210	click
1373442041593	124	918	255	show
1369346322531	102	146	235	click
1366693420497	59	41	92	click
1367537400829	21	959	479	show
1371486658743	116	60	339	show
1373811822010	74	605	176	show
1369110019333	140	16	38	click
1367483095293	14	386	364	click
1366820605370	73	434	213	show
1371523987778	95	778	15	show
1374076268992	22	181	41	click
1369053291832	123	468	209	show
1366874680459	149	576	12	show
1368321072375	123	814	229	show
1371333534130	26	51	301	show
1370711951151	104	852	178	click
1366909983837	10	58	171	show
1368406920088	127	731	364	show
1373552918035	45	960	234	click
1366365553268	111	772	402	click
1368986811166	34	626	355	show
1371631971650	47	265	312	show
1366667383009	84	413	379	show
1370631216621	149	535	317	click
1372062115821	31	452	101	click
1370900079664	106	645	235	click
1371216747225	68	876	370	click
1370454801029	12	774	4	click
1366349751126	105	666	188	click
1371475945997	61	795	42	click
1371341476200	15	588	445	show
1368049332164	124	656	189	show
1367116376479	18	784	360	click
1370023715055	21	214	486	show
1373552012133	71	236	235	click
1372252539311	49	754	322	click
1370857865794	52	195	354	show
1369011393282	76	232	15	click
1369588299428	119	932	23	show
1369603844657	87	951	42	show
1372095273286	100	147	332	show
1366357945283	45	934	267	click
1371773852101	71	727	168	click
1367218129890	66	227	112	show
1372317627181	87	244	362	show
1372773203855	74	992	148	show
1368151114589	66	340	337	click
1373781046053	73	1000	223	click
1370091744007	53	957	433	click
1368167252403	65	712	217	click
1371245545737	48	736	268	click
1368801717116	137	619	196	show
1366789025237	83	104	416	click
1370112583835	121	385	52	show
1373224480399	136	606	265	show
1373375924137	145	977	398	show
1370838920741	82	133	236	click
1367243009785	9	366	330	show
1367384441270	100	781	266	click
1366350856911	127	698	61	click
1368945866681	71	236	256	click
1367264086876	128	53	3	click
1371580684626	29	947	482	click
1369219712368	63	992	478	show
1373086013404	145	801	334	click
1370906259643	140	976	140	show
1367449355584	142	197	496	show
1373585215571	119	605	328	show
1369429406533	148	144	359	show
1369467875557	124	967	213	click
1368648422334	101	29	128	show
1369454055203	108	336	314	click
1366623851538	25	733	62	show
1372723510663	104	49	366	show
1367197521246	93	889	318	click
1371049373310	1	172	142	click
1371457678629	113	959	322	click
1368336693916	58	59	255	show
1366344792857	83	457	127	click
1369491499986	89	19	264	show
1367377005811	88	93	402	click
1372458071763	108	489	120	show
1370637952553	145	127	224	show
1366771093841	10	506	270	click
1370142691608	43	214	295	click
1367974916137	58	160	17	show
1369938222012	36	792	97	show
1372195766267	48	309	370	show
1373959307135	150	563	407	show
1373698851173	29	414	403	click
1369781297912	56	174	155	show
1372536464256	56	217	84	show
1369197852068	45	480	118	show
1368339371635	107	818	360	click
1372131317114	121	733	284	show
1369570481513	113	625	34	show
1372855251727	24	597	136	show
1371097030886	107	620	415	show
1366979151348	145	127	178	click
1368995889345	45	903	73	show
1372830021910	36	234	383	show
1367160047417	98	877	427	click
1370554145541	92	778	419	click
1373374396368	63	565	383	show
1371407626401	28	248	113	click
1369824210238	52	687	446	show
1368229006581	105	588	183	click
1367084230094	92	687	28	show
1373086617407	68	307	403	show
1370553340107	64	69	227	show
1367030276562	112	34	434	click
1367364841349	1	273	295	show
1367158168181	62	777	471	show
1368450999872	116	460	471	click
1369005105428	81	1000	286	show
1367911568713	92	809	338	show
1368056018829	107	256	107	click
1366604948211	82	221	37	show
1371581354834	45	566	379	click
1369031435054	78	162	226	click
1370487378320	27	324	320	show
1367602910299	53	774	112	click
1370285167397	1	322	392	show
1367711344740	54	827	138	show
1366470215602	57	691	275	click
1370549347160	25	501	84	show
1371733908951	76	120	498	show
1372031426294	114	416	127	click
1367690999300	52	406	459	click
1371991127866	53	41	119	show
1370126529032	98	448	362	show
1373160451459	114	348	29	click
1369017699056	18	76	102	show
1369946292579	39	49	341	click
1368451481601	83	364	494	show
1371647204960	150	186	486	show
1369722133338	148	345	26	show
1367329363399	7	951	361	show
1372082113121	47	521	7	show
1368892144744	112	731	384	show
1373559383810	14	116	439	click
1373321150939	36	412	40	click
1367271992261	116	6	486	click
1369465552948	24	216	416	show
1366486078228	134	83	176	click
1372393070861	95	826	422	show
1369621299897	21	375	471	show
1367132485809	126	879	197	show
1370464502167	29	521	425	show
1372944067719	113	544	73	click
1369371985785	42	307	378	click
1372952105744	42	199	235	show
1371651151636	67	785	125	click
1370103113470	140	594	364	click
1368957939498	41	331	213	show
1368170590495	42	158	44	show
1372225616501	101	373	171	click
1369275893536	124	650	20	show
1373644649194	79	846	343	click
1372772574521	17	959	30	click
1369270258149	14	575	118	click
1367058174292	114	897	345	show
1370911637859	149	466	484	show
1366885518327	58	590	102	click
1373619243040	144	870	74	show
1367872865476	1	160	94	click
1369206132064	130	439	11	show
1371088056765	93	180	187	click
1373438455152	150	39	498	show
1368300611686	150	547	254	show
1372262976801	88	571	252	show
1366640826840	123	765	14	show
1374136624715	36	132	499	click
1373523565973	89	314	408	click
1369851508765	104	952	38	show
1369625697370	59	634	336	show
1371087257407	40	338	420	show
1371988304465	120	352	80	click
1369518988624	17	884	152	show
1369404001625	21	68	198	show
1374063313284	79	214	307	click
1368677981893	47	210	30	click
1368644568878	11	991	171	show
1369244134844	132	487	267	click
1373345087739	137	970	41	click
1370251482694	52	97	108	show
1373790451104	27	58	110	show
1370322171554	91	99	431	show
1370835075605	100	372	472	show
1372463022451	118	369	273	show
1372325148465	100	770	292	click
1369162503465	124	940	121	click
1368142282336	94	453	346	show
1368850825738	140	906	196	click
1372986897799	76	648	358	click
1367948126999	119	174	105	show
1370930827324	4	365	469	show
1367602771085	138	35	224	show
1371558030792	27	618	292	show
1369495567813	29	453	445	show
1373418009929	140	300	73	click
1371195633156	42	762	447	click
1369029476644	67	193	193	click
1372503527882	82	625	76	show
1371831231842	72	241	418	show
1370493348687	39	608	127	show
1371164194103	79	893	45	show
1372297385010	42	577	482	show
1369227616620	127	223	482	click
1366781732951	139	486	400	click
1368073157850	53	383	45	click
1371074156292	31	725	205	click
1372753501864	126	30	161	click
1372625692461	138	837	398	click
1367350119345	80	729	29	show
1371892905658	67	883	55	click
1368953204806	8	798	172	show
1370721728640	99	793	45	click
1372905647776	34	706	75	show
1373261794563	58	470	368	click
1367731094564	105	274	274	show
1370988230872	85	386	172	click
1370518198763	68	164	149	show
1371778936100	148	349	489	show
1372192207547	83	751	370	show
1367049500574	100	100	441	show
1372241014481	22	276	8	show
1373986988170	5	174	171	click
1368414225221	138	670	88	click
1373056075784	52	249	155	show
1366895835036	15	954	459	show
1373439048055	52	848	488	click
1371221547948	53	256	391	click
1370581289453	121	895	200	click
1372361141456	90	685	227	click
1372761823055	87	469	27	show
1367815872554	143	7	186	click
1372688798848	130	796	224	show
1369418533468	99	402	454	show
1370569461278	69	315	426	click
1373742080341	85	456	372	click
1370334079517	62	696	15	click
1371734433265	112	406	100	show
1369021241347	15	55	433	show
1367024094339	63	368	38	show
1367307635448	84	116	369	show
1373652703078	46	97	363	click
1370664808789	90	603	280	click
1369358310037	61	862	23	show
1368525788317	33	173	318	click
1368699798506	132	864	453	click
1369653792090	106	671	51	click
1370385070169	121	74	395	click
1372865192631	136	705	99	show
1369168851015	40	291	431	click
1370068339431	73	546	51	show
1369495408013	75	853	160	click
1373219318895	20	266	421	click
1367134622806	31	481	217	click
1367831362543	55	300	271	click
1369185912887	59	768	456	show
1372151303979	133	779	481	show
1371146315746	69	365	215	click
1372198250946	33	427	184	show
1368137923575	81	694	271	show
1370395094067	139	644	467	click
1368075227371	26	3	78	show
1373195683120	27	893	216	click
1369408646831	91	440	271	show
1367841648667	142	90	472	click
1373162075973	27	782	270	click
1366706342395	61	357	243	click
1372091862046	94	713	235	click
1371365933680	105	792	22	click
1370043788563	54	910	36	show
1366371779482	64	403	427	show
1367475106956	80	127	245	click
1366499150632	144	290	29	click
1368934883092	141	284	228	click
1372124285089	56	632	363	show
1373574838171	83	232	364	click
1371223695479	144	807	171	show
1369257900151	18	495	222	show
1372940433395	144	147	69	click
1367664698818	77	810	493	click
1373847113213	14	996	424	click
1371090150908	73	1000	468	show
1369960186173	108	606	145	click
1373180332794	90	936	424	show
1367330414846	121	233	403	click
1366874729952	99	164	56	show
1371303462834	97	768	53	show
1367605740255	105	502	400	show
1366528326499	82	500	476	click
1372787224829	33	844	453	show
1366508426541	75	20	52	click
1369304589150	142	717	134	click
1369389271461	129	867	465	show
1370342208466	77	642	29	show
1371798549774	63	389	33	show
1367225959618	80	674	373	click
1369073532995	1	755	154	click
1368056489516	78	869	86	click
1371357440664	11	969	424	show
1367084622313	138	747	96	click
1371486199404	119	524	363	show
1369958920296	92	545	23	click
1371078330865	128	718	108	click
1373567543231	125	146	328	show
1372992143169	148	492	259	click
1372849072852	91	321	176	click
1372831454962	7	592	481	show
1370446749757	149	743	321	show
1370174988103	85	863	358	show
1368845495292	49	747	242	click
1367149105172	134	85	260	click
1371944677665	2	252	131	click
1373960336547	90	491	263	click
1373512439527	44	608	142	show
1371871398169	135	415	428	click
1371938477161	4	889	113	show
1369189799186	35	123	441	click
1371488704289	44	867	496	show
1372185412648	19	679	153	click
1370208239856	64	182	446	show
1372021133740	135	93	278	show
1369201369474	25	926	64	click
1369422252872	126	8	32	show
1366964679937	84	67	215	click
1370672498239	41	581	322	show
1367356396191	102	587	443	click
1368536703857	99	620	180	click
1367376591819	45	82	387	show
1369394019494	81	433	385	click
1369908521510	53	455	500	click
1367437555050	110	161	168	show
1368420852861	95	503	222	click
1369106129884	105	675	203	click
1368923248706	57	24	293	show
1367503323066	23	415	239	show
1369721538617	131	198	7	show
1371661227984	108	839	458	show
1366555299574	2	479	138	show
1366807811455	84	579	233	show
1371370766746	121	579	193	click
1370399557231	134	875	441	show
1371623495165	52	320	208	click
1369368060402	141	123	91	show
1368024039629	132	607	251	click
1372743811102	119	413	359	show
1373694836946	73	366	79	show
1370560472680	49	531	84	show
1368309157745	67	180	197	show
1369297158757	125	576	45	show
1371881385896	62	768	37	show
1371711768034	75	468	31	show
1373177826346	44	935	104	click
1369268541819	4	47	16	click
1369776610536	106	684	500	click
1372066569464	65	275	144	show
1367722422818	36	329	457	click
1368867791601	103	429	193	click
1366769396113	139	335	386	click
1371818851385	137	455	52	show
1370484631252	47	672	243	click
1369534882930	104	377	188	click
1372015197628	89	424	331	click
1370997675489	104	532	281	show
1372415970183	39	212	491	show
1368494588898	37	132	131	click
1373108836775	8	172	245	click
1373121151241	2	445	387	show
1369770102442	146	244	101	show
1368016678769	108	91	448	show
1370143484323	113	389	431	click
1366524111636	122	81	234	show
1371658910894	95	700	245	click
1372351902928	147	45	429	show
1373973271366	49	428	217	click
1367391771770	146	654	18	click
1367818863272	106	49	191	show
1371133583645	113	145	460	click
1368028297150	95	565	470	show
1373924038341	96	926	428	show
1368004893847	12	69	442	click
1371047381430	106	318	254	show
1369628286544	38	694	416	show
1373630096410	21	193	351	click
1371204988989	15	992	163	show
1371895847656	26	787	40	show
1369233607524	128	583	10	click
1369421022668	38	513	236	show
1370465131287	72	255	368	click
1370793457020	89	668	185	show
1371732846795	28	551	495	click
1372603134224	22	958	441	click
1366831559983	4	56	55	show
1369390481612	31	923	374	show
1373204590667	119	220	413	show
1369832726574	100	864	106	show
1371020056582	12	664	459	show
1369835154838	6	603	404	click
1368963011243	40	222	325	show
1367241214697	23	852	70	click
1371815794290	49	811	280	show
1373132603464	79	860	230	click
1367967546577	12	776	402	show
1373529884475	77	821	85	click
1372630338232	28	679	232	click
1370575547923	84	655	338	show
1368038380407	12	725	359	show
1370233178274	37	293	78	click
1367199167292	44	738	16	show
1366868550518	128	424	72	click
1369606796242	86	652	460	show
1374056314588	3	291	390	show
1372324219631	20	864	359	show
1370186817199	24	91	45	show
1372569467280	16	606	52	click
1374162924942	96	203	463	show
1367148281934	118	15	467	click
1373930477118	118	84	422	show
1369755489724	39	346	494	click
1368034733257	31	119	195	show
1369447593523	73	800	395	show
1366559661064	47	837	124	click
1373602895423	81	377	494	show
1373436867812	7	547	31	click
1369834910995	88	38	169	click
1366796405027	9	898	170	show
1369781570171	128	391	322	click
1371177509799	134	206	425	click
1371779086161	127	179	459	show
1374102883974	8	228	433	show
1372140369868	27	924	487	click
1373900818213	109	256	85	show
1370166638004	79	547	425	click
1368272073647	75	12	242	show
1368834192954	43	289	392	show
1371234888243	52	255	365	show
1369858867487	30	546	342	show
1374045376759	59	879	325	show
1373326505624	75	627	264	click
1368837026429	79	999	355	show
1371392201847	43	644	352	show
1367127183452	55	971	480	click
1372026623253	83	36	444	click
1367377474095	58	472	140	click
1366765650632	68	818	378	click
1369390198248	15	615	238	click
1372930410866	104	89	174	click
1367553311223	146	427	84	show
1367607830008	82	164	339	click
1367385852384	109	112	403	show
1366826265486	102	281	349	click
1373542722370	50	965	281	show
1369726827688	40	190	256	show
1367869357262	47	984	265	show
1372476487049	46	907	165	show
1370190047453	46	953	217	show
1372171192948	45	61	39	click
1373285308202	134	769	271	click
1369806816326	144	451	72	click
1370888524641	24	682	286	click
1372410266739	119	244	28	click
1372199762979	82	200	251	click
1370900301582	36	567	9	show
1368445444188	129	401	187	show
1369080446191	13	498	112	click
1369208000128	122	78	64	show
1366544703949	92	44	289	show
1371308229410	134	96	240	click
1371294807744	132	637	397	click
1372413141183	33	850	359	click
1368426211658	75	656	351	show
1372077071007	44	206	339	click
1367823544023	149	99	114	show
1369313194958	49	529	331	show
1368527468659	10	317	116	show
1367370287069	17	538	140	click
1367217427830	48	413	438	show
1374077762831	147	567	369	show
1370757489842	118	731	343	click
1370287333111	128	368	246	show
1373947212001	50	413	36	show
1367607815531	75	862	41	show
1367998542699	124	85	173	click
1371209828863	66	284	68	click
1369279030530	10	194	271	click
1372547556968	42	383	434	show
1369499325405	40	178	185	show
1370240387938	74	982	360	click
1371645493400	99	824	475	show
1374178955451	1	320	289	click
1373759014113	96	96	109	show
1373386276306	137	145	96	show
1370334702104	36	177	430	click
1374134169664	127	757	483	show
1367195580880	125	928	407	show
1367919302026	12	984	28	show
1367243809197	90	915	208	show
1370156934035	23	587	452	show
1371147473081	99	57	41	click
1371279595222	45	360	298	click
1369328210459	109	320	372	show
1373631006790	93	155	459	show
1371191345272	73	607	207	show
1367160197958	4	923	409	show
1366964806239	113	210	445	show
1367761306881	104	490	313	show
1366463932298	136	821	322	click
1371769524187	116	661	36	click
1370516135525	92	468	455	show
1371235913015	28	363	118	click
1368329217028	141	200	222	show
1370996437320	55	89	290	show
1369860209758	51	309	157	click
1372561993482	97	120	23	click
1372962110999	132	485	339	show
1368584046421	106	772	197	show
1367789675080	124	713	156	click
1373372013618	114	205	162	show
1371299996322	134	580	226	click
1372099112312	55	14	430	click
1367035333544	99	410	219	click
1371686367699	30	231	13	show
1372360419592	123	672	113	click
1370510014263	42	804	107	show
1372177418390	131	171	403	show
1366665283833	18	584	317	show
1368187603271	26	248	243	show
1371260488302	33	266	127	click
1367342029984	52	522	489	click
1373036142415	14	45	451	show
1369995757354	37	835	337	show
1366918451316	59	452	378	click
1370219859943	23	508	83	show
1373143758226	106	538	476	click
1373869518192	143	222	45	click
1370455362024	109	376	322	show
1366759463390	43	179	143	show
1367581061392	135	619	263	click
1366930591712	18	759	387	show
1366543186503	55	352	456	show
1372837723702	15	956	255	show
1373222541466	35	348	171	show
1369155918985	94	920	451	show
1371722415050	124	519	210	show
1367646971492	29	128	232	click
1368644221617	131	999	257	click
1371916431635	102	255	318	show
1368885967202	137	103	148	show
1367178397138	23	34	65	click
1368993836997	47	974	181	click
1368410096567	64	986	53	show
1369080032532	12	223	464	click
1367899770932	39	16	262	click
1368090620428	84	503	326	click
1372678561035	99	594	74	click
1368958131877	102	225	12	click
1370158096066	26	131	306	click
1373359043610	141	321	251	click
1370224093608	132	472	266	show
1373273113606	80	993	30	click
1372569350937	4	523	108	click
1368366601849	133	186	432	click
1373063001659	68	571	400	click
1367233545856	131	48	402	click
1371426613566	95	481	41	show
1369214818109	112	281	314	click
1367643959195	21	586	319	click
1369207108181	79	20	411	show
1366997821975	114	454	341	show
1367156813177	31	193	447	click
1372514947304	83	616	166	click
1372629361014	84	264	408	show
1370770507867	1	14	320	click
1366393299466	140	599	19	click
1367960528466	81	431	398	show
1369676679439	23	840	64	show
1370940564862	114	96	43	show
1367308055069	31	628	221	click
1367650828157	80	224	139	click
1372970200694	112	302	243	click
1368144964492	116	384	439	click
1372103410746	37	399	396	show
1370842272828	135	961	273	click
1366427418743	139	247	33	click
1366722929119	78	826	86	click
1371864255533	31	747	396	show
1367586368139	135	745	202	click
1372428869360	75	830	42	show
1366584415101	108	939	136	show
1374071367933	90	540	381	click
1369012980334	143	383	133	click
1374185543923	146	700	68	show
1373287248343	145	256	275	click
1373581832752	30	550	473	click
1372433770231	92	56	358	click
1368346752740	43	80	461	click
1367516548255	125	233	78	show
1370556258728	122	623	168	show
1371256180672	2	652	301	show
1368107967833	75	439	200	show
1366590157565	24	570	451	click
1369563379124	96	684	347	click
1371957340317	72	808	483	click
1368693883752	85	543	342	show
1369942665692	45	277	442	show
1369073960327	133	595	391	click
1366449335800	9	42	204	show
1367061740153	101	846	230	show
1370961199444	36	199	258	click
1367279207157	149	594	314	show
1372647698486	121	11	176	show
1371863436111	80	638	253	click
1372087603336	23	47	159	click
1373694720030	135	294	454	click
1372593183995	148	929	104	click
1372278114403	98	567	428	show
1370172074851	35	965	300	click
1369907576467	85	145	217	show
1370856522758	87	407	105	show
1371938721177	47	221	113	click
1370531971223	15	542	192	click
1373987739328	125	393	256	show
1368594562125	4	734	143	show
1367548190472	42	156	55	show
1371506236653	125	802	156	show
1370630724156	59	444	476	show
1370732616045	48	519	196	show
1374196834255	42	275	248	click
1368342200508	56	945	386	show
1368429035381	14	320	466	click
1371585200206	2	121	288	show
1373968475770	97	619	459	show
1367365862483	3	6	426	show
1366513359452	144	861	287	show
1372272527187	131	4	162	click
1367087563376	112	688	43	show
1373769128003	150	410	118	click
1369998456660	3	765	268	click
1368428013339	48	822	200	show
1373546050192	143	866	306	show
1374157470501	4	417	7	click
1368798545907	64	154	482	click
1367198172727	125	90	287	show
1370892597592	44	699	493	show
1369052721492	79	707	207	click
1367326232205	23	920	223	click
1371865230162	45	260	457	click
1372163830747	51	682	410	show
1373319858994	45	923	419	show
1373146756161	22	380	68	show
1373302078666	66	922	395	click
1371790879615	70	548	181	click
1367096654406	110	827	476	click
1366859922280	50	787	47	show
1367968459209	87	701	405	click
1369632371422	82	841	122	click
1367509192616	118	667	149	click
1369438775893	21	352	80	show
1370881185544	108	627	487	show
1369541671447	90	774	85	show
1369812180532	97	966	326	show
1373268098309	100	341	307	show
1371842852113	17	708	113	click
1369051683199	138	205	125	show
1367759847920	54	384	291	click
1367684439177	36	554	348	show
1371629342462	55	17	265	click
1367802723772	127	485	459	click
1368033848624	62	577	342	click
1368335097879	17	478	102	click
1368330233779	62	264	275	show
1371722171949	38	842	138	show
1369443774024	119	82	276	show
1368350766807	106	404	224	show
1373377029849	104	17	387	click
1367126501744	24	115	3	show
1369139865892	130	267	156	click
1368666915525	145	26	231	click
1372386258469	85	135	414	show
1373619391842	119	501	234	click
1371761436711	91	63	365	click
1370592829089	40	109	208	show
1370170704125	81	557	422	click
1370840469521	21	886	302	click
1371144099525	29	758	321	show
1370633144077	140	945	432	show
1371704718885	70	331	432	show
1370664843555	94	291	174	click
1373221708458	102	345	447	show
1368621677530	147	103	277	show
1369820579796	73	779	334	show
1370539457151	36	367	143	show
1373465179662	112	637	369	show
1369200624253	84	713	364	click
1369254734336	102	292	274	click
1367914659847	111	969	65	show
1372527347594	94	244	38	click
1366560695208	133	79	422	show
1370178611219	59	282	45	show
1371555247891	68	131	287	click
1373303251192	49	58	69	click
1370445108989	26	857	491	click
1369704992521	80	457	492	click
1368044595224	13	541	35	show
1373812949556	43	372	498	click
1368285807424	89	344	139	show
1368854748697	103	387	119	click
1371232354128	82	142	354	show
1372195118405	4	634	353	show
1371052415917	138	361	253	show
1371970516626	50	189	44	click
1371147044316	109	102	3	click
1369336741904	146	596	344	show
1368108452651	141	76	28	click
1366788550837	35	365	119	show
1367862375386	47	86	3	click
1367506296639	86	974	114	click
1372114739015	74	370	213	click
1366780612525	93	338	382	click
1367833386168	95	536	75	click
1368929485903	10	831	214	click
1369790438340	113	472	226	click
1368488357220	148	743	404	show
1374144245556	106	937	323	show
1368353675072	6	946	346	click
1373884663152	93	667	481	click
1373014099593	56	63	125	show
1370502865732	7	787	457	click
1369476320540	125	557	80	show
1369325889747	110	398	276	click
1371168750718	97	335	48	show
1372597512832	81	932	182	show
1370154577525	80	7	368	click
1368076477253	40	145	102	click
1374172049991	102	217	424	show
1372873191905	78	858	331	show
1367213040707	41	881	325	show
1367575331511	1	687	48	click
1370688151071	39	841	196	click
1368476100414	120	468	127	click
1373472824504	115	34	100	click
1373429931580	135	358	101	click
1367211961568	18	141	439	show
1372340546192	113	327	81	click
1372915877931	89	932	276	show
1367755517466	16	362	438	click
1372032026872	20	666	473	show
1370184276259	28	549	225	click
1369198012577	17	874	465	show
1368140851042	104	367	439	click
1373284723605	96	74	41	click
1373713027256	26	609	331	click
1373581884056	58	402	316	show
1368947479900	11	213	256	click
1367997683585	82	330	302	click
1371345586536	127	540	240	show
1370763335330	17	509	372	click
1368983405302	64	785	291	click
1370420325359	72	785	60	show
1373659607415	44	560	420	show
1372872957511	18	817	317	show
1370246497761	41	196	109	click
1368198763714	125	425	21	show
1368637785449	81	726	454	show
1369887408899	51	355	175	show
1366672061255	103	115	9	show
1367968785015	123	734	225	show
1371994468382	50	988	156	show
1370059278903	63	191	328	show
1371118894396	64	817	343	click
1371182261058	41	824	396	click
1367572140723	132	726	411	show
1368154520319	132	933	287	show
1372043865555	97	68	90	click
1366653550252	78	932	302	show
1368347659602	89	319	61	show
1370497874974	53	30	52	show
1372248320372	19	216	366	click
1367606402408	116	400	437	show
1374143016577	133	425	352	click
1371763757312	9	826	444	show
1368021729058	122	237	247	click
1366696595380	130	253	360	click
1370293279928	16	823	291	click
1370745169051	23	962	70	click
1372439321820	14	535	194	click
1372292588956	10	764	470	click
1368921690978	45	953	294	click
1368003429051	57	317	415	show
1372857300426	20	799	311	click
1366630988211	60	936	105	click
1371693097752	102	502	196	click
1372656713912	100	614	73	show
1371589399716	84	636	98	show
1367436276464	146	514	5	click
1368542276783	104	376	178	show
1367300507339	115	153	326	click
1373513835365	15	844	262	click
1372965770238	113	389	467	click
1373045613711	30	108	401	click
1371534133874	141	438	366	show
1372273233585	144	720	399	show
1368284323328	73	380	100	click
1369157069688	19	222	269	click
1368040527119	143	865	434	show
1367161696954	128	309	170	click
1368620121846	37	67	413	show
1368069820434	89	163	148	click
1368928706156	95	953	144	show
1367279793277	104	594	486	click
1371276863448	66	930	232	click
1369951679210	67	726	472	show
1373549462763	74	368	195	click
1367544161937	134	462	187	click
1373395782832	60	771	131	click
1373822823302	76	477	390	show
1367984745315	142	489	406	show
1372028616704	96	879	265	click
1368633057563	133	933	434	show
1372776327906	149	915	21	click
1369968327534	128	696	282	show
1369400749647	67	101	325	show
1368438109306	24	837	131	click
1367895645810	67	482	67	click
1371040894475	10	283	259	click
1367863338580	11	395	365	click
1374064520515	79	144	23	show
1368802450743	18	709	493	click
1373030606498	24	73	256	click
1372584963182	147	729	470	show
1371985580902	70	778	6	click
1372087574252	85	678	75	click
1368282850755	93	819	356	click
1366682248995	125	73	206	click
1370074866890	139	720	431	show
1368411412326	124	579	154	show
1373771765752	93	102	433	click
1371380921107	121	315	212	show
1370331468513	93	139	248	show
1366445037701	26	25	424	show
1367367447396	8	485	374	click
1367018445117	86	786	180	click
1373823529741	135	962	40	show
1367511792612	46	307	187	click
1372320960743	72	289	158	click
1369221450805	136	388	490	click
1373277425380	145	66	22	click
1368746452748	4	721	36	click
1366677147431	17	565	26	click
1370574724352	124	586	275	click
1373640645339	141	132	237	show
1368955791741	125	227	477	show
1370558465680	10	505	114	click
1366941308804	20	378	497	show
1367844756169	45	664	222	show
1374073355634	11	751	266	show
1373434956827	2	115	306	show
1369077948981	31	434	315	show
1366411942793	107	236	332	show
1369094060097	83	817	408	click
1368336326353	72	122	325	show
1370623266211	25	334	229	show
1370236290049	77	252	409	show
1368782006435	46	52	308	click
1373309597208	117	722	366	click
1373532581473	55	789	292	show
1372415252871	136	902	138	show
1372432333763	51	653	416	click
1366351374834	79	409	445	click
1369735924456	10	295	420	click
1367982696631	50	632	350	click
1367179109391	6	656	226	show
1366536893972	98	285	468	show
1369666019150	143	899	451	click
1369478715415	91	221	359	show
1372907954360	42	900	262	show
1373536734025	6	278	51	click
1371525370161	105	295	358	show
1370735689860	30	239	289	click
1367980812877	36	140	298	show
1374062015077	12	856	485	show
1366539957035	1	352	415	click
1367000068266	144	204	394	click
1367398555975	71	88	191	click
1368931066436	29	133	295	show
1370810299432	3	846	319	click
1370425914827	76	755	165	click
1369947705760	36	886	428	show
1374064329584	45	348	10	show
1366363511757	108	565	373	show
1374002379551	114	705	4	show
1369261911733	135	251	356	click
1368207572164	29	974	70	show
1373877438337	20	345	175	show
1370804560907	45	229	3	show
1368196927791	2	422	85	click
1368260182971	90	1	370	click
1368437180805	19	202	248	click
1367728842403	140	2	243	show
1369769660262	89	17	129	click
1372276847794	126	948	316	show
1368358311022	119	162	128	show
1367420630447	36	915	259	show
1371681566798	113	388	488	click
1371327341725	120	871	366	click
1366911619622	123	904	434	click
1371179221520	32	702	60	click
1368956850792	84	668	178	show
1372264285371	106	889	382	show
1368893337537	114	525	470	click
1369112318745	88	864	340	show
1368407315621	93	527	413	click
1368308762984	87	875	263	show
1372035903141	57	948	50	click
1368517384201	40	105	162	show
1370398202829	73	776	113	click
1369140252040	105	625	350	click
1370296298224	80	211	277	show
1369503763407	66	904	49	click
1367232654249	148	418	475	show
1369873927851	127	138	415	show
1373600013596	42	325	65	click
1374198863722	141	296	495	click
1369366697555	149	739	59	click
1373986154653	139	222	45	click
1373671102937	3	457	105	show
1371642104035	48	261	333	show
1372518709074	132	756	204	click
1369513156737	141	686	12	show
1367500857475	99	816	172	show
1368798903195	129	506	274	click
1368020437168	26	455	488	click
1373100597678	120	548	468	show
1370058420650	16	186	60	show
1371479029509	12	900	172	show
1371763070076	128	703	164	click
1372332431397	35	716	339	show
1370579642385	2	828	324	click
1373988793968	27	9	474	show
1367003020436	109	689	97	click
1366917785969	86	824	66	click
1370674909324	73	21	10	click
1368753190100	120	514	361	click
1371500075896	24	453	275	show
1369527624255	2	152	139	click
1373174565274	106	534	228	show
1367984672594	135	428	468	click
1368669544480	7	234	486	show
1372967120734	88	744	276	show
1369327702875	126	575	124	click
1370457944906	135	490	114	click
1368822065228	115	466	349	show
1374175182132	119	28	414	show
1373624751104	82	640	456	show
1367411454002	126	813	446	click
1368209885088	50	694	147	show
1370124808510	1	262	251	click
1368130877029	9	153	286	show
1368831175287	65	446	219	click
1367892219609	84	963	131	click
1373383379872	59	867	57	click
1367077313845	140	692	493	click
1370663341047	89	429	446	click
1373146624848	53	641	283	click
1373825213892	114	969	167	show
1367376116036	65	61	31	show
1366441407861	14	607	23	show
1368052333808	20	575	456	click
1374005218453	20	421	50	click
1368014420550	36	791	236	show
1373763104710	14	900	367	show
1372843991068	4	72	498	click
1366436056383	119	161	94	show
1367785163563	117	723	478	show
1373495451574	61	452	240	click
1367493077107	83	447	479	show
1373184291485	123	597	229	click
1367025397778	3	553	221	show
1369250854142	65	628	415	click
1370398422856	138	650	108	click
1372607813532	38	740	421	show
1368863879407	140	773	109	show
1366532148240	90	792	338	show
1373983449306	19	805	173	click
1372693424357	13	129	392	click
1373136284132	140	925	198	show
1371367545633	90	537	18	show
1370730872914	94	500	200	click
1366493071648	148	579	100	show
1371232562790	115	870	144	click
1366998054000	55	227	19	show
1367676872093	45	410	486	show
1373326451866	61	180	1	show
1370639628721	94	384	119	click
1371958085241	29	509	238	click
1374032715352	25	966	83	show
1372118881395	16	757	309	click
1371674005782	2	992	329	show
1371538940835	105	69	292	click
1370967327617	31	958	337	show
1373904573646	142	997	287	show
1369481537271	129	522	280	show
1367626075295	21	189	186	click
1367231547924	148	514	83	click
1366366550630	118	445	337	click
1370727393897	99	471	446	click
1370234070129	64	701	497	show
1372236878181	97	333	109	click
1369977806104	84	328	494	show
1367373309155	126	698	220	show
1367232527612	26	471	175	show
1368505041012	149	658	242	click
1373007061346	79	903	377	show
1366521265752	80	655	457	show
1373585073455	120	298	51	show
1370907298985	19	710	1	click
1368515597050	38	575	462	click
1373006582109	37	908	29	show
1371560797071	5	978	226	show
1367132281725	42	830	47	show
1368825814305	5	256	63	show
1369649516745	126	289	22	show
1373412674959	59	507	9	click
1370622642194	19	193	183	show
1367180869895	138	961	499	show
1373693519905	88	832	491	click
1368323860990	28	781	356	show
1367011379559	26	585	459	show
1369016352629	112	331	325	show
1372932180187	130	446	413	show
1373081266781	106	251	191	click
1371849855001	87	277	228	click
1367913896718	110	621	105	click
1370902672140	30	49	173	show
1369605231115	94	106	171	click
1366970472365	80	729	364	click
1368707142338	93	136	323	show
1370021102661	41	391	140	show
1371196149043	142	835	117	show
1366787127234	5	160	85	show
1368479193686	11	994	166	click
1370083567854	85	166	343	show
1369488231996	88	934	396	click
1372543942571	44	151	142	show
1371226830916	115	818	394	show
1372504148834	110	578	132	show
1373123072461	89	695	304	click
1370257101480	40	354	273	show
1367640228412	75	738	371	show
1370813290965	143	627	266	click
1368736590587	33	331	108	click
1373299050321	22	640	5	show
1368705242034	41	615	75	click
1371748186122	99	770	415	click
1366548388291	4	686	106	click
1369755398798	82	88	364	show
1370082353291	53	706	380	show
1372658112524	111	430	140	click
1372485625094	68	920	68	show
1373285352333	92	853	38	click
1369897126803	56	492	378	show
1370583549120	148	197	301	show
1371549300106	123	922	54	show
1368940469052	128	114	298	click
1368880742164	114	521	382	click
1366938439702	57	198	340	show
1370041615729	81	818	247	show
1369475340585	9	173	346	show
1370511365612	1	99	362	show
1370944036447	93	292	336	show
1371321275499	9	681	461	show
1367284706388	27	51	21	click
1373647375803	90	870	338	click
1371439408855	18	103	372	show
1367699072300	2	609	213	show
1371976209479	49	746	111	click
1366650130465	78	310	486	click
1367634139232	81	375	134	click
1373001648457	4	80	208	click
1368622037852	6	727	416	click
1366723225473	50	889	406	click
1369019124718	23	603	195	show
1373680163642	127	249	347	click
1372351953335	139	72	270	show
1368952457611	6	179	84	click
1367319203196	106	372	288	click
1366607424043	145	499	64	click
1370493167160	10	846	288	click
1373279262833	105	738	381	click
1372290625682	90	943	232	click
1367875104115	15	238	204	click
1372343682660	82	338	483	show
1371234348117	123	337	335	show
1366499091803	128	184	46	click
1367451036063	119	626	299	show
1367812401136	149	884	60	click
1369322092308	36	317	105	show
1370007080189	75	525	155	show
1370736812009	115	631	480	click
1368501802664	31	548	51	click
1372076072364	124	352	243	show
1373958879169	88	31	5	click
1373386462837	74	445	425	show
1367064409724	133	161	397	click
1367306874600	57	246	344	show
1370037184371	139	666	231	click
1368842252482	150	572	242	show
1367269485258	75	326	268	click
1372576603569	119	419	454	click
1373832087486	120	164	301	click
1374087164279	56	722	170	show
1368517059399	115	315	76	show
1367064939085	9	249	60	show
1368259632732	119	893	120	show
1367544970683	64	955	438	show
1366726396058	9	130	357	show
1367620927231	2	652	348	show
1370945370017	45	786	237	click
1373153222314	42	759	252	show
1369340983093	140	962	277	show
1372602834885	7	43	115	show
1370558865345	84	400	192	click
1368374042621	68	527	431	show
1371769292497	103	612	260	show
1370440019273	146	149	40	click
1371787706372	8	757	277	click
1367606354730	139	286	490	show
1369045910619	30	968	308	show
1373636476265	38	710	347	click
1366856593460	125	856	391	click
1372806690511	26	121	37	show
1367562364732	1	510	444	show
1369407442127	23	803	223	click
1368511086879	19	893	313	show
1373489626829	136	363	417	show
1372231912951	71	392	174	show
1372802127000	147	908	242	show
1367119543373	109	429	73	click
1368150943025	138	869	452	click
1372381386985	43	340	60	click
1366347848853	76	427	431	click
1374196241466	101	961	365	show
1373244826810	64	75	128	show
1372689026754	124	976	327	show
1374045087783	77	939	423	show
1366548673726	30	774	339	show
1372744644943	107	974	82	show
1371740460691	54	621	216	click
1370981406743	46	602	468	show
1371318679040	127	350	412	click
1371041308214	10	37	190	click
1372343333931	105	193	310	click
1371639214828	44	149	326	show
1366918278520	85	421	102	click
1371353504646	114	275	185	click
1372990529128	130	423	196	click
1372745176808	28	93	115	click
1373899291191	129	162	406	show
1370919830763	140	117	92	click
1367350819510	132	811	438	click
1373140122069	17	894	163	click
1372399420185	54	507	335	click
1366885293239	32	75	421	show
1370607566272	59	896	460	show
1368383174836	107	646	273	show
1372521276199	112	362	151	show
1369153341459	98	59	265	click
1370210577582	53	696	323	click
1367458141449	35	478	16	click
1369378280024	14	233	264	click
1373240762935	58	259	10	click
1373724480470	105	429	315	click
1372308962600	79	683	145	click
1368764834713	113	855	96	show
1372584965571	116	105	59	show
1371744094688	110	435	80	click
1368529230234	85	55	131	show
1367465695680	126	586	288	click
1372964717726	81	745	170	click
1373436159635	51	658	277	click
1367339481271	6	327	379	click
1371656939933	127	117	253	show
1373603243967	75	528	274	click
1366689133424	106	513	149	show
1366717117272	35	426	45	click
1370676173939	40	803	157	show
1367674838149	132	179	275	click
1367308898562	69	972	97	show
1372623268965	27	480	88	show
1373150742006	65	945	278	show
1366601174275	83	390	478	show
1366946416488	37	695	407	show
1369444374041	19	574	89	show
1367309029476	13	457	277	show
1369800104691	45	324	489	click
1369942118097	95	287	449	show
1366776579757	103	117	156	show
1372536059474	23	827	464	click
1373740445601	21	634	364	click
1372747492486	114	707	228	click
1371315861136	89	904	436	show
1371413955628	123	510	319	click
1369179164595	107	819	230	show
1368954822012	133	68	403	click
1369598870460	147	323	7	show
1369904183577	142	515	409	click
1371973427899	128	966	153	click
1370905939732	124	932	440	show
1372899088079	133	893	233	show
1371683109653	38	222	272	click
1369493343240	143	388	179	click
1373966391319	149	563	64	show
1371763563019	141	122	256	click
1372462653724	126	518	56	show
1369641561832	105	410	324	click
1367449846203	146	829	254	show
1371163307915	82	916	189	show
1371807660427	91	266	34	show
1370945692546	148	681	313	show
1368267327631	141	456	66	show
1374163972193	87	939	71	click
1373085867872	128	300	335	show
1373894776668	86	778	45	show
1368600278937	23	27	406	click
1367233164395	64	803	214	show
1366592808252	123	455	330	click
1372525154081	18	575	104	show
1368729273360	98	472	182	show
1367535169959	4	287	192	show
1370054604400	69	843	380	show
1371049620567	23	18	357	show
1368192696868	131	195	276	show
1370344145708	63	396	294	show
1371084614362	90	929	463	show
1372231757415	12	613	259	show
1369582877377	41	92	4	click
1367466188683	70	100	223	click
1368716444884	131	61	75	click
1371738288906	137	908	469	show
1372065132581	10	621	476	click
1371578866803	14	995	404	click
1367335214852	64	209	347	click
1371975701747	133	733	270	show
1369848276715	5	918	66	click
1370931200085	49	619	53	click
1370267895576	100	857	81	click
1369401833119	10	571	436	click
1369984278639	142	363	137	show
1368948574191	88	277	122	click
1366764565745	143	921	466	click
1366933437522	71	594	346	show
1372773111784	43	725	81	show
1366650341831	74	127	55	show
1374199888085	10	676	203	show
1368449464050	108	819	98	click
1367499117957	104	662	19	show
1371043562554	31	702	299	click
1367540625509	133	73	90	show
1367935657227	106	232	292	click
1371976669079	72	615	5	show
1367999696601	55	55	223	show
1368215028953	90	571	477	click
1372816532713	132	386	73	click
1366894908557	20	346	226	show
1372029304031	15	742	381	show
1373405561403	71	682	191	click
1368277230345	142	969	497	click
1369613311703	145	456	86	click
1368259246626	32	766	161	show
1372933078156	6	922	127	show
1370169265028	52	731	270	click
1367198088468	35	132	459	show
1369472464825	119	772	92	click
1372204816748	59	158	50	show
1368729973237	19	571	326	show
1366924511525	90	175	432	show
1373785133822	102	574	484	click
1370489800792	60	323	74	show
1367580045085	20	399	86	click
1369186951144	73	892	288	click
1370113590497	41	691	500	show
1367802402695	12	702	394	show
1371921007762	112	52	90	click
1366921391736	36	51	68	show
1372250387770	44	563	368	click
1373893356084	141	29	283	click
1371230218693	47	198	349	click
1373320864562	59	207	88	show
1369230874490	4	356	356	show
1372407287833	31	795	296	show
1367341835556	86	752	84	click
1373762609590	99	779	389	click
1367490670781	72	268	142	click
1372928422735	60	548	96	click
1368997704189	69	881	479	show
1370124006590	4	353	296	show
1367562760606	15	417	273	show
1371594362047	26	374	374	show
1372950925725	139	649	315	click
1371461241502	69	396	289	show
1372354902644	133	378	68	click
1372435667625	65	195	360	show
1373851476105	139	29	475	show
1372245475288	92	14	376	show
1371936322361	24	407	98	click
1371576514673	105	775	68	click
1372877709648	136	326	130	show
1367465932711	28	122	194	show
1369570253161	94	294	232	click
1368941968975	111	373	247	show
1369977241921	104	136	233	show
1371990085299	90	918	231	click
1373499746301	30	10	477	click
1374097976799	18	35	383	show
1373422828745	60	344	457	click
1368797946437	147	861	58	click
1367316745852	116	507	28	click
1369694438637	110	877	369	show
1367303937856	55	239	106	click
1366847283219	86	185	133	click
1372388525462	32	962	354	show
1372657005229	99	271	459	show
1368492022940	63	612	143	show
1368064689173	104	565	338	show
1370023911548	94	527	337	click
1368575269789	62	814	320	show
1372310155484	124	720	5	show
1368436821150	137	119	68	click
1372268180690	92	626	87	show
1372564237226	100	29	382	click
1368811296022	11	680	44	show
1368644341097	10	253	239	click
1372852798518	134	239	386	click
1368235953375	6	576	460	click
1366606077070	147	804	470	click
1370086546054	78	840	445	show
1366985300395	7	9	286	click
1368985306799	15	303	475	show
1368609174121	84	434	404	show
1371490319569	95	646	311	click
1369801718095	101	888	101	show
1368431040447	60	516	33	click
1369611983350	140	152	350	click
1368401979977	72	375	91	click
1367325663227	112	682	196	click
1374131992005	78	839	135	show
1367548868861	18	985	186	click
1373195592692	36	555	155	show
1373816730904	92	525	21	click
1372137257841	47	900	191	click
1369904349979	101	52	475	show
1367737191833	47	136	280	click
1369507295761	149	48	329	show
1366701103900	72	802	89	show
1367728402956	34	760	152	show
1372104102306	96	423	281	show
1367006977895	134	990	355	click
1367241051186	142	80	415	show
1367523132959	4	406	453	click
1370975813710	72	170	217	show
1374084225887	54	862	191	click
1372655595384	120	74	115	click
1369630413975	141	466	223	show
1366375321520	85	75	148	click
1369415201483	15	9	198	click
1369132258389	30	878	415	show
1367091972592	24	226	143	click
1366575528045	87	452	278	show
1368897994673	36	132	89	show
1373637190467	122	542	477	click
1372055156297	59	634	355	show
1372949757197	94	206	390	click
1373649757051	106	662	33	click
1369290632315	24	571	255	show
1368451671847	114	723	9	show
1368628100913	148	238	284	show
1367068165089	7	907	371	click
1372798956545	24	419	280	show
1372135723922	82	325	147	show
1370048720288	141	8	102	click
1371579288616	147	933	163	click
1370224431147	116	386	406	click
1368083563115	7	929	191	show
1369604873269	37	828	393	show
1374068102310	18	458	20	show
1371968389617	100	278	455	show
1367639505994	50	860	432	click
1367281798849	150	699	223	click
1370692562073	58	421	221	click
1367304492820	4	339	21	click
1369688634587	99	251	229	show
1369476935081	146	31	163	show
1369042515133	40	532	375	show
1369438465283	23	78	437	show
1366871529398	31	80	481	show
1369334798806	74	504	10	click
1371247181584	60	51	200	click
1373184122075	87	565	491	show
1369084718812	80	4	447	click
1369904898148	97	402	7	click
1373952450056	14	762	111	click
1366485491520	2	600	167	show
1366627631316	10	646	81	show
1374068288198	74	114	495	show
1367468716727	53	107	265	show
1372214074334	100	293	123	show
1369920477610	76	329	154	show
1373455166142	90	705	366	click
1368522741230	76	141	77	show
1368836583953	69	123	363	show
1367715908486	19	698	289	click
1373663340719	110	533	398	click
1367716007674	75	336	349	click
1374071344283	144	112	143	click
1369900337214	40	525	462	click
1366590315682	54	163	337	show
1372333110055	76	297	411	show
1368199220261	42	332	414	click
1370076843482	52	443	340	click
1371459313065	87	512	270	click
1373023406169	77	154	475	show
1368496338043	129	857	289	show
1373136200539	72	185	350	click
1371106301008	150	943	463	click
1367109236828	149	209	282	click
1373280914514	142	49	447	show
1367037818381	62	522	156	show
1369319083296	58	694	319	click
1367578132601	79	42	237	click
1370880945084	47	87	148	show
1369411532443	146	121	91	show
1368141002799	135	249	361	show
1369831881713	71	274	134	click
1373453788905	105	850	14	click
1369147522903	130	70	464	show
1372282077938	100	550	471	show
1368459081742	134	875	187	click
1367937479875	140	122	431	click
1373794336787	47	823	344	click
1372146485439	139	532	212	show
1372487971922	48	777	337	click
1368315443188	21	54	47	show
1367584988821	59	886	75	click
1370975662459	48	453	377	show
1367809013971	96	94	103	show
1368333661374	33	48	170	click
1367297328094	36	884	230	show
1367080549141	19	445	165	show
1369736760387	37	710	370	click
1373790398704	30	273	286	click
1369816896384	119	815	316	show
1366576922789	29	876	453	show
1373367174145	124	978	172	click
1372118301436	76	431	291	click
1370750707800	138	233	404	show
1369119496607	82	335	89	show
1371553210774	9	418	413	show
1370436470793	13	555	181	click
1373876912875	25	112	405	click
1370646911285	112	180	285	click
1372851752488	22	144	290	click
1373989433744	129	151	60	show
1372578102659	71	897	487	click
1370184467233	130	272	299	click
1369172941975	66	208	279	click
1372521604327	55	973	496	click
1373839403493	137	333	237	show
1374190484779	74	163	414	click
1367984074213	52	688	141	click
1371118009497	111	48	115	show
1368081350065	26	5	296	show
1369643018780	78	256	37	show
1368634121445	47	108	216	click
1366873821847	107	100	87	show
1372788082683	50	202	121	show
1368865495057	2	714	167	show
1374154901292	19	959	259	click
1373940929160	112	840	90	show
1366521111004	101	966	389	click
1373555747568	4	975	30	click
1368717753058	112	751	93	click
1366993962107	96	873	56	click
1371964680593	57	326	320	show
1370404495720	72	238	369	click
1370415127074	2	980	458	show
1368936531923	20	481	265	show
1370513341167	70	644	389	click
1366374447773	71	249	280	click
1373133693079	83	351	26	click
1372729788482	27	982	145	click
1372316848081	149	86	144	click
1371495998912	59	38	3	click
1369926118507	63	983	336	click
1366984957784	9	695	482	show
1369120201882	47	798	79	show
1373782653922	18	60	380	click
1370650301447	96	366	481	click
1371613791551	109	990	182	click
1372741004247	52	643	334	show
1373246105857	90	218	328	click
1370327763975	25	667	406	click
1369797367877	13	217	358	show
1373275233526	49	112	484	click
1367021675132	146	297	100	show
1370457958275	13	935	323	show
1367213523059	131	665	480	show
1366393194097	19	413	432	show
1368849581815	24	896	101	click
1373130478511	58	358	231	show
1368099713237	69	214	416	click
1372347181241	124	908	250	click
1368107257900	137	829	133	click
1372432368121	99	534	53	click
1372629287374	91	182	500	click
1366496446310	9	766	498	click
1369493857006	17	790	240	show
1368186159172	92	958	102	click
1372585490858	52	954	356	click
1371704422049	70	345	117	click
1371179309738	42	922	136	click
1370118778838	60	885	176	click
1373654862276	22	945	208	show
1370185778522	138	909	371	show
1367974559039	127	225	456	show
1370962716039	73	272	15	click
1370402711731	52	839	342	show
1366707148137	31	878	218	click
1370878238436	89	215	36	click
1370021008063	41	147	326	show
1373470720655	57	182	70	click
1369368895829	93	232	286	show
1369007722207	115	273	54	click
1366566521468	134	853	191	show
1369136454556	66	779	362	show
1372201140636	45	452	451	show
1370402914900	52	182	57	click
1371815524548	79	448	42	click
1368544975739	13	26	344	show
1372725500675	11	164	136	show
1370390775579	42	156	403	show
1368408008812	17	836	276	show
1368694553519	140	412	148	click
1366477389382	54	372	70	show
1366566714146	4	692	162	click
1370341028033	29	776	55	show
1366636447933	10	375	226	show
1372817168261	55	449	441	show
1371926280654	107	215	272	click
1369164167308	7	236	150	show
1367704837681	130	629	280	show
1367483961543	18	762	256	show
1366902513895	52	871	347	show
1366824906767	113	149	17	show
1370980337140	34	132	471	show
1368800080560	120	465	462	show
1368951846540	122	512	227	show
1369751725072	8	360	455	click
1371970079623	101	385	301	show
1372746217794	77	612	406	show
1369329023827	23	724	310	click
1371174695043	150	224	182	click
1372659899236	49	920	52	show
1370079085223	34	291	74	click
1368594552162	99	254	46	click
1370291192670	137	134	94	show
1372642071962	112	914	54	show
1371271655444	4	779	40	click
1369539038261	75	87	280	show
1373983062688	130	942	108	click
1371984067547	40	250	276	click
1369106094292	67	580	35	show
1366954915701	32	16	59	show
1371420034474	19	177	9	show
1373631112796	120	977	44	click
1369853312782	149	977	461	click
1368212127254	115	117	476	click
1368760265612	18	117	162	show
1370612950216	12	552	178	click
1372981954740	21	501	293	click
1371605609979	31	858	341	show
1366870547389	15	683	103	show
1366653757849	97	466	139	click
1373729147658	33	98	69	show
1368043981337	103	448	165	show
1371457992480	134	804	177	show
1373954439750	12	29	54	show
1368338857882	125	914	107	click
1368319204131	87	220	205	show
1370325293225	24	63	86	click
1371260515356	105	226	377	click
1367753343272	98	818	171	show
1369374168192	29	621	461	show
1373408933203	50	673	192	show
1366853707934	3	694	166	click
1372811313114	7	92	341	click
1366607919581	107	927	326	show
1374079674628	148	524	406	click
1373335177719	55	269	140	click
1368835450722	98	496	248	show
1370171056145	109	215	345	show
1372791707524	78	937	52	click
1369163425044	148	843	425	click
1372130883493	119	227	318	click
1369748763089	101	175	424	show
1372883779616	11	457	71	click
1373314080897	147	345	321	click
1371967276003	22	541	304	show
1366804438876	19	927	274	click
1373403532618	37	608	235	show
1373954676705	26	117	133	click
1371510575826	27	392	77	show
1373095266558	102	924	358	show
1368781862875	38	526	460	click
1373104150633	23	576	166	show
1367003278481	5	563	448	show
1368357240151	113	644	334	show
1366584880958	21	971	142	click
1370764623482	41	79	486	click
1373394217993	22	582	284	show
1367633411150	94	463	156	click
1373280896552	29	473	471	click
1368416410979	101	868	19	click
1372419726258	149	134	155	show
1368335471971	132	480	38	show
1371486754564	73	617	472	click
1373663901371	110	891	145	show
1374050512004	138	665	499	click
1369222725226	134	313	1	show
1366632439261	25	36	164	show
1369439791111	56	553	271	click
1369021729653	52	482	472	show
1373815106116	141	72	21	click
1370134777431	26	541	403	show
1369135032862	95	660	480	show
1369139526099	92	789	232	show
1366864294915	70	287	16	show
1374092198682	150	682	342	click
1369455086235	120	838	472	show
1372094675510	72	153	53	show
1368595542266	29	236	252	show
1373050840715	31	590	11	show
1369275145995	148	570	348	show
1366986253434	98	111	82	click
1370252539459	29	831	3	show
1366910080221	93	971	82	show
1372921605579	71	472	428	show
1366778625896	111	667	220	click
1367443904456	145	346	25	show
1368772425147	88	843	424	show
1368721525752	130	715	406	show
1369680122003	38	386	374	click
1369311818600	65	975	89	show
1373029574925	26	461	149	click
1368170738894	24	850	297	show
1371885548371	2	440	357	click
1373873747155	97	137	409	show
1372648660708	148	309	431	show
1368070220164	66	393	358	click
1367948023144	142	65	383	show
1367332921512	32	170	118	show
1367423359922	20	454	253	click
1372144094867	49	521	454	click
1370195469089	95	586	160	click
1370667903916	8	440	169	show
1369810034756	76	327	131	click
1371462878674	91	142	67	show
1370089532062	60	559	69	show
1370769359561	41	492	464	show
1366595815189	30	388	410	show
1372766361463	140	843	396	show
1368327614304	63	348	304	show
1369627045992	142	134	207	show
1373176224511	16	933	367	click
1367277874579	51	372	46	click
1370893532145	83	224	241	click
1370507852623	84	719	318	show
1367836804079	73	126	199	show
1370924672237	29	46	67	show
1369143495628	80	912	367	click
1373514046983	96	503	454	show
1371835212133	4	425	355	click
1372689119766	147	467	375	click
1371487176882	40	638	215	click
1373277899534	139	160	488	show
1367164705782	34	932	482	show
1372141375700	22	172	349	show
1373213696701	29	88	273	show
1373315828248	100	361	1	show
1366478274617	146	825	347	click
1371138137482	111	427	167	show
1370172782079	83	262	176	click
1373176935161	84	539	14	click
1369652534620	104	819	477	show
1370186921086	69	658	462	click
1367754259650	131	289	15	click
1367541138081	31	65	187	click
1372374103514	115	302	234	show
1370287853729	84	291	426	show
1370815415268	82	202	499	click
1372775610437	72	214	243	click
1366391565372	149	7	500	click
1367770378232	2	217	197	show
1372656719836	128	997	302	click
1373463458528	67	223	263	click
1366508698127	115	179	243	click
1374199210668	143	567	399	click
1366942042080	46	217	391	show
1373248959805	88	74	119	show
1374157525354	2	218	114	click
1371280294107	135	97	343	click
1371963903485	83	430	350	show
1367512328906	45	48	250	click
1370238171345	115	751	19	click
1372561292622	79	251	170	click
1372443400789	138	482	29	show
1369657109714	43	942	18	click
1370802910698	101	388	415	show
1367771075442	54	301	487	click
1367528806138	44	173	280	click
1369280934746	97	396	443	show
1372459526594	26	674	151	show
1370317367210	55	149	381	show
1368009252657	82	914	225	click
1373338658824	20	652	103	click
1366739563732	84	144	289	show
1366795629366	46	569	443	show
1372531871997	41	549	162	click
1369656809985	27	547	195	click
1372097546125	73	899	206	show
1367970208741	148	524	493	click
1371757198238	86	838	125	show
1367624957702	61	132	313	show
1368581851391	48	452	375	show
1373166731149	57	127	272	show
1372102746369	91	187	462	show
1367248218407	98	241	39	click
1371363405461	119	598	387	click
1369427936649	45	248	110	click
1371212538362	93	699	252	show
1368193768772	80	404	272	show
1366647237118	58	852	70	click
1369776156457	106	364	92	show
1369477770700	88	653	341	click
1373999171531	23	416	225	show
1373253585320	102	648	17	show
1372419445888	150	14	415	show
1370675742621	145	754	280	click
1370873956448	146	406	162	click
1367467752968	27	597	395	click
1369052437263	57	474	186	click
1372128654856	74	872	391	show
1373485193386	105	149	273	click
1370936459945	73	17	223	show
1368917964576	45	764	329	click
1368725118985	2	717	173	click
1369835280108	136	497	449	click
1369202941453	75	47	453	show
1371207738189	8	988	315	show
1371401509720	146	366	182	click
1367665719285	24	225	10	click
1373990370631	143	970	366	click
1372834848536	94	880	63	show
1373564534527	132	774	379	click
1373796750228	48	678	393	show
1368269124597	81	63	434	click
1373122917498	33	756	476	show
1371124095670	96	434	163	show
1371370406859	92	836	393	click
1373421239139	44	748	45	click
1368793556640	145	148	441	show
1368758643438	103	254	282	show
1370146436223	145	183	16	show
1369036007549	81	685	477	show
1366381997669	88	218	284	click
1367591747861	96	829	373	click
1370121739087	44	825	323	click
1373926589750	74	275	376	show
1367932027104	92	249	150	click
1373679461313	133	839	314	show
1368767598118	51	321	12	show
1372330103698	28	775	281	click
1369134375809	118	183	380	show
1367206548942	1	675	341	show
1372180995262	2	561	263	click
1368727428007	133	40	298	click
1369579761630	127	528	204	show
1368009751094	75	14	132	show
1371239342975	79	347	427	click
1372293726460	59	667	113	show
1370318364494	29	95	403	click
1367107703960	32	703	24	show
1369119320932	42	242	476	click
1370137892531	120	633	321	click
1373078202299	57	384	263	click
1372525733955	29	812	444	show
1373859218062	111	563	249	show
1371429223377	116	469	301	show
1374005047246	56	900	331	click
1369748647375	50	869	304	show
1368321528053	70	885	255	show
1372753619941	111	402	3	show
1374167835588	140	170	290	show
1367777817901	21	128	100	click
1370722430599	60	500	399	click
1368721822480	118	396	68	show
1367333616784	149	664	247	show
1369764239366	146	161	46	click
1369082682480	10	514	194	click
1371270060063	16	982	298	click
1367225152527	23	703	334	click
1370898130273	41	743	112	show
1372050632078	100	344	298	show
1371985470525	85	338	437	show
1368719288391	28	906	295	show
1374192900511	141	78	144	show
1369545680158	79	651	357	show
1373613574436	19	641	284	click
1369858056941	102	671	401	show
1367975727037	31	827	36	show
1373191424632	120	363	380	show
1371680541326	123	331	434	show
1371944889999	126	341	296	click
1374017513589	4	553	98	show
1369519760753	36	937	267	click
1369818991663	52	140	50	show
1369728960165	94	75	482	show
1371188543668	81	139	446	click
1367274386704	17	917	246	show
1371779780408	72	979	429	show
1370844670420	106	520	410	show
1372071369609	9	409	282	click
1370217873388	145	921	171	click
1368746648373	14	967	241	show
1370106434529	49	450	481	show
1371055564118	142	797	90	click
1371431378211	80	606	487	show
1367412014290	111	884	291	show
1368387746389	22	9	404	click
1370845551526	70	512	226	click
1367040650100	78	332	157	click
1366996647363	107	176	275	click
1374020316059	119	670	92	show
1366750618938	89	893	229	show
1367752864605	16	293	278	click
1371235623435	114	273	176	show
1367434094610	82	14	240	show
1368951930868	96	305	386	click
1368688946322	105	708	361	show
1369685281612	122	500	313	click
1367362519236	47	550	345	click
1369779850436	39	2	92	click
1369696425645	118	832	316	show
1372344954576	139	771	266	show
1368849557190	126	713	496	click
1369802531784	26	96	113	show
1372560852143	56	544	115	click
1366623881323	141	501	312	click
1373130629361	71	316	262	show
1367977457872	52	709	12	click
1371313780401	126	534	484	show
1368680287161	19	908	141	click
1367215677316	67	251	203	show
1368133967484	90	899	398	show
1367078948278	113	205	309	show
1368564215293	20	889	174	click
1371828341121	105	473	494	click
1371018629281	1	707	172	show
1373299805827	72	65	124	show
1370764411002	51	973	435	show
1371733961964	105	925	213	click
1373535603728	60	258	353	click
1366542025757	119	757	362	click
1373094145971	33	976	132	show
1369294785898	131	748	32	click
1372184170412	38	678	391	show
1371232761864	51	851	415	show
1368954095820	81	151	85	click
1372667811086	27	247	53	show
1368900127497	73	843	11	show
1373498425631	108	253	351	show
1371146828096	12	173	155	click
1369471337100	47	537	355	show
1370099894112	143	654	485	click
1374091609695	75	12	232	show
1368101659509	100	793	123	show
1367343541405	48	474	364	show
1366701600381	32	652	389	click
1370762362114	125	646	171	click
1373923128531	63	518	190	click
1366775211127	136	87	51	show
1369730904324	89	366	389	click
1368251526663	78	32	482	click
1368465487772	79	941	52	show
1371897283077	55	996	89	show
1372113071274	41	746	127	click
1372117207112	40	758	23	click
1372876398665	65	187	497	click
1372617136961	24	350	127	click
1371407737183	46	141	260	click
1371842955685	42	43	94	show
1373285696115	37	341	264	click
1371473982210	100	299	80	show
1374169388677	66	673	37	show
1370298397850	39	160	225	click
1372507705423	135	618	99	click
1373714921805	26	750	290	show
1369899385008	33	895	220	show
1366493507810	27	227	161	click
1366704919447	43	189	385	click
1373289969863	12	45	248	click
1366961218280	99	520	56	show
1366379815268	104	672	116	show
1370453537723	12	981	2	click
1369048845809	43	942	25	click
1373640531595	5	712	43	show
1369111769460	22	944	5	click
1370944868686	77	671	244	click
1370897528530	28	67	71	show
1366460173426	70	102	110	click
1366955641696	145	895	227	click
1367546632761	62	871	442	show
1369313803414	114	141	360	click
1373179401924	123	125	451	click
1368119951378	58	419	51	click
1373893132303	98	480	383	show
1371270347233	146	214	355	show
1369862525750	28	26	190	click
1366903925714	24	286	39	click
1369233614406	112	670	462	click
1370557340087	106	430	146	click
1368716478636	129	163	261	click
1370800568607	72	587	36	show
1368600975117	141	718	5	show
1372848470977	139	726	164	click
1368097350617	143	193	102	show
1366853920278	1	390	275	show
1368470103216	57	133	19	show
1370018032721	51	930	67	click
1367550700204	144	920	440	click
1371581923183	68	608	4	click
1372102465269	119	105	368	click
1370077683750	119	771	486	click
1372694916934	2	177	45	show
1370268216146	24	148	373	click
1369333741413	15	14	359	click
1369660257558	84	281	427	click
1372843752629	43	407	138	show
1368443383061	5	567	164	click
1372624663058	141	246	402	click
1372946287758	34	367	148	click
1373088093848	3	271	384	show
1368489914575	7	573	363	click
1367802634463	39	631	398	show
1371008589243	120	156	103	click
1370804285903	37	508	44	click
1367104234665	13	991	164	show
1373368211874	140	59	13	show
1370660332391	106	240	157	show
1371140827266	60	778	314	show
1368996922146	54	276	67	show
1368734163395	138	565	139	click
1370731360561	32	24	210	show
1372662525025	105	333	251	click
1372129463962	34	516	186	show
1368622602918	94	823	168	click
1368581508582	140	70	231	click
1373103235533	56	342	193	click
1369479094150	16	976	492	show
1371113989286	27	740	345	click
1369311895013	114	758	153	click
1371312197478	64	65	393	click
1369676338777	81	375	424	click
1367605998436	105	801	124	show
1367355311222	2	605	458	click
1369382736082	11	38	394	show
1368995236558	35	855	67	show
1373940911357	61	877	166	show
1368673706459	113	907	78	click
1367360729304	34	51	411	show
1368318820199	55	287	473	click
1371151915880	122	194	197	show
1372626746776	94	793	129	show
1369944645210	87	582	24	show
1366603669276	24	270	27	show
1368829846918	39	911	210	show
1371977764278	49	774	53	show
1371478651827	88	278	61	show
1369661936352	141	883	240	show
1368942138826	63	46	79	show
1372798850336	150	51	135	show
1366437686188	54	879	391	click
1373435626462	65	525	468	click
1373524814999	102	76	34	click
1373769808233	119	808	276	show
1367075779004	78	971	118	click
1369396955558	106	83	253	show
1370218012464	146	200	224	show
1367625534256	84	346	159	click
1368429713605	89	767	448	show
1371927324646	6	19	384	click
1369898540892	94	675	475	show
1372368607427	150	155	89	click
1369427987971	143	506	49	click
1371988364364	134	996	202	click
1370967180899	133	932	391	click
1371759535073	100	40	365	click
1366347770637	110	462	438	show
1366418611337	79	800	455	show
1373581987338	30	884	11	show
1373580595407	102	172	89	click
1373417749048	149	240	41	click
1370113811244	19	786	447	click
1369012316680	79	434	485	click
1373373661993	35	411	264	show
1369202205387	3	228	24	click
1369853781227	79	679	382	click
1371430036068	91	923	303	show
1368310420873	112	962	89	show
1372291693710	136	741	69	show
1370342355801	118	140	429	click
1370708316351	17	931	405	show
1370122620253	136	684	107	click
1367988136879	99	9	148	click
1370505539166	9	730	235	show
1373671792598	67	665	49	click
1372571963224	125	826	475	show
1372329853526	20	839	369	show
1367511493420	140	47	357	click
1369700660916	24	979	204	click
1371197577089	44	243	493	show
1368085377615	4	683	363	click
1366853579589	12	556	177	show
1366664930260	51	736	488	show
1373427758791	1	87	79	click
1367784088599	22	37	446	click
1370154886763	108	705	340	show
1373513488406	106	129	366	click
1366824656670	39	647	333	click
1370100808913	16	978	164	show
1372891761857	24	165	48	click
1368684178966	119	948	350	show
1369695118929	101	121	99	show
1368985675873	39	145	135	show
1371271747294	135	88	348	click
1366643393831	51	359	15	click
1370659439663	44	234	413	show
1370825375183	122	308	273	click
1370222190015	65	629	93	click
1366533445671	118	67	482	click
1371092960676	104	24	338	click
1368779326498	24	740	424	click
1371985196157	60	411	486	show
1373096165986	15	904	339	click
1372322922134	86	442	496	click
1366616770234	127	732	290	show
1366545541998	7	543	491	click
1373511298980	135	269	210	show
1367778670452	123	628	226	click
1371173989067	144	911	444	show
1372426584633	63	464	472	click
1374052652765	115	747	25	click
1371787335749	81	656	389	click
1368568640099	147	933	289	click
1373978049212	21	446	198	click
1368492040428	114	618	388	click
1370225090651	78	607	228	show
1367270794763	61	451	432	click
1372009172861	81	402	66	show
1372820136567	67	397	103	click
1370055524561	48	379	313	show
1369155080253	51	256	339	show
1368835051855	74	544	300	click
1367645033101	95	116	227	click
1371440528944	105	350	195	show
1368323380862	141	409	5	click
1367816141025	47	552	290	click
1370113020333	114	365	458	show
1369195570208	79	422	469	click
1373988247897	96	976	289	show
1370635155864	33	181	140	click
1373992405432	73	596	412	show
1371549547421	68	159	338	show
1373591394237	109	455	317	click
1371103673153	36	702	208	show
1369242135033	144	926	149	show
1369826194452	100	193	424	click
1373000248320	101	141	27	click
1372452511343	133	582	178	show
1372051320940	143	6	237	show
1370392871428	124	135	495	click
1372164250105	80	654	236	click
1369776881736	105	912	80	show
1370922014728	122	248	71	show
1367994065133	73	37	299	show
1372636403764	49	970	47	click
1371417314350	82	152	474	click
1369395367097	25	520	382	show
1368010721967	31	104	364	show
1371559054391	68	489	5	show
1368982302832	126	382	464	show
1367322429240	51	472	500	show
1368203980996	56	600	447	click
1367021885588	60	74	188	show
1366723486101	55	367	30	show
1373342259118	32	5	364	click
1368949861284	8	893	95	show
1372583906375	124	642	140	click
1368306822668	6	518	64	click
1368880227844	4	275	396	click
1371178997602	95	820	106	show
1372034128729	1	188	435	show
1367565916644	31	964	118	click
1370093419821	27	944	362	click
1366693439936	55	350	241	show
1372382909288	28	839	311	show
1372347629345	14	630	273	show
1372536580020	138	625	64	click
1373003802607	22	401	456	show
1373694474813	2	161	190	show
1373654505270	73	48	177	show
1367817366852	148	908	328	show
1372118839910	146	521	183	show
1370341630464	105	680	398	click
1367605110445	143	815	354	show
1366453918398	46	693	157	show
1367830816996	70	820	24	click
1370129662338	95	496	423	show
1369993102217	58	345	386	show
1373165445665	24	905	338	click
1372343063502	110	226	287	show
1369454883459	145	402	179	show
1370265911938	71	854	95	click
1374000588977	6	452	282	click
1366416470520	23	700	430	show
1372917931432	29	23	274	click
1373849283953	133	574	274	show
1368321284229	11	628	454	click
1366617539948	136	362	445	show
1368116895778	125	828	449	click
1369723916693	17	136	304	show
1372011519567	129	420	124	click
1371903573776	79	799	163	click
1373557676875	60	388	155	click
1367757857642	45	419	174	show
1373176530222	23	568	62	show
1369491106855	108	215	420	show
1373206673396	114	940	1	show
1367310302817	133	583	412	show
1366470474731	33	804	176	show
1369621109884	112	816	75	show
1368307141357	124	138	410	click
1366752700743	145	727	425	show
1371540385986	38	688	56	click
1373410594360	38	345	334	click
1366377694787	150	873	42	show
1372055193191	45	717	187	click
1371921302762	10	593	86	click
1372147802030	120	792	496	show
1368681271336	41	46	149	show
1367982746565	127	816	101	show
1369519496605	137	397	174	click
1366822369197	23	169	372	click
1373232990924	94	597	193	click
1370552800366	114	571	401	show
1369640387951	134	620	374	show
1369678983602	55	244	431	show
1370064333098	148	88	295	show
1374106811369	47	991	276	show
1368333089146	125	707	417	show
1366759380771	34	708	370	show
1369992007584	130	598	201	show
1367184520891	120	157	152	show
1367093902621	85	853	216	show
1372091372614	149	466	260	click
1370013815107	56	712	108	click
1372643201545	110	531	303	show
1372140057955	127	839	91	click
1367071154461	52	732	473	click
1369313913881	83	558	485	click
1368469752675	142	772	222	click
1370847705715	77	219	11	show
1369746664128	9	605	422	show
1366342921389	94	836	264	click
1372487352462	65	992	310	click
1369803433325	91	333	260	click
1369211021392	126	704	332	click
1367024231167	12	851	187	click
1369311476956	47	108	424	click
1372097552763	111	44	335	show
1367372536983	29	700	383	show
1372413798611	131	207	488	show
1374129164681	27	997	175	show
1373825592299	110	402	260	show
1368476161059	135	887	477	show
1373304346598	137	228	340	click
1367173311597	49	597	337	click
1373033297064	145	496	122	click
1367557736656	127	92	196	click
1372149454347	73	781	239	click
1374160100220	47	193	413	show
1371376082316	32	527	449	click
1371163928450	26	140	497	click
1368277840222	99	41	267	show
1368128541122	20	641	81	click
1371604287115	124	885	328	show
1368169820377	20	306	399	show
1369661209413	74	157	395	show
1367599386656	40	119	483	show
1370017513456	43	339	239	show
1367692004655	9	614	337	click
1367530714985	51	578	54	show
1372927565385	64	114	105	show
1370758766686	73	788	445	show
1367045589179	53	292	402	show
1369476027058	131	309	179	show
1372229009577	51	126	124	click
1369858809647	64	758	94	show
1371870391637	75	701	35	show
1369609605309	76	87	141	click
1367893684616	21	340	355	show
1371602627577	120	146	199	show
1373562021217	125	580	492	show
1372337195684	110	296	41	click
1373029649749	49	701	458	click
1367935264087	62	448	480	click
1370428236305	94	527	126	click
1373308253576	93	700	483	show
1369398110330	5	266	244	click
1371811116717	113	355	148	show
1367617110607	65	422	124	show
1366407386678	75	122	116	show
1373787299057	4	472	398	click
1373519763348	112	5	351	click
1366658998279	72	668	28	show
1371851420570	42	930	459	show
1372483815444	71	32	149	show
1367028472661	39	2	398	show
1371367832735	44	412	145	click
1370180279790	108	360	363	click
1370733787541	112	763	32	show
1368495136525	65	761	25	show
1372851825600	79	545	15	click
1370439204356	43	212	224	click
1371972402587	33	894	246	click
1373764340843	104	243	190	show
1371887730893	144	945	407	show
1371296832025	2	800	371	show
1370874295530	108	298	76	show
1374175118801	24	233	302	show
1369399963331	92	349	389	show
1372874987497	48	569	128	click
1366447063613	129	976	27	show
1373000655510	6	394	336	click
1371807900498	100	995	175	show
1369304108291	122	921	443	show
1370191332691	110	403	188	click
1372528474069	10	833	133	show
1367016868831	67	398	221	show
1369474401021	96	941	345	show
1371268273203	51	773	470	click
1368289371525	72	411	446	click
1371118726246	145	918	290	click
1373999027005	136	657	485	click
1372773368743	142	277	445	click
1371592960926	13	107	143	show
1372390521761	113	429	26	show
1372765274355	100	435	446	click
1371451095713	15	949	457	click
1373270240776	13	242	9	click
1369730639403	73	327	298	click
1374003483567	45	49	275	show
1371541331630	100	383	209	click
1366970487202	29	914	38	show
1372923306545	108	737	326	click
1370906708243	135	201	325	show
1369060838186	80	120	31	show
1370826271355	140	577	183	click
1367963134672	74	504	379	show
1372821445799	77	715	390	show
1369158127498	19	867	77	click
1372271966140	20	102	481	show
1367645711337	48	647	195	show
1369995739214	129	259	151	click
1372816595813	76	742	401	click
1368379159325	34	968	369	show
1373397125360	108	965	472	click
1366492909355	72	591	456	show
1372177928360	94	604	64	show
1367976475255	13	787	477	click
1367008398770	110	342	37	click
1367240950132	137	779	278	click
1370579903981	17	385	287	click
1374047770624	11	372	170	click
1373747658301	105	73	240	click
1366836836076	100	624	403	click
1369101537484	108	169	189	show
1371146312901	26	957	403	click
1371552285580	79	669	441	show
1368923240220	130	47	11	click
1370937335885	109	430	225	click
1371331977224	58	321	442	click
1371906122270	44	177	480	show
1367164093873	92	147	458	show
1366881125049	60	118	33	click
1373552666359	141	520	204	show
1373781391875	21	456	173	click
1372051976914	14	509	172	click
1371655648360	78	81	12	show
1366983893480	1	290	408	show
1372179022292	136	822	227	click
1366549099477	53	634	118	click
1367957065946	32	914	223	click
1369143650998	62	990	454	click
1368196060995	40	68	85	show
1368223963516	113	450	167	click
1368595530425	104	808	365	click
1371610003686	139	584	215	show
1366488831399	80	522	15	show
1369665673165	131	610	138	show
1368147810301	117	394	298	show
1368665269276	29	527	21	click
1369302260402	46	826	236	click
1369863710378	93	418	201	click
1367387347131	113	450	487	click
1372417543259	135	712	87	click
1370381383619	19	261	190	click
1366885021407	98	138	120	click
1370380847251	51	282	210	click
1372691175628	94	897	494	show
1367501087701	119	202	348	show
1372945340829	51	870	472	show
1370118814045	61	440	485	click
1373893639507	148	152	215	click
1368297637061	56	589	193	show
1366708292854	18	934	376	show
1372379284879	101	402	227	click
1370199652500	6	825	112	show
1370247324638	127	644	134	show
1372362041189	43	884	170	show
1371104502381	81	268	226	click
1369390611284	126	462	56	show
1372421347288	49	673	4	show
1372936454402	4	597	447	click
1370828417542	119	58	500	click
1374054475592	121	756	335	click
1366438859380	54	983	316	click
1370189011012	13	502	429	show
1373928535062	61	852	465	click
1366495189236	92	733	458	click
1374160841451	8	756	56	show
1371336576381	16	599	76	show
1372691374830	69	118	339	show
1370191993519	79	593	409	show
1369098495483	7	69	447	show
1371262938734	26	220	489	click
1370803309445	132	662	55	click
1368005610646	16	164	113	click
1366983113571	34	392	453	click
1373700128236	145	862	106	show
1366844315116	10	829	357	show
1368273801171	67	785	54	click
1373738745482	26	264	311	show
1371033625878	62	268	384	click
1366670192039	146	117	121	click
1368270365835	140	683	197	show
1369562845351	68	626	75	show
1369857383357	101	240	78	click
1373452980760	29	852	403	show
1366736338257	87	781	310	show
1370792126994	103	490	30	click
1369226121497	92	666	461	show
1372811489759	144	222	454	show
1372364841385	13	686	125	show
1373593774982	80	20	148	click
1373295593200	36	595	67	show
1371940991388	19	304	430	click
1372253166849	137	174	416	click
1369393256416	46	508	213	click
1366412716550	134	154	54	show
1369619169247	87	630	223	show
1368006714404	117	995	415	click
1370228760529	90	890	404	show
1370950950317	72	196	490	show
1371402573093	42	272	109	click
1366473182105	87	786	473	show
1367165189330	64	545	273	show
1370738701994	87	30	148	click
1367971812440	72	217	137	click
1368461460300	53	633	96	show
1367391813530	69	64	338	show
1372876839281	9	801	423	show
1367687902512	30	257	495	click
1371350116893	56	344	235	click
1368404589897	113	51	124	click
1369962104537	52	393	415	show
1366419498200	133	877	99	show
1367493116923	101	462	470	click
1370452469098	44	519	472	show
1367637298608	78	1	223	show
1373906930010	75	196	262	click
1371606975723	91	399	60	show
1372961315505	21	702	80	click
1371605864920	36	513	86	show
1367956518453	45	740	175	click
1366955186485	147	546	302	show
1372712382317	61	790	78	show
1369946910190	136	789	232	click
1372293652966	121	713	246	click
1373040410344	61	86	473	click
1373865073039	122	203	134	show
1369486581306	97	475	45	click
1367102028428	106	778	410	click
1372778055544	79	230	303	show
1367079519866	31	930	28	click
1367673325029	50	104	456	click
1373292043087	86	62	173	show
1369084914418	107	754	5	show
1369688912610	129	585	418	show
1369171720575	86	616	28	show
1370993570009	105	367	488	show
1371580280109	19	210	360	show
1373842865753	105	954	274	show
1371661658418	86	814	378	click
1369871877479	130	590	481	show
1370179359850	29	946	214	click
1370762931881	51	655	280	show
1368171244664	149	541	493	click
1372769763468	124	767	107	show
1370945309466	130	354	183	show
1371900381499	142	981	230	click
1373613481093	99	892	464	show
1371881145834	59	182	213	show
1369813304656	145	155	474	click
1371482230300	4	727	126	click
1369480346955	49	763	279	show
1369647542275	139	777	312	click
1370847078286	2	24	426	show
1372701547543	102	705	114	click
1368317968861	15	657	340	show
1370777974186	77	968	19	show
1370504593880	34	417	142	click
1371566907604	73	264	108	show
1367841286445	71	960	171	click
1367217980019	64	324	289	show
1373239615977	63	66	137	show
1366905988526	150	276	34	click
1370199942516	76	83	468	click
1366575000966	112	947	260	show
1366420094365	89	729	204	click
1371845270394	76	824	113	show
1367540412620	136	583	96	show
1366549721823	108	390	39	click
1366895467640	115	855	27	show
1372976187750	147	300	381	show
1370240107307	63	529	432	click
1373602794281	134	136	20	click
1369123702157	92	330	425	click
1368518740091	39	619	495	show
1369146226104	126	600	18	show
1366566460610	34	739	414	click
1369332698168	6	641	134	click
1373204427628	51	716	2	show
1370054041384	94	527	324	show
1366513048891	113	558	98	show
1368171145115	31	798	495	click
1368544197722	19	135	233	click
1369978321954	25	520	46	show
1370454465387	109	438	178	click
1369206907684	54	335	287	click
1368442208311	102	841	42	show
1372108747259	27	316	346	show
1370842537208	135	739	183	show
1366699681765	141	216	448	show
1368560867897	66	660	277	show
1366516428083	13	480	176	show
1368329075237	56	282	330	click
1373003628005	1	322	434	click
1373204956482	56	175	247	click
1371451858819	60	492	106	show
1369490420797	95	989	427	click
1373990529402	92	918	146	click
1368174543929	103	361	362	show
1373528091820	124	148	447	click
1373413589321	111	856	47	click
1372473912864	68	356	56	show
1373631784937	61	502	272	show
1371775823798	77	363	445	show
1367940249864	102	937	13	click
1366888667009	41	650	4	click
1368854939351	51	617	27	click
1373569427991	90	45	45	show
1367050733359	137	317	113	click
1373102512615	133	77	54	show
1373001774800	138	425	264	click
1366809787284	56	693	385	show
1369836626702	23	679	444	show
1370377314636	109	769	341	click
1373998627225	74	284	480	click
1370683762770	65	973	103	show
1372267017694	57	965	472	click
1373585307209	67	120	413	show
1373620250490	57	925	435	click
1367096938450	95	361	235	show
1372997775844	22	379	486	show
1372844913394	66	781	186	click
1367222786743	82	501	267	show
1369251830848	87	853	34	show
1368056971888	145	842	57	click
1368038510911	20	455	123	show
1367918384421	103	889	445	show
1368220448130	54	586	332	click
1367662824669	144	997	12	click
1373633739427	3	675	254	click
1369533809499	7	338	157	click
1369259253504	120	862	27	show
1373964005285	36	427	19	show
1367333554839	86	688	178	click
1371630501678	148	773	337	click
1370228354394	43	529	259	show
1373219333568	32	112	125	show
1371308120673	121	681	134	click
1369719735945	39	899	242	show
1367117010210	14	750	398	show
1367512026011	72	813	349	show
1371389781394	47	306	314	show
1373547568838	45	269	222	click
1367573913460	46	397	120	click
1374015237737	89	603	22	show
1370361244597	66	412	38	show
1368240409864	74	525	474	show
1370909740564	132	463	189	show
1372649804132	42	491	174	show
1374003482536	53	440	235	click
1371333307141	69	792	105	click
1372961728374	14	675	400	show
1372674151094	92	988	69	click
1367407181340	32	489	129	click
1373761396017	91	608	241	click
1370449678329	25	803	21	click
1367760222127	21	65	320	show
1372423236938	110	431	289	show
1366897298403	85	486	410	show
1371028981213	8	734	156	show
1366466625410	50	797	109	click
1372061380950	75	623	417	click
1373188631418	72	800	455	show
1372993278456	25	779	457	click
1373392250329	2	396	268	click
1373489993743	120	7	129	click
1368535144714	67	868	37	show
1368264001176	42	217	242	show
1366527238965	77	965	300	show
1371878473881	137	523	143	click
1367396326358	124	999	276	click
1368742211194	56	169	484	click
1368453545911	74	647	395	click
1372996397654	13	340	107	show
1373848831512	87	640	344	show
1373412827562	45	292	168	show
1371930346801	107	384	224	click
1367541628397	44	697	144	show
1367924168180	122	205	418	show
1374151590434	139	153	423	click
1366719141878	33	567	162	click
1369505933675	10	894	85	click
1372210133381	76	983	102	show
1369589220768	15	68	170	show
1366359780644	25	845	481	click
1372920338014	4	868	451	click
1366824552241	19	993	356	click
1367157928336	122	692	411	click
1366647946611	105	264	463	show
1366363396471	6	427	450	click
1368340926298	88	570	11	click
1368438795844	46	624	194	click
1368374646493	64	427	372	click
1372988924418	60	764	86	show
1371280760129	150	834	257	show
1367285808800	90	942	97	click
1371743255551	30	749	479	show
1369952588069	74	367	428	show
1372538831454	103	872	227	click
1371642827995	123	952	12	show
1369502205244	42	212	18	click
1367252849897	140	99	471	show
1373393655101	130	266	33	show
1371025585524	21	356	110	click
1373132521489	139	807	112	click
1372881925967	63	634	402	show
1372301379073	45	272	123	click
1371840157969	106	849	473	show
1367045834121	51	677	248	show
1373368387875	70	199	1	click
1372963669485	18	932	116	show
1367133406080	142	94	316	click
1368928810667	58	416	340	show
1372799823355	31	876	58	click
1371658440959	12	502	313	click
1367403219690	88	371	151	click
1371173989666	125	774	238	show
1368472149944	127	888	54	click
1369768853534	61	12	22	click
1372968945881	92	689	457	show
1373248069930	28	889	256	click
1371091286786	93	767	279	show
1371160249756	55	175	407	show
1370173922108	121	472	139	click
1367284936701	144	385	334	click
1369733448582	32	601	68	show
1367196418954	62	872	24	click
1369839917867	140	853	480	show
1368669501637	26	400	29	click
1370204226035	68	921	91	click
1369688659899	1	420	39	show
1369770832231	25	933	164	click
1369886139449	130	735	232	click
1373426585488	80	955	155	click
1368817241212	125	376	480	show
1372753030888	128	645	440	click
1370445950947	67	509	174	click
1368052824075	1	80	470	click
1373693714407	103	314	122	show
1367913837955	15	244	77	click
1369574114576	68	710	337	show
1373049043932	51	530	123	show
1374174135651	14	175	143	click
1366527797313	57	630	231	click
1370858385976	110	839	59	show
1370665177197	128	238	179	show
1367146063501	127	124	196	click
1369941415379	27	7	346	click
1369595405178	56	120	226	show
1366560405705	48	984	449	show
1369589632670	144	979	108	show
1369574256604	102	459	111	show
1368234933330	52	661	320	show
1373739677531	109	469	298	click
1371786200599	21	308	227	click
1367988127303	17	918	191	show
1369508424854	6	410	335	show
1367556334447	125	195	273	show
1367280465191	101	711	296	show
1372306478122	59	177	154	click
1370572889834	79	480	278	show
1370671886832	74	642	283	click
1373166236151	56	492	454	click
1373882989539	46	866	134	show
1366727017890	25	134	175	click
1369513115071	44	643	36	click
1370769328247	63	331	416	show
1368809761422	109	805	80	show
1369210562672	64	740	159	show
1368857066468	10	180	423	click
1370021419081	85	969	264	click
1366349553923	27	440	50	show
1372078059574	138	542	268	show
1369185079060	11	752	491	show
1368558440588	29	496	101	click
1373828714885	91	398	115	show
1372129085060	30	342	72	click
1368952269352	52	481	33	click
1373440500526	94	301	337	click
1373312462539	99	639	233	show
1370428949958	60	153	406	click
1372786597407	132	877	450	click
1368509457961	74	946	456	click
1373464411468	47	524	283	click
1371851447853	48	457	2	show
1371805405821	123	958	448	click
1370711097183	14	549	330	click
1372363979679	100	109	430	show
1367342079462	86	941	422	show
1370327233310	123	564	349	show
1368445233294	75	481	270	click
1370761110067	44	932	103	show
1373825927603	137	588	145	show
1371083262822	121	302	444	click
1367113150583	10	256	380	click
1369946155386	86	214	333	click
1371447678002	16	726	272	show
1369299393051	109	540	303	show
1368759607514	62	781	196	show
1368856433149	124	453	421	show
1371370698610	106	521	471	show
1371610030784	41	143	271	show
1370876796796	120	851	458	show
1368753946731	144	386	50	click
1366465891412	48	906	253	click
1368020236044	44	290	203	show
1367478866346	72	926	48	click
1368540979726	146	532	355	show
1367081198994	8	124	436	click
1366445920337	118	949	86	click
1368905858640	35	321	142	show
1373692962989	2	838	250	click
1371776864927	75	539	295	click
1371572738301	81	527	453	click
1369650839895	44	905	437	show
1369437549275	37	367	404	click
1370033513098	5	976	19	show
1371184465260	20	747	24	show
1372401107820	58	355	139	show
1369545040161	80	145	364	click
1370503372709	82	146	207	click
1374073987546	2	502	131	show
1370191468640	92	792	453	click
1372374143523	96	849	283	show
1366746282843	19	76	113	show
1372998967246	11	929	112	show
1368829818957	45	307	238	show
1369414569602	66	196	41	show
1367087428128	40	621	392	click
1372175800338	36	174	49	click
1366857559486	112	178	376	click
1370396432334	136	189	113	show
1369067387219	133	554	143	click
1368837650106	85	382	390	click
1370793732309	91	581	203	click
1372617435899	5	200	93	click
1371505680096	3	938	214	click
1366745616067	118	284	101	click
1370248049138	32	263	102	click
1369694906287	37	967	122	click
1369691436400	3	452	360	show
1370878394071	4	651	161	click
1367915130902	113	774	425	show
1369285018686	1	413	494	click
1369516509652	56	461	310	show
1367572667617	138	670	128	show
1374081729270	18	779	326	show
1366523773095	9	139	124	show
1371394736406	134	946	65	show
1366453069660	12	760	61	show
1371702284676	19	873	71	click
1372357496400	144	29	43	show
1367229384378	144	652	315	show
1373547497125	141	144	246	show
1367960925143	115	65	348	show
1372093208788	113	642	297	click
1368354311424	99	750	159	click
1369996243759	10	197	436	click
1371989663217	141	638	486	show
1373496555125	90	638	123	click
1372213718978	15	878	11	show
1366666553150	100	987	441	show
1371778399266	137	768	276	show
1372656324023	121	835	168	click
1372721582233	2	503	444	click
1369110057454	141	650	276	show
1369190136181	131	64	369	click
1373393357398	52	553	120	show
1369803597321	80	268	234	show
1374142223677	46	162	500	click
1372712506118	34	179	340	click
1372366906696	109	684	78	click
1369108221399	139	295	22	click
1366982185605	128	54	316	click
1373343905655	56	250	45	show
1371610904147	36	996	327	show
1372104262408	1	320	379	click
1373156772217	26	703	288	click
1366736751605	107	841	296	click
1369392394594	70	167	369	show
1369961620851	99	969	259	show
1372119466111	15	902	26	show
1367523440686	97	137	462	show
1371272999819	79	627	41	show
1371323907797	139	511	360	click
1372270523415	73	888	8	show
1372729620232	123	548	351	click
1370753515024	7	416	480	click
1368219723573	16	438	399	click
1372332117915	10	185	145	show
1371571530002	126	727	402	click
1367184998335	6	689	289	click
1372796639115	30	361	161	show
1369657069452	90	624	171	click
1368322294685	114	884	305	click
1372209916927	62	95	6	click
1372440062962	43	28	35	show
1367385504977	64	615	56	click
1369186191234	62	839	18	click
1371917594212	26	943	236	show
1367010747358	120	996	401	show
1372035688771	82	25	167	click
1369393132034	102	130	280	show
1373649551672	63	739	323	show
1373902897408	114	999	120	show
1369047025750	61	506	262	click
1367030403632	99	87	170	click
1370068488076	140	262	217	show
1367989999496	104	128	436	click
1371967322907	117	955	142	show
1368853450063	40	680	387	show
1371472116114	55	757	58	show
1367063163734	78	650	174	show
1372338982696	104	400	53	show
1368891211507	117	637	362	click
1367047125577	136	565	284	click
1374082724381	73	419	59	click
1367781485509	72	609	496	show
1367892962619	62	452	224	click
1368384886934	133	303	64	show
1368447277277	72	361	11	show
1373206092184	54	420	184	click
1371403048667	51	395	286	click
1370857167710	13	187	135	show
1371882455191	91	259	103	click
1370309630424	122	726	417	show
1369417255400	54	325	193	show
1367938077614	93	327	144	click
1372761998085	125	921	17	click
1371351324671	11	222	299	click
1366796582640	112	1	130	show
1366777812842	40	86	123	click
1372184700906	7	405	121	click
1369444739391	38	742	255	click
1370639933490	45	749	148	show
1367207845580	111	803	36	click
1373614949602	115	741	238	show
1368344701898	17	211	252	click
1370784921831	22	231	225	show
1370487221393	40	59	59	click
1371258123693	11	72	228	show
1371890581113	74	367	367	click
1370851419546	1	660	230	click
1366742108656	44	764	22	click
1371843516142	147	717	403	click
1369732918479	139	213	156	click
1367063037799	42	157	435	click
1372348178999	36	912	321	click
1373525957199	80	22	418	click
1373723134421	14	825	411	show
1370755988525	118	970	89	click
1369510371904	35	890	78	click
1368005069182	66	139	50	show
1367013122824	137	212	267	show
1371079213686	112	564	173	click
1369502701986	11	224	118	show
1373761710184	144	976	15	show
1369576481217	68	3	230	show
1372546698552	122	598	470	show
1369555257775	99	178	238	show
1372187154509	14	555	166	show
1371807423870	52	916	449	show
1366655470623	51	675	95	click
1367275687955	87	158	72	click
1366739112390	143	274	64	click
1369210859510	40	783	138	click
1373015658719	48	364	1	show
1371978383763	95	663	55	show
1367663252278	121	758	274	show
1370597441963	10	847	172	click
1369294350752	140	573	336	click
1369178903055	96	612	482	show
1372272080235	105	694	473	show
1372514735095	122	932	371	click
1370385953554	97	632	290	click
1371235765254	72	895	247	show
1368183059363	128	55	195	click
1370520954400	7	890	321	click
1372557366700	15	907	115	show
1367895076689	34	363	11	show
1373281956768	55	954	245	show
1366447913381	120	715	303	show
1373433007733	74	964	199	click
1371691672416	83	773	126	show
1367319876518	22	544	142	show
1369383173069	99	236	352	click
1371918950594	114	403	434	show
1372254359520	71	572	382	show
1369080882036	65	542	16	click
1370504138503	25	541	27	click
1370702884894	138	317	153	click
1368341904537	22	489	79	show
1373601338477	41	124	393	show
1369198904101	4	536	1	click
1370865745307	72	958	268	show
1372684387567	67	275	130	show
1367709100716	36	939	158	show
1368836444478	53	504	363	click
1369691827516	63	702	408	show
1368175593853	41	803	14	show
1366523342694	98	631	9	click
1372091744368	102	460	437	show
1372694871489	118	842	31	show
1370674327238	149	705	48	click
1373735100742	89	228	152	show
1366535405441	68	156	205	show
1371194113004	139	533	39	show
1369379502987	137	12	189	click
1370057134737	39	120	409	show
1368910379289	105	361	359	show
1368398878194	37	929	218	click
1373651461137	33	783	376	show
1372348608932	95	927	454	click
1368598712295	137	660	307	show
1368203836476	11	941	200	show
1369484685034	140	959	170	show
1373102840343	49	149	409	show
1368661641695	113	160	390	show
1369526572293	76	855	279	show
1373819212197	106	635	251	show
1372333195754	99	654	375	click
1372022429011	19	991	202	click
1366645474492	125	226	456	click
1373633096354	61	400	401	click
1374156080717	142	708	486	click
1371978471047	127	877	342	show
1371510647504	24	120	26	click
1367428235949	78	917	484	show
1367068809153	50	284	69	show
1374034364415	26	551	214	click
1370093894929	121	916	150	click
1371974561561	75	263	68	click
1367278956883	65	550	287	click
1367136280771	130	451	289	show
1372316724751	141	455	213	show
1372521409538	65	323	33	click
1373860205892	113	12	258	show
1368667978361	107	682	91	show
1369097805243	147	633	136	show
1368307443921	36	320	397	click
1371866829347	7	971	385	click
1373272257211	5	147	160	click
1370905976620	142	230	464	click
1368552199699	84	115	266	show
1370751819351	10	88	353	show
1369698382083	72	67	209	click
1373637519636	107	501	492	click
1370572351207	102	641	378	show
1369304132184	17	965	24	click
1369180067423	24	331	423	click
1370365792601	79	789	183	click
1366381462119	3	783	432	click
1368654936400	148	100	247	click
1373972970140	57	163	334	show
1368871308645	36	717	345	show
1366555779294	19	568	286	show
1370969775096	31	665	132	show
1366510795062	94	453	84	show
1371943300119	9	336	6	show
1368460771371	121	58	207	show
1372934610388	6	907	463	click
1369079487012	59	691	150	show
1372063682254	52	493	175	click
1369601715274	143	791	247	click
1371097260874	32	474	118	show
1372567203053	45	779	152	click
1370717973374	32	531	358	click
1369749182441	94	782	290	show
1370778311878	145	152	278	click
1372617821927	31	194	51	show
1367652930204	83	791	487	show
1370963932609	124	168	363	click
1368057689536	6	94	104	show
1372758219719	7	128	17	click
1372956325653	116	608	405	show
1366684966899	40	501	234	click
1368913487923	30	429	208	click
1372479231102	49	848	463	show
1370269286454	72	257	192	show
1367716872158	2	992	221	click
1372852863154	76	910	176	show
1367197047190	7	42	40	show
1373252917897	30	343	323	show
1369667638101	125	664	350	click
1371346660338	120	852	328	click
1371518099924	114	322	463	show
1366930839219	33	400	301	click
1373293142629	115	358	263	click
1372691210777	128	19	272	click
1371186724029	19	263	106	click
1366386105137	127	837	452	show
1373315250650	39	367	239	show
1369292437541	124	921	319	show
1368272457898	32	20	225	show
1368347562321	94	760	203	show
1366917932645	22	407	155	click
1371221920105	98	129	19	click
1372599583127	27	425	22	click
1373747991645	44	243	429	click
1371896309137	110	834	196	click
1369353082792	33	75	24	click
1368216707847	125	51	361	click
1368994000583	56	361	229	show
1368007964537	33	808	280	click
1371363630552	115	140	478	show
1370370638008	65	295	25	show
1372541473790	95	724	188	show
1367270352410	95	846	193	click
1367517319228	124	865	68	show
1368105795866	29	223	393	click
1373012115842	94	885	473	show
1370200614580	63	712	350	show
1374076892650	145	249	327	click
1367878564105	122	692	427	click
1368261466815	45	510	343	show
1372724554913	32	933	425	show
1371448867086	130	668	33	click
1367521400709	125	917	472	click
1368268364032	143	183	166	show
1372406607434	53	57	376	show
1368657349309	146	911	198	show
1373797710802	138	549	385	show
1372108126744	70	959	99	show
1368514049211	126	450	28	show
1373907145390	20	78	424	click
1372200219704	104	833	56	show
1368963022096	143	265	322	click
1366895555478	145	313	478	click
1368655703427	89	58	397	click
1372985990464	66	775	66	show
1372307059684	53	508	57	show
1373825495440	45	73	455	show
1373187587861	4	653	332	click
1368228267532	43	211	391	show
1373479645563	52	129	494	click
1366996691932	93	844	56	show
1372502863982	117	619	427	show
1370023842752	100	273	73	click
1371876924880	44	359	404	click
1372166822037	99	693	95	click
1371676906406	74	596	223	show
1373802658192	61	151	213	show
1368917916095	25	21	164	show
1373290622262	46	538	417	show
1368886555541	132	178	350	click
1368802985173	110	125	499	click
1366355469612	59	318	359	show
1368784129880	104	837	318	show
1368029476233	102	423	353	click
1373998572463	84	297	233	show
1367316751525	3	464	199	click
1372945943574	80	406	333	show
1367780598281	43	235	285	show
1371695626257	34	900	308	show
1366888295178	7	569	87	show
1367367844763	129	531	441	show
1370766706657	23	840	390	show
1372539664289	34	308	79	show
1371415472327	71	954	129	click
1372450570461	120	791	435	click
1369028698809	123	838	284	show
1366375235989	2	46	388	show
1373151988539	28	539	132	click
1371876654008	145	916	470	click
1366547139692	102	923	477	show
1366466437831	140	386	314	click
1373130071404	78	293	300	click
1369350843947	23	491	129	show
1371639773770	37	255	116	click
1373337218204	130	576	381	click
1367238210096	118	63	108	click
1367771483309	67	374	297	show
1371935744455	99	594	337	show
1369299932935	22	320	24	show
1371684180046	81	245	411	show
1367369730933	24	302	248	click
1370273963264	35	425	194	click
1372920147947	126	507	326	click
1371494428278	110	431	375	click
1372641891314	146	737	401	show
1369618597067	147	566	11	show
1369939981094	91	232	37	click
1367225342135	125	621	151	click
1369853618564	150	280	259	click
1372939813867	6	685	165	click
1368491151074	3	896	250	show
1371348791615	70	995	118	click
1372454898027	80	947	108	click
1368816410049	87	188	176	show
1370664438567	45	389	125	click
1368855580647	131	776	111	click
1368403774082	124	7	300	click
1374016412473	143	141	198	click
1372096675114	61	898	172	click
1370872455394	85	176	219	show
1371792924817	14	233	196	show
1367583715833	59	615	407	show
1370501600542	5	125	40	show
1373682335590	2	265	352	show
1366801518492	10	832	95	show
1368084878395	60	169	270	click
1373863755345	59	240	42	click
1371090636609	91	988	378	show
1367895689456	104	260	58	show
1369583635645	89	190	365	click
1370823365586	24	218	211	show
1372791991029	138	556	45	show
1368934156765	76	634	170	click
1366923669139	44	735	421	click
1370473641241	2	487	432	show
1372038509934	132	755	304	click
1372903772446	16	657	37	show
1373808103656	83	661	298	click
1370310266385	6	706	354	click
1370465043948	102	977	459	click
1368629032097	108	196	404	show
1371426390683	49	602	53	show
1373412898804	112	706	430	show
1367657169094	120	320	291	click
1369618248655	41	373	347	click
1370522393012	28	584	39	click
1370930693646	11	672	271	show
1368468121799	137	666	490	click
1370577312752	107	541	212	click
1372055320245	142	957	358	show
1370042414450	8	833	186	click
1373546773872	83	276	173	click
1372562324915	135	679	315	click
1366680379612	139	484	319	show
1370399269351	119	372	390	click
1371550936034	93	921	32	click
1366405483769	106	251	231	click
1373410823194	96	759	439	click
1370035774353	121	281	325	show
1371494028631	21	118	204	show
1366970640338	65	687	260	click
1370373830427	136	69	455	show
1368845453611	144	487	348	show
1373390672553	149	855	80	click
1372993621359	86	578	142	click
1371336842038	123	441	34	show
1367150729659	144	905	355	show
1368657607448	119	523	224	click
1372301138900	7	419	196	click
1370234074348	122	220	232	click
1366686773899	21	989	283	click
1372011633887	90	829	39	show
1366785874447	140	89	455	show
1366970095689	107	357	480	show
1370012403415	129	912	270	show
1371724570481	121	92	265	click
1372278470941	12	842	249	show
1369169368104	114	320	230	click
1373094371425	129	688	256	show
1370041708689	100	480	109	click
1373527171395	62	226	109	show
1373109890805	30	565	496	show
1368608895829	91	487	116	show
1372942427707	116	962	362	click
1374065839083	66	359	93	click
1373080436239	25	139	453	show
1370515639679	82	643	400	click
1372119667725	115	774	291	click
1369715120682	141	19	275	click
1371461050228	36	697	412	click
1371385313737	73	387	31	show
1366350860894	23	777	446	show
1366832916905	93	850	351	click
1372747462822	149	812	133	show
1369573369445	101	853	231	show
1366516506639	74	68	159	show
1372652937812	106	85	360	click
1370667313817	36	877	401	show
1367775880661	9	733	405	click
1368621045453	9	305	323	click
1373807396751	41	295	344	show
1373130137679	36	931	135	show
1372773238712	140	745	381	click
1369253885308	106	607	408	click
1368319493001	119	337	142	show
1370034455175	140	933	50	show
1366900556518	8	984	168	show
1367730738316	57	951	229	click
1370320253827	114	401	228	click
1372391431056	73	974	171	show
1371496558103	89	102	417	show
1373870434904	138	400	148	show
1371105743472	130	999	457	show
1370478740856	51	837	257	click
1370563128550	65	47	105	show
1366635868684	50	942	492	click
1368024902705	99	583	289	click
1373825151886	100	157	331	show
1369717480358	39	945	486	show
1370001376419	19	381	3	show
1373098562132	73	473	292	click
1369932650749	78	362	300	show
1371681366822	41	406	96	show
1370664841048	5	113	162	click
1373564437358	35	637	398	click
1371999333365	25	548	282	click
1373370054565	68	253	197	click
1373397705879	68	370	421	show
1367306875430	37	36	1	show
1372453151252	65	567	323	click
1373765984410	13	507	164	click
1367456464850	82	971	10	click
1371644090674	144	517	48	show
1366555801289	146	63	156	show
1374081459980	84	605	495	click
1367595371952	70	601	452	show
1371948641502	63	561	3	click
1369321993626	14	866	119	show
1370421273651	130	606	90	click
1371255456441	96	550	340	show
1370754131831	143	517	446	click
1372093322058	15	886	49	show
1368842001998	94	597	198	click
1371113020723	58	747	190	click
1370309758297	57	740	182	show
1367573329545	96	184	437	show
1372884798712	109	728	22	click
1368223637480	140	493	23	click
1370369264298	118	950	176	show
1368602461712	10	324	51	click
1367659342232	21	983	384	show
1370464106915	56	398	51	click
1371108612923	76	608	253	click
1368497754644	7	554	361	click
1367221569150	114	678	482	click
1370603951015	22	757	283	click
1367228108273	110	996	230	show
1368092388552	61	155	364	click
1369527525599	61	39	51	click
1369750392096	63	400	466	show
1369616708865	85	292	428	click
1370226879555	65	791	436	show
1370696239379	4	749	312	click
1369739194117	75	891	386	show
1368996077959	37	563	410	show
1370988990360	58	928	147	click
1373113382909	3	890	112	click
1367668549538	12	831	182	show
1371575252112	98	710	292	show
1374152620861	150	145	26	click
1367842537539	92	600	358	show
1369100225492	68	848	436	click
1369670262042	116	423	352	click
1371362910424	42	911	467	click
1367863899112	55	463	485	show
1366938761979	114	571	394	click
1372033923774	2	854	147	click
1369986931601	66	476	141	show
1367193260631	133	309	412	show
1372100987108	3	816	21	click
1372215221873	80	395	437	show
1368666923252	15	415	44	click
1367551223357	44	855	404	click
1366482096744	134	244	333	show
1367418839175	40	453	126	click
1370079209089	103	762	323	click
1372020561275	108	531	380	show
1371395601104	81	882	400	click
1374136674970	52	237	415	show
1367496203960	110	284	321	click
1374142607290	45	199	379	click
1370970187162	129	840	486	click
1369763808249	94	65	149	show
1374171965666	80	149	368	show
1370368349238	115	446	47	click
1372056824740	2	858	421	click
1369426276564	95	745	1	show
1367155373669	100	252	192	show
1370937798096	111	365	272	click
1367182805548	116	970	429	click
1370836020981	56	665	244	click
1367534941606	76	607	32	show
1369033075786	41	274	418	click
1373628333330	79	836	113	show
1369623281187	26	57	47	show
1370059891466	87	503	411	show
1369979263947	45	260	319	show
1368365725806	80	72	466	show
1369433962759	90	783	362	click
1368714199137	143	514	391	show
1371921278313	64	475	229	click
1370786776081	30	635	451	click
1368363495534	41	14	332	show
1370448724671	118	373	381	show
1368240891023	111	563	484	click
1373786443897	28	337	168	click
1367836505717	44	950	422	show
1371443260058	24	785	60	click
1370117940357	100	311	15	show
1370248774218	93	29	136	show
1372609396004	57	830	201	show
1372026568957	79	261	137	click
1372186374476	125	58	421	show
1369678664844	5	602	40	show
1370221459609	13	1	190	click
1372573594602	64	427	289	show
1373880294890	78	14	11	click
1368052188658	105	872	37	click
1373722248222	140	120	350	click
1371731213744	34	10	429	click
1367832539955	122	800	444	click
1366976691529	45	637	259	show
1369687373034	79	261	96	click
1366730384039	140	298	157	click
1366722300359	150	201	448	click
1370378708515	48	571	8	click
1370367785529	91	492	384	show
1370270405821	74	417	363	click
1366394230848	114	638	392	click
1372441779702	87	363	438	show
1366943900060	127	464	311	show
1371124562650	111	55	453	click
1370405282753	61	844	484	show
1373423068779	129	583	162	click
1367479078852	28	283	406	click
1369255729966	48	687	257	show
1371578515514	59	478	462	click
1368806485240	66	536	85	click
1366713822596	12	338	6	show
1368653978285	61	429	263	show
1366483699333	115	153	271	click
1366602538782	5	531	31	click
1369424213189	18	103	244	show
1369809231311	16	110	345	click
1369604558924	6	132	221	show
1368560281439	79	917	238	click
1367826322798	25	187	469	click
1370126434266	131	471	316	click
1372140799212	115	742	106	click
1372746554483	13	698	226	click
1367033482084	56	819	123	click
1372880196851	128	460	12	click
1367278107262	67	143	302	click
1369443888169	43	400	150	show
1370607581690	64	308	301	click
1370124304061	34	556	93	show
1370707266318	17	483	434	show
1368632963509	83	419	329	click
1370709359053	56	319	297	show
1366876576511	44	471	440	click
1366798292263	145	935	7	click
1368508780971	109	255	174	show
1371425585158	63	240	43	click
1369997707476	124	657	407	show
1368288154580	56	176	425	show
1373098840828	28	898	201	show
1366873262528	55	307	61	click
1367669890468	55	235	435	click
1370823773386	85	737	398	click
1374113939647	129	141	155	click
1368725376501	92	396	142	click
1368407402332	13	272	437	click
1367798607531	48	245	17	click
1366733715565	99	282	27	click
1372968682031	39	111	344	click
1371957484373	8	457	493	show
1369180711185	7	839	75	click
1372586634588	94	751	193	show
1374043768182	107	71	264	click
1373487429475	123	562	416	show
1373462637865	134	465	251	show
1373886751522	9	386	331	click
1367876996787	17	989	81	click
1367266015951	74	903	259	click
1371842698060	113	627	238	click
1367542211131	21	469	431	show
1370234617352	98	911	101	click
1370367323936	38	904	278	click
1368809557169	34	209	226	show
1369065888646	74	771	205	click
1369920086462	55	56	413	click
1366912041452	114	436	287	show
1366846070026	88	9	298	click
1369611033817	67	746	276	show
1372661654624	94	389	496	click
1367564185953	74	87	197	show
1368638330122	136	505	116	show
1373029544911	128	294	148	click
1374096153376	107	865	396	show
1370672179863	119	134	88	show
1369060717200	8	692	93	show
1369866840748	32	786	147	click
1372119893800	63	918	455	click
1373054427113	52	429	188	click
1367813192281	105	463	72	click
1373768016282	17	981	227	show
1369045093789	124	899	173	click
1367795676861	85	304	152	show
1367466132814	120	600	11	show
1370723161940	133	650	386	show
1367741895477	19	333	132	click
1367438152090	47	885	352	show
1369333140137	114	143	386	click
1374149183606	80	426	150	click
1371536382064	139	797	268	show
1367003508159	52	887	45	show
1372108652422	139	809	497	click
1373772607595	86	743	333	show
1369774630559	116	825	166	click
1369093605893	146	589	309	show
1373735850086	110	890	313	show
1371217258363	122	802	444	show
1369665302924	51	761	485	show
1373203002491	123	303	156	show
1372791227977	128	727	319	show
1372784570929	30	146	110	click
1367392926731	134	250	100	show
1370177743483	116	705	359	click
1372978119030	60	778	133	click
1372486433123	138	429	188	click
1367376164925	68	330	276	show
1368436876045	26	731	288	show
1367618582750	145	861	488	show
1367733025322	95	540	424	show
1368624604075	126	21	395	click
1369602568834	118	538	183	click
1369401716318	28	786	295	click
1368817462422	67	838	412	show
1372496537305	39	25	452	click
1372968538217	35	853	43	show
1367328074572	59	288	152	click
1373891096926	65	155	139	click
1366603163460	115	335	361	show
1369568474183	138	432	165	click
1369599664450	145	9	205	show
1371255486006	95	713	145	click
1370014265105	101	886	91	click
1367164899089	24	479	357	show
1373632942036	88	615	498	click
1368193782219	133	67	154	show
1367164268326	21	295	184	click
1371893865140	77	697	32	click
1373683653446	73	911	443	show
1371549137240	139	974	135	show
1371333444937	106	73	59	show
1370922854684	100	584	209	show
1373068838353	48	550	340	click
1373950744981	35	790	218	click
1368578921208	141	13	110	click
1368275834344	24	966	56	show
1372675768545	35	289	374	click
1373003683147	132	840	162	click
1368749135034	142	186	56	show
1374031950485	43	12	103	show
1370724266360	81	549	337	click
1373912394757	45	697	156	show
1373394446691	50	812	499	show
1372258998489	66	384	444	show
1373454570959	113	279	155	show
1371050698329	77	634	90	click
1372295603665	140	715	79	click
1370561737908	135	383	431	show
1368409396372	77	533	374	click
1371512674641	135	119	96	click
1374025282833	60	737	121	click
1373371467869	136	260	140	click
1367170064509	113	522	109	click
1373231606157	1	821	365	click
1366557101836	46	481	248	click
1366502153611	111	574	115	click
1371445178162	8	189	76	show
1373740732538	7	732	18	click
1369491960547	126	960	284	show
1371803576990	46	93	172	click
1373994698687	14	612	248	click
1366397362693	121	882	407	click
1372511893796	136	478	58	click
1370034135022	3	689	209	click
1369173993730	109	416	166	show
1368767324796	19	300	405	click
1373167103016	140	396	346	click
1371414447320	87	970	141	show
1366933026223	113	227	228	click
1371610092948	82	154	245	show
1366628821431	142	642	244	click
1370165338237	1	851	240	show
1366733867492	113	381	142	show
1369448842488	92	659	85	click
1371094175762	53	175	64	click
1367067397182	3	259	162	show
1372980409396	111	192	298	show
1372666814348	117	413	478	click
1373611100782	80	970	417	show
1368844001759	22	87	403	click
1372457831483	80	176	41	show
1370064786863	32	798	435	click
1368150568118	81	167	168	click
1371546230978	128	808	412	click
1369397836081	140	556	136	show
1368294920100	125	396	332	show
1367671913563	37	625	81	click
1373910141655	126	453	347	show
1373163846262	112	407	300	show
1370511172403	49	727	52	click
1371849186762	24	860	469	show
1371291539970	30	734	236	show
1372928819322	140	833	391	show
1368357648657	145	857	136	show
1367736879297	74	118	65	show
1373373948363	30	388	146	show
1367199166499	9	111	184	show
1373413356798	93	125	119	show
1373476454713	101	339	112	show
1370088284750	129	584	101	click
1368245515248	46	700	303	show
1366397816077	36	93	26	show
1369378188626	24	564	105	click
1367795398122	85	610	285	show
1368933899298	73	735	207	show
1368141771711	29	364	135	show
1368094489963	120	833	105	click
1370938311483	37	282	364	click
1366826574900	55	802	68	show
1369496986595	87	867	50	show
1371378136809	28	915	361	show
1373148274727	147	582	91	show
1372216034565	22	822	425	show
1370853148297	114	500	386	show
1369387651544	118	774	260	click
1369990844314	136	143	470	show
1372908097233	141	145	472	show
1368129234546	104	52	497	click
1371332309055	74	225	235	click
1372447196103	88	392	202	click
1368681325851	139	91	112	show
1367654461250	66	39	35	show
1373360963553	104	329	71	click
1370679564668	24	747	172	click
1366828684529	141	791	266	click
1371705433233	132	994	431	show
1370691011240	37	663	362	show
1367395624645	79	716	483	click
1372256838331	64	448	390	click
1372034083081	88	137	452	show
1373500124612	32	61	19	show
1370380625282	9	741	242	click
1367869127928	108	646	472	show
1368246201310	73	822	494	show
1371906736945	32	409	188	show
1373017662265	69	93	101	click
1368729357665	98	812	444	click
1371815439126	30	633	44	click
1369915367056	147	329	446	show
1368255578915	119	805	70	show
1367753493242	66	601	406	show
1367986204034	42	233	226	click
1373446429263	40	773	391	show
1366371803409	104	155	393	click
1373390138251	97	810	236	show
1372869664686	52	329	69	click
1371270529482	100	354	12	show
1371633522613	103	845	213	click
1372145802617	27	58	149	click
1373075118383	14	678	72	show
1372980263492	44	383	334	show
1369049181265	79	727	323	show
1372864279092	38	572	237	click
1372155528792	26	628	329	click
1366516662670	63	805	373	click
1373214555412	43	449	495	click
1370908342746	14	327	37	show
1368338462499	44	368	139	show
1371087825156	36	697	465	click
1373617150506	136	654	78	click
1372795482628	144	13	283	click
1373891365114	108	81	410	click
1372343255512	6	462	112	show
1374169923311	32	54	438	click
1368259568343	34	899	50	show
1371931094012	104	730	120	show
1366384025286	74	939	81	click
1367268689562	79	680	462	click
1372523973798	60	215	274	click
1371202220414	94	758	367	click
1371583105119	66	226	495	show
1370149388555	69	546	140	show
1369433600897	37	930	382	show
1367674033023	2	227	216	click
1371875109526	23	701	39	show
1367909441522	71	958	100	show
1368119511680	81	206	435	show
1367572909831	12	186	402	click
1373197089673	110	144	108	click
1372015000893	139	973	71	click
1367041591621	76	175	391	click
1370706187441	7	821	318	click
1373211424319	94	187	307	click
1372250094960	123	551	184	show
1366632589282	13	566	499	click
1368631865054	31	464	110	show
1371299167354	145	871	138	click
1370398933652	113	409	219	show
1372034430049	138	173	291	show
1367604603796	120	458	13	click
1367588537673	84	595	86	show
1374120442948	138	2	329	show
1367358342331	78	791	100	show
1370198119358	92	11	208	click
1371243546330	140	963	480	show
1369496669819	37	405	454	click
1372433630126	146	419	78	click
1372141349650	140	585	13	show
1369719669677	85	437	269	click
1371271802586	108	728	298	show
1368151273079	143	823	178	show
1370655115128	9	242	109	show
1368721102866	48	428	164	click
1367629471899	57	45	431	show
1372437969072	73	558	50	show
1368269794384	119	578	387	show
1370773478149	140	94	230	show
1368127398906	39	137	405	click
1367323805051	76	308	265	click
1371355046075	32	59	263	click
1368870256422	74	674	169	click
1372560997912	73	855	138	click
1373761443673	24	144	101	click
1372794371524	41	358	56	click
1367164344284	92	782	359	show
1373931244773	36	220	485	show
1370937942669	57	684	249	show
1373263793148	11	610	437	click
1371730014427	14	428	314	click
1367936855147	47	776	379	click
1373866657218	3	17	283	show
1371694751932	87	645	335	show
1370284944381	66	815	187	click
1368776206416	23	942	120	show
1372718715581	85	591	210	click
1370835950926	139	806	245	click
1370306821278	90	618	302	click
1370657686518	21	301	115	show
1370723017763	107	810	73	click
1372827497580	72	964	233	click
1369005036734	52	847	371	show
1367049305124	19	807	355	click
1374177659045	121	314	206	click
1371533214989	146	431	354	click
1367672620279	48	27	432	click
1368404651567	44	45	330	show
1371017356163	84	74	370	click
1370332433607	91	839	475	show
1370114523611	8	657	123	show
1372541941522	149	157	277	show
1367105827036	73	399	341	click
1372900030761	139	277	397	click
1372361571492	38	61	32	click
1369667323783	84	380	181	click
1372820264926	44	350	25	click
1373667522338	1	296	20	click
1366576972172	101	340	407	show
1367243821923	119	986	252	show
1373479624988	111	818	119	show
1372056030185	31	114	310	click
1367848916534	117	233	396	click
1372358650522	66	531	96	show
1372005154677	44	246	382	show
1372152412249	26	217	303	show
1370069271933	143	224	315	show
1372944975184	54	753	425	click
1371885952632	55	608	433	show
1372406898253	66	74	328	click
1371581153828	90	340	479	show
1372718878518	130	602	121	click
1371454057348	91	342	75	click
1371484278128	148	392	407	show
1369513094296	9	39	105	show
1374124676139	37	189	341	show
1368290790574	125	872	17	show
1368549876169	35	971	5	click
1370540774656	78	956	382	show
1369474368361	18	789	1	click
1370362425412	60	857	54	show
1373185402783	140	768	208	show
1372506733569	135	733	70	show
1366936263021	28	766	472	show
1372616642874	54	445	274	click
1367671767013	20	344	138	show
1368338667278	84	36	417	show
1368444029608	85	81	271	click
1368152376444	74	950	117	click
1369693726068	58	485	102	click
1372445564048	84	201	397	show
1368134281168	118	535	23	show
1370487664679	70	747	497	show
1366355957499	49	899	333	show
1369336655139	147	213	55	show
1368768799153	22	33	7	click
1373407531049	145	916	33	show
1371236870674	17	683	241	click
1367504639743	80	549	419	click
1371518775976	100	296	241	click
1366934768711	133	641	484	click
1367584899603	2	861	381	show
1371361206459	122	778	309	show
1367052036535	51	698	455	show
1370050329657	27	213	354	click
1368563944071	118	888	376	click
1371950686029	104	178	19	click
1369760121231	1	62	365	show
1369331173742	85	176	23	click
1368376927291	70	583	272	show
1369715006867	61	441	96	click
1371580781181	74	249	251	click
1370993557529	81	804	356	show
1369934783544	71	189	61	show
1366619146523	52	539	95	click
1370703330904	26	843	229	show
1372250645542	51	611	116	show
1373391594208	125	756	331	click
1373687445949	149	865	250	show
1367368904906	63	85	323	show
1369775452901	139	716	108	click
1369347861656	48	317	178	click
1368623274170	87	821	290	click
1366584143804	77	335	329	click
1371961121869	106	427	186	show
1369749674862	48	38	34	click
1367936771938	113	254	203	show
1368313098446	66	275	267	show
1369516970829	120	571	456	show
1366419902345	54	386	258	click
1369821939284	78	510	497	click
1373083295557	39	728	93	click
1366584654549	67	865	207	click
1366911339748	48	845	476	show
1372066447807	32	40	462	show
1367944313758	134	178	20	click
1367966683849	146	17	162	show
1370365523515	99	808	207	click
1370445424598	150	937	39	show
1366543846437	147	44	215	show
1370400911431	74	509	159	click
1366914980658	28	475	59	show
1368000902028	62	692	345	show
1366949837464	57	741	189	show
1369136382425	77	48	375	show
1368731040594	141	861	12	click
1369493578839	121	312	277	click
1373408067030	49	593	333	show
1371133870267	54	334	360	click
1368272411649	102	428	320	show
1372025827152	13	902	47	click
1366689723236	123	337	478	show
1368466440387	62	401	303	click
1373824148661	120	891	119	click
1368261288299	133	494	60	show
1366487822711	31	409	18	click
1369553164475	130	403	220	click
1371296692720	67	180	155	show
1373151868980	74	52	240	show
1370695135052	71	633	362	click
1371226925433	91	863	191	show
1373131438077	12	245	497	show
1367799131081	33	745	43	click
1367508290830	97	722	314	show
1369804919707	18	479	162	click
1373655813720	71	324	353	show
1369687221236	37	542	117	click
1368597658863	27	199	485	click
1366379376867	122	508	429	show
1367944171256	30	886	119	show
1366547322489	117	195	468	click
1372351701899	10	640	85	click
1370306273307	63	587	141	click
1370833908091	138	139	472	show
1369914301082	116	166	446	click
1370341610023	36	838	146	click
1370104865561	127	524	52	click
1373749780666	120	310	114	show
1369822777063	97	709	40	show
1369633440275	69	598	119	show
1370278726268	78	150	434	click
1369103380203	43	876	209	show
1370687334345	138	468	105	click
1371172074559	17	251	374	show
1370092017235	105	775	94	show
1368087892698	130	291	59	click
1371647926687	3	198	192	click
1372687926345	106	797	254	show
1370416913831	124	453	36	show
1367190695091	27	606	112	show
1367120553297	29	272	4	show
1369929890220	43	127	302	show
1368896333058	23	326	211	click
1372653553073	102	721	290	click
1367437170590	36	536	375	click
1370252919013	49	23	97	click
1369804990601	102	799	482	show
1371642801394	107	448	406	click
1368578085501	128	695	84	click
1371146471035	130	845	157	show
1372528563466	126	59	266	show
1369815016331	3	712	44	click
1369475402262	22	693	196	click
1370599906692	138	457	351	click
1368202093526	3	736	277	show
1373952069364	110	824	64	click
1373802801571	105	168	332	click
1371555042339	88	166	424	click
1372095494340	6	859	331	show
1371642646106	34	839	229	click
1374071700890	126	850	70	click
1373182534106	22	63	353	click
1374148768756	134	912	246	show
1370659843506	12	69	399	show
1366647158474	41	64	104	show
1373728901246	141	318	16	show
1367824094042	86	201	456	show
1368264142050	18	420	303	click
1371615226315	142	919	309	click
1373176206409	81	219	130	show
1372305236094	31	681	9	show
1369569070851	99	231	117	click
1368736908844	39	964	69	click
1370228837831	118	1000	101	click
1371318809763	104	147	312	click
1370274315244	142	830	194	click
1370041084256	30	474	66	click
1371536897894	116	918	289	show
1369052273692	67	251	292	show
1373042771944	128	54	48	click
1373519478191	126	90	287	click
1370894886070	36	548	206	click
1367293355447	150	937	476	click
1368059187574	80	543	457	show
1372911592524	26	512	321	show
1369370595202	41	293	483	click
1369634732811	92	169	254	show
1366741653030	93	423	44	show
1370230252038	34	250	364	click
1370311367673	127	824	349	click
1370143979411	64	514	451	click
1367023977673	55	943	150	show
1372328774051	70	593	297	click
1373096716793	35	163	115	show
1373771796284	79	257	269	show
1372316245205	57	493	86	show
1370674810372	9	171	25	show
1370959586536	121	825	144	click
1373421773365	136	347	214	show
1366686947254	132	709	346	click
1372135629770	41	549	118	show
1370478593496	145	980	278	click
1373581285434	114	462	168	click
1373189260340	98	525	427	click
1367466711293	43	701	8	show
1368486181753	106	819	52	show
1366344084972	56	696	261	show
1373081158079	58	915	316	click
1370954093373	87	562	455	click
1371381076171	147	768	325	show
1370395407699	43	858	269	click
1369880053032	112	202	285	show
1369632882740	133	548	236	click
1374034317293	119	500	79	show
1372017341632	11	520	66	click
1368362603885	101	933	152	show
1370327421894	101	274	68	click
1366663829129	131	326	364	click
1371625374596	133	512	465	click
1373887029095	51	579	432	show
1369275406140	27	79	134	show
1370863576485	43	733	110	show
1369334529537	72	386	296	show
1371427379913	17	470	39	show
1371801004695	118	846	255	show
1371904543040	48	869	273	show
1373781011336	21	907	37	click
1368695895547	145	817	465	show
1374037227651	145	716	212	click
1366703975744	104	508	229	show
1368286868536	74	947	481	show
1366613620001	89	208	95	show
1371599850679	90	468	481	click
1367908579947	65	268	483	show
1368481777877	39	689	27	show
1371711065964	66	681	358	show
1370627736275	66	552	171	click
1368279596221	19	554	49	show
1373247560588	92	531	97	show
1373891248010	83	223	448	show
1373040426153	93	110	54	show
1372598327685	103	451	313	click
1370209997037	140	275	364	click
1366689543835	138	324	2	click
1373809861369	76	630	267	click
1372289625266	63	119	237	click
1366997496631	109	436	465	show
1369332913086	9	867	72	show
1371989378246	54	832	447	show
1371009604622	52	81	8	click
1373797932590	138	217	316	click
1372032180006	43	221	352	click
1369887582880	136	1000	387	click
1367107483782	96	783	34	show
1368100492975	130	852	89	click
1372181870214	124	963	455	click
1373591297550	102	452	458	show
1371731330035	15	914	479	show
1369240952107	24	59	182	click
1373044313325	39	820	230	show
1371628073967	147	591	176	click
1368314519432	132	716	285	show
1368529135401	104	504	124	show
1367453032870	68	284	84	show
1370254819715	96	48	392	click
1368433143800	10	165	386	click
1366930458413	136	794	172	show
1367159404545	95	473	330	show
1374148148857	5	570	433	click
1368235531334	27	174	311	show
1368814315276	73	743	440	show
1370645119680	21	851	131	show
1370865456404	40	732	410	show
1369831190559	141	159	457	click
1368709464218	121	749	291	show
1367570249570	24	152	153	show
1371637823461	67	831	366	show
1369115964945	75	493	366	click
1369925605276	42	943	221	click
1367384210610	34	767	162	show
1372694182170	67	202	67	show
1372287507579	33	5	316	show
1370973516252	27	454	188	click
1367517059040	33	92	141	click
1368697032481	123	575	270	show
1373746031001	2	691	129	show
1369125828546	146	211	207	click
1372664029620	42	906	119	show
1367151818311	88	682	232	show
1367103215820	116	272	389	click
1370364736389	63	664	170	show
1368506019048	7	630	421	show
1367202034847	94	698	389	show
1373288651196	89	789	107	show
1372158036726	119	640	470	show
1372482757093	47	458	201	show
1370313111657	117	643	319	show
1366420896207	63	78	431	show
1368496539688	113	29	353	click
1366464316138	73	829	405	show
1372928576971	2	930	78	click
1366630797730	50	112	320	show
1368618445092	54	659	286	click
1369786328165	104	398	232	show
1366668099054	15	279	253	show
1372727461542	27	209	195	show
1369646309906	88	720	201	click
1373293326886	21	389	38	click
1370569442605	29	204	468	show
1367576039352	20	196	484	click
1367863879085	137	102	159	show
1370282978106	64	920	96	show
1370858150029	32	842	341	click
1370889954044	58	356	280	click
1372487345831	88	635	75	click
1373734483283	65	733	109	click
1366810707651	103	197	458	click
1366575909705	135	528	401	show
1371623123758	3	946	107	show
1372509131906	45	356	462	click
1367037197132	63	829	169	show
1367876090788	72	953	73	show
1373061894978	68	492	173	click
1374009640580	132	185	417	click
1373822609975	111	47	136	click
1370873242455	88	906	291	show
1369295201808	42	529	300	click
1371885716838	45	616	186	click
1373653402459	85	642	444	show
1366479687069	111	681	342	click
1371285267526	82	142	69	show
1366861340918	42	338	84	click
1369348815188	91	37	408	click
1369383034483	63	961	34	show
1367210102787	35	621	467	show
1371681835860	103	6	32	show
1373270429519	30	599	486	show
1367775142844	79	204	224	click
1373399517714	26	410	228	show
1369903124583	22	207	122	show
1368404018412	58	429	303	show
1369269769184	79	654	480	click
1372441792050	137	340	109	show
1369526910944	147	849	292	click
1368302067398	27	843	254	show
1372171131792	103	943	172	show
1368988868409	146	451	186	click
1367873016971	102	53	26	show
1368552160830	97	641	120	show
1372861281884	146	486	235	show
1369833491695	88	820	429	click
1367523622035	36	158	321	show
1372959238572	8	472	107	click
1366766235398	10	930	408	click
1368385063212	82	958	276	show
1369036163181	147	34	79	show
1367166477910	88	552	204	show
1367055008075	68	113	30	show
1368048417639	79	446	412	show
1367924293354	136	554	113	show
1372665605929	98	975	277	click
1368517477096	5	576	386	click
1370695323201	138	965	268	click
1367092370592	85	229	451	click
1374017267959	91	255	264	show
1371178483384	11	416	62	show
1371664490648	4	201	139	show
1367888006144	122	851	44	click
1369390243829	45	474	191	click
1370972689636	29	399	240	click
1372583353603	140	75	218	click
1371902147070	4	571	274	click
1368908972531	107	427	90	click
1367682179348	74	332	328	show
1366995441431	57	656	15	click
1368669099178	48	555	173	click
1369770690153	128	757	341	click
1371170908060	84	674	222	show
1371617282987	31	788	265	show
1372219406693	28	573	206	show
1370710307077	99	396	89	show
1370399374312	45	751	223	show
1373858064368	40	252	97	show
1372234163677	111	995	57	show
1372284003662	85	981	165	show
1370471767974	10	670	178	show
1370654495458	107	479	101	show
1372029063447	121	766	284	show
1366880399053	118	706	180	show
1366498671844	109	64	461	click
1369221909246	67	620	63	click
1371293863988	51	490	406	show
1367326342002	30	549	324	show
1374148792544	9	88	199	show
1369010833770	149	977	63	click
1368595740584	85	579	409	click
1367959165667	29	155	231	show
1373912079832	85	132	50	show
1373029789787	62	195	161	click
1366755558885	17	393	258	click
1368816863324	130	592	215	click
1368649897353	32	193	366	show
1368028590094	12	500	475	click
1373759041867	43	891	318	show
1374071996980	1	565	383	click
1372043822988	9	500	120	click
1367748099049	137	250	54	show
1367660503569	93	511	312	show
1370444442874	63	981	349	click
1370171788631	82	867	260	click
1366999155445	140	209	120	click
1367263755923	15	848	445	click
1371629979889	139	85	447	show
1370757776537	69	837	72	show
1368372063861	99	676	193	show
1370065115342	96	273	73	click
1366895669500	96	819	245	click
1370986230034	32	281	492	show
1373337629206	47	697	7	click
1373527015602	35	941	308	show
1368972376119	31	516	189	show
1372802756419	78	112	209	show
1370496241038	118	72	124	show
1372638003534	92	818	460	show
1368024001915	147	843	28	click
1373715387563	78	973	98	show
1369130515794	75	994	375	click
1369479919855	99	808	36	click
1372540927716	98	210	205	click
1369735640786	43	279	449	click
1370292428059	23	486	329	click
1369843696244	82	949	491	show
1368590587788	63	359	77	show
1366723508573	61	389	319	click
1373875239357	66	816	470	click
1371411474781	76	194	18	show
1371288522553	85	411	133	show
1371965691559	14	560	228	show
1368826608843	62	223	230	show
1371683415314	2	261	139	show
1368959539102	134	726	499	click
1374183652380	90	418	284	show
1373998607224	137	699	286	show
1371666465220	106	237	114	click
1368752347321	55	785	115	show
1374132658526	76	673	74	click
1370836405937	99	948	432	click
1370160925735	116	684	300	show
1368022457187	113	720	478	click
1369681722187	84	999	36	show
1374111024652	63	245	55	show
1368030116126	11	286	377	show
1373057499956	149	212	461	show
1369030350188	18	394	158	click
1369704703677	92	471	74	click
1369021277134	2	268	280	click
1373012493567	19	424	335	show
1373619883676	13	541	52	click
1369241081367	118	827	108	show
1370917645882	87	596	177	click
1369085536140	101	379	26	click
1373619861563	142	869	197	show
1368049808459	128	273	494	click
1372971393900	18	128	185	show
1366477292117	17	21	216	click
1370983686946	114	246	466	show
1368643318740	99	397	288	show
1371923523368	112	436	49	click
1370003143330	38	264	393	show
1370561528390	139	639	395	click
1366535293819	47	795	43	click
1370129597140	40	345	195	show
1370720864941	133	394	72	show
1368287895856	143	607	398	show
1366676570347	5	304	77	click
1366848377099	59	488	431	show
1366859328323	30	66	352	show
1366577111847	60	50	328	show
1372329365942	23	2	134	click
1369291465002	137	373	352	click
1370511891632	36	709	236	show
1368064243138	95	239	282	click
1367862326579	52	108	3	show
1367311625110	143	305	83	show
1371360017470	32	493	126	show
1367490607384	56	117	345	show
1372726926581	94	492	106	show
1367912844857	124	181	241	click
1367218373392	149	750	248	click
1368830164766	129	262	171	click
1372974347644	80	856	283	click
1370138658789	53	626	222	show
1370189596513	111	860	318	show
1369249321192	128	141	395	show
1369139670412	9	767	276	click
1372412507327	68	475	21	show
1366818372632	128	757	98	click
1367756245317	126	309	82	click
1371453489096	16	146	290	show
1369666211693	7	127	301	show
1370424691873	29	186	221	show
1369140159650	59	493	156	click
1366612452064	108	950	178	click
1373954798350	148	908	243	click
1368607793023	146	778	203	show
1370351863607	124	627	442	click
1366847247862	28	957	250	show
1367480545510	33	690	359	click
1372630425294	57	72	390	click
1374009969458	145	589	212	click
1367825789669	80	95	362	click
1368807184764	24	772	309	click
1367912436910	59	436	195	show
1372361210214	65	701	124	show
1373467399074	114	577	216	click
1366612602686	9	60	187	click
1372167714123	104	557	160	click
1370744967615	106	740	122	click
1370241753022	103	584	113	click
1367508111504	23	253	385	show
1372032279880	58	874	233	click
1373195809519	53	816	175	show
1373453071692	89	728	11	click
1373524589181	52	116	146	click
1372046027041	21	871	46	click
1368935610693	108	992	129	show
1371642448179	55	420	492	click
1374136462790	130	507	89	show
1373411183319	130	759	165	click
1371647453338	2	61	296	show
1370162481616	139	40	66	click
1372803238977	34	148	320	click
1373670249211	135	875	212	show
1367408296433	21	265	277	click
1368942297605	5	304	112	show
1371505534162	133	678	341	click
1368234528478	68	698	241	click
1373149032976	82	191	465	show
1371279914371	92	689	11	click
1368480903071	117	861	356	click
1369918018995	101	109	292	show
1367620432863	104	633	231	click
1366663195294	106	113	248	show
1371957263875	58	274	173	show
1373876896745	139	116	177	show
1366830911814	16	964	160	show
1371668522080	39	546	233	show
1367105509524	133	760	416	show
1368525525677	92	693	31	show
1367879611589	106	721	148	show
1370488041033	35	257	438	show
1369337166641	111	16	457	show
1373851748584	112	604	69	click
1372688449215	61	121	277	show
1369247999296	111	615	484	show
1371128496517	90	926	22	show
1367090758074	144	629	261	click
1373781994634	66	919	287	click
1367929547097	137	197	459	click
1371912294996	13	141	72	show
1372973002316	85	17	462	click
1366362621525	46	498	494	click
1369621888405	118	68	244	show
1373051980538	59	463	462	click
1371924996149	105	820	245	click
1367890628381	43	191	494	show
1371676879234	82	664	234	show
1367361812578	128	987	320	show
1372726790724	53	467	426	show
1369600001966	7	268	172	show
1370035082812	143	581	439	show
1373167294230	115	262	57	click
1370897982017	74	908	176	click
1370985629286	2	863	46	click
1371202595027	121	431	386	show
1372098115943	125	482	164	show
1366468747164	123	57	320	click
1370716974599	85	391	23	show
1369272456102	39	583	210	show
1372062489874	28	455	318	show
1372308157969	124	574	409	click
1366619185057	6	222	351	click
1371936015578	10	180	132	show
1370120363856	81	955	93	show
1372817640842	44	249	467	click
1374091786356	39	798	66	show
1371521562785	64	169	237	show
1373003677896	6	472	477	show
1371732744169	26	889	7	click
1369078182142	84	868	373	click
1373327617467	91	187	448	show
1372262240863	16	714	130	show
1367087188893	55	600	156	show
1372065977036	95	873	481	click
1367101021944	53	973	49	show
1371161824035	106	577	152	show
1370470337187	56	390	352	click
1371457640158	1	17	447	click
1372298267872	142	326	480	show
1366768284464	146	133	265	click
1369519555493	102	496	139	show
1373593825480	132	510	24	show
1367572967149	8	196	114	show
1371381999228	64	527	325	show
1372737285314	12	664	309	show
1374132858502	136	335	3	show
1366549120785	73	143	368	click
1370922834968	9	282	59	show
1373609902466	134	409	203	click
1370331133414	97	439	111	click
1369369998807	10	295	283	show
1372185560695	135	807	342	show
1372235322167	51	510	95	show
1369753132809	124	456	178	show
1369578591293	73	334	208	click
1368647766044	140	947	4	show
1371779400882	147	837	83	click
1371021130655	32	762	197	click
1371017077347	127	363	408	show
1374108727544	92	103	184	show
1367612216786	115	996	181	show
1371515181352	143	1000	156	click
1368876687905	49	537	296	click
1367279056485	144	714	78	show
1366796595948	30	864	448	click
1372735915023	71	926	128	click
1371003302696	37	869	329	show
1369201861972	82	571	244	show
1366705870441	29	501	474	click
1370634862725	149	887	247	show
1367643509580	48	459	3	show
1371857021720	148	558	183	click
1366527147060	60	583	132	show
1370264679505	33	243	226	click
1372688522803	45	881	217	show
1367947600682	63	386	319	show
1372093394730	98	857	337	show
1366535440230	114	37	481	click
1372621802265	11	884	161	click
1373850018729	11	356	96	click
1368820546082	39	883	358	click
1373827131885	109	125	227	show
1367613631823	15	67	398	show
1372244017706	38	963	181	click
1367254632457	31	99	272	show
1367150836280	11	642	250	click
1371438778554	93	842	277	click
1373745917256	73	533	438	show
1368060501567	23	616	484	click
1367012657726	97	200	81	click
1372326961842	76	954	74	click
1367844336594	84	476	476	click
1369270970546	1	15	234	show
1367711828192	70	323	80	click
1369647624798	120	305	190	show
1367323917643	40	550	293	click
1369380804528	107	457	284	show
1366566617239	87	119	494	show
1367711647329	83	749	452	click
1367443886322	146	201	374	click
1368724401545	73	438	300	click
1370898820013	60	694	31	click
1367141230674	16	783	470	show
1366787746938	109	919	334	show
1371812995636	127	558	60	show
1367038445187	87	478	419	click
1370417472406	38	61	76	click
1371187224752	19	509	70	click
1369721783860	19	531	114	click
1367406223987	87	370	329	click
1369303041763	12	984	341	show
1370898755137	3	391	484	click
1367576510404	49	609	320	show
1368986246087	75	811	1	click
1373721079881	123	919	487	show
1372615898157	16	978	144	click
1369929698416	51	645	286	click
1371576441684	20	239	285	show
1373065072469	52	82	177	click
1373959860863	30	938	283	show
1372821591353	100	14	65	show
1368021335585	13	552	46	show
1368995082099	132	539	360	show
1371447710746	74	195	247	click
1370563606498	91	647	475	click
1368234130173	95	81	252	click
1366498455158	88	716	236	click
1373526560782	139	50	229	click
1373694036052	42	788	341	click
1368986063032	109	301	312	show
1371561091086	80	719	133	click
1367350577657	142	163	330	click
1370591110655	52	889	77	click
1370421204478	46	819	461	click
1368714184088	103	618	54	click
1374038202345	108	283	483	click
1367892711518	142	957	110	click
1370710064590	130	618	479	show
1371506564606	103	886	57	show
1368692869671	67	671	71	show
1372365612801	117	776	40	click
1366852494286	124	291	293	show
1368857693370	28	528	34	show
1369383197380	91	110	95	click
1367282166722	98	37	96	show
1373979062716	49	526	296	click
1374086988839	41	635	423	click
1367662179972	12	560	264	click
1369170861283	127	626	500	click
1370705336837	28	659	123	click
1372486129725	82	129	212	click
1369547102601	8	354	481	show
1368708424375	129	633	158	click
1367392170426	65	309	184	show
1373031406413	119	302	24	click
1371490520881	23	352	302	click
1374084837243	30	696	420	click
1374006297576	109	725	466	show
1367579217970	84	351	285	show
1370709312778	96	699	273	show
1366849017396	13	147	307	show
1368233962558	97	749	190	click
1369362969305	67	884	282	click
1372825773215	145	614	379	show
1373703555377	120	481	435	show
1374096402728	122	620	354	show
1372925682751	48	895	402	click
1368519575900	88	42	30	show
1371651643168	54	171	480	show
1369114131631	26	340	101	show
1373734061911	77	892	30	show
1367607237956	109	760	398	click
1372088623513	49	125	378	show
1373690166290	113	461	308	show
1373809974516	84	417	53	show
1371948456635	57	522	495	show
1373751499045	99	286	371	click
1368680991286	58	435	105	click
1367014749623	101	820	23	click
1372170439127	105	240	40	show
1367271573664	111	508	218	click
1367047190116	77	649	235	show
1368508708651	127	765	53	show
1374152365753	42	33	102	click
1369166926400	144	954	295	show
1368034908806	82	861	54	show
1372385589738	16	382	170	show
1367591664998	10	415	428	show
1366809585601	44	946	455	click
1372271436218	114	223	363	click
1367390228830	26	22	259	click
1373722913771	63	701	369	click
1370979242071	96	226	261	click
1373886082881	61	266	140	show
1369903800383	114	589	117	show
1366616167774	117	312	161	click
1373297388279	71	361	89	show
1366451360914	104	685	213	click
1368715598877	16	272	121	click
1371218883904	1	358	217	click
1367958424424	101	926	73	click
1366955152044	145	699	306	click
1370446767658	43	464	497	click
1371551863253	102	817	256	show
1372431204955	96	645	435	click
1371814888536	79	279	154	click
1371620385455	67	803	79	show
1367432926555	42	946	385	show
1373811550691	74	138	278	click
1370567091550	119	696	233	click
1371178392183	16	142	188	click
1370542105175	134	428	269	click
1370389545826	106	48	224	click
1372550624050	95	368	174	click
1366881086124	137	51	430	click
1367310310235	92	559	390	show
1373840182746	126	971	276	show
1368596323690	150	597	276	click
1367248941361	56	548	113	click
1370775164656	71	568	188	show
1368612346717	78	907	87	click
1372987962841	94	921	241	show
1368408790934	45	976	472	show
1371195532502	107	783	387	show
1374071707721	141	13	167	show
1369662312734	78	326	425	click
1371853930824	59	999	293	click
1372474185510	46	128	393	click
1370288968398	92	452	10	show
1366415885494	31	23	177	show
1371156815947	143	265	90	show
1373935252931	76	504	392	click
1372282160013	38	852	356	click
1371228219427	7	10	460	click
1369235704513	57	642	300	click
1372878010449	20	496	175	click
1371755538312	113	401	184	click
1367726633519	15	378	35	show
1368230429114	84	407	38	show
1366489768161	88	286	401	click
1371270766001	30	974	21	click
1372627827863	87	781	136	click
1370616337902	91	443	36	click
1371678509316	140	595	161	show
1374186744132	26	898	261	show
1372178581108	44	707	337	show
1373172673482	31	825	33	show
1368076027500	102	846	363	show
1373239976966	97	978	281	show
1372213493137	108	869	220	click
1373264498071	34	445	422	show
1373661331966	91	99	498	click
1374178960019	76	685	64	click
1370384235627	23	947	231	click
1371342098363	62	766	401	show
1374167399186	69	39	84	show
1367076777766	1	215	146	show
1372687431952	6	155	59	click
1371512457206	73	169	179	click
1368736532348	8	144	212	show
1373205058509	38	731	240	click
1366542644573	21	329	71	show
1370758390848	77	747	458	click
1367764323544	20	218	394	click
1371640768659	70	661	186	click
1370897838539	34	111	21	click
1367811604795	118	519	457	click
1371528195116	48	761	180	click
1370289101892	22	561	45	show
1371075782950	8	265	83	show
1372386663583	11	393	129	click
1367230972221	42	884	477	click
1367747809842	89	275	296	click
1369339435838	136	396	365	click
1370111333983	9	788	441	click
1366356284808	142	668	301	click
1370427711746	117	200	126	click
1370482841546	98	696	18	show
1367948613335	70	246	224	show
1370153344487	120	292	21	show
1366650916729	77	813	291	show
1367016946660	139	537	209	show
1368734213602	43	139	88	click
1367418304514	20	594	456	show
1369373469083	35	927	60	show
1371456524939	133	9	175	show
1369383658346	61	918	478	click
1370141310788	121	854	333	show
1369464858739	78	797	447	click
1369388858936	53	237	109	click
1367379097966	68	29	116	show
1371385378039	118	676	390	click
1370631545469	38	502	242	show
1369503219569	98	41	310	show
1372217308485	71	298	168	show
1371508099164	6	232	70	show
1367308334420	47	839	54	show
1367396389930	17	88	64	click
1368750661207	72	205	372	click
1367572911142	23	709	481	click
1366898075655	75	485	302	show
1369068579633	27	616	430	click
1368390378425	29	980	49	click
1372533688005	98	949	104	show
1370535659312	72	179	56	click
1369583921163	136	977	453	show
1371956353707	59	781	445	show
1371159119545	37	40	167	click
1371080426318	81	114	42	show
1373887642731	6	520	8	show
1370699799932	107	804	307	show
1372780090083	136	256	297	click
1373350235495	101	718	348	show
1370834809802	115	273	36	click
1372669261824	107	881	59	show
1373495023056	65	962	483	click
1367512619952	138	894	193	show
1368336650481	61	129	482	show
1368749794899	50	557	430	click
1373022915734	4	715	178	show
1368923119568	136	46	306	click
1371476214988	136	788	63	click
1372823388026	68	303	276	show
1370324445793	2	134	81	click
1369025564808	106	910	189	click
1366345160176	27	808	428	show
1368451813941	65	217	150	click
1369074593270	75	647	17	show
1371624835614	13	927	193	show
1373336734421	24	275	34	click
1370218842360	6	251	483	show
1369040963094	144	513	79	show
1373793653805	15	655	24	show
1369354961269	9	673	329	click
1368121585035	138	364	87	click
1366707081421	77	80	134	click
1373784523958	92	429	207	click
1369083964979	114	406	190	show
1372063574004	132	432	49	show
1371701697205	39	353	274	click
1370844058197	12	432	163	click
1373908689115	108	288	346	show
1373561795438	102	112	392	click
1372443316824	87	996	179	click
1370792231940	150	459	337	click
1368811338267	90	604	252	show
1366423315747	25	850	347	click
1371355467236	136	799	29	show
1366675920400	92	804	417	click
1368024065611	100	904	265	show
1374170140055	20	439	214	show
1371012497240	15	991	29	show
1367023755380	146	156	145	show
1373057203306	110	644	304	click
1369845889255	91	407	164	click
1372270492673	24	76	306	click
1373692029514	110	880	229	click
1371077044424	103	6	156	show
1369966715358	41	639	445	click
1366503912979	51	462	308	click
1372631476930	120	310	26	show
1373337396220	55	25	403	show
1371475019315	7	848	310	click
1370631765518	56	258	450	click
1371847610135	31	414	490	click
1370405329862	78	143	431	show
1372953964049	3	229	263	click
1370989098538	32	391	92	show
1370949821960	5	363	185	click
1366913318337	38	18	357	click
1367068576197	100	964	191	show
1368536297530	81	791	99	click
1368785886768	78	150	192	click
1367401434786	91	681	436	click
1373426222144	47	708	100	show
1370855008999	74	392	391	show
1373507105656	109	460	35	click
1367943763632	71	604	261	click
1368507382835	94	857	14	click
1370899073151	105	34	212	click
1372717496733	58	618	227	click
1368834940222	139	64	457	click
1369306082069	115	575	498	show
1370948186456	19	968	301	show
1369090907838	73	859	447	show
1371096109154	5	926	314	show
1372453320570	104	628	445	show
1372266783748	101	589	247	click
1368118617234	147	534	210	show
1367237240520	1	669	309	show
1372077239624	108	484	390	show
1368085858266	51	665	332	click
1366600923834	120	104	36	click
1367636737857	71	978	432	click
1374164885439	87	281	190	show
1366395235281	92	800	261	show
1373807360518	51	416	305	click
1369995903460	79	402	360	show
1366882077794	141	755	380	show
1370293040833	104	747	327	click
1374174060141	42	35	437	click
1369084110524	123	671	29	click
1366763427245	133	580	289	click
1370074877280	53	494	310	show
1370756833055	17	459	493	click
1373086630218	103	490	151	show
1374049425546	70	68	175	click
1373628449820	17	692	470	show
1369485219550	57	141	328	click
1368999154350	64	846	372	show
1369359859554	83	118	488	show
1369884000357	28	829	122	show
1367947184713	147	682	500	click
1367050550683	60	49	489	show
1371804651002	96	961	93	click
1367330963654	35	558	497	show
1369296357827	145	217	150	click
1373327034225	90	359	162	click
1372849450344	29	83	4	click
1368289830147	92	679	53	show
1372977030337	78	387	69	click
1370430322217	29	755	314	click
1371631212511	76	723	279	click
1366870814920	55	459	413	click
1370017600929	23	987	173	click
1370071686066	43	657	250	click
1369510407105	24	323	495	show
1368892155552	62	683	164	show
1372294452461	24	776	152	click
1371605191185	12	848	197	click
1368694674921	84	4	15	click
1370726364078	19	953	330	click
1370447165557	13	323	111	show
1373682235021	103	321	425	click
1370696719408	150	926	153	show
1368436261151	4	532	293	show
1367619437900	41	920	51	click
1371872642895	94	249	360	click
1369106065016	35	892	376	show
1367435188589	114	92	35	show
1368615023288	123	938	226	click
1373243534594	67	549	36	click
1367787467585	135	858	376	show
1367672287671	95	38	499	show
1372448497325	129	446	180	show
1367000709249	105	400	179	click
1366608818739	48	486	33	show
1372073443273	80	788	47	show
1368574750108	120	284	199	show
1370918911908	61	316	2	show
1369736472213	126	65	396	click
1368532321445	19	341	85	click
1369327875494	24	983	216	show
1372972058896	15	636	362	click
1366923421245	116	549	375	show
1372542516152	142	39	496	click
1368231970982	5	884	127	click
1368566689210	88	327	70	show
1373297860707	21	646	371	show
1366879566543	2	643	276	show
1372896315082	122	6	456	click
1366480249193	101	65	62	click
1371675400009	103	68	15	show
1371710721242	23	249	227	click
1368874490599	30	559	468	show
1370212835338	18	897	201	click
1366818911620	149	239	423	show
1372828648909	10	140	394	click
1373587480573	6	269	433	show
1369140209017	133	362	75	click
1370999189291	107	985	85	click
1370416689100	72	790	8	click
1373470752236	142	848	409	click
1369327956962	28	164	274	click
1369657356538	114	352	45	show
1373693875382	59	918	84	click
1368548388942	24	428	45	show
1374134502295	76	567	36	show
1367051392341	87	384	382	show
1370845414110	66	918	258	show
1366692830048	108	597	115	show
1372303875417	72	40	287	show
1373573638489	14	672	382	click
1371152874737	106	468	348	show
1367039624478	136	3	71	click
1368754018446	7	805	27	show
1367567822177	101	909	268	show
1368044376226	63	961	155	show
1371558165571	123	622	318	show
1371538104071	72	641	345	show
1368601075645	10	740	441	show
1374151582538	48	701	9	show
1372031491793	35	943	143	click
1374169067311	131	59	131	click
1369436240890	4	843	423	show
1374141779568	2	703	98	show
1369998579039	32	443	244	click
1367172591194	98	41	73	show
1369585751193	75	685	409	click
1369284481785	54	470	38	show
1372784448703	117	919	240	click
1370947404862	18	273	324	click
1367211841263	5	365	189	click
1371800603373	137	168	236	show
1366888408362	4	816	191	show
1373187916731	121	77	220	click
1368849906443	38	968	19	click
1371349624135	104	931	49	click
1374128838438	140	744	383	show
1371662371215	123	771	216	show
1371746357220	12	809	263	click
1370455943777	94	688	336	show
1367252929933	124	325	438	show
1369331720660	78	455	495	click
1371697081822	63	869	123	click
1367542720899	35	125	122	click
1372872151536	36	623	62	show
1373300727981	5	698	381	click
1366873622162	19	974	131	click
1369894873879	147	659	102	show
1369719344572	26	952	101	click
1372893633864	85	535	279	click
1366412473225	3	903	486	click
1369719005828	82	188	147	show
1368678681183	3	619	329	click
1370708151773	134	630	275	show
1372864344713	117	503	191	click
1372476346295	86	269	368	click
1371662202467	4	791	243	click
1373859571612	1	912	253	show
1367829055019	51	194	363	show
1373678644785	78	632	484	show
1368455720889	40	368	206	click
1368194820073	141	185	138	click
1368675157285	65	168	114	click
1372192442555	55	847	369	click
1372153901206	75	672	368	show
1373029996309	101	847	422	show
1366552967852	144	76	287	click
1368142412716	109	467	66	show
1370635068008	70	212	270	show
1368699341378	141	462	70	show
1371422034757	127	642	429	click
1372787605542	113	692	131	click
1373793451797	39	644	181	click
1369999869512	120	628	38	click
1366924660009	96	283	92	show
1367269992554	134	362	60	click
1372593523986	77	174	156	click
1369301920544	130	581	455	show
1370036511343	8	471	308	show
1367472747284	57	779	119	click
1373872873041	54	63	130	show
1367766143695	39	875	229	show
1367135799961	90	791	26	show
1368202638393	13	151	287	show
1366628521637	81	313	387	click
1373877556500	128	106	155	click
1373247656716	94	530	402	click
1367368729859	102	653	292	show
1372744149301	53	936	113	click
1369579177506	39	966	108	show
1368121849893	66	913	253	click
1373011273125	108	791	329	show
1368681974480	75	723	288	click
1366790350472	113	269	28	click
1369568730458	39	37	20	click
1373222604377	102	620	148	show
1366838577394	1	810	311	show
1368057722136	98	300	13	show
1368260410887	17	712	235	show
1367909245777	83	178	384	click
1372801020927	124	982	303	show
1373575253711	30	444	150	show
1366930012701	13	514	330	show
1369086296544	10	894	279	show
1368995075138	103	958	8	show
1369543761926	52	438	243	show
1370374079150	116	357	227	click
1373395235766	55	978	190	click
1372790418442	38	276	241	show
1366676998717	125	45	359	click
1367075851138	5	892	492	click
1371764608019	86	824	421	click
1367056870089	44	599	65	click
1372818774931	117	548	191	click
1369410012790	131	299	482	click
1369993150003	53	443	29	click
1367891739577	50	277	69	click
1370184751449	48	289	85	show
1369428519768	103	853	99	click
1372134116466	15	714	10	click
1371691309948	14	692	92	click
1372636351243	42	375	215	show
1369944001498	91	43	83	show
1369543288469	84	692	23	show
1370726362709	38	445	105	show
1372599132173	139	189	72	click
1372680436273	70	398	342	show
1371257966681	3	528	306	show
1370844776240	89	430	179	show
1369719728473	111	544	82	show
1368187036044	42	933	24	click
1368459605466	94	248	452	click
1369627825260	134	431	260	click
1368939457965	113	838	254	click
1370825562007	111	785	360	click
1372772351594	141	493	60	click
1369441853264	108	628	496	click
1367124511598	2	143	294	click
1372169815411	98	881	458	show
1367694009637	35	15	201	click
1368495617450	133	145	107	show
1368281214989	129	642	386	click
1370238744498	12	893	295	click
1371263161161	94	152	264	click
1367302821765	138	751	452	click
1367360387454	90	721	441	click
1369626775874	150	534	318	show
1372452153324	29	478	64	click
1372716521435	74	427	477	click
1370134922403	117	718	258	show
1366604551800	11	239	368	click
1368300698798	119	27	425	click
1370007441839	4	314	88	show
1369149144511	127	191	72	show
1372739125976	5	898	179	click
1371785501741	69	13	264	show
1369457620580	27	172	475	show
1372794421492	52	349	427	show
1368081296092	8	956	5	click
1366993778951	109	181	281	show
1369094632971	126	21	194	show
1373371866836	118	745	143	show
1367680506055	127	170	321	click
1367357810347	107	155	320	show
1371657687793	6	47	339	click
1369164726346	44	517	285	show
1371954719456	86	455	200	click
1372913770404	47	993	155	show
1366481822014	84	72	334	show
1372130017888	99	152	60	click
1367065929857	101	877	218	click
1369345414490	125	952	245	show
1371693989301	64	987	415	show
1369365280583	105	993	89	show
1372811121727	146	499	284	show
1368998827008	66	288	160	click
1371736912611	77	100	441	show
1368731840341	75	245	188	show
1372968480116	68	474	229	click
1372023870163	86	101	496	show
1371590540893	60	852	490	click
1368533574350	70	190	386	click
1366457665731	64	200	498	click
1368395418688	103	287	284	click
1372731067204	106	222	374	click
1373804961447	114	422	495	show
1371352556418	81	53	321	click
1367430251974	16	709	416	show
1367930714809	2	125	269	show
1366890174298	107	797	381	click
1371550083503	93	325	38	click
1372268505630	113	796	259	click
1373312523781	17	918	415	show
1373299762138	33	551	227	click
1371714459991	125	535	370	click
1368316387242	37	494	483	click
1369237275459	110	138	107	show
1371440683060	40	352	392	click
1369354872054	67	627	56	click
1371618434855	28	323	82	show
1372574605010	18	551	33	click
1366817971411	62	242	365	show
1368562314467	38	220	56	show
1369432429956	110	583	389	click
1371693643075	133	53	219	show
1369786277491	129	329	55	show
1370258334264	61	205	244	click
1372143402865	9	902	177	show
1367503615047	6	954	471	show
1368988153753	17	325	476	click
1368838780958	117	435	211	click
1368521074217	149	373	382	click
1371112145904	55	199	176	click
1370668129449	48	328	360	click
1370192610163	105	841	101	show
1371553966521	145	377	270	click
1373559232991	138	548	387	show
1368738667511	121	516	256	show
1373894749549	131	3	470	show
1371491845216	108	282	2	show
1371285048320	90	218	243	click
1369445120356	114	662	351	click
1367887330803	76	557	171	click
1372862342137	133	735	234	click
1366508010600	95	835	294	show
1368555607189	80	778	306	click
1370718319160	108	885	331	click
1372451677462	57	169	425	show
1373762982337	99	527	433	show
1372775650744	48	515	206	click
1366453736802	128	263	292	show
1366632913481	70	677	328	click
1372433369860	15	660	220	show
1371587808788	48	427	275	show
1369800405299	73	786	128	show
1368556152735	18	29	104	click
1370311060131	5	564	67	show
1371115625353	23	512	99	show
1370712530545	17	194	23	click
1371086658427	51	482	143	show
1373051054243	111	414	432	click
1367084302340	72	431	23	click
1369554600671	137	78	19	show
1369045242852	67	230	325	show
1370646350558	139	623	380	click
1366900842675	117	105	23	show
1369804139963	9	392	113	show
1367984572982	66	683	164	show
1374180426412	146	165	108	click
1367659889193	7	843	482	show
1373193127584	2	312	37	show
1372119146106	101	779	207	click
1371018411925	85	743	383	show
1367881910454	126	108	441	click
1367126583418	30	758	416	click
1373113720341	15	285	146	show
1373138573578	118	860	290	show
1372030974236	76	622	486	click
1368817701160	106	981	254	show
1371369449853	27	52	165	show
1366817853243	148	659	371	show
1367411586157	102	511	302	show
1372786538536	124	955	132	show
1366508773235	148	955	265	show
1367521002516	90	100	105	click
1370472731984	17	615	9	click
1370815409726	38	889	458	show
1372584196086	131	809	76	click
1367768192479	77	907	85	click
1372068394740	120	854	59	click
1372360363191	104	606	35	click
1366864865612	11	674	496	show
1373597968041	21	480	272	click
1368795709076	128	948	359	show
1369403531881	99	353	464	show
1367456515175	42	703	355	click
1366602195492	116	391	155	click
1367744482991	121	415	252	click
1368580111482	17	975	472	show
1369242145026	95	32	469	show
1369878388458	125	166	265	click
1369607102552	118	75	49	click
1366424204756	65	936	275	click
1369425773118	149	819	312	show
1368734952050	1	349	239	click
1367926890693	8	447	169	click
1370393470442	52	554	104	click
1369176872845	124	559	12	show
1367494443352	112	177	395	click
1373150091209	20	117	325	show
1371464125387	21	302	395	show
1371013100130	105	503	482	click
1369832007105	92	553	109	show
1368825318331	20	963	280	show
1373506567333	88	205	120	show
1371545848497	136	433	29	click
1367793765908	28	99	184	click
1367793195375	12	950	196	show
1366394177467	42	93	89	click
1369515205270	142	8	162	show
1370845756841	49	114	286	click
1370740984437	110	620	215	click
1373501653144	39	777	415	show
1369220119190	75	965	229	show
1372193059694	114	485	291	show
1368262580191	90	275	239	show
1371227491129	132	617	281	click
1371338802245	59	681	367	show
1369807786531	16	469	406	click
1370967063784	101	127	233	click
1367689471504	83	154	463	click
1367359553829	122	356	206	click
1373505103740	67	854	40	click
1372768982789	66	970	207	click
1366425346611	73	609	282	show
1369137408295	73	445	327	click
1369683388303	46	13	426	click
1371584432299	76	534	165	show
1368711303227	133	98	376	click
1370384215232	94	392	5	show
1372430990590	98	874	472	show
1373661441973	78	921	287	click
1371999417254	58	884	476	click
1372022552751	121	193	449	click
1368235572701	39	579	182	click
1373584671251	110	655	474	click
1371043215010	25	405	251	show
1367723239063	93	31	186	click
1368757614101	101	871	323	show
1372352098266	118	61	38	click
1370189047162	103	558	140	show
1366767789117	77	965	149	click
1368031763435	44	94	261	show
1366365192387	117	674	497	click
1372987784032	95	703	458	show
1373272034343	115	115	481	show
1369308357748	30	88	20	click
1370334147626	11	656	218	show
1372395012087	64	455	315	show
1368688402273	96	784	432	show
1372361333409	127	802	14	show
1371983617462	28	280	52	show
1370303987915	93	815	388	show
1372223809591	44	252	289	click
1369975259204	106	472	366	show
1369267131454	69	986	81	click
1367122148976	75	555	315	show
1367035129132	28	624	332	show
1368444188813	18	678	274	show
1367557827609	74	952	80	click
1367240499012	149	356	64	click
1367526061654	116	722	389	click
1366420666792	79	560	15	show
1371843153678	73	370	413	show
1369090536109	77	196	361	show
1370092876844	104	372	208	show
1372089266511	132	352	281	click
1373276749927	125	867	106	click
1369554128567	103	174	489	show
1374168999709	23	470	439	show
1371848647354	33	741	301	show
1370427383267	61	140	95	click
1370927675726	12	536	234	show
1369461170053	120	287	388	show
1368702267405	84	113	333	click
1366886175717	114	303	15	show
1373871886057	15	748	136	show
1369910139950	97	419	334	click
1368296217858	113	775	72	click
1369292783917	58	156	150	click
1373614650773	124	644	367	click
1372395805742	65	1	107	click
1370001752332	75	182	210	show
1368628277478	4	537	6	click
1369869821554	53	997	315	click
1373413805908	65	296	401	show
1367519747229	41	121	95	show
1368968216131	134	544	389	click
1372582398623	94	857	183	show
1370308318475	71	513	492	show
1367896708384	69	191	310	show
1371248831536	92	410	425	click
1368965771665	82	837	23	show
1373987408090	51	95	201	click
1372190130041	33	433	378	show
1371247529351	119	24	326	click
1369730595897	22	959	314	click
1372280668128	89	896	484	show
1368751599588	25	445	440	show
1371917717336	120	4	207	show
1368817720307	57	363	268	show
1370721515392	134	4	447	click
1366604871692	73	178	261	click
1367923829457	49	478	22	show
1370304593833	68	251	334	show
1372594169907	65	214	305	show
1373238957108	104	419	399	click
1373510862535	45	457	146	show
1368024627919	97	829	386	show
1373528360706	25	968	426	click
1368190955239	135	42	162	click
1369283961791	66	566	136	show
1370880463290	66	369	199	show
1368995584685	98	34	116	click
1366909346157	99	680	303	click
1373005755454	103	158	444	click
1366442025231	4	471	250	click
1367795461998	33	916	156	click
1370337547170	15	203	286	show
1370839142601	36	296	65	show
1371450297763	121	689	396	click
1369686707301	144	282	93	show
1371288711007	33	676	182	click
1371870898579	53	354	290	click
1368160447885	95	462	495	show
1370384947035	24	430	153	click
1367782283387	92	655	145	click
1371571229910	127	386	493	click
1371368455255	74	901	272	show
1370638598231	62	542	248	click
1371064951706	108	575	79	show
1369874261172	17	380	174	click
1372094316125	136	402	180	show
1372997302640	125	415	280	show
1369282680491	118	162	46	click
1370532627905	124	924	441	click
1371825396836	37	595	488	click
1371237872292	60	507	185	show
1372201985238	9	614	360	show
1367671653868	123	928	216	click
1372611689469	7	636	235	click
1368768946900	82	795	255	click
1371480415839	118	478	25	click
1371119895424	107	679	173	click
1370716660550	7	340	40	show
1374112842767	42	374	269	click
1372978885350	127	299	42	show
1369050143140	7	127	375	show
1367314375068	3	597	408	click
1373327428426	74	448	101	click
1371567239316	31	119	192	click
1372546464580	86	273	157	show
1372836448352	101	2	490	show
1366628758954	58	849	466	click
1371642332536	32	494	400	click
1372485612261	72	669	217	show
1370162798609	120	844	442	show
1367962354981	50	364	451	show
1372524615473	53	834	87	show
1367579974168	25	320	248	click
1370982080520	138	413	75	show
1370390897039	140	399	52	click
1366818453778	84	106	490	click
1366568305476	102	248	323	click
1371112467192	71	15	365	click
1367778791402	11	153	353	click
1373673008332	21	6	461	show
1373993105079	36	874	248	show
1372876546725	83	77	54	show
1372286059867	36	766	199	click
1373408316507	148	207	340	click
1372554860841	97	950	299	show
1367568181110	39	868	414	show
1373039924958	64	216	210	show
1369557131490	103	208	391	click
1373382699443	53	352	54	click
1366719706691	26	689	472	click
1374190943489	50	181	387	click
1370526143422	2	931	196	click
1369999351675	146	610	470	click
1366881607022	90	483	130	show
1372886221838	19	762	436	show
1371003697121	91	305	297	show
1373340575246	127	832	234	show
1373178257014	71	277	209	click
1366411148015	73	178	61	show
1366747818222	57	223	283	click
1368463451786	66	184	427	click
1369679466098	129	692	313	show
1369686205617	90	606	237	show
1370636124782	79	840	401	show
1370054794043	78	605	398	click
1366650122462	136	76	268	show
1367295900981	78	353	314	click
1373082633943	100	729	333	click
1372772561477	10	491	361	click
1372641397230	1	654	317	show
1372108786738	103	979	457	show
1372574947378	126	128	86	show
1371073707388	110	282	254	click
1370684581876	34	938	53	show
1368834250850	88	72	218	click
1367548306092	126	143	3	show
1371394773957	49	674	269	show
1371310376673	13	288	316	click
1370302814082	119	782	382	click
1366928030185	5	422	255	click
1373445565483	101	244	327	show
1370494296022	78	82	162	click
1368079592208	103	19	478	click
1366364043319	40	199	93	show
1373463528687	41	632	430	show
1371713185362	84	57	194	click
1366628806819	125	696	355	click
1373700372866	100	845	159	show
1371095926573	27	267	35	show
1369042265310	143	973	411	show
1373271509970	1	607	253	show
1367621949547	96	621	19	click
1367007911153	13	972	441	click
1371744147490	39	733	194	show
1372662533377	109	796	407	show
1367798321629	38	219	427	show
1369183699086	87	48	98	click
1370885788736	127	796	153	click
1371036565139	29	481	394	show
1372665804465	111	745	247	show
1366993489593	54	306	328	click
1369514878934	113	826	409	click
1372370389285	30	420	182	show
1366368875962	94	731	228	show
1372837173570	125	321	389	click
1367249054288	80	960	374	show
1369824176904	119	725	425	click
1366423510605	46	73	97	show
1371599391410	30	614	246	click
1372141196995	98	186	241	show
1369461334201	107	626	44	click
1368651563286	34	187	147	show
1371296831200	141	904	455	click
1370308504354	108	425	159	show
1371119575400	126	288	18	show
1372279929897	77	533	81	show
1372174720933	31	497	336	click
1369272786078	54	956	147	show
1369714810866	24	851	136	click
1373212876627	93	476	336	show
1374159067984	85	954	428	show
1368036696961	108	242	324	click
1372273252172	77	576	348	click
1369230943467	45	108	262	show
1368917577449	109	757	135	show
1369582484541	5	90	126	click
1370362558993	97	473	247	click
1373420116674	130	656	263	click
1370494018983	6	913	117	show
1370326601593	149	796	141	show
1371908960338	25	959	439	click
1371167949822	41	689	216	click
1366425258297	31	816	398	show
1367182779234	130	266	344	show
1369252467039	40	847	124	click
1370323329161	98	733	474	show
1369317168980	107	224	321	show
1370436346242	80	318	52	show
1368633506311	84	370	179	click
1374191524674	83	782	109	click
1370522228395	21	397	213	click
1367008544030	98	460	399	show
1369764039525	55	49	329	show
1366942678266	64	517	187	click
1368396511721	96	908	81	show
1367416272506	8	299	17	click
1368695122304	138	898	432	click
1371937823664	36	13	161	click
1374200495340	139	356	396	click
1367734324475	42	281	166	show
1373093226526	93	674	487	click
1367740952333	137	287	489	show
1370870354965	150	899	55	show
1372430487876	87	542	142	click
1372237214690	35	260	348	show
1368968866054	103	186	356	show
1369295528767	100	903	6	click
1368387664520	102	646	215	click
1367418899218	83	341	229	click
1370830191826	76	150	445	click
1372612122618	91	400	270	show
1369210299358	34	680	416	show
1371026387834	141	591	135	show
1367729257149	3	54	316	show
1372221204309	24	185	427	click
1368541668942	73	106	53	show
1373332584833	137	602	122	click
1369857136984	9	993	234	show
1366446838499	25	158	311	show
1367303203861	78	29	80	click
1367136475514	113	383	254	click
1372013542450	18	646	180	click
1368366366392	122	357	239	show
1373057066371	4	89	474	click
1372003813375	134	669	278	show
1367083343151	99	75	188	show
1373245424026	149	826	104	show
1372901049205	77	988	419	click
1367410513068	148	154	238	show
1373028996195	18	411	268	click
1373644446364	140	33	97	show
1370300323503	23	556	409	show
1367860083541	75	503	12	click
1366638301821	132	104	20	click
1373824773221	7	937	469	show
1369888504848	33	601	295	click
1367947865275	114	646	64	click
1369467976853	90	447	212	show
1367304204249	97	2	277	show
1373950362065	148	873	346	show
1369026478471	110	75	447	show
1367901714627	92	73	169	click
1367905526849	137	687	300	show
1367720489406	74	533	21	click
1368777361192	27	548	127	show
1367509113303	42	54	438	show
1370662163657	104	964	257	click
1366796527137	33	238	253	show
1372355104269	149	638	67	click
1370908334674	28	531	103	click
1366901968482	31	457	286	show
1366773361986	7	893	38	show
1368779572926	18	537	108	show
1368134321236	32	488	484	show
1368276313107	97	848	272	show
1370982117478	17	458	330	show
1373388782749	41	246	339	show
1370004668084	125	460	101	click
1368755980920	142	739	206	click
1367208011129	100	38	269	click
1371737497204	59	234	107	show
1372253745064	91	451	310	click
1372064707982	150	363	283	show
1373063836134	34	471	411	show
1372015949943	11	269	348	click
1373054393141	31	916	318	show
1373030557665	117	5	162	click
1368106872009	113	221	16	show
1370494113122	66	145	180	click
1371391729554	34	145	90	show
1368185213288	100	546	400	show
1373517654553	58	531	229	show
1368438728388	135	675	344	click
1366414692799	85	356	65	click
1366991410088	7	896	390	click
1370583476633	114	828	257	click
1370219510731	17	933	353	show
1367394969046	53	591	117	click
1369631004603	94	527	332	show
1366550479450	88	946	415	show
1370199834628	38	471	498	show
1370971777507	26	494	22	show
1370564098588	123	209	74	click
1373253122841	118	704	471	show
1372288825524	4	855	464	show
1373077941244	13	75	231	click
1373392040909	90	407	147	show
1368574143299	18	587	76	show
1366871550705	75	155	303	show
1373932187428	88	966	299	click
1371829009506	85	691	26	show
1370324853811	137	260	283	show
1369200852689	28	576	352	show
1372683757068	148	503	455	click
1371981966247	124	937	351	click
1372725172389	74	219	250	show
1372391152308	133	45	341	show
1372536005240	47	363	332	show
1367883289826	50	834	297	click
1374188274815	53	405	88	show
1371706938917	26	477	390	show
1372087261190	39	721	205	show
1370387846167	84	462	347	show
1370322884465	125	430	319	click
1371651751522	64	966	491	click
1372185953153	97	404	70	show
1366833397768	118	753	3	show
1368983920136	94	328	461	show
1369684179897	71	97	381	show
1371877432837	104	282	254	click
1368224173231	131	775	22	click
1370594878728	92	265	259	click
1369990983283	32	193	323	click
1369786234387	130	646	312	click
1371316218519	1	807	391	show
1372125563879	87	262	110	show
1372968886411	115	454	380	show
1372267350644	50	487	249	click
1369836652948	135	681	455	click
1370939320126	9	305	310	click
1373848102459	11	812	447	show
1370117993167	19	631	451	show
1370050209135	43	319	15	click
1367175825409	68	767	475	click
1367364063865	3	783	363	show
1374183895980	16	497	184	show
1368405310773	39	904	100	show
1368632587063	94	509	368	show
1366779231994	89	227	41	show
1371642566067	118	463	115	show
1370819821102	15	486	457	show
1373557953017	112	734	423	show
1369172286376	48	509	82	show
1368805482933	98	503	238	show
1373277531378	116	953	336	show
1370940403780	26	417	319	click
1366444597900	83	260	75	click
1372486658426	84	743	464	click
1368002595527	29	309	500	click
1366415952011	66	102	481	click
1368545082757	2	364	231	click
1368033740050	110	999	267	show
1367246991572	62	547	460	click
1370224054262	51	778	485	show
1367660755348	79	404	436	click
1372963474162	58	707	160	click
1371715474506	61	230	307	click
1372965149874	87	813	473	show
1371759230983	91	64	102	show
1367497084526	121	866	447	show
1366526460228	71	233	346	click
1366370435247	9	668	493	show
1367764130548	88	959	454	click
1371317626400	105	775	191	show
1367664455797	30	317	105	click
1368226100026	133	632	160	show
1372505106797	132	481	456	show
1367916471764	60	585	167	click
1367571840799	94	37	190	show
1372158052989	107	790	362	click
1369164928721	135	570	283	show
1371422400906	95	444	351	show
1373591739541	62	734	338	show
1370164265421	101	111	277	show
1369301705321	142	456	323	show
1367858910640	28	700	395	click
1372786935527	124	785	477	click
1371029553945	59	345	70	show
1371742889794	131	737	218	click
1366368282390	107	459	396	show
1373078012859	3	592	334	show
1366701612830	26	20	208	show
1373376013403	150	933	55	show
1373458292443	93	595	228	show
1366462649620	11	679	414	click
1373271220334	65	823	35	click
1373928636288	16	866	28	show
1366706373972	76	683	132	click
1372497418317	103	82	498	show
1370337970268	84	568	309	show
1373314218837	13	333	154	show
1366962960583	97	95	94	click
1366941678503	99	999	188	show
1367538716263	28	207	325	click
1367400979629	89	126	305	click
1369017317973	4	516	469	click
1370120551846	148	679	451	click
1368095781272	32	915	271	show
1367359628542	31	390	113	show
1366973900947	126	286	154	click
1371763872428	15	397	148	show
1368643839183	135	318	125	show
1369826796743	144	624	315	show
1367064699201	8	709	96	show
1370864066537	1	649	133	click
1373686713020	69	35	277	click
1367549205446	32	441	190	show
1372238422767	110	632	86	click
1368528529903	56	238	250	click
1366567445268	23	415	243	show
1370150696808	119	364	275	show
1371686892909	116	557	379	click
1367944367964	38	603	397	click
1369964241110	12	746	477	show
1371531956746	84	900	372	show
1371933434733	49	47	181	show
1370990488979	32	786	486	show
1367642370847	132	891	9	click
1371326935174	58	611	330	click
1368189642689	61	668	211	show
1373774504525	101	971	419	show
1369783366549	24	374	369	show
1373955927687	107	11	420	show
1368714616671	99	641	168	click
1372014185447	121	42	202	click
1372546562472	53	546	212	show
1367472710093	132	670	49	show
1366560168940	30	969	47	click
1372868365792	88	664	94	show
1374134259596	94	740	297	show
1366482792095	3	951	211	show
1372473614112	11	115	441	click
1372062010153	7	43	20	click
1372640446369	23	826	351	click
1371892771130	95	947	291	show
1373989878437	8	345	24	show
1368752058982	42	350	309	show
1373097456190	1	31	480	show
1371339752513	146	473	151	show
1372442666258	137	498	311	show
1367409063964	22	825	111	click
1367591019087	67	8	396	show
1368829871725	114	996	430	click
1370708132616	49	862	498	click
1368685034280	19	334	111	click
1373604314281	45	948	147	show
1367252897538	27	85	218	click
1371344577857	60	929	487	show
1366820726946	139	463	44	show
1366689250693	8	552	398	click
1368598845907	58	582	125	show
1367336446747	136	183	185	show
1371779234074	34	496	418	show
1368347972949	45	921	185	click
1373641665738	39	958	328	click
1367136313767	7	949	4	click
1366828096904	76	522	328	click
1366905191110	30	233	12	show
1369266729972	111	401	477	click
1369362956487	131	922	453	click
1372824150260	19	350	48	show
1370313922815	43	409	473	click
1369728377585	102	818	80	click
1371343759765	76	227	324	click
1369845523967	149	171	357	show
1368998301650	55	917	324	show
1368169176569	16	24	196	show
1370359468301	7	34	402	click
1371812894929	65	560	438	click
1370990127132	60	942	389	show
1368617175288	131	188	122	show
1371793759602	55	31	174	click
1367568542137	67	272	294	show
1368310589595	35	551	466	click
1370480612176	131	295	49	show
1370795565613	33	211	339	show
1370941362546	46	994	168	show
1371901923350	6	95	168	click
1370602100683	13	555	333	show
1370114818669	60	704	42	show
1371422112570	140	157	361	click
1369961194323	128	33	258	show
1370772206616	104	935	77	show
1373990911018	12	673	269	click
1367921972233	42	255	213	show
1373005098415	23	576	198	show
1366566229579	116	454	479	show
1372327265280	101	379	455	show
1370117881019	136	442	64	click
1368944950940	137	286	11	show
1373926805076	38	749	218	click
1367549352836	48	476	345	click
1367377745127	70	840	85	show
1368714193722	150	743	460	click
1367740374190	15	181	297	show
1368685131838	68	534	349	show
1367282462106	56	873	125	click
1367706044366	126	423	279	click
1372628525035	62	979	83	show
1371439593490	128	848	158	show
1367096783775	48	335	459	click
1370604588837	112	927	3	click
1367345242572	139	393	352	click
1368627519473	144	500	64	click
1369458415337	142	263	312	click
1373848095002	19	157	151	click
1369196928406	95	148	337	show
1373421423919	56	342	281	click
1372486167496	1	525	8	show
1371986910099	18	961	62	click
1369705891969	95	976	81	click
1371114727781	1	429	345	click
1366735997237	67	644	392	click
1371206462931	110	689	59	click
1366445078944	89	522	330	click
1370496410941	74	837	44	show
1369211506713	34	377	26	click
1372962245893	23	560	419	click
1367024970431	43	734	434	click
1372209631520	113	884	450	show
1371252498016	37	701	180	click
1367422096948	80	841	338	click
1371596869932	62	335	321	click
1373753067258	57	824	83	show
1370522354858	82	131	292	click
1369419898059	28	992	79	show
1367972928078	149	735	289	show
1373890875043	135	906	259	show
1372469810804	110	4	180	show
1368039711848	124	276	29	show
1370965360277	31	842	275	click
1371827883100	64	865	443	show
1370335513276	147	81	257	show
1373543333242	93	436	158	show
1372722905987	106	28	114	show
1373891926741	139	425	428	show
1370298104385	96	321	437	click
1366738366877	23	411	474	click
1373287453774	66	130	7	show
1368885406543	26	876	181	show
1368095403764	51	322	438	click
1369955945145	7	408	199	show
1372935636710	70	812	261	show
1367611544483	82	913	89	click
1368074752702	128	186	76	click
1368096950613	143	960	280	click
1367760209691	129	370	130	show
1372744634463	22	81	351	show
1373530497426	68	66	127	show
1367046514468	92	433	60	click
1373399730223	4	558	465	show
1369053704538	84	612	332	show
1368529138784	11	86	278	click
1368672341831	118	247	2	click
1367606231163	105	659	175	click
1370491812639	18	621	202	click
1370953499369	17	547	395	click
1371408796003	9	325	203	show
1368637816610	115	804	114	click
1367565481812	73	818	232	show
1374004083781	111	840	281	click
1367818701089	147	816	451	click
1369498647477	92	681	183	click
1373879966112	125	694	360	show
1367578673765	76	142	38	click
1373487900915	22	394	134	click
1369041781466	144	59	72	show
1371264124837	19	533	471	show
1370517995724	27	1000	15	show
1372181651530	34	808	356	click
1366987847080	41	203	11	show
1368633164400	43	553	471	click
1368949771595	2	64	379	click
1367151597552	12	778	243	click
1367830793405	64	691	293	show
1367147607419	16	312	218	show
1374002875405	127	773	486	show
1366637423618	138	179	186	show
1368722353334	96	869	432	show
1369946283877	64	702	479	click
1372600917433	8	192	169	show
1370993384625	95	898	340	click
1367852942283	18	596	474	show
1370859530697	144	778	64	show
1374181538629	50	149	57	show
1373266244669	83	480	393	show
1373355875387	8	480	368	click
1370692286119	31	356	378	show
1366806051480	99	467	285	click
1371309774516	133	394	307	click
1371639620870	118	631	486	show
1372340599690	143	947	428	show
1372096546993	143	155	408	click
1369255617912	37	638	434	click
1368667568912	113	388	440	click
1369820418698	45	657	140	click
1372999420123	28	4	129	click
1373894614836	127	535	481	show
1367480111204	44	335	227	show
1371341105321	103	795	14	click
1370234883759	88	268	415	click
1368638032600	21	488	91	click
1369182689592	92	44	166	click
1369425530237	112	564	386	click
1373829647867	22	872	220	show
1366689537122	85	633	291	click
1369398294083	105	379	196	show
1367579587617	33	620	140	show
1372531408303	76	147	404	click
1368085819675	127	618	482	click
1366599153482	100	527	283	click
1371411515644	117	700	451	click
1367801129030	10	626	123	click
1373698049505	66	829	123	show
1369722819952	137	538	385	click
1367265779464	7	840	47	click
1369464922046	81	396	450	show
1368459976423	148	810	466	click
1366658885727	50	356	313	click
1368895294954	78	208	125	click
1368567432933	52	236	169	show
1369480108017	11	630	448	click
1366920232779	42	685	476	show
1368118612458	39	223	170	click
1374174379108	136	923	489	click
1368847559582	135	325	476	click
1366920309714	144	89	346	click
1369872895597	8	157	226	click
1371716665069	46	122	475	click
1372778734516	10	554	284	click
1370356760531	133	847	187	show
1370943811232	81	516	45	click
1370562968897	18	962	258	show
1373775061197	70	374	329	click
1370083634671	10	691	486	show
1368990184462	81	632	351	click
1372801671842	122	240	6	show
1371334894896	53	640	310	show
1370297310181	131	187	232	show
1366697023753	45	48	475	click
1370757124101	67	389	367	click
1373035091231	1	491	245	click
1371192830858	57	651	339	click
1371116765158	44	597	341	click
1373000448079	59	699	119	show
1368722690147	74	279	3	click
1369398515592	21	777	498	click
1373789312399	91	748	365	show
1371905844150	22	67	202	click
1369083916613	93	595	184	click
1371545623280	50	566	232	click
1367128423298	67	261	444	click
1368132055692	64	120	260	click
1371545070951	128	199	229	click
1372643927174	34	388	472	show
1366941952254	102	570	395	show
1367408927348	53	207	139	click
1367033075014	44	190	228	click
1373880910475	135	63	344	show
1368281386671	114	30	234	show
1369225889936	85	713	268	show
1370465227627	122	835	163	show
1368997865779	80	570	155	click
1370794251968	93	445	30	show
1368689808683	50	595	304	show
1368935261667	72	375	262	click
1370639337969	133	678	427	click
1366559218279	62	586	77	click
1368658570581	74	908	347	show
1368705340809	67	617	473	show
1372968128155	38	818	295	click
1368000080964	148	290	333	show
1369852021032	7	890	249	click
1369869864751	89	395	281	click
1369299855715	102	694	435	click
1368388145750	78	173	421	click
1373861287404	32	687	441	click
1372684763729	121	397	31	click
1370030375811	2	187	17	click
1369649048329	44	682	255	click
1368982906808	78	760	266	click
1373090817296	84	268	224	show
1370704507664	131	825	297	show
1370485281129	75	986	424	show
1374023890434	118	387	41	show
1368536966715	98	552	394	show
1369869618315	95	742	9	show
1370034334308	85	434	284	show
1372080639981	138	41	202	click
1368587484095	35	847	131	show
1369039143792	115	245	295	show
1367980590834	1	121	482	show
1367273280018	1	150	489	show
1370926423811	18	231	147	show
1373820506373	57	576	383	click
1372954279863	87	694	457	click
1366954951785	5	922	197	show
1370284022060	134	348	109	click
1370877592548	92	556	308	click
1372273408739	114	469	464	click
1367598532511	11	912	275	click
1369259986553	20	563	257	show
1367659563006	56	202	496	click
1367107661771	66	879	191	show
1366529946103	43	954	35	show
1371183393296	133	725	7	show
1372274774279	146	52	15	click
1369530118591	27	199	256	show
1367235658810	101	612	476	click
1370491090968	27	96	423	show
1368517345179	54	736	27	show
1374080878296	35	988	75	show
1371661679276	86	871	4	click
1369355192402	117	593	363	show
1368682296823	101	954	474	show
1371367660524	104	437	234	show
1373508521396	53	365	231	click
1373648630333	23	730	480	click
1369002748398	51	848	29	show
1366956880314	124	528	259	click
1373855000773	99	914	397	show
1367950852441	124	94	64	click
1370250124868	3	768	88	click
1373376464067	68	238	393	click
1371960722202	25	93	36	click
1370702282238	89	611	130	show
1374113857882	141	805	481	show
1368004570621	149	926	416	show
1373449359455	40	253	126	click
1372713711623	43	779	286	click
1366588513141	17	581	38	click
1368774343988	143	890	10	show
1371903487880	89	121	447	click
1373839804191	91	218	256	show
1366959324436	111	527	332	show
1370923887723	70	118	291	show
1373628355512	32	914	59	show
1369112639454	138	660	260	show
1370228537850	101	835	176	click
1371461074459	75	496	117	click
1371145315650	35	243	13	show
1370964431782	124	2	463	show
1367367473110	53	395	27	show
1366922906876	120	576	480	show
1373742904821	77	560	424	show
1367512246941	62	533	405	show
1367139392651	22	497	60	show
1372452258991	125	932	398	show
1371256601304	96	979	95	click
1372474316286	19	298	252	show
1367721171993	145	518	330	show
1367353690149	119	365	28	show
1371933692745	80	974	2	show
1370350438638	13	303	31	show
1369825832495	57	268	269	show
1371904640709	84	804	176	show
1367088524220	99	727	462	click
1371724344079	8	412	292	click
1371324179867	33	630	19	show
1372852387778	59	362	257	click
1373013474557	82	500	92	show
1372357873005	20	6	205	click
1367785137282	93	72	218	show
1366980799499	43	966	277	click
1366984327152	60	896	445	show
1371291393691	107	145	364	show
1372898776598	64	455	328	show
1372139241030	68	795	336	show
1367385520118	11	673	389	click
1372780170284	128	201	331	show
1371308338273	83	513	214	click
1371771015464	134	179	76	click
1369175592491	69	510	143	click
1371238125274	42	963	168	show
1367068999458	87	342	451	show
1369651393896	101	336	479	click
1370265031930	112	372	318	show
1369549931842	49	260	115	show
1367819604811	75	948	302	show
1369382732799	103	184	144	show
1373466237118	136	979	421	click
1367715857064	112	764	121	show
1366366237978	27	880	66	show
1370930867860	6	114	93	click
1371833601325	18	32	137	click
1369944509187	37	982	479	show
1372085369055	10	739	59	show
1369782371383	131	669	382	show
1370817788015	73	682	179	show
1369451844763	127	561	185	click
1367135816948	11	806	460	show
1369005663770	112	702	4	show
1370062286254	34	533	139	show
1370317626266	119	527	249	click
1373639719145	17	180	40	show
1369231421720	94	481	252	click
1372559375626	51	362	254	show
1371997770936	24	33	132	click
1369259843490	61	745	145	click
1372275767523	78	68	17	show
1370391273994	135	284	216	click
1367405126585	105	144	250	click
1372897126125	130	26	170	show
1373221941268	79	579	74	show
1366508990929	29	2	329	show
1369996641606	28	690	283	click
1371896526022	10	262	413	click
1370987292970	112	604	444	click
1372900483661	60	671	186	show
1367431532391	117	953	231	show
1367012313638	69	975	294	click
1371166052200	145	131	205	show
1366821779434	132	652	17	show
1367875881363	49	105	165	click
1367998561040	15	12	457	show
1369445342759	25	917	230	click
1367268025667	15	771	271	show
1373196322333	66	491	137	show
1366975953891	128	583	194	show
1371044694734	92	302	98	show
1367654721790	49	526	347	show
1367716781762	132	241	171	click
1369721518508	49	693	458	click
1369094962084	75	702	330	show
1370793083205	114	304	288	show
1368925994014	147	603	267	show
1370029319616	118	552	155	show
1371420883123	113	295	40	show
1370284991052	70	10	349	click
1372985822070	30	106	16	show
1367974180864	24	911	351	show
1370743948889	142	351	217	click
1371446734562	141	879	485	show
1368769686109	59	616	224	click
1367123734347	150	83	258	show
1368199971498	31	689	263	show
1368055645040	46	361	102	show
1366466822347	131	640	424	show
1373422037250	75	195	34	show
1371481151278	150	480	448	click
1371572801482	130	636	443	click
1373418144501	32	110	152	click
1368306992514	16	226	469	click
1371875920765	114	571	143	click
1366849814567	10	70	92	click
1370749576041	116	508	108	show
1368258633299	36	874	196	click
1371923619043	12	799	373	click
1368713256036	5	341	29	show
1369189143698	110	172	400	click
1367342315859	128	140	466	show
1369038463226	131	775	100	click
1371757987644	50	682	398	show
1373106314869	73	63	308	show
1372843942760	38	626	466	click
1368268403937	83	703	178	click
1370507122133	35	633	146	show
1371856736488	90	169	244	click
1371603095434	62	348	64	show
1369395687546	99	760	4	show
1370795947534	117	169	343	click
1371320178322	71	596	174	click
1370263342416	135	835	491	show
1372858733798	55	228	6	click
1371031233028	62	232	295	show
1368977782771	74	91	369	click
1373208652887	113	968	72	click
1368136989780	62	546	497	click
1369184395893	132	11	316	show
1369974575925	105	886	125	click
1369635456619	25	883	63	click
1369119461703	16	16	96	click
1373170739645	5	436	414	show
1366988343308	144	480	436	show
1373002328697	71	24	290	click
1366585337948	113	448	201	click
1367531369923	119	927	14	show
1371743512298	133	480	145	show
1373996017797	125	387	454	show
1366356152858	88	952	212	show
1370701359148	54	888	325	click
1372567584097	128	696	371	show
1373319083089	97	37	356	show
1370209423586	64	634	341	click
1371247724677	44	269	296	click
1369360564380	149	608	151	click
1372515662449	22	825	69	show
1373623434766	63	620	237	show
1368131960184	36	294	230	click
1372207854596	49	701	69	click
1366528644535	60	128	493	click
1368565184838	65	612	396	show
1372317211029	19	623	394	click
1367945874825	79	380	209	show
1371796704706	128	758	96	show
1368222756036	43	348	82	show
1372392122093	121	752	14	show
1369475230014	15	113	464	show
1372967325118	24	303	57	click
1373156513723	35	701	470	click
1373701234362	11	19	146	show
1372822275252	13	574	29	show
1370115730121	23	402	205	click
1373404930330	44	247	93	show
1368541587192	16	671	36	show
1368279928431	66	82	201	show
1367679319628	134	295	342	click
1369454762873	94	275	101	show
1370011722216	91	204	274	show
1367252452367	22	609	191	show
1368185802677	34	775	175	show
1373524986468	104	774	214	show
1372692519439	1	996	38	show
1373045477464	52	374	357	show
1367079005176	45	429	162	click
1366883408958	115	115	232	show
1373971619604	47	708	238	click
1371175122259	140	908	213	click
1368683901465	134	49	475	click
1372627664451	61	698	280	click
1367020442958	49	987	12	click
1371051556600	114	373	2	click
1371175337269	13	434	484	click
1371464518545	145	667	136	show
1369948404820	84	524	499	show
1369917535680	57	239	307	click
1373915800454	18	451	243	show
1367941853097	68	6	237	click
1369420674894	1	428	139	click
1368058054205	34	195	369	click
1370373507796	117	401	246	show
1370560913267	21	706	161	click
1370403778032	109	444	423	show
1370524184295	63	189	112	show
1367829531512	69	17	340	click
1370260164274	7	930	287	click
1366414338365	21	767	303	click
1370925880917	73	680	262	show
1371713780728	34	6	292	show
1368901162077	100	338	431	click
1373493023076	51	725	377	show
1369033871349	80	507	493	click
1369492835688	118	21	113	show
1371256714283	115	622	234	show
1370911017749	141	167	471	show
1374071224207	31	445	326	show
1366802723197	24	445	278	click
1373762406490	65	684	103	click
1372068333474	149	837	479	click
1370109066952	118	591	26	click
1370178866184	58	891	145	click
1372090008466	149	567	338	click
1373956496942	106	369	255	show
1371924805216	88	592	48	show
1366878364802	49	701	173	show
1374130767497	13	57	284	show
1366928511053	98	560	304	click
1367581740065	140	898	369	show
1369908206332	93	464	323	click
1370193033085	130	275	357	show
1370537593774	110	62	443	show
1371116455966	30	926	81	click
1366506212833	85	147	237	show
1367746843926	12	497	189	click
1373638585465	125	496	171	click
1369963063706	68	295	240	show
1372588075665	45	779	498	click
1373062337487	123	279	83	click
1369313091931	36	355	388	click
1367242486027	118	449	473	show
1371399478893	48	433	136	click
1373186012528	55	947	285	click
1369740895880	52	403	85	click
1367036100630	148	567	6	show
1370970749813	118	963	234	show
1373464857692	137	407	114	click
1371260284722	39	142	494	click
1369626031822	124	619	143	show
1371502885061	68	264	200	click
1366574543192	145	254	403	show
1366802251090	111	106	433	click
1368363206289	19	953	48	show
1367719973663	114	454	420	click
1366430024249	72	809	385	click
1369538309989	71	368	404	click
1369485543215	83	508	100	click
1369405503584	38	506	241	click
1371159753398	142	13	138	show
1374186221045	15	831	345	click
1366436714271	31	959	198	click
1370000611571	26	15	21	click
1369426775879	28	187	449	click
1367727210652	99	71	302	show
1367911251903	35	534	100	click
1372912880883	53	543	343	click
1368009812112	43	191	205	click
1368555117378	76	484	435	click
1372580419103	67	251	358	show
1371463168704	41	452	327	click
1366343065252	1	105	316	show
1367502819841	97	158	142	click
1373619261083	58	17	356	click
1372742018759	25	892	212	click
1369415726488	97	478	383	show
1366405804093	27	594	244	show
1367390639367	62	195	433	click
1367205983199	149	23	338	show
1366812553382	149	572	364	show
1368722600492	100	101	172	show
1368513917966	29	107	183	show
1372354778439	59	920	366	show
1373803176816	109	166	165	show
1370715078604	140	487	34	click
1371536832306	23	245	347	click
1369278855395	86	935	463	show
1371139304664	113	771	153	show
1371225909472	125	911	87	show
1368552780676	3	559	350	show
1367276333225	6	776	266	click
1373535003531	81	313	66	show
1371268638206	102	172	151	show
1372665154839	68	101	195	click
1372399946137	60	404	186	click
1370858516395	35	695	189	show
1367572237000	34	762	230	click
1366398936241	26	951	171	show
1368844010418	68	625	475	click
1373225322616	48	789	190	click
1368960932334	15	884	446	show
1368715170206	34	773	178	show
1368708684100	97	402	59	show
1372630352616	124	978	440	click
1374116350660	89	88	81	click
1367134876195	114	452	14	show
1373325356127	97	849	160	click
1370221831053	136	124	54	show
1367044107581	48	165	233	click
1370957503790	129	881	91	show
1367138987686	108	12	353	show
1370487265826	70	631	356	show
1373771827321	41	490	357	show
1369505882607	104	949	83	show
1372754597016	30	135	54	show
1369301008509	67	247	68	click
1370490131432	7	105	390	click
1369344430605	138	93	285	show
1368844345967	80	539	323	click
1366627020959	26	693	400	click
1366578150871	125	530	74	click
1370560355192	3	657	7	click
1369298447783	58	751	120	show
1366690532486	13	239	315	show
1372548362427	52	146	206	show
1371328115626	23	11	226	click
1369805191732	107	634	385	show
1371621796401	123	412	137	click
1369095414940	128	290	101	click
1369145454771	85	631	328	show
1370784562460	79	9	292	show
1372309072419	1	902	400	click
1372437779161	5	136	458	show
1367947257603	89	241	92	click
1371551632217	64	427	3	click
1372792686839	146	660	105	show
1372893090644	57	83	214	click
1371468938357	92	667	321	click
1373324009379	124	83	286	show
1371122316706	1	26	389	show
1373973302179	12	696	162	show
1371493448774	148	784	469	show
1370087178983	43	187	128	show
1370958750157	77	947	318	click
1373054650107	53	373	445	show
1373003590209	143	220	125	show
1373194049938	128	18	125	show
1371222665213	40	191	21	click
1370571974321	90	536	251	show
1366488278193	89	193	310	click
1373563140206	32	414	469	show
1368574107873	44	984	432	show
1368627558655	139	588	299	show
1367346232686	127	390	195	show
1372345891185	143	474	301	click
1370102117405	143	916	39	show
1369663202455	133	139	184	click
1366414415426	120	416	399	click
1368374396209	69	260	22	show
1368227261000	122	297	244	show
1372866165330	61	72	267	show
1367575691054	73	897	366	show
1366595160934	77	975	122	show
1368370287451	146	576	499	click
1366761124916	12	423	175	click
1370064815411	141	437	218	show
1368517750488	70	840	392	show
1371471803345	123	914	261	click
1367016386980	87	85	125	show
1369537549278	90	346	241	show
1370983671342	33	104	197	click
1372296946161	110	118	499	show
1368772905775	9	517	287	click
1369022558928	116	366	443	show
1371276534266	31	582	172	show
1370971799439	116	637	86	click
1370192236174	117	964	183	click
1370033976278	77	54	206	click
1369508487016	121	384	445	click
1374018796201	83	497	83	click
1373155964540	44	966	192	click
1367998336949	35	457	489	show
1367824995164	36	48	4	show
1370035691801	41	488	262	click
1370776949592	70	91	488	show
1367064232286	111	477	351	show
1369438202283	5	873	489	show
1371543973060	4	618	288	click
1372727515003	144	667	38	click
1372302151225	117	576	388	show
1370443787307	66	666	414	show
1370963963090	14	317	137	show
1373314760382	97	29	428	show
1366490982186	89	244	278	click
1367680646573	133	808	144	show
1368039348312	33	5	452	show
1371731727850	68	851	395	show
1369950297563	29	377	22	show
1373094186195	83	784	419	show
1371703331524	129	350	461	show
1370072346109	117	847	480	click
1372763497653	72	291	199	click
1370482551425	136	131	486	click
1373490265968	20	687	159	show
1371138873549	98	301	260	click
1372755215596	62	849	147	click
1369628164573	87	206	472	show
1366694119777	103	964	30	show
1370071662685	5	166	170	click
1372414149840	81	302	19	click
1368717989361	45	548	155	show
1370404435457	150	728	485	show
1370655196460	37	282	409	show
1370418622469	12	116	133	show
1367135570293	87	510	282	show
1373437080396	31	384	179	show
1366743836639	125	838	222	click
1367984889747	107	364	239	click
1372161721419	97	873	457	show
1366361452449	137	686	59	click
1373193758478	95	715	6	show
1374022803564	56	737	449	show
1373604188269	47	271	480	click
1372339757644	29	1000	385	show
1370471025868	43	685	439	click
1370808610670	37	302	469	show
1373534032219	99	714	258	click
1371203770653	77	501	214	click
1368309581570	12	430	49	show
1373453477475	148	626	278	show
1370150164250	30	766	103	click
1371048664503	109	490	271	show
1371441400590	87	496	298	click
1367265903883	118	177	18	click
1366634069621	73	383	392	click
1370243364178	11	927	80	show
1370331572822	126	766	213	click
1370735160033	122	520	299	click
1373596210680	65	159	349	show
1367022959379	38	244	489	show
1367936940662	15	787	186	click
1368609723339	70	853	490	click
1367137371209	134	962	7	show
1373382554887	143	654	420	click
1366443246678	135	948	429	show
1371487422278	20	936	435	show
1370757484281	87	35	393	show
1373601971344	87	897	458	show
1366629003347	119	367	120	click
1370951820611	57	125	131	click
1371333277304	45	488	279	show
1366500221269	116	418	451	show
1368290274462	103	824	276	show
1366798928655	105	936	367	show
1373144770641	62	908	195	click
1369784603883	126	724	232	show
1369361611813	89	593	468	show
1366987524072	84	905	73	show
1372315038929	57	197	175	show
1374164872963	78	502	352	show
1368844838305	52	542	354	show
1368340188403	72	901	137	click
1371830226913	6	350	487	show
1373857181720	57	379	479	show
1366923750712	55	165	276	click
1370183148744	69	145	390	click
1373281452420	20	570	175	show
1368507970590	112	638	100	show
1371036079803	134	733	189	click
1373132926825	40	253	353	show
1367296145086	18	755	140	show
1367709969224	147	637	465	show
1368782273160	22	691	341	show
1373855032375	4	107	415	show
1367991195827	92	182	303	show
1367304502435	16	388	134	show
1367030472846	113	57	468	click
1367071116132	37	285	394	show
1372846388561	80	696	407	click
1370581073320	11	646	3	show
1367174023757	101	179	485	click
1367182576569	134	732	457	show
1366690908830	11	508	120	click
1368269671826	57	853	353	show
1372796046042	139	866	245	click
1366738222516	38	190	403	click
1370615427977	31	865	340	show
1367232677152	8	541	308	show
1370572110289	100	800	99	show
1367702235081	20	931	345	click
1373145450774	127	564	111	click
1371136425556	31	905	355	click
1371902145133	82	854	104	show
1366603176673	51	312	168	click
1372986049244	26	466	142	show
1368898621798	22	685	298	show
1373924600811	42	11	487	click
1370443473501	150	981	22	show
1372006989676	19	224	148	click
1368374542195	95	799	8	click
1371229978221	116	720	213	click
1373487667063	116	597	50	show
1369939497925	144	934	92	click
1372279310020	36	17	231	click
1370807110928	104	945	122	show
1369245163542	43	590	344	show
1368691998910	23	270	271	click
1367112699606	114	202	160	click
1370967448664	115	990	433	show
1373941108768	75	451	141	click
1370001024996	63	66	203	click
1368755888260	107	831	258	click
1370670243125	1	116	491	click
1371087128669	56	376	83	show
1368484464669	57	138	219	click
1369066345964	139	35	401	show
1368528647595	14	16	9	show
1367189352241	102	558	146	click
1371723292747	148	458	409	click
1372907740469	143	210	459	click
1373962096732	93	54	271	show
1366955801164	13	630	89	click
1371097762563	92	246	266	show
1370370011273	118	319	493	click
1366703604210	111	18	155	click
1370924599414	27	239	48	show
1370124154921	142	53	46	show
1369440081442	68	656	426	show
1366614035271	41	136	237	show
1369902930732	94	531	78	show
1373491911086	68	327	319	click
1371382879534	89	728	307	click
1369274077341	64	453	370	click
1368663984134	49	763	231	click
1373978475008	82	592	361	show
1371177165285	103	403	55	click
1366655810602	22	729	40	show
1368180778699	65	227	266	click
1369352899430	58	8	447	click
1371135402661	122	700	307	show
1367391801379	62	355	486	click
1369195250207	139	3	470	click
1367045245786	148	457	337	click
1371000310818	38	596	19	show
1371720660591	56	664	245	show
1369663277243	133	662	301	click
1373140982544	131	871	394	click
1368485900717	124	420	87	show
1367533083062	18	925	377	click
1374095243670	84	252	119	show
1367994693516	74	483	6	click
1367950864575	91	849	468	show
1366677541790	39	785	456	show
1371819144028	137	250	437	show
1367380087703	76	806	167	show
1367023938890	70	930	217	show
1369588307456	112	693	110	click
1371047665708	17	652	392	click
1367164403659	54	281	464	click
1368973764548	83	461	248	click
1369150314393	142	905	373	click
1371950505311	34	646	194	show
1372594557258	17	785	80	click
1366757527240	141	874	46	show
1369650713298	81	68	21	show
1367614259887	9	520	153	show
1367560760413	81	334	458	show
1371807410267	144	322	233	click
1369455719512	14	624	136	click
1371185014188	77	435	92	click
1373515902678	80	214	407	show
1369187561269	25	307	431	show
1368062138316	123	212	73	show
1371232009230	52	213	265	click
1373282116240	36	45	337	click
1370340227515	9	319	358	show
1372979427321	122	858	399	show
1367907446893	33	21	16	click
1371822531351	54	892	24	show
1368974857946	102	549	20	click
1370868601700	32	769	293	show
1371940302478	79	174	469	click
1368786457225	2	622	16	click
1371265109742	43	22	450	show
1370392914135	11	438	304	show
1367593672724	93	249	336	click
1370827603193	96	161	197	click
1371313098983	41	358	461	click
1367078809236	23	24	160	click
1367966641404	142	492	380	show
1368785006036	71	764	431	click
1369983898395	78	435	22	show
1367688432298	58	48	467	show
1369241117123	85	151	2	click
1368358198809	86	142	107	show
1368828535218	44	508	111	show
1372101107603	1	618	30	show
1372364441678	26	628	316	show
1373709360003	58	293	241	show
1373249621310	62	346	417	show
1373634509087	86	832	279	click
1371785091816	26	642	88	show
1372216575814	95	657	120	click
1367946367038	14	52	288	show
1373126651538	112	164	163	click
1368211820083	129	199	478	click
1372589505284	41	664	313	click
1374033438352	102	698	51	show
1368008181537	66	706	469	show
1367338867841	22	671	234	click
1368057450411	96	553	148	click
1373336153685	4	13	75	click
1371126923907	2	268	478	click
1367668797870	106	613	463	click
1369897143044	42	449	38	show
1373306357178	27	510	436	show
1369539392273	52	737	153	show
1372045110717	131	473	487	click
1366452486285	38	896	248	click
1371904839506	120	557	26	show
1372123905262	16	615	5	show
1368501214867	99	417	297	show
1373470014012	121	826	262	show
1369290590967	76	918	124	show
1371181016320	91	523	234	show
1374019722678	5	698	177	show
1373781134224	80	600	418	click
1372484866089	16	715	295	show
1369626864139	73	303	21	click
1372288761866	37	568	489	click
1367520319836	20	402	154	click
1373467471877	68	912	448	show
1371902577204	141	433	233	click
1371256770598	95	717	39	show
1373617122433	147	869	135	click
1366771305473	94	63	431	click
1366720426839	64	519	458	show
1370434671921	82	553	322	show
1368213033079	84	116	385	show
1369015297307	91	690	114	click
1367056885170	98	175	470	click
1371614834670	111	976	484	show
1373448726390	62	881	173	show
1372808524136	117	482	51	click
1370129016081	131	244	186	show
1369302841580	60	894	84	show
1368332035960	69	667	233	show
1366706090470	107	634	233	show
1366488475422	49	392	237	show
1371501717274	95	375	97	click
1369848915785	75	441	156	click
1370939630519	16	598	359	click
1367417162843	135	24	141	show
1372390290258	134	110	162	click
1373812576919	11	600	440	click
1367059710760	144	750	408	show
1368244932692	32	777	468	show
1371423677415	34	735	151	show
1370132008318	94	441	42	click
1366906274500	14	83	326	click
1369697319618	59	146	58	click
1373094671258	50	88	183	show
1370867099404	39	929	29	show
1367350663195	80	89	203	click
1369137439204	68	473	265	click
1369893232281	110	182	312	show
1371285418423	143	567	368	click
1369170239288	6	964	295	click
1369652628326	80	696	374	click
1373203739004	8	44	265	click
1368248699898	52	918	428	click
1371531856534	10	95	363	show
1372020772439	34	874	115	show
1368081432458	63	962	295	click
1370048327847	125	407	459	click
1369035418180	19	538	122	click
1369609774361	31	402	208	show
1369061396740	140	711	2	click
1370936135704	108	815	394	show
1370731124133	41	392	422	click
1373146486965	92	647	20	click
1367854855743	125	538	242	show
1369284017602	24	525	273	click
1367166860793	24	436	186	show
1369930722284	90	192	191	show
1368701008922	150	918	125	show
1374038204640	22	171	191	click
1366873725703	13	889	235	click
1372001347737	134	219	161	show
1367294327766	21	398	146	show
1371841555517	122	495	468	click
1366843992980	110	78	120	click
1371222027387	44	699	56	show
1368647218433	76	671	339	show
1369433086906	22	122	26	click
1367660641750	54	132	383	show
1370108250424	46	201	274	show
1371520850542	2	565	491	click
1372787698735	37	796	133	click
1371325798308	141	574	22	click
1367864706782	107	188	257	show
1367880566768	119	723	465	show
1374030855643	143	695	274	show
1367868949683	30	223	383	click
1367151560034	6	955	377	click
1371142242122	135	176	79	click
1367750549104	8	761	90	click
1370779013467	29	783	313	click
1373002240004	79	973	324	click
1373244998947	7	875	285	click
1371795850148	12	546	61	show
1371906188337	75	419	495	show
1371795195113	53	47	108	click
1367339533482	53	329	426	click
1369134058331	106	268	106	click
1367188254446	8	466	413	show
1370686899579	20	991	389	click
1372763808391	135	309	151	click
1371692993408	129	11	64	click
1371466653313	105	241	391	show
1369546877805	64	269	272	click
1366807121856	9	521	288	show
1372099996748	14	138	124	show
1367982047861	60	954	446	click
1371352780033	30	766	374	click
1371262909766	113	963	407	show
1371739761984	128	548	55	show
1368052696649	135	358	438	click
1371702355004	49	284	230	click
1372399678230	85	892	55	show
1373017166629	31	827	76	show
1368608288013	49	655	450	show
1373485167711	2	405	184	show
1368512601336	8	854	362	show
1369859852377	108	344	203	show
1369004134808	27	66	304	show
1373298300383	132	169	35	show
1367453841893	16	795	353	click
1372421856051	134	108	295	show
1366940290599	77	430	209	click
1370296061253	138	59	419	click
1366797239296	31	850	451	click
1368964014084	145	550	470	show
1370460685838	57	587	242	click
1368263515596	22	853	328	click
1368199382289	129	56	284	show
1373439309478	103	61	500	show
1371943893358	39	894	117	show
1371307582515	137	869	175	show
1373842098524	142	603	410	show
1368141198297	22	934	249	click
1367652077286	43	268	372	show
1367831637798	103	23	55	click
1366346982880	37	913	346	click
1367532049278	106	126	256	show
1373114225728	3	680	436	show
1371484530395	8	718	64	click
1368446093053	101	521	264	show
1373774763320	45	583	253	show
1371623428228	80	273	113	show
1367379729771	98	748	237	click
1368876274410	141	397	477	show
1368563560186	94	724	489	show
1373932839057	15	955	201	show
1368608541029	14	176	411	show
1368191430428	142	483	424	click
1368361359339	40	952	434	click
1370242159945	53	241	493	click
1366661190538	38	79	197	click
1369520012004	98	152	404	click
1367858207441	22	807	302	click
1369962619521	59	868	226	show
1367758795212	139	328	457	click
1369486475302	135	41	378	show
1369625630745	21	58	336	click
1368287814826	11	849	198	show
1370212382369	107	699	448	show
1366449057265	1	780	368	show
1366753633741	26	298	318	show
1374029350849	135	884	260	show
1366990050279	112	650	327	show
1367531557483	68	560	14	click
1367856636683	44	99	169	show
1368968904668	144	904	305	show
1372957819113	23	744	429	show
1372891275562	70	541	360	click
1373189326671	58	862	30	show
1372380642956	133	203	129	click
1367482991439	20	523	159	click
1372548822025	114	605	56	show
1373687838370	37	448	43	show
1373470913630	46	708	394	show
1367478566940	82	884	225	click
1371839818563	53	382	218	show
1367304727429	7	913	419	show
1367317070542	46	398	437	show
1372205634529	65	204	466	click
1372862600752	21	564	134	show
1370305597052	61	195	160	show
1367378747535	22	759	104	click
1366373618458	79	985	344	click
1368621532590	23	128	489	click
1372278617946	140	411	142	show
1367786956765	66	86	334	show
1368644513159	56	951	206	click
1366759359156	67	628	96	click
1369274009268	131	611	40	show
1370783949831	70	899	238	click
1372100630443	106	500	25	show
1366617528102	146	977	98	click
1372781196406	12	101	324	click
1370361148252	1	7	409	click
1367203803624	19	675	244	click
1366967928190	131	142	255	show
1371735685896	34	264	306	show
1371532130114	33	300	6	show
1372671639660	103	871	208	show
1368129074926	56	652	414	show
1367776369345	104	998	328	show
1370153975554	142	657	326	show
1371785062815	56	923	138	click
1368791974281	100	563	136	show
1369100724826	12	955	439	click
1368044488717	65	733	267	show
1368327832961	84	376	229	show
1370053917004	72	291	419	click
1369225689803	27	329	336	show
1370115805494	117	21	144	click
1372513484208	73	620	106	click
1371181316909	47	584	297	click
1372925172057	31	579	127	click
1370985478275	123	773	442	show
1373304577850	25	958	268	show
1369846540753	27	455	158	click
1367062421581	133	721	49	show
1370897651154	146	295	234	show
1368812167639	84	134	426	click
1372586379230	122	406	194	click
1373402694413	15	586	315	click
1366981310193	94	223	231	show
1372060408960	112	559	482	click
1368371168662	87	536	436	show
1368951986341	79	730	99	click
1373641035485	119	175	342	show
1367365822586	23	53	471	show
1372311512866	73	689	171	click
1366847149749	135	160	316	click
1371759725948	117	433	124	click
1373380980850	150	886	318	click
1373435453506	98	215	451	show
1372150922708	94	99	50	show
1372534076101	11	341	326	show
1371928144207	6	3	453	show
1370048367854	124	520	480	show
1367645813717	40	884	322	show
1373615502025	67	385	169	show
1371723987758	136	742	356	click
1371824960950	59	675	331	show
1371199717202	128	1	9	click
1369346945649	138	118	139	click
1368008168130	28	787	42	click
1367762922162	65	791	380	show
1368944037341	7	766	346	show
1368218496310	117	375	400	click
1374189112158	41	948	335	click
1371453139212	85	979	198	show
1369985373507	137	103	447	click
1369598261557	77	60	36	show
1368962270538	46	249	402	click
1368611944442	86	9	369	click
1368249518301	37	259	259	show
1369629581611	146	12	159	click
1373344979033	26	545	214	click
1369314579313	14	211	382	click
1369840908543	90	213	127	show
1366630561597	18	411	227	click
1371687261240	123	729	296	click
1368182068199	149	667	135	click
1369940531311	143	634	108	show
1372663025721	68	2	269	click
1368786885612	40	114	46	show
1373723556283	67	593	271	click
1367015364284	78	259	4	click
1368361647845	44	514	134	show
1367199710898	71	221	40	show
1367864073332	115	443	78	show
1367467335765	116	53	149	show
1370812638614	45	741	287	click
1371623487527	26	610	379	show
1368150148231	82	574	219	click
1369283295213	69	415	322	show
1370441457047	24	944	317	click
1368868518092	148	673	179	show
1373840859357	138	134	382	click
1371470545537	47	895	209	click
1370317993763	101	261	44	show
1367643927059	62	401	35	click
1367840231344	34	282	30	show
1372082379152	117	498	91	show
1371484304433	33	48	240	click
1372604523906	68	900	15	click
1367220112862	140	131	457	show
1374100626049	97	165	370	click
1371266808856	35	673	474	show
1373137301565	39	322	34	show
1370443757881	73	217	7	show
1372387152444	137	565	379	click
1370264920327	16	668	232	show
1370438928799	125	315	475	show
1366630689921	122	47	179	show
1372757732734	89	148	197	click
1370374032161	29	49	480	show
1368410812756	97	340	431	click
1366764928217	105	970	112	show
1367420082085	31	219	205	show
1368707251695	81	392	183	click
1366967760783	125	790	385	show
1370383319680	14	83	188	show
1367778100739	125	503	140	show
1371765313023	103	562	202	show
1368461782532	72	144	24	click
1366986815058	108	506	129	show
1369890101094	65	809	492	show
1368854683242	55	941	352	show
1370543507966	136	259	318	show
1371758722747	97	742	4	click
1372648250826	11	180	286	click
1367660300959	64	6	351	click
1368936067004	70	151	178	show
1372558960481	139	975	312	click
1368212412091	86	515	11	show
1372331605081	133	384	436	show
1370449020431	45	493	471	show
1370613999956	121	720	190	show
1368439921546	56	139	421	click
1372613548928	44	241	321	show
1373228311247	120	102	95	click
1366613325478	115	142	421	click
1371729655336	119	65	59	click
1373920266956	98	230	424	show
1370817874918	89	738	210	click
1371548500167	111	855	426	show
1373316380635	38	857	382	show
1366695146342	9	973	54	show
1369195009303	64	717	246	click
1367303536526	46	55	305	show
1369966671688	37	121	362	show
1367806106003	70	986	415	click
1366928131112	1	173	248	click
1366509406732	59	307	291	click
1373470075021	45	842	376	show
1370993309361	142	943	191	click
1373307223094	68	280	158	show
1373484422042	33	457	235	click
1371792977548	49	490	362	show
1373789622081	143	662	447	show
1371705039149	53	767	365	click
1373825985897	107	771	48	show
1371940355158	41	914	449	click
1372076069668	44	63	431	click
1369878639717	115	854	224	show
1373361344501	76	280	393	show
1372884153164	94	487	392	show
1367529998104	34	302	359	click
1373437175180	83	85	365	click
1373468618027	118	523	384	click
1370037260564	133	379	96	show
1368357822478	25	78	194	show
1370559153109	49	328	221	show
1368163304685	60	549	79	click
1374085907040	121	880	104	click
1366849014572	10	384	30	click
1372037271747	139	394	436	click
1366721575257	112	730	340	click
1369187346545	81	804	77	show
1368053321823	33	81	7	show
1367682564832	93	87	390	click
1371281785342	83	331	179	show
1371053368973	133	380	151	click
1371537061675	47	438	487	show
1370142309625	136	307	68	show
1371456887022	140	564	113	show
1368826961147	134	1000	469	click
1368092782536	42	560	309	click
1372527831176	56	25	124	click
1367176352634	106	375	303	click
1370824830702	126	522	477	show
1370973500121	35	143	415	show
1368416492257	20	91	11	click
1371478781224	124	30	199	click
1370755575244	87	270	57	click
1373102193398	12	828	379	show
1368584753004	144	328	194	click
1370803914667	98	557	388	click
1367014623419	63	24	209	show
1367329960343	83	123	329	click
1372550297889	75	832	187	click
1370521167902	112	533	51	show
1369939088828	60	535	400	show
1368098459286	47	939	330	show
1370056326183	44	521	276	show
1368590920183	76	629	376	show
1374165461561	115	552	334	show
1371379966534	64	367	144	click
1370924942690	119	227	68	click
1366487285238	6	633	321	click
1372760584744	147	971	8	show
1373893087437	113	77	207	show
1373181163869	145	248	304	show
1369650394743	147	890	205	click
1370012332255	66	150	431	show
1372880559038	50	438	83	show
1367374418829	66	577	332	click
1373647444273	46	414	387	show
1372104736930	7	141	485	show
1373574224023	85	594	99	click
1373667935809	62	591	244	show
1372689808713	146	387	103	click
1367106204888	42	444	278	show
1373672722850	10	343	189	click
1372353625614	7	320	250	show
1372613797041	148	903	20	show
1370136505515	146	612	227	show
1370856978004	33	244	472	click
1369034093070	25	751	216	show
1372938727957	77	260	374	click
1373867924690	139	691	244	click
1372662910794	115	526	66	show
1366967203689	126	393	479	click
1371128780379	84	290	113	click
1367515228916	52	746	385	click
1372462644042	35	865	481	show
1370156359094	85	802	184	show
1368942988516	61	830	128	show
1370449531426	25	501	289	show
1369971306624	55	753	182	click
1368848422026	50	799	254	click
1369434586139	81	76	126	show
1368636758574	4	82	419	show
1367493460615	54	815	278	click
1368640608113	18	228	326	click
1371917286653	126	198	30	show
1372892936140	24	458	331	show
1373780112421	90	172	332	click
1372238552077	69	553	458	show
1370822821397	64	482	29	show
1368556526025	129	3	339	click
1370269840381	125	843	323	click
1372485138862	138	352	52	click
1373136520946	64	590	108	show
1370811342700	101	237	375	click
1368263193262	63	74	238	show
1369725685250	86	952	448	show
1368685831292	88	926	321	click
1370314050424	107	251	207	show
1367104651730	117	962	379	click
1366419337736	132	569	319	show
1370901586844	87	906	304	click
1367512471700	30	549	10	click
1367881217588	89	472	205	click
1368693676760	73	112	38	click
1369635575231	122	141	497	click
1366849004639	58	448	199	click
1371458258944	116	737	28	click
1370810614669	71	478	367	show
1370235756168	87	794	402	click
1367972474723	22	765	425	click
1369580113277	24	964	168	click
1367415459053	125	896	170	show
1368209563480	136	775	88	show
1371288588268	2	836	192	show
1371686729345	63	341	486	show
1370573190167	61	956	331	click
1369894690861	122	73	426	show
1372105142196	13	865	9	show
1370430795406	102	166	8	show
1370513744564	113	152	266	click
1370161745466	83	733	190	click
1373040271136	8	888	18	show
1372427195752	35	483	165	click
1370710231874	31	265	443	click
1373800639216	71	242	147	show
1366659211538	137	651	319	click
1371890376574	31	361	64	show
1369199921948	149	377	306	click
1371753363346	11	336	428	show
1371930894937	51	795	127	show
1367650828076	75	580	250	show
1369597746513	12	903	183	click
1373769274185	11	658	276	show
1366699723614	87	299	345	click
1372784535659	22	830	58	show
1370280732256	74	412	244	click
1368596459721	63	462	263	click
1366458493715	71	760	7	show
1373777551652	112	644	124	show
1372129025940	85	399	111	show
1368434618452	24	732	393	show
1372976057459	101	512	496	click
1370563825101	131	420	23	show
1373748605596	21	674	311	click
1370050218825	120	120	174	show
1367389592804	108	481	63	click
1366740104004	101	488	278	show
1370135146619	139	979	412	click
1373559604633	72	415	182	click
1367550644182	84	466	8	show
1371501021082	117	766	165	show
1366706456378	60	640	43	show
1373514308963	70	750	120	click
1366925776502	105	848	2	show
1370919671246	1	269	319	show
1368843227911	106	290	188	show
1368940292640	14	622	383	click
1367146830276	94	294	258	show
1371719422489	66	415	361	click
1370290983886	149	450	110	click
1371912512526	102	161	45	show
1371090021631	146	281	237	show
1372528418163	148	765	251	click
1368700430451	18	99	246	click
1370029690354	26	83	41	click
1369478806617	33	609	223	click
1368274905438	36	663	302	show
1372033869302	105	340	323	click
1366536470881	108	710	117	show
1367592854202	26	232	6	click
1371403590971	133	673	143	click
1374005161031	78	949	307	show
1367508395710	108	552	279	show
1373296489503	31	857	500	show
1367326813557	137	10	404	show
1372565006729	21	44	11	show
1371236410037	92	43	347	click
1373419143255	52	98	449	show
1366930160045	27	451	387	show
1368337694000	92	510	416	click
1372006832990	124	903	90	show
1366394673394	117	514	286	show
1369887932828	23	364	156	show
1370915784517	36	245	310	click
1371907415612	134	724	394	show
1368821027778	147	736	498	click
1368131758171	149	88	2	click
1367615339031	27	450	272	show
1366919336981	140	978	286	click
1366941263687	7	718	97	show
1370319230214	49	837	250	show
1368688575862	147	654	411	click
1372588410420	30	866	291	show
1373227265136	101	545	221	click
1366442859824	63	512	86	show
1369210883842	123	599	398	show
1372457238168	63	922	19	click
1369175409021	48	954	395	click
1372803893550	11	35	299	click
1367181581257	16	966	354	show
1372997569749	141	456	312	click
1370170080386	18	355	88	click
1372471341154	20	5	6	show
1370970020818	70	615	420	click
1370014452581	79	387	449	show
1373637357471	139	75	266	click
1370933598374	102	42	114	show
1374053413533	79	776	346	show
1373554735531	119	97	169	show
1371287760279	150	668	351	click
1371283095701	109	221	391	show
1371641629339	116	432	148	click
1374194808464	71	2	201	show
1366478139729	81	775	9	click
1372484878592	142	147	472	show
1372310552236	28	83	296	show
1368139280934	24	973	319	click
1371664207982	44	240	258	click
1373696223310	54	664	486	show
1374064667119	77	963	460	show
1372973238559	12	477	311	click
1368399440465	16	107	326	click
1367937894095	79	368	170	show
1366597911502	27	432	88	show
1370158843882	139	470	72	show
1370432169895	127	23	336	show
1369522688837	128	811	40	click
1367211763993	65	434	375	click
1369481166364	83	255	253	show
1372166175701	82	789	424	click
1371673962927	36	505	80	click
1366823786863	83	886	240	click
1368903255788	96	387	88	click
1369612615867	80	810	88	click
1367460903067	44	584	374	show
1370041128427	51	96	258	show
1373166463619	1	894	241	click
1368092068180	136	104	465	click
1373082788868	52	723	223	show
1373776666160	137	231	128	show
1366734714309	134	441	482	show
1373569496533	38	345	266	click
1370753886819	104	691	375	click
1373932207875	95	876	291	show
1366423917441	35	974	216	show
1370158768346	49	762	303	click
1371191960853	126	265	297	show
1369090270856	4	739	257	show
1367427706996	59	668	29	click
1367803953872	108	70	300	show
1373148253772	118	845	289	show
1371058909296	31	385	428	click
1369059201449	129	881	264	show
1372542274238	138	343	163	show
1371104335336	129	261	146	show
1366904805142	50	886	406	show
1371828723814	123	424	127	show
1370276863241	52	918	452	show
1368816407171	94	429	52	show
1371328010658	31	322	4	click
1368759475748	140	910	487	click
1373988457641	77	918	441	click
1370627297625	15	897	150	click
1373612688443	52	184	126	show
1372348743080	29	3	333	show
1371125048796	39	213	344	click
1366746218292	77	252	415	show
1373045456306	129	255	227	show
1370394067833	113	929	131	show
1368954561084	67	853	3	show
1370711490017	111	543	53	show
1372875342119	46	692	355	click
1369430548397	48	414	118	click
1369766945174	36	94	51	show
1371172778243	80	542	10	click
1374066941690	48	57	61	show
1366543620085	54	386	111	click
1371503760083	89	272	136	click
1373137221095	102	739	64	show
1369222296020	114	450	281	show
1367349505934	105	702	493	show
1370026121747	78	425	52	click
1368451711578	103	349	207	show
1368324838292	33	975	477	show
1367724954616	62	757	41	show
1367785345372	75	285	13	click
1373843633585	93	535	441	click
1369168596727	3	224	28	show
1372042164748	61	18	417	click
1373510554631	117	50	252	click
1367898658499	31	475	85	click
1373190540089	50	323	347	click
1372659846451	91	460	280	click
1369523228507	6	880	365	show
1368593723273	99	690	184	show
1372193565922	67	856	255	click
1370056745701	8	55	81	click
1367122690739	141	245	56	show
1368885419675	42	397	103	show
1369506698374	77	606	304	click
1369539683684	114	577	485	click
1366455214763	84	215	218	click
1370668324102	134	103	423	show
1369781017929	107	185	228	show
1368872312726	7	953	283	click
1369982985127	143	303	4	show
1373716708247	29	394	184	show
1371317391923	93	674	238	click
1373008206211	88	614	350	show
1373063994444	54	224	98	show
1370841157819	117	452	297	show
1373361484699	11	159	245	click
1367286256087	55	770	95	click
1369105359265	57	838	262	show
1371999486890	15	150	56	click
1371434771916	44	805	368	show
1374095108771	100	807	149	click
1370053405427	31	528	167	click
1371944982990	104	960	2	click
1373314452829	107	19	170	click
1368836616041	69	774	96	click
1367902693206	18	452	1	show
1370786472045	71	759	139	show
1370784244606	21	871	265	show
1373281066057	116	82	316	show
1368827873814	56	663	228	show
1371352583246	12	97	123	show
1369031931016	35	918	420	show
1369372042006	112	906	496	show
1372892342060	50	234	468	click
1366375691253	18	104	238	show
1373944670996	20	443	116	show
1366815084964	29	288	302	show
1371939509260	125	62	445	show
1366651614613	31	381	458	show
1366657409488	36	476	125	click
1371522167287	75	177	371	show
1368899765831	109	384	311	click
1366871489448	30	287	149	click
1371025389709	107	906	264	show
1374183640249	146	446	470	show
1372485857593	6	645	63	click
1367371529540	145	770	443	click
1371105307982	8	965	459	click
1372813962968	99	285	116	show
1370704991173	130	776	131	click
1374087895986	78	150	133	show
1372368576334	113	543	192	show
1371483086473	57	399	244	show
1368041072109	138	529	139	click
1372541586219	38	934	385	click
1372148388545	65	796	215	show
1368104367900	141	772	23	show
1367599919596	99	707	196	show
1368734405503	48	289	18	click
1366523949173	104	204	194	click
1370663466725	32	644	197	click
1367643166943	91	249	119	show
1369805814781	45	643	283	click
1371297515532	86	578	2	show
1367344132802	90	322	137	show
1372939572895	62	950	407	click
1367973055706	62	762	438	show
1368578877138	12	303	184	show
1371714182525	101	313	50	click
1371868059250	72	987	62	click
1369412364442	71	155	85	show
1372358223780	143	312	353	show
1367262199208	64	959	139	show
1370633894873	1	330	471	click
1373865052775	3	628	245	click
1368748885121	138	928	457	show
1373831249069	93	704	445	show
1368296950936	24	541	154	show
1370703254378	45	631	245	click
1370619020460	103	13	350	show
1369375872910	57	793	183	click
1367397869577	19	993	4	click
1366655682897	68	404	328	show
1366750056244	5	354	247	click
1372755227712	68	505	245	click
1368862724757	132	706	22	click
1370107166297	86	374	171	click
1366436566627	108	377	87	click
1369996918367	21	742	5	show
1372953335617	46	121	437	click
1373878539167	140	119	69	show
1368135634200	87	387	89	click
1372240724522	44	628	434	click
1371210086864	45	767	310	click
1371511432882	69	586	147	click
1371462058154	129	762	384	show
1372528334720	12	975	231	click
1369307419074	65	241	329	click
1369443949832	150	993	244	show
1370688220368	44	173	476	click
1366401516319	29	265	129	click
1373872894629	9	468	213	show
1372511479501	99	333	291	click
1372921515617	62	75	76	show
1373521265295	17	924	186	click
1370465525108	24	510	20	show
1373184517700	43	349	371	show
1366637846224	141	411	136	show
1369488154948	8	419	318	click
1370604646911	51	803	368	click
1372503353644	64	371	485	show
1366771014580	70	81	329	click
1370986753035	45	29	208	click
1366481869796	116	366	405	click
1368383751863	48	748	373	show
1372656390244	134	575	246	show
1367273419634	51	452	104	click
1372823894392	121	309	468	show
1368699114569	2	163	214	show
1372231905760	53	731	339	show
1374077391942	139	207	306	click
1366344355115	27	19	463	show
1371703227936	110	384	206	show
1371961403609	5	891	285	show
1369193471884	21	72	228	click
1367136745929	47	524	374	click
1367436723963	21	116	253	click
1372602711371	149	268	215	show
1372898087782	53	203	105	click
1368848154557	68	539	18	click
1370915245814	58	320	493	click
1367301140401	3	440	436	show
1374151728071	85	251	322	click
1371467594078	119	347	12	show
1370067140735	20	618	9	show
1371782307693	22	499	207	click
1371696641981	64	137	128	show
1367771537721	74	732	150	show
1372635321178	36	250	358	show
1369887658097	117	554	303	show
1373517170641	114	386	446	click
1370083767713	53	243	432	click
1369403632413	66	311	118	show
1373340713969	20	719	423	show
1369292349955	95	85	484	show
1370062265662	96	497	252	click
1367380526407	134	994	337	click
1373218359154	16	511	297	click
1371841808576	50	897	283	show
1367088443645	57	924	42	show
1372124933661	57	739	356	show
1368055607012	48	688	103	click
1371714601476	83	662	274	show
1371144326399	9	691	349	click
1371991892353	148	660	357	show
1367926060511	47	801	438	click
1370941897751	129	836	17	click
1369800361748	128	334	311	click
1369449203577	31	452	388	show
1373026709224	108	988	217	show
1371737143660	106	199	385	click
1372700970503	103	353	2	click
1367544313777	29	733	28	show
1370120005871	61	420	24	click
1373978690291	63	912	488	click
1369201146922	103	997	1	click
1372294897726	59	174	177	show
1368805150178	29	200	431	click
1370310508848	118	381	102	show
1367269121592	27	202	17	show
1369128578986	137	601	392	click
1371129674419	88	491	159	show
1368031495693	105	341	360	show
1369617054654	32	337	22	show
1372356853246	100	525	472	click
1368192919813	7	417	185	click
1368708996301	21	160	259	click
1370637383910	49	68	315	show
1370320827429	43	866	386	show
1367416869229	98	508	53	click
1370756365196	126	27	482	click
1367317580258	37	517	360	show
1367298983751	2	479	411	show
1369115191254	138	887	126	click
1371630464878	17	569	331	show
1370822405929	135	141	385	show
1373021202729	26	340	207	click
1371041973263	13	538	121	show
1373707560422	20	475	241	show
1368926417486	46	387	415	click
1369861694522	24	614	100	show
1371423145915	65	736	489	show
1371311291625	54	120	82	click
1368906078925	126	485	372	show
1372323219212	77	400	397	show
1367406515044	85	522	211	click
1368614895127	90	144	423	click
1372526177902	60	326	274	click
1367834914290	139	197	326	click
1368852347633	145	209	271	show
1369639353188	117	182	376	show
1373459014346	135	390	304	show
1368781507825	125	12	428	show
1369751538079	45	958	184	show
1372803850881	80	584	380	show
1367868383332	49	985	45	show
1366569774844	28	560	313	click
1371810699149	133	143	213	show
1371071787303	36	549	225	click
1367301967454	147	532	459	click
1373121288952	133	494	385	show
1369389277546	128	135	360	click
1367678649558	30	996	398	show
1372466405139	71	45	136	show
1367843589851	68	698	262	click
1369083002702	51	835	328	click
1367948861094	118	30	386	show
1372467921397	52	525	232	show
1366991842416	100	864	84	show
1367631133093	59	743	286	show
1372488727047	78	72	102	click
1373569097222	111	279	471	click
1369825660842	11	459	344	show
1371915077679	105	605	468	show
1372926222177	104	190	365	show
1369663829656	5	731	186	show
1369743575727	23	744	85	click
1368236066485	112	285	479	click
1366470375093	80	54	56	show
1370526890247	136	301	264	show
1372386864016	60	193	417	show
1368958132576	118	572	126	show
1371818920462	105	812	235	click
1372525637387	68	306	380	click
1367777981894	43	653	356	show
1372278430945	54	978	161	show
1366426090315	149	518	92	show
1371252483615	128	742	320	click
1371205370564	124	657	164	click
1373049988447	136	48	181	show
1372547307620	27	650	298	show
1373502266501	16	5	470	click
1370159636618	124	596	454	click
1369642334462	18	145	221	click
1371268909520	147	44	384	show
1369352381594	2	498	182	click
1366461131058	65	160	287	click
1371017252614	113	812	150	show
1369510137500	73	922	258	click
1370511158913	66	961	33	show
1368775184398	125	210	155	show
1368307580519	33	29	381	show
1369422903554	25	644	138	show
1372762893999	117	277	99	click
1371145622320	137	153	39	show
1366792573163	84	765	76	click
1372635185014	93	130	65	click
1374151459394	18	393	472	show
1368633111220	106	290	121	click
1369362808389	3	754	32	show
1371577384942	5	273	289	click
1367788313115	117	267	378	show
1371900041802	19	218	206	show
1367655653174	114	276	389	show
1366876449308	131	65	196	click
1368815009254	92	561	491	show
1373360943681	102	192	249	show
1367011598343	76	669	130	click
1371394115338	55	977	417	show
1366537390239	7	285	240	show
1366646506404	124	191	164	click
1368669876410	22	522	294	show
1369898983663	79	223	484	click
1374106394138	15	766	358	show
1366720450859	139	176	224	show
1369779098363	101	796	29	click
1368183790322	123	777	105	show
1371487525189	128	168	163	click
1366604336436	34	196	7	show
1366825008758	81	933	375	show
1370708766402	30	411	273	show
1370278802349	55	537	108	click
1371629030597	105	914	205	click
1370818108618	99	747	36	click
1369493528270	35	352	454	show
1367019299790	110	930	76	show
1369266592391	67	714	354	show
1373490007377	96	878	415	click
1368044851451	146	615	485	click
1372985041954	11	244	300	click
1371365460121	79	938	234	show
1372451135654	63	999	20	click
1367853991001	1	320	21	click
1372622355166	17	43	441	click
1372659871669	60	639	472	show
1368667510817	38	543	43	click
1367521406639	100	370	241	click
1372140174510	22	612	157	click
1367705436337	142	686	200	click
1370686840039	136	925	367	show
1373534378837	11	852	184	show
1369145430236	24	947	372	click
1373817503113	126	774	365	click
1371244386193	48	825	337	show
1367583720789	107	55	13	click
1367507783915	69	643	167	show
1370073039085	2	782	53	click
1374006529021	40	422	171	click
1371869051136	105	445	469	click
1370606487832	36	710	423	click
1366772976664	130	68	190	click
1369482817820	142	632	440	show
1368226859697	31	69	458	show
1370789274371	127	545	411	show
1372033583445	132	290	27	click
1367236039132	79	139	382	show
1372721869123	5	673	477	show
1366974999243	107	919	385	show
1369422822929	59	146	256	show
1369984897738	58	911	88	click
1371108207040	69	303	177	click
1367128366094	57	436	166	click
1373316081150	25	702	42	show
1370014955358	134	18	11	click
1370957487840	123	688	368	show
1370072806852	118	702	419	show
1370156352973	117	821	335	click
1367395131026	61	784	107	click
1371120461667	149	567	422	click
1370636995036	130	834	101	show
1370041939094	61	902	83	click
1368101221722	111	826	376	show
1370292800303	57	362	218	click
1372590546223	62	667	305	show
1369885114913	12	633	359	click
1373427377774	7	625	390	click
1370163308070	8	593	207	click
1371086357254	50	537	406	show
1367257969319	50	637	196	show
1372941646193	135	974	442	show
1370906665636	97	706	207	click
1366583567713	116	820	42	click
1371920877055	2	814	11	click
1366930431853	116	793	273	click
1372817696358	95	218	307	click
1370435782562	5	680	113	show
1371116950245	20	959	97	show
1367277493822	23	554	453	click
1367470643449	132	622	429	click
1368040614442	138	807	100	click
1367886744366	5	518	385	show
1367182083493	121	966	396	click
1370754600678	48	747	64	show
1368793504509	9	717	361	show
1367141906734	112	249	326	show
1367996177000	140	58	379	show
1370234700013	66	91	91	click
1366586140755	7	855	3	show
1367850478509	101	801	453	click
1372069494848	106	845	189	click
1371335703494	32	250	340	click
1367537126814	126	984	139	click
1367053901444	55	381	284	show
1371146605471	53	73	343	show
1370228361509	29	488	70	click
1369674829809	150	872	384	click
1372331604707	99	489	351	show
1368364614509	132	284	174	show
1369625873138	103	147	87	show
1369376943460	110	76	111	click
1373885440206	147	227	209	click
1367525950105	92	482	31	click
1367931539658	4	304	128	click
1371147125369	59	82	83	show
1368556017085	93	335	53	click
1372508763325	114	144	202	show
1374070048616	52	628	269	show
1372178920970	95	659	168	show
1368428920714	69	462	7	show
1367171242882	42	265	429	click
1366723725720	5	983	318	show
1366919011664	29	279	146	show
1372074543421	5	323	92	click
1373760562989	132	321	391	show
1371348070986	1	527	379	show
1370135654032	55	45	107	click
1367804487770	101	483	132	click
1370697218638	141	299	347	show
1372093494290	94	285	298	show
1371097880019	20	939	29	click
1373609969820	102	403	66	click
1367862685475	16	648	331	show
1373196541828	74	332	313	show
1366660633573	15	404	232	click
1368419963628	145	416	12	show
1370654748953	3	880	407	show
1367887798442	117	845	393	click
1368303520963	115	514	91	click
1368235115814	4	467	257	show
1373829116742	70	733	228	click
1366807883855	46	86	49	click
1369610754995	112	406	127	click
1372053775748	12	380	242	show
1369767510032	129	514	20	show
1374106614893	120	747	444	show
1368169890897	119	598	323	show
1370363240192	24	639	223	show
1373786637422	57	446	175	show
1373928831480	77	723	439	click
1367763561633	77	78	194	click
1371701868853	46	923	474	click
1366700453929	74	810	459	click
1370339376520	77	247	280	show
1368228777860	52	821	78	click
1370954629068	105	36	253	show
1368801603167	135	797	312	click
1371058410705	82	528	342	click
1367368830160	101	81	31	show
1367669402648	95	226	288	show
1366626815719	70	306	466	show
1369271517463	38	232	307	click
1367721827737	24	208	431	show
1369022515855	75	459	305	click
1372766158961	110	22	479	show
1369833966130	64	240	233	show
1367217579766	15	766	475	click
1370490694164	59	142	486	click
1370911979098	126	928	307	click
1373754344731	53	676	119	click
1373524344938	57	177	5	click
1368986629963	25	991	480	click
1370154991769	59	853	131	show
1368801034788	121	45	68	click
1371684971950	131	53	368	show
1372069834037	13	29	65	show
1370246701859	143	4	307	show
1369103692995	86	315	238	show
1373233297664	77	880	173	click
1369861948439	132	270	464	click
1373905734199	78	234	326	click
1369492797263	141	485	455	click
1373985880979	11	784	105	click
1373637207953	12	599	397	show
1369441738418	6	992	240	show
1374000233975	73	755	381	click
1370195841748	108	628	398	show
1367022586244	14	579	187	show
1373956885334	54	248	319	click
1372093946336	116	234	327	show
1369220751933	24	824	16	click
1366387939178	75	73	162	show
1371081281204	34	434	220	click
1371227830022	82	702	203	click
1367639082129	138	313	322	click
1373118669104	6	464	457	show
1373563851461	94	567	495	click
1367019849762	150	381	176	show
1373817753360	58	690	164	click
1368847315076	41	131	15	show
1373627879917	75	325	151	show
1367122268418	96	772	4	click
1370226610665	136	96	209	click
1368632895888	36	233	301	show
1370999361955	103	364	127	show
1367925940483	15	695	478	click
1372780226828	28	34	69	show
1370158135451	37	238	329	click
1373054482549	125	825	409	click
1371778543634	59	889	428	show
1372768281283	35	693	491	click
1373299576322	139	369	38	show
1366609428305	126	390	409	show
1367954402095	101	503	294	show
1370646163354	147	247	326	show
1368183961991	71	775	401	show
1367385339517	49	52	196	click
1370982411446	135	613	117	click
1368799658748	29	901	229	click
1370633834466	62	659	460	show
1372692382255	14	491	43	show
1366525329930	107	637	52	show
1371024165688	69	495	282	show
1372540070986	92	370	432	click
1371494164027	130	514	460	click
1368944308808	47	409	3	show
1369905979193	34	281	30	click
1373845843098	2	755	3	show
1368373747257	77	521	5	show
1366841145094	123	331	3	show
1369666478574	99	221	247	click
1367035908446	110	854	37	show
1367182511924	27	309	387	show
1367685536400	93	856	269	click
1372186570814	24	35	37	show
1367289044528	47	153	369	click
1371949068358	34	714	155	click
1368638201409	24	805	63	click
1368707521244	28	788	445	click
1371678813093	68	572	371	click
1367916917799	6	910	161	show
1367470979423	33	84	275	show
1373602147185	123	111	134	show
1373578123492	72	384	499	click
1369301460017	135	227	139	click
1371738147327	117	502	167	show
1372298477108	90	949	65	click
1374168000534	16	199	30	click
1370989135119	78	817	368	click
1368691801592	44	822	103	show
1372309716600	33	814	346	show
1367068665530	120	744	120	click
1366761052079	26	672	185	click
1368082177215	29	345	151	show
1373290529985	112	245	402	click
1367755275857	55	987	119	click
1368725421822	142	100	247	click
1367246271302	119	80	478	show
1373357588367	56	89	259	click
1369319212198	146	330	28	click
1372885168824	46	178	405	click
1367491213162	89	328	22	show
1374181302638	120	697	454	click
1367333278954	60	926	458	click
1368750275933	67	116	198	show
1373164767616	141	848	488	click
1370850761649	112	42	162	click
1371512106510	43	207	23	show
1371667744474	49	877	49	show
1367038471740	24	692	494	show
1369633344863	59	621	179	show
1370362226216	40	131	197	show
1367437538015	39	868	196	click
1373417839423	75	258	452	click
1373311911318	85	203	416	show
1371645313484	93	404	254	show
1367447512823	80	779	38	show
1373372775424	5	833	471	show
1367105296509	103	996	405	click
1367035488368	50	182	355	show
1371304237264	130	298	217	show
1373898754173	54	410	343	click
1374123781555	67	621	381	click
1368054296434	20	998	309	show
1366988830984	120	176	381	show
1369119666483	100	242	115	click
1370856585181	19	531	208	click
1370747858642	98	252	9	show
1367981388831	130	323	433	show
1372506597472	135	282	262	click
1368338235589	118	499	401	click
1367609187365	80	85	24	click
1366641244478	44	393	100	click
1370155820935	71	988	100	show
1371499607288	67	446	359	click
1373264102257	126	518	263	show
1366383192021	68	141	101	click
1370607731324	134	818	392	show
1367965040466	106	153	454	show
1369015284559	145	415	381	show
1369533451142	20	924	8	click
1366484777337	94	348	143	show
1373854468137	92	84	421	show
1369527942444	127	343	16	show
1368703525905	146	261	371	click
1366805283314	3	402	418	show
1373703721739	147	288	149	click
1373836266440	106	826	469	show
1373758752118	33	420	293	show
1373016566337	120	392	231	click
1372348383226	20	454	171	show
1372707544810	17	701	157	show
1370784534564	63	64	46	show
1367469765589	116	429	296	click
1373373014378	69	735	88	show
1369065610380	14	498	159	click
1367619433934	63	327	139	show
1369610923492	56	485	257	click
1370725305945	140	600	310	click
1369634827856	45	841	180	click
1366629079469	59	103	323	click
1373438526605	57	456	3	click
1371063198848	61	601	492	show
1366498297855	72	970	309	click
1366607989333	98	516	390	click
1371594664095	52	507	453	click
1368352677592	131	880	240	click
1368349225114	138	739	203	click
1369408492155	143	575	211	show
1373680732579	106	933	48	show
1370823469772	37	159	320	click
1372009171395	22	103	119	show
1373664203848	98	12	10	click
1374057955958	84	742	158	show
1367925907231	134	924	177	click
1366974850276	150	227	140	click
1369497884287	38	463	193	show
1371410635644	145	634	110	show
1367397514735	127	906	106	show
1368521622024	46	541	125	show
1368698951678	78	398	98	show
1373016968150	33	194	348	show
1368634157552	67	999	346	show
1367140655257	58	679	404	show
1370580224841	143	460	90	show
1372887992504	100	608	284	show
1372825429829	45	223	487	show
1373845207254	98	176	423	click
1373152796369	69	354	430	click
1372772078628	23	238	370	show
1373510213007	51	353	383	click
1368244296771	85	818	290	show
1368876104654	120	660	296	click
1371122271312	102	792	257	show
1371083707544	77	39	34	click
1368743392967	5	32	362	click
1370495523474	15	863	155	click
1368477875483	27	373	420	show
1368007176858	100	748	456	click
1372561025740	149	958	86	show
1371824510968	27	955	293	show
1366710412525	123	625	181	show
1372006613916	15	753	252	show
1373320264992	113	881	314	show
1368669894036	43	60	462	click
1368824687279	43	18	318	show
1372856627528	61	606	87	show
1372728395700	86	835	234	click
1366905329569	96	526	19	show
1371039482715	79	891	203	show
1372837219109	125	730	469	click
1371925808135	62	615	225	click
1367386264095	48	194	333	click
1372007838174	80	33	322	click
1369389073486	93	965	411	show
1369972256369	35	174	75	click
1369737183065	15	653	266	click
1370790474335	59	262	197	show
1370295785095	112	121	31	click
1368314890770	59	930	348	click
1366381721122	9	684	446	click
1367849483905	130	74	407	show
1367285122479	119	247	444	show
1366674751672	100	660	332	show
1367213077868	88	328	447	show
1371954834263	134	730	50	show
1366569281491	60	310	405	click
1372634350460	135	83	235	click
1369654209075	41	990	250	show
1373359138867	148	448	226	click
1367702790055	82	82	79	click
1368490798576	45	979	400	click
1368204868390	137	514	266	click
1369676368014	58	140	445	click
1368628597531	30	509	454	show
1368387255269	47	149	68	click
1366606814505	96	705	232	click
1371064279945	66	292	308	show
1368723915059	29	445	416	click
1368612792614	133	793	75	click
1367984101994	134	930	465	show
1372109311674	47	463	203	click
1372802760257	70	638	257	show
1372109484651	8	790	170	click
1367378427067	56	482	114	click
1373778902294	93	407	431	click
1369590377425	24	432	429	show
1369672960305	129	872	354	show
1367950529397	28	403	73	show
1368856268553	72	592	321	show
1367523896252	117	380	291	show
1373922964707	38	515	88	click
1367411378722	65	46	223	show
1373293956261	106	114	52	click
1367168412647	105	13	173	show
1373249887602	142	95	189	show
1370526894177	113	820	28	click
1367855208311	28	796	199	show
1368022394205	71	762	451	show
1373045608536	140	4	321	click
1369447995438	24	218	69	show
1367634497693	67	888	154	click
1369700082830	46	19	197	show
1372562450992	83	438	169	click
1371367225777	122	403	14	click
1368967825488	6	14	447	show
1371424461142	117	199	18	show
1369127541247	33	310	63	click
1370194568025	46	784	491	click
1369491744364	37	223	55	click
1368395711927	122	402	43	show
1371613257416	8	37	182	click
1367185412520	139	551	453	click
1372723948167	52	41	163	show
1373794716414	31	524	395	click
1367036395437	141	570	150	click
1369353427362	140	551	26	show
1368924849669	1	323	31	show
1370221642280	58	902	377	show
1368304994016	84	197	184	show
1368837140461	55	419	467	show
1369758875613	100	332	218	show
1370054626402	90	174	487	click
1371323055138	22	461	422	click
1366572822254	104	851	101	click
1372119651880	127	133	280	click
1372137600078	38	134	70	show
1367278830340	101	690	35	click
1372184503432	96	888	203	show
1371283874468	46	912	310	click
1369511425943	100	806	96	show
1373335252386	44	10	133	click
1369704724784	85	706	326	click
1369575195630	119	859	298	click
1370910284445	140	151	318	click
1367139713648	38	787	474	click
1367372036151	74	417	366	show
1367897587960	131	132	471	click
1368186883117	24	606	457	show
1373001794014	103	228	188	click
1368127421611	99	68	287	click
1369104487853	130	153	411	show
1370945647979	91	21	309	show
1367502696205	15	6	454	click
1369753596102	33	166	224	click
1374017023175	99	79	267	click
1371506876057	54	333	272	show
1370115966591	123	845	324	click
1369049958982	124	474	251	show
1371771242866	65	76	437	show
1369148113205	88	723	249	show
1372869890370	34	42	75	show
1368843726260	88	442	50	click
1367578411572	144	765	337	click
1368617422781	60	98	209	click
1372472805788	113	989	68	click
1372889130710	83	90	367	click
1366657687668	85	664	472	click
1372650455753	130	77	106	click
1368608850253	136	341	458	show
1366611231908	135	410	318	show
1369477955142	47	671	189	show
1367138558931	59	469	253	show
1372354399867	126	498	58	show
1368185670301	57	236	237	show
1370499804865	22	819	490	click
1369683682225	73	436	327	show
1368822996693	23	445	287	click
1370988146875	128	347	293	click
1368693176625	1	495	387	click
1371370567825	45	647	428	show
1374181226330	27	773	177	click
1370302709761	100	89	75	show
1368289440409	95	313	339	show
1371457237807	77	15	264	click
1369179613061	145	240	289	show
1371698717583	33	414	92	click
1370892242732	68	418	64	show
1373649101848	41	567	335	click
1369294688962	16	607	335	click
1372115671222	75	633	172	show
1368892832583	52	841	69	show
1373940580663	125	334	296	click
1369281688083	124	114	338	click
1367292120600	38	441	56	click
1366745926022	29	541	265	click
1371265341752	50	172	192	click
1373083759684	50	822	79	show
1367145052989	106	743	346	click
1373637339779	116	140	225	show
1371863072237	52	871	312	show
1371901660312	133	120	445	show
1373465800161	131	440	176	show
1372144868648	28	915	172	show
1370185178009	99	570	124	show
1368776820478	123	897	94	click
1370129424339	86	563	95	click
1373486986445	125	262	442	click
1368052826955	82	673	240	show
1366969832166	13	835	101	show
1369384212183	110	820	194	click
1371133936963	7	811	457	click
1369122855187	29	542	41	click
1368616123773	137	527	314	click
1370174084897	47	233	156	show
1371963643753	99	80	19	click
1369536926792	27	321	485	show
1370591913952	6	804	296	show
1372300078450	105	300	77	click
1370625996181	44	204	255	click
1370746746667	8	1	107	show
1367635748779	127	940	429	show
1367047751398	50	989	51	click
1369657913974	53	289	399	show
1367546337857	48	572	429	click
1373462949693	129	495	297	click
1372961412019	14	48	166	click
1370166437809	135	639	238	click
1369743379262	2	283	234	click
1373726674651	90	300	313	click
1370844843727	85	509	430	click
1374034608492	92	550	368	show
1370784343659	26	351	406	click
1370850856551	70	507	116	click
1366801623912	37	373	410	click
1370197350370	87	741	138	click
1369229038900	80	970	374	click
1366962085226	124	972	326	click
1371473746605	49	885	99	show
1373840774314	42	642	285	show
1368968943494	19	401	478	click
1371676960643	119	843	334	click
1370246608626	19	950	53	show
1373529107833	16	873	484	show
1371450363591	145	365	309	click
1372417535434	109	380	232	show
1373508257429	7	976	286	show
1370451964348	82	839	156	click
1373934725292	7	679	470	show
1372786161117	60	881	352	click
1367616877430	128	197	429	click
1373318416857	35	582	465	click
1372515025353	59	264	200	show
1368106838632	122	146	65	show
1371409891496	93	851	486	click
1371368781513	113	833	339	click
1370897322432	72	846	115	click
1369906416794	64	190	360	click
1366932752230	104	118	448	show
1368201573299	137	754	306	click
1372396088731	112	406	283	show
1366726380446	24	867	123	show
1372240237953	14	288	113	show
1373268985917	75	98	419	click
1373117421241	123	478	99	click
1373547422158	61	466	193	show
1369809669134	37	37	364	show
1367982020797	82	597	76	click
1371502962396	53	465	194	click
1371634007331	23	658	147	click
1368381012374	94	414	26	show
1372690627400	127	396	26	show
1373510153035	110	697	256	show
1368182417932	4	995	216	show
1370758110840	150	760	100	click
1370727549325	63	610	310	click
1370600527334	84	115	305	show
1367728638034	61	957	433	click
1367827811596	114	478	306	click
1371847021089	127	872	235	show
1371135832818	23	668	112	click
1373573497799	8	20	331	click
1373553921082	73	872	77	show
1372904200844	98	19	287	show
1373879290102	118	15	90	show
1368155456159	60	775	402	show
1370904966252	84	63	64	click
1373145846934	72	35	411	show
1370833825097	132	808	477	show
1367205325740	75	397	100	click
1370809348426	122	148	463	show
1368560870794	104	776	376	click
1371417250751	41	113	498	click
1372787423710	149	209	333	show
1370457274941	89	671	413	show
1368586923640	25	456	187	show
1372177239308	145	879	350	click
1369423151227	128	613	280	click
1368123240598	117	714	44	click
1367200330345	85	239	170	show
1370643601296	138	56	110	click
1372495635390	32	22	386	show
1372292642070	112	172	251	show
1371585413519	50	519	118	click
1368697694550	7	819	441	click
1367128838760	114	324	288	show
1366515637268	148	672	285	show
1367397274091	137	808	462	click
1371211431687	10	491	168	click
1371554306948	54	572	295	click
1367230950908	129	586	304	show
1373372679900	37	117	168	show
1369683048165	89	839	11	click
1368317598689	98	71	302	click
1367203562966	91	454	167	show
1371325100158	94	860	388	show
1373280963570	115	766	355	click
1367984462196	35	333	391	click
1369785968292	17	721	484	show
1366513068155	65	12	140	click
1371253057095	150	560	211	click
1369335757972	24	502	363	click
1372088498556	8	476	402	click
1373214596236	60	806	148	click
1368373390443	102	438	326	show
1368247466864	81	57	22	click
1368698613190	12	32	22	show
1368424556220	17	539	470	click
1371738286279	5	371	313	click
1368422009691	129	387	449	click
1370762310792	44	897	114	show
1367390394289	73	71	157	click
1373475431409	10	548	213	show
1373648002246	126	50	225	show
1369362101044	59	128	258	show
1367987965573	148	633	457	show
1367062788751	145	441	51	show
1367521176432	85	254	226	click
1373861950978	2	217	363	click
1370152031509	137	959	220	show
1373487697522	35	380	217	click
1368900365552	75	446	202	show
1369565220296	67	33	305	show
1370641730813	102	793	199	show
1371955083560	22	799	479	click
1370588862741	73	919	487	show
1367387338659	112	991	4	show
1372472466340	5	269	455	click
1371030382768	110	410	4	show
1369270849778	144	766	449	click
1368613588998	84	169	377	show
1367973163061	97	833	114	click
1367837783220	22	686	60	click
1371169272590	121	112	291	click
1369186335034	29	26	460	click
1367872177099	87	652	250	show
1371589557944	58	636	145	click
1369991602344	145	653	241	click
1368371397123	137	131	246	click
1369128804892	58	795	260	show
1370693594871	26	870	495	show
1366656262899	131	589	232	click
1373475570047	1	533	71	click
1366386136249	132	119	257	show
1370967006520	145	812	101	show
1367076977334	18	599	497	show
1369738673318	100	247	421	show
1368766799703	121	592	181	click
1369996922970	82	448	206	click
1371444556295	72	695	64	show
1366736867289	119	502	195	show
1370297421369	107	949	318	click
1372046498575	113	672	337	click
1369771314114	57	521	115	click
1371995396268	51	138	414	show
1371052075568	3	174	385	show
1369536860327	150	837	377	show
1368734624211	138	848	181	show
1372805404487	119	660	27	click
1371580654727	51	788	228	show
1367775055390	62	551	268	show
1372769052235	16	625	499	show
1370775815110	14	997	136	show
1371924606047	129	351	29	show
1368960938579	12	217	346	click
1367528684891	65	985	283	click
1370665111877	145	887	492	show
1368522619674	34	270	372	click
1373704936535	46	45	186	click
1371246090999	40	932	24	show
1368359616250	78	521	319	show
1370795582052	62	900	419	show
1370919109964	27	611	160	click
1371672772325	41	463	1	show
1371000035534	133	685	280	show
1369544349989	118	810	59	show
1370242866322	150	730	133	click
1369356219377	94	184	113	click
1366352107823	62	621	379	click
1367960624102	53	61	454	click
1366924306930	91	853	108	show
1371191660371	126	633	291	click
1373325566611	97	784	463	show
1367977079580	17	709	87	show
1369641097530	30	95	105	click
1370055558084	7	149	45	show
1367720180204	28	955	461	click
1370118499966	10	128	81	click
1369040431552	86	181	59	show
1368902145356	91	39	74	show
1374047530202	27	115	453	click
1367957046856	133	346	63	show
1370915068493	117	842	296	click
1369916034052	44	347	379	click
1373422221720	145	377	38	show
1369749804040	51	381	323	click
1369793055577	67	396	387	click
1371258595641	83	699	35	click
1367448013178	77	184	283	show
1371447630396	55	835	46	click
1373360606247	135	381	23	show
1368028067461	110	266	500	show
1372933899314	108	210	89	click
1368654919854	125	676	69	click
1368989494370	111	53	438	click
1366937358883	22	701	253	show
1369059351698	86	401	230	click
1370971751007	121	348	408	click
1369308292408	42	238	4	show
1373188132673	63	763	98	click
1370226557684	132	585	343	show
1367647827717	21	935	264	click
1371728902493	114	577	24	show
1368856134754	92	838	47	click
1370952539699	22	71	212	click
1370675987933	35	870	404	show
1372063647050	119	418	311	click
1370405245905	63	843	313	show
1372099071064	142	816	105	show
1369930305675	95	401	42	click
1371931744949	102	706	81	show
1370408312704	75	516	381	show
1367280634830	138	44	410	click
1370063912779	18	964	122	show
1368386191863	69	222	188	show
1370283755389	39	366	455	click
1369712914743	33	823	29	show
1370522189755	2	115	173	click
1372330750459	29	578	60	click
1372646634070	27	608	274	show
1369902381711	127	125	492	click
1370729749622	145	491	269	show
1374032272927	34	11	79	show
1367141861386	21	958	131	click
1367266810289	132	161	338	click
1367785326300	106	219	54	click
1370616988428	89	362	313	click
1368339760164	83	89	373	show
1367818461345	121	792	296	show
1369606164186	121	44	336	click
1369424791482	143	321	30	click
1371810639648	85	676	260	click
1373599536056	30	441	77	show
1368766618556	126	761	390	click
1367518649542	11	789	414	click
1367186943254	87	372	183	click
1371183748509	90	896	268	show
1370894219991	105	48	212	show
1374096114219	55	391	120	show
1369775131548	4	463	290	show
1369879949705	110	400	29	click
1366379130734	111	694	285	show
1366550200218	44	339	297	show
1371795874741	103	439	312	show
1368849126520	72	115	389	click
1367317946215	42	633	272	show
1368857253707	13	89	114	click
1371425906176	110	624	257	click
1370204631998	115	35	327	click
1371124788087	131	416	450	show
1367907004828	19	37	414	click
1371806377743	56	185	289	show
1367781515562	8	340	42	click
1368427410835	1	96	334	click
1369632965346	132	859	453	click
1366697947848	74	499	146	show
1372845227103	98	262	88	click
1370314515480	69	812	174	click
1369568510549	14	515	488	show
1374201177021	3	560	99	show
1370720499510	25	747	222	show
1368153197261	92	720	17	click
1366980736736	32	431	111	click
1369022000116	18	787	258	show
1367828414838	59	549	372	click
1373270906141	142	303	192	click
1367205015200	16	856	164	click
1369088119999	81	645	140	show
1367473865031	76	218	200	click
1369214925307	7	279	329	click
1371604317548	126	824	88	click
1371050647976	96	211	252	show
1369217726664	114	335	409	click
1369678377765	68	206	471	click
1369247941757	92	75	219	show
1370127184604	51	996	426	click
1372651369657	54	605	399	click
1368278416558	132	885	427	show
1366548279402	120	627	102	show
1372384627478	31	402	249	show
1367846919325	69	277	142	click
1372793459880	114	163	337	show
1373178856368	130	103	242	click
1369169528186	83	67	196	show
1366979351010	21	540	172	click
1369400971097	43	509	367	show
1373129728005	16	326	40	click
1370119531486	111	452	3	click
1373245386575	71	493	233	click
1369346912670	21	649	405	show
1368411900284	19	299	290	show
1368655165350	1	502	172	click
1373206149043	11	139	288	click
1367837379377	21	801	275	show
1370322577293	49	62	419	show
1371016609949	135	96	202	click
1367691937707	93	677	4	click
1373599573117	27	713	366	show
1369087768908	69	164	109	click
1369406168225	106	976	177	click
1371554958257	113	376	71	click
1367576033247	98	410	126	click
1368259947960	49	94	167	click
1366818064156	142	469	408	show
1372587590230	54	321	175	show
1368215939545	66	29	313	click
1373747421811	50	212	306	click
1368188901911	52	708	269	click
1367378753698	57	685	324	show
1372137667871	18	361	439	click
1371399513534	91	898	428	show
1370948250033	62	226	51	show
1370654557422	90	48	223	click
1369836699494	58	238	213	click
1369253611603	5	544	452	click
1371604487833	148	350	288	click
1370207575178	96	505	148	click
1371333390192	105	298	193	show
1368741372828	136	774	206	show
1370458546850	66	572	338	show
1368767251186	139	201	397	show
1367752230270	49	633	347	show
1368966749711	130	657	299	click
1367198033083	134	117	418	click
1369791455128	99	463	267	click
1366689022743	2	208	238	click
1366756235763	64	321	337	show
1368249271412	62	929	19	click
1369030137751	148	359	421	click
1366690614061	95	17	471	show
1370413065993	42	481	182	show
1369726236508	48	641	344	click
1372627152418	138	661	235	click
1369660521813	126	39	205	show
1367981136193	34	465	216	show
1371257117814	104	236	303	show
1368907046059	123	954	345	click
1366552822187	4	565	352	show
1370122923199	54	720	298	click
1366994981805	112	450	93	show
1369944833542	17	592	410	click
1373099355940	112	320	468	click
1366398325778	120	707	138	click
1370756072259	118	133	141	click
1368665485575	35	848	227	show
1369401686515	50	355	386	show
1372492872205	6	104	160	click
1368768729127	53	646	104	click
1373085117774	20	491	477	show
1373119150232	110	500	80	show
1372749464382	81	822	59	click
1370167808869	65	358	56	click
1372933934377	77	199	328	show
1367830544432	31	406	493	show
1371480368205	72	651	473	click
1369759832044	139	939	100	show
1370510351577	133	261	287	click
1371082268778	27	736	409	click
1366700953345	77	153	92	show
1373216550581	3	958	301	click
1372466878731	143	975	430	show
1369746266543	33	5	146	show
1372319698015	102	954	247	click
1373829363123	34	5	427	click
1373847603593	4	142	307	show
1368281984955	126	785	462	show
1373037839745	134	868	5	show
1373693958900	13	955	79	show
1368800457220	131	646	84	show
1368738650403	41	614	248	click
1368401453620	143	988	190	click
1368984635128	146	510	387	show
1370117235491	115	412	494	click
1371043123785	28	83	179	show
1369897464126	13	626	135	click
1373817057097	122	384	279	click
1372647080295	6	767	479	show
1370912949188	63	77	371	show
1366396714310	132	343	13	show
1369745309286	63	784	50	click
1370963280777	96	371	93	click
1373062051859	37	527	315	show
1373655824979	104	966	3	show
1367894076013	149	392	326	show
1372747965698	91	710	64	show
1366449859365	132	148	194	click
1367689448006	141	661	278	show
1372980197693	14	393	86	click
1373303349038	55	563	116	show
1369058194930	106	411	118	click
1371997487141	8	129	30	click
1367050160974	125	796	19	show
1366974754744	27	892	213	click
1371206039500	91	654	477	show
1368556059879	116	97	210	click
1372840881965	30	407	133	show
1367426507345	126	272	481	show
1371516193431	10	464	18	show
1370007921519	59	974	111	click
1372426041225	81	1000	91	click
1370521580634	112	258	360	show
1372027495387	77	645	260	click
1372670758182	95	865	465	show
1373262034769	141	624	237	show
1368897789262	81	155	223	click
1369355280428	62	627	334	show
1366552283514	45	316	305	show
1370337696773	62	154	196	click
1366950699845	34	708	435	show
1368652071698	61	73	351	show
1371486488097	21	973	94	show
1369698260773	117	343	266	show
1370623631793	27	913	223	show
1369173685391	93	999	465	show
1371540440451	75	988	368	click
1371348562171	108	375	172	show
1367812432763	16	245	312	show
1371385181554	60	19	328	show
1370083068707	70	659	16	show
1373626692734	6	884	193	click
1371420508115	3	787	432	click
1366752641029	47	746	26	show
1370695616153	104	3	392	show
1372981009609	15	535	292	show
1368810236148	86	194	459	show
1373551954029	81	873	89	click
1367833323348	137	139	54	show
1374087430000	109	361	394	click
1366498593275	58	352	260	show
1368367038219	49	688	32	click
1373700887726	91	103	285	show
1366854677552	130	598	39	click
1368208815464	30	339	57	click
1373370349024	36	273	391	click
1373338273926	124	717	450	click
1370650890251	122	586	494	click
1370157882724	139	532	59	show
1368508190917	67	895	222	click
1366872734576	49	653	162	show
1369876172769	60	614	18	click
1372601622410	91	570	288	click
1370914492782	85	363	320	click
1372686240701	120	250	195	click
1369199915580	77	281	185	click
1370138693950	145	614	114	click
1369531367614	149	315	435	show
1373805519545	43	468	125	show
1372335165617	49	514	4	show
1371588800396	71	422	400	show
1371011021473	108	51	333	click
1370537102557	40	387	300	click
1369418346340	76	640	88	show
1372527996058	112	512	210	click
1366510483966	80	427	241	click
1369691176956	65	339	60	show
1369087713237	47	257	300	show
1372515200149	99	512	75	show
1368813972340	147	830	161	show
1370739759174	61	886	82	show
1371413634846	149	703	149	show
1373447023557	116	893	454	show
1366626896221	8	483	413	show
1370419448244	109	620	292	show
1371432071580	108	459	461	click
1371495729306	2	278	324	show
1369705788056	60	330	195	show
1370343343318	36	257	252	show
1369282658046	77	965	393	show
1368368622806	52	660	176	click
1373827311754	149	16	376	show
1372136685570	129	980	305	show
1368232798864	34	907	78	click
1367343357785	81	487	43	click
1368460955824	3	209	210	show
1371884566947	37	232	321	show
1373343538257	60	164	172	click
1372694162556	109	243	456	show
1373937816059	70	407	498	show
1369745613173	72	852	112	click
1372538236220	89	352	364	click
1372920413494	15	702	269	click
1366710662070	43	854	10	click
1371995771169	150	866	252	click
1368236363707	25	625	412	click
1370660206931	5	545	265	show
1370170189053	92	871	34	click
1370220499892	84	614	137	show
1373592582286	29	909	408	click
1366601118868	81	763	73	show
1369514661046	131	735	166	show
1373493610067	65	536	295	show
1371144346107	43	758	65	click
1370545885804	88	875	160	click
1368864231921	2	852	230	show
1369241339914	71	28	52	click
1372120680825	22	956	448	click
1366710856642	75	304	394	click
1374202042690	69	899	82	show
1372909824267	7	740	323	click
1373681003774	93	667	204	show
1369279504031	50	701	16	show
1366377618776	119	236	250	show
1372696486207	21	153	103	click
1366853406831	121	382	496	click
1373598246587	136	351	79	show
1372835448236	14	960	341	click
1366917244987	120	126	454	show
1368593791064	131	799	255	click
1368696998100	17	999	280	click
1368538193961	22	221	396	show
1367085670890	37	336	376	click
1369743042682	132	972	141	click
1372697121136	65	801	200	show
1367488215526	81	799	58	click
1372750209806	62	592	34	show
1371438400738	19	922	138	click
1369179508193	117	250	373	show
1373400766636	49	727	186	show
1368502115346	72	765	470	click
1370207817284	69	800	306	click
1370789465650	7	437	385	click
1372947924688	142	383	145	show
1368865567699	37	486	306	show
1367659888635	86	419	359	show
1368846263227	150	277	422	click
1367043750649	35	264	121	click
1371163669645	92	749	441	click
1374046782813	90	478	382	show
1373102938311	133	652	478	show
1368896719304	17	719	72	show
1367224884080	139	616	321	show
1366591817301	91	97	224	show
1371473599810	133	449	170	click
1370791260915	146	512	387	show
1373146511550	21	409	85	click
1371029914874	131	324	23	show
1372139110325	116	242	281	show
1368502062166	88	797	251	click
1368143863880	85	62	79	show
1371866732222	20	89	120	click
1372354637181	40	69	243	show
1370083485501	116	577	465	show
1370374059861	128	215	53	click
1368324702970	119	859	477	show
1372261255258	51	46	253	show
1368609236415	7	732	482	show
1369101453573	110	208	402	click
1368764163748	61	374	67	click
1371623844767	135	236	338	show
1368905914920	106	404	109	show
1372589693009	101	603	424	click
1373036787911	38	378	64	show
1373910325712	107	552	292	click
1368437499560	64	49	121	show
1370496100509	123	973	365	show
1369259590879	103	837	210	show
1369177834123	68	508	389	show
1373005135833	96	621	278	show
1368773888983	118	849	23	click
1373098422559	83	845	8	show
1373924745529	111	987	211	click
1368369413065	27	429	295	click
1370737337521	117	547	376	click
1372432495250	99	888	472	click
1372556517421	63	549	450	show
1370578523980	2	701	449	click
1368998186383	90	860	372	click
1372159301734	14	155	308	show
1368740208273	59	294	108	show
1367784294238	112	511	56	click
1371229837511	41	375	156	show
1368343195114	34	60	92	show
1366404461495	43	1000	141	click
1371524640399	28	221	279	show
1371263388856	71	452	333	show
1373036682524	137	344	101	click
1373821348476	76	253	305	show
1368482481365	78	937	108	show
1371713474855	116	978	53	click
1367230431859	1	398	390	click
1374013989239	50	345	397	show
1367096323860	18	628	39	click
1369304222443	80	757	20	show
1370924379545	41	527	489	show
1369457552510	107	298	470	show
1369665189666	73	935	444	click
1372901154281	71	332	215	click
1372530495494	81	329	126	show
1371571542667	33	162	48	click
1369960325129	33	477	119	show
1373971526707	29	805	212	click
1367118503612	90	801	500	show
1373553642820	32	421	104	show
1372557647274	129	114	33	show
1370167985341	6	807	296	show
1368849817873	140	202	33	click
1368295869789	142	676	77	click
1373056530753	75	531	40	click
1371683188277	77	424	205	show
1367754361461	30	438	14	click
1369009729041	109	357	97	show
1366546906161	40	594	80	click
1366476359611	96	935	15	click
1371192931456	47	501	173	click
1370859838547	70	254	48	click
1373272853106	107	785	161	show
1367073946183	45	574	150	click
1372458118991	84	861	183	click
1373961535806	47	194	25	click
1367676766300	143	792	133	click
1372443435098	140	684	44	click
1371030746104	116	554	254	click
1374155651368	9	284	198	click
1372318592477	110	737	140	click
1371102823453	2	828	484	click
1366473435477	36	774	199	show
1372015472487	76	416	87	show
1367556913040	24	530	15	show
1372385675990	26	321	142	click
1372076083772	66	706	116	click
1373190616556	104	114	260	click
1366801792710	129	687	419	show
1368020293051	77	66	292	click
1369651812522	127	525	124	click
1373289513515	94	324	330	show
1369842748712	67	438	10	show
1370469296290	84	834	78	show
1371413195915	71	578	470	click
1372041867644	122	916	267	click
1369333161687	35	54	334	click
1373351913660	19	565	462	click
1371032234128	132	19	329	show
1371321489005	129	895	145	show
1372242819648	3	784	424	show
1369096923022	82	68	39	show
1367057874920	115	259	214	click
1366483678661	103	42	481	show
1371873623976	96	535	244	click
1370901156782	97	103	74	show
1366523278753	97	473	104	show
1373582027097	58	776	279	show
1370825654780	72	946	272	show
1373609421300	79	682	174	show
1370525724410	27	140	91	click
1368474844569	76	619	318	click
1372660987094	14	674	239	click
1369712883392	66	162	382	click
1373406730244	140	947	287	click
1366820366229	92	850	109	show
1370440475819	43	424	431	click
1371527875847	29	562	51	show
1366617568953	137	87	94	show
1366763040265	35	156	486	show
1371980733755	123	109	450	click
1366892932433	55	137	432	show
1371267418022	13	191	50	click
1369608585774	55	430	420	show
1372824442352	61	398	401	show
1367401425154	149	260	130	show
1370763575169	116	37	324	click
1370367671565	124	543	226	click
1368273771197	18	517	51	show
1367970233378	33	340	291	show
1372240601274	37	306	341	click
1367450125992	135	51	38	show
1370752058185	113	868	390	show
1367747770585	63	149	185	show
1367164797873	4	81	463	click
1373829312585	84	90	126	click
1367617181882	135	92	300	show
1372280773832	82	804	94	click
1372327696793	142	181	392	show
1371116704602	70	913	95	click
1368245267669	122	896	261	show
1369870049959	76	278	199	show
1372848128812	49	328	99	show
1370443738813	100	22	454	click
1368653488480	19	78	220	show
1367971802223	136	840	418	click
1370924665492	35	574	88	click
1370906116682	22	796	141	click
1369401035536	11	633	340	show
1367628151193	144	652	368	click
1372676449047	79	693	63	click
1367288874777	95	195	161	click
1369190767730	56	974	227	click
1369259626497	129	659	500	show
1373163299535	75	289	250	click
1369764476656	18	386	135	show
1366659389790	47	664	265	click
1370165609880	32	3	288	click
1369169860698	63	449	206	show
1367686583303	64	576	384	show
1369412377761	110	138	246	click
1372338390484	113	656	111	show
1371706523241	91	849	171	show
1370437809832	27	920	194	show
1367941212848	34	929	408	click
1372236351015	59	455	46	click
1369745625759	137	338	305	show
1372937845364	112	507	131	show
1373432805713	80	569	14	click
1373013669544	49	271	166	show
1366596943213	30	250	450	show
1367848864660	138	894	151	show
1368335626900	75	506	31	click
1373217567945	76	632	150	show
1371195350708	86	954	66	show
1370930294594	136	229	8	click
1369234686630	9	322	106	click
1371448223895	60	867	111	click
1371398091877	84	309	304	click
1370145806875	101	180	10	show
1367401967594	89	962	486	show
1366791135941	91	195	212	click
1371934585368	120	120	172	click
1369842512467	46	29	160	click
1372146845160	82	819	261	show
1372374825292	86	315	457	click
1367192483185	39	179	53	click
1373823570791	22	30	497	click
1371842067684	62	828	285	click
1368204675536	83	334	439	click
1371628104273	8	951	178	click
1372387236576	35	918	389	show
1370793600734	22	818	313	click
1371973949599	87	316	48	show
1367910447733	91	850	247	show
1367789895364	19	888	242	show
1370300844993	120	784	104	show
1367864653383	46	891	429	click
1367685071132	38	200	23	click
1366881708899	124	727	46	show
1371076234036	19	334	304	click
1371129061347	114	720	148	show
1368164646894	19	442	148	click
1373982256688	35	749	11	click
1371671306918	51	404	292	show
1371122746233	11	769	192	click
1372442198146	92	501	369	click
1367976889503	47	63	442	show
1370489601480	101	982	453	click
1372060211007	78	933	28	show
1371176108995	78	180	497	click
1367286843202	19	580	129	show
1371043961292	60	794	420	click
1370797874892	137	235	447	click
1366786945574	54	485	60	show
1368589779295	82	261	83	show
1372300873584	134	612	317	click
1367999236787	121	307	14	show
1372640627438	1	932	177	click
1374166464121	134	405	6	show
1369722496291	43	66	372	show
1372169092219	58	635	335	click
1366634676843	137	901	171	click
1371812336625	91	349	18	click
1368603266860	47	378	161	show
1366549161334	114	152	120	show
1366889556114	85	508	167	click
1373496919580	124	320	384	show
1371226542686	121	781	324	click
1373190572050	62	4	322	show
1371735970936	117	399	429	show
1371077228654	28	83	52	show
1372295556331	102	704	445	click
1373524995240	60	679	97	click
1368865935200	56	980	297	show
1373444733629	20	591	29	show
1373541759284	17	579	194	click
1371871171549	114	827	202	show
1371820867321	122	562	105	show
1373528081927	136	920	138	show
1366553119271	40	969	292	click
1371478983944	127	983	464	show
1370824869728	33	632	427	show
1373022787965	119	407	296	click
1366834246873	23	766	105	show
1368690568801	1	965	286	show
1366884991270	27	816	226	show
1367840972173	39	456	47	show
1369661226100	109	98	314	show
1370332506850	131	931	278	click
1368214929343	29	340	380	show
1369327632203	39	299	202	show
1369692322605	36	857	280	show
1370920506503	25	425	260	click
1371899835298	25	519	240	click
1367211373831	73	456	336	click
1367761213758	27	861	86	click
1373015076162	24	137	437	click
1373265044584	57	436	246	show
1368367220296	104	432	269	click
1373249944839	134	147	51	show
1373083050908	132	735	138	show
1367246849122	26	161	394	click
1370847839398	27	310	425	show
1372908562891	130	781	440	click
1372589283877	27	828	197	click
1366610671247	124	659	59	click
1372571600054	139	944	137	show
1373578707232	28	353	73	click
1372830295323	106	727	270	click
1373846843915	131	410	348	click
1367235709471	26	656	412	show
1372426501261	59	164	188	show
1372067704228	113	590	338	show
1368980943296	7	104	259	click
1370112431797	11	613	344	show
1367540765934	9	973	345	click
1372158845765	86	300	1	click
1368789206134	131	54	46	click
1369689716464	61	154	360	show
1374060137930	96	185	381	click
1366407212853	28	128	37	show
1373669099681	31	347	371	show
1368256317362	25	260	51	show
1371790626533	77	751	197	click
1373612570811	147	163	83	click
1370008597640	91	998	83	show
1373467747603	131	689	351	click
1372092964769	15	205	33	show
1369191937597	80	553	345	show
1373759652573	121	631	315	click
1372561649423	114	692	207	show
1370147118126	71	692	242	show
1369275868995	97	758	61	show
1373326526975	75	415	195	show
1369125681987	83	67	481	click
1372764543363	57	61	7	click
1369645833311	127	16	121	show
1368014005347	46	554	424	show
1372447879511	106	682	324	click
1372581262607	45	33	224	show
1367477664123	57	595	445	click
1370999987216	127	903	266	show
1366486740192	24	582	428	click
1373604746017	95	754	284	click
1366852702322	94	767	73	show
1368752154139	77	386	380	show
1373593269604	101	882	62	click
1368741477500	61	989	341	show
1374179421374	40	850	93	show
1372838365607	101	222	101	click
1373016116749	135	627	342	click
1370536817315	135	22	93	show
1370072218337	1	786	343	click
1373451687381	15	64	162	click
1372198929487	50	221	148	click
1373535541174	76	825	111	show
1369509111030	92	491	406	click
1367082581925	118	487	470	show
1371122605881	34	782	71	show
1369639044869	78	885	278	show
1368027659032	11	14	424	show
1368993424108	52	636	211	click
1368211998268	12	634	457	show
1372172858313	70	595	467	click
1368086396813	48	916	59	show
1368762216600	114	918	340	show
1369348851321	90	890	347	click
1371833877077	72	752	209	click
1370476267243	34	217	478	click
1367174665240	133	399	400	show
1373277939127	128	555	477	show
1367857762528	46	154	457	click
1371101799675	121	607	129	click
1371040973858	65	806	276	show
1371423246718	76	658	230	show
1372465979349	14	308	52	show
1369492374243	4	977	350	click
1369843253182	51	453	304	show
1372528674495	131	677	427	show
1373206951160	117	338	315	click
1367078689515	71	988	185	show
1371399256273	123	607	223	click
1367139787029	7	996	403	show
1367111582703	15	594	262	click
1367884295234	3	631	164	click
1370163046538	85	761	160	show
1368933877661	49	636	217	show
1367949615524	72	902	232	click
1368012077103	71	772	46	show
1366874419173	116	48	124	click
1368837769231	117	94	127	click
1368093517448	12	63	270	show
1373262763024	21	673	321	show
1366611081570	41	446	197	show
1371529335094	49	549	72	show
1369437401344	130	512	136	click
1368872805718	53	613	359	show
1367283601355	38	495	82	click
1372009059363	101	718	184	click
1369419843479	26	422	239	show
1369759433643	91	106	229	show
1371821713046	117	56	359	show
1373153330688	128	581	396	show
1369137458794	34	567	258	show
1370082850546	69	840	95	show
1370993328829	132	41	225	click
1369877763287	47	485	427	click
1367486232809	13	652	344	click
1366780158538	21	666	411	click
1374072317408	136	414	92	click
1373940027222	130	700	270	show
1372987031818	106	5	163	click
1367746265507	114	327	295	show
1368218143529	116	198	112	click
1371745740771	80	842	148	click
1373923064326	132	647	238	click
1366413577136	141	430	126	click
1368789753615	85	253	371	show
1371623230002	140	410	239	click
1367585743175	21	277	11	show
1370417198930	39	839	289	show
1369419436166	95	882	56	show
1369737293772	77	706	177	click
1370627317490	132	534	144	show
1366938226626	116	584	229	show
1366632985244	73	177	187	show
1368233550363	102	268	70	click
1373675504971	48	395	436	show
1373325043547	16	22	193	click
1367552409442	120	986	365	click
1373468715965	12	744	269	show
1371597967655	1	102	127	show
1370851554424	41	924	152	show
1371222585729	47	896	128	click
1369623884648	51	633	111	click
1371793668272	94	618	173	show
1370344365300	132	688	159	show
1370105244745	61	905	357	click
1371508397170	119	44	364	show
1373299166853	51	549	477	show
1369754411481	110	407	137	show
1367033418761	79	660	265	show
1370238735079	112	655	200	show
1367428435574	139	714	169	show
1373276888633	146	136	206	show
1371037631725	129	984	337	show
1372452849199	113	785	254	click
1374187044220	33	405	251	show
1370943414188	7	403	206	click
1366664586202	82	861	337	click
1371776032437	98	236	292	click
1370748554385	132	617	89	show
1369454510168	141	263	140	show
1371140690566	50	73	224	show
1369308980752	98	172	315	click
1373639753863	15	692	449	click
1368843206984	34	694	452	click
1371672885383	111	569	273	show
1369704660194	122	61	257	click
1366976866838	131	758	182	click
1368559073876	19	235	338	show
1367834273549	48	436	220	click
1372732048979	87	39	272	click
1366532509808	81	431	249	click
1369428925376	142	845	18	click
1373320506253	30	184	195	show
1373676996907	19	737	41	click
1372714051294	107	760	185	show
1368451618844	119	160	286	click
1367508546084	114	193	381	show
1372960712581	8	601	159	show
1372504924065	29	927	43	show
1368106825518	65	770	130	click
1370250221116	24	193	416	click
1367414436901	37	661	410	show
1373741799276	74	140	184	show
1368439081861	118	283	341	click
1368338474381	86	615	372	show
1368248526260	118	692	409	click
1373149000312	49	273	480	click
1373225571457	85	17	167	click
1373092819785	124	430	145	show
1372626362690	20	688	45	show
1369405515930	46	745	35	show
1371012619130	63	78	228	show
1366675122225	8	809	218	show
1369433607283	74	383	222	show
1374157517800	68	432	282	show
1371992266909	131	993	389	show
1373444293889	7	613	205	show
1366426078657	125	677	425	click
1366463314567	112	570	250	show
1367839200087	34	527	251	click
1372734574336	110	99	48	click
1371240464859	57	368	341	show
1372061967818	71	417	180	show
1366856438014	98	163	65	click
1371006242290	11	687	221	click
1372020970033	138	50	101	click
1366449812343	86	75	127	click
1372864593365	72	788	420	click
1371608664019	133	46	396	click
1370210638621	63	521	89	show
1367520695494	2	993	329	click
1368692783777	17	350	183	show
1370128420900	91	110	245	click
1370112888566	79	234	424	click
1373547787180	38	565	387	click
1373092887474	24	584	197	show
1368067267227	47	648	443	show
1371263568094	47	863	372	show
1371547225314	66	598	36	click
1367466496590	17	949	327	click
1370313713594	57	359	150	show
1372454033869	50	526	397	show
1370023533709	36	652	109	click
1373265254313	25	691	408	click
1373918309401	18	406	312	click
1369996404732	80	962	95	show
1372210676018	148	368	123	show
1367135531679	33	880	353	show
1368854464737	111	780	112	show
1373234857067	28	321	96	click
1367729097661	40	814	155	click
1371334639783	86	701	240	show
1369350246842	64	200	360	show
1373361819150	107	524	482	click
1370929052315	129	442	206	click
1372522259198	84	831	486	click
1367769579153	34	555	252	click
1371078592822	62	461	453	click
1373812766133	27	220	57	click
1373220051017	70	2	110	show
1370661703388	52	266	117	show
1368470676677	86	156	245	click
1367029198320	121	40	333	show
1373391497205	94	671	302	show
1369334756370	85	171	495	click
1371794715399	73	621	125	click
1369860574435	46	82	265	click
1369681755089	113	336	228	show
1368794310075	49	945	206	show
1366692002853	31	529	16	click
1370873846222	102	656	269	click
1373966286543	87	788	483	click
1373878909036	6	688	220	click
1367070683694	92	641	434	click
1370206143984	74	821	253	show
1370822017354	111	350	458	show
1369459499189	104	43	94	click
1366700911710	33	622	324	show
1367888222030	94	807	288	show
1366764473878	44	138	205	click
1368870800328	44	120	129	click
1368597112159	64	505	337	click
1370401095892	46	788	298	click
1369484522126	69	490	16	click
1370077025945	125	456	418	show
1371572215235	52	6	285	click
1372141532566	17	911	31	show
1366358178680	121	936	358	click
1373769923229	27	529	252	click
1373368232649	77	70	126	show
1371995478001	1	905	51	show
1373418520013	2	705	144	show
1370021846503	145	4	420	show
1366934244121	79	500	405	click
1370883486695	84	67	408	show
1371968290380	87	595	437	click
1370988827610	19	348	107	show
1372870311758	88	332	340	show
1372652736318	54	392	53	click
1369045494282	95	105	88	click
1371266838098	36	893	210	show
1372901935075	83	662	469	click
1371362207358	67	585	486	show
1369056952204	144	385	114	show
1373955035589	4	754	160	show
1370783414761	22	695	158	show
1373890412164	117	722	485	click
1371954411799	27	534	11	click
1371850766926	16	56	135	show
1373953343220	35	875	46	click
1368381189583	115	245	458	click
1368200407152	119	655	120	click
1367144477538	65	873	63	show
1371639827178	37	827	227	show
1369366502208	3	783	365	click
1370853816454	71	54	253	click
1373163489819	56	878	415	show
1374011212466	104	508	68	show
1373290775831	106	931	306	click
1366740842377	75	990	432	click
1369655145211	62	600	221	show
1370686381664	70	653	48	click
1371876501798	34	594	240	show
1372959062422	134	36	350	show
1367049991370	54	724	357	show
1367908020486	89	20	320	show
1369134734693	76	450	53	click
1374011496380	117	755	11	click
1369996684382	89	476	109	show
1372516048038	147	671	104	show
1372559380746	40	198	300	show
1369612760688	50	966	424	click
1370325622472	93	920	39	click
1369138644955	2	214	444	click
1371121766986	4	844	234	show
1373660455538	93	8	175	click
1371612305943	20	199	348	click
1372653318425	80	865	144	click
1368340675656	114	119	51	show
1368369286947	150	224	355	show
1371344920348	143	547	55	show
1370047425174	32	879	183	click
1371491328020	24	931	158	show
1367372825377	36	950	276	show
1371245771356	111	665	216	click
1366715338177	31	470	482	show
1371605677168	2	195	310	click
1373898058247	49	770	407	click
1367103075151	97	856	74	show
1371273759096	45	48	158	show
1371875003542	118	535	367	show
1369165273312	60	385	322	click
1373981946663	29	617	425	show
1367265441797	33	733	365	click
1370999548760	24	519	172	click
1368120843658	121	484	396	show
1372815366007	48	593	288	click
1370678310249	104	660	411	show
1367460842517	27	363	434	click
1372132556486	117	497	25	click
1372778418202	15	220	466	show
1369472736230	123	706	146	click
1373799923580	51	171	160	click
1372706583023	129	680	214	show
1366603520527	45	693	20	show
1373056057781	32	834	81	show
1369789110501	112	171	225	click
1367524978707	89	881	276	show
1373887530939	114	286	72	show
1371237744610	117	598	145	show
1370477014875	109	292	115	click
1372073237954	38	208	138	show
1373847030146	40	167	243	show
1368994580052	132	481	418	click
1367377934591	88	688	357	show
1373934623423	28	574	26	click
1371512812327	34	817	311	show
1368118994377	5	608	454	click
1371590998361	42	726	24	click
1368621702697	40	264	48	click
1372960708075	43	276	354	click
1370182074362	11	3	358	show
1372672748415	149	423	247	show
1374180681085	121	631	33	show
1368568635797	126	599	341	show
1371367110662	144	486	269	click
1371051904848	113	382	255	show
1366725522679	146	479	381	click
1373560972088	54	58	463	show
1369341433230	79	969	470	click
1368000290918	10	703	250	show
1372043251824	99	666	306	show
1369640886795	61	356	184	click
1368376494770	91	546	318	click
1370402088396	133	501	108	show
1367287931300	90	341	110	click
1370488161870	84	371	203	show
1370733210839	28	964	474	click
1370720627090	62	18	146	click
1368160247593	135	668	174	click
1373884546492	50	371	324	show
1367316788643	63	863	252	click
1369789450300	103	605	381	click
1370672963682	117	41	94	show
1371953774887	145	550	89	click
1366377827637	59	984	375	click
1370628238912	133	317	386	click
1370470922884	130	989	411	click
1372974868678	100	11	13	show
1369613900901	97	962	478	show
1370562045177	108	837	2	click
1372962064574	3	594	424	show
1373646119850	139	311	349	show
1366431470982	30	529	345	show
1370208373491	65	772	227	show
1367256122767	133	428	109	show
1367569221134	83	125	425	show
1369683422699	49	814	473	show
1368155690616	79	874	97	click
1366418826115	81	408	419	show
1367118558065	45	862	64	click
1374044492590	84	815	17	click
1367698265328	110	605	236	click
1372855058433	136	951	309	click
1372623235135	51	276	65	show
1370105246111	17	129	485	click
1373956553759	130	309	384	show
1374014069980	62	902	212	show
1371723319430	30	613	312	show
1372675378260	105	184	382	click
1370531248381	5	470	68	click
1367893042360	90	736	205	show
1372181170531	86	135	412	click
1370709583413	139	568	196	show
1368397542528	55	979	324	click
1368245530562	68	379	305	click
1370057777091	105	55	136	show
1367858579010	68	123	482	click
1373152183351	80	77	192	click
1374126519906	117	685	62	show
1372889736895	64	107	189	show
1371300680114	7	319	263	click
1372061761906	22	929	169	show
1368213472984	87	103	308	show
1370140816502	125	379	349	show
1373146238245	5	720	259	show
1372069834810	73	376	459	show
1373293636668	5	56	67	show
1370801642969	17	995	58	show
1369265031239	101	786	377	click
1370362253690	53	967	29	show
1372128779097	109	175	305	show
1366566629953	91	212	81	click
1366800254819	64	987	500	click
1367116256433	139	630	209	show
1371729465635	144	992	462	show
1368571653784	146	954	68	show
1368638204191	118	74	293	click
1369987268211	36	485	499	show
1368762114037	142	246	26	show
1371689273307	47	476	92	show
1367490496434	30	259	408	show
1372772462629	148	322	145	click
1373616128135	144	904	194	show
1367473507552	146	650	290	show
1367946490178	95	283	382	click
1370821491141	123	824	393	click
1370173840530	13	332	110	show
1368200542598	60	443	154	show
1372039749286	120	236	336	click
1370367754847	24	871	474	click
1366488690527	24	505	212	show
1371846826060	41	704	410	click
1373125375701	60	931	483	show
1372423826359	56	4	381	click
1367540536928	23	56	432	click
1368627989210	147	346	367	click
1371218698822	139	455	203	click
1373240731557	123	718	383	show
1372649100835	101	217	281	click
1368220965482	63	577	160	click
1370053832520	122	838	50	click
1371678236548	130	81	447	show
1371325282434	119	86	489	click
1371725650963	86	869	160	click
1372329162468	30	254	155	click
1371980107434	38	936	302	click
1373901026557	51	436	222	click
1368735285214	149	347	46	click
1373026826862	139	833	75	click
1370006375429	56	191	148	click
1367111494550	23	975	452	click
1373068215148	123	592	16	show
1371023702399	52	926	473	click
1373500468764	101	386	337	show
1370590052654	23	556	215	click
1369118150259	131	425	13	show
1373093697556	75	968	374	click
1371055091545	82	897	223	click
1373264446233	92	800	317	click
1374125040578	43	730	467	show
1373051280451	93	373	142	click
1366995381973	119	678	365	show
1372540884127	46	905	240	show
1368229226398	111	109	356	show
1370038600848	73	825	34	show
1368488819867	133	382	200	click
1366630632330	88	740	492	click
1367839857960	82	806	144	click
1373098312424	131	241	324	click
1368432602766	43	635	368	click
1371312931077	50	466	397	show
1369569514075	148	231	104	show
1369204039798	87	128	318	click
1373986173342	18	653	450	click
1368519636413	91	504	227	show
1367075757636	135	778	106	click
1369539776579	135	844	242	show
1367707745514	90	347	422	show
1366762468395	55	250	498	show
1371363225583	76	321	455	show
1367708838566	117	151	297	show
1367606507577	100	833	70	show
1369931559040	99	35	215	click
1370455074739	18	502	124	show
1366740482469	127	254	443	show
1372195233509	55	519	120	show
1366466217563	14	212	318	show
1367737482648	73	277	197	click
1368473394880	144	486	319	click
1370775018855	8	252	110	show
1369141211836	12	493	388	show
1371065956492	48	524	382	show
1370284603159	20	89	133	show
1369743275487	48	721	436	click
1372863306993	15	755	339	click
1370824258542	150	431	271	show
1373370041281	46	957	310	show
1372149051899	39	52	202	click
1373923221381	43	606	82	click
1368751518194	51	711	81	show
1371425843063	91	411	79	click
1369452743540	89	844	125	show
1366778885162	74	282	375	click
1371483082373	70	864	166	show
1372250405839	52	164	178	click
1368630861857	125	932	122	show
1368348488530	26	116	422	show
1371157716654	131	183	235	show
1373298347588	30	606	304	show
1373106431702	49	102	275	show
1369391294068	141	103	494	show
1367756949326	109	131	415	click
1373919270758	99	696	46	show
1371610053579	104	646	114	show
1370622712278	133	151	57	show
1373209566393	33	703	230	show
1371769979595	131	187	141	show
1373147136411	40	883	476	click
1374110100363	97	605	344	click
1366795268420	70	959	189	click
1371322003453	89	337	243	click
1368003931607	42	977	477	show
1371203650200	63	885	287	click
1366927098376	6	478	468	click
1367943023369	113	792	2	click
1369519134081	113	393	54	click
1373158127691	57	707	33	show
1369493402848	120	216	256	show
1366499787829	83	175	186	click
1368300276778	41	246	44	click
1366732162427	60	869	52	show
1368387247544	37	314	353	show
1371423294467	2	11	369	click
1369072537763	21	287	351	click
1371919106266	111	404	474	click
1368595746412	93	493	276	click
1366357575024	40	571	298	click
1371081273557	11	293	135	click
1369886772580	58	780	118	show
1370866256450	144	808	214	show
1372638200271	80	536	330	show
1373226322094	93	160	343	click
1372273708215	41	151	489	click
1372901196269	63	15	48	show
1369700429079	148	63	284	show
1372352549854	146	562	345	click
1373965087450	106	538	64	click
1373435394107	73	72	54	show
1372194781234	135	212	452	show
1369810258883	84	657	57	click
1368815398394	61	534	413	show
1366702591146	64	183	477	click
1366730741619	87	763	352	click
1371044906135	87	283	206	click
1368902009602	92	892	10	click
1368156735720	29	339	442	click
1372470897338	82	533	310	click
1369112900419	85	196	199	show
1368181874825	147	502	124	click
1371204197128	146	275	209	show
1371917403577	5	667	277	show
1370746211959	149	761	460	show
1369603415282	77	471	321	click
1371878566305	69	495	97	show
1369190699250	79	317	145	click
1370787977795	73	509	96	show
1367110908827	7	977	399	show
1369316485924	18	751	300	click
1370356353472	36	197	15	click
1369904688219	62	415	251	show
1369049380087	31	249	257	show
1368761026502	117	237	239	show
1371481098741	82	616	321	click
1369766213706	82	560	398	show
1366629109805	148	568	78	show
1372329472252	50	658	216	show
1366406941634	85	334	318	click
1368727710410	88	218	98	click
1369011968744	123	551	312	show
1371993873480	79	400	196	show
1370392152735	142	988	92	click
1370217355365	82	65	142	show
1369129330820	40	527	336	click
1373151720692	7	620	271	show
1368779277362	27	860	307	click
1369973355053	3	166	471	show
1373779000956	89	509	311	click
1371120912710	71	126	481	show
1373108500701	133	250	488	show
1371819419909	81	818	87	click
1371864493378	53	798	349	show
1369268870299	63	545	259	click
1370352190898	44	239	216	show
1369007961825	121	684	341	click
1367464359506	9	348	354	click
1367387518384	65	993	212	click
1367221776984	27	193	494	show
1367010288926	87	802	437	click
1368728071841	91	126	126	show
1369485444266	149	342	154	click
1373874115183	104	143	391	show
1369804914965	3	780	470	click
1373839581319	103	564	419	click
1366972325151	70	856	23	show
1370521708489	53	280	265	show
1372128555691	124	519	482	show
1369617372989	88	690	382	click
1372600696452	71	8	427	click
1372029551460	135	852	492	click
1374135163237	143	637	198	show
1367074808136	50	718	440	click
1369044501040	141	596	342	click
1368517131840	4	812	362	click
1372882438371	129	346	145	click
1371257091341	62	758	422	show
1368030793451	106	166	246	show
1366762618907	55	145	342	show
1372932131277	106	669	254	show
1367818991245	143	190	341	show
1370732656004	106	472	320	show
1374178830852	135	62	268	show
1371340256464	8	544	242	click
1370033366489	72	324	327	show
1366747085512	25	86	349	show
1370673538541	73	167	332	click
1373588916645	32	745	241	click
1370954516414	47	23	236	show
1369915700361	63	517	109	click
1369016660792	5	740	490	click
1373778639037	8	563	310	click
1372661987654	39	552	73	click
1371349837319	2	506	366	show
1366883865320	102	46	78	show
1372268277969	56	943	343	show
1366717923550	110	175	43	click
1368235005723	105	689	437	click
1371880998718	107	450	85	show
1370682425283	5	609	300	show
1367037809927	19	115	203	click
1371251280706	5	858	420	click
1369449084400	148	627	377	click
1370337375077	150	629	92	click
1373353854103	37	856	153	show
1368282850377	138	719	442	show
1370858215366	13	956	270	show
1369816887783	128	507	314	show
1372377956667	78	950	77	click
1370245412454	78	390	186	click
1372526521252	100	872	99	click
1370917191232	114	536	486	show
1366442679688	67	557	108	click
1367763939142	141	369	177	show
1367823514625	2	399	76	click
1371324625937	5	286	97	show
1367126477651	111	924	62	click
1370076965169	123	284	433	show
1372316325792	103	282	256	click
1371548083654	95	959	382	show
1366403091227	10	124	446	show
1367818754692	56	628	243	click
1368683750829	76	3	271	show
1367763847547	64	793	165	click
1368390210886	51	714	490	click
1372496311781	140	878	176	show
1370076659269	108	759	13	show
1367187274522	58	493	46	click
1373579789965	38	625	444	show
1370339430359	29	528	42	show
1372592289121	78	218	98	show
1369486762702	83	864	68	show
1368643429234	140	882	4	click
1373486729543	74	15	325	show
1367539821929	2	186	243	show
1367626685896	3	14	121	click
1374098696985	37	657	356	click
1373222578442	115	998	355	click
1368999928558	19	441	472	click
1368018346655	77	970	317	click
1369624785726	7	177	416	show
1373471878548	68	359	450	click
1373850534944	82	478	106	show
1368543318851	135	560	38	show
1366413305139	122	561	198	show
1368833207999	147	794	363	show
1371176378122	73	125	225	click
1371894909859	94	68	249	show
1372197949848	122	111	204	show
1367232426125	5	482	185	show
1366943061471	136	733	199	show
1372779709377	33	87	323	show
1370757914884	1	247	365	show
1368539266439	48	373	328	click
1370536724325	11	147	195	show
1370358290654	33	885	355	show
1371996793788	124	222	224	show
1369390953604	44	386	364	show
1368338534686	65	153	6	click
1371535784483	38	335	39	click
1367438490119	101	505	266	click
1372511744432	51	186	28	show
1373918697115	76	361	159	show
1373157465904	94	111	76	click
1370347633768	32	537	310	click
1372730215261	13	277	44	show
1368544784561	26	640	399	show
1369669937894	11	321	190	click
1367286804293	61	713	388	click
1371567844914	56	120	315	show
1369674912104	28	143	376	click
1368400748139	89	260	403	click
1372133864090	106	172	271	show
1369369821130	127	468	361	show
1367588421728	79	428	326	show
1370132826258	30	199	185	show
1370191633049	38	494	190	show
1372567212015	13	907	195	show
1366795999029	112	181	300	show
1370760777258	30	455	101	click
1372619155167	117	451	251	click
1369229511246	47	756	173	show
1366724480349	2	389	88	show
1370705311890	60	306	318	click
1367228482552	145	269	171	click
1369963987587	18	851	137	show
1369113086273	71	34	296	show
1373460724466	70	87	177	click
1368075297488	89	579	261	show
1368778521873	54	32	384	click
1368232573863	1	480	132	show
1368814931417	14	838	92	show
1372349455220	33	51	459	click
1372185504774	30	832	225	click
1368888453882	76	947	493	show
1367249010176	33	49	414	click
1371389434446	106	241	381	click
1372287978763	38	883	74	show
1368035535457	116	940	246	show
1368085320307	20	625	30	click
1367236968466	11	991	329	show
1368856824264	28	379	19	show
1367595486958	49	904	58	click
1366532005250	113	312	134	show
1366784761602	74	210	63	show
1370346329078	54	958	147	click
1366874705907	64	942	76	click
1372045431729	15	518	454	show
1370762369390	123	229	240	show
1367695837194	53	436	58	show
1369207224942	102	430	92	click
1367980959988	55	234	140	click
1371303607350	73	8	183	click
1367771134155	23	732	108	click
1368840031064	18	973	61	click
1373519529398	4	679	158	click
1368640261317	109	801	408	click
1373127767640	90	343	225	show
1366447547359	150	776	137	show
1368760971213	126	782	270	click
1368187506943	98	552	370	show
1374134140500	143	841	471	show
1370057379778	76	441	369	show
1372228835359	50	528	118	show
1369468914444	79	931	269	click
1371317254304	27	165	73	show
1369822513679	56	624	100	show
1371462308825	78	77	151	click
1367195091481	68	145	8	show
1370682743954	108	890	15	show
1372852007510	71	576	309	click
1367752812027	71	793	377	click
1371671973939	8	996	451	click
1371806363127	113	718	188	show
1368995260249	143	906	189	show
1369904461384	63	766	358	click
1373456465025	12	520	190	click
1370468536386	70	979	392	click
1372007665769	109	910	33	click
1372047985244	4	787	479	show
1367822795627	146	783	408	click
1373736782067	107	599	286	click
1369082495089	3	432	293	click
1373283190536	150	717	378	click
1368396555231	73	903	213	show
1370143186415	107	668	110	click
1373592971819	128	387	279	show
1367277084967	105	98	280	show
1372409434319	141	433	33	show
1368999709124	39	465	343	click
1366670567786	86	76	325	click
1368376112893	25	975	201	show
1367582774631	74	263	86	click
1371691205396	9	237	81	show
1372025773603	4	216	37	show
1373050720486	36	278	209	show
1373268275389	127	781	451	show
1373376718988	101	760	488	show
1373147895237	35	278	320	show
1373181757842	114	729	227	show
1368968557280	71	301	376	click
1367677963616	27	782	289	click
1367764993261	52	653	66	show
1366958382110	136	184	354	show
1368850961593	135	438	18	click
1366487836089	102	731	403	show
1371097065875	15	240	50	show
1370916164861	94	752	187	show
1369582093214	58	94	86	click
1368674524339	117	916	477	click
1369704082779	87	623	30	show
1372372388577	71	82	294	click
1370441680938	107	191	386	show
1369009084371	33	723	213	click
1371564319168	39	395	293	show
1372348072547	120	819	394	click
1371575015921	79	652	253	show
1372326858297	90	335	394	click
1367389652912	40	12	443	show
1373315034051	51	658	69	click
1371918600200	53	835	300	click
1366392291854	142	132	218	click
1367731775998	116	630	57	click
1370126914952	84	18	417	show
1368038457701	80	678	24	click
1367908344727	121	755	125	click
1370733286008	113	849	245	show
1372016857843	43	854	139	click
1371722787353	13	325	17	show
1370770166733	6	53	273	click
1373870762207	48	734	213	click
1368293231765	82	565	218	show
1370523092898	149	825	357	click
1366768975119	99	618	123	show
1366681370892	115	923	387	click
1372776060445	20	387	335	show
1369014488765	129	238	22	show
1372427251034	64	488	245	show
1372465282971	90	424	450	click
1371488801679	99	193	432	click
1368367015178	70	30	408	click
1369239328951	148	735	239	show
1369846146364	99	764	386	show
1373709589552	18	472	193	show
1369153313122	68	657	279	show
1372128687438	82	982	339	show
1368944072425	111	173	159	click
1370726279024	52	9	220	show
1367579023421	123	947	331	click
1374192946404	13	404	349	show
1372469269811	141	62	426	show
1372152935806	60	296	306	show
1366555533541	73	175	183	click
1369855749047	23	415	438	show
1370330007131	53	896	487	show
1372602799617	56	675	67	show
1369032656917	110	812	363	click
1369993101300	20	333	85	click
1369561729391	118	834	160	show
1373871622830	128	958	285	click
1366660390867	10	196	268	click
1371374048920	15	520	379	show
1374056010345	28	328	239	click
1367836816342	48	865	371	click
1367777586453	144	161	240	show
1371239463456	102	709	352	click
1367645130026	22	5	428	show
1368313664200	95	67	127	show
1367886076954	29	722	103	click
1373606774228	15	436	368	click
1371540153387	7	945	55	click
1373835224857	80	539	402	click
1366618932872	65	761	376	click
1372412923675	132	450	390	click
1374067479006	5	54	222	click
1373243746875	103	215	153	click
1372757995854	43	391	132	click
1372011219019	85	784	280	click
1370746124184	6	708	110	show
1370584572451	138	936	53	click
1367940116034	44	115	289	click
1373085177581	39	678	149	show
1372017876654	45	732	116	show
1371764058283	44	961	2	click
1372805875340	142	83	382	show
1368143871035	70	472	411	show
1373998075750	138	781	183	show
1368169841084	134	124	18	click
1370479065981	47	580	259	click
1369768419727	83	85	390	show
1371726930318	73	275	176	click
1372420719267	68	144	345	show
1368130653482	107	345	412	show
1367536155291	132	99	120	show
1372220192699	35	398	74	show
1372483254813	10	770	243	show
1371439318893	90	524	488	click
1367304703494	110	781	62	click
1370860764514	116	756	29	click
1367020515081	92	809	464	click
1372229700918	35	864	151	show
1369291508797	103	55	473	click
1370660190973	12	51	429	click
1366713411523	108	907	210	show
1370509734625	18	922	434	click
1371881534371	91	487	56	click
1368355470200	18	565	38	click
1366348868840	34	599	106	click
1369411085126	121	294	294	show
1368290622219	93	948	345	click
1374075387099	141	588	86	click
1367931028226	85	124	102	show
1368869276474	6	604	36	click
1367876001439	14	825	328	show
1366534478788	60	874	182	show
1369878847719	74	832	212	show
1368399421682	101	820	165	show
1367116703810	131	125	270	click
1369303044062	30	197	232	click
1368253089090	105	734	135	show
1373498756990	47	245	248	show
1367071046782	72	746	3	show
1366871017714	1	711	227	click
1369000156920	33	815	255	show
1373311273922	92	809	453	click
1370631597346	45	321	68	show
1372000925043	6	452	105	show
1370891157977	149	884	377	show
1372898938348	80	908	474	show
1367502249693	144	737	77	show
1373139382309	88	951	30	show
1371053887442	78	727	111	show
1373832217008	110	702	225	show
1368528210684	133	412	385	show
1370974692916	59	194	270	show
1373353117490	115	178	451	click
1370088665864	20	307	72	click
1368503934370	6	445	464	click
1369405260446	80	499	476	show
1370160359895	105	590	211	show
1369339217294	45	404	276	click
1371130928063	78	797	98	show
1369757653466	39	465	167	show
1367711368548	140	482	57	click
1372283179976	48	291	120	show
1367712255870	35	959	361	show
1369383544041	56	308	135	show
1367663470119	93	331	273	show
1369543519540	48	423	363	click
1369085631693	97	199	414	show
1369850518399	132	448	16	show
1371183224264	45	89	445	click
1368986286299	68	679	227	click
1367594889079	124	929	104	click
1371042897274	120	61	133	click
1373427681409	114	352	6	click
1371530679375	78	306	332	show
1369834529078	25	966	124	click
1368330249054	10	111	201	click
1373309945118	108	653	110	show
1367001913855	62	792	432	show
1372884360674	21	578	413	click
1372685433835	124	980	72	show
1369966406708	78	724	496	show
1371288271972	106	499	445	show
1370153012199	26	778	110	show
1371810327892	42	423	185	show
1372556845003	100	821	358	click
1366909265301	90	382	129	click
1369861081024	97	507	255	click
1372428611497	87	740	319	click
1371074892915	84	812	95	show
1372896111838	89	950	102	show
1371060302561	86	739	31	click
1369709888027	22	244	204	click
1373963453498	89	214	113	click
1369563414632	139	935	236	click
1369499763379	123	331	498	click
1368861215742	134	190	431	show
1373959962978	42	127	84	show
1373000052731	32	238	198	show
1373174037042	118	481	33	click
1370383642230	90	906	237	click
1374012095698	112	532	499	click
1372296657161	29	47	92	click
1369410677439	67	434	103	show
1368806841862	110	443	326	click
1368523364231	94	21	425	click
1370212951303	46	708	250	show
1371771683467	103	389	269	show
1373219658157	36	944	317	click
1366978602652	136	126	102	click
1371041594456	57	914	386	show
1367600187499	79	83	47	click
1367183018083	2	838	352	click
1369235369809	34	469	97	click
1367322254430	135	812	430	click
1372461532257	1	844	262	show
1373459595330	45	135	130	show
1369646383718	28	61	65	show
1370159402954	106	771	108	show
1372108302286	107	968	133	click
1370261655188	57	427	16	show
1373834050560	42	492	81	click
1369211084227	126	647	431	click
1372642880034	66	307	220	click
1366676697755	127	188	288	click
1372034494533	51	738	292	click
1371087065895	124	990	214	click
1373269145907	22	407	475	click
1368657507399	4	3	290	click
1374114982235	128	34	180	show
1366474083239	118	645	34	show
1371416611784	133	267	264	click
1371983128407	58	821	126	show
1372700498371	132	218	34	show
1371453415566	19	202	495	show
1370710572192	21	134	213	click
1369998933401	52	87	192	click
1372136780834	121	683	453	click
1368394203188	13	197	192	click
1369169615541	37	69	349	click
1372427125860	98	503	211	click
1367552916353	128	778	485	click
1366825133989	44	857	229	show
1369552311608	119	122	127	show
1367477647663	134	273	399	show
1371608507765	5	15	44	show
1368875050543	119	243	375	show
1370202963432	14	808	430	show
1370941898608	121	616	122	show
1374059485174	65	333	50	click
1369432120149	93	869	158	click
1371072340920	25	640	229	show
1369342421148	46	804	86	click
1368051948386	120	564	477	show
1366629792247	119	804	94	show
1371337771725	56	767	342	show
1371348297587	128	905	128	click
1367645522273	135	246	492	show
1372180203464	131	234	153	click
1374182224615	109	636	222	show
1367564349011	123	137	289	click
1368607316984	103	233	117	show
1373462081920	82	951	90	show
1373696358756	64	270	434	show
1372295981619	14	545	498	click
1372775697784	35	630	117	click
1366537567517	12	54	239	click
1372247088631	63	410	199	click
1372359329589	46	440	347	show
1368998693274	95	693	493	click
1368612144005	56	703	98	show
1369950566182	106	745	242	click
1371421132055	79	979	220	click
1373488836878	34	517	464	show
1373142458587	135	289	481	show
1367562910243	41	863	273	show
1373491424585	105	463	277	click
1367514176468	91	484	118	show
1367605642661	61	692	281	show
1374167693937	107	762	417	click
1371013665916	122	482	39	show
1368395475982	87	268	250	show
1370341258982	124	385	455	show
1372794729032	44	773	221	show
1373332865454	93	762	473	show
1372690706951	83	560	229	show
1372821487702	77	211	427	click
1368326801718	64	992	16	click
1368889103548	37	536	96	show
1368831829137	67	510	318	show
1371123027844	147	607	91	show
1370424401261	56	568	390	show
1367531193542	23	501	355	click
1366922782625	86	440	331	show
1373730891982	58	647	353	show
1368165832991	85	495	27	show
1368396537064	29	348	81	click
1373257458255	109	578	256	click
1370527613731	114	950	241	show
1372505522270	73	256	382	click
1373011015640	85	539	60	click
1373951806778	23	451	386	click
1368745175240	147	70	175	click
1367908114353	86	734	220	show
1367915998105	119	974	3	show
1374002275776	132	409	207	click
1368367513891	77	843	30	click
1371515823903	111	593	249	show
1367141153215	69	571	445	click
1367792501119	104	650	146	show
1367710742570	20	481	166	show
1367084051602	141	702	406	show
1366711717977	92	457	399	click
1372209512202	150	692	280	show
1372837674070	142	294	310	click
1367578860542	44	455	83	show
1373950654919	82	535	275	click
1371823242509	101	350	33	show
1368716673735	130	276	257	click
1369775715498	134	493	249	show
1369092987784	98	9	351	show
1373062264559	105	326	261	click
1370620722601	60	233	58	click
1371985091616	32	951	177	show
1374088613656	106	104	297	show
1369017322619	25	777	114	click
1367864057537	76	986	485	show
1371836236291	20	262	25	show
1372544446552	49	201	301	click
1373567313160	92	792	109	show
1366968272603	43	355	105	click
1371727427463	41	118	87	click
1368902629698	149	938	315	show
1366927855189	117	602	258	show
1370276242705	50	966	143	show
1367068568005	120	150	260	click
1368519782466	33	278	80	click
1373092254990	85	687	113	click
1368515281568	126	546	356	click
1367810976772	116	614	80	show
1369214585389	148	560	329	show
1373875909310	44	236	283	show
1371095316739	137	141	326	show
1370422289880	75	11	357	click
1367883606359	96	580	72	show
1372092132044	146	485	457	show
1366938175679	84	239	349	click
1372128648426	43	726	220	click
1368158101121	137	361	327	click
1370346151720	41	954	452	show
1370657824581	118	319	466	click
1366630851982	128	56	382	show
1373319061788	11	427	499	show
1371443337962	16	723	241	click
1369708256970	108	61	68	show
1368233501107	23	833	381	show
1367258935897	80	538	43	click
1367106862595	104	461	255	click
1368971954670	85	251	328	click
1366490838723	12	482	123	click
1374181306372	66	42	73	show
1368773162092	6	698	185	show
1369536286742	60	450	322	show
1367185041155	50	143	329	click
1367859384037	127	740	360	show
1368134357759	128	769	229	click
1369124312074	20	607	169	click
1371928607140	37	624	230	click
1367868672780	52	117	41	show
1373070682534	54	380	400	click
1373641170703	12	826	27	click
1372598200361	31	380	107	click
1373870972842	29	614	450	click
1373213453127	29	295	396	show
1370647952886	23	843	96	show
1373353841155	94	755	465	click
1367398031501	67	116	230	show
1370524306644	143	564	117	show
1373584306080	81	116	113	click
1373898169395	55	787	471	show
1370183912215	92	108	241	show
1370810211672	75	565	251	show
1370660945770	94	980	326	click
1371033393624	102	885	307	show
1370495971018	45	40	126	click
1369338177248	48	237	116	show
1369106080298	83	135	298	click
1371889144934	54	317	459	show
1374107035446	131	976	430	show
1371871031523	36	963	30	show
1366534824461	30	554	488	click
1366884265152	80	360	96	show
1371557825934	129	188	498	show
1372603963833	77	260	222	click
1371513088226	92	987	319	show
1370506120486	97	842	359	click
1369707383114	107	582	82	click
1366555388232	22	190	142	click
1371057774822	47	32	490	show
1373671614066	25	939	255	show
1366767947546	89	548	395	show
1371628602110	16	183	223	show
1371310791977	78	328	305	show
1372653625712	133	693	45	show
1373816807482	128	361	450	show
1371177331760	117	861	134	show
1369975214966	55	652	465	show
1369743616044	51	168	426	show
1370931194736	1	450	339	show
1367835608295	32	68	78	click
1374182218066	92	173	35	click
1371143314848	109	477	148	click
1371572829296	6	63	413	click
1368340858358	4	731	85	show
1373385877687	101	354	225	show
1369450060348	132	641	47	show
1366996079924	81	33	326	click
1370298685778	69	473	455	show
1373683620154	124	630	173	click
1370600324457	116	969	304	show
1371808507812	110	84	5	show
1373984120368	61	570	161	click
1372071219027	131	453	427	click
1369844499263	41	479	25	show
1370300150825	55	823	276	show
1366528821290	41	86	157	show
1373337041147	34	733	239	show
1373265766539	93	997	204	show
1371848243531	103	352	139	show
1368835948074	124	600	466	click
1373314071186	138	711	36	click
1370988539298	20	318	79	show
1369687683378	6	397	422	show
1371057781525	134	364	337	click
1368879128999	30	378	149	show
1367125563244	65	704	500	click
1367735210069	16	909	36	show
1370626979755	29	656	105	show
1369469528382	26	704	398	show
1372175791235	68	261	436	show
1368794933128	84	281	234	click
1367188115485	95	549	362	show
1368303212708	143	577	269	show
1368284719442	123	334	454	click
1371472208362	41	976	324	show
1367043169093	87	427	197	show
1373935325436	94	801	354	show
1370891462324	31	874	298	click
1374162238499	61	535	58	click
1371765507183	30	678	131	show
1371722329681	57	221	415	click
1373977924853	90	900	120	click
1366747688127	80	97	205	click
1373561733860	143	496	109	show
1366547093453	124	856	32	click
1373466079218	11	729	317	click
1371809088992	23	561	383	click
1367618293260	85	926	332	click
1372373177523	79	787	70	show
1374132354341	11	648	90	click
1369195855033	84	460	196	click
1367261606975	80	566	50	click
1370647325750	34	701	281	show
1373177131519	58	813	134	show
1370865164831	60	849	396	show
1373775503536	150	708	401	show
1373324112370	28	935	312	show
1367578315459	113	790	92	show
1370161385996	6	986	403	click
1368243042565	97	945	200	click
1366502714811	110	356	209	click
1367623617523	94	282	431	show
1371825120750	110	463	355	click
1368828135761	142	217	452	click
1373651156937	13	111	90	click
1368458580668	19	170	49	click
1369070128719	112	729	33	click
1371834501718	111	743	431	show
1372777534859	103	881	23	show
1371949037846	105	239	16	show
1369182796109	150	305	352	click
1374197701046	136	363	6	click
1369920267983	45	693	258	show
1370521509560	17	766	56	click
1370267150634	49	205	29	click
1371496439291	57	238	114	click
1368818491360	136	770	224	click
1373066937425	98	570	47	click
1368896304075	48	499	231	show
1372763457677	113	460	495	show
1366844829723	60	535	143	show
1371043708456	100	76	307	click
1373928350502	5	897	283	click
1370647676885	60	789	4	show
1374199419394	125	697	26	show
1374169051371	85	281	16	show
1368807690263	47	5	312	click
1372774009386	10	779	202	show
1371498230891	36	513	182	click
1367875853241	101	14	88	show
1371829223901	31	944	194	click
1367099497747	7	25	379	click
1370088101022	124	982	283	show
1367651856829	7	367	210	click
1372175419342	62	129	469	click
1370041127235	77	17	76	show
1370456828649	83	889	181	show
1372444813026	39	888	128	click
1371878910136	38	887	92	show
1366614832261	89	218	492	click
1366539031815	51	678	117	show
1373206922559	150	88	167	show
1373196842385	23	34	160	click
1366975533159	66	770	207	show
1368150069301	93	663	273	click
1366786308681	69	107	294	click
1372866144674	69	468	495	click
1372879090881	30	611	50	show
1368491948084	14	793	56	click
1369305533824	4	870	428	click
1366380172274	136	812	16	click
1367867846849	147	884	147	show
1368264597983	96	8	290	click
1367608994137	51	607	448	click
1372431122580	79	517	307	click
1370283361933	78	357	149	click
1369984250031	107	262	227	click
1373437913087	40	155	492	click
1368187280979	141	964	27	click
1369930911452	48	673	385	show
1368779497162	135	529	225	click
1371855556441	60	350	50	show
1369711875391	21	799	87	click
1368998190474	28	262	138	click
1367350727996	68	968	292	click
1371294013462	79	29	363	show
1366943400557	7	357	198	click
1369912214448	7	285	337	click
1372968595397	74	820	447	click
1366364276702	37	297	444	show
1371799913855	75	923	464	show
1372460385734	57	762	309	click
1371105568644	77	881	446	click
1367206402540	50	679	265	show
1368694947732	9	407	61	show
1372319295323	37	613	379	show
1370988100397	26	433	489	show
1369132363439	108	62	465	show
1371799769696	19	276	187	show
1367378870221	15	160	37	click
1370153505702	25	449	413	click
1370536846259	134	870	318	click
1370681934367	50	54	50	show
1371263510401	102	886	312	show
1369209196249	130	72	68	click
1372093944613	122	231	253	show
1371735825552	148	254	438	show
1369404672692	63	135	298	show
1373556763594	3	957	140	click
1367601322128	89	274	444	show
1374066480510	122	219	211	show
1371174160629	81	682	138	show
1370079149203	22	945	478	show
1369636089846	131	911	385	click
1369126498469	95	315	253	click
1372358922038	14	845	391	click
1374139550920	1	395	343	show
1372471761800	85	390	444	show
1369440245207	69	508	427	show
1371813937508	104	24	26	show
1368879557349	131	139	475	show
1368362491456	61	511	188	click
1369810995555	142	348	483	show
1370592435437	45	73	323	show
1371849649563	4	844	32	click
1367391479011	143	922	102	click
1370017909095	129	333	369	click
1370312768174	49	131	263	show
1368618470174	130	806	436	show
1369057575752	137	347	172	click
1374107987975	40	965	131	show
1367037032036	70	417	70	show
1373729726128	114	569	461	show
1371389798017	2	741	287	click
1372413730952	7	874	486	show
1369195740346	102	44	397	click
1372341513616	143	544	466	click
1366573234644	13	69	247	show
1367483454951	52	687	474	click
1370694668010	64	799	168	show
1368724406012	91	265	162	click
1373318292457	49	121	184	click
1369312214508	132	652	402	show
1373108985472	13	760	62	click
1369581971227	87	568	22	show
1373781219361	92	374	497	show
1373654085782	132	237	199	show
1372936020547	28	16	193	show
1370205261440	8	443	199	click
1372801237213	101	366	357	show
1369377620374	33	939	68	click
1371867917727	123	369	146	show
1369891973721	50	5	38	click
1368317232911	127	8	128	show
1369669428543	100	121	52	click
1369051086802	12	735	93	click
1368175181658	13	812	340	click
1373167619208	136	454	121	click
1369285433404	6	349	246	click
1371941922890	56	317	378	show
1366554261677	82	87	285	click
1370863602398	1	719	475	show
1369804440676	122	627	222	click
1368781985555	38	685	321	click
1369592083349	3	372	59	show
1368219165849	116	328	46	click
1367207243499	51	659	124	click
1373835722631	70	394	118	show
1371443094063	56	39	413	click
1374134818322	70	944	487	show
1371302919130	16	743	211	click
1372864005329	32	906	376	show
1367100215379	92	995	267	click
1370047385489	60	34	215	show
1371843590825	57	438	414	show
1369592643509	58	538	256	show
1370122442920	90	615	377	click
1370500185025	49	936	202	click
1372940776227	11	950	462	show
1371811857045	97	35	472	click
1371122934145	59	907	281	show
1370990729174	9	988	429	show
1369254500254	53	99	395	show
1373723140824	122	368	357	click
1372336553626	106	716	500	show
1368086196680	61	979	286	click
1373884263106	134	311	102	show
1370269098931	129	805	314	click
1372886961020	110	327	367	show
1372160531887	63	5	116	show
1373472930705	47	65	328	click
1368639800743	59	616	329	show
1373775250788	150	815	395	click
1369406222226	115	737	259	click
1369988773717	114	941	244	show
1373381922785	61	957	494	click
1373318600197	29	836	418	show
1372461241474	136	257	399	show
1372666896253	75	119	359	click
1367584742035	61	111	258	click
1367010521741	3	291	477	show
1371922066764	129	195	351	click
1366986452805	32	101	174	show
1367774512382	90	545	447	click
1366453232870	40	942	7	show
1369900114426	122	456	12	show
1369530732433	74	864	321	click
1367567269594	35	141	10	show
1372544718839	51	931	84	show
1371222487213	93	554	447	click
1372887315059	130	98	343	show
1372894904163	74	423	337	click
1370274387131	84	325	488	show
1373608569619	49	717	487	click
1371387439126	26	488	253	click
1372258217765	104	368	319	show
1372288005525	111	930	442	show
1368967087936	78	316	27	show
1372121322681	14	805	354	show
1368148770959	75	383	95	show
1367483250349	94	961	96	click
1371986295244	47	318	401	show
1371165529004	78	559	174	show
1373092373708	28	449	444	show
1373761733516	18	850	65	click
1368921441545	67	166	375	show
1368954732420	3	876	245	click
1373548367047	54	773	273	show
1373954494926	73	915	488	click
1367150634164	50	73	247	click
1367843194338	22	605	304	show
1369391163169	61	34	36	click
1372929422266	36	5	271	show
1373907410768	25	718	274	show
1369629682960	42	157	4	click
1372354956701	147	723	366	click
1373085670807	47	248	360	click
1367819819199	23	701	267	click
1369459578672	8	937	82	show
1370078970344	40	459	184	click
1374016914933	132	616	289	click
1369715169767	118	511	266	show
1373401164884	150	813	56	show
1372396275560	7	831	220	show
1371153708893	138	984	461	show
1373492593718	95	446	346	click
1369720807855	1	609	202	click
1371078362672	28	855	68	click
1373695787982	138	696	231	show
1368657401948	34	418	332	show
1371844660948	42	848	104	click
1368427071928	16	560	377	show
1368401540688	86	926	353	click
1373278973241	114	619	99	click
1367733126857	54	489	345	show
1367886624509	103	788	274	show
1373546806739	53	789	353	show
1368890153016	39	430	151	show
1366804358793	149	304	248	click
1366691425218	38	589	196	show
1373743588318	94	764	165	click
1370551618292	97	448	242	show
1371877006024	99	774	98	show
1367022732350	107	732	275	click
1367723765954	35	885	471	click
1367867370833	138	358	257	show
1370544621435	32	83	106	show
1372474215392	86	705	225	show
1370580220827	11	149	487	click
1372754324442	116	282	278	show
1367076641344	36	237	362	show
1368612172510	54	998	228	click
1373429039889	98	640	110	show
1370464096918	144	790	98	click
1368632816680	56	829	402	click
1373866659501	126	924	100	click
1371547477906	111	349	132	show
1371275108898	10	983	448	click
1366488150850	1	512	444	click
1371471929142	122	151	341	show
1373495513987	58	824	31	click
1368141291914	68	350	124	show
1367900934242	144	956	159	show
1368635839612	97	303	441	click
1366442182028	25	44	469	click
1373242137603	58	260	337	show
1366641184732	121	243	252	click
1372640758748	77	487	234	show
1372459623675	38	504	95	show
1369924976519	90	894	38	click
1372415899853	120	557	11	click
1372318702348	84	596	311	show
1369811085402	8	299	377	click
1369864750263	110	613	280	click
1372584734684	60	730	423	show
1367574369203	55	544	142	click
1368784401775	64	291	32	click
1372828356177	113	510	24	click
1370928092515	46	263	36	click
1367095960038	108	346	275	show
1372328568143	65	914	230	show
1368539844762	4	559	351	show
1371404983411	44	598	28	show
1369878972422	107	833	104	show
1368997537464	30	197	37	show
1373335095157	132	906	187	click
1367092397693	118	337	249	click
1373050980820	72	876	52	click
1370799271051	137	928	83	click
1370643624466	36	481	418	show
1371207787713	79	165	68	show
1369817809339	20	583	15	show
1367331740096	61	893	240	click
1370886889806	130	984	19	show
1369446824778	130	965	179	show
1373633974755	2	172	469	click
1372951476519	31	941	229	click
1371171472244	4	346	140	show
1370758692145	6	406	166	click
1367882055065	25	921	255	show
1372285540171	80	720	450	show
1370197676417	76	564	438	click
1373546138230	59	1	353	click
1370106079932	55	2	99	click
1369680979860	76	726	294	show
1370088267216	76	228	158	click
1370950880849	98	630	77	show
1373402550957	64	56	374	click
1374137271040	144	541	453	show
1371498927314	15	353	406	click
1370416222885	143	847	170	show
1370330065258	45	534	124	click
1368382622850	68	743	498	click
1366674835257	41	839	460	click
1368903585498	88	180	402	show
1366895195394	146	826	415	show
1372639121540	146	177	257	show
1371450053164	37	604	111	click
1367793269461	4	614	466	click
1369805858713	21	808	45	click
1368199323919	76	921	332	show
1372237913620	27	732	180	click
1373036609718	126	731	204	show
1367229174663	70	577	439	show
1371559193369	107	236	262	click
1373533021070	135	281	230	click
1368208423372	46	473	96	click
1369558699713	88	659	283	click
1369009639784	122	264	291	show
1370586402141	12	38	459	show
1367433046500	43	944	169	click
1368315894794	117	171	292	click
1367606296912	95	161	254	click
1373079671523	32	224	136	click
1373259223769	116	153	379	click
1368171544787	81	372	422	click
1371683533683	32	687	268	show
1367445981327	33	253	356	click
1366644859361	73	321	135	click
1373420799561	111	204	227	show
1372244122871	66	292	484	click
1372248703978	41	875	255	click
1373266506226	61	167	124	click
1370700134432	36	101	235	show
1370269291570	96	24	452	click
1370335286237	12	395	167	show
1369356863934	26	492	444	show
1371841565896	71	269	132	show
1370704669002	67	89	349	click
1366685038548	92	313	168	show
1372544285959	150	632	248	click
1369469647456	23	786	327	click
1369793818455	95	368	426	show
1366679811004	121	579	487	show
1366905128035	51	644	32	show
1371378506980	104	36	29	show
1368246703382	112	826	174	show
1371927130882	74	978	490	click
1370637969709	67	851	394	click
1366828837213	24	9	18	click
1368516279135	84	483	230	click
1372211488953	139	544	378	click
1368237417004	84	649	293	show
1370507412836	93	396	30	show
1369666444731	15	206	134	show
1368675668088	112	138	256	show
1367806626762	43	1	13	show
1372520704925	36	292	445	show
1371238049224	15	140	194	show
1373465887733	82	456	500	click
1372978369884	99	979	397	click
1366856934433	125	110	370	show
1369028393300	49	325	303	show
1367236393249	48	101	108	show
1373691310378	98	512	468	click
1371287976175	5	170	44	show
1367278730275	97	734	456	click
1373896610914	79	507	460	show
1367963373429	46	435	108	show
1371375442031	146	464	360	show
1373931706547	64	395	115	show
1373966916188	114	268	13	click
1367664252282	54	501	320	show
1370402689972	6	52	116	click
1370759873524	60	541	318	show
1373762270148	116	675	234	show
1371198843141	60	910	364	click
1372573968951	22	526	74	click
1367563996126	67	143	165	show
1368308740197	4	384	115	show
1373886994975	105	579	102	show
1369040227535	146	164	12	show
1371327285363	98	301	153	show
1369737306109	150	347	39	show
1372151027601	103	839	493	show
1372553981655	7	626	384	click
1366631842516	15	21	56	show
1369858501838	115	163	105	show
1372205702209	107	566	62	show
1371617368059	37	26	157	show
1371980376320	115	983	50	show
1368561463635	37	164	12	click
1373380912126	44	887	400	show
1373432228220	103	639	167	show
1371992050000	114	330	444	click
1366668877783	2	338	190	show
1366699488892	47	457	433	click
1368401914567	122	67	164	click
1367465219665	94	56	362	show
1369268247847	15	269	83	click
1372227571995	93	928	133	show
1369291175902	112	105	424	show
1366599694516	96	767	139	show
1368196457250	105	816	475	click
1373379080464	141	800	45	show
1367671900797	52	692	421	show
1367992955887	19	395	466	click
1368840074696	130	184	383	click
1366938582885	63	12	110	click
1372461593854	79	759	397	show
1372700805426	147	341	325	click
1372843024043	2	591	221	show
1370261709687	100	590	313	show
1373423992789	69	148	293	click
1369236938419	109	733	302	click
1370379165893	149	556	397	click
1368915518718	27	868	181	show
1372102342734	94	467	400	show
1373389736565	80	111	193	click
1371390783381	107	496	304	show
1367264925542	65	510	327	click
1369912450822	65	717	104	show
1368406586948	32	757	447	click
1366346483365	69	391	123	show
1366597876694	131	791	205	show
1372071521045	104	450	138	click
1369702232582	108	458	125	click
1369468942301	140	778	76	show
1374130380117	90	869	467	show
1367172728204	31	950	162	click
1367885337076	76	680	291	show
1369294919308	138	732	211	click
1367396713184	15	67	342	show
1369327860084	80	633	341	click
1369836775322	145	497	444	click
1372337333087	132	649	246	show
1370122121691	142	399	363	click
1369297798397	21	632	355	show
1369290145848	52	899	361	click
1369744437910	57	676	315	click
1368885039745	126	625	297	click
1371561895105	135	56	376	click
1374099218291	27	128	93	show
1368578942955	133	374	272	show
1370988739896	109	83	48	click
1371376613236	16	504	463	click
1372751869215	21	421	102	show
1371636894064	28	768	100	click
1370479742719	101	438	333	show
1367457042689	28	311	146	show
1374132749406	94	475	431	click
1370867280039	48	621	179	click
1372479543171	109	876	320	show
1369661246752	67	345	140	show
1369445712987	85	937	75	show
1367262060679	123	488	63	show
1366783230977	71	317	165	show
1372948571813	38	22	135	show
1372978276602	145	307	425	show
1369792520505	91	724	249	show
1374175163552	53	61	307	click
1369078595663	106	547	455	show
1368178377978	64	896	74	click
1372102326670	132	395	82	click
1368258989377	69	392	305	click
1372822442491	32	527	28	click
1370121281941	17	107	223	click
1369982591829	144	159	427	show
1368686265908	68	358	57	click
1366433237869	65	466	204	click
1368517293410	120	903	159	show
1371552458973	128	965	175	click
1373948661620	92	549	412	show
1369608423820	97	357	478	click
1368421392618	121	31	442	show
1367208150616	65	584	136	show
1371209584830	33	608	21	show
1368511869375	20	753	193	show
1366999276541	24	843	118	show
1367657405707	108	875	123	show
1368720937587	47	908	332	click
1373984383122	102	961	298	click
1368695551555	122	988	434	show
1369841858037	72	318	95	show
1370366443060	77	692	405	show
1368322486115	127	996	293	show
1371389672009	90	883	220	show
1372614702852	26	654	177	show
1367818423147	97	721	435	show
1374061950627	139	928	246	show
1369418579705	135	96	387	show
1370583478998	69	431	62	show
1371031021171	103	820	58	click
1368638000219	88	635	103	show
1366539785256	16	943	499	click
1373774213730	131	134	456	click
1367066639149	126	524	33	show
1372605418298	9	180	275	show
1367057469547	138	666	469	show
1374087435489	126	973	220	show
1367988903358	67	530	225	show
1370773113033	145	511	195	click
1374177213282	85	643	469	show
1367934503791	107	7	340	show
1372859796705	49	397	169	show
1371672870063	28	822	152	show
1370822209247	91	209	239	show
1372166233837	87	290	384	click
1368121191504	1	361	265	show
1373798442109	118	300	404	show
1372730964872	110	638	353	click
1368406816252	46	511	10	show
1371754316007	18	812	292	show
1373596122392	146	744	480	click
1367065479164	85	16	112	show
1367924602082	143	324	9	show
1373769577771	32	308	262	click
1372692028017	48	548	179	show
1368927790052	32	373	141	click
1368574959924	4	82	354	click
1367646552210	88	469	74	show
1369362088954	108	198	3	click
1367195680841	84	991	185	show
1371074139110	104	625	487	click
1368843884255	106	277	407	show
1367814928033	32	788	220	show
1370754003293	112	202	64	show
1373581275832	79	817	381	show
1372333224363	135	877	483	click
1370862295099	83	379	21	show
1366870013515	150	84	90	click
1372265527865	34	618	50	click
1368022062631	107	446	323	click
1374198523034	55	840	487	click
1369343820153	96	26	348	show
1367217899359	127	141	278	show
1370233379515	38	374	441	click
1373952744219	123	900	176	show
1368315157925	146	514	470	show
1369693554872	51	487	222	click
1369271249852	62	147	346	show
1369841772302	14	527	435	click
1372544240856	121	739	60	click
1367694608651	65	420	448	click
1366430989338	40	535	49	click
1372348880397	126	353	358	click
1371163358668	92	641	365	click
1368016163027	20	713	329	click
1366459727761	116	623	128	show
1368056223964	135	293	479	show
1370917170260	52	51	449	show
1373027881957	142	815	28	show
1370430562481	9	626	430	click
1374013233080	37	950	190	show
1373053004372	17	846	207	show
1372350164384	79	940	309	click
1366706701820	124	134	231	click
1370132343705	140	482	281	show
1372184165514	30	561	12	click
1367596299595	73	10	467	click
1371389356589	43	377	96	click
1369715953840	129	472	4	click
1367929900656	90	763	113	click
1368954620604	138	212	199	click
1369377859115	102	638	97	show
1370592494435	33	486	15	click
1369062262357	5	155	306	click
1372718467798	79	505	48	show
1370930936022	51	777	81	show
1373412364255	62	564	169	show
1371573406414	94	17	495	click
1374060885981	40	991	380	show
1368374785776	17	965	297	show
1369593592926	94	684	483	click
1366969069422	122	618	17	show
1373284946331	8	425	70	click
1367770864655	6	404	239	click
1366866463367	98	879	135	click
1367133828805	83	289	177	click
1368680433541	118	830	238	show
1373629870916	143	787	85	click
1370260628299	138	802	299	show
1371317215898	103	526	478	show
1369300570992	113	922	322	show
1367140336269	6	939	251	click
1368659610288	51	43	370	click
1373478812967	141	260	13	show
1370510983925	101	219	63	show
1368434123732	29	874	410	click
1371381790859	122	245	498	show
1374054935569	42	602	215	show
1367050777200	145	700	378	show
1369040973793	51	827	436	show
1371619157206	72	777	89	show
1366909458097	109	684	445	click
1369416154954	102	355	204	show
1369024280230	18	939	82	show
1366721705298	1	580	127	click
1373230653121	144	36	246	click
1373962241271	22	385	450	show
1371069032737	86	929	94	show
1373555032738	38	581	123	show
1366382909469	120	565	222	show
1368529072430	119	669	188	click
1368274336857	150	671	69	show
1368744148399	120	117	176	show
1372587310042	106	487	466	show
1370687623023	35	229	415	show
1373948821953	54	241	70	show
1368335057359	3	429	209	show
1370243317747	61	44	48	click
1369402456404	51	819	403	click
1372175579277	41	647	457	click
1371417847727	127	95	474	show
1370517705259	66	995	7	click
1368969321194	58	875	201	show
1370741380309	135	697	166	click
1372375699556	93	486	466	click
1371782408536	85	240	432	show
1373889257867	96	148	484	click
1371989734347	58	227	172	show
1368984915589	98	410	84	show
1372954773253	49	120	334	show
1372758051713	108	265	196	click
1373915983909	39	249	497	show
1371956873653	39	270	89	click
1368731741127	106	256	15	show
1371864434983	93	432	148	click
1370956445484	103	835	63	show
1367972723858	93	237	176	click
1368558729043	38	909	175	show
1369927703132	1	484	160	click
1373574316286	18	875	417	show
1368249876135	132	115	184	click
1372377697827	11	559	460	click
1368273173080	74	295	496	show
1371841095362	5	44	262	show
1373896220749	53	863	322	show
1368543395815	123	910	434	show
1371277770856	55	366	216	click
1368631871792	102	950	255	click
1371060869198	149	942	483	click
1373415678904	67	919	290	click
1367901373948	60	59	11	click
1373555012460	135	511	108	click
1369639433704	113	111	340	show
1367946826219	76	499	312	show
1370114416383	38	780	391	click
1370672119511	111	367	297	show
1370381277548	113	642	436	show
1372439224332	100	45	446	show
1369591255294	62	589	201	click
1368854238950	22	420	465	show
1369168572233	59	687	351	click
1373838764842	45	126	285	click
1371023902823	63	667	14	show
1369772924395	73	450	82	show
1366847282956	40	497	375	click
1370597493982	48	124	499	show
1371650692547	59	845	137	show
1373780615759	129	847	329	show
1369955684776	7	40	64	show
1368090630746	77	488	172	show
1369314034836	97	315	436	click
1367771711307	101	476	286	show
1367985793601	86	695	112	click
1367310745544	96	476	248	click
1373232133441	141	664	31	click
1366633509969	54	76	363	show
1367105989413	109	94	469	show
1371884856180	99	995	361	show
1368074801285	92	263	457	show
1372571213878	39	127	65	click
1371625827569	121	345	111	click
1374037091442	138	603	437	click
1370283745296	129	249	149	click
1372169259177	9	481	249	click
1367666753029	3	309	121	click
1368903462091	53	223	145	click
1373776426832	125	113	192	show
1368147700499	70	740	446	show
1368550119826	135	381	320	click
1372866417006	107	196	233	click
1370823888909	57	317	306	show
1370855373698	119	480	401	show
1366894423661	14	987	23	click
1366646685565	42	563	71	click
1368060973809	95	398	64	show
1371845944066	44	819	34	show
1369068843018	37	452	500	show
1372276065820	61	74	207	show
1373315608238	65	636	173	click
1367659220252	142	290	103	show
1369102210464	83	480	322	show
1367555551157	79	395	318	show
1368619315021	10	665	456	show
1371281469502	107	714	455	click
1367273156212	146	312	143	click
1369516358875	77	274	459	click
1368710204873	2	821	297	click
1372842886434	5	942	399	click
1372273679547	24	239	427	show
1372007974086	5	727	243	show
1373455475867	101	562	386	show
1372919319223	52	78	110	click
1369171557093	8	303	391	click
1367906510699	21	306	35	show
1366360811986	9	963	247	show
1371093113162	46	581	275	click
1373122166281	91	680	360	click
1370412452056	144	509	447	click
1373358231711	124	570	319	click
1369674903525	54	53	265	click
1371449224374	32	995	33	show
1371409577065	138	325	103	click
1369538250915	39	966	442	click
1369668548167	27	984	229	click
1366497391317	121	929	453	show
1368893053150	94	397	170	click
1366595815343	127	513	381	show
1370451573790	140	868	275	click
1370590364064	87	328	373	click
1374000821721	87	87	207	show
1373248262194	54	460	226	click
1373833636030	61	375	55	click
1368135862786	2	395	178	show
1369923716645	139	491	33	click
1371902007164	10	539	297	click
1368904073266	148	950	74	click
1374166314983	49	304	409	show
1366769707392	18	524	333	show
1370204463944	15	393	106	click
1373656373156	62	984	108	show
1366415882611	47	554	196	click
1366342546728	23	289	238	click
1367725189138	49	556	392	show
1367404528739	119	983	203	click
1369156554976	101	318	101	click
1370526339423	59	957	348	click
1367503126643	13	929	387	show
1372446381266	82	429	375	click
1370637881369	149	43	172	show
1371987558008	58	258	3	show
1373064363275	150	602	54	click
1372041755920	67	295	386	show
1372691594041	11	439	267	click
1366515176093	144	762	115	show
1369326105024	95	878	225	show
1371747572182	32	109	109	click
1369233413345	66	635	332	click
1371381687785	66	298	82	click
1373884162780	148	670	193	click
1370195445559	8	389	190	show
1366426194675	107	883	63	show
1369331888455	31	798	334	show
1371493146533	129	312	124	click
1367787496447	115	532	93	click
1369285518861	36	596	89	click
1372512263243	114	82	73	show
1371222321002	57	507	34	click
1374004743378	6	750	272	show
1369729343132	62	885	103	show
1372726511201	100	486	410	click
1372030691877	38	628	370	show
1370959652203	13	386	209	show
1368414597335	60	243	102	show
1369171342568	78	882	377	show
1374033160574	145	802	99	show
1368127920857	19	367	315	click
1367113566894	84	576	378	show
1366515411796	65	316	211	show
1368065314201	104	961	402	show
1372284275408	5	635	413	show
1373024996503	111	39	123	show
1373271720394	13	958	30	show
1371810675404	23	392	285	show
1371713927261	115	211	294	show
1366777276301	6	531	116	show
1368821799148	32	543	338	click
1372456547211	85	778	36	show
1373733323112	100	715	312	show
1373552978853	20	819	67	show
1370763677761	42	414	52	click
1370715765294	118	935	310	click
1367066167405	108	28	141	click
1366804835418	3	369	168	click
1367700898466	15	484	316	click
1371274938882	90	518	494	show
1372344187186	44	170	291	show
1366461060523	90	692	258	show
1368956192296	52	19	61	show
1369084247485	3	401	94	show
1366709499462	64	777	145	show
1373155778188	63	385	326	click
1366941696666	6	98	180	show
1366970143662	2	432	32	show
1366391153751	68	1	162	show
1368558661082	20	370	38	show
1368421546693	80	483	78	click
1366883740824	54	74	177	show
1372918710594	59	612	57	show
1372635233162	140	131	470	click
1370243457966	78	411	240	show
1367076370862	67	343	269	click
1371572414869	84	623	348	show
1370089606746	53	81	49	click
1371934614570	143	267	187	show
1370497423194	130	888	239	show
1368788416356	138	712	410	show
1367849668147	86	419	392	click
1373203956740	58	502	279	click
1370385475399	131	390	425	show
1372545790943	61	477	17	show
1373303889241	15	713	371	show
1372617027658	132	572	489	click
1367176514777	138	196	427	click
1367872053716	74	812	335	click
1369481178991	85	294	209	show
1374142820586	55	302	449	show
1373599641249	58	387	274	click
1368068974066	21	384	60	click
1367089071302	103	202	46	show
1367406810809	46	588	338	show
1368109086693	103	753	217	click
1367918070903	119	403	386	click
1372565426189	78	664	6	click
1368607855181	29	294	434	show
1370809060861	143	654	116	show
1371408657768	65	542	289	show
1371740681033	111	399	98	click
1372475764855	143	736	185	click
1369343474349	13	243	335	show
1367042756401	33	341	63	show
1367021808749	111	167	286	click
1368456772617	102	600	367	show
1372254347780	80	938	102	click
1369811884354	4	923	174	click
1368247317644	79	804	199	click
1372637943624	106	997	87	show
1368810084328	139	480	320	click
1373717013163	136	397	16	click
1370190144514	7	583	72	click
1372521385674	124	368	21	click
1371718787351	26	669	112	click
1367294312158	18	427	481	click
1370767985740	140	816	135	click
1370208819000	104	1	283	show
1367115059764	3	487	63	click
1369391944853	150	973	199	show
1370305122455	37	259	430	click
1368869680590	141	879	272	show
1371769825926	49	978	11	show
1368269586103	6	978	132	click
1370362423342	68	293	29	show
1368028913168	1	902	496	click
1366521036447	72	48	19	click
1369256218067	145	900	378	show
1374068554691	29	775	166	show
1369278266401	131	724	154	click
1372929090878	113	223	416	show
1370115376803	136	40	178	click
1374137134419	38	965	444	show
1373968256283	138	484	475	show
1373135741453	130	845	320	show
1369394837014	76	425	378	click
1366742199434	145	395	2	show
1366587636707	112	473	452	click
1367962143029	71	58	63	click
1372316677685	86	551	137	show
1367720207559	126	849	22	show
1367001257327	94	592	422	click
1370638130909	87	727	328	click
1368035419131	74	539	30	show
1367913348479	31	587	367	click
1374002737274	40	119	330	show
1366485647577	30	668	322	show
1367210829512	6	486	11	show
1368596725305	10	59	363	click
1368564855933	33	37	233	click
1372911824707	141	104	216	show
1369121909616	127	908	269	click
1367663560546	46	40	257	click
1368908496121	48	276	145	click
1368406329967	84	137	133	click
1372484290783	78	85	177	click
1369651649103	33	194	261	show
1370910718259	17	614	113	show
1371893262868	128	262	88	click
1367046045888	91	749	400	click
1367516608310	72	175	376	click
1370095366394	17	569	375	click
1370899396711	4	368	106	click
1370380452584	145	118	259	show
1367454464338	130	612	122	click
1372770270372	111	588	376	show
1369960210435	1	23	477	click
1369362571958	39	489	427	show
1366373356274	11	479	160	show
1373694309637	10	484	65	show
1369989339029	81	225	496	show
1370532599750	73	567	14	click
1366889933558	92	971	183	show
1371991876084	27	39	300	show
1369761232547	106	374	28	show
1373723258143	123	182	290	click
1368139257805	13	733	383	show
1372449377902	70	812	103	show
1368538143777	142	635	473	click
1372169273171	116	619	188	show
1367069763077	71	946	398	click
1368444221162	78	341	71	show
1372459086385	75	398	223	show
1369863894960	64	246	302	click
1373812117697	7	756	169	click
1370807473372	111	698	3	click
1371965197655	74	762	269	click
1373361867135	62	177	167	click
1372963839211	145	649	207	show
1374094453060	148	981	51	show
1370036275416	112	783	356	click
1368418705103	75	177	345	show
1372229624781	61	387	252	show
1370966690960	122	335	56	show
1367090695224	83	144	452	show
1368711356082	33	620	474	show
1373608297495	41	940	10	show
1366900175117	140	806	359	show
1372526590959	138	693	311	show
1369459202182	6	382	83	click
1367733729427	79	146	197	show
1370415997481	72	156	421	show
1373420610361	13	584	131	show
1372407733050	29	464	181	show
1370300518535	93	729	53	show
1370563629351	134	246	104	show
1368774614490	27	185	87	show
1367915794077	43	455	404	click
1369969172384	102	23	453	show
1370486343265	139	50	2	show
1369245769700	122	404	146	show
1367942788466	68	134	349	click
1370535487706	97	838	186	show
1368297961426	136	431	141	show
1374161165341	39	71	339	show
1373071109532	8	29	310	click
1368797689316	129	766	282	show
1371794908214	33	470	52	show
1366734904849	59	443	261	show
1369841366350	147	745	43	show
1369052297083	119	704	143	show
1371909490337	21	161	224	show
1369683756213	61	193	345	click
1368816824764	139	905	466	show
1373729839108	112	36	276	click
1367932347583	121	79	273	click
1371213039368	88	248	231	show
1370040115036	50	789	147	click
1370783119673	65	72	51	show
1368969550892	141	381	225	show
1369281335241	130	859	416	show
1370877763466	105	608	424	click
1370745866350	84	362	124	click
1372520959311	138	72	3	show
1367358178783	126	57	28	show
1368438608012	73	647	261	click
1367901321577	16	709	72	show
1366433214644	133	45	386	show
1369536201981	36	13	470	show
1373942725640	141	195	113	click
1373558280556	125	663	338	show
1368391794681	20	19	110	show
1369151247288	25	362	306	show
1367232977296	117	560	238	show
1372862475462	13	719	323	show
1371618095721	141	529	422	show
1374197975215	121	595	17	click
1367185873428	129	555	212	show
1369769331844	146	364	184	click
1367391589732	93	677	84	click
1372671543632	103	479	320	show
1371881673813	72	44	328	click
1368103738763	70	175	93	show
1373297122579	107	644	202	click
1366489237795	146	282	216	show
1367906737224	56	60	496	show
1372568969711	68	445	261	show
1374073392405	67	640	43	click
1369429201432	99	241	297	show
1372816497579	146	760	222	show
1367742499792	90	197	156	show
1373404701104	112	430	145	show
1367833715023	99	531	108	click
1368941318471	110	503	315	click
1369934146984	96	98	129	click
1369044141479	140	798	156	click
1370750533028	133	525	78	show
1373552017847	41	212	427	show
1373864081761	62	50	442	click
1369296034730	16	601	329	click
1367928877604	23	989	37	click
1366384858179	36	314	255	show
1373922947195	115	380	230	show
1368489667119	28	170	99	click
1370217665661	76	708	124	show
1366692714112	142	949	475	click
1367741945771	12	288	19	click
1367628891605	28	822	290	click
1372068223066	105	524	28	click
1367082807626	28	836	266	show
1369891654628	74	386	229	show
1371195813567	113	208	275	click
1373917675380	9	679	335	show
1373011443191	44	781	90	show
1371347396288	33	156	204	show
1370578479520	28	819	471	click
1370339277094	74	603	229	show
1369181208350	3	605	280	show
1369572471188	142	8	104	click
1372318757722	123	405	140	show
1373255944538	14	948	269	click
1372078181013	34	487	138	click
1371272903925	90	92	110	show
1374172294269	122	832	129	show
1366861328992	24	383	278	show
1366927937972	99	363	497	show
1372214319431	16	327	214	click
1371760806259	101	894	183	click
1371766729980	130	292	319	click
1370378565197	1	454	322	show
1373158261248	40	247	338	show
1367238024036	140	28	256	click
1370819636248	135	613	499	show
1373178125019	92	575	350	show
1371617067041	18	572	67	show
1372749477946	73	354	480	show
1371858639423	31	884	162	click
1367946307111	23	604	166	show
1371867421233	110	179	405	click
1372084967991	16	656	131	click
1373782747208	137	68	54	click
1373501722507	34	554	413	click
1372586419021	88	141	55	show
1369241033876	100	834	9	click
1366970765763	70	231	490	click
1373985734411	91	148	64	click
1373414220252	62	668	349	show
1368048654716	90	640	50	show
1368269109039	109	396	222	show
1367920864046	131	664	473	show
1368888322627	41	359	496	show
1371261750899	78	25	71	show
1373537122073	24	396	350	show
1370695383729	146	421	356	show
1374022977648	109	245	374	show
1371683218104	14	887	300	show
1366512104131	37	106	127	click
1370031359362	91	717	179	click
1370569126642	111	993	46	show
1367334505409	75	6	307	show
1373891623712	88	735	477	show
1367855578560	100	78	311	click
1369319549754	118	34	46	click
1369042233835	112	136	70	click
1371320519324	120	309	363	show
1372285526079	47	777	213	click
1371420230629	101	995	131	show
1369213236879	7	277	455	click
1370045139925	62	279	380	show
1369230218672	89	900	184	click
1372329373245	142	349	296	show
1369456497153	149	306	93	click
1369990249101	9	464	475	click
1368139095478	45	871	177	click
1373685774202	105	640	96	show
1369703468436	148	207	272	click
1370624924909	145	525	293	show
1372133332696	135	277	2	show
1372775875690	34	991	379	click
1368902468709	84	862	472	show
1370363935058	95	228	91	click
1372169513781	26	485	448	show
1373408773871	30	536	427	click
1371123395483	117	71	193	show
1370316462709	41	849	412	click
1372981470884	132	621	250	click
1372432291795	39	256	248	show
1368503706412	35	93	342	click
1369940436754	34	215	160	click
1368118155319	44	414	168	click
1370221388164	45	288	339	show
1367611915803	41	905	141	show
1373416768985	11	851	377	show
1369743174236	106	504	263	show
1370120981529	71	254	225	show
1369414669657	6	171	189	click
1370331957383	100	418	363	show
1374093598211	123	47	234	show
1369218809888	46	373	200	show
1370950227130	128	277	85	click
1369886068001	28	555	316	show
1371511567571	126	681	250	show
1366899460178	64	564	350	show
1366933199263	89	416	361	show
1371752260618	19	517	135	click
1367016831494	91	517	321	show
1371603189243	36	465	334	click
1367048257159	51	977	68	show
1373466900474	22	714	120	click
1370711634155	79	216	441	click
1368695895480	108	561	287	show
1373128815615	44	108	279	show
1368092926919	52	161	320	click
1369165657380	90	149	415	click
1370676743836	64	104	142	click
1373496651715	96	391	75	click
1371132917014	6	861	446	click
1371152663118	50	768	8	show
1367743633387	97	737	485	show
1367079161743	21	474	82	show
1370737545789	137	597	52	show
1371585435849	100	957	80	click
1369221575872	98	610	229	click
1368188481358	51	242	82	show
1372752934373	137	731	82	show
1367865905034	107	457	463	click
1368724901162	78	170	270	show
1373567642967	126	487	129	click
1371467642808	59	104	339	show
1371985404082	139	325	116	click
1372238726424	87	53	320	click
1368835560372	90	384	183	show
1369538058350	96	165	115	click
1372602598638	137	307	439	click
1368358946454	68	362	103	show
1373965991457	88	354	353	click
1371463743662	135	993	76	show
1367785473893	38	272	216	click
1368398473605	127	439	341	show
1372819420082	141	760	57	show
1373264872894	40	713	171	click
1369954554355	20	233	294	show
1367539283625	140	566	295	click
1369936030882	53	900	363	click
1373731400766	1	379	464	show
1369326215999	149	350	44	click
1372311989765	98	945	302	click
1370818620675	87	496	459	show
1370994256714	136	347	85	click
1367151013145	122	682	247	click
1373551831759	112	600	114	click
1373902532694	19	78	467	click
1367939149982	31	968	232	show
1368477853547	16	707	349	show
1369599493067	34	360	475	show
1373180443706	79	836	207	click
1373810102177	112	655	177	click
1371067099891	45	257	13	click
1369267105741	147	945	198	show
1371220385634	3	415	171	show
1370019721668	1	355	483	click
1369932188656	112	790	96	show
1369097217670	57	264	241	show
1368459787459	103	329	293	show
1368671820518	3	236	28	show
1366583180062	5	877	306	click
1371225026346	94	802	313	show
1366517719547	143	352	176	click
1368762704465	99	475	155	click
1367834352738	33	726	492	click
1369939742329	98	243	435	click
1366941482031	139	801	482	show
1373924895330	62	835	439	show
1370375751779	139	9	6	click
1373548812167	136	856	343	click
1371383542469	26	610	100	show
1370693951756	25	329	224	show
1370158616713	104	929	74	click
1373098476748	49	272	38	click
1373819705300	116	135	147	show
1366416985122	12	939	44	click
1366773661291	109	250	328	show
1373755521119	150	182	358	show
1370035389118	109	937	453	click
1366691290087	23	770	458	click
1371806848316	145	305	79	show
1372684527419	142	330	383	click
1373252173888	59	994	385	click
1373459282236	81	280	81	click
1369341250497	131	730	214	click
1369268944738	16	484	208	click
1367678091458	135	550	436	show
1368801784538	86	114	191	show
1369871003305	23	42	428	click
1370397231642	15	26	195	click
1372540415071	150	13	18	click
1372844552723	77	372	493	click
1368207532357	25	182	48	show
1373827556736	91	553	148	click
1373767750838	98	371	32	show
1373671782544	107	107	72	click
1369860275436	38	112	415	show
1367687154447	59	450	248	click
1371879662670	32	37	436	click
1367898718067	77	568	147	show
1372877829417	77	999	121	show
1369387310129	5	622	164	click
1370277270077	129	823	97	show
1374140388277	79	680	494	click
1371646125233	73	119	460	click
1367445690837	44	522	171	click
1367256420708	63	598	267	click
1367192706151	42	333	485	show
1370049268913	33	612	291	click
1368325873301	68	919	489	click
1369186926214	135	728	194	click
1369428790392	124	376	198	click
1370481462910	132	332	350	click
1371075715517	46	643	471	click
1373408808449	67	392	490	show
1371014622883	112	854	286	click
1371349643546	104	970	190	click
1368271871902	37	588	369	click
1374015883714	43	236	212	show
1372308383193	128	758	71	click
1372384150637	71	358	366	show
1368420859314	42	502	121	show
1369344971887	85	619	187	show
1369236238702	65	480	215	show
1368891147967	63	317	138	click
1366903759201	21	8	112	click
1366519647614	64	794	275	click
1368591991199	125	87	428	click
1373164612045	88	245	213	show
1372288855037	73	788	170	click
1371614570039	81	491	451	show
1367986948563	120	86	66	click
1372842800342	95	513	372	show
1368545537898	96	902	416	click
1372906807913	3	102	319	click
1367136648326	98	78	340	show
1373081268379	116	911	439	show
1373165702059	37	707	88	show
1368231151559	66	305	191	click
1369774081142	93	888	379	click
1370163770776	86	856	22	show
1366600706427	57	955	53	click
1369999991124	7	674	90	click
1371878185837	45	192	26	click
1373612599861	53	441	130	show
1367966069824	101	452	240	show
1374198806294	47	1	308	show
1370354348312	84	621	335	click
1369063921037	16	105	375	click
1367815650646	111	518	340	click
1369442838519	8	635	394	click
1368425621444	75	447	401	show
1368881157497	130	940	450	show
1371533284673	147	30	241	click
1371711021285	6	153	238	show
1372888692548	11	669	306	click
1369646962447	144	590	335	show
1368305078016	120	544	235	show
1373205608054	50	419	122	click
1373573083828	64	730	325	click
1368970963075	11	203	62	click
1366590278269	112	423	107	click
1369049437168	46	534	108	click
1372789127893	17	516	470	click
1373874778055	127	629	314	click
1370492025989	6	351	58	show
1370366952120	127	948	342	show
1367337761512	133	50	150	show
1367666335406	124	509	318	show
1372833500050	91	605	382	show
1368841014997	99	953	462	click
1371429218196	2	734	449	click
1370855111796	68	889	218	click
1372657055173	11	682	334	show
1368276415529	1	185	113	click
1373183525745	139	494	43	click
1369225617476	135	964	374	show
1371814049878	86	222	149	show
1372871426158	59	19	350	click
1370443102944	69	183	492	click
1366536931118	4	138	285	show
1372601770257	118	145	469	click
1373606970399	33	65	237	show
1366492539381	21	414	225	click
1371939898122	20	258	241	click
1373257769352	1	201	368	click
1366917510443	26	656	73	show
1368332456664	69	144	291	click
1367631006228	83	108	229	click
1369077107324	62	982	351	show
1370770578312	90	441	121	show
1367529205601	28	87	127	click
1366655340645	76	775	252	click
1371995961208	52	237	392	click
1366409347703	53	388	114	show
1372722236843	60	146	393	click
1367030501928	112	966	390	show
1371729855580	10	900	209	show
1369423231180	2	622	377	show
1371006536360	131	682	152	show
1368102071308	3	645	299	show
1373044301441	53	206	265	show
1367657981440	21	745	36	show
1368335110091	50	467	156	click
1367650138875	141	948	7	show
1372116878754	88	962	266	click
1370338424629	140	815	313	click
1367857048675	140	325	125	click
1369403077060	150	63	457	click
1371804803959	2	783	203	click
1366946700664	11	992	46	show
1369014495507	5	532	288	show
1371376172554	91	39	367	click
1373017706398	88	201	190	show
1373311637269	29	825	393	click
1366699541422	12	730	13	show
1373812601854	23	553	270	click
1370764940461	48	372	135	show
1373067771210	108	535	130	click
1368776131979	6	391	81	click
1367859209097	140	394	350	click
1369829494247	58	54	151	click
1372954044729	61	789	23	show
1372373509195	4	161	329	click
1366626266832	94	999	415	show
1369938432974	143	440	335	click
1371606147083	85	989	393	click
1369952284265	75	703	248	show
1371121394006	133	716	222	show
1372751211240	95	79	127	show
1373335543942	94	267	45	click
1368752355722	146	425	289	show
1368188271037	62	71	258	click
1368279084018	41	884	331	click
1367429904168	15	556	14	click
1368854507398	85	825	291	click
1367167408858	91	167	462	click
1367746177206	66	511	331	click
1366882628199	84	796	340	click
1371673277735	22	605	108	click
1370935533935	48	969	173	click
1366528013498	37	512	386	show
1366610854430	145	849	275	show
1373690829057	90	546	56	click
1367763825849	62	506	390	show
1374035765719	58	543	95	click
1371719237239	146	305	154	click
1367825257674	52	324	331	click
1370431228154	87	5	324	show
1369974519956	67	972	272	click
1369856372064	56	734	491	show
1374111450352	91	807	266	click
1371105928912	144	88	400	click
1373680165303	87	713	421	click
1371339199785	19	377	338	click
1372043747134	140	904	181	show
1374087331394	60	558	488	show
1373679667058	107	347	433	click
1368940415676	84	882	279	click
1371480075287	112	457	343	show
1371315191152	98	646	111	show
1366840018431	45	107	324	show
1369761236444	105	303	441	click
1372062690674	48	522	486	show
1368001882166	142	236	219	click
1372527295727	59	557	292	click
1373749411909	27	701	266	show
1373594346317	28	241	198	click
1368552953053	45	200	238	show
1367168552754	9	53	340	click
1373199730116	48	844	305	show
1368948107731	143	433	344	show
1367292018310	84	886	7	click
1368772075887	45	44	201	show
1366881802423	141	45	467	show
1369464359052	88	661	335	click
1372283030559	24	992	146	click
1370611881413	54	211	301	show
1372200112284	61	636	1	click
1373414846575	84	209	20	click
1366761728343	24	149	4	show
1369678663562	13	45	33	show
1368540642605	124	420	145	show
1371666476030	28	715	74	show
1368447865085	102	412	48	click
1373157484212	92	541	204	show
1367608917915	69	206	236	show
1369083087801	20	196	476	show
1366977616796	120	763	153	show
1372573492385	135	735	415	show
1367657523104	45	658	365	click
1369703334622	105	40	164	click
1368860049758	126	383	208	click
1366647745127	66	767	306	show
1367048802484	32	956	15	click
1369318414736	144	688	38	show
1369423492548	91	452	379	click
1371521161557	66	135	392	click
1369502264337	70	498	130	show
1369300490273	133	112	184	show
1370003503646	6	335	120	click
1369269416449	129	490	220	click
1369019816058	23	969	358	click
1367137817678	114	153	445	click
1370568765399	75	545	128	click
1372880664137	36	230	183	click
1370828844153	20	627	264	show
1373126657617	14	182	402	show
1367773297518	53	570	453	show
1366667671092	122	817	476	show
1367300044002	25	121	148	click
1370526434988	114	356	113	click
1366629331081	102	612	87	show
1373330610866	19	480	260	click
1369402628811	125	878	70	click
1367054928044	119	975	474	click
1372115445975	118	783	473	show
1366530531288	76	28	288	show
1367630939300	83	515	413	click
1372047487893	34	318	35	show
1373475296513	6	130	100	show
1369429469232	101	209	468	show
1369858089671	129	34	484	click
1368877540433	77	315	353	click
1369127687377	10	775	36	show
1370830815953	84	940	236	click
1369916191445	20	789	97	click
1373290593163	88	940	114	show
1371668323312	58	408	383	show
1371824284592	4	200	168	show
1373556216435	4	473	215	show
1373579122615	134	736	432	show
1367110851465	17	417	195	show
1373159058323	28	213	116	show
1372939767611	91	306	69	show
1370836389736	122	421	17	click
1368996454683	38	585	364	click
1367816217012	131	346	327	show
1369318864280	40	287	236	show
1368801940547	96	803	393	click
1367907047678	48	682	279	show
1372079440341	133	368	159	click
1369781567272	61	793	19	show
1366615444304	2	745	489	click
1367804837792	150	900	345	click
1370043564612	44	561	458	show
1372968304034	120	83	315	click
1374112462082	143	44	214	click
1372490596269	136	835	390	show
1372490058245	73	982	283	click
1372668390032	42	597	3	click
1372319504992	113	30	196	click
1370105074081	115	750	18	click
1367597878802	112	168	12	show
1374000043503	75	491	155	show
1370811884342	39	903	259	show
1367688015622	77	614	442	show
1369425760220	82	314	235	click
1366833873013	66	529	296	click
1368480637580	88	104	396	show
1371621664661	13	959	144	show
1372969529142	50	990	145	show
1372212692447	123	920	439	show
1370541924513	26	695	412	show
1370098692607	142	660	433	show
1373343418197	54	950	206	click
1366854849038	114	939	466	click
1368286894790	109	471	396	show
1369777588010	112	148	400	click
1370096760748	71	751	338	click
1373809689875	61	285	174	show
1374107926293	44	613	174	click
1371061457482	102	959	320	show
1370039890464	87	863	300	show
1369985685645	23	356	183	click
1366778328501	125	811	484	show
1370502826948	147	320	238	show
1369449446936	148	900	41	click
1374156702813	11	568	371	show
1368501420536	96	174	81	click
1367015036819	89	993	443	show
1368383990007	131	386	280	show
1369439969670	74	97	186	click
1368776755564	122	890	365	show
1372794878673	47	469	207	show
1370632954966	9	346	460	click
1372119491603	91	194	268	show
1373118180080	60	327	203	click
1370604221233	6	404	254	show
1369068546355	31	841	363	click
1373129810639	44	439	211	click
1368378324973	61	884	152	click
1373833297465	112	272	29	click
1366781122999	132	654	179	click
1372313732610	62	106	205	show
1367016108715	68	873	200	click
1369039908166	8	90	355	click
1371064304461	95	374	18	click
1370819073424	16	800	291	click
1369203110959	47	17	58	click
1370985197842	117	364	328	click
1370413080103	47	427	159	click
1370612173401	63	965	35	show
1366613453364	133	791	453	show
1373569330958	120	763	443	click
1370065406715	4	853	485	show
1373271755418	18	496	325	show
1373804856038	95	591	379	click
1371887663681	121	21	437	show
1369652671429	30	834	461	show
1373488669655	123	609	139	click
1368176611027	97	838	373	click
1372420653331	35	766	226	show
1366346980425	18	178	35	show
1371519335616	13	9	414	show
1371810191646	44	815	79	show
1371569654513	134	99	418	show
1371488162831	104	891	101	show
1371826920753	143	464	357	show
1366847209993	108	675	422	show
1369070797937	28	219	445	show
1370832379066	113	222	151	click
1367903101906	90	923	285	click
1371798747207	117	866	438	click
1370533181332	5	434	259	show
1370461342864	126	882	1	show
1371631809987	143	373	50	click
1370605183088	52	285	39	show
1372217019509	75	164	202	click
1368621967144	120	505	282	click
1368108383796	136	936	388	click
1371638945660	121	890	422	show
1373202301039	22	714	149	click
1368118181311	30	941	132	show
1373870701127	61	666	145	show
1373202841057	104	196	111	click
1366378182334	135	647	98	click
1372462034777	89	264	167	click
1370546699696	74	692	440	show
1368764227384	107	515	127	click
1366751387791	83	618	380	show
1372267594988	111	889	333	show
1373671334747	118	772	425	click
1371987048630	12	344	184	show
1371940834539	5	844	352	show
1369475007594	65	523	235	show
1370624055945	22	971	187	click
1367952724610	100	758	114	show
1368897814162	3	343	433	show
1370529089195	147	786	70	click
1371585829027	52	355	149	show
1369968671909	25	60	220	show
1374197746966	27	536	215	show
1373679507932	2	651	282	click
1368013163946	77	518	246	click
1369848803972	97	961	38	show
1373247651673	138	386	278	show
1367119550213	121	921	403	click
1370918136899	44	288	447	click
1373548842435	147	923	156	show
1367631500191	11	535	268	click
1369473049270	16	688	48	show
1368569527545	20	706	329	click
1373827559622	2	157	394	show
1369744036865	52	166	197	show
1372468120792	3	428	454	show
1369105179005	120	372	78	click
1373356268000	9	765	212	show
1369771400426	88	75	249	show
1372917519238	11	811	127	click
1373527562775	24	284	237	show
1368676598811	147	263	374	show
1366372213815	64	68	500	click
1370474382245	70	955	91	show
1372497652655	140	616	140	click
1367045923198	123	54	314	show
1369819659777	85	33	39	show
1369080726945	65	896	424	show
1371831109475	111	309	457	show
1370824612700	132	516	185	show
1369812228838	93	847	264	show
1370348378955	37	183	426	click
1372882589335	114	98	90	click
1367285107409	34	758	347	show
1373693866283	102	37	41	show
1372513326279	101	503	373	show
1369469694866	19	439	323	click
1367733487817	127	588	463	show
1372961176796	63	760	166	show
1370300835270	146	82	68	click
1369719409188	32	483	110	click
1372924047941	145	98	19	click
1371584860068	141	381	165	show
1373902340305	122	522	322	click
1368936245714	102	84	442	show
1366457348730	18	221	235	show
1367112521445	57	620	375	click
1369299827899	11	520	402	click
1373800184702	8	9	171	show
1370180879231	146	44	285	show
1369338472958	27	274	332	show
1372812005956	47	767	80	show
1368680700452	64	13	153	show
1367531866855	98	279	72	show
1368565394127	57	472	96	click
1373042640391	28	743	23	click
1374002583261	139	267	473	show
1370465472165	64	25	302	click
1366613151315	87	51	10	show
1366389083192	44	399	193	show
1371735710958	35	399	90	click
1368005851162	64	249	119	click
1370939507554	106	214	450	click
1372699390633	103	824	399	click
1370284602960	149	427	57	click
1370228215049	105	65	85	click
1370247252280	122	123	57	show
1373784275958	91	389	258	click
1370024365746	11	656	17	click
1371271877084	36	914	37	show
1372436465292	88	643	7	click
1372535558720	122	468	236	click
1366747179601	65	915	5	click
1367883799359	60	121	37	click
1373065241665	108	249	53	click
1370156363462	98	295	472	show
1370814507451	37	441	286	show
1369990941837	115	542	438	show
1370347610232	130	757	416	click
1370204681380	75	451	146	click
1370081376151	106	627	29	click
1371091485910	37	77	128	click
1367115090614	99	891	448	show
1367300928482	86	924	162	show
1369288970195	119	415	274	click
1370526168639	74	987	434	show
1373068730786	139	730	369	show
1366530932043	70	697	143	show
1370766045566	72	939	304	click
1370872331250	57	980	492	show
1373189239202	48	696	90	click
1369986035986	121	250	329	click
1372882830141	122	238	174	show
1367860435069	86	362	372	show
1369049150381	131	976	185	click
1369132911830	2	831	438	click
1371960494698	7	122	248	show
1367041622925	142	27	495	show
1369181435768	84	972	191	show
1366677194950	27	623	400	click
1367247209393	16	541	159	show
1372083195115	92	155	268	show
1369910071342	142	428	418	show
1369085545507	1	679	388	show
1366882964683	89	915	483	click
1367353647168	74	203	439	show
1372977048141	88	510	168	show
1371024583971	38	950	347	click
1369504157245	136	644	106	click
1372396396941	44	398	228	click
1374190504405	82	6	280	click
1373488002839	14	178	258	show
1371229773989	11	466	25	show
1370956392367	39	312	474	click
1369019343610	15	316	220	click
1369157535218	50	566	108	show
1366626743997	47	590	48	show
1373335764703	34	778	84	click
1371325681346	96	999	319	click
1369433419701	90	237	418	show
1366395240990	18	888	454	show
1373477115810	3	960	306	click
1367761981567	43	791	414	click
1370676818048	98	637	186	show
1369334339858	52	444	103	show
1369496267275	120	476	334	click
1370727718426	129	483	333	click
1367869836716	98	393	12	show
1374028162699	62	860	291	click
1372853883054	91	297	393	click
1370987029508	87	481	373	click
1369962052375	134	420	321	click
1373429606047	71	379	292	click
1369083118589	143	189	141	show
1370757600211	33	682	294	click
1370571761397	142	465	107	show
1373101333789	10	584	288	click
1366511060702	38	698	98	click
1369399289542	10	781	101	click
1371553557740	135	217	394	show
1370835964891	10	123	218	show
1367058209400	118	249	151	show
1371474988243	13	2	119	click
1373774615713	30	204	154	show
1369519509462	99	725	133	click
1373182721407	13	149	449	show
1368750479636	95	293	317	show
1370970366958	2	446	155	click
1371230799134	89	653	238	show
1369569164247	143	120	95	click
1373494639960	80	672	225	click
1371089335079	17	824	475	click
1368057420982	109	694	217	show
1373217065132	98	701	107	click
1366873315907	80	393	63	click
1373058325989	47	153	300	click
1371910348898	55	466	458	show
1372260384559	75	342	154	show
1368857631724	101	749	344	show
1373775478399	120	956	393	click
1373996212867	128	577	90	show
1371352268034	4	518	235	click
1371681483730	123	919	132	click
1369974343884	80	400	402	click
1369803304891	96	143	106	show
1368340378903	80	906	149	click
1370887216741	51	649	428	click
1368909449719	5	638	167	click
1372443365783	135	772	329	show
1373113462707	7	364	120	show
1372622358964	111	597	63	click
1373412761484	139	386	297	show
1368508280898	123	27	45	show
1369071215182	62	939	142	click
1369707539911	30	47	488	show
1369592842891	62	484	498	show
1366586150126	90	534	273	show
1366523593315	73	348	100	click
1369489748253	106	223	58	show
1372818022125	1	528	192	show
1367513163122	1	498	469	show
1369674167397	73	450	455	click
1371454428707	60	827	16	show
1367482404119	128	496	399	show
1367114437823	27	640	154	click
1366738415683	45	978	305	click
1372467185405	24	356	388	click
1371107331138	3	765	126	show
1368017623447	117	579	467	click
1368317361986	143	495	56	show
1372388833370	41	219	235	click
1367638699224	4	260	318	show
1374116132558	101	218	378	show
1371951521602	113	49	416	show
1370308372699	29	18	309	show
1369449747070	73	636	488	click
1367372582837	70	701	266	click
1369886294788	129	666	345	show
1370583446706	38	541	199	show
1367597200465	74	20	288	click
1366398221157	96	962	391	show
1366933513700	112	137	148	show
1366512622709	100	469	381	show
1370901574860	139	348	404	click
1373203815906	4	339	44	click
1369860701481	89	548	279	click
1367926200706	139	553	324	click
1368076486921	119	264	373	click
1370224664163	54	906	142	show
1369559879907	105	305	133	click
1368214011681	126	690	82	show
1372557444146	108	323	463	show
1370438166055	58	44	426	click
1368287204274	56	186	300	click
1368350531011	69	807	362	click
1370860009233	74	127	141	click
1373141810904	98	348	159	show
1368680880030	122	953	190	show
1368241213626	118	185	235	click
1372958126232	145	897	212	click
1367512896715	64	768	199	click
1373011762017	113	680	170	click
1371218823928	36	833	401	show
1366493852023	57	303	61	show
1368338869680	79	628	131	click
1370893878731	144	993	144	show
1370538006144	20	45	134	click
1372589963923	81	660	422	show
1369933415653	59	512	308	click
1369977834205	85	769	500	show
1368593652932	130	926	447	show
1373031513826	75	657	392	click
1366435565905	23	111	358	show
1367030514969	125	177	464	click
1367778316298	132	425	48	click
1366395983243	140	555	174	show
1370772889062	85	927	223	show
1369108688537	88	840	12	click
1371355757348	117	611	140	click
1369691617443	71	821	121	show
1371555710985	135	207	345	click
1373032599685	129	773	111	click
1373586857886	140	57	228	show
1370781384374	22	462	300	click
1369288707200	99	774	318	click
1372592066257	119	187	20	show
1370509253049	8	162	325	click
1374102133141	58	881	467	click
1372210883891	101	547	181	click
1373569761799	101	235	231	show
1373937934583	102	601	458	show
1367280305496	37	407	358	show
1371866570182	34	13	472	click
1369419891029	40	92	46	show
1369432726401	148	165	16	show
1368647889394	77	828	304	click
1366887772516	113	899	36	show
1367939493108	33	961	75	click
1366453664080	75	955	116	show
1370039069827	43	924	392	show
1371892592131	26	217	377	show
1368408574962	84	637	325	show
1369261073952	87	84	42	click
1367263546106	90	598	64	click
1371323201705	95	901	210	show
1372572968079	23	716	416	click
1367076282211	66	438	357	show
1370988107350	131	889	479	show
1366847595895	70	986	210	show
1370887475620	118	342	309	show
1368987144649	70	432	64	click
1371586648549	107	333	476	click
1367603219308	4	232	415	show
1368068646451	90	172	315	show
1373973785642	52	961	43	click
1369090152312	91	329	395	show
1367399526957	100	812	15	show
1366732376811	69	197	161	click
1372800839734	143	936	23	click
1368181833094	63	410	216	show
1372345563681	138	977	249	show
1371878650327	93	619	330	show
1366756839620	102	206	427	click
1372280426286	65	425	95	click
1371376169745	81	694	404	show
1370078537429	23	873	364	click
1370358460904	21	607	448	click
1371825430337	69	367	471	show
1369564546678	145	227	375	click
1371744670914	24	423	370	click
1370956286332	33	610	206	click
1367526989243	22	239	375	show
1368701176661	88	835	412	show
1368065787095	125	757	282	click
1366735961209	84	858	71	show
1366540906683	40	332	44	click
1369349547852	36	719	437	click
1368612822267	120	808	371	click
1373049292740	113	399	171	show
1366824783080	88	478	500	click
1372773857039	23	192	309	show
1370340575579	126	961	467	click
1371580668004	87	413	70	click
1373711516196	13	501	21	click
1373756633396	91	232	473	click
1373766827947	31	452	413	show
1373767728217	81	464	136	click
1372445420536	1	411	152	show
1371309572941	83	815	263	click
1372396352978	68	798	395	show
1366434602449	84	268	397	click
1369601957603	11	146	177	click
1368612534544	46	561	153	click
1372498778404	42	691	38	show
1370019526498	88	651	279	show
1370591126778	36	906	361	show
1373252986164	38	803	422	show
1369826342329	49	704	182	show
1372799815912	56	256	118	show
1366721600675	98	237	301	show
1366520106219	10	152	286	click
1367909915662	51	373	107	click
1370509076480	113	579	57	show
1368598130975	71	768	211	click
1371315532641	82	873	331	show
1373462144165	68	162	460	show
1371492468548	95	333	288	show
1370081677834	52	420	483	show
1368902658379	46	803	117	show
1367830053464	100	284	479	click
1373878104935	118	629	392	show
1373111704452	53	436	424	click
1368406333194	45	846	50	show
1370683363132	45	900	297	click
1371116308196	116	931	38	show
1372067451185	57	741	482	click
1369923069317	14	714	163	show
1369238714199	107	413	456	click
1369719392449	32	566	240	click
1367505846138	144	333	259	click
1368373271582	82	625	428	show
1369116176433	150	800	395	click
1368591595550	91	830	197	click
1371827309994	73	259	229	show
1368313945053	27	769	475	show
1372765338073	92	281	348	show
1368159159168	81	585	15	show
1372234186631	111	938	74	show
1368312021972	134	302	43	show
1371470432979	7	204	330	show
1371827486157	64	338	157	show
1368437711733	150	795	319	click
1368140295546	57	812	340	click
1369247487794	85	351	425	click
1369527351401	39	130	101	show
1370325302007	124	699	111	click
1368991224080	59	924	493	click
1371481467090	144	299	238	click
1368248638012	31	284	447	click
1368278184868	21	27	445	show
1372070080041	35	153	329	click
1368747654122	5	832	224	click
1372522022553	107	435	288	click
1368343896125	101	706	383	click
1367194529402	72	101	133	click
1372744653367	107	452	333	show
1367310838827	66	701	483	show
1368183518400	100	529	384	click
1366753135023	16	122	306	click
1369611871683	19	99	485	click
1366966714975	59	513	172	click
1370939801017	49	75	306	show
1372252384257	145	676	194	show
1372931298751	112	662	406	show
1373009104689	1	594	450	show
1373430617627	96	329	371	click
1370694673545	126	474	210	click
1372739521863	49	666	72	click
1371533772613	47	739	75	show
1368688849389	90	360	56	show
1368106794952	128	895	257	show
1369974909851	81	277	394	show
1372615688151	137	797	366	show
1367400436628	72	690	367	show
1369177808299	108	102	320	show
1369401730476	61	179	450	click
1371024162432	22	693	203	click
1368314074155	98	276	201	click
1368469238772	43	459	119	click
1373654702666	42	476	175	show
1368500000199	91	530	355	show
1371718852669	20	805	169	click
1368847266053	52	948	203	show
1369550683733	87	660	206	show
1373833228568	93	211	303	show
1366593021489	48	348	429	click
1366630869131	148	445	32	click
1372669397884	50	551	327	click
1370671365571	18	683	44	click
1366906793062	2	554	95	show
1371355681492	134	919	109	show
1367739149679	12	58	428	show
1367361892984	72	594	36	click
1371216527673	50	692	25	show
1367278886789	55	105	166	show
1372342567469	21	518	397	show
1371703141299	82	119	1	click
1374185358116	79	7	166	click
1369309037326	82	754	311	click
1370676033181	54	984	463	click
1372108038425	109	337	304	click
1370245064811	52	35	60	click
1369275737430	70	239	395	click
1368179652159	62	69	356	show
1367498039943	56	930	170	click
1371626380177	80	434	105	click
1369545930743	14	931	245	click
1371483744886	149	68	77	click
1372068053204	52	285	43	click
1372906605981	20	431	365	show
1372839511040	142	18	323	click
1369825661277	98	538	395	click
1373596414689	46	434	30	click
1372530643882	117	514	1	click
1372945494047	119	756	362	show
1366637351179	70	479	162	click
1373980093787	27	850	171	show
1368517947372	52	932	288	click
1370273796994	87	853	124	show
1373367917893	87	200	475	show
1370258545884	64	440	86	click
1371020549446	105	760	335	click
1371098608095	72	489	101	show
1369684184882	23	661	115	show
1369863821469	49	161	403	click
1373426412639	33	910	229	click
1370058669358	87	759	292	click
1367867092719	76	767	34	show
1366996056916	8	288	424	show
1368341584645	59	458	280	click
1370911446678	111	773	167	click
1373480724996	91	546	167	click
1370568981568	80	899	83	click
1371911348033	49	829	360	show
1370280877466	48	853	238	click
1370344887729	25	194	345	show
1370218604153	71	337	268	show
1367923231054	140	572	156	show
1370378536422	23	408	352	click
1372278462249	39	163	82	show
1369898769432	28	522	475	click
1369109318710	113	275	466	show
1368782091460	50	69	124	show
1367335221863	60	35	370	click
1368555962849	129	483	460	show
1371939425231	29	570	222	click
1366353667712	58	744	7	click
1368806695421	131	928	23	show
1374180706166	111	279	27	show
1366598628047	10	924	391	click
1374107686205	27	355	181	click
1370464688552	8	426	242	click
1368243194260	60	681	6	click
1371480007026	67	548	152	show
1369778907987	19	147	34	show
1367960535746	92	816	451	show
1368272145026	4	977	348	click
1368799962291	47	717	480	show
1369370170416	51	253	67	click
1369235546296	66	870	48	click
1366818538103	100	447	51	show
1368727736832	80	38	78	show
1367182683903	112	649	122	click
1367072799395	77	558	53	show
1370560278400	139	950	237	click
1372477229759	140	493	41	click
1366943517838	50	69	268	show
1371442351576	30	315	456	show
1372900100532	46	166	132	click
1369341026252	101	760	159	show
1367061025996	146	585	76	show
1369475455627	99	303	265	click
1366752082119	120	893	356	click
1368894758051	7	933	490	click
1371349231767	73	71	101	click
1371460109207	97	233	488	click
1368672365434	124	25	98	show
1369885802398	63	459	436	show
1373461960599	23	472	170	click
1369440375602	133	327	448	show
1372459529594	67	525	167	click
1369283796335	29	274	450	show
1370048851761	108	5	239	show
1369258924386	89	303	239	show
1370359177748	43	247	243	click
1366437917750	7	298	178	click
1367907296084	8	569	367	show
1373265251204	57	473	185	show
1373539049145	6	280	19	click
1371960676523	133	520	308	show
1369665428883	83	993	153	click
1374070345419	126	268	132	show
1371207614119	104	152	259	click
1369126164611	98	111	73	click
1373597281889	37	671	222	show
1366509892078	106	593	190	show
1371282539999	33	731	390	show
1367428275231	86	143	456	show
1371646009894	14	703	74	click
1369518387285	57	928	192	show
1370269118881	92	498	334	show
1370294274420	118	367	296	click
1369446367625	2	191	404	click
1373066959214	96	43	497	show
1374015833664	26	839	84	show
1371651118996	43	307	413	click
1370634170094	65	896	235	show
1369556269369	22	889	279	click
1370724654078	33	349	366	show
1366730903267	53	507	96	show
1370808773367	72	141	171	show
1372721418985	110	31	66	show
1368249181801	61	971	35	show
1367153550232	114	474	84	click
1369790588563	97	167	336	click
1366756380063	141	961	192	show
1371242771952	89	808	493	show
1373432928069	9	450	227	click
1368282798745	62	947	482	show
1369080358488	61	50	285	show
1367733558503	77	311	214	show
1370601951855	104	929	379	show
1373776296140	6	884	177	click
1369077578905	56	610	133	click
1367140834879	49	17	239	show
1374102067826	32	105	281	click
1371233635137	99	303	96	click
1371967747947	52	70	416	click
1369909051920	105	821	495	show
1373010851161	119	718	393	click
1371270188610	134	353	197	click
1368207957303	116	31	311	show
1366682900628	68	578	259	click
1373369921154	104	438	118	show
1368176757365	63	125	440	click
1371032098483	16	236	261	click
1368258164052	20	158	282	click
1373653522627	97	618	37	show
1369165941135	58	731	43	click
1372867964913	119	398	158	click
1371581205473	113	819	11	click
1369357570212	102	785	118	click
1372010665460	57	775	198	click
1370668675897	2	738	289	show
1368474456622	99	21	269	show
1370655815448	79	236	319	show
1374125727764	146	554	447	click
1370686348055	32	900	251	show
1367897694494	64	877	240	click
1373039700999	144	419	104	click
1373708351360	49	989	185	click
1367486088177	20	660	141	click
1372516534083	118	887	488	click
1373855083169	32	260	74	show
1371458275757	61	700	456	click
1374061684102	75	46	240	show
1369562306319	68	567	69	click
1366517854926	135	284	316	show
1368788922626	123	343	59	click
1372741890125	30	473	99	show
1371051972723	2	149	97	click
1367689610275	83	966	52	click
1372108234009	55	217	27	click
1369835465355	131	266	81	show
1367091082373	58	994	200	show
1371220847850	86	269	25	show
1372634809809	6	159	443	click
1372052703466	104	949	178	click
1368965458586	17	323	372	show
1368336748358	40	552	15	show
1369853208449	52	810	486	click
1366618522451	126	415	306	show
1367244795595	4	650	230	show
1372738028946	95	76	368	click
1368756484590	68	708	292	click
1367197759895	88	854	15	click
1368336719746	65	27	159	click
1371939683977	63	186	437	show
1372572848151	70	200	496	show
1368490410053	71	803	81	click
1367803600669	129	411	21	show
1371577650260	2	477	156	show
1371825573569	128	610	33	click
1370086093421	95	618	23	click
1370652895225	149	619	300	show
1371018845136	98	510	469	click
1371811228902	53	32	214	click
1372894310628	98	857	59	show
1373435736505	24	819	288	click
1369320520947	115	872	295	click
1371272188768	150	90	129	click
1368233402461	16	697	423	click
1368129428511	33	876	306	show
1372144174278	111	470	186	click
1367657488491	28	759	371	show
1372842308172	54	138	104	click
1373515646220	23	475	479	click
1366830312721	4	392	192	show
1373179528067	48	130	229	click
1370428110744	94	845	483	show
1372204173441	144	748	441	show
1369614129171	64	164	158	click
1366493038133	71	601	296	click
1369157478783	10	894	354	show
1373123199276	132	289	170	show
1371574380327	89	175	157	click
1372106382947	107	496	143	click
1371349182851	60	61	397	click
1370511597555	33	626	29	click
1372433213571	124	760	362	click
1373380141593	71	820	317	click
1373793160170	47	421	223	click
1372577074362	58	236	16	click
1368677792453	114	75	250	click
1370144178477	104	790	204	show
1372559129206	120	620	165	show
1366434376315	20	267	365	show
1372059153382	118	130	8	click
1373576236174	136	241	339	click
1368258924257	136	135	255	click
1366895874363	60	415	71	show
1372918573233	105	511	21	show
1372531603700	73	879	362	show
1373676789060	146	823	221	show
1367581435967	80	613	485	click
1372024585943	4	739	106	click
1373487022931	99	226	5	click
1370559800961	28	760	318	click
1367762199506	138	884	194	show
1368375623033	104	535	176	show
1370908936677	35	211	78	click
1369892166673	76	680	271	show
1369948379887	126	508	211	show
1373261374887	55	5	245	click
1372112080360	107	340	248	click
1367533461250	54	47	97	show
1369615346282	130	308	376	click
1372102074377	114	58	304	show
1371326923581	104	170	249	show
1371649384546	130	850	478	click
1366544651499	84	954	62	click
1370168283663	24	363	94	show
1367950744912	96	705	264	show
1367290378100	88	397	421	click
1369785338191	105	768	268	show
1367101114509	68	734	291	click
1367065453698	27	557	155	show
1368959431820	94	748	436	show
1366381554136	33	271	228	show
1368783501981	48	218	271	click
1371262372701	17	410	87	click
1373815568896	60	22	254	show
1370994818648	30	693	58	show
1370373060843	67	167	426	show
1369399590795	137	64	357	show
1367627424813	124	238	321	click
1371004984632	144	37	380	show
1371177256014	144	219	423	click
1367465705517	57	675	42	show
1373384063841	131	761	455	click
1371724816877	38	603	268	click
1369081327882	32	774	24	show
1366552868824	91	951	96	click
1368007370466	26	308	382	click
1368863739981	78	800	78	click
1371229332226	65	985	420	click
1371884150361	58	106	491	click
1372805801661	135	839	411	show
1368821564096	83	182	129	show
1373326519788	10	380	162	show
1369313613735	124	110	321	show
1366399241672	9	888	275	show
1371258498303	119	799	260	click
1373666308006	5	393	456	click
1366731733346	66	510	40	show
1367844278719	44	614	414	show
1373381823444	79	35	389	show
1373363115638	131	547	466	show
1368031608964	76	713	372	click
1369442333634	146	137	456	click
1369245045278	149	182	226	click
1369743138962	130	147	170	show
1372261517731	50	283	212	show
1366882533608	46	565	127	show
1366767102256	50	277	70	show
1371912099613	142	370	151	click
1369610535201	18	951	370	click
1369804234480	12	236	235	show
1373129809772	85	931	395	show
1366601708995	120	210	484	show
1372417101774	132	784	112	click
1373946603288	112	600	333	show
1369950021396	29	679	214	show
1371439278523	53	372	455	click
1367611703669	65	661	397	show
1372182195213	80	79	18	click
1367182623203	136	849	458	show
1368894375171	114	800	274	click
1373800877213	11	24	205	click
1368044322291	41	968	16	show
1369599244157	5	8	212	show
1371456289292	135	714	400	click
1370395618428	71	990	242	show
1366562247234	125	845	184	click
1370214016810	73	855	321	click
1368167898334	23	863	473	show
1369633043454	43	540	91	show
1367872543939	131	317	153	show
1367124972286	66	49	232	show
1368671154017	99	84	389	show
1368910218577	148	219	427	show
1367423857391	48	754	35	click
1373399352674	51	87	259	show
1369141225550	47	956	452	show
1367751106433	81	594	145	click
1368810386197	64	736	272	click
1367133047673	40	481	219	show
1367393776687	8	274	410	show
1370171992024	6	342	287	show
1368062758667	88	87	157	click
1374012787708	99	444	289	click
1369091934933	101	926	473	show
1370979905154	58	596	440	show
1370381062156	95	894	459	click
1368870524138	71	282	127	show
1370560839673	136	34	488	show
1370332145155	131	643	104	show
1367213276481	108	889	412	click
1370289707461	98	82	199	show
1372702594409	13	636	205	show
1373236242971	5	625	324	show
1370513410583	45	905	45	show
1367098604236	115	26	372	show
1369926310703	56	785	212	show
1371422997013	81	334	417	click
1371029951103	57	763	89	show
1366423749081	29	582	74	click
1369132719590	85	814	122	click
1373725346073	68	917	380	click
1366922505509	67	789	332	click
1367015154662	132	552	233	click
1369760410947	47	360	367	click
1371650795471	57	928	232	click
1372160936869	89	638	344	show
1372829913069	135	931	390	show
1370383999176	36	373	403	click
1366766242325	59	109	45	click
1369991699866	25	539	128	click
1372008437077	102	903	134	show
1366673054425	58	975	278	click
1371706615614	48	917	388	click
1369173642804	146	163	256	click
1374093646355	98	162	197	click
1367081721845	8	503	480	show
1373769957713	125	630	402	show
1367163664561	89	25	209	click
1370745210773	35	447	116	show
1373862654249	95	329	367	show
1369572154267	94	431	12	show
1370672087420	49	989	239	click
1368820664040	63	805	38	show
1367317360583	35	273	133	show
1370208070283	67	59	138	click
1374181270732	25	910	290	show
1367025085143	62	955	238	show
1367568525901	109	38	257	show
1367816613752	20	313	474	click
1370327261160	75	353	381	show
1369890215049	26	214	248	show
1367481111276	76	422	223	show
1369476120389	18	569	49	click
1369778186019	94	24	358	click
1370042694589	146	869	37	click
1368984760080	88	555	137	click
1372638393206	25	401	143	click
1372682778075	99	843	368	show
1368643962891	132	434	446	click
1372527597063	13	369	454	show
1371895408660	121	894	324	show
1369510183943	77	568	149	show
1372850505599	141	207	439	click
1368579632954	146	717	143	show
1367418464286	78	629	452	click
1373159245627	2	210	140	click
1373548446726	36	470	363	show
1367671735651	7	924	417	click
1371339447331	65	831	309	click
1370698707705	121	912	413	click
1369320133707	87	723	104	click
1372750265828	142	930	95	click
1373715237603	77	928	63	click
1372405743230	1	878	102	click
1367868848398	2	512	141	show
1369401886150	120	531	276	show
1371083395891	131	110	378	click
1368921665923	48	11	405	show
1371095607749	12	999	383	click
1369029098706	95	475	154	click
1371236355304	125	786	84	show
1372072511852	57	763	83	show
1369964655074	126	476	500	show
1368381364269	111	17	432	click
1370748385035	109	635	114	show
1368419828219	61	51	363	show
1372109273536	48	924	324	show
1371835914727	56	521	410	show
1371171318175	117	658	296	show
1368823925035	44	843	387	show
1372662647450	63	891	410	show
1369020287713	48	660	470	click
1368125513914	56	755	59	click
1372621453164	46	96	424	show
1366884364128	145	484	297	click
1366483151318	108	204	337	click
1372817608344	144	501	170	click
1371106310296	10	831	171	show
1370759780339	67	29	225	click
1372152483099	102	713	237	show
1372253875969	143	354	453	show
1366547849049	73	817	211	click
1372548315300	18	224	30	show
1370939288397	2	577	391	show
1369592119027	85	93	346	show
1369785126112	98	570	411	show
1366467058962	117	809	266	click
1372325274057	107	702	155	show
1372955317301	92	439	30	click
1373335900911	65	140	190	show
1366743117420	40	816	182	show
1366522404478	61	983	241	show
1369254657682	47	975	364	click
1370395760916	146	492	76	show
1368529913381	44	238	258	show
1368110404594	144	928	474	click
1371731346450	28	16	478	show
1371094992036	92	821	175	click
1374045603888	83	521	478	show
1366567380196	100	256	198	click
1367063612094	16	504	199	click
1370084606939	123	295	464	click
1370354896788	46	615	80	show
1371118442445	94	857	54	click
1370946596992	78	24	319	show
1370447081494	149	397	166	click
1372487782259	52	874	289	click
1372084347253	90	554	433	click
1370924799678	126	739	78	show
1370792931957	45	606	32	show
1369986575867	125	74	10	click
1368289589021	54	274	481	click
1371897531004	7	676	224	show
1369433341701	66	395	262	click
1372826478781	53	652	46	show
1372480274708	18	323	322	click
1367034314544	70	219	484	show
1367379144463	68	977	414	show
1369600511236	32	943	407	show
1366896222042	6	829	136	show
1369404522381	105	9	486	click
1368543319480	23	369	42	click
1371079465868	21	452	85	show
1370033379979	17	846	440	click
1370436487987	23	159	407	show
1371190852790	6	252	15	click
1370087281277	4	682	498	show
1370951983912	105	448	433	click
1366485140598	130	354	432	click
1367463572141	32	585	25	click
1372575635446	53	734	263	click
1373252825003	91	645	289	show
1368149265466	144	796	307	show
1367103651095	45	70	13	click
1367307870313	78	144	124	show
1371715817185	9	636	233	click
1373603716812	73	934	191	show
1366386926569	108	474	179	show
1374082694950	1	520	307	show
1367788636771	68	466	133	click
1369382758163	67	577	222	show
1371329918068	21	66	252	show
1369341041289	81	852	115	show
1369196819546	84	571	271	show
1372766089959	36	810	67	click
1374141715894	104	712	465	click
1372322212962	119	4	404	show
1369880694656	144	690	37	show
1369404697436	147	1000	142	show
1366677762255	119	403	329	click
1373473694887	32	273	78	click
1369370536545	43	676	57	click
1367130204785	105	834	307	show
1368470207510	140	867	313	click
1369453721783	105	650	158	show
1372924973291	94	336	206	click
1371358227357	95	917	20	show
1370108556295	26	137	46	click
1373761186976	92	276	467	click
1370940683848	94	985	28	click
1372709238409	76	821	247	show
1373890182683	103	594	176	show
1370694356950	139	135	15	click
1370156185278	107	373	274	show
1369782753723	101	26	260	click
1373748674957	32	237	468	show
1373763021574	5	400	335	show
1368457969382	28	245	75	click
1366716878059	50	103	141	show
1373211601357	119	464	266	show
1372972242192	97	816	480	show
1369707686767	133	248	356	click
1373527013506	21	249	17	show
1372719313509	2	808	295	show
1367521432852	9	553	132	click
1367418878356	26	200	416	show
1370738611259	80	48	422	click
1369935989101	49	858	83	click
1367410475439	97	342	414	show
1370885423127	122	595	111	show
1367220110559	139	620	71	show
1367352968442	147	349	231	show
1368466717394	75	157	461	click
1374161396961	45	277	196	show
1367766065121	17	836	308	click
1369717151831	62	932	262	click
1370485912915	76	363	72	show
1368253429064	19	946	380	show
1372785254834	143	57	60	click
1370335839261	113	99	120	show
1368687504141	65	544	345	show
1366747204303	14	44	204	show
1367891174910	23	623	429	show
1372100593151	112	867	153	show
1370023699507	9	727	265	click
1373285198140	101	232	425	show
1371640190470	50	956	208	click
1372163033571	71	220	11	click
1372220880845	110	417	380	show
1372512485813	95	832	142	click
1367170441981	23	499	209	click
1366661546411	128	925	390	show
1369607036708	48	807	225	click
1367905798279	24	492	373	show
1368725897763	122	645	10	show
1373503485669	71	392	463	click
1370537835152	37	898	313	show
1368428382193	149	611	201	show
1370598340259	34	216	171	click
1373232804506	138	313	420	click
1373628018878	106	139	104	show
1367917852864	116	619	19	click
1369325833921	131	152	342	show
1368656689633	54	952	218	click
1372934534941	44	878	445	show
1368724572412	5	240	49	show
1373791654123	139	864	474	show
1372355349938	116	850	386	show
1372994372569	117	145	176	click
1367904807455	145	893	492	show
1369565776053	58	801	425	show
1372150237340	110	831	399	show
1369053162859	98	70	95	click
1367569618977	102	399	366	show
1372670394278	138	438	80	show
1372659843517	11	984	49	show
1371097997075	122	516	301	show
1372221107949	94	949	293	click
1372666836451	124	528	314	click
1368388018875	87	906	169	click
1372183805108	10	523	166	click
1368480385004	87	453	327	show
1372937285004	99	986	230	click
1370298111393	78	347	446	click
1373495165946	143	75	454	show
1372289995297	83	564	299	click
1368908649183	69	832	12	show
1367667342503	23	908	462	show
1370090605466	96	571	404	click
1366659458000	95	226	11	click
1368759739017	126	886	389	click
1370060528970	120	786	261	show
1374051049543	115	50	87	show
1372346284515	86	64	265	show
1371402235821	111	788	312	show
1367398505312	46	49	19	click
1368066313670	133	797	218	click
1370009362186	48	957	418	click
1373163760084	89	443	268	show
1370222662234	86	814	487	show
1366701201559	49	458	378	click
1369212842178	92	382	63	show
1369830707735	86	148	251	click
1371962777707	106	806	172	show
1370693951907	43	698	147	show
1366611084010	26	495	319	show
1372987105869	4	466	139	show
1370041683587	5	452	89	click
1370263554160	19	301	140	show
1368690506675	3	241	470	click
1371975382920	28	218	16	click
1368502203141	38	644	402	click
1368913060348	104	475	199	show
1373581553318	102	315	328	click
1370688757261	149	150	481	show
1366491309344	134	535	180	click
1367791569797	140	126	485	show
1369197290525	94	660	9	show
1366720801291	121	694	100	show
1371574969504	134	91	209	click
1369327608238	3	999	55	click
1366836855960	51	311	374	click
1373421057222	149	26	118	click
1373044248978	132	628	320	show
1367534394095	6	188	113	click
1371370635777	150	718	311	click
1372586608873	46	483	43	show
1367225842394	59	467	176	click
1366689113168	128	132	250	show
1368024226165	61	515	150	show
1373592026045	109	100	233	click
1368502615096	67	452	79	click
1373057664084	70	822	99	click
1373460268953	48	324	281	show
1371664052750	127	570	381	show
1367329064857	114	608	262	show
1369704718025	38	315	230	click
1371980268457	51	365	470	show
1367609542894	32	485	41	click
1368857426550	149	511	427	show
1368976341455	12	658	241	click
1372570324996	110	543	141	click
1367354348127	3	294	230	show
1368432784740	79	913	234	click
1369446886090	101	228	43	show
1366695278449	7	317	30	show
1367839068488	143	307	265	show
1367671333770	126	85	254	show
1370616316301	34	49	183	click
1373313634828	113	177	386	click
1368139013773	101	552	444	click
1369366609345	145	407	339	show
1368769618031	98	994	389	show
1373153051719	62	268	341	click
1366438431870	132	507	90	show
1368156169529	56	863	356	show
1369617402063	140	883	438	click
1368932067086	18	42	388	click
1367427307618	102	945	120	show
1369344722848	96	930	299	show
1368315394367	86	667	107	click
1369807817416	79	438	412	click
1370401225615	87	20	326	click
1373150137056	110	29	66	click
1368370815862	130	469	343	click
1368537786228	88	196	136	show
1372043052582	43	582	150	click
1373412948859	45	674	161	show
1371344865750	141	298	345	show
1373255251243	92	212	364	show
1372756250854	97	609	164	click
1369031801018	140	165	66	show
1368722507779	54	881	269	show
1374072818476	15	184	59	show
1368992362061	143	148	355	click
1369225001165	134	374	425	click
1367332060448	119	590	213	show
1366857834598	102	466	215	show
1372401867097	129	162	457	show
1367418094480	72	723	113	show
1371588233309	78	474	191	click
1372840316660	138	158	319	show
1367697864470	110	104	444	click
1370431410150	87	106	71	click
1368083673670	42	476	443	click
1371212180147	102	792	465	click
1366948141668	24	241	66	click
1366758952138	37	314	346	show
1372487827927	74	959	325	show
1367217556202	106	818	135	click
1367192475728	35	961	132	show
1371130695281	57	708	435	click
1366461969610	81	966	134	show
1369261520141	148	925	21	show
1367814954681	131	474	284	click
1373484828009	2	751	394	show
1371579150027	121	608	131	click
1370944066610	132	921	340	show
1369609685452	23	268	161	show
1369907286662	81	903	276	click
1367650801657	9	327	110	show
1369737687252	98	815	226	click
1366593909683	138	255	166	click
1373461708456	21	709	142	click
1369832921451	25	755	135	show
1366939210044	133	601	24	show
1369899240593	19	339	261	click
1374139198520	13	989	66	show
1373735491694	23	732	106	click
1373568027425	145	443	420	click
1369413321768	63	201	197	click
1366562864808	136	321	361	click
1371098007342	112	757	223	click
1367755526629	125	519	334	click
1372484166083	48	734	479	click
1371152435373	93	371	266	click
1372321431728	83	880	291	show
1371615125302	120	180	27	show
1373949722078	113	848	422	click
1368326140624	130	115	219	show
1369719075151	58	135	104	show
1367159126453	91	70	333	show
1372055654358	109	626	190	click
1366648164203	129	226	478	show
1374119639766	47	45	420	show
1368984240996	45	927	423	click
1370800368341	145	757	9	show
1370871005816	105	14	483	click
1367510329831	98	34	29	click
1370149468245	76	494	432	click
1372407133098	138	252	426	show
1366590681744	78	556	146	show
1371838603000	31	960	309	show
1373087988204	131	215	133	show
1374044629277	33	988	307	show
1371872653922	69	58	429	show
1373379787253	75	824	279	show
1367182214300	143	966	69	click
1366528583127	45	845	347	show
1367938954240	136	272	216	click
1370771663670	150	866	490	click
1371042165420	63	785	29	click
1369182812425	21	64	147	show
1366522535869	111	464	64	show
1369084111961	114	988	413	show
1367926573821	60	922	304	show
1371227296565	83	97	124	click
1372799711482	29	585	124	click
1372815338296	59	213	44	show
1373457950479	78	662	318	show
1367807545806	49	207	323	click
1370336280942	31	106	101	show
1366900856891	2	462	44	show
1369955885201	80	256	265	click
1368972152925	135	794	142	click
1366439139632	1	633	93	click
1369260586626	52	744	490	show
1370017221102	11	241	365	click
1370885885977	116	84	328	click
1366651083450	45	46	148	click
1371378550505	63	564	430	click
1368507375575	16	144	334	click
1369544231839	56	318	85	show
1371279560270	54	760	259	show
1367462968104	71	378	120	show
1370313482268	35	815	396	click
1367494658688	41	423	79	show
1373302948927	52	261	430	click
1373835980221	67	393	98	click
1368861224289	2	748	202	show
1368078877589	138	836	392	show
1372261633507	1	51	399	click
1372628509720	88	290	33	click
1369259213506	11	652	333	show
1373562970231	60	795	29	show
1371596750996	61	154	381	click
1366866250756	86	379	168	show
1374010398578	124	821	281	click
1369867235253	68	791	145	click
1373668530802	18	647	296	click
1366541771801	80	965	373	click
1371493603800	21	520	445	show
1371425306143	106	687	381	show
1374168199833	29	645	54	show
1368162376905	34	509	489	click
1370326913238	86	523	18	show
1368289122464	36	796	219	click
1369089098552	16	565	287	show
1374183832417	45	184	465	show
1368195837299	21	425	450	show
1367657458517	74	745	92	click
1369746531449	106	524	269	show
1368326020874	105	966	449	click
1373809179951	35	854	86	show
1372013294400	138	657	331	show
1370929934097	14	843	347	show
1372611564097	90	303	498	show
1369622811174	84	24	107	show
1367867562591	41	854	40	show
1370017490767	66	333	131	click
1366438040612	141	779	452	show
1368521605742	124	645	296	click
1374140485324	146	105	99	show
1369678707580	60	39	420	click
1368419250523	43	346	440	show
1368854797141	141	147	294	click
1370837207576	111	204	102	click
1371025019640	101	175	248	show
1369652579813	16	806	129	show
1369849214015	143	317	360	show
1370268585514	91	254	336	show
1372295888271	64	208	211	click
1370027236392	96	285	243	click
1371555871799	36	586	80	show
1373271777638	67	778	118	click
1369417881115	91	794	118	show
1369060316670	56	724	361	show
1368940642312	93	438	453	show
1368744750394	92	159	98	show
1369213850224	127	587	362	show
1370240113935	20	965	434	show
1369935081267	56	254	252	show
1373279501982	41	595	159	click
1372564539511	27	269	412	click
1373088397302	139	322	488	click
1369865452843	62	157	257	click
1371295133090	71	156	291	show
1368942678634	33	49	419	click
1371290119946	52	324	354	click
1368674632770	119	658	310	click
1373173359698	138	930	398	show
1367733657241	95	725	290	click
1368880737962	118	724	291	show
1369308758566	148	150	88	show
1370295108022	85	419	443	show
1369511880003	43	677	64	click
1370094045316	74	842	114	click
1370054637136	51	807	477	click
1373967689829	122	342	4	click
1366733464096	99	189	470	click
1370377690782	67	925	126	show
1373460224475	81	38	429	click
1373106835675	13	928	309	click
1370963817223	119	190	44	click
1370807329662	67	219	469	show
1367472400464	61	553	23	show
1368102283143	21	41	16	show
1370471942389	32	991	207	show
1371782772574	57	232	171	show
1370254779853	133	527	72	show
1367496182510	4	947	356	show
1368906070428	34	303	379	click
1370304242282	31	229	50	show
1372330722265	102	785	191	show
1369566823211	21	486	45	click
1366689443291	83	338	169	show
1371360576064	25	533	445	click
1372606546880	100	664	124	show
1373865099110	113	536	342	show
1369626185336	27	430	494	click
1371630789009	77	83	390	show
1366704640882	41	320	287	click
1369742994114	12	546	265	click
1373374038450	146	32	231	show
1373108257627	35	767	327	click
1367326834040	83	495	256	click
1368540698968	95	754	250	show
1372516921617	150	64	239	click
1368112980919	97	217	7	click
1369691652776	108	469	341	show
1373969445610	2	865	388	click
1373808710386	65	889	256	click
1373227236221	92	202	436	show
1373853372944	79	418	307	click
1372246748835	111	241	445	click
1368647863276	13	449	371	click
1372120128599	38	599	221	click
1367046458774	6	874	205	show
1371888002027	26	678	38	show
1371809491812	100	127	240	click
1371913655062	111	870	230	click
1373997611400	118	834	201	show
1366972095245	2	206	68	show
1367011340967	101	93	180	click
1367220306236	33	212	32	click
1370682781364	21	872	317	click
1370007206061	52	136	388	click
1370464543970	48	265	103	click
1369584746045	133	431	285	click
1373950446101	20	129	408	click
1368769389167	73	703	463	show
1366817382244	70	381	251	click
1372322274254	93	681	279	click
1371453167600	24	444	198	show
1366893891355	106	827	247	show
1370393525460	55	372	312	show
1367466458444	65	94	493	click
1371782962379	24	680	439	click
1370121007274	12	314	68	show
1372337561143	3	425	319	click
1369196839746	76	421	262	show
1368172688592	17	806	499	show
1373979510965	94	135	348	click
1373407332225	127	986	171	show
1372749168126	8	261	215	click
1371215182870	81	352	366	show
1373069920871	149	397	343	show
1371636966200	32	214	381	click
1369734128082	14	389	20	click
1372969322776	142	679	349	click
1370666791339	1	456	499	click
1369536876267	86	261	482	show
1372988761508	14	153	167	show
1372054115114	109	87	463	click
1372781837014	143	660	176	show
1372341669219	123	419	92	show
1370875973537	101	470	227	show
1368985679261	49	736	418	show
1366629191679	132	269	393	show
1371111748350	61	274	255	show
1367900205041	110	269	383	click
1369935694329	138	28	70	click
1372553326910	58	198	64	click
1373500261532	13	860	67	click
1370004142416	37	759	227	show
1370404591472	63	136	492	click
1368232820257	87	917	441	click
1371250482003	99	952	1	click
1371496249259	132	290	177	show
1368730784082	99	396	127	click
1369273974725	66	163	96	click
1370330518227	79	697	306	show
1366757593976	10	482	148	show
1368963683121	19	438	101	click
1371115279542	70	200	292	click
1369307124885	134	598	405	show
1368948358033	123	95	342	show
1368543670678	121	210	379	click
1368301560187	147	900	243	show
1370461556260	76	587	182	click
1371958691899	40	33	205	show
1369418294188	128	662	50	show
1373814346569	106	501	271	show
1373124683149	95	856	221	click
1369493814197	134	532	447	show
1370908026794	115	728	168	show
1370277687175	120	321	237	show
1372483936378	48	580	460	show
1367066908718	120	961	406	show
1370515083173	41	642	479	show
1369018608898	94	6	452	show
1369952530683	51	700	450	click
1373146633564	33	759	299	click
1369314209398	70	715	348	show
1368851659504	75	502	104	click
1368500521371	121	543	304	show
1371494879508	19	606	187	click
1367698254251	147	974	251	click
1366868061726	31	956	120	show
1373746740002	111	556	374	show
1372347093373	131	394	113	click
1367446363544	53	837	101	show
1370358966658	37	755	249	click
1372689086485	145	162	191	show
1369762706735	108	501	213	click
1369622373781	7	879	466	show
1372092757858	19	462	276	click
1367576898126	89	929	372	show
1370626303018	81	423	492	click
1366593838834	24	55	171	click
1373257974778	112	737	223	show
1373167424927	24	487	145	click
1371414677731	31	225	484	show
1370817884900	116	563	43	show
1373915632742	11	674	139	show
1367590867640	61	308	409	show
1371514513621	28	391	76	show
1366706717717	140	319	344	show
1370838031526	145	610	76	show
1367673342192	5	328	276	show
1369430546424	63	740	476	show
1371346704530	150	623	314	click
1367804229367	11	302	95	click
1371949667550	13	906	488	show
1368873201106	149	430	113	click
1372560944384	135	819	77	show
1368429443296	123	167	354	show
1366832936399	39	789	379	click
1367921256757	84	733	265	show
1366668003003	19	944	111	click
1373259199907	11	2	442	show
1366686126114	127	149	12	click
1373438111937	138	310	435	click
1368953746219	57	802	18	click
1371703951433	79	247	295	show
1372982991969	98	413	234	show
1371487393860	102	198	109	show
1371320212077	69	736	36	click
1371551875875	94	325	243	show
1367301904723	9	296	295	show
1372213526918	118	710	122	show
1371388951890	37	50	64	click
1372244850822	60	104	182	show
1369658779218	102	337	251	click
1367251241987	67	114	397	show
1369236148373	6	500	415	show
1369639886870	59	90	154	show
1369904660788	147	474	432	show
1369114683495	42	992	3	click
1372017080736	40	329	408	show
1373428170342	54	774	263	show
1372916088906	2	897	498	show
1368787720045	18	766	238	show
1373774619403	19	488	4	click
1373844608321	109	93	34	show
1372974410047	133	980	58	click
1367666675824	57	475	270	show
1368973403013	111	648	447	click
1367938242204	117	894	457	show
1368395147221	133	81	366	click
1371277551099	142	916	260	show
1372458763074	102	354	149	show
1367126479789	75	363	450	click
1370929722123	102	92	319	click
1373640744730	124	664	137	click
1371710482744	129	471	462	show
1370445294264	31	115	413	click
1372538773261	51	83	57	show
1372723419342	29	885	165	click
1373568937195	69	458	454	show
1368913057323	3	360	350	click
1368843436050	112	682	320	show
1369980152207	29	393	243	show
1369523742170	110	513	312	show
1370475589829	49	536	13	show
1373369781850	138	828	139	click
1371970384701	100	773	146	click
1369959120802	21	680	98	show
1368296537532	85	57	274	show
1367876916565	60	631	164	show
1372167442204	65	182	127	click
1371102162962	76	695	351	click
1370482243145	102	789	213	show
1373087362628	148	326	434	show
1372134896250	83	673	322	show
1372613820496	121	224	365	click
1371418617996	70	138	223	click
1372549731924	42	699	28	show
1372135467309	22	960	178	click
1373497277825	39	783	201	click
1372495498160	54	940	351	show
1374080551160	128	316	488	click
1373731394112	103	303	78	show
1367046818012	28	128	255	click
1366904507315	29	375	449	show
1366659052467	41	262	457	show
1373095243411	137	696	114	click
1369062574496	49	568	26	show
1372840642415	138	21	369	show
1373445199438	18	696	143	show
1372336539186	82	821	229	click
1368334186283	70	830	471	show
1373434824134	127	73	338	show
1369168690654	79	453	118	click
1368621416966	78	699	258	click
1373047455204	99	589	165	show
1367154057446	18	203	51	click
1369924620515	82	948	477	click
1371105739516	135	196	189	click
1367786990851	9	811	333	click
1371761515947	81	971	499	click
1372919690290	73	591	184	click
1368779807745	29	819	403	click
1369354966595	127	54	9	click
1368197221154	40	61	215	show
1373816110565	20	313	100	click
1372171720115	120	81	233	show
1371467187764	59	494	169	click
1371423390268	125	324	220	click
1373236503284	36	122	246	show
1370971087998	33	856	79	click
1373357449596	107	439	113	click
1373527158310	110	590	35	show
1373541372025	57	580	177	show
1372448375935	127	857	275	show
1372058324522	91	483	86	click
1372919879420	76	223	213	show
1374080051828	117	653	184	click
1373360185320	24	821	271	show
1368901470639	140	416	222	click
1372759097951	134	898	193	click
1371662518393	121	789	487	click
1368692414209	53	929	455	click
1370564688466	61	514	190	click
1369228490262	10	755	117	click
1371126647889	141	969	464	click
1369315936746	42	272	346	click
1372650014760	144	44	25	click
1373095881059	25	219	387	click
1367613705726	45	193	287	click
1371638867227	146	353	493	click
1367866569777	128	616	117	show
1372944076349	119	461	265	click
1368725220053	24	972	286	show
1370647975976	64	421	93	click
1373234147122	113	559	379	show
1368614815629	123	889	132	show
1367215532720	40	585	17	show
1367911519618	123	327	283	show
1373361232932	118	670	143	show
1369523085087	139	344	204	click
1370708875606	127	991	239	show
1373406988652	115	92	449	show
1369069501743	20	37	248	show
1370400755566	74	317	413	click
1371686798426	5	136	138	show
1371056334796	52	205	396	show
1368900937344	129	931	45	click
1372524933949	53	499	399	show
1370045793267	7	476	401	show
1369394450382	116	428	457	click
1373960416650	11	784	37	click
1372810080718	102	111	89	show
1371656182192	39	191	292	show
1373176183925	15	59	359	click
1370072335749	103	968	127	click
1368662210265	25	784	191	show
1370784539209	150	16	395	show
1366614462952	13	904	445	click
1367277440469	8	940	416	show
1370029866341	64	734	286	click
1369602871653	124	514	94	click
1370618785538	20	404	47	click
1372176788461	137	147	118	show
1371662066458	150	513	282	click
1369982248178	97	147	43	click
1369001851743	2	922	115	show
1373775857191	62	619	393	show
1371923304401	44	590	325	show
1369022520510	124	722	274	show
1372421359501	136	410	311	show
1371058965297	8	139	247	click
1370498346669	139	355	129	show
1371662408760	60	737	450	show
1370688099371	117	779	189	show
1372717353725	4	413	377	click
1370612819429	124	193	119	show
1372317987826	20	365	346	show
1372391882978	97	450	249	click
1367757899269	87	733	394	click
1366828627999	74	234	194	show
1372196575955	22	560	9	show
1367802436581	75	551	60	show
1368028329038	140	308	168	show
1371418309675	48	114	448	show
1370664563596	99	217	304	show
1367514621779	73	443	216	show
1367686585663	91	545	3	click
1373721344698	5	896	67	click
1367620099513	133	595	162	show
1374147673347	92	5	422	show
1366524760899	118	660	322	click
1370985944228	114	155	140	click
1372057082213	128	505	115	show
1369550972866	76	342	299	show
1370450741120	90	300	24	click
1370326332720	55	689	157	click
1371093904981	111	284	72	click
1371413508105	44	874	179	click
1372502459973	58	530	496	click
1372766550938	67	509	145	show
1369773671636	101	883	304	click
1371854060313	93	400	61	show
1368591948100	59	860	157	click
1367777268314	28	256	425	click
1372189142428	121	931	391	show
1373183921861	146	730	89	click
1371194318183	143	47	90	show
1369986092430	132	814	72	show
1370458838868	46	129	364	click
1373551274240	50	435	243	show
1369091661909	46	996	20	show
1368765122425	74	151	451	show
1366953601249	111	52	209	show
1367853843184	123	564	312	show
1367119697944	36	878	14	click
1373155747191	89	625	216	show
1370863318269	20	917	476	click
1366727908476	48	923	189	click
1372748094780	62	834	338	click
1366737025364	117	919	52	show
1368113627456	104	764	346	click
1366869638755	116	932	27	click
1368247224992	47	895	162	click
1369847514505	70	757	325	show
1369465728116	99	821	391	click
1371225087573	93	154	123	click
1373477773296	11	448	184	show
1370913931435	58	285	210	show
1371121404719	36	603	53	show
1371099137658	148	788	241	click
1373780148257	46	91	177	click
1373780681786	43	152	270	show
1374066461845	125	372	111	click
1372569647811	118	455	42	click
1368130884009	66	394	139	show
1372548535811	33	361	156	click
1373440148285	132	294	236	click
1370584088779	45	654	48	show
1369962790967	69	862	56	click
1371157061771	45	71	71	click
1371256866820	72	586	248	show
1374090590439	108	14	115	click
1371336545718	4	5	306	show
1369609179122	120	889	156	show
1370715720854	92	378	72	click
1366579512202	101	141	177	show
1368028835977	90	576	169	show
1372648506835	149	770	284	show
1374003714272	63	463	367	click
1373007690645	73	60	270	show
1373842176097	24	621	464	show
1369151040016	126	705	53	show
1370147169803	42	781	316	show
1369201152487	75	320	191	show
1367489068909	46	5	396	click
1368361560903	89	841	96	show
1372033546513	92	11	9	show
1368795865204	41	367	186	show
1372317667973	48	819	424	click
1369380804190	130	128	6	show
1366494482709	99	982	127	show
1371328554951	81	50	301	click
1371568910915	22	411	109	show
1370255736019	122	86	442	click
1366425507137	18	16	299	show
1368264318899	22	26	427	show
1368415324062	91	345	376	click
1371094193151	95	632	134	click
1367491562169	28	1	469	click
1370164022785	147	829	130	click
1369582179429	103	582	419	show
1369421044679	67	63	54	show
1366604118212	42	476	363	show
1366616276351	54	575	334	click
1373695412074	114	293	304	click
1368591518303	97	146	117	click
1369038971049	97	210	117	show
1370852931012	119	494	76	click
1367971801430	3	923	235	show
1374075608761	50	337	477	show
1367958030202	101	428	493	show
1370969152501	53	980	349	show
1369863866141	80	333	464	show
1367092999013	34	277	42	show
1369837789727	142	906	171	click
1370469863809	6	97	434	click
1368373910796	148	992	299	click
1373374140185	98	244	268	click
1372163979211	28	413	233	click
1369286983852	79	8	188	click
1367556694263	127	920	478	show
1368429152557	68	807	369	show
1367973509221	70	549	464	show
1371424905503	149	734	69	click
1370011072974	130	989	117	show
1372929290468	42	162	367	show
1368443758204	101	949	491	show
1367584153867	96	599	69	show
1366780385968	23	568	440	show
1369043790967	76	509	78	click
1372192120296	106	377	388	show
1370001244855	53	390	316	show
1367012032709	107	144	297	show
1369712532854	3	246	344	click
1373566510186	64	322	16	click
1373589970349	36	979	423	show
1369640134508	101	590	365	show
1369850276581	148	1	3	show
1366882949824	37	940	102	show
1373910021572	61	915	494	show
1373889685302	99	777	263	show
1370371417787	144	599	157	click
1368259165475	12	827	236	show
1372447659269	29	634	305	show
1372104670074	29	893	481	show
1368853924680	7	512	434	show
1372024530252	60	384	360	show
1367562251552	114	473	467	show
1374058357756	3	326	245	click
1371469049578	45	296	455	click
1373586835700	72	864	93	show
1371164917928	45	226	285	show
1373694345130	124	517	46	show
1366659402357	113	413	175	click
1373285848474	16	755	179	click
1371117786850	98	434	91	click
1369485909898	53	835	486	show
1371763271753	132	761	428	click
1371122110558	15	406	107	click
1366611281861	69	495	417	click
1369628043431	48	227	122	click
1372460932002	128	178	109	show
1373943953940	137	980	43	show
1367721445673	33	660	340	show
1367258807135	122	390	64	show
1368992215001	61	214	322	click
1372946206815	10	376	369	show
1370769566053	10	390	330	click
1373986727930	90	721	137	click
1369162346702	116	135	107	show
1371221909381	142	379	411	show
1371340312532	55	173	181	show
1369674809920	79	643	300	show
1366496723249	121	223	424	show
1373601849113	67	12	496	click
1372760590568	40	363	140	show
1372045229984	19	169	117	show
1371246806075	24	433	469	show
1372074974522	45	320	258	show
1373903344458	131	555	266	show
1369075701556	121	122	24	click
1369347078388	129	651	381	show
1370236565173	19	521	182	show
1371239708590	35	507	62	show
1371134438731	45	995	436	show
1371072386554	91	125	211	click
1367194286038	44	710	423	click
1366575281509	15	18	311	click
1367597179064	74	883	301	click
1367135715352	79	558	426	show
1366719519503	25	508	171	click
1369210516885	132	932	215	show
1371606475645	19	875	22	click
1366985189335	100	206	200	show
1371449803436	21	497	416	click
1370620801364	67	814	175	click
1367651398331	86	715	363	click
1369980956385	92	209	314	show
1370285307888	126	681	237	click
1366966239920	29	875	117	show
1373282764691	34	489	387	click
1366668284308	148	584	457	click
1373535613023	11	576	174	show
1369353714746	57	928	163	show
1372363117688	16	236	105	click
1371386696340	148	325	231	show
1369397235770	26	610	295	click
1368268454000	30	65	165	click
1368736588022	149	878	162	show
1368321687821	14	746	114	click
1369426997703	86	959	191	show
1372465699887	96	105	273	show
1370526381026	92	702	125	click
1370621987819	14	55	124	show
1368178504258	148	22	138	show
1373406576397	20	932	249	show
1369276024005	20	271	105	click
1368138081955	134	947	459	show
1371610852931	70	9	251	click
1369852885269	115	872	406	show
1367054256329	141	445	343	show
1370776896212	82	584	220	show
1369206856044	1	41	237	click
1367502791060	68	800	237	click
1371259817028	24	818	82	show
1371859349927	23	408	326	click
1367195476893	82	800	88	show
1368291541473	79	48	455	show
1367252003115	118	579	303	show
1370118655300	47	859	309	show
1369811671471	67	376	98	click
1367024546039	13	756	97	click
1372859180713	114	929	371	click
1367065718167	44	719	338	click
1366619749239	111	275	475	show
1372463690425	104	280	117	show
1370817710718	139	822	198	click
1370504744868	11	188	492	click
1373336063350	62	865	206	show
1366792547216	104	273	71	click
1367157239123	95	838	209	click
1367496075438	27	973	84	show
1373840770873	49	710	209	click
1373793177653	107	61	204	show
1367975118759	97	335	183	show
1369009780510	68	183	142	click
1370844469120	79	697	73	click
1374005039713	102	138	114	show
1373587410594	15	847	96	click
1368425144688	86	60	454	click
1372406769223	77	967	452	click
1368778137703	108	789	200	click
1372993274204	130	207	20	show
1371563047806	22	761	373	click
1370198566300	101	626	270	click
1368448577034	112	215	231	show
1371763004880	131	616	373	click
1373524520318	14	356	377	show
1373323560971	125	676	477	show
1373609095158	60	443	385	click
1367466466701	88	70	68	click
1370247990286	118	786	57	show
1367519618831	75	728	247	click
1370894345741	73	821	386	show
1373945733079	28	816	333	click
1367369482212	73	337	295	show
1366635513462	47	761	50	show
1373942204308	135	871	63	show
1370701682652	14	26	154	show
1369488889372	9	575	479	click
1367442165555	67	546	248	click
1372091691339	58	691	413	click
1370597212218	44	988	3	show
1367437130445	147	120	171	show
1366697908218	48	443	297	show
1367651155086	15	744	380	show
1373530596075	27	534	344	show
1372673731203	76	28	251	show
1372848224309	61	707	214	click
1372195456609	29	805	256	click
1367053280446	18	807	265	click
1373055519993	36	81	116	click
1372833400981	16	220	299	show
1369851205459	87	858	19	click
1369571599950	38	467	158	show
1366398884894	144	924	365	click
1369261568376	57	667	17	show
1370387024192	21	648	386	show
1366632480552	98	316	16	show
1370555993336	66	617	47	click
1371164579065	92	647	293	show
1368564373754	68	413	363	click
1373213403409	99	851	25	show
1371718938609	124	542	231	show
1370510702029	132	219	152	show
1368556787448	32	933	495	click
1366383380220	2	671	254	click
1372515133411	101	310	385	click
1369753308161	122	223	500	click
1369256535350	142	157	240	show
1374095343844	100	598	260	click
1366516506625	57	322	190	show
1371693430560	24	12	377	click
1373638706075	41	35	5	show
1370229608766	113	69	478	show
1370084341032	52	957	409	click
1368931571902	51	908	55	click
1370495714276	146	430	144	click
1372360711873	42	96	347	show
1369441932832	67	11	59	show
1369904206222	143	366	162	click
1370748612660	82	967	465	click
1366806603052	148	660	410	click
1373543691881	59	885	110	click
1372907409645	89	333	268	show
1372164656666	70	287	192	click
1372296305093	91	114	434	click
1373370814330	131	469	338	show
1371462167508	28	147	95	show
1369233922157	140	960	290	click
1368759811292	89	305	491	click
1372588361550	118	35	114	click
1370040601591	81	641	490	click
1366702556895	112	250	78	click
1368282334578	28	598	386	click
1370097421416	127	184	233	click
1367749837407	26	963	202	click
1373420753771	31	216	48	show
1372163617344	87	540	498	click
1366699729612	81	368	304	show
1370960401015	20	26	355	show
1366784073384	72	64	259	click
1371723172459	22	219	302	show
1369387624780	7	663	330	show
1371653431613	19	919	273	click
1372748863901	116	998	432	click
1371438182129	101	862	339	click
1370092726419	140	67	274	show
1366781877512	125	547	333	click
1369062989546	140	892	100	show
1368890074238	30	837	200	click
1370225961740	140	879	217	show
1370309612729	65	615	275	click
1368487379631	91	17	398	show
1368907504769	146	309	327	click
1368856429881	97	330	200	show
1366717428025	130	138	378	show
1371331401877	69	570	371	click
1371382505772	26	327	116	show
1370325396470	80	426	171	show
1372690283297	123	335	4	show
1372623354254	144	661	180	click
1370724341774	43	198	68	show
1370083070885	83	398	334	click
1368627887981	13	829	161	click
1369043057092	143	768	185	show
1369712451780	142	973	49	show
1370011510994	103	839	442	click
1368998735523	100	112	401	show
1367516538160	134	319	384	show
1372034823316	35	978	474	show
1373219675975	8	962	106	show
1369938284919	4	92	100	show
1368824091695	114	501	440	click
1371537690091	146	878	64	click
1368584912738	40	404	159	show
1368461497496	131	817	195	click
1373665021971	36	926	424	click
1366877513375	118	663	117	click
1369805700749	84	311	436	click
1373636470803	70	351	381	show
1372519786763	40	467	88	click
1366645269495	7	217	198	click
1366822053503	14	645	122	click
1370336221181	99	15	165	show
1369439433066	16	57	246	show
1368352601605	144	776	260	click
1366553201196	59	968	295	show
1369241460514	42	857	183	click
1373493539397	81	171	23	show
1367949515639	109	471	384	click
1371768347095	120	1	181	click
1371441524839	13	292	478	show
1368370461009	12	579	412	show
1371205221580	50	147	443	show
1372940869322	39	22	278	show
1373780516999	35	656	201	click
1372851061995	127	786	152	show
1373172280052	135	102	74	click
1370617895312	144	995	404	show
1368719465701	148	403	114	click
1371163716327	4	230	430	click
1369056248329	9	622	491	click
1371180261281	13	198	92	show
1368292059604	103	103	363	click
1366945206390	3	677	145	show
1371308769478	56	662	391	show
1373058025652	97	690	435	show
1369839623501	111	900	209	show
1368851600037	17	42	216	click
1372674175696	4	67	149	click
1370981314036	122	881	224	click
1368830773368	101	310	74	click
1369836763190	26	75	473	show
1368261651468	70	953	231	click
1369987903210	118	680	347	show
1373144682478	79	262	36	show
1370368531610	81	67	47	click
1368200272987	2	880	193	show
1373954444506	113	191	482	click
1369246951113	24	743	293	click
1372733687227	101	923	133	click
1371993450777	28	734	230	show
1373027251859	104	37	191	click
1369404467221	73	873	320	show
1373667070856	124	203	258	click
1371851668486	14	874	69	show
1369598767436	97	102	442	show
1370645326562	110	107	279	show
1370805502575	38	537	24	show
1370475061914	8	26	365	click
1367631047002	115	123	452	click
1368298741924	79	619	418	click
1366400325949	76	10	163	show
1370315631952	85	263	131	show
1373315600008	79	733	62	show
1367183275785	36	420	174	show
1371903925069	95	583	219	show
1370659752637	27	122	403	click
1370444782488	148	50	139	show
1369154880966	3	706	469	click
1368072504164	147	254	407	click
1374169510940	4	939	228	click
1373414736112	98	684	146	click
1367720855066	80	849	377	show
1369071795152	4	502	115	click
1372533607195	37	151	149	click
1373160641856	136	260	370	click
1371506723342	146	920	240	click
1372844122047	61	264	262	click
1373125062432	69	867	325	click
1371316164425	15	894	416	click
1368271643600	128	38	312	show
1370009521442	6	38	93	click
1370387336978	80	313	71	click
1370930623041	45	505	121	click
1371603147691	10	997	190	click
1366635888967	62	836	50	show
1371499468926	116	598	308	show
1369767909118	75	769	278	show
1372962498316	143	59	34	show
1372148514632	138	586	275	click
1371316077978	150	604	132	click
1366937580459	9	499	87	show
1366930158618	27	269	408	show
1366866587334	37	595	114	show
1368113059603	108	916	277	show
1366766553065	97	975	17	click
1371867263858	29	497	380	show
1372285678453	82	387	425	click
1370661530248	80	72	411	show
1367060935937	139	909	436	click
1368553610219	149	717	237	click
1370015858168	142	403	468	show
1372084250753	73	523	444	show
1366387324378	89	668	493	show
1370194566334	104	332	247	click
1372504713997	28	520	364	show
1373323508214	116	689	319	click
1367167083655	126	827	465	click
1367205060193	9	60	459	click
1366816439523	56	983	67	show
1370395644186	61	134	337	click
1372209701244	36	907	223	show
1368090651677	52	449	160	show
1373873330067	139	600	406	click
1368439187439	29	113	485	click
1371291872941	24	152	471	click
1368628032152	25	654	207	click
1371163504753	98	647	305	show
1371795583648	52	372	372	show
1368592925211	34	747	403	click
1372877653683	11	592	452	click
1366780909797	94	661	374	show
1371046348112	97	35	436	click
1367858411147	109	862	47	show
1368101702003	109	573	141	show
1369280902792	139	687	77	show
1366442429287	108	319	157	click
1367929023549	110	642	240	show
1370694549598	13	694	72	show
1373843472517	150	229	295	show
1371293646521	145	505	370	show
1369254565511	120	778	317	show
1368057320984	147	461	477	click
1368164407986	17	534	177	show
1371560188651	16	34	1	show
1370557020571	8	810	201	show
1367529569029	115	488	351	show
1370054192026	6	966	383	show
1371467125194	90	780	7	click
1372275239610	148	992	118	show
1367254123378	135	19	418	show
1367984039503	35	124	260	show
1372549379455	64	358	232	show
1372773650191	23	946	136	show
1371532565933	22	4	424	click
1370745670797	74	303	93	show
1372747421560	12	781	263	show
1373061852154	64	813	186	show
1373495068101	144	538	245	click
1372195136329	146	942	329	click
1366884108215	113	795	419	show
1370297521448	69	758	179	click
1367583782800	85	872	182	click
1372171932941	63	403	10	click
1366865076181	109	60	253	show
1368275660327	99	496	107	click
1369614882577	10	523	289	show
1368339750397	94	5	213	click
1372107182203	28	104	394	click
1371240422720	6	667	53	show
1371596071327	148	652	76	click
1367169093975	15	915	67	click
1370824209238	81	257	173	show
1372287284280	91	980	105	show
1370943100575	64	278	409	click
1371103706027	105	325	315	show
1370821664470	65	4	187	click
1369905231530	49	944	58	show
1369596186475	47	605	385	show
1373889554955	111	539	407	show
1372203861056	67	272	40	click
1367295566785	102	570	361	click
1370354948909	66	683	360	show
1369716350715	146	529	16	click
1366766040169	112	945	120	click
1372600070351	138	739	480	click
1367212495939	66	700	77	show
1372123537670	132	335	493	click
1367465038643	88	252	62	click
1367580521699	120	637	205	click
1372871268931	71	518	65	show
1369558241607	117	590	173	show
1371045170349	4	681	10	click
1372167219110	64	967	239	click
1373363681220	120	516	462	show
1370594108947	33	33	127	click
1370869240085	87	354	232	show
1370717600525	122	614	390	show
1373087421643	51	468	289	click
1369337967114	65	597	423	show
1370484938682	2	570	61	show
1369396062859	33	308	11	show
1367299908323	107	543	472	click
1366954837705	121	26	318	click
1368145428320	96	352	6	click
1372733217481	9	191	102	show
1367169300708	54	690	247	show
1370983828545	78	199	358	click
1367714095257	107	11	179	show
1369798641560	101	352	24	show
1367050546780	8	999	340	click
1371159336154	51	515	156	show
1367340008841	107	977	178	click
1367477210929	49	743	68	show
1366364081003	124	463	409	click
1369291250654	130	379	69	click
1367896791599	68	902	216	click
1368974989191	78	470	368	click
1373155397565	134	349	68	click
1372805579881	29	139	313	show
1372622602237	70	5	379	show
1370544176776	62	983	9	show
1367744294684	44	679	81	click
1371968310852	99	694	479	show
1369735493196	80	478	351	show
1367483225023	46	307	178	show
1368386654752	78	560	88	click
1367882477713	70	581	56	show
1367529000355	108	334	225	show
1367538555887	81	918	479	click
1373911407655	68	172	118	show
1366364550562	141	624	395	show
1368525820984	145	835	51	click
1369115672631	2	788	266	click
1370463299385	94	775	118	show
1369520262106	62	736	124	click
1369796441805	133	750	28	click
1373096672344	99	238	293	click
1367996384823	27	991	486	click
1366444826302	42	461	99	show
1373254234393	4	412	311	show
1371617152992	100	45	42	click
1373579946983	36	650	46	show
1367765863194	120	147	106	show
1371754851890	80	665	197	click
1371380078916	149	645	455	show
1371135058642	125	215	120	click
1371085271405	144	412	312	show
1367255452096	12	975	213	show
1373546260938	49	593	68	click
1366449250882	76	813	125	show
1372332851479	9	359	456	click
1370011457610	116	942	401	show
1372112141024	83	992	152	click
1369648125685	15	297	296	show
1371261199686	101	282	256	show
1366666625574	33	547	135	click
1373054741602	68	867	446	show
1368063610398	41	98	171	click
1368542713417	107	243	36	show
1367906820292	147	380	343	show
1369208357597	112	164	18	click
1370303685361	89	754	299	show
1367561058329	133	462	72	show
1369714791929	114	869	115	show
1371521581394	66	154	1	show
1371740687233	91	58	357	click
1372924770239	108	623	339	show
1368455956533	68	690	323	click
1369075455310	143	689	166	show
1369632001978	23	568	247	click
1373248551892	20	400	288	click
1366512160369	12	96	367	click
1372648312337	69	875	472	show
1367215170532	21	125	415	show
1367310803601	83	819	72	click
1373966311318	146	766	131	click
1367434649506	125	362	10	click
1366988843950	126	321	24	show
1371544093954	131	523	4	show
1371380084206	150	661	144	show
1370892140495	99	178	23	click
1368772011578	15	757	64	show
1367204487881	76	293	175	click
1373263882632	23	489	142	show
1370900953991	59	705	217	click
1367375525715	35	167	473	click
1372256935353	17	220	118	show
1371781412797	26	152	4	click
1370360016248	136	956	262	click
1368976280906	95	946	143	click
1370533217334	118	122	161	show
1373406872003	107	171	215	show
1372052726558	89	216	157	show
1367793858664	118	694	302	show
1374059970557	77	353	433	show
1371748425983	129	321	28	click
1366702495873	123	972	233	show
1372956524616	128	80	427	show
1371638088791	9	96	373	show
1372505785440	136	309	57	click
1372103812638	30	876	356	click
1368933703605	48	320	168	show
1369868681173	142	465	330	click
1369798333626	79	871	44	show
1370937311614	32	212	3	click
1370981767629	109	909	392	click
1369629508955	148	829	467	click
1372087310063	21	560	167	show
1370030019931	67	390	401	show
1372121652766	5	687	347	click
1373539750070	68	331	134	click
1370304910739	108	117	212	click
1368529258038	133	927	69	show
1371388598230	49	279	332	show
1373676555963	123	361	72	show
1369494074995	36	938	374	show
1371357143930	58	723	11	click
1369016912095	54	404	330	click
1371893464046	72	73	412	click
1366922830919	110	536	84	show
1367086727502	47	314	36	click
1367626229004	72	917	393	show
1367462362887	139	23	270	click
1368532757053	137	934	11	click
1369928880605	111	926	24	show
1366773021213	66	801	314	click
1372761348829	1	170	378	click
1373630975795	61	912	229	click
1367535259623	18	546	294	click
1372241642053	128	996	141	click
1373951329672	90	965	471	click
1370977040191	61	113	242	click
1372269028223	2	39	43	click
1368008295418	82	849	29	show
1368010194015	75	771	247	click
1370291829312	1	923	162	click
1372139054479	121	632	107	click
1368434822007	100	407	233	click
1373848277790	99	509	466	show
1370849404564	118	842	71	show
1370555999173	18	18	153	click
1373039089379	40	360	247	show
1372859285819	107	819	187	click
1369260592957	39	415	297	show
1369198031171	127	807	409	click
1370256906801	115	457	234	click
1367008734156	38	745	101	click
1370626154112	113	764	164	show
1367612071759	46	393	321	show
1371770008924	73	972	72	show
1371125475101	83	623	419	show
1368418384772	1	225	88	click
1370595553120	109	860	23	click
1369367098059	136	601	353	show
1366607944547	50	853	118	show
1367192470902	110	852	280	click
1373286172257	18	725	168	click
1369500741748	99	999	132	show
1370166473034	59	821	476	click
1369737890827	127	355	292	click
1367932464050	20	364	415	show
1373850336540	145	772	139	click
1366464608021	37	321	393	click
1373994040645	64	818	198	click
1370316789001	42	533	150	click
1372761652497	138	762	369	click
1372029439280	146	827	140	click
1366537860664	137	479	302	show
1373348483071	136	517	248	show
1370433312424	4	592	133	click
1372833701796	92	710	266	click
1371398893021	105	784	275	show
1370629679807	64	310	426	click
1373186444572	21	345	329	click
1371978520919	117	956	477	show
1372913265353	133	391	243	show
1366403533292	110	887	479	click
1372694227940	54	548	149	show
1374194067810	138	148	173	click
1372236843964	98	239	194	show
1368833746682	27	493	419	show
1370026584382	106	988	154	show
1370860830706	122	830	82	show
1369669383423	65	589	353	show
1373734001784	136	784	109	show
1372734256036	71	791	11	show
1373989508474	4	295	134	click
1374204461291	95	616	357	show
1370992662892	61	543	185	show
1372812740325	61	515	413	click
1368356850012	123	359	45	click
1369652916417	53	808	98	show
1371339626840	115	364	464	show
1373632981218	43	445	175	click
1366668206779	57	36	270	show
1373426047277	19	824	492	show
1369141168845	9	318	158	show
1369440999169	16	294	322	show
1373788901359	48	574	136	show
1367678376103	93	723	292	show
1368095697604	38	877	260	show
1366683820375	147	940	450	click
1373522374781	63	569	64	show
1374142248562	47	754	339	show
1373214135651	97	253	427	click
1367837602092	141	469	353	show
1370612436888	102	606	152	show
1372688076637	139	729	314	show
1367442246422	101	658	467	show
1371680383777	6	405	283	click
1372896188939	131	76	237	click
1370079424179	46	438	39	click
1373347229822	16	511	408	show
1370729841142	76	316	131	show
1367481827113	51	751	467	show
1368152847721	111	469	87	click
1370540937091	71	594	411	click
1374002737451	47	903	186	click
1369204373970	5	118	1	show
1368633270097	87	439	376	click
1373758079852	135	616	424	click
1369984618446	39	520	491	click
1367855243590	1	700	210	show
1368215434638	6	145	174	show
1366718000240	67	876	2	click
1370386902316	41	935	193	click
1368109249054	92	944	354	click
1367978871853	142	284	266	show
1370979840161	19	308	425	show
1366626131896	89	384	224	show
1366350631332	20	212	126	show
1370281246960	133	183	123	show
1372845445370	84	38	265	click
1371924456574	59	708	345	show
1367782353068	121	275	131	show
1367859786501	126	965	492	click
1371578260575	84	649	164	show
1371521632124	147	1000	269	click
1368440170514	53	570	322	show
1368300899695	107	965	323	show
1373533073444	142	507	139	show
1367069085648	39	845	235	click
1373726758949	96	692	491	show
1372567381583	17	790	349	click
1373828913294	31	378	246	show
1372471438318	131	408	94	show
1372557647320	130	768	375	show
1369446939758	133	67	277	click
1372498723279	20	12	453	click
1369716311852	132	66	164	show
1368674646556	7	565	479	click
1372945997484	15	164	112	show
1368432344784	11	282	89	show
1372130411266	22	25	34	click
1366354470396	145	481	65	click
1370129763572	84	799	488	click
1366843665680	130	779	491	show
1371853892557	101	981	242	click
1370368517969	101	772	243	click
1366383380951	77	964	31	show
1369899237652	139	457	268	show
1371296439523	93	316	351	click
1371770232774	54	576	136	click
1371162846973	58	834	408	show
1368167123664	12	636	316	show
1368223524659	116	210	218	show
1366666959812	30	257	217	show
1372776600384	71	426	104	click
1372856067442	13	675	187	show
1367170149963	40	96	367	click
1368769070457	48	904	439	show
1373496606438	33	213	183	show
1370164257753	134	218	333	show
1372752730330	77	698	435	show
1370582266468	70	113	360	click
1367305958271	37	192	51	click
1368643697663	97	483	431	click
1368934180622	3	363	353	click
1370185853175	21	234	319	click
1373173483196	14	65	463	show
1372685614748	88	290	402	show
1368610159367	64	228	166	click
1369426515505	72	530	109	show
1366980150114	53	628	243	show
1372737523073	132	440	105	show
1368596477259	143	343	225	click
1371915531765	27	939	184	click
1366421994401	128	165	197	show
1369933864239	91	7	207	show
1372012798623	49	743	181	click
1371422332573	119	624	111	click
1372902008130	91	843	84	click
1373744228930	82	655	292	show
1370348134496	72	134	54	show
1371116917096	46	252	230	show
1367901274700	62	747	125	click
1369266993083	34	407	478	show
1372377777596	18	63	84	click
1370790363163	85	5	125	click
1367845573262	109	467	136	click
1373839869687	113	915	66	show
1370313436201	119	333	40	show
1370022010641	123	907	105	click
1372158503496	104	750	8	show
1373128422408	101	14	266	show
1370143205129	133	830	69	click
1373103517386	129	482	259	click
1366574354062	123	430	62	click
1372822036713	76	263	87	show
1370428757235	147	763	164	click
1371387520669	48	903	109	click
1371414913497	139	569	8	click
1368693667454	146	247	47	click
1368221182634	81	748	433	show
1369974917702	40	926	63	show
1372991621260	85	127	32	show
1371599027147	118	96	269	click
1374193143241	79	330	209	click
1366726432016	130	625	409	show
1370406173978	149	337	139	show
1367058576378	83	344	200	click
1371188957666	102	69	393	show
1367941333524	24	766	232	click
1370119577497	136	623	442	show
1370352440801	123	280	91	show
1372227915879	73	480	439	click
1370374389129	140	288	323	show
1370110491251	11	854	365	click
1368327378169	82	921	191	click
1369940212612	24	991	373	show
1368735000401	28	679	300	click
1367135078171	77	915	201	show
1374099700415	80	136	397	show
1368599021400	142	388	69	show
1366784065570	10	486	185	click
1370231892224	51	818	21	click
1367074986224	146	815	63	click
1368890398707	24	123	246	show
1369869691824	128	681	82	show
1369207832436	111	990	102	click
1371048696363	89	595	6	click
1367817424841	46	52	326	show
1371735724799	144	335	257	click
1367842851718	89	238	273	click
1370575911417	111	43	28	click
1369475227904	142	80	363	show
1373379628966	121	287	368	click
1370836316158	135	768	131	show
1372659110195	75	169	18	click
1371287430507	18	382	41	show
1370848580441	21	131	369	click
1373028688990	76	465	251	click
1367311009518	113	957	339	click
1371637535557	19	509	285	click
1366420414042	127	718	374	click
1367988261557	131	275	176	show
1373936611153	113	280	104	show
1370840581776	48	937	364	click
1370254122783	47	617	364	show
1369711987705	91	60	376	show
1371746807739	4	757	390	show
1366399848634	145	25	37	show
1370884543813	112	853	49	show
1369927023182	27	945	42	show
1369354480275	36	385	341	click
1366366309981	74	23	348	show
1372636139054	48	214	78	show
1366704830005	87	413	406	show
1369229662309	93	434	190	click
1370026588381	93	875	387	click
1374031015380	11	460	230	show
1369998863130	99	159	90	show
1369296783429	92	155	40	click
1374053030527	10	50	391	show
1366981350743	107	797	460	show
1368063147387	90	81	118	click
1369952968378	7	158	38	show
1373419727084	63	688	55	show
1373001889709	33	396	228	click
1370850117384	56	602	439	click
1371745709329	85	10	448	click
1370207769969	88	396	156	click
1372492826172	143	601	467	show
1368929038772	4	951	168	click
1372265127464	26	364	138	show
1367127190443	70	448	362	click
1373506832549	45	864	446	click
1369793246213	77	144	464	click
1373121120347	62	217	267	click
1373243798721	105	535	371	click
1373727762016	38	308	498	click
1370994080470	88	803	352	show
1367990885667	47	217	322	click
1369734984125	95	379	95	click
1373615361049	102	964	186	click
1370492768972	32	412	83	click
1368102860898	32	620	302	click
1370591517268	127	601	85	show
1373570293219	22	261	295	click
1370568569190	70	267	320	click
1370365815320	33	580	67	click
1367521184841	119	828	272	click
1373359472016	130	160	50	show
1373986660476	48	88	387	show
1368106276818	147	161	225	click
1366771682439	79	626	423	show
1369573168783	122	643	437	show
1370512086283	137	654	157	click
1367760489025	101	198	335	show
1372312607100	33	1000	388	show
1367693893695	7	190	388	show
1372323338944	124	640	30	show
1368986224899	144	840	102	show
1371520612986	26	316	412	click
1372192706112	106	338	152	show
1366524339027	46	280	279	click
1371415904037	73	990	353	show
1373633309456	23	17	96	show
1367868114077	119	820	251	click
1372361261604	114	77	480	click
1368140970689	38	630	312	show
1368213001525	135	131	313	show
1371989972308	80	294	364	click
1369967948354	123	893	249	click
1371050822460	16	623	232	show
1371080900351	146	607	213	show
1373939722552	100	830	163	show
1369617442719	90	288	410	click
1370760198247	42	116	177	show
1370732839251	51	502	70	click
1369977254905	37	165	48	click
1372430808944	87	996	115	click
1373651121699	133	995	75	show
1368921012283	132	524	278	click
1369826204128	71	84	397	click
1368624806071	96	587	131	show
1370107145193	46	367	286	click
1370358536250	46	803	218	click
1368398120319	54	194	245	show
1371777608454	132	388	109	click
1366868597517	141	832	424	show
1371897833667	144	321	343	show
1371492625277	31	964	484	show
1374144413531	71	1000	11	show
1368557391575	122	545	44	click
1371042084248	42	706	240	show
1367695220608	17	668	215	click
1367196637426	11	180	418	show
1370498120896	104	800	166	click
1368292493884	120	447	500	click
1369795729016	144	526	339	click
1370087087440	110	518	65	click
1371097629369	23	621	271	show
1369340243797	136	442	52	click
1370402485245	119	16	184	click
1371672423656	5	143	112	show
1367679461932	105	251	179	show
1368729512936	124	374	223	show
1369838613971	29	8	176	click
1373636579069	100	52	87	show
1373995283134	21	518	46	show
1373178266343	51	712	55	click
1373189726527	57	860	18	click
1370139417347	34	752	456	click
1369131375836	19	847	83	show
1372906236294	37	196	447	show
1373748299802	11	73	464	click
1370683528078	22	857	294	click
1370389860065	72	40	15	click
1372729237315	13	40	111	click
1367957500521	57	851	57	show
1371988817962	143	935	80	click
1366878467880	144	482	132	click
1373718723010	102	662	386	click
1371047255921	32	244	64	click
1366465077781	76	381	102	show
1366935478099	86	126	495	click
1366686904856	31	765	332	show
1368175215033	106	817	382	show
1368174234353	58	785	464	show
1368116989388	126	603	411	show
1367030538251	43	90	261	click
1369523580024	64	782	168	click
1369638616647	43	151	430	click
1370240491068	64	256	132	show
1372376422773	99	857	91	show
1369521338743	1	762	465	show
1369019509312	115	989	450	click
1368737748933	57	554	430	show
1370284232500	16	567	162	click
1372534049893	108	787	281	click
1372834398367	104	176	451	show
1370610939693	85	175	88	show
1370705839770	120	117	455	click
1370567683159	138	708	128	click
1370701024828	100	975	333	show
1367984546377	3	417	71	click
1368382184727	3	488	263	click
1368147094575	13	205	34	click
1367144033470	104	812	411	show
1367681155237	7	562	69	show
1373760669955	123	687	202	click
1370613305628	44	32	54	show
1371633329176	103	590	50	click
1373856208109	26	201	122	click
1366894447734	91	297	343	show
1368262044635	28	156	156	show
1367400155703	3	333	74	click
1369078242038	119	461	299	click
1373606081982	56	549	274	show
1372652239569	79	55	372	show
1372283077630	5	614	203	show
1372091188024	25	446	187	click
1371853804105	30	289	282	click
1366876140530	115	302	481	click
1373588048759	21	284	284	show
1371714838299	96	841	224	click
1367765031629	79	430	254	click
1372241731917	105	211	315	show
1372833445665	17	409	191	click
1370260389712	150	724	56	click
1369675901259	91	758	44	show
1369451125845	131	219	321	click
1370614762344	144	102	194	show
1371434922441	19	341	375	show
1370476237541	42	321	332	show
1373962649620	119	618	47	show
1371638760234	44	725	193	click
1370487630645	128	825	101	click
1369438104423	20	181	495	click
1366424790538	86	901	189	show
1368258706242	118	928	318	show
1366771723649	47	874	321	click
1370952887563	122	971	309	click
1369722529394	16	136	53	click
1373944491905	51	888	436	show
1370060085624	78	240	464	click
1371867923779	70	279	460	show
1374020787375	122	879	333	show
1368193681007	137	724	333	click
1370164761177	83	182	398	show
1372057420184	28	839	443	show
1371994758408	47	741	90	show
1368600314028	1	934	425	show
1373316977928	38	857	54	click
1373926900878	88	217	241	show
1374134294814	72	139	287	click
1373804220770	131	295	280	click
1369955399668	143	353	229	show
1368605251292	134	195	1	click
1369251331544	92	90	361	click
1370251515965	116	606	376	show
1368071339560	101	743	124	click
1371211650996	93	942	479	click
1366355703477	134	212	3	click
1368348733157	96	328	372	show
1368434674299	37	825	283	show
1372853406273	22	822	337	show
1372614653872	102	223	94	click
1367653081301	77	227	189	click
1373104794280	7	755	47	click
1369806416534	18	895	339	click
1372738270331	43	170	330	show
1372323585834	9	196	144	click
1371132684280	55	102	207	show
1369486969583	64	209	388	show
1367541947545	15	883	405	click
1369433494778	107	364	217	show
1369375856264	52	937	116	click
1374016656213	83	838	301	click
1367696014009	45	378	450	click
1369131648521	44	136	425	show
1368568827083	9	134	256	click
1372468317552	76	565	171	click
1370737359881	32	887	293	show
1373087839455	112	987	360	show
1367702517260	92	559	48	click
1373812332195	29	105	218	show
1373277422347	141	564	446	show
1372865489959	101	646	468	click
1373702195170	138	397	491	show
1370779136420	98	933	132	show
1366948965704	117	141	184	click
1367253873024	139	345	45	show
1367162850433	33	807	358	click
1367742297593	145	991	211	click
1371930842966	57	22	450	click
1372839961334	77	870	12	click
1373997817663	92	90	244	click
1367342986875	70	450	322	show
1373461917283	92	343	346	click
1373457394495	56	91	79	show
1367113384012	66	470	486	show
1369760305050	52	748	160	show
1368993757897	110	616	77	click
1368196981414	75	668	483	show
1370958997614	66	514	342	click
1370886232856	110	930	403	show
1371522419652	101	612	177	click
1368513233166	102	947	156	click
1371988521920	32	426	433	show
1368753595636	69	238	203	show
1370166459174	28	173	345	click
1371834267624	24	687	323	click
1372539443214	132	773	459	click
1370997901635	49	120	220	click
1371273509386	28	340	145	click
1373011210234	47	745	264	show
1373233081908	69	885	6	show
1366962045766	143	496	278	click
1366781651108	96	803	477	show
1368724810827	138	737	288	show
1371291937415	89	685	250	click
1368862789848	28	835	72	show
1368460013860	84	983	195	show
1366823360950	145	644	198	click
1370227749510	114	163	241	show
1373337312395	91	873	389	show
1370067308197	24	532	406	click
1371140751814	121	186	81	show
1372590340758	80	188	24	click
1367377001477	112	303	257	click
1369103213130	96	234	144	click
1372996610685	107	857	186	show
1368587014504	6	548	291	click
1373189449491	122	751	262	click
1372986202613	6	231	340	show
1367857018569	149	487	176	click
1371569962307	15	198	252	click
1368165716648	8	279	383	show
1373031600550	124	440	195	click
1373582957805	62	307	197	click
1373987266098	92	902	160	show
1370159590787	42	514	395	click
1373952152323	13	871	297	show
1370769885174	47	212	460	show
1373878187697	75	859	440	click
1373851917868	53	909	212	show
1368911942277	117	314	159	click
1370688247442	81	855	345	show
1367614594920	69	479	343	show
1371234787859	129	793	213	click
1373234757856	19	613	463	show
1370525146002	25	918	274	show
1367333738540	17	996	491	show
1368404365842	130	37	76	show
1369744397275	13	307	119	show
1369729163761	130	64	215	click
1369023441387	73	338	466	click
1372311545846	52	788	151	show
1368916666454	99	980	402	click
1369699356991	29	23	454	click
1366779732211	70	61	450	click
1369620036947	16	721	457	click
1373182590114	15	362	330	click
1366905467548	115	688	261	show
1373963281589	6	315	386	show
1370085074882	53	186	90	click
1372197839837	63	924	356	show
1368618904081	61	228	316	click
1367634093492	18	938	204	show
1366741470478	22	205	360	click
1367771745735	136	376	177	show
1366615114599	7	337	120	show
1374107601729	81	401	154	click
1369160919008	8	868	418	click
1368253309988	7	261	70	show
1369055688553	11	579	92	click
1373335247209	150	840	196	click
1373296808158	61	293	331	click
1368646229138	82	769	230	show
1372155218656	33	736	221	show
1373201331390	122	673	409	show
1369852016944	128	194	244	show
1371272402614	83	336	181	click
1366653758720	35	348	219	click
1369496484278	116	900	114	show
1367345524784	23	160	251	click
1373542854740	54	224	340	click
1372004513562	30	729	34	show
1371904939374	94	692	440	show
1373435394006	122	725	348	click
1371478570013	9	412	235	show
1369230902311	2	191	90	show
1369808639161	145	741	114	show
1370531541269	66	724	489	show
1371417485644	96	823	440	show
1367855493695	142	891	393	show
1373192310517	56	718	421	show
1366840660434	29	881	382	click
1366433782741	101	850	24	click
1367126047865	89	663	201	click
1366948210701	141	289	96	click
1368386662115	79	129	397	click
1372419738159	49	580	181	show
1370370381829	85	574	33	show
1369809437449	136	884	217	click
1373910549541	46	512	471	click
1369866043737	74	187	291	click
1372365560553	91	242	354	click
1369002952126	78	457	6	click
1367539082184	25	558	6	click
1373799420906	54	592	198	click
1368673793196	24	590	212	click
1366606276378	130	952	189	click
1367879037341	40	159	144	click
1367962637016	79	772	302	show
1367446410705	140	56	247	show
1373428224504	46	151	457	show
1367313604745	93	710	492	click
1367211758251	25	897	154	show
1371024135311	132	776	350	click
1366573732731	114	578	313	click
1369359274901	113	196	374	show
1370247910772	57	543	421	click
1367969485510	135	534	158	click
1371274890848	4	783	432	click
1372209796487	44	971	107	click
1368894146677	34	375	312	click
1367932102666	59	371	86	click
1373332603615	2	533	389	show
1368545628499	36	335	189	show
1367669235452	82	811	83	show
1372171243554	97	883	117	show
1373210648670	18	788	158	show
1369961057304	11	536	111	click
1369384642219	85	83	359	show
1370855988193	82	109	42	click
1369730884168	63	77	473	click
1370688906316	67	137	490	show
1366780342970	73	314	414	click
1372924566560	87	12	212	click
1372983466561	24	660	282	click
1366834013834	132	329	97	show
1367039758908	102	74	475	show
1368665136199	111	281	334	show
1366712025327	12	10	33	click
1373556480619	39	103	147	click
1369660160948	17	837	142	show
1367108684856	21	206	456	show
1369001353819	137	763	327	show
1366540248747	97	988	375	click
1373735425127	62	220	151	click
1369301186000	42	441	269	click
1371349989242	121	666	30	click
1368845186049	68	526	29	show
1368093349336	71	842	152	show
1368081354709	78	223	1	show
1370284722157	29	930	243	click
1369398673501	26	250	115	click
1372407785078	18	511	1	click
1368839458106	23	512	379	click
1372689843517	109	730	300	click
1371324027114	99	616	207	click
1372895907741	53	334	166	show
1371751214026	107	178	323	click
1369261549448	22	837	286	click
1370982407105	125	492	184	click
1366584602119	13	51	224	click
1368807748485	101	625	403	click
1369388898233	75	475	32	click
1366933408627	21	514	266	show
1369791095843	4	205	162	click
1373635208489	11	642	45	show
1373834130266	97	514	442	click
1372069322765	137	389	191	click
1369002647673	140	142	434	click
1367072438898	55	897	449	click
1371072445684	74	938	320	click
1370486059175	32	215	454	click
1371707049133	6	161	198	click
1370446702782	37	785	157	click
1369279685166	33	318	62	show
1373260348278	13	405	262	click
1367455738727	56	612	75	show
1367845667239	26	734	84	show
1370379641806	40	288	120	show
1372443513516	38	583	432	show
1369588890735	109	281	470	click
1369176645557	114	12	414	click
1373536475720	128	284	73	show
1373992470519	44	89	356	show
1371258950937	145	467	27	show
1368678615836	112	770	191	show
1374133584600	95	528	298	show
1371697862211	43	72	255	click
1367376060096	40	195	150	click
1372428996026	35	369	489	show
1374135634309	78	334	481	show
1371785023922	136	80	442	click
1369199245884	78	347	87	show
1373790990327	124	209	247	show
1369769283879	63	189	256	click
1371790590234	61	481	185	show
1367250812250	5	706	1	show
1371869229447	93	999	441	show
1372039177554	59	356	346	show
1367865764828	84	866	425	click
1367947235657	64	624	349	click
1366882607727	103	167	279	click
1366872756526	129	327	371	click
1372506192004	132	472	1	click
1370972676215	16	420	454	show
1371082077105	3	12	234	show
1368935834587	123	880	436	click
1373815388002	106	580	497	click
1367449958504	24	286	186	click
1370316657896	86	324	484	click
1372890620274	107	356	138	click
1369732905267	101	654	358	click
1367060580193	85	527	312	show
1371609239018	73	78	49	click
1370742185704	145	672	115	click
1370105495514	113	60	167	show
1371273696312	36	41	318	click
1366541342109	46	726	47	click
1368826202838	139	336	190	click
1369065222414	137	864	487	click
1369048386998	36	83	124	click
1370991539607	95	419	367	show
1369730515240	48	331	301	click
1370782530578	79	170	409	show
1368711043101	130	406	91	click
1372867632241	61	676	107	show
1369062761639	26	281	266	click
1370079478684	45	710	400	click
1366937248732	19	643	17	click
1367720371643	72	64	404	show
1372749236500	52	534	113	click
1371056198275	13	587	443	show
1373289549967	17	945	423	show
1367708529021	113	196	448	show
1372406524726	97	800	95	show
1371827615035	63	133	259	show
1368329489609	89	60	413	click
1370865534902	118	373	107	show
1373196990475	119	92	495	show
1372803596020	75	598	120	click
1368003683409	101	711	363	click
1366870813871	35	843	281	click
1371199351193	65	137	444	click
1373895642721	33	77	351	click
1368458559698	18	234	232	show
1373640029358	19	455	284	click
1372287966731	63	691	316	click
1366786435973	88	943	221	click
1366454239197	82	823	54	click
1370325064941	32	622	361	click
1373666550150	144	558	15	show
1373292759572	55	296	380	show
1370054672759	16	926	163	show
1369448093787	45	925	83	show
1369424854916	95	379	482	show
1374060276945	59	73	294	show
1373412855020	120	488	325	click
1366399732344	99	250	1	show
1368712556238	12	305	423	click
1366362969839	11	427	304	show
1367295260757	139	573	299	show
1370076755159	137	244	75	click
1371499244855	48	140	272	show
1372494113134	48	653	312	show
1369506576295	74	261	18	click
1373855337630	76	945	176	show
1372565288793	138	278	75	click
1368259410842	148	268	485	show
1371655806431	61	977	454	show
1366652565546	150	380	99	show
1370976838536	103	545	87	show
1369344059297	61	762	365	show
1370001994349	138	424	289	click
1372799798067	81	547	360	click
1373486628820	102	860	290	show
1368536385224	134	279	219	click
1366841290772	20	626	247	click
1371258806771	104	180	215	show
1370135741345	63	811	156	show
1373549490724	36	402	99	click
1366629391117	132	112	166	click
1374177991738	82	710	154	click
1370924862050	124	511	443	click
1371455453379	32	757	265	show
1371460528299	48	212	454	show
1366832280628	146	149	205	click
1367751694152	16	347	227	click
1374186145599	63	64	183	show
1372640532194	118	436	269	show
1367987665268	74	385	174	show
1367695737461	148	995	144	click
1367433334628	128	511	81	show
1369550668693	73	172	364	show
1366663276617	100	516	280	show
1372500757101	85	529	349	show
1367620885767	30	222	163	show
1370525028682	5	613	230	show
1366902872937	31	338	289	show
1372385976990	37	863	395	click
1368593121030	79	277	98	show
1368627455211	44	368	77	click
1371302674707	90	446	470	click
1374198894350	80	188	12	show
1370411377051	26	637	334	click
1370785316190	106	621	340	click
1369210026124	3	796	415	click
1372091812106	51	786	29	show
1369527544255	43	419	201	click
1366688701192	120	320	172	show
1370251349249	108	455	196	click
1368926228669	105	117	65	click
1373872708651	14	551	67	show
1369768835124	125	337	45	click
1371832497212	111	609	289	click
1369526857077	24	570	294	show
1367162264380	41	438	498	click
1374198372365	107	927	317	show
1374054609449	134	992	60	click
1366723374138	141	520	157	click
1371094024919	5	715	136	click
1370422086084	3	597	246	show
1367166029928	115	840	427	show
1372912608537	106	938	267	show
1369208172443	22	25	1	click
1369899830846	73	731	20	show
1373794315901	78	676	308	click
1369731803887	92	291	370	click
1369364729288	46	977	42	show
1371388664100	149	723	178	click
1371584127076	77	178	238	show
1368714988261	35	861	70	show
1369348774312	55	899	22	show
1372244288571	124	919	488	click
1369939929122	145	853	452	click
1373403718289	84	699	27	show
1371209827922	121	765	295	show
1371713233346	23	876	84	click
1372109080690	136	522	168	click
1367284168216	16	479	196	show
1367505627199	99	527	483	show
1371826680727	73	317	3	show
1367699393755	42	830	185	click
1373798083322	99	364	45	show
1373787030539	69	656	47	show
1370387328584	68	674	472	show
1370088892446	5	946	68	click
1371020753819	51	128	269	click
1367616574123	113	448	127	click
1366893235502	27	476	53	click
1371070465839	8	259	384	show
1366659499729	77	760	346	show
1367153808855	40	373	361	click
1369866025327	25	537	408	show
1369038533191	147	219	376	click
1371176242737	124	343	29	click
1373158118605	40	508	243	show
1367766525432	127	86	441	show
1372020847814	102	600	111	click
1372689126853	12	719	390	click
1372425852099	4	464	94	click
1372359297643	35	232	46	show
1368593738097	21	406	124	click
1370627636899	149	290	443	show
1366561444317	88	268	239	show
1371870122603	17	601	278	show
1368154066952	46	760	131	click
1368267452158	84	655	258	click
1372253175586	17	169	489	show
1368005170783	106	568	463	show
1367357159791	54	182	334	click
1368693421269	79	696	25	show
1372542997381	66	488	210	show
1372120221978	21	975	350	show
1370862153185	142	114	264	show
1368151998995	17	230	48	show
1369123848264	54	664	36	click
1368792763447	3	196	150	show
1370245506574	149	445	361	show
1368550251259	5	351	259	show
1366569462315	47	551	41	show
1366835388215	63	144	389	click
1366410243157	41	82	81	click
1367262671025	86	78	443	click
1373646871632	120	340	59	click
1367702154589	124	812	293	show
1369425172294	111	160	426	show
1372318963789	23	670	437	show
1368593095179	16	709	245	show
1373242770658	55	558	443	click
1369846383669	82	850	82	click
1373609305122	10	985	236	click
1370491154283	139	673	330	click
1370320828417	127	451	109	click
1372640118687	131	889	383	show
1367253917393	12	341	176	show
1367114746677	47	37	465	click
1372268551006	27	997	447	show
1366929686595	123	406	455	click
1373250755847	77	363	345	click
1370087051667	101	289	66	click
1370114947167	27	431	426	click
1368195738387	116	192	382	show
1373170440547	11	282	102	click
1372326030499	134	951	467	show
1370212538616	59	275	437	click
1367206476237	80	601	229	show
1373353006335	119	342	164	click
1368134076950	107	744	455	click
1369272199825	22	64	206	show
1366581561969	6	580	386	click
1373421560179	60	529	450	show
1371842370625	50	296	203	click
1369667930852	125	57	258	click
1373522644299	119	665	149	click
1371566194033	45	381	407	show
1367312206645	59	46	491	click
1368339881723	81	200	75	show
1369183994340	78	157	83	show
1370624391743	40	334	357	click
1368310195547	53	527	471	click
1373029389814	25	468	337	click
1373315445160	89	469	433	click
1372799477647	125	524	199	show
1371132426837	83	385	49	click
1371322842288	26	226	18	show
1367462378205	135	12	224	click
1370500866116	39	564	208	show
1370624249172	138	96	148	click
1371596884224	102	582	465	show
1366826336739	121	353	410	show
1372370498727	140	775	392	show
1373502104454	89	263	385	click
1372404667957	128	362	62	click
1372246621246	141	515	467	click
1370386960136	119	530	474	show
1369837138483	6	12	115	click
1369578013173	9	870	114	click
1366720417625	96	177	418	show
1373244629020	62	478	36	show
1373372870578	100	480	267	show
1370998834319	4	461	82	show
1368025138508	42	99	482	show
1371869186582	54	272	298	click
1370060043710	143	115	207	click
1366619589524	37	11	492	click
1371202262595	133	427	200	show
1366995418633	101	548	357	click
1369014813589	133	219	489	click
1366930481323	53	464	496	click
1368002084453	121	955	52	click
1367405304076	143	586	495	show
1368330615725	35	236	209	click
1368117535143	111	754	434	click
1366997296164	39	640	172	click
1373740633729	26	679	277	click
1370612418085	141	853	74	click
1369968903905	63	549	327	click
1366367802236	48	948	115	click
1370095842201	35	540	330	click
1367944698207	81	511	212	click
1374046741338	102	398	36	show
1369008790546	76	890	338	show
1373618988756	71	747	487	click
1368375926346	119	699	253	click
1372708482504	50	30	354	show
1372199243686	71	932	36	show
1368074655800	68	847	315	show
1371530614544	68	427	239	click
1371551407114	66	274	499	click
1373634303378	125	680	192	click
1368110312729	58	650	225	click
1366662521398	98	660	27	show
1371375731210	81	677	219	show
1373877178949	74	458	491	show
1370320613079	29	68	413	show
1366503471132	108	8	224	click
1367259737050	113	607	422	click
1372376338899	86	446	121	show
1371683667338	142	664	5	show
1370602728102	62	385	152	click
1373210423058	112	159	426	click
1368905088584	30	99	418	show
1372948324184	35	420	128	click
1372437567797	76	958	169	click
1368016542476	50	883	255	show
1372166514025	131	538	391	click
1368300880882	105	748	64	show
1366433883942	57	585	36	show
1366440347715	104	335	195	click
1369390593650	144	514	177	click
1368424005178	10	873	145	click
1372154718562	95	326	497	show
1371951569645	125	617	136	show
1373593613419	18	687	375	click
1371996389668	86	483	28	click
1371306705376	15	938	210	click
1373905396493	113	994	119	show
1367208961161	70	950	441	click
1366698382243	9	338	24	show
1369436215180	101	706	290	click
1369783490352	86	211	277	click
1372430437595	66	978	254	show
1373401529130	129	81	287	click
1371456283209	28	940	141	click
1369005241718	87	14	372	show
1373261771092	78	271	215	show
1368367352605	84	428	135	show
1366377339291	1	241	35	click
1366498227577	44	759	282	click
1367979794300	115	332	102	show
1366444036031	20	79	285	show
1367977526488	134	17	6	click
1367251109664	55	939	97	show
1366926424040	56	793	163	click
1374082899031	38	718	477	show
1369577943740	94	761	29	click
1366444997096	100	164	202	show
1369365786859	84	437	119	show
1371730392610	8	309	138	click
1370448284945	98	910	84	show
1371943361945	62	488	204	show
1368721820879	32	628	221	click
1367504318090	95	76	434	show
1370824777470	46	348	342	click
1368363801735	25	696	243	show
1367847642900	67	993	411	show
1368639430037	123	312	425	show
1373858818030	144	782	69	show
1367376535137	64	643	165	click
1367063894992	140	721	6	click
1366538475045	53	763	418	click
1372740527283	124	812	465	show
1368031034487	126	420	467	click
1369181254799	117	463	271	show
1372312149267	18	737	264	show
1374117952360	108	384	471	show
1373182632389	45	934	492	click
1372299935744	130	58	468	click
1370697955990	27	107	344	click
1366973479469	107	967	28	show
1367878313595	109	532	40	show
1367277358534	101	648	185	click
1373684993311	4	797	444	show
1369766253663	103	748	228	show
1371280695649	66	238	225	show
1367201909246	125	277	296	show
1373315076572	150	192	397	show
1369130166225	44	421	287	click
1373546050235	8	194	308	show
1373835493799	147	188	445	click
1368709849056	121	833	409	click
1374136583864	17	618	10	click
1371162050144	145	229	191	show
1372122264951	1	98	137	show
1369240709137	16	644	226	click
1369747024160	96	231	482	click
1369260203820	54	267	145	click
1371974419781	120	277	278	click
1372387102142	93	61	161	show
1372423576208	38	214	397	click
1372699410341	26	712	151	click
1367510703560	83	671	375	show
1374081377086	33	951	320	click
1368484580336	31	436	225	show
1373754222469	87	48	353	show
1372485073643	40	673	186	click
1368892272666	3	957	463	click
1370804671929	67	536	90	show
1372289287785	97	122	29	click
1370957914155	125	267	254	show
1372565067225	141	169	41	show
1370246805751	50	109	461	click
1372985896533	73	622	57	click
1373380313391	126	123	205	show
1368663726150	149	525	400	show
1370319485699	70	58	137	show
1369838027158	34	783	281	click
1367908742285	53	925	465	show
1368887596337	114	251	39	click
1370968346875	19	802	341	show
1369333247752	144	307	172	show
1366688197864	77	663	189	show
1367723489264	27	721	108	click
1370073501029	111	642	100	show
1370419944125	37	355	42	click
1369432179258	12	519	121	show
1372601403432	112	241	106	show
1371794372932	43	860	285	click
1374117615336	30	855	327	show
1369179197848	123	319	225	click
1367536749985	105	181	351	show
1369612270311	137	630	239	click
1370200572870	90	449	192	show
1369066511526	12	597	332	show
1369193247890	115	919	491	show
1372122762485	140	675	417	show
1372578882918	43	807	12	click
1371570832964	125	175	24	show
1371122202158	42	252	87	show
1371656884605	131	475	467	show
1371440698021	89	287	3	show
1373915962411	81	213	354	show
1372166887281	23	618	413	click
1368343334310	111	552	109	click
1370003253225	45	754	497	show
1373934514943	70	440	46	show
1370705654920	60	206	9	show
1371470620337	122	149	288	click
1371222131923	12	291	174	show
1369514916393	81	402	48	click
1370498003263	111	775	75	show
1370860742839	89	330	423	show
1367425666231	146	100	14	show
1370988256474	112	195	186	click
1370422136179	14	537	251	show
1371272038962	144	319	302	show
1369594593455	132	34	458	show
1374013862596	99	813	126	click
1373140858134	86	925	467	show
1369862587168	130	989	493	click
1373017573259	35	70	137	show
1369592353702	131	97	11	show
1369881110125	119	376	305	click
1373970080996	21	800	484	show
1372738238051	99	106	389	click
1367183240714	7	734	496	click
1372457330109	19	934	300	click
1373896910974	50	464	305	show
1371705179163	29	272	409	click
1369618872187	133	978	69	click
1371043682352	4	194	68	show
1370240577156	87	990	85	click
1373315622059	73	320	140	click
1371014960849	33	281	436	click
1371986042838	96	3	39	click
1367807462010	135	749	327	show
1368055708348	69	897	352	click
1373078079956	111	923	200	click
1370469048747	78	329	135	click
1369030608972	144	445	260	click
1373799024934	8	981	14	show
1369981026798	91	193	94	click
1368083519849	38	883	36	click
1366393707557	118	227	475	click
1367132866336	39	969	93	click
1371513280921	101	742	160	click
1373673451009	45	222	174	show
1367365499437	3	817	78	show
1367159691678	47	901	214	click
1368078702953	104	226	486	show
1371911493674	92	43	222	click
1368151487629	92	233	18	click
1368671623065	136	538	79	click
1367609581711	3	914	13	click
1366472354191	103	735	151	show
1368542429764	66	878	362	click
1371836395496	90	7	427	click
1370703045180	87	659	32	click
1373535616763	62	482	411	show
1370955964372	147	553	46	show
1372791798401	51	222	398	click
1367944477601	140	265	16	click
1370778955381	5	513	135	click
1369017422009	63	726	187	show
1371711726241	38	863	402	show
1372125280103	29	871	485	click
1369852209700	36	822	496	show
1368286864783	28	800	401	show
1369986297861	134	803	74	show
1372120780108	16	807	356	show
1374105400566	37	366	179	click
1367511142599	60	394	447	click
1371173288965	108	529	439	show
1371244719597	16	652	477	show
1374089446468	28	810	91	show
1370286398664	6	649	157	show
1368369527841	117	423	103	show
1370833878935	46	871	30	show
1373917861806	52	702	258	click
1372785698212	111	556	45	click
1371963454763	90	523	380	click
1373544409169	37	2	206	click
1366534431179	115	177	443	show
1370508345080	41	754	122	show
1372754495874	13	536	498	click
1368288317591	48	812	468	click
1367043649784	1	661	244	click
1371183612964	101	314	297	show
1370209667327	133	559	286	show
1368871224706	50	684	355	click
1367357070252	147	31	278	click
1369660164359	9	479	340	click
1368616896651	49	643	495	click
1368649806854	7	858	406	show
1372022315783	69	237	34	show
1368059903873	45	562	388	show
1369705962561	138	798	487	show
1371915227919	40	772	292	click
1366974073018	139	468	200	click
1373717583642	115	334	33	click
1366908429566	79	89	135	show
1370655869164	82	746	32	click
1370681229708	75	39	209	show
1373016351637	118	452	86	show
1371211503440	87	21	147	show
1369253584633	89	26	96	show
1371217769271	120	212	405	click
1371875640442	91	917	153	show
1372959498694	126	33	438	click
1368655342178	110	302	429	show
1367467387718	123	286	116	click
1366677035133	83	194	271	show
1372936942313	9	485	316	click
1368379455035	30	218	226	click
1366853833377	62	666	159	show
1368422341045	57	309	498	click
1373319285610	149	613	123	show
1374076351362	43	712	440	click
1368254369176	133	160	225	click
1367690306739	94	811	114	show
1373992757030	42	104	324	click
1369994457590	1	513	397	show
1368454892033	45	876	364	click
1366976555256	86	51	381	show
1366515117216	80	46	4	click
1366716236268	87	352	471	show
1366982013265	88	171	487	show
1371533411713	41	725	42	click
1370695170788	18	436	153	click
1370738536536	127	789	352	click
1373693998677	4	318	147	click
1371179158015	8	731	215	show
1367358854003	147	23	185	show
1373747981911	111	884	323	click
1374174504548	117	721	481	show
1372082879443	134	963	280	show
1370228499809	104	161	63	click
1369341033851	97	243	296	click
1371317682288	77	706	179	show
1370501052500	6	44	449	show
1368294102636	19	263	16	click
1370359630659	49	389	434	show
1369583950578	143	585	337	click
1367984445193	63	123	384	click
1368356399378	57	37	365	click
1369245604331	142	775	409	click
1366449521707	127	135	205	show
1370951356889	148	140	324	show
1366399858416	142	971	22	click
1371703526055	63	598	333	show
1371976054266	137	601	142	click
1367132546286	86	579	77	show
1374056706771	84	962	78	click
1372434610876	117	602	320	click
1373071662457	127	565	65	show
1368357384224	127	136	139	show
1371294213512	118	696	269	show
1374156275223	35	62	103	show
1371744416818	96	27	67	click
1368506718711	102	768	300	click
1373410244298	119	524	364	show
1366776545445	134	804	317	click
1366420934163	40	840	476	show
1369662876741	139	895	497	click
1366446308856	8	146	480	click
1373964197338	61	982	237	show
1368835760193	7	771	410	click
1373367720209	10	398	343	show
1372714664995	84	316	455	click
1367735127313	121	368	200	click
1372201869385	22	480	20	click
1372279429950	72	458	209	show
1371357220108	72	524	342	click
1371190661192	2	980	113	click
1369593920990	71	812	253	show
1373612974785	44	328	101	show
1373008516146	22	546	368	click
1373625015246	117	219	408	click
1368540843432	79	767	361	click
1367675410686	59	430	244	show
1373275853266	95	963	139	show
1371940288128	100	479	214	show
1372581412815	10	786	222	show
1374083218845	121	957	339	click
1371202357839	37	437	132	show
1368097744702	38	790	270	click
1370972090465	147	734	56	show
1373144896534	8	454	97	click
1368470122837	10	566	422	click
1373115548787	66	155	263	show
1373777720730	3	341	17	click
1366520797543	54	34	278	show
1366609861032	106	727	299	click
1369191670905	14	311	468	show
1368883341338	64	571	178	show
1368679837525	71	469	295	show
1370806937714	122	267	383	click
1368131296135	34	897	139	click
1372321720359	131	563	150	show
1371184201318	75	182	167	click
1366465406850	116	195	243	show
1370558488251	131	639	80	show
1372099834397	93	956	364	click
1366676238590	141	688	241	click
1369727177514	122	741	455	show
1372589525296	90	343	168	show
1372566797070	91	710	62	show
1373919121262	133	499	416	show
1367139524876	134	732	77	click
1369644097741	4	419	377	click
1366406718888	116	456	283	show
1366961310280	18	573	259	show
1371122684153	40	271	21	click
1368675694626	117	680	442	click
1369958131029	121	93	221	click
1366904906754	92	791	217	show
1366466232396	128	762	106	show
1367405656613	110	779	94	show
1368206604120	52	485	296	click
1371420647082	114	102	255	show
1374123188857	39	189	90	show
1370494405726	98	607	351	click
1366624857132	118	769	70	show
1369680561139	144	305	259	show
1371590369803	49	213	90	click
1368877156227	50	841	59	click
1369559432628	143	365	487	click
1370601294387	140	189	257	click
1371655322709	109	315	314	show
1372967096362	71	816	223	show
1371836971675	17	179	411	click
1371087603930	19	479	416	click
1366515067925	47	447	302	show
1371233059447	69	620	290	click
1369518710232	52	17	47	click
1366518517961	19	223	287	click
1370239812606	126	535	92	show
1371691296063	121	59	162	click
1367950247684	42	758	459	click
1369494714482	112	129	137	show
1368068248147	7	688	409	show
1370874346063	139	758	149	click
1368956620468	25	232	487	show
1367101116173	54	321	378	click
1372448754702	145	723	347	show
1367989339074	114	923	370	show
1366967322520	69	810	67	click
1373261715631	99	64	304	click
1369073437668	109	997	350	click
1371127026297	149	61	280	click
1370398481115	48	88	361	click
1368801709777	36	948	444	show
1370370449605	36	911	350	click
1370562644247	115	593	495	click
1372442967184	42	691	82	show
1374177887299	9	721	388	click
1371084419198	125	67	30	show
1370275009382	144	383	137	click
1372903476823	115	274	381	show
1370841930547	124	167	183	click
1367981560108	96	232	12	click
1372350964402	140	429	457	show
1366657570325	16	509	489	show
1372569982913	125	1000	476	show
1367459287145	67	936	354	show
1373129652250	9	839	118	show
1366630799791	31	554	225	show
1373118404899	87	216	307	click
1371207032998	10	565	247	click
1366888416065	36	470	186	click
1366467279263	41	792	450	show
1366924653632	61	261	277	show
1369437533814	146	82	438	click
1372895136111	77	495	133	click
1367240268371	51	596	422	show
1372706228170	120	935	125	show
1372227628387	144	231	88	click
1366738756162	150	437	241	show
1373599343262	88	519	26	show
1372230821757	58	725	65	click
1370599614536	123	778	97	click
1367227402433	88	155	289	click
1367620568604	32	971	212	show
1367130667795	2	363	384	click
1373566520256	28	963	24	show
1371745092596	40	698	400	click
1373813462711	125	462	447	click
1372301685883	120	914	19	click
1374090738137	94	714	382	show
1370868646462	134	895	67	click
1373501224971	63	632	471	click
1368655008603	58	912	66	show
1371462853350	24	461	378	click
1367147844828	89	27	479	click
1370099636307	124	557	177	show
1369947829421	115	767	336	show
1371611508696	5	389	305	click
1373546176297	22	895	152	show
1371085285271	69	154	411	click
1368504124021	129	924	132	show
1366719386808	89	708	138	show
1371934840769	70	80	105	show
1366349740002	27	972	57	show
1369876160727	145	771	159	click
1369452985170	106	687	95	show
1367434191106	119	543	145	click
1371271147883	72	999	474	show
1369762013805	42	398	497	show
1371793276329	139	430	334	click
1369557284597	40	29	34	show
1369615106184	25	159	374	click
1368476671129	79	34	129	show
1374103643975	6	240	113	show
1370235355270	83	377	26	show
1371294105482	7	731	121	show
1370428432848	123	172	368	click
1373623761637	91	462	51	click
1369665039643	56	979	129	click
1372399919358	26	434	245	show
1371841916026	48	759	1	click
1368726197689	126	880	338	show
1370903659174	20	553	479	click
1369669353838	75	418	253	click
1367547988331	31	104	150	click
1371804519989	120	933	46	click
1372091184183	131	479	90	show
1366415195471	149	854	240	click
1371500741502	21	847	445	click
1372829936735	81	377	128	click
1371298524229	97	339	126	show
1367118603298	18	834	13	show
1369355781342	89	125	196	click
1369164904635	101	890	162	show
1371482118131	89	866	472	click
1370209819206	131	90	181	click
1370319889372	76	973	391	click
1370696778006	50	612	24	show
1373217617569	86	234	36	click
1370034560573	132	30	313	click
1371177528220	76	736	272	click
1368242823847	1	80	216	show
1369530881180	12	212	266	show
1370263968734	103	653	386	show
1373365715985	81	122	3	click
1373598105063	39	300	427	show
1372444735296	77	440	373	show
1372644373779	26	875	169	click
1372426609526	79	355	290	click
1368524790707	65	363	166	show
1371372347783	4	807	263	click
1369531305404	77	32	116	show
1369008982643	98	856	366	click
1367342043241	38	604	458	click
1373698494320	88	945	330	show
1366856445390	129	942	475	show
1371926726813	22	517	333	show
1372012919357	7	652	57	show
1366675198755	63	706	84	click
1369666167948	91	924	387	show
1372249046281	45	308	449	click
1373006572944	109	750	293	show
1373780725910	59	171	68	show
1370244865184	59	477	423	click
1373370392108	100	279	387	show
1367435946545	101	207	319	show
1371872632572	32	16	106	click
1373102493657	16	649	483	show
1372269229851	81	260	322	click
1371312424528	11	697	255	show
1368231290949	109	325	454	click
1366377733791	76	143	491	show
1373713058843	99	781	465	click
1371383559722	81	695	232	click
1368126613218	51	538	120	show
1370837637565	139	18	324	show
1366856888374	87	430	409	show
1372937055707	137	85	36	click
1369023285018	124	680	264	click
1373401404066	139	29	259	click
1372547892725	7	249	149	click
1374127370407	93	658	372	click
1370374433707	68	224	458	click
1366621488274	114	148	91	click
1368959657011	139	33	264	show
1368520574414	49	563	491	show
1369726105661	41	404	284	show
1370798949330	64	594	467	show
1366583634754	78	646	225	show
1371325225117	71	794	356	click
1371058807397	46	42	415	click
1370635535288	37	773	163	click
1370740420441	17	675	148	click
1369965075791	41	467	148	show
1371372665577	111	260	356	show
1369510623076	96	476	248	show
1367064552079	105	710	398	show
1373369024846	113	672	9	click
1367355635487	39	943	462	show
1369461740194	145	940	143	show
1367004288660	68	716	115	click
1367435155301	50	882	294	click
1371511101261	15	910	266	show
1373155806194	24	303	423	click
1367638478340	139	444	383	show
1373008034524	80	204	197	show
1366415323431	16	8	182	click
1369161964139	70	293	181	click
1373597906347	121	445	274	show
1372624290467	2	641	148	show
1372650912618	147	254	129	click
1370204819904	149	505	32	click
1372289680747	96	883	61	click
1367406580892	78	807	25	show
1369473197166	86	827	181	show
1368549656014	112	725	23	show
1372873390138	110	704	301	click
1369834962195	58	29	295	show
1366830251144	17	73	82	show
1369925778855	78	787	132	click
1367177277547	42	888	429	show
1367729547736	108	670	404	show
1371466943488	9	217	75	click
1371357523602	76	7	372	click
1366704353494	126	707	126	show
1368855284142	34	182	326	show
1371808843269	42	872	482	show
1372412300740	99	879	28	click
1370993778520	50	251	476	click
1370169005269	122	450	25	show
1374157395728	103	213	271	click
1370399463160	54	475	494	click
1370252130730	43	326	64	show
1367452626621	123	358	6	click
1368113076618	25	228	22	show
1371925266327	138	311	280	show
1371243455940	91	229	219	show
1372214195516	8	675	203	show
1370342916627	61	880	38	click
1371352268045	36	540	160	show
1370540908653	117	909	289	show
1369266537479	130	835	26	click
1370415641211	118	668	108	show
1369604994164	133	597	130	click
1372108644470	111	476	414	click
1373567960384	131	228	322	click
1368288427182	138	973	437	show
1367141380353	27	41	495	show
1367921403781	64	145	103	show
1367798457492	6	872	358	show
1371897884151	11	839	97	show
1373071449311	40	909	132	click
1372540661766	6	778	489	show
1369031669603	38	650	258	show
1370439058824	59	784	342	show
1367960107907	140	624	317	show
1368592025259	94	914	239	show
1369898016621	104	365	124	click
1371651895296	122	306	343	click
1373918778044	106	758	170	click
1368898625921	53	475	436	show
1373344635657	76	280	275	click
1372161934220	136	765	230	click
1372090655642	2	358	181	show
1367452765995	83	294	415	click
1373891310910	76	245	200	click
1368589288536	65	889	467	click
1373932478903	12	299	109	show
1368961536489	90	165	66	click
1370469037480	10	747	459	show
1369162926166	85	184	9	show
1373905025903	148	875	100	click
1368135500338	38	228	321	show
1371337862189	17	269	186	show
1372972974531	39	489	425	click
1369831278997	25	416	480	click
1369647407331	84	869	246	show
1368257787725	73	451	201	click
1369623229273	17	809	194	show
1371763284252	142	9	339	show
1369623915769	42	577	319	show
1371408486163	49	442	207	click
1372586325905	13	733	104	click
1373904642714	111	800	160	show
1369415089335	49	323	392	show
1371371307063	19	4	227	show
1370371367324	67	879	430	click
1374144719366	21	776	103	show
1372621483062	4	194	346	click
1372080620026	110	989	319	click
1366977171937	123	98	12	click
1371927220907	120	452	127	show
1367418013098	124	523	41	show
1373983483358	13	701	100	click
1368361363824	17	679	91	show
1367305671991	15	860	431	click
1366868096628	76	168	11	click
1369306334194	70	309	64	click
1372917380126	36	888	433	show
1366646310920	80	703	424	show
1371952458128	102	965	434	show
1370275654800	82	776	220	click
1367678789265	72	139	393	show
1368984699996	25	694	124	click
1371768729886	136	702	24	click
1366981236381	86	241	468	click
1371379922212	32	573	312	click
1369394369671	146	762	150	show
1374037967609	12	484	486	click
1369357934137	22	596	350	click
1368327903268	98	609	71	click
1370179948934	90	820	143	click
1372567356215	1	548	210	show
1372715255193	20	644	459	show
1372591225520	13	768	454	click
1374100418440	101	477	435	show
1370401605871	122	594	180	show
1368044075324	144	115	403	show
1372721586783	66	232	229	show
1367619995661	87	934	442	show
1371825112534	79	761	271	show
1370994448893	98	517	479	show
1366776443506	78	730	477	show
1370606115886	122	226	78	click
1372417609659	80	840	388	click
1374040399107	18	835	86	click
1372105016229	104	310	154	show
1373293377303	81	794	218	click
1372983643658	130	236	114	click
1371351293346	34	616	376	show
1366682705974	52	838	483	click
1373133653996	61	549	314	click
1368148637562	126	386	7	click
1373986207757	7	520	406	show
1372487717106	29	807	252	click
1370307899990	87	718	253	show
1373699608827	61	983	300	show
1369163466253	73	664	272	show
1369826637810	107	261	32	show
1369260447735	107	791	46	show
1372438887766	31	520	177	show
1374031036105	91	350	241	show
1370285724874	75	59	449	click
1372059098847	71	124	204	show
1368137398602	85	81	360	show
1370893961382	117	194	315	show
1370182152348	37	553	485	show
1370716769073	127	809	283	show
1373337987533	149	874	283	show
1370967019871	132	950	184	show
1371925096634	16	321	453	show
1369212027973	140	559	16	show
1373850464037	141	357	25	show
1369294185244	106	531	207	click
1372349785404	88	774	173	click
1373111607756	5	334	384	click
1369877244198	130	757	150	click
1373275656295	76	330	39	show
1367012600635	139	751	185	show
1371838200710	48	140	119	click
1369968318137	112	801	458	show
1371726055931	80	90	110	click
1372716686685	139	791	341	show
1373952596430	22	683	145	click
1367701524910	15	73	477	click
1368273770298	2	854	292	show
1372624369911	5	450	185	show
1368467446771	121	131	385	show
1372304444552	78	283	459	show
1368575136124	54	382	434	click
1368491663097	70	25	224	show
1369420517926	13	818	242	click
1371760606231	44	924	326	click
1370192257062	97	335	204	click
1371194357443	2	742	76	click
1370216669499	105	410	29	show
1373668244209	127	420	345	click
1373815040649	20	714	394	click
1366750449789	114	660	242	click
1368504936067	69	855	231	click
1366474252397	110	383	106	click
1367983234636	1	282	247	show
1372139730186	91	536	49	show
1366553633271	135	347	353	click
1372548994008	26	273	91	click
1369540858976	127	354	199	click
1366545735810	123	257	251	show
1369629930896	66	912	28	show
1370285804134	74	655	208	show
1367805382419	31	578	412	show
1368197205180	136	359	315	click
1373661083953	94	1000	376	click
1371108385899	29	587	198	show
1367180238501	1	593	422	click
1367149614871	52	216	398	click
1369682267222	23	825	267	click
1373728950072	39	685	261	show
1370952736495	115	732	459	click
1372197904138	42	357	388	click
1369492865041	138	161	24	show
1370872071704	110	32	211	show
1368449190703	2	824	371	click
1370582417780	37	764	412	show
1371974049389	55	240	329	click
1367641134526	118	299	475	show
1368694921001	49	287	70	show
1372367207929	38	296	297	click
1373377652007	21	242	131	click
1372156540290	51	765	398	show
1371508015022	150	546	75	show
1369488432886	111	139	280	show
1372818229391	39	628	210	show
1371644974999	33	719	317	click
1372528095919	40	231	392	click
1367833064316	88	861	214	show
1368204681752	146	502	99	show
1372169376572	30	681	165	click
1369468497456	63	704	464	click
1373184170223	133	515	329	click
1367048874932	48	532	461	click
1369972479194	104	912	69	click
1372838383785	50	977	189	click
1367887492519	60	101	479	click
1372448075448	70	68	478	show
1372448167639	124	141	136	show
1367518760966	20	725	327	show
1371357908151	55	749	228	click
1366659604275	145	730	242	click
1369540231501	27	861	34	click
1371056148197	94	552	77	click
1367692438328	48	715	279	show
1371390932457	96	31	232	show
1367293984470	111	157	288	click
1373092852032	117	793	395	show
1368134252439	40	204	192	show
1366538882667	146	927	335	show
1369244864795	92	273	15	show
1369301724648	54	985	33	click
1368525682922	71	138	78	click
1367652599449	24	314	422	show
1373603599555	3	857	350	click
1371241079834	17	1000	48	show
1366410961165	70	7	443	click
1370273979239	129	161	422	click
1367794276924	89	37	216	show
1369714255596	4	918	483	click
1373393074414	101	879	77	show
1372608712039	129	807	371	show
1367705926320	91	631	124	show
1368841377042	78	358	60	click
1369943018240	132	582	278	click
1369998951260	32	473	42	click
1370174919144	64	924	23	click
1367451774709	83	508	488	show
1366767429982	30	316	3	click
1368978242751	36	78	21	click
1367704402562	124	157	139	show
1372179640434	83	885	453	click
1370094926398	42	532	128	click
1370806162387	5	24	157	show
1368138125377	64	463	75	show
1369654721023	130	990	376	click
1368151190832	25	462	143	show
1368321548972	65	962	113	show
1369833379223	126	503	348	show
1366369955519	41	462	347	click
1373565336097	1	788	296	show
1368628468223	39	670	235	click
1367148301615	12	912	129	click
1373173492061	127	350	292	show
1366552654566	76	33	391	show
1372661650058	132	839	444	show
1372877331309	37	457	23	show
1368158900814	73	655	298	click
1369420767509	143	197	69	show
1366419802371	29	719	314	click
1368964312881	70	683	61	click
1370074246357	54	895	234	click
1367496317527	45	473	406	show
1369657946031	39	318	20	click
1374085912742	68	255	470	show
1367936709809	89	115	190	click
1368469499905	63	887	158	click
1373004041011	5	192	448	show
1369592776453	98	144	87	click
1370732040421	31	152	314	click
1366626710360	87	485	316	show
1368381495087	134	135	370	click
1367903269261	43	920	244	click
1372790291230	145	718	462	show
1368142138574	76	730	168	click
1372388293017	49	161	74	show
1368801456143	8	173	339	show
1368155635560	33	265	60	show
1371331258631	111	994	350	show
1366463667700	17	538	113	show
1370287091438	130	740	430	show
1370022476253	85	388	11	click
1366728136256	123	374	456	click
1370797469926	123	922	278	click
1369331608569	140	511	363	show
1369280546381	14	989	104	show
1370381353748	143	384	226	click
1370516711273	76	901	320	show
1369853703794	20	547	185	click
1368687162197	138	230	345	show
1372892050329	7	394	101	click
1371206382152	140	777	296	click
1371724425195	13	917	305	click
1373086824186	137	782	56	show
1373289854232	138	637	91	click
1374094348428	116	537	198	show
1368073852671	148	241	214	click
1370934448446	115	103	16	show
1370978867948	3	897	453	show
1372475221876	99	170	20	click
1372846234536	83	986	252	click
1372387102147	118	941	196	click
1372741942909	103	263	291	click
1368559905771	129	332	484	show
1370494237643	125	575	368	click
1371266392001	98	411	75	click
1369715390508	118	825	456	show
1366472344876	81	21	400	show
1369795888907	50	256	402	show
1367424536335	17	99	398	click
1371383584870	147	230	52	click
1369980052643	8	461	275	click
1370834352258	149	140	116	click
1373451869012	143	586	444	show
1368784726816	104	119	11	show
1372843807424	6	718	47	show
1369585806714	73	495	117	click
1370854259010	145	811	40	click
1369437306615	16	184	462	click
1368099621821	88	633	123	click
1371236524460	48	224	414	show
1366432649063	1	860	169	show
1367727674029	119	931	280	show
1372129586620	18	703	374	click
1373602199465	125	865	405	show
1368201134996	44	768	150	show
1368359911536	145	307	360	show
1372742500908	104	638	77	show
1367848854974	103	382	61	show
1370779072639	37	132	229	show
1366752994084	62	644	227	show
1368349144541	17	385	50	show
1370853156697	92	703	126	show
1371970089386	114	315	416	click
1370815060203	26	114	141	click
1368668818164	38	514	43	show
1372317370482	27	138	461	click
1368613002647	105	431	377	click
1367943767044	41	275	455	show
1370520054386	25	740	249	show
1368220038344	114	88	470	show
1369394385750	13	275	343	click
1371734961641	88	298	247	click
1368396126114	135	466	458	show
1373042598697	80	94	60	click
1369093526792	50	511	128	click
1373401932752	93	565	286	show
1369010981251	5	55	39	show
1370102755234	42	201	236	show
1369999340592	113	436	163	show
1370564703360	86	499	252	click
1366423611856	11	781	251	click
1369964741670	86	117	421	click
1369095268511	146	730	358	show
1368916517978	68	45	186	show
1366789472192	49	19	286	show
1369044575104	138	787	242	show
1368602320957	133	65	48	click
1373179974973	142	28	118	click
1367445580864	76	918	212	show
1370956741045	106	175	213	click
1371839966113	80	882	270	show
1374148205761	116	901	81	show
1368793357219	35	193	80	click
1370991609476	19	379	76	click
1371935935979	109	685	239	show
1373607913058	129	469	492	click
1371446616858	35	221	75	click
1366566839626	144	502	374	show
1371528474917	126	574	6	click
1366801219827	54	229	497	click
1370755555563	125	39	337	click
1372762732879	50	708	376	show
1373653551965	80	799	25	click
1370051486491	119	852	16	click
1368938540254	39	466	487	click
1368021910371	34	460	400	show
1372791933096	18	104	441	show
1368016121716	40	510	370	click
1372392180491	92	73	353	click
1366692929365	94	817	53	show
1368643013807	52	150	82	click
1372779660850	67	155	331	show
1369553750263	121	280	26	show
1370926072641	96	28	411	show
1373022224245	96	887	397	show
1371543724299	78	85	420	click
1372626306506	56	208	440	show
1371399741915	150	734	493	click
1372422914120	120	690	497	show
1373005622116	45	688	418	click
1369680286143	72	427	14	show
1372350488884	35	835	46	click
1370573245609	101	990	24	show
1372709075283	138	899	161	click
1368329925617	41	219	141	click
1369823166250	32	952	9	show
1372032841153	26	101	191	show
1374202683649	126	423	346	click
1366415736183	90	279	132	show
1369727071624	94	908	481	show
1368260919884	69	665	15	click
1371276274385	129	464	211	click
1367953714571	114	555	328	show
1370712133760	46	280	31	click
1368416487507	56	447	309	click
1374086429622	124	323	302	click
1366644676489	92	102	403	click
1368042332990	116	374	257	show
1368628314460	46	744	246	click
1367386001243	120	479	59	show
1369830065915	42	525	364	click
1369919298064	118	524	156	show
1368675915647	48	675	91	click
1369280649927	111	358	445	click
1374106973775	103	688	461	show
1373883235413	81	249	398	click
1370785985683	10	985	321	click
1368024731144	134	242	327	click
1369265689685	72	776	234	click
1370078239298	42	799	280	show
1369724069622	113	515	192	show
1370769836346	136	200	130	click
1373033010145	76	779	241	click
1373878605275	12	140	4	click
1373748169782	89	375	314	click
1370290686810	12	108	418	click
1368198807643	49	95	289	click
1368109021371	70	214	330	show
1372881762808	119	167	466	click
1372041205666	128	417	33	show
1367589654552	139	265	453	show
1373140380906	21	835	157	show
1367810853580	57	779	315	click
1372404905146	142	730	475	show
1368838217619	30	841	312	show
1368430808527	10	459	194	show
1370175180585	96	981	297	click
1371989540019	57	354	333	click
1372273587877	24	368	458	show
1374168392801	64	914	86	click
1368150004757	134	371	312	click
1368331001521	61	196	466	click
1372703131874	6	317	434	show
1372536954126	109	883	392	show
1366380143975	75	67	230	show
1368650833242	24	82	210	click
1367529868198	80	982	427	show
1369916474099	65	865	120	click
1374010974525	17	719	163	show
1374131402784	10	710	113	click
1373896420802	44	694	218	click
1371255971363	137	941	94	show
1368457282902	90	539	174	click
1370978099561	78	730	402	click
1368873366561	139	153	369	click
1370351531026	140	864	102	show
1371137712583	19	434	119	click
1370005745523	63	760	484	show
1373854387287	14	696	46	click
1368339412480	49	881	442	show
1373272218711	81	284	218	show
1370101292292	101	532	260	show
1371022923560	71	421	294	show
1373097225363	46	319	80	click
1371547810487	34	659	152	click
1369500137450	104	671	153	click
1367251080692	146	146	321	click
1373340629928	50	124	52	show
1369824089436	106	387	294	click
1373019793800	69	246	20	show
1369765071159	60	328	385	show
1366722309961	132	559	443	show
1374009643340	91	149	252	show
1372275407512	69	671	196	click
1373500744439	147	38	20	click
1369416552283	48	543	292	show
1367087855649	69	480	494	click
1373572726195	14	512	238	click
1366382534187	51	867	213	click
1370709585723	112	41	335	click
1372541222920	116	530	349	show
1368520212953	91	823	484	click
1373242635416	121	775	146	show
1371284946486	117	774	114	show
1372694144715	111	602	126	show
1371056294792	10	193	181	show
1368570300782	48	665	334	show
1373977996616	9	670	13	show
1367456141295	101	880	277	click
1366618055724	91	540	153	click
1371714475214	33	219	108	show
1367799079144	3	615	221	click
1369116836622	70	446	414	click
1370923064593	101	26	57	click
1369684171015	91	790	40	click
1374144801688	20	333	436	click
1367301252632	66	714	173	click
1370119542730	56	196	338	show
1368109779645	17	140	484	click
1371523355901	40	940	46	show
1367978486273	2	354	456	show
1372643340789	80	190	414	click
1373491452427	121	734	206	click
1370262944887	32	803	493	show
1368528872530	50	714	295	click
1372056242061	30	31	361	show
1366516229638	11	311	261	click
1366873027017	92	277	186	show
1369902495192	133	949	47	show
1371928849117	57	448	28	show
1372227457277	122	223	217	show
1368913890110	150	839	261	click
1371925613216	147	874	304	click
1373731646836	27	924	147	show
1373507917830	124	575	347	show
1371721276981	37	576	137	show
1370845054182	106	323	465	show
1368794766713	21	258	330	click
1369628888813	108	132	323	show
1366852317198	23	111	469	show
1368615225572	33	34	376	click
1370605075063	16	78	39	show
1370647983681	94	419	349	show
1366938282547	54	867	91	click
1372198127784	13	289	60	show
1372292469497	145	274	177	click
1368662891211	138	182	15	show
1373288834663	81	310	82	show
1372284817537	145	178	469	click
1371678799938	46	647	142	show
1367067390768	107	709	165	click
1373734607961	147	727	238	click
1370100744220	79	580	90	show
1372509955495	103	947	434	show
1372480698079	102	774	148	click
1368405666222	89	486	462	show
1370976549249	27	707	25	click
1366524629482	98	831	490	show
1369567305624	4	887	350	click
1371875285080	19	966	157	show
1371917285677	133	67	263	click
1370003683070	138	581	176	click
1367778634822	80	651	252	click
1370525123486	139	878	111	show
1369969954381	47	205	12	click
1371777834721	129	422	367	click
1373918561868	34	948	287	show
1368999069964	93	43	134	click
1366576527844	22	941	170	click
1373193443381	100	428	10	show
1369388131040	150	347	255	click
1372812535572	117	187	28	show
1371929724379	44	887	263	show
1372805967234	147	590	302	show
1370753815662	85	569	204	click
1367852721649	73	150	474	show
1370118732932	86	53	229	click
1371222804793	142	569	352	click
1370136953294	6	365	389	click
1372103501134	12	805	267	show
1368000707906	98	762	336	show
1370247430597	91	672	107	click
1370068226269	146	168	262	show
1372846484487	81	745	452	click
1371421004480	83	57	425	show
1370194538289	55	287	47	click
1373469374979	128	979	277	click
1369994800175	40	458	225	show
1366866190345	41	464	167	click
1372897524217	36	992	382	click
1368293917059	118	972	70	click
1367511995315	136	497	132	click
1370289882118	121	218	438	click
1367885464060	52	191	451	click
1371762880172	18	290	88	click
1369408201375	107	235	486	show
1370897360814	4	649	4	show
1368097956798	39	314	468	click
1370681690891	57	463	105	click
1372049876880	104	556	386	click
1368826818235	75	564	101	click
1369642937974	110	301	291	show
1370661593445	8	158	443	show
1370377619728	117	637	217	show
1373108943302	31	484	150	show
1370465621786	26	236	410	show
1370903234712	107	394	360	show
1367094723757	70	451	449	click
1369212180178	132	889	212	show
1366975109363	117	106	407	show
1366759153192	89	164	432	show
1371057360201	27	470	273	click
1370654794189	60	780	41	click
1366864689146	9	314	227	show
1373522605599	129	774	93	show
1372540365385	47	117	93	click
1372829890364	143	821	473	show
1370131887830	142	143	180	show
1370149647315	140	379	488	click
1373875524066	6	439	169	show
1368493971298	91	781	84	click
1370199790696	142	124	104	click
1371825722280	124	438	59	click
1368123906104	92	934	211	show
1374007666640	79	635	234	show
1373673597960	6	541	454	show
1368212828335	86	31	407	click
1369187555120	113	242	10	click
1370324158468	1	422	25	click
1368513737153	47	687	346	click
1370313935188	143	305	105	show
1366702520757	143	834	330	show
1367917632540	6	251	434	show
1371312073185	42	820	324	click
1372789438597	31	929	133	click
1372072198629	53	879	96	show
1373358912084	108	633	151	click
1373444737100	145	790	175	show
1371865286469	100	436	452	show
1373681725514	8	725	276	click
1368916374708	44	662	139	click
1372019632574	113	653	305	click
1373128178617	119	920	225	click
1367851155418	89	846	24	click
1367752277356	78	231	93	show
1368613988222	137	52	362	show
1373507491570	137	589	405	show
1374164004788	122	876	104	show
1368429790771	97	606	338	click
1369914731066	127	540	202	click
1373861698796	21	425	223	show
1371602104426	56	856	466	show
1369230409980	149	59	464	click
1370700309993	59	826	67	show
1366486749962	70	91	173	show
1373043786370	5	900	148	click
1371752124392	49	445	137	click
1372589828211	89	83	18	click
1372387811982	110	218	109	show
1369225758137	11	250	156	show
1369401648157	6	67	38	show
1373889680853	138	382	211	click
1371368177693	24	330	71	click
1372448651859	86	855	279	show
1367269304037	4	315	324	show
1371561026585	147	185	233	click
1370564698222	142	250	214	click
1366660733096	62	363	453	click
1368950457471	2	266	73	show
1370077905907	24	95	5	click
1368904397677	60	787	136	show
1374102926331	116	673	332	show
1369388331084	60	288	90	show
1369536907428	37	219	103	show
1369143781591	118	689	461	click
1369604167351	22	460	420	click
1367309331456	4	433	74	show
1367856785049	143	415	284	click
1371838158663	24	634	280	click
1369952424011	84	878	150	click
1370166668255	29	817	31	show
1366754371816	54	860	438	click
1372089565506	98	374	180	click
1370215233806	19	574	66	click
1370556917505	138	687	364	click
1369048630308	72	847	422	click
1373386703324	19	964	60	click
1366940494588	9	237	208	show
1373319607437	96	332	385	click
1369828790937	141	441	298	show
1373201304444	7	984	268	click
1374074266483	144	719	222	click
1369947046983	95	570	203	show
1368369286796	29	877	60	click
1372574695728	132	605	323	show
1372224071927	70	423	71	click
1368377390319	5	636	431	show
1368038750408	82	410	346	click
1374105963491	76	344	53	show
1371246437568	136	548	278	show
1368813738570	119	812	112	show
1370389087699	92	221	497	click
1370602191201	129	452	334	click
1371444340147	145	470	377	show
1371829752637	65	392	495	show
1370047522964	79	627	424	click
1370804706976	70	825	437	click
1367669642071	78	611	203	show
1373886530924	145	448	280	show
1370360164613	15	997	177	click
1367539289499	124	189	166	show
1373202199908	54	32	258	click
1370566370093	45	38	199	show
1372590597862	32	172	102	click
1367027890057	112	50	287	click
1374015494669	149	508	381	show
1367022612393	119	87	160	click
1368128858581	75	529	452	click
1370681469607	77	237	429	show
1370536368074	18	288	330	click
1373108769070	138	442	53	show
1371291157964	107	674	481	show
1372009575776	6	380	27	show
1369127636328	71	683	439	show
1372967902813	134	213	443	show
1371934327362	35	55	61	click
1368217928250	95	290	327	show
1368145371644	41	501	313	click
1370178302033	121	851	27	show
1366451458116	94	856	491	click
1372013033811	101	686	179	click
1368709296354	29	180	228	click
1366360333977	78	597	217	click
1366784392882	97	554	134	click
1373788370166	99	833	448	click
1370301970412	75	476	43	show
1371402109510	10	705	479	show
1373234848300	135	53	289	click
1373074602866	77	645	15	show
1372662442075	101	625	266	show
1371794282751	34	873	267	show
1367658667561	93	37	193	click
1369429108663	121	871	65	click
1368010794517	137	160	102	show
1369796148894	53	847	499	click
1369789110494	61	394	164	show
1367435948559	5	642	221	click
1373985075811	39	378	131	click
1367808592302	56	43	481	show
1373339817914	12	428	252	show
1373413701259	119	18	77	show
1372838431137	103	807	47	click
1368965125398	45	982	465	click
1370865716351	135	850	86	click
1370204657708	31	236	87	click
1371026878827	30	591	36	click
1372849040376	26	842	101	show
1366936229927	93	628	338	click
1366767088101	45	939	287	click
1368625383831	89	528	87	click
1366660078210	103	695	117	show
1373622351987	106	316	348	click
1373442775184	14	423	275	show
1366811016679	8	468	309	show
1370466532622	16	81	110	click
1373544452750	64	730	444	click
1369367317612	144	967	361	show
1373959818523	46	711	338	show
1366629348630	129	966	148	show
1369887769836	44	112	289	show
1368666419016	98	203	462	show
1367212318212	77	227	409	show
1369655642392	22	817	481	click
1370360331238	128	584	133	show
1373509091265	134	43	105	click
1372938808846	28	975	55	click
1370055337660	144	417	356	show
1372551357478	82	918	145	click
1367276011800	117	180	233	click
1366990286060	19	42	57	click
1371432961840	113	472	204	click
1368203256026	55	237	301	click
1368329079702	101	349	159	click
1374129775667	12	386	347	show
1368868708781	41	141	400	click
1373340137359	92	590	330	show
1366595892348	78	442	274	click
1367280387436	30	282	239	click
1372892713240	25	948	239	click
1367659976958	7	697	94	click
1371093346089	96	599	392	click
1373592665018	135	89	151	show
1372824818171	90	172	452	click
1368606871993	75	986	331	show
1373297768578	9	358	276	show
1370641007173	99	923	251	click
1371206760434	71	619	202	click
1367470155767	24	741	363	show
1368637010341	104	205	304	show
1372004666495	112	780	108	click
1371751059384	45	958	467	click
1367851914903	7	204	229	show
1371691730070	133	859	123	click
1367911775630	75	689	465	click
1371631614435	51	369	95	show
1367157928362	11	538	219	click
1370040131003	108	715	293	click
1368959157506	18	60	122	show
1372183259816	134	312	210	click
1367264461249	103	396	56	click
1367471624017	1	344	18	show
1369000892248	61	34	464	click
1366505548882	136	820	269	click
1367847510917	144	24	340	click
1371948354030	34	170	168	click
1373680587788	115	931	327	click
1373119254745	148	755	179	show
1369862955669	5	617	136	show
1371734851330	35	188	414	show
1367882675413	131	463	373	show
1366895065302	7	903	434	click
1371250916797	60	527	145	click
1367470185109	140	369	96	click
1369303361104	97	765	214	click
1372024303165	57	624	134	show
1370572983709	89	230	70	show
1367071687477	141	122	117	click
1370057335366	123	304	226	click
1368221188206	54	348	459	show
1368699286935	116	541	478	show
1373437373281	75	833	457	click
1367649867880	107	591	182	click
1367571620890	55	346	288	show
1367595110444	54	220	111	click
1373305577316	16	276	95	show
1367482825091	146	397	4	click
1367896846032	16	357	230	show
1370018818573	140	124	476	show
1373714695483	88	499	249	show
1368605702002	25	827	265	click
1369930996054	46	65	364	show
1373293101484	19	621	266	click
1368082995485	132	821	333	show
1369871035447	123	25	431	click
1372334380901	121	459	248	show
1366949346380	78	417	233	show
1368089478826	67	935	224	show
1370015589780	12	470	249	click
1370178478536	41	608	385	click
1369431766814	69	553	412	show
1366472166525	93	28	469	show
1371569991779	4	963	369	show
1369335364965	89	190	195	show
1367927634243	6	396	267	show
1369600451325	87	237	306	show
1372304545829	109	483	80	show
1370608089012	140	37	460	show
1371210922236	1	719	29	click
1372859339371	22	486	208	click
1368797250762	139	154	308	click
1371862510964	64	221	33	show
1371597202505	39	132	29	show
1370635358356	41	137	101	show
1366458913890	15	202	173	click
1370057496930	98	163	168	show
1366588176750	46	786	430	click
1371873792226	112	915	224	click
1372439446448	123	24	128	show
1372386571998	1	916	187	click
1371863496737	140	512	295	click
1371050272181	90	932	226	click
1369093552930	78	36	282	click
1372205484152	24	670	481	show
1371842782777	60	964	453	show
1372216355845	87	502	108	click
1373943805387	124	287	134	click
1366663247559	108	123	294	click
1366372025974	56	276	438	click
1373692036193	143	213	314	click
1370051664113	144	854	211	click
1368583042627	73	375	406	click
1372229460535	116	481	141	show
1372990743961	36	175	329	show
1370182465234	19	508	441	show
1373680760797	94	940	220	show
1369201438272	10	758	152	click
1373468442933	137	102	321	click
1373160127838	131	134	173	click
1372543092619	113	491	243	click
1366514774022	18	753	291	show
1371769628182	68	123	61	show
1371924753129	140	785	402	show
1366347240974	127	573	218	click
1373325450686	11	220	92	show
1368683008643	82	351	369	click
1366486130147	67	966	409	show
1371927749863	135	572	97	click
1368903846862	89	110	303	click
1374119916379	6	147	245	show
1370519521086	84	23	347	click
1367881852767	109	126	25	click
1367099322675	107	523	385	show
1372843296456	5	765	106	click
1367409559574	19	616	294	show
1370072197034	126	622	401	show
1371767588511	135	979	248	show
1367667053888	12	384	309	show
1373283647339	92	987	176	show
1366623602751	26	190	139	show
1373617698876	122	255	181	show
1368123136333	77	916	389	click
1369852502125	117	811	82	click
1367018123603	140	367	134	show
1373040483839	85	486	422	click
1373637016006	24	666	372	show
1367269934103	43	299	235	click
1368258777834	111	451	164	show
1371901413249	69	257	54	click
1371119673666	98	583	145	show
1366763756708	107	35	334	show
1366768439480	130	470	315	click
1368745458822	47	637	113	show
1368978229114	121	984	335	click
1373777169911	149	238	145	show
1368370525192	44	223	360	show
1371814332025	6	770	230	show
1366833926924	97	303	471	show
1366525480643	1	813	97	show
1369093668868	28	915	41	show
1368080213377	144	383	33	click
1368913115384	51	770	497	show
1366737815739	59	998	142	show
1368939350890	72	251	349	show
1372664328240	17	720	101	click
1366753112137	54	494	339	click
1373172410656	94	677	184	click
1372775226126	103	659	429	click
1371613956397	44	344	418	show
1372912278243	43	618	21	click
1369788272033	70	727	115	click
1373878871791	127	498	175	show
1370566360353	58	283	324	click
1371035057109	113	640	339	show
1371418842428	99	923	231	click
1370066113163	85	731	489	show
1368023959980	148	580	454	click
1367163563437	77	639	409	click
1372114870398	112	488	48	show
1368721071358	149	859	396	show
1371882484833	143	864	62	click
1370153112169	54	540	239	click
1368937087461	43	955	105	show
1368619653648	7	648	242	click
1368055813984	28	332	218	click
1368155475629	89	992	452	show
1372053890598	87	616	21	show
1372027707033	117	31	136	click
1370396532465	142	788	202	click
1370729455520	125	740	108	click
1373817474425	17	998	338	show
1373087706477	100	43	138	click
1370953667660	62	816	316	show
1371250432945	141	207	129	show
1371808412008	149	674	453	click
1371513615796	122	626	104	show
1366961127607	142	183	415	click
1368202154645	134	493	495	click
1371047309285	50	502	487	show
1372595407507	123	40	435	click
1368113175973	67	601	82	show
1373030767822	5	41	159	click
1371364539388	47	843	113	click
1370180321505	7	325	171	show
1367196154888	133	189	61	show
1372217706627	120	470	402	click
1372861566181	108	133	167	click
1367258636395	42	939	315	show
1367199198160	135	18	117	click
1370921157777	114	16	384	show
1374040854805	134	681	38	click
1373370422985	77	518	442	show
1372826331841	148	541	381	show
1373253441210	33	815	149	click
1371078439351	118	986	311	show
1372387607344	55	402	116	show
1367550221733	47	844	347	click
1369336650650	51	308	64	click
1372460014354	146	772	60	click
1371532971155	113	758	328	show
1371305698582	104	820	172	show
1368932810970	111	304	37	show
1367534373290	23	41	373	click
1373079046094	32	313	491	click
1366435779216	61	331	48	show
1366417131684	15	654	322	show
1367809157159	123	778	9	click
1370692725465	121	995	72	show
1371987230426	19	778	463	click
1371618443323	146	113	80	click
1369696622397	99	161	419	show
1366404191562	105	727	464	click
1372021595434	54	906	388	click
1372810622375	1	273	271	click
1370662438554	123	176	227	click
1366415761051	24	16	184	click
1369833477593	34	654	346	show
1373881582443	130	391	389	show
1372043497418	105	776	406	click
1368818243199	145	141	481	show
1370483743597	134	742	451	click
1366470855491	31	242	251	click
1369165198711	119	14	34	show
1371351223612	11	715	36	show
1368719220972	140	520	35	show
1367295893454	22	531	13	show
1370317702634	10	785	92	click
1366768330448	127	51	333	show
1373565647556	5	367	22	click
1373737420952	113	103	15	show
1370169844211	54	530	81	show
1372386172841	84	735	241	click
1367978328699	45	625	236	show
1370921811789	98	44	463	click
1372696218789	57	68	430	show
1369039538869	92	711	330	click
1374143417934	30	980	354	click
1372018581896	46	576	424	click
1368738324413	71	384	307	show
1374125218933	114	435	477	show
1369629472662	111	161	254	show
1369346804606	76	571	411	click
1371086531078	22	772	411	click
1368002202518	129	649	123	click
1372449168345	15	233	235	click
1369584219327	2	381	155	click
1369192490578	150	390	342	show
1368953181119	80	606	169	show
1372317510022	116	486	30	click
1368263921614	111	611	484	show
1370091532035	40	4	489	click
1370529517391	131	971	44	show
1367074959862	3	493	92	show
1373009137954	99	733	193	click
1372621089461	25	793	149	show
1369666675336	25	98	93	show
1367607864267	21	734	146	click
1368927657855	145	75	388	show
1367601407538	87	343	256	show
1370555020295	131	905	317	click
1372771659062	105	972	393	click
1373109713036	122	543	164	click
1369532170293	115	617	98	click
1369910615088	103	448	216	click
1369786558754	61	234	220	click
1373805176569	121	306	77	show
1370850846247	47	472	436	show
1367358396479	116	305	182	show
1370720522251	52	80	103	show
1366897700336	40	153	318	show
1369842444170	53	477	59	show
1370524183053	89	232	347	click
1373713916479	85	908	288	show
1366903358585	26	574	162	show
1370809297779	88	425	356	show
1372066416188	121	474	240	click
1372127661337	85	807	324	show
1372100013152	14	33	73	click
1371013143282	100	846	51	show
1372190504250	126	443	343	click
1366891815665	119	801	144	click
1367544016278	14	823	163	show
1369642550251	73	525	50	show
1370967929886	53	429	425	show
1368123813149	67	508	46	click
1373480809420	35	918	179	show
1369367860319	81	852	269	click
1374186537351	103	919	436	click
1369039279750	125	778	477	show
1373642236675	73	453	451	show
1368398235319	70	316	205	show
1369142212970	54	345	153	show
1372588964470	47	870	157	click
1371325255159	32	907	445	click
1367202100681	79	981	33	show
1366771662774	67	143	91	show
1371171915009	3	420	237	click
1369188996176	147	165	224	click
1373914215468	87	806	8	click
1370900203423	90	67	402	show
1373217851905	100	980	367	show
1369351487447	145	956	152	show
1368660836026	60	368	180	show
1371142397724	108	400	170	show
1372789542552	85	266	472	show
1368907288225	120	621	162	show
1369281388964	47	971	230	click
1367858276231	108	625	437	click
1370109051716	138	973	486	show
1366951425377	46	441	405	click
1369508810910	150	45	468	click
1370187802925	84	458	396	show
1367367958082	101	986	195	show
1367453445757	40	637	370	click
1370394227068	84	110	118	click
1374131192625	54	872	56	click
1369885185355	127	652	142	show
1366656086876	75	282	410	click
1370345142760	52	394	472	click
1370533733166	76	35	91	click
1368370439246	69	250	456	click
1372618855238	132	756	450	show
1367083630043	70	278	150	click
1366836736582	144	235	66	click
1371482607790	38	469	375	click
1372917152355	1	598	179	show
1366942091372	118	257	156	click
1366971665496	150	331	363	show
1369964365389	115	236	15	show
1370402158152	103	676	364	show
1370058788386	140	670	487	show
1371832176316	21	15	42	show
1370142554637	62	498	8	show
1373625745110	7	253	219	show
1369593005708	15	94	106	click
1369785521086	30	651	477	click
1369840570276	140	788	369	click
1371149015010	77	326	207	show
1370034675463	59	151	274	click
1368429670308	118	698	273	click
1368027182610	50	764	399	click
1366631279752	149	100	359	show
1367535597399	99	29	497	click
1368831129225	66	510	48	click
1371536116319	110	534	61	show
1370687018956	73	51	444	show
1374035489023	118	767	90	click
1367123705775	79	457	356	click
1371838920037	124	737	25	click
1369598154917	9	286	131	click
1368739881236	111	762	229	click
1374092624655	121	710	26	show
1370465452589	24	39	43	click
1366615779454	60	783	432	click
1373936789785	135	237	282	show
1374054859426	41	129	393	show
1368508820747	94	198	78	click
1367782608987	146	631	486	click
1372904758276	53	585	136	show
1369157206913	13	220	387	show
1369139448534	103	733	109	click
1371166872869	93	610	199	show
1367409063023	66	293	42	click
1372455371177	69	965	293	click
1373999878200	145	115	61	click
1373490337018	75	77	474	show
1371353938211	71	815	460	click
1372240108932	10	439	169	show
1366914508243	15	674	106	click
1373986233189	1	460	451	click
1373899132998	65	529	120	click
1370643148479	96	766	121	show
1366591580267	24	114	440	click
1373589131739	106	587	282	show
1367976798819	149	864	353	show
1366557851716	109	942	199	show
1371400031597	29	915	432	show
1369410581308	138	982	451	click
1370287093707	98	174	362	show
1372340453727	133	286	82	show
1372810770729	103	351	363	click
1371399914069	39	534	468	show
1373076123061	133	399	355	show
1372720985302	145	387	291	click
1367390066315	99	427	407	click
1370899476785	57	345	220	click
1372458704744	42	919	430	show
1366374695682	99	815	234	show
1366658844457	83	287	199	show
1373477841723	76	573	36	show
1372854790558	15	642	246	click
1371304565992	50	724	214	click
1371136352940	7	851	245	click
1368956607019	119	230	399	click
1366996401481	122	717	96	show
1367298141781	43	312	197	click
1373092438454	115	728	398	show
1373294597498	136	451	498	show
1372561012155	135	50	245	click
1374025567179	144	835	371	click
1373340921334	27	556	216	show
1368254028505	67	321	224	click
1371725155974	84	44	100	click
1373329769331	34	523	173	show
1370980056166	59	206	365	show
1367635505216	16	297	227	show
1368833041291	95	674	53	click
1371144143659	5	153	116	click
1367939030171	33	84	384	click
1371574528027	147	850	152	click
1369563481106	113	792	417	show
1368949965481	142	39	29	click
1372152634080	18	26	138	show
1366809071567	78	12	247	click
1372830267746	110	124	333	show
1372925569034	67	463	374	show
1373003988235	84	627	285	click
1372245939082	43	147	154	click
1373950662463	81	890	464	show
1367775937022	75	200	57	show
1373313355278	87	398	128	click
1370233349131	81	844	157	click
1369008856755	22	317	201	show
1367872108654	16	561	92	click
1371794328551	82	583	158	click
1366665128414	124	689	261	click
1368624804506	35	418	451	show
1367792256938	87	830	370	click
1370600262738	6	991	497	show
1372709172604	132	57	491	click
1373077884929	55	772	498	show
1366580318537	150	125	337	click
1370826866124	83	332	339	show
1371384319802	92	338	346	click
1367188131091	37	191	87	click
1373916875687	36	757	165	show
1370740246554	7	726	377	show
1367973353310	117	95	294	click
1367750570970	140	361	203	show
1372646570625	104	147	289	show
1366865831029	46	433	488	show
1371937999433	109	903	8	click
1368465219352	111	636	41	show
1367813614542	25	304	33	show
1373621159521	91	498	467	show
1373281889530	89	561	207	click
1369504034256	120	960	493	click
1373570405759	7	177	418	show
1372386435373	141	123	329	click
1368383827007	96	245	162	click
1367009034940	61	915	471	click
1371895477783	67	67	169	show
1373462505740	102	951	201	click
1372381840396	27	764	243	show
1370796696077	33	537	167	show
1372970436834	116	35	183	click
1373639935254	38	195	362	click
1368290926842	138	634	304	show
1371257143056	63	885	115	click
1369127078726	73	602	83	click
1369211436633	76	25	173	show
1369497433610	55	910	129	show
1371484759559	78	996	399	show
1369160689055	76	534	84	show
1372152552241	107	827	42	click
1371022421479	140	10	451	show
1373203573827	140	583	451	click
1371866251228	146	23	260	show
1371524745574	56	981	57	click
1371527287544	16	68	38	click
1368302692582	16	144	351	show
1373820458729	118	140	37	show
1368700993357	65	92	490	click
1369337024228	41	901	33	click
1369597736056	39	621	456	click
1370353630480	38	835	472	show
1367159153340	113	583	302	show
1373603760001	32	798	316	show
1370028641312	127	440	142	click
1370610211837	134	252	167	click
1370316794294	80	825	267	click
1371028312168	13	459	474	show
1366545043349	9	474	56	show
1370580795076	99	443	352	click
1368795174670	102	309	167	click
1373611812417	133	754	405	click
1367093933229	84	817	344	show
1368736111284	46	7	158	click
1368839937571	20	163	39	show
1367327683663	39	488	311	show
1370811590517	31	732	324	click
1367430164941	131	156	47	click
1368864651084	57	691	101	show
1370144081092	77	155	23	show
1370691861517	31	451	271	show
1373320082561	11	498	458	show
1368005054395	112	828	11	show
1373428780794	14	21	218	show
1367147846268	120	209	450	click
1371937240176	13	110	446	show
1373758365148	90	186	2	show
1368209110007	53	603	246	click
1372462416287	119	69	355	click
1372871531057	99	881	103	show
1369303736012	72	549	283	show
1372410651446	1	35	104	show
1373379463413	84	461	333	show
1373527316099	138	495	1	show
1369869336727	84	826	177	click
1368822478617	111	527	232	click
1367379745048	6	695	73	click
1370434985736	143	824	159	click
1372017960879	20	437	464	show
1367878568784	20	485	78	show
1369925892786	34	458	449	click
1372904496535	140	935	455	click
1373286219972	67	102	22	click
1371459611017	50	175	216	click
1371041087539	123	450	268	show
1372427575921	81	418	357	click
1369255940286	69	866	153	show
1367106451920	119	7	197	show
1366783850093	50	824	111	click
1370982356938	70	344	213	show
1371326272788	106	60	164	click
1371880371468	87	407	81	show
1373030740497	50	1000	299	click
1372000659956	39	260	225	show
1367249834231	90	526	160	click
1372032072833	142	306	480	click
1369513287809	130	663	185	show
1372653432941	118	566	486	click
1368242716079	51	676	459	show
1371987806298	57	961	362	show
1372760326727	109	298	318	click
1369918001614	117	105	13	click
1371446915008	99	116	413	show
1369732504746	57	864	429	click
1370163902986	29	87	370	show
1372420001124	82	447	387	click
1370557416244	122	229	476	click
1367684615956	80	288	165	show
1369986774252	70	9	316	click
1367047794518	127	921	230	click
1373225451697	79	373	498	show
1369868531431	138	611	349	show
1368970902361	7	682	320	click
1369513608620	81	656	75	show
1370199050695	63	653	142	click
1369523046309	20	806	424	click
1368060052977	121	749	188	click
1367827689092	88	147	396	click
1368027635012	39	656	197	click
1371931076681	148	370	383	show
1371360337475	117	358	392	show
1369972157371	136	704	112	show
1370847586198	108	782	318	click
1372562333343	108	611	429	click
1367476543209	131	649	212	show
1370163980558	26	342	393	click
1373601017132	34	447	392	show
1369477191817	31	448	3	show
1368420688505	142	917	105	click
1372318040429	46	640	148	show
1373092846386	71	801	145	show
1369837494996	17	985	400	show
1372708265681	62	307	376	click
1371044013825	2	29	28	show
1367504289267	22	511	62	click
1371593388465	128	606	441	show
1367111778518	135	947	357	click
1366406893584	38	248	40	click
1372691444984	53	56	13	show
1369953883022	36	480	228	show
1370205245702	24	145	276	click
1371540257900	144	552	153	click
1366680998050	50	860	374	click
1373827469066	47	159	131	click
1371579478032	128	610	249	click
1373146232562	98	156	406	click
1373583058708	94	211	319	show
1368984064581	118	83	420	click
1369013938226	138	561	6	show
1370657768875	115	66	117	click
1374000453058	53	864	5	show
1373110546413	98	452	428	show
1366742037506	87	438	63	show
1370364307173	97	863	484	show
1369731953942	97	706	185	show
1370373775503	102	338	436	show
1367810070910	69	150	379	show
1366528387081	1	564	303	click
1367972770632	127	699	113	click
1369933649469	7	770	84	show
1371597346013	37	126	12	click
1370149081679	143	462	326	click
1371290546208	50	482	500	show
1369309925869	146	909	174	click
1368869527338	52	305	244	click
1366401130509	4	518	433	click
1373567566681	118	432	32	click
1368461999024	45	366	455	show
1373883497356	17	351	243	show
1370247424333	102	939	316	show
1370774770639	108	231	103	click
1369512307814	76	547	465	show
1368921078856	48	201	27	show
1373970677778	50	748	40	show
1366608133548	68	784	450	show
1368249924303	52	539	496	click
1371977770676	61	719	152	show
1366506898441	70	329	320	show
1366931853048	109	567	441	show
1373311930629	129	306	285	show
1374054673329	42	741	139	show
1369283391818	94	256	184	show
1368710588095	73	980	290	click
1369278456484	117	89	305	click
1372640103027	99	758	24	click
1372239223723	124	432	24	click
1369113425300	130	638	151	show
1370385104023	67	157	32	click
1370414603918	133	175	186	click
1373445960594	122	604	274	show
1366829242598	123	401	350	show
1368530036207	36	189	441	show
1370788036830	95	184	12	click
1368428826069	74	871	286	show
1373182657656	143	393	296	click
1372212160823	138	990	166	click
1367867186782	39	75	288	show
1372997443392	20	801	497	click
1373011486960	79	850	49	show
1372237122231	116	438	27	show
1366905843252	137	544	190	show
1371249444770	129	325	308	show
1371891744091	89	759	189	show
1367516464388	90	556	185	show
1370981797306	120	471	330	click
1368083454950	30	800	237	click
1371039148539	31	957	440	show
1369228691455	108	180	110	show
1366713006323	34	254	154	show
1366369928083	137	740	281	show
1369675676833	32	499	396	show
1371233469012	33	897	56	click
1367011333538	93	787	227	show
1372497883430	52	443	82	click
1369650574786	30	724	453	show
1372364857894	93	90	24	click
1366415954110	35	166	391	click
1367086072530	140	636	468	click
1368869454733	42	344	203	click
1368590761932	122	766	291	show
1367387476678	20	76	23	click
1371315217734	60	373	1	show
1370560709470	101	665	341	show
1373653263548	121	936	295	show
1367639997898	128	875	262	click
1369822319327	52	43	413	click
1370560330419	38	983	407	click
1369153995277	9	787	219	click
1366408177063	28	783	291	click
1369381844924	125	605	99	click
1366351754574	84	766	133	show
1371304584622	127	484	477	click
1373556482287	71	102	399	click
1366371508530	47	543	77	click
1371584632286	77	96	223	click
1370445417461	38	562	293	show
1368064699175	9	639	112	click
1367389582114	138	371	387	click
1369677086434	92	895	209	show
1373426752485	135	47	128	click
1371342111726	144	112	342	show
1367256527689	53	192	11	click
1373936030951	106	964	261	show
1369383606536	75	703	364	show
1367064589746	144	78	70	click
1372348240210	103	799	56	show
1366684299775	13	673	420	show
1369264244768	57	346	413	show
1371403720667	138	811	426	click
1371304744155	93	298	398	show
1368265996914	122	957	203	click
1371931953193	150	46	226	click
1371488383086	128	635	126	click
1371361165750	117	523	43	click
1367770511010	28	412	426	show
1369734105040	17	717	217	show
1369269038106	100	839	35	show
1367450801531	126	549	88	show
1372028119248	129	335	441	click
1372246607705	75	784	70	show
1370089888085	97	39	182	show
1374178229226	19	939	481	show
1369909744257	33	863	455	show
1373722007047	56	166	394	click
1367603278468	51	607	492	show
1367135169212	5	88	392	show
1371919807668	70	418	382	click
1372825305173	126	350	425	show
1371570734004	6	448	199	show
1370384197117	85	927	199	show
1372179208584	129	840	56	click
1369822242804	121	319	500	show
1370527130893	90	63	85	show
1370302163631	40	717	456	click
1368821049938	83	434	141	show
1370488324489	140	655	225	click
1372360978113	142	413	464	click
1373476496950	64	371	133	show
1367839330382	126	433	497	show
1373248513575	55	726	282	show
1369853682618	121	235	189	show
1370390803855	31	762	500	show
1371304401646	139	282	232	show
1371927519648	41	831	248	show
1372227270903	141	908	129	show
1367194673073	46	206	2	show
1368059097549	10	326	475	show
1370439422467	3	192	166	show
1372912519715	64	518	378	click
1370985131071	121	864	344	click
1368614325250	37	848	236	show
1370890396231	96	375	480	show
1366686621414	37	682	185	click
1372101204709	46	772	228	click
1372085121088	34	68	373	click
1372811835585	87	77	243	click
1370681300818	115	870	153	click
1366490518974	113	234	127	show
1371200737976	36	964	449	show
1371052838447	47	9	238	click
1369888351498	45	283	226	show
1372249642280	3	257	310	show
1373814170458	1	193	36	show
1372837905433	76	424	444	show
1367862942924	128	81	410	click
1368913133023	108	897	342	show
1369329920702	54	807	399	show
1372170887760	68	613	154	show
1370263822884	7	817	81	show
1368153676024	92	827	179	show
1368214406109	101	727	301	show
1371386030355	40	124	426	click
1372694065514	142	976	306	click
1374144882419	113	91	383	show
1372076947318	148	671	161	show
1372150667316	111	710	215	click
1366571961716	11	794	482	click
1372618079131	107	201	225	show
1371541193253	147	143	444	show
1369413066242	26	155	411	click
1367433864184	139	555	16	click
1372049141136	10	110	487	click
1370328895395	102	517	28	show
1367431836530	98	798	296	click
1366453886761	44	203	281	click
1373056482334	76	745	64	click
1373245819917	91	966	79	click
1370188283033	55	239	365	show
1373681009533	29	36	11	show
1368715153595	38	474	264	show
1369630205075	22	992	185	show
1369754266773	141	904	321	show
1370550950535	49	839	457	show
1372633917131	10	788	174	show
1370347598839	74	313	293	click
1372878447152	24	698	371	click
1373221498987	21	772	385	click
1371215799926	42	325	139	show
1368112700968	56	450	395	show
1366522955472	7	286	86	click
1374192895662	103	49	60	click
1369651385272	125	722	356	show
1370886838865	137	650	442	show
1367632804005	146	861	370	show
1370695225431	38	354	245	click
1368517655596	38	462	495	click
1373874727742	128	390	380	show
1368506076788	24	409	363	show
1369431108783	117	521	304	click
1368409256535	104	924	276	show
1368670039878	69	871	412	click
1373888799680	96	712	440	show
1372758030242	133	983	135	click
1366557427770	42	37	352	show
1367175087874	1	219	454	show
1373928168377	21	655	145	click
1373186178329	91	928	6	show
1373537018904	72	166	142	show
1372068224609	127	91	347	click
1372275937315	136	371	209	show
1372091002997	19	632	102	click
1374039661090	135	354	182	show
1366875812383	88	797	96	click
1373473162912	91	687	381	show
1368971595182	104	527	91	show
1371177379982	110	641	30	click
1368304856081	135	625	347	click
1370759767354	57	25	143	click
1373343825588	94	677	335	click
1369298117459	144	180	405	show
1371670120071	110	886	442	show
1368265946910	71	506	107	click
1372646557992	149	395	464	click
1368518797157	30	668	355	show
1372423025533	59	241	390	show
1368935940799	115	84	423	click
1368080814568	119	287	390	show
1369401448291	83	149	260	show
1366731524186	81	736	203	show
1373697704574	104	565	37	click
1367706740227	150	650	496	click
1368628161012	23	193	312	show
1373341355964	72	432	401	show
1372996936742	64	450	156	show
1371778986085	138	963	202	show
1370336953349	100	994	69	click
1367505447330	64	954	16	show
1372989173464	39	952	168	click
1366888121703	140	919	315	show
1370238346904	52	397	41	click
1370595943345	38	500	402	show
1368016433749	12	183	226	click
1370504369523	13	636	178	show
1368104946778	58	518	146	click
1372556215332	23	884	200	show
1371474925168	47	424	364	show
1366898308451	12	368	403	click
1366725174434	33	70	80	show
1373283657620	111	333	42	click
1368439400293	124	601	16	click
1369978875258	74	847	165	click
1366590835981	24	151	175	click
1372569963526	119	295	164	click
1373642885838	10	137	81	show
1366828887969	45	199	181	click
1371067157025	11	525	435	show
1373172500129	43	142	306	click
1371996716192	30	399	277	show
1372061824994	78	186	480	click
1366968633298	89	889	109	show
1369122444361	19	392	356	click
1370891482009	57	91	460	click
1367800207325	132	216	242	show
1366693301576	137	107	297	show
1367099440158	138	646	149	click
1371964001354	133	835	254	click
1372750770186	1	766	349	show
1367403389367	132	471	57	click
1373635041067	130	272	132	click
1368761017438	48	188	317	show
1367925902949	75	464	448	click
1371597077341	92	134	274	click
1373848446957	42	977	31	show
1368679053069	58	104	345	click
1366544877774	6	787	95	click
1367843786483	41	998	422	show
1369495384407	132	38	248	click
1371889259535	92	545	268	show
1368131117384	4	557	263	click
1369734248954	134	262	199	click
1371175424788	144	166	299	show
1368068387978	141	862	269	show
1373162785179	137	818	493	click
1366948236355	100	417	209	click
1370614651254	35	100	479	click
1369795258364	108	663	70	show
1367242544310	40	127	203	click
1366543960414	49	721	152	click
1369681606470	111	793	356	click
1367196553465	139	855	106	show
1374041682822	92	404	145	click
1370399769789	59	390	307	show
1369146528072	123	242	204	show
1374020985860	22	230	231	show
1371583307041	117	825	435	show
1367384672823	82	176	64	show
1373082005975	144	395	46	click
1368712063479	121	83	93	show
1373475313771	23	316	295	show
1373990285698	124	939	288	show
1371163020601	28	522	392	show
1372183199904	142	463	287	show
1370624928087	52	963	403	click
1367636591737	22	559	203	click
1370904803042	67	764	110	show
1372335262311	42	194	240	show
1372601737332	50	676	390	click
1369386000601	134	396	122	show
1373060519956	77	956	58	click
1373912286956	114	660	359	show
1367478895522	39	136	147	click
1373173507357	107	677	239	show
1371874060632	124	451	245	click
1369888917895	123	170	393	show
1366394878865	103	519	252	show
1368005783403	88	845	157	show
1373360463309	5	680	291	click
1372023893027	76	451	108	click
1372831540712	25	620	155	show
1368810023151	27	134	12	click
1370715858070	74	115	297	click
1370768884240	46	895	492	show
1373397538771	140	240	127	click
1367641592022	16	45	379	show
1368284772647	147	663	464	click
1366393564029	40	413	357	show
1369213242479	103	630	397	show
1371414457137	95	579	87	show
1369319279413	80	5	18	show
1366398405263	62	667	241	show
1368063840243	147	134	476	click
1372889247118	55	72	396	click
1373723463562	32	801	178	click
1373677762633	80	689	421	show
1372161548296	108	333	405	click
1371256807578	36	736	338	show
1366809098665	28	422	212	click
1371497900543	49	523	264	click
1370950578430	51	181	450	show
1367377478224	76	42	328	click
1370293142255	66	513	328	click
1367615268044	98	733	101	show
1371403006859	12	192	256	click
1366768515205	147	197	420	show
1373643452839	25	810	368	show
1369770599862	141	591	477	show
1368452451175	4	315	327	show
1367928462852	13	950	377	click
1371342711965	98	475	151	click
1370722602411	37	44	450	show
1372543729415	67	261	105	click
1372611392339	147	992	430	show
1367203368364	110	677	453	click
1370502050375	116	165	462	click
1368007326667	96	927	140	click
1366506413837	149	389	290	click
1374127985383	28	975	42	click
1372928178826	69	277	160	show
1371468619415	107	96	338	show
1367729260054	51	366	91	click
1369073214901	78	774	258	show
1374010645582	136	369	148	show
1373536403627	17	117	277	show
1373540594583	112	381	314	show
1369696806414	21	67	475	show
1371224825468	24	128	155	click
1372449520771	121	821	188	show
1370015030980	101	248	216	click
1368665660754	146	313	282	click
1368050149475	31	946	163	show
1373721870995	98	469	337	show
1372809590911	123	587	207	click
1370786750401	142	724	425	click
1370400154533	81	609	318	click
1368692368950	124	601	265	click
1372752020759	3	320	475	click
1367316365041	4	437	388	show
1367545869393	140	516	124	click
1373852050764	47	237	207	click
1369878228076	79	406	170	show
1372962534333	57	46	71	show
1369648280198	135	108	442	show
1373421371172	69	188	1	show
1370239706017	146	632	114	show
1372143483223	125	301	34	show
1367665767214	18	597	176	show
1371792910400	68	759	127	click
1366628557315	6	176	11	click
1372842569632	70	465	498	click
1368382743855	129	33	255	click
1368090878209	9	503	482	show
1370916618752	50	833	190	click
1371414153547	30	255	281	click
1369505707638	89	158	161	click
1370082219480	111	346	443	show
1370590696518	127	686	43	show
1373636286793	128	740	156	show
1366793299296	127	963	140	click
1368556278890	97	270	390	click
1369443420177	47	144	73	click
1367505748331	93	930	312	click
1368205701211	80	651	301	show
1368974291091	87	433	8	show
1367372482679	73	994	478	click
1368903782097	8	394	116	click
1366669485969	146	49	444	show
1369277525475	47	158	422	show
1369324300913	131	345	19	click
1370860905565	113	511	104	show
1366344007646	21	277	360	show
1372464139802	64	89	190	show
1371927113734	94	967	167	show
1372705380298	46	888	83	click
1369407179316	19	793	407	show
1371476985617	143	783	192	show
1369661325163	68	276	200	click
1367819343083	59	42	49	click
1373442598027	16	965	245	click
1371463845809	41	804	107	show
1367783802436	77	119	109	show
1372956917619	110	891	491	show
1373037634178	79	656	352	show
1372836760908	33	553	315	show
1371435226140	3	325	291	show
1373501594361	128	663	261	show
1369149152669	7	597	154	click
1367527090822	135	569	268	click
1370913303204	114	901	267	click
1366732664097	144	754	404	click
1368108545032	82	467	277	show
1372938822483	140	619	203	click
1371933130800	133	834	325	show
1371969366603	100	816	243	click
1366653542642	114	477	266	click
1373372715904	45	120	350	show
1369883257718	14	363	215	show
1367017690333	23	1	250	click
1369892311225	4	383	215	click
1368719810806	18	680	238	show
1367506036321	127	903	332	click
1369983091666	31	793	471	click
1370725659378	106	669	168	show
1372079613416	125	659	473	click
1368799173471	131	195	324	show
1369285032484	119	255	374	show
1373227032191	61	317	433	click
1372034963469	16	432	259	click
1373621108509	45	550	203	click
1369848351360	39	207	105	click
1368439052105	42	540	360	click
1372964679830	110	721	437	show
1369734427974	123	425	366	click
1372269284538	43	126	100	click
1374000291840	30	649	488	show
1368057954098	124	889	371	show
1371424924379	55	841	261	click
1367723138420	106	378	441	show
1371528109580	64	689	477	click
1367166232794	70	390	192	click
1366615263835	107	403	209	show
1368089107649	34	299	493	show
1366745929265	60	104	92	show
1370234485784	143	377	178	click
1371772358578	33	607	268	show
1367215464935	91	66	57	click
1373294243423	13	527	235	click
1370355375718	43	203	181	show
1370057394657	10	23	111	show
1372904157933	122	899	7	click
1372507500236	14	925	190	click
1366602464465	10	549	256	click
1366408864974	149	940	369	show
1373889019793	118	937	234	show
1367760490538	121	71	434	show
1371254512556	10	897	410	show
1371287709852	48	43	93	click
1372251402036	82	706	12	click
1370637608245	148	238	292	show
1367660956558	73	260	29	click
1367820600762	106	548	66	show
1374116141336	85	613	173	click
1372107713736	10	236	417	click
1368909499992	38	212	163	show
1373553989012	71	340	68	click
1373969432885	133	126	348	show
1368947582105	13	499	27	click
1370539804829	91	629	322	show
1369823649621	118	66	265	show
1368821253051	64	794	268	click
1372443982074	58	409	310	click
1368860919043	54	139	150	show
1368852058079	106	348	109	show
1367626889448	144	950	438	click
1371903164108	49	672	100	show
1373252299757	9	282	163	click
1370655201489	48	585	78	show
1373479521698	76	680	190	show
1368904576200	113	281	55	click
1370246265554	1	840	243	click
1368749035024	76	360	154	show
1371800360511	9	836	365	show
1369441402628	51	660	187	show
1367040458037	51	899	57	click
1372693826339	5	664	251	show
1370113981971	85	933	293	show
1372081859449	124	715	346	click
1367405417543	4	886	458	click
1369914985558	1	907	129	click
1370043908455	47	557	107	click
1367889000451	75	927	399	click
1372441621291	105	698	461	show
1367313141677	141	479	495	click
1366669391882	108	529	215	show
1369946734851	89	225	412	show
1370498777314	122	637	104	show
1370676231429	105	342	151	show
1371354335919	149	142	72	click
1369012552149	63	862	55	show
1367324474835	101	438	27	show
1370078712097	73	991	490	click
1373511243162	141	797	324	show
1371342737972	125	789	403	click
1370783422343	126	646	55	show
1370729245537	122	382	4	show
1369152691164	5	716	292	click
1373334415409	117	863	401	click
1369642858256	37	918	157	show
1369931758430	15	113	66	show
1368986582845	91	43	157	show
1369125116869	9	795	168	show
1373021830262	52	122	40	click
1371860999394	56	24	381	show
1373007056581	142	208	447	show
1367555927866	120	301	46	show
1370738738978	122	112	167	click
1371774078020	117	735	58	click
1366791913563	66	145	100	show
1370383767704	28	822	483	click
1367833462140	45	452	174	click
1373182613046	134	667	179	click
1367894554108	19	259	5	click
1368285241797	71	982	22	show
1371487110347	9	927	321	click
1367671795065	146	844	77	show
1368004262715	107	506	49	show
1368142701306	55	797	79	show
1373139142754	50	371	276	click
1366659798776	100	118	73	click
1373713654330	110	689	461	click
1366954820227	34	408	398	click
1370727843601	18	835	86	click
1371668295457	140	802	254	show
1366832775138	66	524	415	show
1370521152169	103	780	142	click
1369945996093	16	326	261	show
1373105879534	80	143	369	click
1371692238915	19	81	483	show
1370134781964	78	429	53	click
1370100031178	38	34	395	show
1367311306938	131	345	20	show
1372989287057	66	119	3	click
1372979466810	32	393	434	show
1372557798100	107	470	456	click
1368229957169	113	538	109	click
1373435274477	90	518	450	show
1366743173336	32	935	351	show
1371753077216	123	936	353	click
1373643878914	1	29	198	show
1369546287699	42	377	488	show
1370364056340	72	736	56	click
1371944448016	107	693	9	show
1373821487384	143	34	143	click
1374033615974	25	661	114	click
1366399510811	145	85	407	show
1372520704655	45	846	104	show
1367144501335	86	490	60	show
1369671744430	50	863	423	click
1371945051002	87	455	98	show
1367020964513	3	853	224	click
1367745591679	83	684	87	click
1370627095143	106	854	170	show
1370888278894	98	922	353	show
1369201560956	11	576	257	click
1372870068169	49	532	55	show
1368059424399	139	511	173	show
1367034222623	74	869	109	click
1369886370863	31	617	442	click
1367050713696	13	471	94	show
1366724937175	53	469	30	click
1370225440084	37	15	174	show
1374132011383	87	408	122	click
1369764548594	146	207	484	click
1372127643890	22	216	489	click
1372170912553	56	815	83	click
1370185700395	101	365	406	show
1367235735027	23	758	53	show
1373746411281	36	963	340	click
1367944727502	72	616	70	show
1373372392391	117	274	344	show
1370419313304	111	259	262	show
1367014793459	140	504	51	click
1371005718904	32	391	21	show
1373463600034	91	439	308	show
1369382468893	103	160	304	show
1366653992723	31	70	481	click
1371455312525	146	417	53	show
1368383974455	132	949	391	click
1370722270907	14	480	55	show
1367036988031	105	30	230	click
1371765765385	84	380	230	click
1368231270357	54	826	289	show
1372703483943	75	103	276	show
1374027563773	19	157	280	show
1369118094042	92	993	235	click
1372068008463	24	420	336	show
1368341843996	53	846	361	show
1372642063239	35	694	323	show
1367622985421	33	302	5	show
1372842955706	143	290	247	show
1372618956336	142	107	391	show
1370917355994	143	167	32	click
1367241411521	149	407	273	click
1371730633729	42	400	420	click
1368066083316	95	369	389	click
1367544645400	146	912	143	show
1370504248143	15	247	59	click
1369186526205	52	69	209	show
1373570556710	71	390	16	click
1368181032886	63	281	500	show
1373946873346	80	192	410	show
1367035183408	118	730	375	click
1369908434947	6	308	83	show
1371538935851	47	191	227	show
1368085188449	108	273	345	click
1367311883873	2	874	146	show
1366442863200	143	688	332	click
1372146628854	119	981	158	click
1369578541054	122	465	90	show
1369024640314	7	717	332	click
1374163604506	150	996	354	show
1374182866075	81	672	276	show
1373268151707	113	391	21	click
1369815794151	113	741	407	click
1368818789230	116	651	180	show
1373349196741	44	544	241	show
1366549862154	61	174	303	click
1370966157440	108	888	179	show
1369694038221	31	574	307	click
1369193660839	19	569	241	click
1370553345428	31	150	489	show
1368015393486	82	917	233	show
1370884222801	39	790	15	show
1369218534839	111	500	415	click
1369357284297	23	785	99	show
1368788231993	59	676	52	show
1367769466304	145	991	2	click
1367583497287	61	226	333	show
1366599534971	138	806	93	click
1367631661417	65	165	260	show
1370883466204	97	43	103	show
1367143620209	62	192	237	show
1369530704841	32	208	86	show
1372202023421	23	142	118	click
1366805961801	69	92	76	show
1369631056818	36	204	216	click
1371253570356	82	680	54	click
1366693965856	29	345	484	click
1371949562375	111	623	279	click
1368909440341	119	270	441	show
1368206754743	73	484	476	show
1366779666855	26	239	46	show
1367710251478	121	23	56	click
1366389563153	94	864	40	show
1373170780417	144	664	327	show
1368734282532	114	861	160	click
1372498774832	16	164	433	click
1374065098457	103	106	9	show
1368729559509	109	25	204	click
1367898490813	124	551	245	click
1369067610490	44	697	462	click
1368141844980	123	766	337	click
1371887781676	143	678	176	click
1366372677739	121	296	50	show
1372703579983	84	482	300	click
1367418433845	44	350	428	show
1370670483496	135	848	215	show
1366808959395	6	649	191	show
1367771729411	142	823	101	show
1366509526550	5	69	230	show
1373169943819	150	391	154	click
1372090594600	2	22	448	click
1370037276811	68	444	99	click
1372162070725	11	32	149	show
1373758620085	72	707	450	click
1370101044824	60	755	456	click
1373091020018	45	174	188	show
1369415006195	34	927	262	show
1371198385412	149	182	22	click
1371789094255	39	766	329	click
1366366044660	23	939	98	click
1367638752893	69	213	101	click
1371059448344	91	615	268	click
1368514690266	46	660	33	click
1374199302664	32	971	48	click
1369547816087	141	456	102	click
1369347020391	34	505	218	click
1371434504038	99	98	50	show
1370905614718	37	875	468	click
1371671457950	12	917	35	click
1372709246160	53	807	176	show
1367659379756	130	642	495	click
1370907979233	98	334	266	show
1367120494762	46	901	129	click
1368762001721	118	116	342	show
1369881398890	120	130	344	show
1371620062227	132	5	273	click
1366666449478	17	220	104	click
1370040107363	75	862	276	click
1372473727082	128	168	90	click
1370213165297	83	286	148	show
1373278032439	24	279	359	show
1366650230586	37	73	454	click
1370682579608	107	674	381	click
1367042374929	21	520	363	click
1372840877545	111	636	377	show
1366893178071	76	717	239	click
1366570624805	69	116	469	click
1372569916595	131	29	427	click
1367016796937	134	890	217	show
1372352896523	129	730	432	click
1372385091341	26	519	213	show
1369547747416	115	312	108	show
1372456313514	59	411	253	show
1367687433045	120	751	413	show
1373611334549	114	32	99	show
1373308184195	85	765	113	show
1368910718672	32	825	200	show
1370405327293	105	47	488	show
1367678302384	39	106	241	show
1373846321835	144	203	353	click
1373934494275	146	946	87	show
1372939741800	30	475	192	show
1366897894659	93	718	34	show
1372371234452	79	597	45	show
1369836650746	17	851	394	click
1370109956091	46	451	98	click
1369438742828	44	202	72	show
1372085697921	21	286	275	click
1374163532417	115	885	14	show
1368078233520	57	81	142	show
1368097379419	66	631	285	show
1367849536106	24	255	71	show
1370078641869	31	863	391	click
1373165449952	80	351	292	click
1367027529814	32	345	263	show
1369367067604	77	418	315	show
1369680703989	129	690	438	click
1367648237762	141	226	225	show
1367840998523	36	721	420	show
1369881229802	51	123	241	show
1370294350651	144	473	67	click
1371060520072	52	110	192	click
1369215512961	103	592	4	click
1371048582175	1	221	448	click
1369114930046	143	423	11	show
1372565989655	57	99	17	show
1370364623386	65	290	327	click
1373183137384	78	706	335	show
1370445718669	61	236	255	click
1373466495129	45	990	383	show
1368824890959	49	928	7	click
1366830712058	79	251	344	show
1372069293949	136	474	274	click
1373919070259	83	154	459	click
1367417922427	139	327	415	show
1371745951139	136	406	460	show
1366475701500	56	645	73	click
1366998215155	53	96	248	show
1373475863843	90	599	470	show
1368796874507	32	86	479	click
1368459313019	94	240	130	click
1370648839790	122	814	438	show
1373128030374	6	343	51	click
1367053101866	46	176	258	click
1372070261725	81	398	35	click
1368505014402	107	629	85	show
1372745496365	32	326	177	show
1373554285272	18	536	178	click
1370078208232	42	263	208	click
1372231862225	51	546	432	show
1373929277871	84	225	172	click
1366774762966	140	440	151	show
1367984365489	84	620	290	show
1373978923456	71	760	88	show
1369786985621	25	681	486	show
1369096169481	85	529	473	show
1372703818816	51	522	134	click
1367969920189	57	832	68	show
1371121019576	69	486	307	show
1369126126162	84	156	255	show
1367624875117	133	330	107	show
1367108985717	133	812	192	click
1371911259970	121	880	337	click
1367469427337	72	620	415	show
1373637620631	67	719	488	show
1371156863308	132	547	147	click
1369808266857	122	914	272	click
1366642460996	63	317	382	show
1373183477374	142	483	471	show
1369039010279	122	736	269	show
1373374872229	106	219	360	show
1372338920723	136	692	178	click
1367178692439	27	716	179	show
1370976274959	19	955	105	show
1369278955536	122	143	445	click
1373195806915	105	651	385	show
1369994688184	36	355	129	click
1374014438314	41	490	17	show
1368417730389	11	558	68	click
1368954016661	13	183	149	show
1369247618851	65	925	268	show
1367193494043	4	437	83	click
1368151599781	40	296	423	show
1372246208268	35	584	225	show
1371616089455	25	641	465	show
1370395115628	126	795	248	click
1370144707542	82	481	161	click
1367861392510	10	180	500	click
1372036724248	131	41	360	click
1369499889074	34	211	496	show
1373488875203	129	499	235	click
1371881783165	49	298	143	click
1374137291084	94	513	218	click
1368431279618	133	668	267	click
1374111826415	137	564	367	click
1373695028370	18	934	365	show
1367223626155	9	851	215	click
1367768503447	131	350	150	show
1372716207839	114	436	51	show
1366437982181	20	385	18	show
1369850138194	36	387	391	show
1370950074531	19	626	170	show
1371734741220	1	967	208	show
1371990450969	42	659	375	click
1370848387822	133	312	83	click
1373639114517	75	852	296	click
1367035166670	1	905	259	click
1373373810989	28	226	457	click
1370968185962	7	424	222	show
1368337310769	150	650	379	show
1366550095915	145	981	342	show
1369121057131	113	369	95	click
1367615693417	63	327	139	click
1372095621238	76	421	302	show
1371838804644	109	290	264	show
1367486973759	85	990	457	click
1370272659484	1	103	486	click
1369841825469	53	303	171	show
1367474359143	33	414	37	click
1372151257134	27	203	444	show
1368130368128	114	491	185	click
1369967719912	67	179	106	show
1371459567822	21	280	190	show
1367570399573	44	293	333	show
1370868551570	116	741	107	click
1373574125165	21	825	370	show
1368233024351	24	848	167	click
1369985160513	105	822	412	show
1368492876168	103	963	86	click
1372145373559	134	273	40	show
1372423708812	23	273	54	click
1371258907949	26	685	435	click
1368568831036	135	306	184	show
1371874441061	95	229	315	click
1372620702636	96	670	397	show
1367112566862	49	328	346	click
1368311709729	19	885	56	click
1367166772872	56	612	197	show
1369013332109	99	85	19	click
1374088892052	36	492	364	show
1373190831423	26	955	469	show
1373610135182	80	941	133	show
1370378153896	81	105	12	show
1373239208341	59	533	316	show
1373285304310	99	74	447	click
1371893664862	87	969	93	show
1369368928328	140	434	400	click
1369390495443	31	593	325	click
1366836893160	99	718	462	click
1366922561268	111	755	462	click
1366597211515	83	813	235	show
1367685594391	47	57	288	click
1371669244611	64	120	324	show
1370507263353	112	96	422	click
1367492864847	14	157	107	show
1366818625656	71	150	333	show
1374113337090	61	309	230	show
1371525554746	130	172	8	click
1373877412086	30	209	457	click
1368152185015	80	582	155	show
1373135030898	131	820	226	click
1372828253298	12	951	119	show
1366731700444	71	228	303	show
1372117695498	57	537	256	show
1373500273486	99	644	340	click
1372992357275	147	960	90	click
1368674396293	68	144	442	click
1368583342801	82	343	213	click
1370007632150	132	370	104	show
1369998659938	111	57	487	show
1370350538799	11	697	132	show
1369461797248	37	598	108	click
1369907510353	132	446	174	show
1368636226187	128	177	36	show
1372296031972	133	848	494	show
1370137219231	125	199	435	click
1373447182388	78	199	469	click
1371081608319	62	464	230	show
1373030884474	121	245	388	show
1368632042235	28	799	148	show
1368500017312	42	370	233	show
1371542465447	2	426	71	click
1371239147182	113	372	136	click
1370208520235	22	963	11	show
1371903767740	109	378	357	click
1369086632872	60	56	53	click
1368730714460	95	849	428	click
1369374287397	87	801	199	show
1366521593894	81	604	461	click
1371117125778	64	517	348	show
1368400045050	31	622	354	click
1370046220897	74	55	41	click
1372192869495	16	561	467	show
1370306350356	71	74	120	click
1368428814961	142	330	363	click
1369457250675	130	775	277	show
1369349425710	59	948	29	show
1370417364544	18	136	70	show
1367764679230	128	353	467	show
1367154329158	16	435	488	click
1371463283285	132	453	116	show
1370160946641	28	817	138	show
1372347965106	66	385	444	show
1371317884300	81	843	87	click
1366931856724	61	613	252	show
1371630843610	3	50	434	show
1366493168705	110	467	470	click
1371560260087	54	663	208	show
1370970952409	77	426	450	click
1372182852350	10	141	468	click
1369802742258	128	113	452	show
1366910656464	73	724	158	click
1371189236063	136	351	473	show
1368612466816	37	16	134	click
1369993278383	49	216	155	click
1372012479132	81	655	341	click
1371143751740	102	588	240	click
1373433549402	5	697	430	show
1372459930846	150	71	12	show
1372453320410	8	574	342	click
1367678674223	72	608	286	show
1371760210360	104	42	457	show
1373803725360	113	441	461	click
1366443089452	72	806	395	show
1370894794339	145	379	62	show
1368558923825	65	248	340	show
1374162405829	68	63	391	show
1368156968767	131	784	370	click
1366872403788	35	244	61	show
1367731783466	68	886	367	click
1370571327636	3	301	50	click
1366910090422	69	37	271	click
1366379291164	27	75	443	click
1373537168031	62	900	229	show
1368177117319	60	760	348	show
1371573104009	45	982	277	click
1373588242070	119	810	326	show
1371000003704	109	254	246	show
1371960142569	110	133	237	show
1373841381980	38	114	31	click
1369752443211	135	219	268	click
1373982202499	145	888	341	show
1370767763119	91	305	327	show
1372512433966	57	939	101	show
1372727435900	150	282	354	show
1367442349931	54	618	10	show
1366887152320	21	927	17	show
1371946548716	100	922	349	show
1367825878992	100	179	31	show
1369680763008	149	455	83	show
1374167989619	86	66	22	show
1369792282045	47	979	66	show
1371248710813	43	464	119	show
1371215479532	81	637	155	show
1372860658911	79	791	317	show
1366401721811	97	562	37	click
1373932355257	143	428	161	show
1369575896978	131	223	126	show
1369773316566	25	194	408	click
1370591911414	138	377	357	show
1374076032582	13	981	335	click
1367384229169	134	613	26	show
1368684200480	56	962	277	show
1370488799457	104	900	406	click
1370104621212	67	453	130	show
1371246536736	122	996	188	show
1367659711889	148	765	343	click
1370633776669	102	142	16	show
1373274821172	41	2	238	show
1370666850029	14	906	367	click
1369607321749	89	427	345	show
1368888856945	144	98	333	click
1370013334537	43	6	216	click
1371035378989	23	220	343	show
1370415515359	133	853	109	click
1372985019577	30	876	273	show
1370899529119	124	939	327	click
1373687805501	112	857	257	click
1369573090657	129	305	493	click
1369411552350	113	534	150	click
1369005451294	4	125	138	show
1367004974746	103	290	484	show
1369264414754	14	235	320	show
1367606336139	45	342	353	show
1373061394010	108	690	98	show
1372987375689	92	323	164	show
1373589071217	42	854	493	show
1372961563873	133	304	217	show
1371748820644	37	920	227	click
1374202666611	58	266	291	show
1373717885515	13	314	223	click
1369348878969	11	612	228	show
1367722425645	94	810	320	show
1373785564480	106	543	467	show
1373331750420	69	288	445	show
1374013751060	44	889	329	show
1366601032348	55	91	307	click
1370161666367	77	135	279	show
1366429996958	119	295	59	show
1368164028008	10	472	153	click
1367943196315	59	571	259	click
1367508393659	88	923	65	show
1372225656241	12	139	108	show
1373991865584	85	277	2	show
1369316316639	58	59	70	show
1370641966578	126	126	455	click
1369506375787	103	798	192	show
1370631491519	71	964	178	show
1366426938719	25	314	241	show
1371512998948	33	617	4	show
1373951775658	56	152	244	show
1374054068424	41	650	340	click
1367664171211	19	756	445	click
1373925552642	58	780	400	click
1371979744841	124	454	29	show
1370580823023	21	113	88	show
1369107886817	97	73	287	click
1371235757632	71	464	184	show
1371463583733	63	518	369	show
1369996800946	103	468	269	show
1371528415868	130	210	70	show
1372818633912	3	658	214	click
1368275911939	71	407	255	show
1367190770525	81	267	22	show
1369644822940	67	233	434	click
1368267518158	102	524	40	click
1369387438763	112	136	118	show
1371116324364	142	169	233	click
1373852907934	93	957	437	click
1368223553641	47	476	402	show
1373765057638	45	731	76	click
1370969793535	102	730	474	click
1369342512753	138	469	173	show
1370050562001	134	460	144	show
1371363952762	118	63	475	click
1368579928753	81	606	300	click
1370357687162	59	326	447	show
1372601593798	146	147	480	show
1366790405301	18	664	99	show
1368140527070	105	180	150	show
1369272039361	9	348	336	click
1370891434951	37	505	469	show
1368254570981	8	800	162	show
1367791127093	39	425	111	click
1372022772653	18	262	202	show
1367303869658	123	97	450	show
1366992384574	109	183	173	show
1372619358325	109	579	233	show
1366677721073	81	556	347	click
1370842268384	98	496	68	click
1367518656761	130	559	364	click
1369278778825	18	678	487	show
1369364004324	142	896	386	click
1370223551480	105	795	420	show
1371244509847	85	543	318	click
1373224445987	37	944	297	click
1371408862195	37	728	323	show
1367881019353	60	702	35	click
1371824713881	103	568	287	click
1371614483318	82	154	400	click
1372572440611	22	436	333	show
1368946064690	103	77	286	click
1367385435875	69	667	25	show
1374088299418	7	152	500	click
1373397687835	101	538	23	show
1372099475937	84	818	212	show
1372476039374	101	832	272	click
1369843613746	25	134	361	show
1372530586039	7	437	421	show
1372527871546	80	105	368	click
1373668911838	33	24	228	show
1373402585022	12	656	397	show
1372220562177	71	987	421	click
1366773305625	123	464	326	show
1372007470255	65	829	270	click
1366441074586	3	969	364	click
1372795300824	33	550	196	click
1367880541845	80	895	364	click
1370339790895	12	928	398	show
1370896709165	133	20	328	click
1368728986338	99	755	59	click
1371167470098	140	151	184	show
1368489088806	21	416	292	click
1373594659159	88	511	257	show
1367204183650	114	457	64	click
1369716833825	76	116	116	show
1370192859866	31	777	475	click
1366955898886	71	39	140	click
1368018827647	21	198	250	show
1366403655103	30	631	36	click
1372115851023	135	855	322	show
1371941440664	76	602	317	show
1366968405743	143	320	81	click
1373376662861	32	324	272	show
1372454625641	60	568	41	click
1366821547226	142	755	290	click
1373565480452	105	139	359	click
1372533964606	111	430	454	show
1367253553791	36	690	301	click
1369533798346	30	930	181	click
1367374081682	134	245	221	show
1367336067822	39	909	316	show
1371606388319	71	424	366	show
1372573536344	43	441	123	click
1373099003150	130	110	259	click
1369451965588	1	735	96	show
1368399171921	96	772	365	show
1366433707498	18	475	147	click
1371736821689	123	659	35	show
1371772156655	22	359	357	click
1372001831483	59	295	468	click
1371521811611	86	342	437	click
1370909814804	64	792	192	click
1367111381114	100	895	313	click
1366851421430	72	406	228	click
1370844752991	45	185	341	click
1372456368756	85	885	34	show
1370056215891	72	134	200	click
1371680293233	72	606	142	show
1372235393718	118	659	326	click
1372965220796	51	87	471	show
1374130787105	84	30	59	click
1371685627903	103	56	349	click
1369065503204	56	662	38	show
1370758671084	76	979	496	show
1366877692706	1	793	497	click
1368970516496	93	552	436	click
1371342895408	136	138	233	click
1368642780308	9	690	70	click
1372535655263	48	266	280	show
1366487979732	140	826	246	show
1370432329779	122	467	160	show
1370823712411	42	332	404	show
1368195409401	123	762	234	click
1373725605131	39	458	342	click
1371915818423	4	317	436	click
1369338240927	30	244	408	show
1366394148654	81	310	217	show
1367969058840	103	231	88	show
1367952853510	18	267	232	show
1374188444536	111	240	484	click
1371146567815	38	892	158	show
1371986309085	31	209	68	click
1371292281180	90	494	178	show
1366634387819	104	140	261	show
1373591761858	52	316	327	show
1370239326371	74	254	273	click
1371786949503	99	510	273	show
1373946561968	72	445	484	show
1369994554909	66	608	283	click
1367577334144	126	385	4	show
1369416868248	63	117	469	show
1370610450596	128	307	299	click
1367020463242	120	463	106	show
1371723307540	3	411	182	show
1373556830000	59	514	167	click
1367997670339	122	628	136	click
1371003213614	20	358	490	show
1366388774738	50	773	253	show
1368648611887	44	429	76	click
1373328651005	75	706	165	show
1371949446603	5	745	234	click
1371441502869	133	905	94	show
1373927018308	38	677	333	click
1366656221634	65	502	220	click
1367258150173	47	740	61	show
1368542609453	17	673	326	click
1367038651740	52	744	349	show
1368718973610	27	848	33	click
1372771722965	60	671	29	show
1370761343805	25	254	300	show
1369808842583	137	867	384	click
1371907340191	34	671	380	click
1368839945244	6	579	93	click
1373616277011	146	550	207	click
1369970983513	24	349	12	show
1369842498951	95	798	316	show
1372627841355	138	585	421	click
1369264398499	146	178	396	click
1367596372976	133	892	352	click
1369337411206	133	468	24	show
1370751225793	113	388	21	click
1371409841020	25	936	208	click
1371503364342	4	117	431	show
1366414794788	18	876	241	show
1367387203970	19	483	296	show
1370657926611	31	210	433	show
1374079726130	42	626	484	show
1369021172970	2	400	64	click
1373170323653	15	813	333	click
1370069165748	124	45	170	click
1367967228524	66	881	58	click
1370011707138	119	958	422	show
1368383701020	43	497	150	click
1369442654010	134	80	452	show
1370603888186	102	256	373	show
1369054178517	3	485	96	click
1366948903209	137	372	495	show
1369505010471	148	440	418	show
1371012356937	27	623	361	click
1370888948573	77	660	15	show
1372962069827	70	363	78	click
1371068467814	127	29	421	show
1371204975470	97	825	373	click
1370687667127	145	147	304	show
1371269637480	72	616	439	click
1366700284089	74	213	45	click
1370776104908	141	759	205	show
1373698401082	1	568	209	click
1372682110962	138	367	436	show
1373272180779	8	727	377	click
1370880424200	68	914	82	click
1369583483150	51	902	328	show
1371143325766	10	67	13	show
1371942082186	21	22	115	click
1372689430247	63	244	162	show
1367529290017	29	364	401	show
1369120315243	103	401	90	show
1369609000536	117	692	495	show
1369603522195	31	812	432	show
1373248634077	30	926	478	show
1372734596315	20	706	208	click
1367184463743	125	783	170	click
1367344840736	129	818	389	show
1371801224672	122	889	67	click
1368039266471	76	794	118	click
1371106192149	110	242	26	click
1366554415019	53	750	213	show
1371743796594	15	638	208	show
1371474407771	118	291	48	click
1369413098511	24	617	307	click
1368162422121	53	528	362	show
1371761630036	32	671	235	click
1372273535723	144	761	422	click
1372193998454	131	361	443	click
1367890896841	67	444	451	click
1370554136365	12	972	225	show
1371735939617	147	941	462	click
1371413913377	118	95	302	show
1372450090850	148	462	72	show
1369816873233	80	406	300	show
1370382630140	81	264	476	click
1369337323135	143	317	416	click
1368346940551	22	547	17	show
1370719239601	9	390	442	show
1368613139455	58	978	426	click
1372215234437	50	217	463	show
1369659272196	41	289	467	show
1368266163876	106	643	26	show
1370059985606	104	349	31	show
1367212266388	58	375	444	show
1373294513713	65	505	465	click
1372428465961	142	747	287	click
1370270551922	62	562	278	show
1371556291860	18	548	147	click
1373412259280	128	845	148	click
1372374044554	47	742	62	click
1369395485176	129	879	429	show
1368422209441	22	99	400	click
1370736457133	127	913	480	show
1369213665987	13	804	313	click
1366419722959	41	207	187	click
1367180774065	114	950	228	show
1370941441969	66	957	395	click
1372658985837	108	380	313	show
1369265131624	106	854	402	show
1372276082590	46	160	464	show
1368981369759	79	673	128	show
1372289185566	26	619	25	click
1367519769573	31	287	78	click
1366983838156	39	85	164	click
1371648409706	90	745	295	show
1373457444449	84	671	6	show
1367742258470	30	461	404	click
1368170265764	132	929	316	show
1368331067549	74	218	126	show
1372950841252	1	333	451	click
1367577666136	147	6	443	show
1368095766017	109	192	167	click
1373240714369	34	992	373	show
1368390275701	64	342	12	click
1368143938315	142	405	354	click
1369766677492	126	750	367	show
1369886248267	128	67	268	click
1370550815626	106	515	442	click
1366452072394	128	918	342	show
1369457589033	80	351	163	show
1372621434402	106	237	479	show
1373399898832	2	473	213	click
1366588759614	50	223	206	click
1367058102665	135	201	304	click
1367390099547	43	282	462	show
1366548630327	66	123	97	show
1370376098501	147	407	316	show
1369685649611	59	187	407	click
1367294851783	14	123	126	click
1370147366844	46	168	404	click
1367872864679	106	864	33	show
1368626953883	59	625	79	show
1371173635503	28	531	116	show
1367633397606	81	890	391	show
1367594552002	40	186	64	show
1366407876581	97	997	221	click
1367557379324	24	734	440	show
1370401077554	32	340	31	click
1370300291950	137	565	278	show
1373943979491	114	238	226	show
1369269063398	19	528	106	click
1368662005224	132	633	40	click
1367101090127	20	572	422	show
1373906744593	96	333	499	click
1371113831101	5	444	376	click
1368670546646	34	904	124	click
1374036175581	65	229	484	click
1372206026586	42	25	236	show
1366760233360	93	175	273	click
1369745190784	42	903	144	show
1374030537295	106	517	497	click
1374027393092	139	574	268	click
1372390639829	93	503	245	click
1371494605696	55	322	223	click
1368988185783	49	731	122	show
1370766560555	104	45	241	click
1373021584063	121	995	384	click
1371744657040	141	836	28	click
1368724711240	92	482	256	show
1371112033903	64	785	207	click
1370290162886	11	730	206	show
1370997585503	65	358	102	show
1367925697472	1	32	30	click
1367624314236	75	352	121	click
1370294782203	137	939	219	click
1366538648345	21	323	163	show
1368675876500	106	825	434	show
1372438488086	145	343	132	show
1369137999993	46	863	355	show
1372753914088	80	728	273	show
1366674771582	86	690	35	click
1372741284189	29	916	473	click
1367763023774	128	216	134	click
1370546116310	122	373	31	show
1371121740949	9	636	338	click
1369251551928	53	368	450	click
1366646060453	5	913	401	show
1371953934321	88	171	415	show
1368737826368	57	579	16	click
1370119788828	18	312	445	show
1369071655032	63	338	481	click
1368303257443	93	708	121	show
1369828935018	96	344	393	show
1368206319894	43	803	348	show
1366406986284	124	552	476	show
1370020721396	100	82	288	click
1368097063952	135	494	456	show
1373216547779	122	12	488	click
1368165907353	4	885	167	show
1367702166875	34	396	226	click
1373184108385	103	952	126	show
1373351132315	25	978	357	click
1371232162118	121	695	83	click
1373569624944	19	233	273	click
1369553595926	81	51	109	click
1366389858418	35	76	200	click
1367599181099	42	173	332	click
1374082211425	120	589	449	show
1368435900142	27	619	469	show
1369496666913	110	293	136	click
1367244981314	140	770	391	show
1372278086516	112	129	360	show
1370129229562	140	221	148	click
1371588863041	134	688	322	click
1366787334947	55	717	491	show
1369173667665	70	281	379	show
1372377031293	2	337	330	show
1373936393572	23	510	398	show
1373833674207	75	732	210	show
1368132433619	101	775	81	click
1372998104967	147	327	67	click
1372017311893	135	640	431	click
1372412601394	71	899	222	show
1366343066772	42	387	223	click
1369143953462	72	755	481	click
1373291802400	146	666	17	show
1370141076580	16	898	274	click
1369627987270	145	82	456	click
1366412338643	91	128	405	show
1373728316944	44	54	23	show
1373670458001	73	548	100	click
1366699339966	50	998	156	show
1369868993015	57	323	311	click
1373285157763	16	440	282	click
1368079884115	77	379	373	click
1372210435456	25	749	495	click
1373234740830	94	657	240	click
1367874116787	142	787	219	show
1366968412611	88	885	154	show
1372646541050	33	718	65	click
1368309826497	14	884	380	show
1373761180316	41	329	349	show
1367199207062	130	146	202	click
1368593058593	65	817	312	click
1370627598033	59	78	142	click
1373407638182	35	763	141	show
1371655717090	43	263	123	click
1367839082187	70	497	276	click
1367196151454	49	728	341	click
1372636850342	109	515	182	show
1371714697762	150	26	45	click
1368902081273	33	68	366	click
1368742034233	96	593	325	click
1370166233677	105	265	237	show
1368890846937	57	581	431	show
1372126663712	52	920	343	show
1373202549663	139	345	152	click
1370450587819	93	916	246	show
1371549944752	31	167	151	click
1370844660919	5	149	18	click
1372521088827	55	240	480	click
1372721930346	67	631	328	click
1369200372545	40	381	73	show
1372929223089	79	850	312	click
1369707230028	12	725	357	show
1372061119432	4	269	268	show
1371488008232	61	459	122	show
1370188225983	84	729	216	click
1371088237430	111	859	270	show
1371111511310	57	737	233	show
1373289900370	134	42	254	click
1369144442502	38	659	472	show
1368729366248	27	372	484	click
1367096108927	79	703	143	click
1372657094691	78	520	458	click
1371295974744	135	164	18	click
1366951513116	132	94	172	show
1370521292705	127	380	228	click
1367736408610	12	715	416	click
1369685860072	6	348	236	show
1372445489370	3	757	468	click
1373144873632	110	158	333	click
1366355842463	46	844	342	click
1369734980567	109	735	60	show
1372368769697	47	480	470	click
1371491557806	103	595	274	show
1368191337522	83	109	141	show
1366874532613	58	467	484	click
1372314316490	53	348	61	click
1374079867647	51	446	206	click
1371805550655	66	351	224	click
1372619366834	5	143	464	show
1370350199932	67	172	468	click
1372365921123	55	738	228	click
1366560706601	143	815	175	click
1372808372940	10	561	148	click
1371064378658	149	449	333	show
1373783623917	121	849	301	click
1370440587748	118	25	338	click
1371225768280	56	293	483	show
1366512542313	84	809	78	click
1372188726108	11	236	312	click
1371827582244	22	63	456	show
1368942350911	139	900	256	show
1368831130102	6	459	288	show
1370733528262	56	533	172	show
1367395667779	142	310	275	show
1366541159333	63	742	4	click
1371347466409	110	816	105	show
1371878932676	119	571	174	click
1372016539376	127	462	359	click
1373695145834	137	800	239	show
1366796548225	22	204	168	click
1367056375415	47	181	295	show
1367220952756	21	90	456	click
1371358360531	91	696	462	show
1370411930587	65	223	320	click
1370438178269	136	4	210	show
1372933743017	5	8	192	show
1366569305877	86	523	181	click
1373026239244	140	926	37	show
1371059914994	50	154	436	click
1370779149705	74	726	378	click
1367374826433	62	335	252	show
1367055147192	12	331	491	click
1372715213127	142	634	439	click
1371402609542	41	220	280	click
1373353201945	149	216	257	click
1371425001728	104	164	290	click
1372701487823	20	846	225	show
1369326682562	95	593	299	show
1374201767011	55	796	108	click
1369593433762	76	49	446	show
1370409086139	38	384	450	show
1366911753822	16	693	198	show
1371155668086	102	29	283	click
1369172690631	50	821	37	click
1374073751420	102	999	69	click
1372794722468	146	362	190	click
1372652033507	19	573	452	show
1367193859235	136	490	234	show
1370189722354	85	926	285	click
1367837633908	82	136	233	show
1367668527109	6	211	91	click
1372076220195	65	704	146	show
1367392131371	2	872	336	click
1373301704311	37	978	288	click
1372696614178	133	579	188	click
1372236557098	138	932	414	show
1373270737323	69	217	200	click
1367562982862	35	125	58	show
1366604250873	37	906	127	click
1366564976904	80	658	133	click
1368086285080	19	901	481	click
1372934094769	69	163	345	show
1371795581391	20	877	459	click
1372124040594	82	782	99	click
1367877258747	149	8	53	show
1368073023846	149	504	470	show
1370932220361	14	860	226	click
1372316877174	55	924	382	show
1368444249988	38	662	177	click
1368221918512	74	199	198	click
1367783407335	30	904	299	click
1366362271075	66	550	102	click
1366541909290	104	169	186	click
1373017205076	122	572	119	click
1367884478528	57	598	318	click
1373333962038	71	154	310	show
1372677273071	34	161	471	click
1370663847702	16	205	222	click
1370130183190	139	624	346	click
1369567145207	72	561	454	click
1368547199308	45	87	333	show
1370861891581	131	126	177	click
1368768523212	39	210	13	show
1366649857010	116	11	359	click
1374144875198	63	950	20	click
1371175104911	121	50	452	click
1366565970022	15	279	48	click
1374115162740	33	87	109	show
1371869030650	101	320	4	click
1371137438540	81	204	353	click
1369855716192	124	72	411	click
1369525266000	38	770	421	show
1366491625657	41	513	151	show
1368026487026	10	505	124	click
1368707120216	44	428	235	click
1366946370157	116	294	363	click
1370818385549	38	730	133	show
1366780870316	92	903	179	show
1368879697654	103	61	409	click
1373111632954	97	850	31	click
1371958124867	82	730	232	show
1369686305655	138	141	266	click
1369659182722	32	88	100	show
1373300226423	81	82	359	click
1371500607761	46	630	388	click
1370662557761	100	638	165	click
1372551249943	10	994	378	click
1373058501970	33	978	411	show
1373783794986	91	577	391	click
1366538570170	140	356	495	show
1372778765772	57	12	445	click
1366763020188	44	191	244	click
1366354834399	50	547	65	click
1370823064984	46	452	112	show
1369559862600	65	12	395	click
1370614175937	63	873	73	show
1368089009679	1	774	409	click
1370919516218	109	572	499	show
1368146121603	116	764	468	show
1370671815856	134	978	264	show
1370855628397	150	982	62	click
1373070145262	8	511	2	click
1370584317077	27	771	326	show
1374182266589	133	989	486	show
1368140290853	114	929	48	show
1372765615462	130	828	237	click
1369862530762	108	458	219	click
1366650093513	142	467	191	click
1372072879761	102	769	143	click
1366473148977	17	749	211	click
1371440284194	42	56	316	show
1368499910933	124	981	28	show
1370220876261	56	600	17	click
1369384117300	136	939	184	click
1368373858014	59	506	121	show
1367736648639	147	517	401	click
1372840068065	147	615	215	click
1371293669863	71	818	32	click
1366495625751	57	722	320	click
1370482932002	47	553	315	show
1373343688527	87	655	58	show
1368764270872	8	846	16	click
1368248242145	55	329	11	show
1373702593085	113	642	168	click
1366925986713	3	455	11	show
1371298980120	27	601	84	show
1367406694440	141	347	204	click
1370236176441	18	865	469	show
1371552530698	69	506	448	show
1368798837121	75	562	384	click
1369387654373	18	67	498	show
1371844377940	59	245	429	click
1368500440822	62	913	450	click
1370493673351	1	455	343	show
1368610351053	37	736	45	click
1371359804651	86	425	43	click
1373378067424	123	285	377	click
1372184636448	51	597	82	click
1372323110353	2	429	421	click
1367474775369	137	242	477	click
1371640889517	112	264	66	click
1373911560748	145	978	383	show
1369142391343	131	487	335	show
1368464130751	78	444	139	show
1373854280334	97	72	149	click
1372483925736	10	561	355	click
1373564425431	42	746	211	show
1371806786930	129	227	73	show
1370471761499	129	890	195	show
1368607574778	145	913	190	show
1366767844482	118	988	290	click
1372636411976	121	372	226	show
1368085772000	114	636	345	click
1369220726791	122	422	137	show
1371251714211	133	61	28	show
1370353547622	80	23	463	click
1370479721456	48	931	161	click
1367901471944	105	277	25	show
1373503061014	42	571	419	click
1368708719428	90	191	64	click
1370216843593	16	996	156	click
1372227874145	77	992	101	show
1369227656473	18	780	398	show
1373280494773	64	773	341	show
1369913535571	12	381	109	show
1371183554606	59	252	47	show
1373521177358	142	256	405	click
1369326559260	133	611	220	show
1371403326998	114	761	83	show
1369003418298	145	918	163	click
1371940558813	12	768	312	click
1373712019875	117	254	82	show
1373712289368	111	668	217	click
1367443753287	43	880	277	show
1371792745983	94	785	302	click
1371886627867	62	905	202	show
1367421006984	129	882	98	show
1370389117056	136	21	353	show
1367760519847	87	151	178	show
1373619439532	48	289	494	click
1369015940790	80	491	164	click
1371903923449	54	381	43	click
1368717060586	120	570	181	show
1370892614896	63	195	315	click
1368884036340	132	640	20	show
1372008238719	128	929	121	click
1370734634208	99	856	391	click
1367100510048	88	863	498	click
1369481967547	105	359	95	click
1366375481457	46	733	261	click
1367798891676	147	863	21	show
1372742399089	101	99	422	show
1368443860803	87	256	124	click
1366677114184	12	705	368	click
1370811846022	97	475	186	show
1370408456530	58	346	177	show
1370968922199	101	675	15	show
1372740846943	137	573	333	click
1371386949784	79	614	139	click
1373818743288	20	863	116	click
1371247957282	137	386	337	click
1370594843307	79	89	307	click
1371807622757	149	445	296	show
1373004535449	131	81	78	show
1370214220126	131	798	401	show
1370911222772	95	360	470	click
1368279004978	72	917	296	show
1370434603509	1	251	64	show
1367465485091	5	706	465	show
1371144747826	108	427	435	show
1373839087671	67	296	379	click
1371384735754	20	816	400	show
1368943777144	124	982	142	click
1366824967388	39	917	221	click
1371977386114	57	150	46	show
1371181474001	63	736	65	click
1372431047858	44	41	214	click
1373654903187	104	973	455	show
1368995060525	40	435	492	show
1372145883022	149	732	234	click
1368623137157	60	32	335	show
1373143138850	44	326	143	click
1369389611017	105	570	85	click
1373792447140	141	139	487	show
1371796392833	75	361	414	click
1370855354778	17	625	448	show
1373928778174	108	680	336	show
1374179315779	110	183	408	show
1369248311223	103	417	197	show
1368659762246	16	312	236	show
1369049404616	121	61	365	show
1370534550457	147	362	198	show
1367378153882	69	303	155	show
1372253018328	109	773	331	show
1372827740980	24	805	259	click
1366404964463	9	82	357	show
1370063145844	37	376	206	click
1369742074652	125	905	424	click
1372749884520	103	2	342	show
1368216462753	44	296	426	show
1372840373446	8	508	259	show
1373373598874	63	508	460	click
1367072418920	133	433	287	click
1369631587130	78	569	357	show
1368466394295	140	977	197	click
1369773249251	79	117	394	click
1369924627408	148	214	32	click
1370624851485	87	24	460	click
1371504336211	23	374	63	show
1372145661912	124	289	497	click
1370938074880	147	272	318	click
1371207834114	48	997	66	click
1371476914309	30	413	292	click
1370166317961	119	553	105	show
1373253447793	94	242	186	click
1367090409076	76	213	103	click
1369241436279	74	859	84	show
1373837485552	128	491	460	show
1369744076026	135	509	500	click
1367028489636	103	985	437	show
1369243777431	58	404	202	show
1366818358949	140	703	393	show
1370181194179	88	879	253	show
1370226690192	55	650	84	click
1371769700833	86	174	48	click
1371389675755	30	743	444	click
1368566971439	132	263	336	click
1372802559244	18	581	86	show
1366853695712	66	932	214	click
1368302510148	93	808	408	click
1370798240271	122	508	19	click
1369394799864	82	499	444	click
1370232567289	134	870	234	show
1370891101586	1	19	433	show
1373035284341	100	38	417	click
1366831466729	7	150	72	show
1371850448371	102	655	221	show
1367176736424	32	595	172	click
1369470813963	103	103	62	show
1367409358176	62	539	420	click
1369194630725	139	71	85	show
1372222513052	106	663	48	show
1371445422403	76	519	153	show
1373993456605	22	163	170	show
1371978250188	46	803	500	show
1367158182169	77	330	488	click
1367877201669	55	677	283	click
1367480922316	6	442	280	click
1371191330954	36	455	57	show
1367114464183	10	234	439	show
1368215530130	24	968	46	show
1369552294462	40	13	60	click
1373797880577	91	609	182	show
1371086712044	125	496	294	click
1368692639797	146	860	454	show
1368774375237	90	898	27	show
1367043598737	98	36	52	show
1371026462081	84	306	318	show
1369590983501	92	428	248	show
1370946425017	28	630	89	show
1370409005499	115	706	184	show
1369978888672	9	466	328	show
1369926529800	27	926	325	show
1373532212192	109	85	8	click
1372235519474	90	349	413	show
1372632081997	20	799	66	show
1372272681959	33	542	129	click
1371461916254	42	106	139	click
1369597202944	90	823	464	show
1369978138448	51	824	368	click
1367055682150	109	382	38	show
1367944723253	10	357	219	show
1373007427740	113	655	415	show
1367862796339	75	629	283	show
1370809686936	39	538	224	show
1370194919039	11	646	194	show
1369270496795	103	713	290	click
1368713804025	28	941	268	show
1373509567248	58	673	216	click
1370343716159	111	966	57	click
1373226842537	140	7	216	show
1373501057668	139	98	496	show
1367607391573	15	675	49	show
1366993150805	72	955	291	show
1373781338956	139	602	106	click
1372514648876	125	842	127	click
1372133312046	88	839	252	show
1370024717317	24	273	483	show
1369907625052	146	514	414	show
1371713556107	104	157	347	click
1373170948910	82	712	149	click
1368837465086	1	206	326	show
1367011622210	4	296	59	click
1372510850487	19	634	384	click
1371693315763	74	160	255	click
1370102155757	1	896	410	click
1368605377794	100	337	448	click
1367914702090	45	978	45	click
1373521037629	20	358	103	show
1373841918677	64	918	361	show
1369518818737	124	973	333	click
1367065802960	9	261	55	show
1371863053544	84	213	394	show
1370795916331	22	260	89	click
1366507623600	30	436	109	show
1372983237299	55	255	97	click
1371336626509	52	814	417	show
1370759873801	132	511	153	show
1373038954700	82	560	409	click
1369296034958	86	417	413	show
1372561687610	123	602	280	click
1367186816170	96	547	409	click
1367972396640	7	372	370	show
1371705093470	58	282	100	click
1374051626623	23	675	178	show
1371458256795	128	255	392	click
1373427905917	5	777	186	click
1371193721383	69	43	14	show
1371360767103	109	791	411	show
1368144762770	119	372	119	click
1366562427205	142	167	336	click
1370833797526	110	534	14	click
1367567602076	129	843	488	click
1366535149064	43	118	39	show
1369650177975	149	384	2	show
1369897254153	12	912	45	show
1374125794223	105	851	125	show
1372263972320	11	626	30	click
1370095483693	37	852	173	click
1369640411462	10	601	451	show
1367982619597	98	201	436	show
1373978725960	111	519	483	click
1372543457051	87	520	85	show
1372000942370	15	398	210	show
1372545982829	15	416	11	click
1373736199250	51	836	99	click
1367065273772	138	550	227	click
1372519858115	69	639	249	show
1369527619353	30	705	467	show
1372753567860	15	534	117	click
1369184819494	114	635	159	show
1373068291003	119	258	254	show
1368850611308	127	572	187	show
1373572289690	31	921	158	click
1372119604305	56	27	176	click
1368889751499	78	56	222	show
1370190751889	55	515	139	show
1370997647128	43	57	122	click
1373777021326	15	162	269	show
1370854315497	35	120	453	show
1372788755565	75	845	194	click
1366718158929	110	705	157	click
1372339358429	129	955	124	show
1367858366438	73	948	331	show
1366564626982	74	215	137	show
1373908526747	91	937	301	show
1370507839322	40	487	486	show
1368541658587	21	489	325	click
1367624897655	73	351	329	click
1374025384550	46	853	485	click
1368538018622	55	872	192	show
1372701588731	11	41	74	show
1373419711586	58	669	392	show
1370092977611	78	47	194	click
1373337913398	149	866	404	click
1371019427849	8	526	7	show
1373159361146	138	389	349	click
1373545493507	94	924	116	show
1372083987858	89	147	210	show
1371172014789	120	827	330	show
1371403538432	41	895	106	show
1366624841064	26	849	447	click
1367979158970	149	124	161	click
1370164810927	142	426	453	show
1369598560774	140	183	471	click
1367512530773	135	790	208	click
1373147424376	16	759	263	click
1369215952155	6	621	332	click
1371086843932	43	986	204	click
1371524206124	133	128	35	show
1370714330735	133	215	129	click
1370010009557	92	923	438	show
1366804797303	109	874	258	click
1371891380282	90	845	123	click
1373090795862	100	309	315	click
1371138178170	97	205	262	show
1371967710851	80	575	53	click
1374038718344	150	815	143	show
1370483057601	35	613	441	show
1372314793532	110	801	189	show
1371974319029	47	894	167	show
1369424224881	54	672	305	show
1369007190027	74	729	86	click
1368315745432	125	574	225	click
1366920237662	146	792	76	click
1368637462718	104	523	97	show
1373713157306	37	107	354	click
1369720759777	66	438	289	click
1370050979772	79	365	2	show
1372393355412	36	318	115	show
1372785527995	95	396	90	show
1372427874420	34	295	445	click
1368696985905	67	260	78	click
1369961241256	71	115	22	click
1372424013053	43	129	57	show
1371618296443	60	553	147	click
1368346625945	111	62	35	show
1372094532899	14	236	69	click
1367972797983	104	974	425	click
1373483923059	56	766	155	click
1367359444518	131	453	433	show
1369263081003	42	661	267	click
1371429916777	136	970	343	show
1367076022973	115	402	369	show
1367410840326	100	908	27	click
1366407719296	40	534	184	click
1369224222643	98	605	124	click
1367328447411	84	1000	105	click
1366511293333	61	39	83	show
1371048417880	62	706	483	show
1368165351186	32	985	361	click
1370346016509	63	636	56	show
1370738376479	65	693	312	show
1367064513670	65	889	73	click
1367075559588	17	455	453	click
1371474141123	1	546	11	show
1371300031349	130	734	336	click
1373147626759	12	929	315	click
1373151159809	66	93	463	show
1367625515971	128	950	52	show
1371947545264	17	415	46	click
1371652433467	120	206	275	show
1372280275592	134	769	257	click
1369565952242	106	68	109	show
1367725743145	7	517	335	click
1371226855693	133	245	58	show
1368590839966	1	332	362	click
1370514592587	24	621	171	show
1368312050321	69	888	240	click
1372974820768	27	434	150	click
1367395079876	131	806	416	click
1370161104626	118	81	316	show
1372230570770	42	799	336	click
1372564320385	42	96	173	show
1368460387548	78	100	25	click
1370113671737	37	472	352	show
1370533319279	66	903	217	show
1372876141620	127	71	268	click
1369034415922	80	951	137	click
1367500662978	52	300	85	show
1372164231480	103	912	352	show
1368283815293	5	500	398	show
1372926004377	118	908	393	show
1370125522721	19	407	421	click
1372882086383	113	353	210	click
1368627711322	20	125	11	click
1366466384340	44	687	83	click
1367759081634	20	424	45	click
1369360869030	105	310	323	show
1368135526076	3	800	37	show
1369834128854	131	300	488	show
1368252047869	137	786	199	click
1368802206097	6	885	403	show
1368391450071	12	712	227	show
1372319175202	27	195	319	show
1371971753194	23	670	100	show
1372787794434	132	255	222	click
1373665701198	17	130	396	click
1368331499800	27	345	33	click
1367387648009	44	260	163	click
1366832121468	6	542	386	click
1373876202266	15	257	262	show
1367876131289	42	740	386	click
1368845600256	60	132	382	show
1373563658464	98	448	484	show
1372880483292	132	613	78	show
1370523062648	51	117	298	show
1369220006429	72	71	106	click
1366838378904	6	604	403	click
1373253459761	85	704	308	click
1368914380341	113	270	479	click
1367161356497	7	750	8	show
1366968428152	84	162	420	show
1369872920185	15	905	414	click
1370350793214	70	992	287	click
1371580384052	150	665	90	show
1368062312178	92	988	391	click
1372616414520	54	608	22	click
1373124163754	39	384	360	show
1373815148358	57	859	66	show
1370810367111	59	646	111	click
1373562293527	133	188	396	click
1369128902607	148	508	400	show
1371865491863	114	596	43	click
1366699938222	60	610	1	show
1368206492952	66	610	36	show
1370285414111	2	474	336	show
1373085714577	64	431	208	show
1369304613891	28	564	419	show
1372654861281	38	111	454	show
1367482592223	43	659	272	click
1370146420219	60	149	293	show
1371018680487	2	943	400	show
1368682753768	130	627	189	click
1371285912049	10	231	205	show
1369915861268	15	974	245	show
1367584383822	59	647	100	show
1373199148289	10	977	134	show
1369130322930	111	594	40	show
1373870834203	109	846	156	click
1373784137088	41	660	144	click
1367894810003	132	931	329	click
1367428487731	9	449	155	click
1372407592101	139	313	355	click
1370154732671	44	971	391	show
1371704652276	141	38	381	click
1370187514837	126	701	144	show
1371738336755	57	155	208	show
1370458704182	136	771	449	click
1369315364550	11	200	3	click
1372960875521	126	385	165	click
1371748304037	136	693	222	show
1372960004095	5	158	487	click
1372762824420	48	880	397	show
1372176155279	69	360	104	show
1367928135715	138	326	24	click
1369856975871	9	195	407	show
1367619851569	36	695	2	click
1374021861451	38	90	152	show
1371135341804	113	668	405	show
1372485696482	85	698	156	show
1367407320488	106	342	54	show
1372854551507	58	196	140	show
1367838671358	21	141	486	show
1369784785155	52	875	281	show
1369169009176	126	583	274	show
1369361844031	118	859	141	click
1366947644906	140	604	484	show
1370693399001	99	181	27	show
1373702303702	119	111	442	show
1370856883904	120	232	17	click
1371392834419	114	26	276	show
1368196120849	97	753	338	click
1370467081583	110	725	272	click
1367482875983	93	558	426	click
1366875990319	82	915	433	show
1368040527047	47	850	325	show
1367800952977	133	714	267	click
1368248534382	122	767	330	click
1369812993388	131	288	138	click
1373643955983	57	444	259	click
1373671687451	103	379	78	show
1369871453013	115	437	399	show
1373812775124	39	948	223	click
1369124406055	136	198	128	click
1370789748752	83	69	445	show
1369676065920	106	826	464	click
1370785961129	134	896	341	show
1372594551934	7	82	114	click
1373451871801	48	338	178	show
1373919043629	44	244	349	show
1371807290498	103	352	43	click
1372021913464	21	37	135	show
1370604292850	6	398	40	show
1370164995031	79	455	287	click
1373165069754	24	565	127	show
1368240141068	138	142	399	click
1369612331412	64	991	252	show
1368290747905	45	711	217	show
1367628193997	2	212	333	show
1367709855102	22	695	65	click
1372936029853	141	431	326	click
1370557131970	119	114	190	show
1370228125633	55	807	156	click
1369141689493	82	416	344	show
1371239608722	135	477	107	show
1370611553572	89	48	67	show
1371136823304	46	318	305	click
1372333337416	53	467	308	click
1371125767313	146	616	120	click
1370722200901	2	839	249	click
1373570443323	125	994	392	click
1373137618618	83	666	148	show
1371048851692	64	203	370	click
1369747434853	74	421	344	show
1371711446569	55	387	397	click
1369231393793	115	666	319	click
1371319488053	45	198	153	click
1368246307126	143	494	28	click
1371254379721	30	515	437	show
1371417457941	33	391	282	show
1372610959123	146	724	36	show
1366349262614	105	547	148	show
1369076681872	39	925	236	show
1372087040661	38	656	215	click
1370742545194	65	315	352	show
1368604198632	97	523	283	show
1373660632027	144	617	325	click
1373649781244	77	570	145	show
1369393144755	81	698	109	show
1371350188830	100	790	306	show
1370791507992	123	482	169	show
1368249171001	103	365	52	show
1366990428426	76	502	150	click
1373900892492	79	870	215	show
1372514344982	105	295	12	click
1368739774808	122	169	152	show
1370687147706	22	509	133	click
1373058823058	47	580	200	show
1368214248841	95	672	166	show
1371468304597	57	35	30	show
1372397921121	63	169	11	show
1372827910773	2	134	366	show
1370324503145	10	590	341	show
1370163134180	12	774	333	show
1368639485952	84	913	31	show
1367895830869	30	386	202	show
1369981070523	86	742	474	show
1366661379413	56	801	238	show
1369928373778	140	456	39	click
1369751540346	17	876	184	click
1367386617209	65	539	33	show
1373348350042	114	204	134	show
1371110696304	61	602	389	show
1366979142140	15	625	265	show
1370210293464	135	282	9	click
1370730225253	54	121	47	show
1367532059817	144	532	73	click
1372829988561	89	556	335	click
1373928015817	33	594	40	show
1370190447279	12	626	426	show
1368419860871	112	534	93	click
1370980462073	107	589	241	show
1373207247332	47	996	42	show
1373542571383	27	620	61	click
1371134463667	112	288	79	show
1372048287829	28	69	209	show
1369067757498	143	151	409	click
1367498113591	148	758	407	click
1367391866184	74	276	142	click
1366959206185	105	202	126	click
1367622096316	108	675	447	click
1369231959876	64	410	30	show
1367515333001	100	483	122	show
1367702774617	40	623	86	click
1367027357602	17	109	30	show
1369091674145	77	71	114	show
1372372589203	102	842	330	click
1373931125968	46	783	104	click
1372190874042	94	568	357	click
1369306611273	18	716	213	click
1371330928422	25	568	267	show
1368050580402	95	347	305	show
1367907713094	148	560	261	show
1368023290073	18	840	351	click
1369986838340	100	282	389	click
1371957992166	94	325	274	click
1369270990816	117	330	314	show
1370414863127	137	590	456	click
1366357172757	58	240	182	show
1366561571207	97	622	302	click
1371842137425	6	484	361	show
1367414771375	98	428	395	show
1367916983341	29	710	210	click
1370779013084	62	645	476	show
1371675822236	65	303	309	click
1372557081348	118	993	306	show
1370425977980	18	951	351	click
1370116308654	90	393	407	show
1367679309759	103	806	309	show
1373085269214	19	429	266	show
1368276360159	148	404	456	click
1371309824461	100	372	332	click
1366828134640	20	762	179	show
1373985984088	60	687	416	show
1368134512197	60	302	212	click
1366681019168	53	431	147	click
1367732760837	54	907	8	click
1371455084421	86	37	361	click
1373550771357	127	502	25	click
1367600888856	147	725	47	click
1371119746010	37	766	468	click
1368218257407	116	213	488	show
1373905339622	132	45	392	click
1374009341488	106	860	495	click
1373561084362	66	859	480	show
1367558731567	116	773	419	show
1373853876821	36	274	64	click
1370647726780	134	927	315	show
1372266671534	42	568	452	click
1371213111412	99	403	210	click
1369622897248	2	872	7	click
1371862803926	94	601	105	click
1368063694637	92	689	349	click
1367266025153	58	220	141	click
1370386492506	96	322	406	show
1366601209851	46	695	23	show
1373524736515	20	829	437	click
1369657361637	30	792	195	click
1366713195927	96	338	212	show
1373296693531	122	406	263	show
1372580300932	42	807	31	show
1371616202714	17	450	12	show
1369596602663	31	211	25	show
1368643196471	80	363	433	show
1373955264962	62	482	285	show
1368022474155	140	255	102	click
1371249726126	70	611	350	show
1368419107776	47	975	83	click
1368887904317	60	285	78	click
1372835644915	138	736	451	show
1369613438370	115	418	255	click
1372868031881	143	572	294	show
1373561466623	61	285	417	click
1373057803488	136	638	235	click
1368444552765	100	963	115	click
1366554721431	62	435	396	show
1371194780342	16	406	416	click
1369138787945	136	255	291	click
1367624767515	26	658	424	show
1374017799995	58	421	39	show
1368538938373	106	246	275	click
1371868524830	102	279	132	show
1373007220856	110	369	376	click
1367369272498	142	891	145	show
1368318431286	88	611	465	click
1369626735583	96	950	410	show
1372333392633	110	701	279	show
1372722574345	78	254	56	show
1367286491469	13	73	332	click
1369771211931	17	459	206	show
1371093244410	128	379	25	click
1369188393858	23	836	442	click
1368758941625	122	975	256	show
1368654296652	29	194	310	click
1370292233626	103	782	68	show
1370324381928	142	877	152	show
1366833468953	101	49	44	show
1369863865160	87	791	13	show
1367866340785	80	114	164	click
1373653816088	74	562	493	show
1369411112950	147	878	46	click
1367451250186	96	152	255	show
1369846310997	142	327	287	show
1371579736656	66	953	197	click
1370737467446	82	805	100	click
1367269604846	142	648	330	click
1372776398254	105	799	97	click
1372766787346	98	757	128	show
1368992506086	67	840	472	click
1372316601155	49	560	258	show
1369419739631	113	104	26	click
1368325346140	116	802	90	show
1371932361179	36	862	100	show
1373847922166	138	56	148	click
1370071013833	54	212	453	click
1368284464524	129	400	408	click
1371439485370	4	105	312	click
1369624419591	58	162	460	show
1371199792095	67	76	470	show
1366990762494	93	4	325	click
1372973801477	29	423	39	show
1373058600317	72	293	351	show
1373645211793	66	722	342	click
1371051262927	67	725	369	click
1370554322914	52	124	442	click
1370219818168	64	101	286	show
1370560954023	104	168	296	click
1367682901437	40	299	114	show
1367020968306	136	995	148	click
1373756519557	147	488	20	click
1370403342169	56	23	155	show
1367001709326	19	696	243	show
1369253763675	101	624	23	click
1372847987304	42	287	115	show
1373830116204	47	394	466	show
1372092422817	82	47	445	show
1374115041682	94	635	449	show
1369673054221	37	770	71	click
1366503145421	71	640	216	click
1368284142743	110	666	313	click
1373087327559	145	410	56	show
1367267209391	53	344	71	show
1368508856260	34	544	460	show
1368922734515	49	390	436	show
1369188546087	146	179	184	click
1366413777122	131	337	41	click
1369230164085	20	544	102	click
1371891910746	27	617	214	show
1366626299686	118	138	235	click
1371368049501	124	911	222	click
1366412652844	21	14	71	click
1367459224842	42	726	301	click
1371027378656	137	202	198	show
1372251723595	111	440	69	click
1369466621270	128	432	204	show
1367473218289	43	465	431	show
1370397827986	52	696	485	show
1372910432848	18	692	223	click
1366387711434	65	88	281	show
1367344317677	16	961	268	click
1367235359679	68	715	245	show
1368413950701	45	355	223	click
1369755999394	117	227	318	show
1368326485617	114	35	365	show
1369150118399	15	407	152	click
1373537662093	110	566	308	show
1373918254951	90	922	104	show
1374105144694	145	690	277	click
1370101344990	134	464	444	show
1371871653039	70	584	381	click
1369309314205	72	369	159	show
1367492726891	18	10	252	click
1371050375778	5	462	309	show
1370889048022	99	177	148	show
1370210649654	79	257	114	show
1373630649907	124	361	325	click
1369394381127	116	967	442	show
1369190326588	102	622	169	click
1373154436706	39	103	25	show
1369053598800	87	363	384	show
1369216995899	30	93	253	show
1371150263466	5	106	316	click
1367289553551	48	925	261	click
1367873290954	108	172	346	click
1370965536884	105	1000	339	click
1366447987786	45	820	462	click
1366915225001	69	518	335	click
1374184077034	76	494	167	click
1370307427116	81	38	249	show
1367759030034	112	193	375	click
1371468747217	32	286	147	click
1370526198204	126	648	136	show
1370620423207	139	146	418	show
1369454644644	40	855	444	click
1373209566869	64	747	371	click
1370413844084	32	38	192	show
1373397410200	50	438	460	click
1370434714177	53	711	255	show
1368739095913	136	569	244	click
1371977904488	126	675	308	click
1369665182426	87	422	273	click
1367239812491	46	791	263	click
1370242495579	41	127	102	show
1372067412688	53	481	72	show
1368372312103	133	100	419	show
1372317800724	142	245	203	click
1370668643986	138	75	482	show
1367078883400	67	86	67	show
1370666252164	101	616	342	show
1371460587336	43	261	60	show
1370041594710	83	491	332	click
1367660619944	113	13	249	click
1368921335174	83	37	470	show
1368313159711	40	272	131	click
1368606742806	122	868	217	click
1368418088258	114	141	343	click
1369446757384	132	24	242	click
1371539120945	5	708	353	show
1370767128970	106	383	312	click
1366803918660	103	420	114	click
1371387936722	68	329	111	click
1367829580631	55	166	259	show
1368762165441	91	582	220	show
1373962718747	105	661	202	click
1371080246945	143	354	107	show
1369774040100	8	375	56	click
1372351518597	148	752	321	show
1369993183285	105	450	161	click
1370607467338	3	981	500	click
1370365180284	125	504	70	click
1369686048986	134	222	186	show
1370538922082	99	654	406	show
1371333990849	49	702	294	click
1369476287839	19	544	191	click
1373388471368	113	273	444	click
1369798182660	112	330	286	click
1367831937897	101	840	310	click
1371779529057	71	73	26	show
1370417685829	32	773	347	show
1369088317675	75	71	153	show
1373462855942	112	674	272	click
1369603752217	127	896	176	click
1373518347273	51	487	279	show
1373685345145	46	858	450	show
1372657783515	137	693	318	show
1368920001939	100	657	305	show
1372900354516	117	974	164	click
1370092344251	66	612	66	click
1369751472420	109	491	62	click
1371650976572	72	52	398	click
1369692617856	118	627	475	show
1369239962587	56	488	112	click
1367414522232	79	598	151	click
1371616389383	21	117	324	show
1369467157673	27	611	143	click
1368107027857	134	946	354	show
1368441922024	114	341	345	click
1366845058955	16	38	123	show
1370358401778	150	829	422	show
1369105727175	11	85	209	show
1367460836245	6	431	235	click
1368243896120	141	309	127	click
1373601217124	136	972	19	show
1369080138312	131	275	367	show
1367827861396	87	491	450	show
1373352676560	43	828	123	click
1371472594873	100	389	433	show
1366349337472	141	252	481	show
1371099690606	28	3	325	show
1369041919197	9	90	60	click
1369482612719	49	426	107	show
1367407637137	148	383	389	show
1372298775121	79	245	398	show
1367824285325	108	552	166	show
1366755042768	60	701	50	click
1368124662609	37	838	125	click
1370677014689	101	5	42	show
1366695717571	6	850	240	click
1367814795502	29	54	359	show
1368576943948	107	462	113	click
1366348377593	132	585	454	show
1371639006428	11	90	411	show
1371220189686	59	246	9	click
1373598417972	127	822	403	click
1369953419280	126	775	65	show
1372687813987	148	73	429	click
1373008463209	57	605	230	click
1369126355505	81	428	421	click
1367650239611	131	40	14	show
1368975208273	94	138	447	show
1366887746864	103	131	423	show
1367888392899	99	147	412	click
1373441785578	12	163	70	click
1367294516375	114	226	424	show
1372485793629	25	223	397	click
1370068048268	131	8	451	click
1370013638001	58	335	326	show
1372421852441	79	405	236	click
1369114438614	41	525	499	click
1371183817471	145	821	452	show
1369429681169	78	823	357	click
1370152420771	141	960	462	show
1369577893962	60	464	3	show
1368960457305	138	315	7	show
1367981232233	122	976	214	show
1367606836337	58	930	349	click
1368768828859	78	159	95	show
1369422813711	67	954	234	show
1367453782744	50	862	145	click
1369207758513	52	134	13	click
1371835956626	145	350	475	show
1374103506532	107	965	309	click
1372671356287	100	935	197	click
1369828182003	81	528	312	click
1370235683647	30	547	84	click
1368628094238	126	976	56	show
1367276162616	126	540	83	show
1373504694147	135	847	227	click
1374198372709	54	734	324	show
1366794545065	129	208	334	show
1369784682015	40	379	267	click
1368574191044	46	545	321	show
1369588043012	17	880	162	click
1369649849113	46	775	229	click
1367197183503	78	525	435	click
1370099999401	146	895	117	click
1368987816049	19	530	409	click
1368029384142	37	600	341	show
1370420821962	11	999	402	click
1368747628288	38	646	235	show
1366733925327	136	671	16	show
1369812592374	9	114	336	show
1373472238542	101	228	232	click
1369755197127	62	443	31	show
1370555855567	120	450	43	show
1373526389100	9	351	204	click
1368912324315	144	465	5	show
1371023115577	49	516	98	click
1369405612935	123	530	220	click
1370848379018	37	965	470	show
1367958848356	122	169	172	show
1369879210862	43	376	240	show
1372671393743	44	37	53	show
1371738895613	105	910	324	click
1367042972434	54	900	368	click
1373284491509	118	51	192	click
1366954461247	75	431	413	show
1371171831390	68	801	232	click
1370849314671	136	28	280	click
1368725696298	145	145	163	show
1369687992375	140	398	56	show
1366669411831	103	255	310	click
1367940800040	38	273	32	click
1368223132979	107	176	477	show
1372313783395	123	424	18	click
1370939762243	143	204	428	show
1370752763662	21	993	450	show
1372732514542	93	710	96	show
1369716216546	15	315	295	click
1367719145883	113	173	53	click
1367392497394	33	509	178	show
1370914975481	133	342	277	click
1372146979179	73	600	219	show
1370672194078	145	670	487	click
1368814237037	14	445	135	click
1372359464161	53	434	360	click
1369844371070	124	911	112	click
1368456074236	116	329	152	show
1366691604137	64	252	455	show
1368463768897	138	335	269	show
1373089624888	119	563	102	click
1372978792998	10	341	473	click
1367744251765	12	774	184	show
1366924527748	123	285	107	click
1367917113219	84	671	44	click
1372861076531	74	50	434	click
1366421205721	74	10	475	show
1372206216936	20	13	236	show
1371588211744	51	378	332	click
1372233936583	62	138	313	click
1368493525862	41	458	67	show
1373689144177	120	792	451	show
1369051560839	110	650	232	show
1369737227001	92	537	225	click
1372824230893	139	447	350	show
1373962803068	140	506	269	show
1370360647764	14	520	83	click
1373653938325	58	416	89	show
1367455228535	87	508	430	click
1372472107594	16	85	314	click
1369220140479	119	194	10	click
1367846064020	72	592	15	show
1369359099428	29	442	266	show
1368765889733	67	332	20	click
1374192193461	54	186	104	click
1367348792340	50	791	79	show
1370657745181	36	779	252	click
1372696724622	54	814	257	click
1369921335109	100	370	236	show
1367432589417	33	938	487	show
1367958645727	40	789	39	show
1368055211473	49	28	280	show
1368982009283	47	446	216	show
1369684292976	118	691	342	show
1370893059151	86	323	323	click
1371728184314	48	692	377	show
1371193787020	68	804	141	click
1373745471749	99	321	80	show
1373905827025	114	225	322	click
1367856964111	7	675	256	show
1372499496100	145	313	321	show
1371185160080	70	102	151	show
1371688942579	33	324	59	click
1368985241623	14	393	421	show
1370738296703	138	462	320	click
1371071605312	64	807	151	show
1366756970521	33	450	179	show
1372341481486	140	138	133	show
1371810801509	92	739	444	click
1367367750545	118	947	105	show
1374139358888	3	981	124	click
1367992328633	126	225	231	click
1368137137008	24	384	361	show
1368955755887	148	743	416	click
1367779947567	20	94	193	click
1367947267470	105	15	169	click
1372243446364	3	858	96	click
1368410966384	114	418	195	show
1370425379941	51	271	313	show
1372182480039	55	408	99	click
1368367689152	54	936	460	show
1371456970667	95	600	403	show
1368367125199	92	696	98	show
1373842350212	137	614	495	click
1370258424046	64	6	451	click
1367048501157	89	49	78	click
1373882945508	121	742	209	show
1366538052762	61	385	156	show
1368446398523	53	548	445	click
1372188782202	42	75	81	show
1371486334158	120	51	234	show
1372396027104	11	83	70	click
1374128378407	115	613	38	show
1373512714383	106	884	447	show
1366848995425	75	948	60	show
1369218368743	66	349	50	click
1373714130285	148	217	4	show
1368383003646	85	428	258	click
1372709456559	120	330	357	click
1367797450376	3	846	336	show
1370421190811	67	615	433	show
1369011097293	92	819	225	click
1372786609513	53	411	298	show
1367062349420	135	761	254	show
1372850967138	93	268	175	click
1366553228364	81	28	130	click
1372383647046	113	458	58	show
1371947109360	39	457	148	show
1367133272796	10	797	199	show
1366822400600	43	6	168	click
1373718352204	91	972	173	click
1372889113026	95	356	466	show
1369537919359	90	366	300	show
1367961383026	117	469	149	show
1367552462508	62	935	5	click
1369326421220	22	942	475	click
1369097914653	139	821	312	click
1369739119502	142	114	347	show
1371773254418	40	943	415	click
1374177266995	67	848	220	click
1373707032621	92	776	139	click
1368741868905	92	70	69	click
1369338898274	50	678	47	click
1371487990743	30	652	317	click
1366914361803	65	634	120	click
1371202500406	103	67	251	show
1367444853342	90	342	308	click
1371173491374	5	471	353	click
1371019221501	63	727	22	click
1372724968931	110	298	164	click
1369191127444	1	706	191	click
1370518825317	143	978	15	click
1368727029732	103	668	417	show
1372909842612	17	204	199	show
1371455499090	123	786	210	show
1367263427520	128	874	161	show
1366945681594	122	559	480	show
1367945544766	31	96	191	show
1373555925147	5	95	487	click
1371969817865	99	214	307	show
1373849700330	37	517	301	show
1368176746280	75	229	136	show
1373141553676	145	672	200	show
1367631903351	61	613	25	click
1369675774223	123	28	248	click
1370997295924	64	409	259	show
1373497080457	53	625	460	click
1372295582969	116	497	58	click
1371609943844	133	106	319	show
1373265754972	71	89	403	click
1367353253014	6	150	259	click
1369444099034	113	973	87	show
1366409091922	94	84	469	show
1367873962509	9	938	493	click
1368760299858	25	901	276	click
1366569181027	98	456	241	show
1372115464147	131	786	304	click
1370869803842	130	907	474	click
1369586795505	97	524	313	click
1369573231789	27	224	419	click
1368605107994	150	342	192	show
1369091333966	53	880	2	show
1373864390350	142	66	494	show
1368284994817	45	259	121	click
1367686461901	116	789	165	click
1372733139130	21	701	121	click
1370611444223	134	576	431	click
1369746507412	84	476	148	show
1367528867649	73	719	179	click
1373623608739	76	236	44	show
1369576707225	64	371	44	click
1373305095818	148	478	186	show
1367450908206	59	511	14	click
1367859294900	2	592	164	click
1368763688576	32	568	406	click
1374162387758	112	953	379	click
1370243494866	38	130	494	click
1368828922413	90	964	274	show
1369110932415	36	278	312	click
1370916494108	14	784	66	click
1369923966583	128	477	193	show
1373955339485	18	609	331	click
1366987090758	7	728	52	click
1372553668845	95	970	393	click
1370940462530	144	372	26	click
1370309475781	63	633	176	click
1373885718797	99	987	86	show
1370767648067	84	821	259	click
1367130165447	66	359	342	click
1373884097963	45	7	417	show
1366754404393	61	817	267	show
1370928594729	5	166	3	show
1373496801941	86	140	203	click
1369975661487	72	409	346	click
1372844188724	144	702	343	click
1374039781484	125	535	305	show
1367653704995	58	789	30	show
1373353653770	103	257	58	show
1373590678069	91	314	19	show
1372291519047	98	130	477	click
1373486499744	99	334	386	click
1367995694687	49	584	377	show
1369708419836	148	57	469	click
1373516930333	116	631	487	click
1373387350117	77	611	305	click
1369086914272	126	876	32	click
1370774115616	144	48	12	click
1372182732349	107	984	442	click
1372889930563	5	651	57	click
1369850974078	55	398	240	click
1366510103098	58	826	43	show
1370757179293	107	122	255	show
1370737685933	2	134	165	show
1367200093013	6	667	239	show
1367133260435	86	271	495	click
1368500040351	51	919	91	click
1368067754583	121	418	372	click
1366425129346	61	915	218	click
1373889721580	80	425	384	click
1367322354006	119	493	129	click
1373571494716	113	966	38	click
1367420830903	96	679	207	show
1368299219662	10	587	324	show
1367591884390	142	282	106	show
1368609029764	147	588	227	show
1370994857740	16	465	375	show
1372813922833	83	664	71	click
1370626486453	60	71	437	click
1373391716534	64	511	237	show
1368860669026	66	418	377	show
1372141639846	66	677	376	show
1369944588188	53	585	23	click
1371113190609	47	532	56	show
1368654304793	10	559	319	click
1371585825872	77	620	447	click
1371517309992	89	366	269	click
1370917841420	99	970	37	show
1368679997556	132	533	391	show
1368360974312	109	388	281	show
1369339086740	67	852	176	click
1373899927492	104	293	477	show
1373297002327	88	37	425	show
1370319153915	87	430	128	click
1366818562490	140	605	243	click
1368585360362	15	740	444	click
1373755897423	147	856	30	show
1373219950794	11	121	391	click
1370924863751	116	555	477	click
1373264469393	112	954	229	click
1372588305906	62	444	7	click
1371661972632	40	5	480	click
1367899718326	122	439	422	show
1369038770674	18	22	4	click
1367226230815	119	448	52	click
1369918589654	34	626	353	show
1368553246362	39	160	369	show
1367744176552	17	101	81	click
1369258845203	104	748	236	show
1373369330321	19	844	358	click
1370662380190	89	536	56	click
1367440258198	134	501	362	click
1368794675590	146	889	28	click
1369170521296	31	704	70	click
1369563645093	59	908	104	show
1369157585544	82	268	265	show
1369037296473	79	794	157	click
1369480254598	146	829	304	show
1373995184633	29	941	49	show
1370241518414	123	430	275	show
1371308264745	46	352	309	click
1368862852580	143	866	370	show
1371383304859	3	331	64	click
1372714580001	101	624	85	show
1367672586683	48	694	286	click
1373520201827	101	980	245	click
1373816605854	94	369	71	click
1373127158911	110	691	189	show
1367285722544	109	874	406	click
1367018031655	45	277	60	click
1369169476783	44	338	429	click
1372780323774	130	581	409	show
1367575924215	53	254	254	show
1370953469650	95	663	257	click
1371197569615	104	832	430	click
1372074761110	94	663	313	click
1373713202058	127	153	287	show
1368438078174	2	981	269	show
1366890353833	99	725	107	click
1368365365093	37	410	142	click
1368253602785	31	109	401	click
1366692478428	12	569	53	show
1373754442825	33	402	62	click
1371919537129	49	245	121	show
1371276262724	31	956	101	show
1368277979857	44	735	67	click
1372858508908	13	255	156	click
1369824640311	148	84	161	show
1373984861763	106	725	468	click
1367395347830	45	966	474	show
1374063358664	85	869	170	show
1368876560444	127	98	344	click
1373400893903	10	62	361	click
1370754427682	15	224	491	click
1368121598049	136	283	328	show
1371019098971	112	27	155	click
1373751375544	6	457	430	show
1370961477356	80	128	167	show
1370266774672	38	392	289	show
1372433140454	145	671	80	click
1370149118190	62	980	220	show
1368694359341	32	769	343	show
1373792597236	147	641	93	click
1370927749504	63	354	451	click
1368089032116	86	508	66	show
1367386065295	82	632	131	show
1368623346156	73	352	335	show
1373275557410	24	145	272	click
1371870411452	80	605	139	show
1370255290745	133	918	253	show
1366839045512	138	726	211	show
1373691930205	77	57	52	click
1368809825905	16	798	195	click
1368853318224	69	733	481	show
1367497658122	92	725	380	show
1367258429023	43	423	337	click
1369861191924	132	868	474	click
1370172657134	125	486	394	show
1367049732735	1	664	407	click
1368276404111	72	971	445	show
1366618288236	127	256	464	click
1371355699029	52	742	198	click
1369874456157	40	986	461	click
1366377919375	34	359	413	show
1367744746080	40	357	500	click
1367650409389	54	256	74	show
1367507038252	9	511	42	show
1372322231811	101	915	115	click
1372742040917	58	466	444	show
1373461034782	103	507	77	click
1366354892753	146	729	195	show
1369354357643	42	960	143	show
1368745485131	123	738	7	click
1373624180003	13	131	248	show
1367704858247	61	475	370	show
1371345421224	41	411	398	click
1373811618234	143	422	461	show
1368493275077	38	798	387	show
1366837375052	121	334	374	show
1367099645168	135	889	119	click
1367500667712	139	587	474	click
1374110386076	30	523	496	click
1372866666194	27	820	186	show
1370658830133	24	176	468	show
1367904502724	13	998	413	show
1367299864296	145	124	70	show
1369128515391	55	264	346	show
1367733265237	88	286	316	click
1371619569827	132	82	263	show
1366615747500	69	424	234	show
1369500200972	18	701	173	show
1370424361312	146	667	344	show
1368211330550	85	638	176	click
1368290415402	106	348	336	show
1373391676644	93	77	272	click
1368776947999	114	959	111	show
1371403890571	144	675	202	click
1369356419811	116	154	281	click
1371243179375	70	966	50	click
1372149722391	54	157	242	click
1372665771523	8	358	208	show
1369222178816	127	25	142	click
1370829245768	6	974	178	click
1370929890326	43	880	405	click
1366991164811	51	465	394	show
1374091956160	149	772	77	show
1371993230697	22	813	219	show
1368431052342	8	13	471	click
1370507508847	113	434	122	show
1370566609413	83	51	315	click
1371030544628	132	685	167	show
1374195254710	37	11	106	click
1367700481567	140	331	110	click
1371754359362	40	251	157	click
1374188775103	19	153	9	click
1371349760501	123	425	385	click
1371860651285	141	237	183	click
1372654002497	43	747	398	click
1371600243548	5	541	6	show
1371466549712	24	983	224	click
1366643548124	41	261	12	show
1370411600176	74	107	416	show
1372139202035	3	263	130	click
1366911583644	102	322	217	show
1368286083900	4	970	277	show
1373854514102	107	228	183	show
1369545229594	113	648	304	click
1374041824613	93	757	13	show
1372086104001	125	640	302	show
1368983569765	2	195	379	show
1366968178572	22	351	153	click
1366768013804	68	674	345	click
1373685232991	60	572	212	show
1373077548413	132	605	368	click
1371589581170	3	471	437	click
1368462998283	80	174	108	click
1369377479898	78	923	460	show
1366505919230	53	988	75	click
1369506146175	118	6	377	click
1370524349938	6	807	319	click
1369407507402	87	720	150	click
1370590461794	91	260	431	show
1372993559467	121	282	97	click
1371856462901	40	37	70	click
1373979240628	23	402	481	show
1368670193940	129	263	369	show
1370034054134	61	313	410	click
1369936529999	55	472	253	show
1367735325865	95	528	150	click
1367396942888	106	104	381	show
1369541240699	21	226	329	show
1373246984134	150	806	346	show
1368926745469	28	298	161	show
1373649466579	4	624	30	show
1372218606520	114	50	494	click
1372530230028	105	339	260	show
1370032001623	1	591	327	show
1373808467141	113	953	347	show
1369108726548	72	579	195	show
1367973062587	144	383	487	show
1372904132093	73	151	102	click
1367139509790	34	572	107	click
1371213605050	79	128	132	show
1373781507172	2	533	188	show
1366669331104	88	583	297	click
1372142724558	80	219	219	click
1372597372296	62	393	297	show
1370526308447	99	9	213	click
1366684235157	67	910	342	click
1367722442659	44	672	324	show
1370935111156	18	469	252	show
1373331123226	125	691	379	click
1371728533223	40	696	3	show
1369345146444	57	32	261	click
1372793708883	98	496	137	click
1370319070457	14	340	137	show
1370907205460	91	291	93	show
1368055680105	2	568	235	click
1366563876349	129	81	145	click
1371765035205	55	395	289	click
1370879964805	124	53	288	click
1372905791765	118	259	99	show
1368822589063	75	352	67	show
1371091309369	63	637	453	click
1373933195640	6	991	169	show
1367055811409	95	32	274	show
1374064172327	69	856	287	click
1370281702657	145	951	23	show
1371615540776	3	809	372	click
1373933250394	32	515	44	click
1367667971609	111	1000	80	show
1367602121167	49	593	361	click
1371068005654	38	209	212	show
1372011368960	56	766	88	click
1373747000662	55	174	165	show
1366998633716	147	158	247	click
1369720294981	111	917	131	click
1373612395934	1	284	164	show
1370861586037	35	788	482	click
1366385857999	112	336	104	show
1372499904216	143	122	436	click
1372819590320	68	510	354	show
1367919109734	68	137	19	show
1371914889242	103	748	427	click
1371067093887	15	205	303	show
1373911122176	139	349	442	show
1367824429672	96	533	316	show
1368384855655	77	326	189	show
1371242185473	53	533	194	show
1366926515280	85	348	108	show
1373207114062	12	419	380	click
1367552596938	80	53	85	show
1370065824596	129	473	271	click
1369975239537	132	583	500	click
1373424828260	18	622	114	click
1369106655215	132	1000	321	show
1372350450875	31	265	138	click
1368579843858	24	724	85	click
1366516968958	139	930	341	click
1371668764351	93	795	287	show
1371386306584	19	366	140	click
1373889229598	112	647	289	show
1372376035153	141	74	462	show
1367855154438	74	211	205	show
1373389278193	35	691	423	show
1369740587267	46	122	247	click
1371320428535	30	559	157	show
1371837796706	107	972	300	show
1367496706763	69	518	323	show
1368581769726	95	116	493	click
1368726495405	131	786	297	show
1373753386621	50	761	479	show
1370453978553	127	757	70	show
1373314996643	84	682	486	show
1370669758185	46	831	337	show
1370570221130	93	72	430	show
1372669670902	49	826	358	click
1369516481073	40	772	188	click
1369848092242	107	382	437	show
1370752934328	39	337	18	click
1372369187663	30	115	377	show
1367257979208	112	732	223	click
1369586358776	3	988	107	show
1366870488959	125	94	311	click
1371126495188	109	41	253	show
1369450354461	136	370	405	click
1373481239504	4	514	150	click
1368373182496	33	493	132	click
1367877580115	53	664	421	click
1373793669903	110	219	209	click
1371080535685	129	7	183	show
1367176112684	41	439	321	show
1367213153031	56	615	115	click
1373948951571	55	326	377	click
1367090066677	116	328	210	show
1367023301498	5	681	65	show
1368356568282	56	194	164	show
1368098369644	65	142	478	click
1369551387266	58	457	439	click
1369677664407	47	755	318	click
1370709181016	136	664	421	click
1372210276351	108	543	190	click
1372531290915	92	69	252	show
1374087231063	44	29	374	show
1369068834204	70	965	57	click
1372990537445	127	604	213	click
1367736076810	89	324	68	show
1369378596074	16	750	461	click
1370560073390	61	654	210	click
1368510099155	132	623	65	click
1369251026732	13	258	402	show
1366347888422	76	52	216	click
1368541007001	62	55	257	show
1373433723553	42	901	404	click
1373946658034	56	210	299	show
1369373020143	115	943	69	show
1369643961793	129	619	469	show
1367055733945	144	444	220	show
1372344829631	16	632	464	show
1373234170043	18	758	345	click
1367269867158	129	154	304	click
1369774150837	53	113	399	click
1368404112472	136	184	97	click
1366765184335	65	105	476	click
1372376879899	66	412	340	click
1370009400620	149	731	93	show
1371984685696	3	358	379	show
1371899975821	53	139	134	show
1373441122612	115	929	110	click
1373640576469	111	564	182	show
1369523898538	107	956	488	show
1366624946654	146	13	83	show
1373015934437	103	738	70	show
1366420758612	86	470	492	click
1374094269381	133	87	417	click
1368399426388	116	557	332	click
1371767209728	9	152	408	click
1373044086959	40	534	441	show
1369969435320	96	30	488	show
1367491095425	148	279	464	click
1371034623277	27	153	246	show
1366754105012	23	519	9	show
1369541737356	27	483	193	show
1373447352232	37	563	437	show
1369268048696	81	740	212	click
1372205960604	21	359	122	click
1367528323283	50	734	369	show
1372701284020	21	240	411	click
1372339550585	40	746	230	click
1367430680684	22	671	336	show
1371204001832	67	268	71	click
1369171595677	130	522	495	click
1370692706599	80	928	84	show
1369502929126	44	667	131	show
1372697811621	22	625	192	show
1366565215462	26	200	91	click
1369533491108	142	497	410	show
1367151904612	17	306	218	click
1370253728305	70	499	261	click
1370464758235	18	848	424	click
1368507531084	43	835	457	show
1373078921530	18	475	250	click
1366558026534	26	412	165	show
1373393983680	30	934	436	show
1369298663252	114	568	37	click
1367578318646	84	718	393	click
1366802313195	81	82	393	show
1372873055910	128	63	306	show
1372986423982	59	331	203	show
1371887421087	102	384	476	click
1369990239145	127	192	287	click
1368073601609	93	507	125	click
1372919676306	18	711	80	click
1371850718716	60	633	18	click
1372918010160	111	933	250	show
1372070631543	50	488	270	show
1367301123948	102	230	440	show
1367842909190	77	761	471	click
1367799497002	93	778	39	show
1372989856903	71	669	191	show
1367585881623	104	412	134	click
1368256629489	69	350	185	click
1373187516978	11	818	10	click
1366551829730	102	270	434	click
1370943793552	112	914	61	click
1366732835119	145	124	49	show
1372548763462	22	302	32	click
1369272237649	83	255	308	show
1373652458109	39	913	293	click
1367083700479	123	898	188	show
1368461078491	90	761	385	show
1372007716179	135	536	122	click
1368595516138	35	70	27	show
1374077263288	136	510	7	click
1368426980946	42	279	91	show
1372122777331	83	731	83	click
1372669362603	95	487	489	click
1367933918720	137	885	346	show
1366632416634	123	894	337	click
1369541585413	60	208	344	click
1373862955442	79	538	141	click
1371769703797	117	207	424	show
1370478719624	53	878	165	show
1369768428892	58	995	282	show
1366711632334	77	535	242	click
1366533693396	28	579	93	show
1373215114003	56	889	257	show
1373122733297	118	720	287	click
1371680353237	7	866	360	show
1367091546394	5	365	298	click
1371384631736	39	2	78	click
1368479980246	64	409	393	click
1366820445146	60	879	28	click
1369221302915	69	100	339	click
1373952091846	54	110	443	show
1371417080686	37	669	432	click
1370663458218	123	617	148	show
1371400395925	48	432	89	click
1372775368278	54	498	474	click
1371036421901	42	937	428	click
1370632275912	106	422	289	click
1371789527627	6	232	440	show
1373769281504	125	518	396	click
1367731800847	79	394	156	show
1368261273788	64	614	218	click
1370809935386	94	747	75	show
1372836665872	28	891	462	click
1372200412769	46	241	139	click
1367614131208	28	419	66	show
1368237069795	72	67	225	show
1371339634708	121	864	487	click
1369094433982	45	541	495	show
1369725906817	124	648	95	show
1366754588950	115	741	69	click
1369306985700	104	755	444	show
1374001022566	89	849	270	click
1369753329265	51	960	339	show
1367219750203	38	623	129	show
1366900572566	112	144	156	show
1367000278114	77	978	107	show
1371292804129	57	100	28	show
1373307055301	33	892	341	show
1373487324889	119	679	138	click
1367411494877	21	498	108	show
1367029091670	48	917	497	click
1366594053227	39	220	175	show
1371373920222	20	98	451	show
1369695488881	83	495	74	click
1370952675175	137	709	14	show
1368169701606	46	519	235	show
1369864734527	118	494	113	show
1369966561843	137	221	463	show
1373965954702	59	913	444	click
1367142954460	68	429	143	show
1369636174227	119	605	299	click
1367372789251	96	420	404	click
1373707981499	117	866	144	show
1371329898053	35	632	485	click
1373900083886	25	489	16	click
1370816110477	91	613	330	show
1370793488515	90	458	425	click
1369337673758	143	470	20	show
1371352328790	127	323	416	show
1373614566526	56	459	366	click
1371598639780	2	635	14	show
1368989219681	148	236	72	show
1372295860294	116	253	231	show
1370649499526	137	309	253	click
1368133460995	103	719	61	click
1373430211374	88	166	162	show
1367341171929	18	591	45	show
1369670103076	34	390	214	show
1371643905386	96	866	419	show
1372345694945	137	938	500	click
1369294163198	115	665	398	click
1370086947001	110	461	10	show
1371075729671	128	281	172	show
1366987298110	104	742	84	show
1369479567320	130	558	127	click
1370643172349	97	75	336	show
1370600441308	102	774	229	show
1371943747725	142	607	492	click
1367704850494	145	984	100	click
1368855694757	142	270	343	click
1370841650990	82	293	50	click
1370137933261	58	99	262	click
1373234124952	36	745	54	click
1370896532194	34	362	167	click
1372214597910	33	853	137	show
1368391703200	50	355	407	click
1370665967041	45	234	354	click
1367943583023	80	873	474	click
1371943522113	6	599	245	click
1369461595955	17	153	118	click
1368413810813	66	7	45	show
1372234929684	133	64	222	click
1373482342061	7	52	329	show
1372363101628	119	593	205	show
1369068928481	64	849	427	show
1369364139300	89	631	450	show
1367358003159	16	675	277	show
1369109745061	76	631	106	show
1368204169804	51	607	139	show
1372331377006	16	342	194	show
1372213390107	18	148	219	click
1367110119360	58	449	93	click
1369454100984	149	845	426	show
1373200414142	57	865	1	click
1371330328276	90	643	242	click
1371502477557	59	487	462	click
1366759832812	61	701	218	click
1372786675241	102	821	76	show
1371473794385	25	275	170	show
1371943455718	69	811	458	show
1373885423051	111	505	226	click
1368571202264	113	90	207	click
1368750952701	77	830	83	click
1367509248385	103	992	413	click
1369402234309	71	922	260	show
1367582324844	28	172	396	show
1370321938146	10	177	143	click
1366383159053	29	533	308	show
1371855952691	116	316	272	show
1367137621514	115	248	150	show
1368058368802	127	271	105	click
1370815398024	17	122	113	click
1371400402183	22	812	486	show
1369713326251	16	224	317	click
1366441905853	133	470	352	click
1369276273088	129	378	170	show
1372050808980	114	4	327	click
1369021618105	119	641	159	click
1369833098902	65	725	216	show
1366976670924	41	855	167	show
1369238893694	72	512	268	show
1368248054054	128	832	112	show
1373647118427	31	310	126	click
1367538003822	1	709	196	click
1366368337216	52	790	157	show
1370059987522	92	947	317	click
1370206564402	108	377	227	click
1372226625205	39	534	425	show
1370492415134	115	338	425	click
1368128135862	84	510	477	click
1372612798377	129	868	304	click
1369454275514	41	290	152	click
1369849439136	72	151	252	show
1368799499942	114	929	495	show
1372295241801	61	403	87	click
1369778913059	54	486	317	show
1372569849872	88	352	306	show
1366833888872	60	512	444	click
1369276659182	41	589	155	show
1371372082518	86	94	357	show
1371171171327	68	24	242	show
1366991238779	149	691	171	click
1370843225634	10	603	441	click
1372132089201	147	94	85	show
1366981523921	67	567	165	show
1369486502379	27	944	141	click
1366734227896	134	322	363	click
1369523570130	147	993	8	click
1371199954350	143	623	160	show
1370436839979	78	148	67	click
1372012726298	18	25	225	show
1372648132830	8	871	317	show
1366662278161	17	661	198	click
1369538696771	69	990	434	show
1373699210574	145	144	79	show
1368222981454	113	709	41	show
1371664969352	88	143	45	show
1367539250789	19	253	194	show
1373278180008	43	481	45	click
1371531758340	55	94	175	show
1369907661313	24	891	28	show
1366772072669	115	495	384	click
1369827429828	88	501	491	click
1370764386604	1	281	169	click
1367772348126	20	346	275	show
1366515002954	15	679	211	show
1371477992926	74	592	189	show
1370715040828	21	265	283	show
1374010283337	60	905	33	show
1372987195291	63	19	123	show
1368781096385	90	103	130	show
1368695203850	142	974	491	click
1371724408675	101	998	353	click
1371191504475	12	974	439	show
1374119632592	105	235	235	show
1373930054412	130	86	56	click
1371542712069	62	299	153	show
1372037852576	23	297	149	click
1371806780836	68	107	305	click
1371728965072	82	125	442	show
1371573985853	72	992	99	click
1368382313432	46	527	280	click
1371178586327	19	706	379	show
1366909197023	142	998	453	show
1369454299722	132	212	258	show
1369451238736	13	262	305	click
1371508097309	36	553	217	show
1368608125506	2	851	191	click
1371578262995	88	835	437	show
1372708854091	98	154	395	show
1369772288380	42	518	121	click
1370751120789	149	594	328	show
1369373550400	148	501	82	click
1369019294359	142	984	202	show
1366853459171	35	492	340	click
1372055846280	129	161	226	click
1370992522456	77	829	442	show
1370189224623	83	42	435	show
1372225001910	55	178	348	click
1369468367029	66	951	46	show
1369157721422	4	940	331	click
1367345036775	123	559	429	click
1372079163515	20	79	361	show
1370890089918	22	473	331	click
1373728896461	14	160	490	show
1373033782478	125	914	375	show
1367134930871	57	927	499	click
1370823390238	125	658	426	show
1373799231934	124	156	185	click
1368499833536	119	908	296	show
1367564106296	112	136	135	click
1374185279916	61	307	389	show
1368359558777	39	734	323	click
1373619415553	60	115	63	click
1371434168423	42	412	237	click
1372058239123	130	696	27	click
1372625912808	78	134	289	click
1367786542984	144	520	346	show
1367667156725	35	661	317	click
1366876080509	85	877	331	show
1369837512903	14	496	453	show
1373042597150	118	57	181	click
1367927445136	52	428	309	click
1369552007591	45	952	240	show
1366702858490	72	62	361	click
1366569166055	110	862	127	show
1372184274941	85	792	37	show
1369181136070	141	81	363	show
1371278089396	38	711	116	click
1367071475901	106	227	278	show
1369868872120	14	277	219	click
1368671388277	98	553	123	click
1371151758203	74	972	271	click
1374165489934	134	33	30	click
1370413010709	42	884	362	click
1373780837025	26	985	124	click
1367594439832	36	460	255	show
1368609107361	38	159	228	show
1373282513246	128	848	108	click
1367372544853	8	835	248	click
1373472789147	30	53	37	click
1369506570113	63	94	390	click
1366698933651	22	747	489	click
1369263511016	19	276	488	click
1368488478067	76	639	122	show
1371848860060	131	520	80	show
1373893705562	89	918	448	show
1373672502528	14	349	367	click
1368200569094	125	895	257	show
1372129190388	130	736	218	click
1373546981787	56	871	166	show
1372540292903	132	836	172	click
1370229581627	133	138	17	show
1372983499881	117	627	7	click
1371614752049	23	943	78	show
1367275639724	24	465	248	click
1370753626021	77	427	35	show
1366909938050	101	252	359	show
1370899691153	124	107	140	show
1367672609470	14	278	32	click
1371105839419	119	983	466	click
1371854674609	29	80	254	show
1371843260540	32	389	500	show
1372047547920	31	233	266	click
1373918954309	135	588	185	click
1373958851123	86	383	225	click
1368347793060	28	512	6	click
1367921998171	106	33	283	show
1367987354231	30	776	172	click
1366362512272	110	417	141	click
1370461588946	27	171	30	click
1369116362659	68	162	102	show
1368788424405	142	212	423	show
1372213009867	103	337	474	click
1373543232835	63	853	38	show
1366512397375	98	55	173	show
1369572422635	45	82	458	click
1369717688705	108	813	167	click
1368932818519	3	358	289	show
1366499050686	101	175	177	click
1367684251659	140	387	465	show
1373571074297	61	983	173	show
1369804867022	143	299	500	show
1371027978508	91	979	463	show
1370654603538	31	779	229	show
1373658421851	37	802	179	show
1370113180154	15	960	68	show
1372487253318	8	419	77	click
1370484099881	39	326	25	click
1372698318229	80	702	11	click
1369135718110	22	911	410	show
1370558641063	105	630	187	click
1373702837662	2	372	390	click
1370393451367	137	234	348	click
1373581358585	47	502	324	click
1367784875578	128	642	407	show
1367672925639	7	735	121	click
1370335315283	139	383	196	click
1367449555923	121	70	374	show
1370363740024	138	222	326	show
1369446091121	101	951	219	click
1373771764874	6	115	473	show
1366575051273	96	682	419	click
1370870359416	11	865	342	show
1369392703368	122	431	380	click
1372905547866	97	938	363	click
1373339999827	112	592	188	show
1373012509622	24	666	485	show
1366784864986	61	985	306	show
1374104254064	3	889	10	show
1372866585290	17	428	114	show
1368629503361	143	332	393	click
1367110256070	68	736	485	show
1372133002063	85	39	457	show
1373079521515	136	672	220	click
1371915148922	1	728	473	show
1367742733015	23	516	109	show
1368661622099	11	888	410	click
1374198382946	64	757	191	show
1371959877317	53	625	338	click
1368814572931	81	648	377	show
1373226517453	75	965	159	show
1369245362001	42	951	26	show
1369076847009	88	827	255	show
1369159499872	95	584	181	show
1373596559867	35	904	352	click
1367883870460	132	5	246	click
1366769773163	20	518	241	click
1368262454913	124	209	428	click
1370219716987	51	315	337	click
1373514085841	62	551	324	click
1367366089074	21	968	482	show
1370493200322	137	324	248	click
1370704503605	45	346	455	click
1371747757309	44	504	19	show
1371057398716	150	91	375	show
1372180875215	103	146	353	click
1373559255625	13	688	458	show
1371545994448	133	979	428	show
1367927601178	147	129	344	show
1371208196258	136	419	220	click
1367564168475	75	310	181	click
1367496782502	113	570	201	click
1369398392467	73	994	499	show
1371613377925	64	208	397	show
1367259717960	111	30	133	show
1371682784744	138	227	15	click
1367635763486	109	4	197	show
1371858667148	50	175	35	click
1366686370580	48	411	270	click
1369285294711	71	446	82	click
1371638257404	88	648	96	click
1371534709455	99	925	415	show
1366447397421	111	685	423	click
1366936184192	21	924	128	show
1372819291183	143	746	376	show
1371582318509	7	973	44	show
1372903429897	46	523	202	show
1373896619999	3	983	426	show
1367594492317	147	455	461	show
1367501454519	140	645	207	click
1372666908280	89	390	345	show
1369929580818	43	500	156	show
1367612804528	125	481	393	show
1372276922846	16	798	41	click
1371287427169	90	83	416	show
1368980668140	73	765	275	show
1368543205791	43	941	237	click
1369592212412	116	610	417	click
1370489631412	148	458	381	click
1372223251825	5	113	29	click
1370671298298	34	316	422	show
1370858431444	86	465	392	show
1373965798631	51	159	438	show
1373015609616	38	512	359	show
1370478319221	17	581	288	show
1372101607312	62	249	416	show
1366602509242	114	494	453	show
1368269940616	143	106	263	click
1370634030679	149	705	322	click
1369880952628	56	263	10	show
1373389224387	121	418	24	click
1373625850541	123	517	158	click
1369693779194	42	551	94	show
1371739393785	63	204	463	show
1371969800690	138	444	77	click
1367473132556	124	261	1	show
1373925433627	87	210	161	click
1371808736961	47	313	66	show
1374146387399	136	544	96	show
1372190145864	149	457	90	click
1368563862223	20	970	196	click
1370339994372	31	559	16	click
1373953585734	35	612	31	click
1369450554511	117	378	472	show
1373967719494	91	898	160	show
1369827526967	101	890	375	show
1367299449740	79	843	488	show
1368281798371	51	233	162	show
1371560634566	80	57	308	click
1366895495800	145	858	113	show
1367837361731	123	445	137	click
1370545296928	45	487	484	show
1366391673862	76	179	221	show
1366379307435	78	920	256	show
1369735570343	13	602	17	click
1372559365711	106	261	96	show
1367872706533	58	470	132	click
1368295325367	37	470	174	show
1368720985604	124	980	352	show
1372155874813	108	884	295	show
1368813139623	119	587	222	show
1367535983458	58	379	257	show
1373257338123	84	937	156	click
1368953575031	92	538	221	click
1370779316354	122	910	377	click
1373207771700	68	623	230	show
1370829394997	39	116	263	show
1372272323051	36	24	225	click
1366992241631	50	91	297	show
1374097117082	138	353	301	click
1372322317552	106	158	290	show
1369841811910	60	297	232	click
1370794045216	45	751	222	show
1370669411763	87	894	347	show
1367266515324	123	765	202	click
1371033368380	37	370	57	click
1367498051697	142	553	191	click
1370750148373	9	861	147	click
1373735846373	146	219	398	show
1373757701656	75	384	239	click
1373784511979	149	856	39	show
1373907812597	105	395	205	show
1370124986759	24	28	339	click
1368286473577	126	327	274	click
1368852215405	85	841	42	show
1368348620541	131	927	468	click
1371901300243	128	756	442	click
1370361259138	69	126	379	show
1366543889618	92	643	487	show
1367125837383	14	675	99	click
1366525175963	43	41	265	show
1373211196426	44	183	474	show
1368930977625	39	393	87	click
1373557455803	49	683	361	show
1367760537653	26	411	273	show
1371956418596	61	699	268	show
1373143752937	27	561	442	show
1369396149137	15	956	89	show
1373077146423	69	395	34	show
1371096112838	77	421	282	show
1368814999999	95	33	327	show
1370172599072	7	399	233	click
1369585835321	104	411	85	show
1370188386361	136	957	332	click
1374070160795	52	594	225	click
1371409749115	120	186	202	show
1371397632136	139	103	318	click
1372463165493	52	299	443	show
1369304094371	59	654	414	click
1368738112834	8	837	252	show
1367258315143	65	121	306	show
1367385241203	106	996	267	click
1370382601268	88	378	295	show
1372838926851	37	840	497	show
1373677605433	53	363	273	show
1369371291017	47	901	117	show
1373900423984	128	99	480	show
1367844290121	31	882	17	show
1370405276140	126	690	236	click
1374085040408	25	735	30	show
1370225727047	142	559	264	click
1370796175807	40	396	449	click
1374202870834	51	557	346	click
1368785454626	22	54	161	click
1368425400956	21	106	308	click
1372696029433	108	797	461	click
1373448705441	62	482	302	click
1368066218595	63	83	442	show
1366352294670	115	272	267	click
1372737038659	25	737	282	click
1371989548513	47	441	166	show
1373379089179	117	314	339	show
1368609398368	137	306	207	show
1372786787998	3	568	362	click
1369536011927	95	618	427	show
1368163185435	22	364	189	show
1369872867687	10	501	206	show
1373128670636	73	153	488	show
1369223327999	122	85	127	show
1372238884437	128	650	37	click
1368986970795	80	183	19	show
1370395326204	140	504	470	show
1371779933535	87	488	313	show
1370377941505	80	527	346	click
1366609178388	27	464	318	show
1368215322302	92	523	94	show
1373552659483	103	962	442	click
1369701015933	28	812	38	show
1374138147430	55	947	477	click
1371859678425	41	102	412	click
1370473664425	53	28	223	show
1371842080565	101	457	151	click
1372366913756	23	492	115	click
1373666556645	32	619	322	click
1366993073176	46	600	322	show
1369761537837	7	115	322	show
1371247034795	144	360	322	show
1369967806799	115	567	120	show
1370792209927	12	578	315	show
1371092128927	18	208	287	show
1372793683596	22	993	152	click
1368007251421	147	509	426	show
1366546210802	148	641	108	click
1373437323982	118	774	1	show
1371999183086	134	610	309	click
1371434857369	76	373	199	show
1369938952748	107	303	189	click
1370936147410	58	591	483	click
1370707534357	50	521	112	click
1367841084939	9	211	414	show
1370091719847	83	15	201	click
1372822025559	53	945	62	show
1372446867520	99	576	458	show
1371222207260	137	801	11	show
1368747835422	16	672	301	click
1371782034733	4	832	465	show
1370669024600	120	994	465	show
1373396251190	33	234	101	show
1373257139592	129	294	304	click
1372554213300	103	54	466	show
1371529268876	14	484	34	click
1369675010605	15	469	420	click
1369290642466	85	217	189	click
1369514940502	11	677	240	click
1367325841345	112	848	124	show
1367385527361	31	178	292	click
1368329827590	31	971	351	click
1371207334725	83	706	303	click
1369917573360	68	229	165	click
1371701751142	78	361	262	click
1368892376187	57	339	25	show
1370910686190	40	625	213	click
1368006175563	30	771	264	click
1368568020859	104	158	251	click
1367226978952	20	481	177	show
1369207879323	35	157	200	show
1369007485443	33	506	86	show
1367961690746	41	6	169	click
1372319018251	14	381	150	click
1373134928435	7	615	128	click
1373176536862	85	239	470	click
1367758141783	92	757	449	click
1373483844751	70	706	67	show
1367402303387	1	356	473	show
1371887394202	82	387	153	click
1368535134529	91	823	287	show
1370982632456	17	258	490	show
1367927663431	109	373	153	show
1373983565379	128	166	112	show
1372463004145	88	344	363	show
1374135867860	50	461	348	click
1369089576318	44	878	237	click
1371960589916	97	245	113	click
1368390778900	123	914	422	click
1368956445835	99	678	218	show
1373184472276	132	100	360	show
1372173331354	71	906	90	click
1371549848282	71	483	206	show
1366552047648	7	896	111	click
1371229499775	15	309	25	show
1370943745883	15	998	51	show
1373309627684	114	265	322	show
1373456789922	91	72	429	click
1369851387064	115	97	6	click
1370845234748	37	34	369	click
1371764495919	112	133	284	show
1373746137117	87	536	343	click
1370947713402	73	743	99	click
1371322537987	32	288	481	click
1369334488549	10	500	451	show
1370825685203	83	898	326	click
1372932655947	9	737	219	click
1372801325475	126	731	356	click
1368315133647	41	563	251	click
1372785494707	10	669	68	show
1366820511971	110	921	378	click
1372305029965	143	409	302	show
1370068744892	39	400	254	click
1373834361751	53	930	422	click
1368304933438	58	964	405	show
1371391340179	119	70	155	click
1367173205183	143	795	142	click
1366983109268	138	690	87	click
1369580537054	13	27	479	show
1370678847801	147	371	459	show
1371792358898	119	246	254	click
1374035051865	40	792	377	show
1372493205627	69	213	133	click
1369212743743	148	501	8	show
1373184572703	115	141	383	click
1367083250545	71	647	438	click
1369806485704	27	814	358	click
1369193147736	36	906	51	show
1366924702915	138	388	277	show
1372610554403	140	802	418	show
1366386415248	109	319	270	show
1371426325009	66	35	127	click
1369210751367	6	796	132	show
1368752751416	38	507	436	show
1371408183936	25	560	267	click
1374103906086	149	891	219	show
1366682073605	63	563	292	click
1371247112528	119	129	264	click
1367837012030	124	450	194	click
1372438427690	61	812	213	show
1368857609032	94	816	361	show
1370644598954	52	852	301	show
1367986481746	2	522	239	show
1366809768061	7	747	247	click
1369108395247	137	1000	330	click
1368725073634	103	313	439	click
1368001541324	25	54	439	show
1372330104106	136	102	316	show
1370502184837	85	252	69	click
1371322261581	46	632	417	click
1370267517852	97	301	81	click
1373218350993	10	828	412	click
1367837977680	120	375	234	click
1366928408841	135	607	141	show
1367806133780	47	692	22	click
1371261433939	2	277	73	show
1369908763357	58	529	320	click
1372255727209	80	451	334	show
1372899923821	136	882	319	click
1372316682037	4	460	1	click
1366682830347	108	989	140	click
1366649986692	6	87	273	click
1373150018907	103	185	311	click
1367173279918	102	42	7	show
1369281660186	97	788	176	click
1370745099683	77	788	179	show
1370424801316	80	325	96	show
1370111156834	15	90	325	click
1368142772943	132	5	463	click
1366558686860	11	173	441	show
1372167789371	21	246	21	show
1371449287257	95	189	272	show
1369399590114	32	207	364	click
1371159656118	83	370	95	click
1368660465053	108	993	384	show
1373978414690	118	74	244	click
1370282417727	50	934	359	click
1367076497336	104	946	61	click
1373219185746	77	465	49	show
1367773830621	143	509	6	show
1366735680762	34	577	392	click
1369928099629	102	936	163	click
1372713584798	128	489	292	show
1366652814127	40	192	15	click
1367828016335	140	578	271	show
1373575134198	85	932	55	click
1369008068211	133	839	73	click
1372831470231	45	396	478	show
1370542663264	121	562	169	click
1372207517383	37	412	33	show
1370189575227	14	883	125	show
1366987043137	112	972	178	show
1373090944626	44	633	177	click
1370216013202	133	118	439	show
1372669850601	131	192	56	show
1373224878543	135	640	276	click
1369039326554	1	281	498	show
1372283887455	120	646	377	click
1369448946081	28	772	127	click
1369358670432	16	440	131	show
1370387370876	83	622	72	click
1370252050800	110	263	283	show
1370875316080	38	930	296	click
1366686005565	111	122	316	click
1366743518584	82	253	487	show
1367250209564	95	324	249	click
1367729916052	116	384	320	click
1367241937119	74	568	456	click
1374069789459	114	82	258	click
1368144691007	15	6	19	show
1373033712168	15	836	480	show
1372018813011	97	133	54	click
1369658260150	45	673	441	click
1371616375799	57	166	178	show
1368902315517	106	729	281	click
1373944615011	31	120	153	show
1368018527832	77	779	115	click
1372364218167	10	532	433	click
1369365974892	108	688	238	show
1366345051212	19	806	99	show
1368446998869	47	624	383	show
1370004374198	62	472	186	show
1371214300890	57	673	168	show
1368122075293	89	76	310	show
1374117474523	117	435	209	click
1367067753101	128	320	219	click
1371823326763	69	639	445	click
1367951369406	143	741	488	show
1370263046775	137	250	73	click
1370889250051	142	537	28	show
1367650657891	60	355	39	click
1367840740977	137	375	138	show
1373635688208	30	89	129	show
1367078344195	135	108	359	show
1368517956563	31	11	306	click
1367692057838	123	595	403	click
1369236930000	96	786	492	show
1367984217505	30	183	61	click
1373169230159	36	939	465	show
1369965399072	114	21	11	click
1366790885310	34	556	276	show
1367926301751	141	965	171	show
1373894564196	115	170	334	show
1369732373160	148	822	64	click
1368547497698	33	546	449	click
1373840472919	14	58	56	show
1373420445590	19	349	206	show
1371972287553	149	267	375	click
1370637821113	91	664	464	click
1374058709177	58	45	259	show
1371514667885	26	557	257	click
1366405443089	52	415	470	click
1369358678512	58	374	159	show
1366843925822	68	332	128	show
1368253867345	25	170	219	show
1368510400490	144	730	369	show
1368836745310	85	746	13	show
1373300637260	31	111	204	click
1373834199282	5	37	139	click
1368984946784	31	260	232	show
1369374146703	138	59	322	click
1368940287668	95	294	399	click
1367300503847	127	710	461	click
1367251437053	46	109	386	show
1369729954001	10	972	132	show
1371069329009	105	206	285	show
1369384691390	28	324	495	click
1366355416772	39	707	61	show
1368483024831	117	329	292	show
1369536343125	42	100	86	show
1366969084460	9	283	388	click
1367724661309	14	93	314	click
1369575042086	56	648	372	click
1370112297717	32	683	22	show
1367634288830	101	773	9	click
1368064154843	69	944	488	click
1369572352620	53	239	212	show
1367983472591	87	25	112	click
1367179294623	111	548	37	show
1367673819341	100	283	423	click
1367545431318	3	816	452	click
1372705402933	97	149	454	click
1370133317623	111	711	53	show
1366874260494	144	300	484	click
1370650547695	30	856	16	click
1366599116975	101	534	355	click
1371348258591	63	823	172	show
1370712483876	62	70	306	show
1372179521842	121	148	366	click
1367656146723	54	711	297	show
1372626864465	97	795	282	click
1373507573667	45	20	332	click
1373058824568	136	59	33	show
1366946367115	12	691	399	click
1370989580428	106	833	191	show
1367551107552	95	504	284	show
1373206651799	14	70	34	click
1367264663582	6	442	379	click
1367311076614	126	387	3	show
1372426318716	94	774	335	show
1373806541081	42	347	474	show
1372725089753	135	182	125	show
1369888904278	80	84	239	click
1368744225122	36	7	271	show
1374168698562	59	653	470	show
1367187425669	54	960	2	show
1366450469053	51	927	186	show
1372384301769	139	277	126	show
1371254034328	8	88	277	click
1373973166357	3	611	62	show
1367054469134	56	123	212	click
1371164506157	99	898	233	click
1372997507683	14	472	75	show
1370443189883	91	903	237	click
1373136391935	136	374	239	show
1370504404197	88	660	187	click
1368968945809	25	354	443	click
1371592402650	127	642	354	show
1371583287862	23	233	179	show
1366705007787	44	85	124	click
1373644086429	114	974	467	show
1373376563630	12	73	487	click
1372244113003	103	839	376	click
1373648188046	9	891	269	show
1369629612075	107	601	33	show
1367473589389	36	437	487	show
1372406451698	140	338	375	show
1372219437159	92	937	307	show
1371620732996	119	333	364	click
1367998849768	29	255	296	click
1372461453486	96	482	126	show
1370775262429	30	319	455	show
1369568953320	147	699	347	show
1366489189518	43	820	277	show
1370724678313	104	370	176	show
1370462305019	82	608	441	click
1373652921355	121	933	403	click
1372038150338	77	201	397	show
1373108707492	28	298	398	click
1372577364806	24	248	468	show
1372916522598	75	625	254	click
1373443886104	138	686	448	show
1371135521964	66	350	435	click
1372462897268	26	457	114	click
1373303636071	16	630	296	show
1367397800093	57	792	380	click
1369838381174	65	259	114	click
1370487397585	47	91	4	click
1370930917041	13	88	409	show
1373784217212	8	175	415	show
1368397915657	107	44	306	click
1373720524175	144	332	304	click
1368218117054	146	178	236	show
1368196814147	103	988	328	click
1372928349351	45	707	143	click
1373625625752	113	773	439	show
1372439918453	54	851	471	show
1370306840183	143	403	124	click
1369538579115	135	716	365	show
1372657113927	34	899	12	click
1371424734850	53	412	343	show
1369012500213	69	478	44	click
1372962853442	43	342	55	show
1373228956878	95	189	328	click
1369525408998	80	605	367	click
1369935161872	85	478	324	click
1373772331506	22	622	151	show
1372173324235	38	923	155	click
1369906381614	135	355	358	click
1369589274792	111	275	352	click
1369657442889	19	586	33	click
1367395320425	40	616	16	show
1367663926082	18	679	492	show
1373495965642	141	432	404	click
1373754139008	57	318	128	show
1368549759562	144	981	167	show
1373298358667	80	191	415	show
1367155036659	45	274	2	show
1367548954827	104	320	214	click
1367981910367	78	771	101	click
1371864443340	54	377	462	show
1371000389160	61	159	217	show
1373804272702	93	15	324	show
1371521896482	52	197	50	click
1369944138213	67	573	323	click
1367902248362	113	442	130	click
1372474573534	73	310	354	click
1370892873101	131	45	284	show
1366642345697	82	794	370	show
1374086559809	53	963	491	show
1373725397384	21	304	264	click
1367136653933	59	92	370	show
1367776966554	124	635	51	show
1371797741042	104	18	90	click
1371933742666	110	355	357	show
1370423246457	89	300	383	show
1370174792652	54	774	343	show
1374084300558	104	229	8	show
1368564621391	143	933	415	show
1371262725111	22	454	491	click
1373910741956	45	512	151	show
1372025381305	73	46	287	show
1368336608042	19	279	339	show
1373085692691	34	169	138	show
1366449003176	128	874	391	show
1372330873820	53	932	31	click
1367154601423	79	858	338	show
1367803426679	63	634	49	show
1369849729871	48	308	129	show
1373313631227	76	182	221	click
1372915986309	41	540	379	click
1370870247767	38	312	405	click
1370230108258	59	619	381	show
1367428727648	72	485	493	show
1373669346554	109	696	246	click
1373545554443	96	86	38	show
1372895924599	68	870	148	click
1373001545678	10	264	413	click
1370159588282	112	988	30	click
1373138205728	32	345	61	click
1368765560081	120	661	419	click
1374155451553	30	165	240	show
1373852895897	80	82	260	show
1369556052954	117	111	474	click
1367856501889	94	862	62	click
1369722313312	14	483	202	show
1367899023361	71	445	81	click
1367209407397	61	802	482	click
1370429015707	80	578	376	show
1367104329974	137	523	456	show
1366983493929	78	278	58	show
1369516795016	58	505	217	click
1373252875759	138	98	449	click
1369827463757	35	588	29	click
1374007012323	96	887	38	click
1369835807720	26	417	381	click
1372311685964	117	446	157	show
1370395629360	113	524	312	show
1369782912715	144	397	33	click
1370394486232	138	676	112	click
1366529474379	114	843	377	show
1367512390241	116	302	169	show
1371956395020	114	897	186	show
1372283073513	112	387	78	click
1371251945703	47	637	206	click
1368504739391	133	345	436	show
1372630094440	16	148	459	show
1367213139251	37	922	126	show
1366626237649	6	900	379	click
1373982947166	106	572	264	show
1371427960929	9	235	233	show
1366844474820	117	789	172	show
1371686362401	105	418	402	click
1369511693266	99	497	275	show
1368106825463	66	392	36	show
1371274421852	149	874	35	click
1373518933015	143	182	66	show
1371413500526	35	426	364	show
1368392665889	96	263	220	click
1372011005060	37	336	57	click
1371105366858	80	610	499	click
1372067707022	136	443	61	show
1373659907299	19	23	40	click
1372073937490	90	135	93	show
1369612481479	148	805	305	click
1373471068299	6	344	461	show
1367536918259	43	670	374	show
1368529774718	35	40	66	click
1374126049506	60	618	212	show
1374177056080	130	808	47	click
1371686159972	93	157	272	click
1367408622663	93	125	138	show
1366625473794	128	57	156	click
1370842032665	45	408	473	show
1367388630427	58	390	240	click
1368919747214	11	619	327	show
1372307467161	90	430	237	click
1368899477899	1	558	297	show
1368496163105	12	714	429	click
1369635779836	48	650	348	click
1369562892312	119	781	323	click
1369357908265	110	171	383	show
1373931344214	117	60	173	click
1371170411839	41	782	154	click
1373856590897	93	381	490	click
1371929200371	111	348	144	show
1372321505433	79	444	254	show
1367134810296	84	68	111	show
1367633466325	106	441	384	click
1372152154083	97	627	156	show
1370756009957	59	650	158	click
1369519094831	53	784	83	show
1367783813716	100	263	497	show
1372546368343	98	758	311	click
1368149072973	126	325	323	click
1369037289830	68	89	196	show
1370794775103	93	453	423	show
1371444455843	96	454	259	show
1371903082673	108	56	212	click
1366563969950	94	430	408	show
1372008010068	96	243	254	click
1371389676474	126	846	115	click
1370095298850	124	666	466	show
1372336179075	135	297	304	show
1367556401538	149	390	259	show
1371346994539	58	268	257	show
1372526146923	122	63	55	click
1372367428640	131	986	284	click
1366896050445	48	711	99	show
1370949779298	19	183	113	click
1372832237272	132	247	180	click
1370164976913	47	832	462	click
1373725642596	100	719	376	show
1367990250914	108	531	38	show
1372858270244	104	885	388	show
1371191044065	117	443	13	click
1369851918340	64	647	103	click
1370410588671	7	377	46	show
1372455140109	110	256	147	show
1370775832978	118	559	452	show
1370819244872	57	698	344	show
1370403972562	148	394	341	click
1371093386459	52	64	212	show
1374174564486	51	442	392	click
1373607393522	35	939	242	click
1374142521070	100	169	457	click
1372866275718	20	221	379	click
1372139979478	89	922	111	show
1373670282402	139	782	44	show
1373971196621	136	659	249	show
1369831573565	7	674	450	show
1367495338075	144	542	326	show
1367640036034	88	363	125	click
1373424060602	19	804	312	click
1371078100439	59	696	310	show
1371407419496	114	317	165	show
1368687020463	103	650	263	show
1369351708239	118	334	173	show
1370852210459	3	792	376	click
1371277687987	145	969	122	show
1372408518589	122	318	352	show
1369620926070	13	264	279	click
1371014022279	2	264	240	show
1371768071273	64	856	376	show
1373075571279	136	25	262	show
1369856705423	46	608	477	show
1372172502752	117	564	301	click
1371877818986	17	330	254	show
1367768840146	43	929	17	click
1370892808996	59	515	410	click
1372210920496	57	302	465	click
1371171599973	46	637	253	click
1367393288529	10	189	289	show
1370897268873	11	563	171	show
1373650117847	125	21	228	show
1368375913502	70	976	242	show
1373854660857	13	710	42	click
1366359907371	93	357	76	click
1374192129318	32	453	67	show
1369780240884	64	4	46	show
1373615752030	100	460	33	click
1367372278307	37	49	192	click
1367731424367	116	572	110	show
1366563630048	135	210	288	show
1366957177395	97	921	300	show
1372395659256	45	716	357	show
1373554271482	137	304	101	click
1367808696271	136	852	209	click
1367121462058	98	773	458	click
1367618894832	121	833	140	show
1373447378622	52	997	45	show
1369778054176	137	859	144	click
1368552397139	54	16	73	show
1366379414938	46	321	187	show
1367020685913	98	535	385	show
1370927564085	7	240	148	click
1373814497274	92	699	492	click
1371040653199	69	865	274	click
1368275186413	12	273	66	click
1366459566681	109	526	436	click
1370745321513	35	385	220	show
1366874456200	63	575	430	show
1373730975582	138	562	69	click
1367363392415	111	705	69	show
1371684273125	28	386	76	click
1368840807439	92	643	278	click
1371728636913	118	771	48	show
1368023757851	3	697	344	show
1374007740674	112	293	126	click
1371625323372	48	607	491	click
1371725587674	76	442	19	show
1369803627952	135	20	135	show
1368509542832	56	114	190	click
1371653099761	41	258	263	show
1367100419065	102	319	162	show
1372561120568	19	917	138	click
1370176345895	102	811	148	show
1372187424747	118	820	288	click
1366676694921	94	553	456	show
1367830653346	4	832	6	click
1373770625899	77	300	320	show
1369629369151	45	391	478	show
1369062942060	87	267	25	show
1368209586366	19	892	117	show
1370044507894	64	578	103	click
1366793761371	92	542	332	show
1371478073562	63	234	427	click
1369599289118	68	453	314	click
1367408632522	133	980	78	click
1370084408274	144	603	102	show
1370049156089	143	310	262	show
1369693258977	60	783	378	click
1372615856914	73	444	479	show
1368153892747	92	456	193	show
1373717531212	70	888	480	click
1372778646779	138	241	105	click
1370145384798	104	166	35	click
1366645807215	34	656	442	show
1370183160785	15	570	203	show
1373619278033	10	799	381	click
1373681986201	124	296	1	show
1374089999707	38	951	117	show
1368396977007	135	609	226	show
1368130657575	121	795	438	click
1373058278103	101	336	94	show
1373007190017	128	29	453	click
1373637129303	69	363	258	click
1374155046758	78	423	248	show
1372077354748	102	265	77	click
1369021230152	137	152	190	click
1370107577897	132	109	434	show
1370922765533	28	642	155	show
1373662747091	114	988	414	click
1372775380909	74	159	433	show
1372428799591	14	59	230	click
1371401769689	125	251	300	show
1369253636092	56	724	488	show
1370769118349	124	288	319	click
1370493153630	14	793	472	show
1366553790452	63	195	380	show
1366876442571	147	708	318	show
1369026868918	51	716	161	click
1368055836075	42	998	30	click
1369517256608	64	715	267	show
1370626925547	25	490	175	click
1367325586555	135	846	232	click
1370665538108	17	322	33	show
1373986549260	113	116	43	click
1373090960109	124	220	286	click
1366818361606	114	982	363	click
1370220515792	116	249	257	show
1366691978698	127	790	402	show
1371228869039	48	185	256	click
1369215918499	44	150	325	show
1372963690902	141	317	202	show
1370264706180	73	420	290	show
1368495062770	120	674	162	show
1368807523489	5	64	473	show
1371171941613	79	489	247	show
1373220288703	50	683	205	click
1367347900086	67	195	310	show
1369438485896	104	340	272	click
1373026915984	92	211	2	click
1367116729948	20	932	171	click
1371439281521	22	246	81	click
1371785716706	112	618	429	click
1368305094370	107	631	485	show
1371725982421	40	57	467	show
1371117423479	48	547	22	click
1372479474453	104	842	170	show
1366959589353	146	206	7	click
1367407592944	87	191	273	click
1371886580841	146	876	439	show
1369599637837	133	824	235	click
1373949583587	94	515	414	click
1368308925450	103	795	14	show
1367476955781	126	147	4	show
1373557514536	115	935	183	click
1369742878070	77	678	239	click
1367667419602	68	678	414	show
1368297395638	114	560	475	click
1369437026074	104	181	116	click
1369493280097	89	902	452	show
1367074505750	81	704	341	click
1373070197106	128	504	61	show
1369826003119	59	549	51	click
1372762107698	59	425	342	show
1368296105459	36	258	340	click
1368101325036	24	53	79	click
1371440995801	2	439	263	show
1372636879556	17	847	220	show
1372336448177	134	946	261	click
1373429883875	28	611	24	show
1373992383119	138	579	434	show
1372159408255	2	133	340	click
1373140655654	131	319	457	show
1368863459075	7	353	319	click
1371134808271	68	576	151	show
1369556811295	120	990	404	show
1367761626078	131	433	2	show
1371788195854	74	473	219	show
1373728210853	129	986	273	show
1366509493824	109	640	79	click
1368049845562	107	383	306	show
1373929607236	85	550	488	click
1370851974817	47	547	93	click
1372697890368	23	514	469	click
1372500161785	85	53	499	show
1370345220862	86	740	335	show
1371164901532	104	225	165	show
1373692761372	29	964	59	show
1373353235236	39	108	279	click
1366452390892	34	808	26	click
1366886947911	29	30	223	click
1371428714676	31	618	245	click
1372661304805	65	711	310	click
1369047864752	126	687	334	show
1366735593966	143	308	186	click
1374177444000	45	26	92	show
1370773851263	81	717	313	click
1370751182522	28	584	57	click
1373971722023	66	366	316	click
1372706366271	86	12	234	show
1370686078200	83	60	157	click
1373409924432	98	130	291	show
1367795014356	83	704	258	click
1369813795496	143	221	113	click
1373255847969	42	448	458	click
1372009425038	84	140	433	click
1373805997921	23	278	266	click
1368259493559	143	61	229	click
1369752761023	97	548	458	click
1371087976328	143	936	90	show
1366453517650	110	467	337	show
1368639609157	24	926	9	click
1367086361732	68	288	64	show
1366534480311	9	424	130	click
1373315546381	2	371	184	click
1369868767253	125	81	11	click
1372811053835	21	673	488	show
1368650132021	68	319	245	click
1371283402548	36	55	304	show
1366494177964	107	883	262	show
1366623800575	108	80	469	click
1370381203635	75	928	402	click
1371400696711	39	7	421	click
1368880486041	57	966	392	click
1366795371052	93	459	65	click
1371533169687	105	457	346	click
1373223868374	96	184	257	click
1368281921653	137	368	437	show
1371999570146	104	843	50	click
1368833659306	132	3	11	show
1370678054075	54	783	78	show
1369815404647	110	507	263	click
1366816382580	124	979	336	show
1366795921770	17	350	312	click
1366475265450	122	382	487	show
1369997455179	55	785	177	show
1367355718464	78	515	138	show
1371789146784	144	90	352	show
1368287170446	83	952	162	click
1366452787255	19	352	33	click
1369340353540	42	642	64	show
1369910462940	110	682	152	click
1367763438566	30	884	479	show
1371601487986	54	74	42	click
1367136502451	79	827	71	show
1372631297290	103	929	258	show
1371504111536	16	972	470	show
1368399983999	18	363	99	show
1370428569743	63	955	311	click
1369055059476	36	642	121	show
1370946422762	43	341	444	show
1371351999562	21	759	293	show
1372633553481	116	415	495	click
1369167788478	91	529	211	click
1374074555353	38	663	119	click
1366731514003	92	49	484	show
1369652811665	133	264	480	show
1370494178096	117	45	51	show
1367565964591	44	328	324	show
1366343762638	147	199	418	click
1366644561714	148	798	289	show
1370695982621	112	635	300	show
1370124774152	114	805	20	show
1368738689916	30	662	140	show
1366391650704	79	472	319	click
1368058459546	105	440	134	show
1372598051021	128	506	198	show
1369146481954	57	349	152	show
1368711450098	17	522	241	show
1371185826768	77	917	191	click
1369052188309	134	202	39	show
1373007017757	135	887	296	show
1370487899570	39	823	85	click
1369580950845	66	596	355	show
1366356789693	82	770	135	click
1369263861389	58	828	31	click
1366522067003	19	279	136	click
1373667917564	147	799	117	show
1373093294379	96	473	267	click
1369371926413	58	290	65	show
1370868683259	83	38	198	click
1368222611393	126	23	496	show
1372427348593	18	663	131	show
1368889027736	42	249	14	show
1366881921809	28	423	398	click
1371108009946	34	437	285	click
1370705476581	73	640	123	click
1373442099307	80	869	275	show
1369691723456	121	127	278	show
1367372405445	93	554	343	click
1367935131440	132	732	210	show
1370467801287	57	98	396	click
1373701877030	122	981	384	click
1373637324578	28	443	126	click
1373560308075	55	255	358	click
1372932720018	60	467	99	show
1367941265791	38	202	411	show
1370204951373	101	393	458	click
1371008120508	46	975	316	click
1368625678051	144	603	306	click
1373426336241	75	612	166	click
1371370997684	20	27	146	show
1373683038564	142	834	360	show
1373969790361	75	278	84	click
1367327214549	58	95	60	show
1372422060150	124	857	251	click
1367839056988	108	281	97	click
1368821945507	14	275	416	show
1371525998727	23	428	155	show
1366770825846	73	567	357	click
1366806197369	46	292	89	click
1366923262287	3	42	446	click
1372642350108	123	199	279	show
1373614689877	77	4	226	show
1373901576159	97	413	315	show
1368836385677	13	659	231	show
1370907850648	124	160	336	show
1366806528422	71	30	209	show
1373476928401	66	301	260	click
1372263300988	40	23	388	click
1366876022772	88	241	332	show
1371224098839	130	677	228	click
1372839255032	44	85	440	show
1372354771658	30	236	72	show
1367783476760	24	95	448	show
1367721859967	104	972	317	click
1368844636757	106	71	96	click
1369036440450	144	866	203	click
1368147832034	121	190	451	click
1372572121113	72	166	209	click
1368442998521	37	958	425	show
1372479210252	16	169	27	show
1373179536458	67	269	398	click
1370720430063	123	281	170	show
1366600312126	111	237	13	click
1373752196812	132	998	298	click
1366493958068	78	780	121	click
1368783758955	2	596	117	click
1371980335352	104	399	421	click
1367264066245	8	2	218	click
1368572545357	51	601	453	click
1372029636711	46	677	171	click
1367595262885	77	556	499	show
1369641803267	103	109	65	show
1371019924828	44	530	371	show
1367432947889	33	237	400	click
1370564906009	22	857	257	click
1371587048626	51	272	1	show
1373605076456	30	568	334	click
1367137784550	4	416	2	click
1370234408893	113	907	349	show
1369714290981	67	45	480	show
1372293128793	99	532	31	show
1369209829622	4	945	99	show
1368365076546	146	141	108	click
1372087051568	91	653	474	show
1370939219517	81	459	274	click
1371973950448	81	535	252	show
1367252967331	81	204	351	click
1367732879673	75	740	484	show
1367090517036	23	850	61	click
1368819810866	148	930	363	click
1369140235935	128	955	274	show
1371509956370	3	255	268	click
1369640535579	25	912	60	click
1370911909758	136	134	175	click
1373526713968	95	381	378	click
1367995811183	59	658	49	show
1371415406693	95	849	184	show
1367865355714	24	92	357	show
1373277896385	69	322	85	show
1367115495810	140	628	449	show
1372829016810	6	499	274	click
1369546073974	86	677	424	show
1367438983024	16	739	391	click
1372590880756	74	274	191	show
1370814082306	136	547	223	show
1371279971736	137	992	282	click
1373687229989	142	404	339	click
1367501860434	13	155	324	click
1370535297335	22	637	27	show
1367739399342	29	193	113	show
1368240676116	111	996	328	show
1369572888775	137	20	187	click
1368954675149	128	103	89	show
1367740760086	62	435	140	show
1366995249056	22	528	143	show
1370670521511	21	13	413	show
1374136119948	122	479	164	click
1369129150384	139	874	321	click
1373726200347	26	520	334	show
1369015178376	103	998	116	show
1367446293797	15	693	467	show
1367350756053	12	893	478	click
1371971601002	45	914	418	click
1373443923954	89	797	105	show
1367960981897	24	363	230	click
1370640126404	136	370	57	click
1372985884887	110	251	295	click
1372054531436	103	631	334	show
1369951235009	27	75	57	click
1367150107861	3	143	59	show
1372790180204	112	856	322	click
1367549880737	147	468	291	show
1371260806483	65	102	288	click
1372696942239	61	449	393	show
1370311975394	123	584	299	click
1371212925388	120	949	108	click
1368716221955	85	289	135	click
1368231203503	3	487	98	show
1373443205930	25	591	343	show
1366702134342	55	918	60	click
1371441742951	126	757	500	show
1371949481787	10	282	226	click
1373409135261	37	922	387	show
1369059412137	50	446	324	click
1373417001998	130	966	123	show
1368163906157	51	643	499	show
1366755373116	97	675	104	show
1373691356069	128	986	41	click
1368180139527	75	400	494	show
1370968698364	109	427	127	show
1370620900503	27	4	299	show
1367328607132	35	79	170	click
1367260533830	66	258	405	show
1367049936619	131	854	337	show
1367500478879	110	451	210	show
1373151818995	137	426	69	show
1370342967021	66	476	172	show
1372462606825	109	760	286	show
1370713784117	25	300	85	click
1368584921328	8	509	475	click
1369649499639	72	968	23	show
1371166021206	32	520	23	click
1370327180469	103	773	189	show
1369023564464	105	845	2	click
1369559705637	84	455	452	click
1373318819292	79	433	318	show
1372828777298	113	260	147	click
1373030557239	127	431	446	show
1373011348232	145	790	48	show
1373488796148	37	199	500	show
1371141018527	35	768	307	show
1367677663239	109	634	262	show
1370648181191	68	396	490	show
1368179262539	107	316	449	show
1368019599756	127	470	448	click
1370823594271	94	387	35	show
1370201954402	26	996	43	click
1370335683622	10	291	79	click
1372329105427	9	551	474	click
1369304854560	118	536	270	show
1372231964609	120	811	153	show
1367200587017	33	791	107	show
1372636753204	39	684	185	click
1369691475701	36	661	39	click
1373877515746	102	634	255	show
1368386129530	72	793	241	click
1371305546795	16	917	308	click
1367363789370	63	828	267	show
1370492899302	36	276	323	click
1368592285597	85	348	28	show
1370978742527	141	299	343	show
1368560392363	34	334	103	click
1369611380423	44	247	120	click
1368361352263	56	986	85	show
1366787679717	95	217	124	click
1373184481835	81	483	357	show
1368135616676	143	804	442	click
1373636606192	64	326	266	click
1368604749862	84	632	286	show
1372817969675	23	553	269	show
1371126908795	84	137	416	show
1373761577973	19	166	123	show
1370043781696	14	401	159	click
1372033961861	97	190	84	show
1374118391924	19	35	130	show
1374153968698	36	529	145	click
1367623594630	88	64	363	show
1371707741160	65	102	39	show
1373829978821	29	288	376	show
1370618469255	50	321	14	click
1370881132341	6	473	401	click
1367180629257	53	296	125	click
1371464586441	135	415	186	show
1369480167924	97	790	174	click
1370762661781	135	347	415	show
1370115447055	56	817	192	click
1367177181027	129	753	361	show
1368997921657	114	342	301	click
1369308766879	150	121	172	show
1372778762237	130	631	408	click
1369735588993	38	268	104	click
1370546466316	14	64	10	click
1372236441633	98	566	369	show
1374154805074	104	754	82	click
1372516258379	62	216	61	click
1371947375998	78	396	60	show
1373156165508	42	255	437	click
1373752058288	66	925	324	click
1370940577761	27	583	166	show
1369707808340	107	954	443	show
1371260102384	58	324	51	click
1371407436640	74	147	90	show
1367633846713	50	532	386	click
1370398608629	29	844	316	click
1372274033053	142	225	198	click
1369268913880	57	369	227	show
1368372678660	115	275	59	click
1371706869889	150	250	406	click
1372822829330	42	685	108	show
1367447973250	135	662	293	click
1371245693145	86	325	302	click
1369443699920	55	502	87	click
1373058645820	60	125	284	show
1367609440525	14	226	130	click
1372965329309	38	112	70	show
1370759601951	118	886	134	show
1367882190151	132	1000	264	click
1373580954328	8	959	168	click
1372960900899	37	887	226	show
1371565947326	109	416	171	show
1367930966673	108	409	417	show
1370303633320	13	26	102	show
1370728848545	143	78	361	click
1367854556765	7	510	249	click
1373176844178	109	453	259	show
1373046518102	74	309	365	show
1371819518272	95	76	242	show
1372873469361	96	7	487	click
1370631746169	48	872	79	show
1370257954623	134	322	330	show
1369100612257	50	464	202	show
1367104231638	123	70	216	show
1372750342571	79	552	497	click
1372953026803	100	490	494	show
1371442232890	115	589	49	show
1369235577217	69	92	101	click
1369560349339	134	130	407	show
1373283879148	14	671	433	click
1369978862975	6	89	406	click
1368146148831	147	220	395	show
1366978971842	74	343	313	click
1366771696728	87	308	12	show
1366857334636	8	92	274	show
1371722884677	92	740	160	click
1369962322661	104	427	54	show
1369801310630	51	705	220	click
1372469240114	94	440	36	show
1367456760221	94	385	422	click
1371994841439	18	257	253	click
1372787065020	81	618	470	show
1366555488591	19	149	296	show
1369613778663	43	792	479	click
1366949412643	106	448	290	show
1370748470461	40	570	312	click
1368551866216	137	542	81	show
1369653853047	144	770	295	click
1373828105203	95	542	183	click
1368540524844	58	325	298	show
1369472175046	131	496	191	click
1369155255140	128	865	426	show
1372445463268	126	655	104	show
1374058549882	24	469	192	click
1372673281536	123	251	356	show
1373932134193	95	996	500	show
1369861509739	128	739	102	click
1374098274992	82	248	69	show
1370301361243	120	447	33	click
1368743786802	109	302	142	click
1372948222806	125	850	323	click
1367664603945	42	428	398	show
1372907526445	99	807	153	show
1369779698946	39	682	368	show
1366394715161	50	794	459	click
1367929737269	92	930	4	click
1368921293006	117	168	371	show
1368901095965	26	451	200	show
1373109198856	27	411	380	show
1370003054688	108	974	228	show
1371619216074	146	971	155	show
1367933411898	115	401	237	click
1368312786780	93	70	202	click
1371736353903	97	878	283	show
1371056023253	5	942	60	click
1371748209919	28	996	199	click
1373082984144	103	475	373	show
1368250318862	4	996	113	show
1371042581621	117	170	93	click
1368873033623	145	77	319	click
1370914291650	36	957	337	click
1370322891154	81	568	81	show
1367244430126	134	695	293	show
1369960637054	25	255	451	click
1372533073499	41	475	282	click
1369449367549	124	258	320	show
1367051012355	44	416	397	show
1368896997011	108	251	342	click
1370893169204	131	919	20	click
1370053231815	38	454	382	click
1369504937116	75	150	291	click
1372419153372	65	52	274	show
1371742881464	53	471	82	click
1369309089668	100	803	8	show
1370527240802	13	848	260	show
1372784297793	65	312	319	show
1369975550731	99	346	481	show
1373355452025	66	23	461	show
1372532806193	145	874	405	show
1373236335326	18	676	260	click
1370193431762	25	480	243	show
1367532179237	85	373	449	click
1371439425664	53	416	18	click
1367784191151	90	710	373	click
1371441208504	69	128	256	click
1368795297729	94	516	447	click
1373055615776	18	375	58	click
1369284622095	76	354	196	show
1371184805369	5	966	12	show
1368331892087	150	358	235	show
1370173886814	137	586	271	click
1366792026322	129	239	114	show
1366562054678	141	918	296	click
1368064324095	140	37	159	click
1370678000128	30	184	238	show
1373926611485	54	734	463	click
1368690521732	69	812	319	click
1366749960234	114	709	81	show
1373342626851	26	835	134	click
1366506786701	61	667	476	click
1373283665525	126	418	53	click
1367798490880	51	356	155	show
1370627897065	30	965	129	show
1367122953898	136	203	236	click
1371230669068	35	36	16	click
1371231591376	42	534	75	show
1366559051376	39	471	379	click
1372886506195	40	57	289	show
1370737079541	149	706	188	click
1366344308761	84	153	276	click
1366913264858	91	442	287	click
1368711306524	112	390	354	show
1371399450629	98	656	412	click
1368609642331	145	466	224	show
1369245003038	139	836	393	click
1374125672076	19	769	474	click
1373645784815	90	371	334	click
1370643248018	147	883	199	click
1366575157809	8	345	315	click
1373078926144	38	969	308	show
1367704296648	23	138	8	click
1368145611293	92	145	87	show
1373684544328	5	862	226	click
1370220707576	8	170	24	show
1373805504516	35	722	89	show
1370822287957	83	769	462	click
1373340510927	98	164	376	show
1368574913637	42	819	284	click
1368989518071	25	492	206	click
1369806103845	101	9	291	click
1367428707005	134	134	495	click
1369962705301	134	860	360	click
1371023699395	41	303	250	show
1372974873298	136	631	467	click
1370387950784	50	684	346	click
1372417234221	85	135	435	show
1368309470160	109	502	424	show
1374177388457	65	714	236	show
1371258418929	106	728	372	click
1369176090736	136	10	436	click
1372599431347	148	915	380	show
1372519064887	26	786	84	click
1368031866881	76	255	137	show
1372236817700	120	556	25	show
1366490674277	23	596	414	show
1367604014492	80	62	395	show
1369160014837	145	211	468	show
1373189186317	50	599	373	click
1372234887882	45	394	58	click
1368263057745	78	924	107	click
1370007720694	89	568	412	show
1371524504124	85	562	207	show
1369200135526	110	308	424	click
1372045062343	119	519	374	show
1371373736531	29	408	349	click
1369324657179	68	422	377	click
1373959260051	134	23	472	click
1373908390925	108	254	336	show
1373726955010	138	907	15	show
1367608528074	140	919	3	show
1373358231741	127	913	265	show
1369596859941	83	843	122	show
1374115603167	5	377	311	click
1371992988199	67	326	147	show
1374126115842	111	687	276	click
1368993248322	130	487	418	show
1369426074078	60	246	63	show
1367660547188	82	349	343	show
1368561070743	100	836	6	click
1373881801336	126	59	174	show
1369273827867	99	228	76	click
1373997878196	137	60	327	show
1367206609868	147	614	126	show
1372893816540	83	637	336	show
1373781189972	93	642	44	show
1373221406980	28	936	53	show
1372504077561	115	82	497	click
1368410555008	25	633	192	click
1371025876452	5	980	267	click
1372488510378	142	961	435	click
1372237855150	70	112	448	show
1367547423187	99	379	478	click
1370013666664	52	992	428	click
1374030805834	123	14	183	show
1371121329515	47	85	294	click
1372655424281	7	497	67	click
1368138949276	41	104	248	click
1367180792101	140	780	295	show
1370031005215	142	878	117	click
1370272545389	17	71	14	click
1369082251787	118	474	112	click
1370941791955	126	130	317	click
1371716509205	69	713	436	show
1369595367585	73	762	292	show
1372701652830	8	484	179	click
1368325281198	104	837	375	show
1371844104957	138	125	99	show
1373545573832	21	663	11	show
1373618530455	107	757	242	show
1371848868251	66	925	96	click
1368547643136	113	58	277	click
1369400117495	119	350	218	show
1370641754569	131	148	17	click
1368324196048	147	136	277	show
1372205368696	129	923	446	click
1370674234824	13	53	498	click
1372551815442	99	984	474	show
1370523248632	47	309	175	click
1367942870903	66	153	114	click
1373504918032	58	839	199	show
1367356755507	57	642	100	show
1368060005862	6	937	66	click
1366471205223	142	414	78	show
1371268647384	22	586	487	show
1367021901139	98	124	168	show
1369188944963	79	202	354	click
1366639978076	125	442	102	click
1367185701741	68	451	403	click
1372966891263	19	564	300	show
1373933730161	82	318	8	show
1367211034740	132	241	233	click
1368256533460	84	446	200	show
1374193549857	124	555	141	click
1370653133468	35	977	409	click
1367224467527	41	851	174	click
1371918841432	100	483	170	click
1366422161474	37	648	179	click
1373414056890	126	972	228	show
1367640715041	144	263	359	click
1371796749930	115	66	290	show
1369301590090	110	165	236	show
1373409224216	142	631	155	click
1371930298877	65	269	449	click
1371078238716	90	643	80	show
1367986447322	44	841	445	click
1367706195333	129	831	421	click
1369722193451	23	685	92	click
1372938500436	119	331	67	show
1373719165210	82	61	184	show
1367238083192	98	607	91	show
1367769408038	87	178	477	click
1368177431638	91	624	272	show
1372086840639	72	390	114	show
1370153841268	2	427	339	click
1368730445030	42	15	7	click
1371664529987	58	967	400	show
1367380204180	52	631	279	click
1373363956671	99	898	307	show
1370435266394	75	839	30	click
1370205184312	78	655	182	show
1371462220090	19	914	326	show
1367558484298	64	416	75	click
1366749733635	90	141	106	click
1368237934412	100	331	69	show
1374129590200	116	692	115	show
1368444251011	90	143	276	show
1366666712367	149	258	58	click
1372264004471	77	621	338	show
1369659286746	27	204	74	show
1370763471941	132	93	71	click
1368029646161	149	944	7	show
1370257804024	68	276	318	show
1370444994422	112	92	149	click
1367031965517	23	913	462	show
1367793211712	76	471	365	click
1371431574072	132	648	19	click
1369573640084	82	294	494	click
1367387937533	90	211	255	click
1369981282796	108	710	479	click
1373616668046	112	971	484	click
1368710945337	18	869	261	click
1367848904831	10	243	269	click
1374049956428	102	852	454	click
1371896372682	122	926	236	show
1370146835305	85	141	377	show
1370389449909	37	318	8	click
1371123753965	141	914	62	click
1369828897007	136	237	14	click
1367535552874	25	901	191	show
1372448689770	45	789	333	show
1370687935482	119	223	417	show
1368490192187	24	71	289	show
1373085452630	115	644	358	click
1367287523623	25	518	338	show
1371902793412	78	795	128	click
1368408661848	52	220	187	click
1368054606527	88	51	324	show
1370452481391	140	13	318	click
1370759924305	78	103	143	show
1372772845413	23	524	170	show
1372839325200	93	617	154	show
1370140999061	102	920	2	click
1372399799426	138	856	468	show
1372262381044	26	15	222	show
1367583548630	112	927	319	show
1372551534668	140	936	10	show
1367649644041	5	928	248	click
1367641596359	54	779	479	click
1373643034820	130	989	282	show
1372903758829	145	840	199	show
1369584197967	63	436	278	click
1367745559895	39	769	468	click
1369168219672	141	604	393	click
1373310045310	120	946	448	click
1371429655964	125	746	179	show
1372436128694	93	524	296	click
1373427835548	144	759	310	show
1370094844624	88	25	200	click
1369698398163	102	31	331	show
1373002253179	140	60	466	click
1368485001498	18	92	172	click
1370595464785	86	350	391	click
1370825401782	86	124	476	show
1366994470412	121	190	60	click
1368323156799	99	98	385	click
1373982536074	15	963	193	show
1368589592517	146	837	240	show
1371016279814	34	853	243	click
1367541908279	75	224	122	show
1370588471510	13	560	349	show
1370147788655	145	199	41	show
1374181927181	128	248	57	click
1370072590455	114	470	412	show
1373105645141	107	842	350	show
1371865709594	61	802	17	click
1369930514333	128	511	326	show
1374084247761	14	433	199	click
1373334686084	99	357	227	show
1372253577727	88	522	306	click
1369077699037	116	38	347	show
1373153217490	28	445	431	click
1371304132181	71	838	38	click
1370706979875	123	379	194	show
1369170545233	52	123	101	click
1367941643666	88	525	373	show
1373659093681	80	751	175	show
1373819650546	107	910	59	show
1368122573240	17	173	263	click
1369762432398	89	573	300	click
1368377101500	91	456	181	click
1371084885448	83	422	138	click
1366996350840	47	164	229	click
1373492904172	115	936	88	click
1374131993967	53	178	299	click
1367600369981	145	890	465	click
1370474039290	64	869	302	click
1368712363972	117	74	437	click
1370427397520	70	199	374	show
1366900799441	35	17	264	click
1368990061241	25	613	422	click
1372149523641	134	374	188	show
1367726937491	54	778	444	click
1366444770981	148	608	175	show
1372766904696	88	601	250	show
1371293200150	99	556	214	show
1367523900439	81	282	226	click
1373213152018	127	103	339	click
1370169856512	1	90	195	click
1372042350458	16	643	321	click
1367934397125	104	685	191	show
1371685821937	101	223	459	click
1373361335133	85	300	356	show
1368002913724	86	747	94	click
1371744487900	64	477	352	show
1366600540985	86	814	471	show
1371666492725	21	848	59	click
1368982293836	48	881	3	click
1367410913402	79	83	313	click
1367887237102	25	420	274	click
1370342712813	16	809	389	show
1367115437749	113	55	128	show
1370390617472	95	786	478	click
1366996835488	5	999	471	click
1373295106381	19	807	52	show
1371721600313	63	905	253	click
1367060558919	12	461	359	show
1371778934800	103	885	370	click
1366561917547	118	343	407	show
1372718765560	7	929	468	show
1370275182933	146	504	52	show
1370283030516	84	914	399	show
1371849823572	135	795	60	show
1367727552940	139	270	375	show
1369506573690	22	706	440	show
1371864185169	133	125	234	show
1372943212931	95	750	459	click
1367783470711	73	473	493	show
1370322417231	91	327	252	show
1372209040738	28	881	65	click
1370890033912	2	534	378	click
1371937741096	122	283	365	show
1370434373542	39	960	289	click
1372452658970	43	563	400	click
1371362858527	35	708	5	show
1371081508428	30	763	314	click
1373296854829	77	458	305	click
1371883884019	121	678	468	click
1367186300111	120	797	64	click
1370093862460	85	694	384	show
1369802071094	76	391	165	click
1369400511143	38	869	16	show
1372184427206	54	248	354	show
1371446203920	55	910	347	click
1367353193406	90	163	220	click
1373544747721	3	1000	170	show
1366757991806	42	956	397	show
1371909321897	121	76	241	show
1366826618172	114	69	244	show
1367760271976	9	172	145	click
1368185389188	7	222	244	show
1369191190699	2	972	206	click
1371899671567	31	773	104	click
1366423505495	22	956	237	click
1373215782227	38	595	327	click
1370033895970	124	503	426	show
1368713201006	75	701	487	click
1369374297848	94	185	486	click
1371870321170	31	382	26	show
1374083896161	112	417	61	show
1366939312108	95	891	95	click
1370568342872	88	147	490	click
1368241637476	9	396	336	show
1366812763279	133	741	300	click
1372704905953	65	682	153	show
1370805289636	82	330	286	click
1369651933260	119	656	340	show
1368048336080	33	917	45	click
1371186266325	137	725	240	click
1367712404292	62	428	253	show
1367034892594	117	861	170	show
1370792833488	144	874	92	click
1368108599827	31	195	491	click
1366471950682	148	46	484	click
1371341874674	100	491	312	click
1367770727591	116	902	21	show
1369333059259	83	586	436	click
1370507401708	33	359	121	click
1369837417476	103	103	356	show
1371459392153	127	247	178	show
1369097375607	33	74	176	show
1368591935349	125	797	178	show
1374155742327	10	680	342	click
1371064065028	89	43	451	click
1368472432657	140	161	480	click
1370582828681	143	992	263	click
1373033379244	108	102	397	click
1373857969155	129	411	110	show
1369193046794	133	687	456	show
1366635236953	70	608	35	show
1372643143697	114	314	492	click
1370804926550	102	137	297	show
1370297982514	35	791	70	click
1367585245215	124	243	150	show
1367368580010	1	618	178	show
1369480904948	128	23	488	click
1370013720671	26	760	240	click
1367247437050	146	983	311	click
1370460114023	99	304	253	click
1369580777759	136	934	79	show
1372841214399	97	743	398	show
1367815052696	90	318	317	show
1366946539621	62	196	275	click
1374123145548	51	309	255	click
1368460952506	9	959	12	click
1366704920859	96	162	282	click
1367549163175	39	948	233	show
1368412101179	138	561	50	click
1369957372999	117	993	6	show
1372157997506	123	931	30	click
1373039716789	119	834	478	show
1369388591424	112	173	263	show
1370985210180	48	612	38	show
1368379925531	11	845	226	click
1369056055521	26	162	470	click
1373051261241	24	495	227	click
1370693994941	134	860	216	click
1371140511460	24	206	233	click
1372787765597	18	627	477	click
1372552763771	6	441	146	show
1371256503972	127	341	96	show
1369589108527	5	171	191	show
1370635390577	49	771	99	click
1367752476491	68	868	78	click
1374105399361	123	507	407	click
1369792787577	95	240	181	show
1370845180514	7	928	481	click
1371585091558	139	291	346	show
1372838091847	72	839	369	show
1369597856129	68	211	437	click
1371130142356	22	166	496	show
1370209484788	133	674	360	show
1368192058115	127	828	114	click
1371633304216	45	452	168	show
1369082706437	149	566	383	click
1372084201859	128	915	242	click
1367950143297	59	299	120	click
1371104339987	64	969	484	click
1367212240682	110	732	153	show
1372446808955	126	458	26	show
1370583141132	149	380	162	show
1373268095954	16	500	32	click
1366974735223	36	393	403	click
1373375387469	131	729	164	show
1368360340196	89	361	462	show
1367458879875	81	232	350	click
1371530040469	69	173	55	click
1371128325749	81	627	254	show
1373641319534	102	993	372	click
1369892992320	100	952	117	click
1373060634811	23	846	378	show
1367091582368	145	29	466	show
1373336733812	104	237	88	click
1368618751077	61	30	440	click
1371431280869	47	183	2	click
1373855998253	55	88	489	click
1372200799375	113	120	441	show
1367955780983	57	22	302	click
1371221253343	22	310	344	show
1371667670506	62	140	44	show
1373736297740	138	424	117	click
1366537057490	1	22	201	click
1373129814914	106	371	81	click
1372252535949	129	266	50	click
1366624032803	26	117	286	show
1374129675903	105	124	32	click
1366564957501	122	286	306	click
1368911525854	117	772	211	show
1368571741712	26	240	27	show
1368585261683	120	474	163	show
1373777267227	63	275	64	show
1373817390296	20	775	363	show
1371964194928	102	670	371	click
1372533358132	119	914	157	click
1373361618781	101	499	237	show
1371705909611	133	351	359	click
1366850153348	106	511	436	show
1373961708449	13	710	475	show
1374060886248	90	631	52	click
1367251403079	111	770	396	click
1370611182694	109	212	73	click
1369443453077	93	624	346	show
1366522872975	88	792	94	click
1372909554639	89	16	143	click
1372712577030	128	825	203	click
1367315747094	90	464	177	show
1368134283065	138	591	413	click
1370008353829	137	432	371	show
1367790917057	52	796	377	show
1373983990067	132	471	96	click
1373924562515	135	620	20	show
1366521906853	103	615	28	show
1371133223728	126	247	123	show
1369387480727	23	710	31	show
1372178439558	88	488	179	click
1372830846698	129	51	104	show
1370807785640	23	413	221	click
1372364713058	17	583	160	show
1369958392667	3	167	249	click
1370568199076	148	230	478	show
1367916108062	21	805	500	click
1366863452142	117	998	11	show
1373008746266	45	67	265	click
1371022730961	73	548	262	click
1367009358778	126	50	236	click
1372200360496	137	281	323	show
1369118606546	110	825	327	click
1369367900107	66	40	327	click
1372479854534	96	825	109	show
1372759136167	15	27	417	show
1370204248439	126	817	399	show
1372111590022	99	915	399	click
1367933950515	135	11	169	click
1368126787318	114	922	199	show
1368221256020	25	316	210	show
1372955673154	71	542	326	show
1368822444497	128	849	445	click
1373184328506	150	809	287	show
1366789615106	76	302	285	click
1370998447824	78	745	386	click
1367017727304	69	870	162	show
1368802040073	110	852	396	click
1373050697640	30	826	171	click
1372196850286	122	639	185	show
1366574791359	44	807	344	click
1368302552412	125	788	109	click
1372031683324	101	241	158	show
1373791476698	107	581	70	show
1368738105507	24	832	447	show
1366752177522	60	873	493	show
1367786099774	134	217	31	show
1373756278661	73	992	473	click
1370511380084	134	364	442	show
1371528866456	138	112	71	show
1368083199354	55	616	230	click
1368612066019	32	780	110	show
1369878726769	97	776	465	show
1371185377156	15	395	381	click
1371000912253	139	615	355	show
1369079323939	115	420	151	show
1373218156626	63	191	333	click
1367791747415	124	97	429	click
1369136877573	16	332	320	click
1367926004818	45	504	79	show
1367485764883	13	64	148	click
1371146297474	45	979	305	show
1368718292605	29	989	68	show
1372270230761	23	461	119	click
1369419900065	69	410	488	show
1372829475920	66	544	193	click
1371903093009	53	970	202	show
1371612581911	9	771	266	show
1372358670070	44	510	469	show
1366672203775	137	707	431	click
1373454407168	68	373	65	click
1372001417166	34	788	465	show
1367484538195	58	245	392	click
1369252154688	27	604	300	click
1371667181179	88	259	467	show
1368516262032	7	950	70	show
1372748520170	23	680	362	click
1371371414068	134	37	218	show
1370595699382	39	673	397	show
1373417390605	32	804	432	show
1371090532484	32	448	13	show
1371316114675	38	171	123	click
1372942889142	102	968	55	show
1368713744064	99	969	248	click
1371517895903	32	192	398	show
1370740925383	76	351	96	click
1370368169799	32	983	314	click
1370555422588	6	831	362	click
1366767857178	145	566	167	click
1373763855551	96	327	249	show
1372605806192	69	458	21	show
1368217329770	63	997	240	show
1369334481376	115	296	26	show
1368508764674	82	265	460	show
1369320074550	141	602	233	show
1372409918284	100	905	330	show
1373001885656	80	5	416	show
1373253013659	80	723	341	show
1371906131976	140	324	209	show
1373353409455	121	101	65	click
1367526052897	147	529	221	show
1370752017708	2	422	244	click
1372182368315	21	971	10	show
1367658707223	41	235	24	show
1370106293034	128	856	323	click
1367609714885	43	839	362	click
1373188330097	64	857	420	click
1371958691619	5	953	157	click
1366749038675	134	159	113	click
1366485405035	113	789	285	show
1368831427400	66	88	466	click
1370939539003	65	42	288	click
1371727660779	130	866	448	show
1371870847483	24	648	67	click
1372470796008	3	757	443	click
1368278458169	28	55	305	show
1371721300769	16	290	363	show
1366426676647	146	103	268	click
1368835119329	24	365	76	click
1373930495164	84	517	137	show
1367616383554	53	154	225	click
1368888831171	65	768	61	show
1370677968089	6	196	328	show
1370631622389	121	254	496	show
1372740832892	116	303	457	show
1374059038231	114	824	380	show
1369160199358	14	891	223	click
1371980121668	40	811	440	show
1367899224809	13	258	46	show
1373458183300	122	132	136	show
1369583571392	74	644	52	show
1371853636264	99	130	279	show
1367935961030	101	342	155	click
1370173477389	100	423	329	click
1370531181926	148	71	286	show
1373430227603	145	702	492	click
1368235474550	96	814	470	show
1373352894114	138	709	202	show
1373143051545	45	190	467	click
1370168687901	48	934	197	click
1369489794232	74	322	311	click
1369521640829	102	900	336	click
1368169005739	23	421	148	click
1372313110552	3	165	3	click
1371189728679	9	357	96	click
1368041442823	147	420	115	show
1366439454992	31	941	265	show
1372102378298	86	968	163	click
1368046974665	74	770	207	show
1371014035329	52	231	8	click
1370617011976	103	339	367	show
1372896293086	36	963	487	show
1372747334637	48	222	323	show
1371541884624	40	361	325	click
1373292836493	48	79	430	show
1373019985734	38	575	478	show
1367729085783	92	36	265	click
1372509475053	68	510	303	show
1370396130366	53	848	323	show
1366803462740	84	620	404	show
1370588141723	150	929	266	show
1367111711312	102	285	422	show
1372313011742	122	695	325	show
1368656211640	132	429	401	show
1368993612140	46	717	362	click
1371538342166	109	774	358	show
1368279494824	78	221	332	show
1367538654621	143	387	75	click
1372221435109	40	193	211	show
1366630263713	94	864	369	click
1367747605953	125	636	92	click
1371950908704	132	403	57	click
1367391184796	17	633	122	show
1366427736242	16	235	350	show
1369605111467	34	584	393	show
1373103063964	67	257	481	show
1368374463659	12	404	9	show
1372737837114	29	886	167	click
1368744428529	95	418	188	click
1368929486076	8	165	114	click
1373163167138	57	315	43	show
1373132278472	122	378	72	click
1369449141332	142	94	5	show
1368411293151	32	484	475	click
1373433583178	125	287	145	click
1368285499702	56	843	479	click
1373564115856	126	201	162	show
1368228437836	21	799	33	show
1372847980641	120	207	31	click
1366908081167	88	610	282	click
1371703780351	122	138	264	show
1373523015322	129	169	162	show
1368504518269	33	44	281	click
1373361681189	106	739	389	show
1370080919471	67	67	58	click
1373093159996	23	434	129	click
1367379638173	67	16	306	show
1371219196704	41	740	79	click
1368040872947	95	541	404	click
1373002307208	73	226	292	click
1371353080346	118	498	154	click
1368909195187	136	239	180	show
1372799321683	113	1	103	show
1368463461494	138	40	94	click
1366621898127	97	717	449	click
1367773851852	17	973	67	show
1373662714856	27	846	499	show
1371471282780	3	813	252	click
1372426680610	47	986	98	click
1366552623634	95	438	17	show
1367862736263	45	40	21	show
1370271934642	7	937	447	click
1367275603923	61	106	279	show
1374064400307	94	530	29	click
1371866257494	81	789	402	click
1368317338700	76	186	323	show
1369462142131	117	421	10	show
1371584789489	10	333	65	click
1373583636349	57	773	70	click
1370010917941	140	2	236	show
1372632980912	3	864	188	click
1366876864706	121	452	418	show
1373393749460	3	73	352	show
1370031061738	57	332	490	show
1373140069255	133	996	223	show
1369144926855	15	188	295	show
1366419744956	143	384	393	show
1368897031101	1	688	206	show
1371023417986	45	38	446	click
1369795049317	94	861	492	click
1367645241689	58	809	178	click
1369369547957	124	35	29	click
1373073641281	109	462	453	click
1369920542607	15	313	66	show
1369917860125	138	635	385	click
1373123103774	35	454	370	click
1371605004438	66	727	417	show
1366946308851	104	742	33	click
1372614630806	141	298	227	show
1372066339678	141	547	280	click
1372948274966	119	432	416	show
1368393004200	20	110	267	show
1366902461139	98	538	410	show
1371533707153	114	559	38	click
1369399307922	137	855	403	click
1373504564362	50	40	406	show
1374180906933	109	506	411	show
1372323957259	84	328	221	click
1368005337142	110	949	11	click
1371691381583	142	90	491	show
1366612928783	4	552	17	show
1368394554558	34	97	166	click
1370915725375	88	113	42	click
1366615004832	56	127	332	click
1369883203380	49	745	196	show
1373133247508	77	609	471	show
1366736031170	29	719	222	click
1372965237834	121	717	419	click
1373429647376	148	493	13	show
1368660674989	108	172	338	click
1368928557166	149	734	486	show
1373973990794	132	923	61	click
1368385576240	2	278	65	show
1367789194549	42	57	13	click
1369184415895	63	780	403	show
1366834872114	66	352	46	click
1371137036035	10	788	262	click
1372603195787	9	636	131	click
1373553392037	84	387	74	click
1371747928795	41	678	105	show
1370207399413	8	982	475	click
1371304942578	72	805	256	click
1368940633928	14	808	119	click
1370760119696	5	114	293	show
1371020917933	97	977	5	click
1370697098443	57	667	326	click
1366954673271	90	945	323	click
1366737876581	109	773	229	show
1370041641080	86	285	323	show
1373781198762	124	795	77	click
1370702062794	146	133	417	click
1368981427699	122	492	492	click
1373420800757	106	800	115	click
1366565318436	59	884	469	click
1368217552565	37	444	158	click
1369072335899	22	232	149	show
1370946481968	144	70	314	show
1373955690202	76	590	54	click
1370843019518	31	510	45	show
1371988323843	43	133	286	click
1372988205402	37	464	377	click
1369406442810	46	234	60	click
1372642094629	54	179	122	click
1370450495135	129	45	111	click
1372930591259	120	598	196	click
1370689949521	13	82	455	click
1373882942134	63	423	165	show
1374091044341	115	512	266	show
1367234288788	135	863	63	click
1370822367924	28	521	148	show
1373202032473	10	281	67	show
1366875164710	29	881	31	show
1372410773326	84	150	71	click
1368295404839	135	576	133	show
1373092762256	19	416	201	click
1366753987335	107	458	98	show
1372165045826	14	325	347	click
1369154716896	2	760	261	click
1369423509386	70	838	188	show
1372265453949	58	799	179	click
1373980605429	140	108	299	show
1373504195941	75	132	218	show
1371874932204	4	727	311	click
1368113035848	83	432	309	click
1371914852049	11	659	286	show
1368743734979	49	242	441	show
1372570299483	120	603	120	click
1370623190493	61	736	486	show
1372362847825	68	624	157	click
1367481982688	95	305	415	click
1366455273809	134	587	484	click
1367012639273	126	598	125	show
1367831538131	28	714	347	click
1368505031385	110	418	447	show
1368795020284	6	78	99	click
1370618883750	141	999	333	show
1368842300384	55	425	244	click
1372684668392	34	711	492	click
1372244118419	12	898	38	show
1374025337123	31	409	185	click
1371269968210	40	54	367	click
1367561742327	74	891	185	show
1373725444735	43	849	308	show
1373889417070	23	863	330	show
1367973317211	131	649	183	show
1371936143764	104	231	448	click
1371184376861	99	809	236	click
1367803841802	94	842	303	click
1372757366684	57	225	224	click
1372173242791	143	409	41	show
1373003281400	143	316	4	click
1368639528646	69	84	151	click
1370571767450	105	503	324	click
1367827375639	144	635	83	click
1372530472346	104	794	373	show
1366509797518	123	724	433	show
1368660271747	15	185	453	show
1368040198936	65	438	205	show
1372959212340	86	672	414	show
1373114216910	72	56	472	show
1369361795628	110	556	371	show
1372795353997	59	658	367	click
1373893515268	107	829	133	show
1373967055536	104	724	184	show
1367625979254	147	55	9	show
1369974139342	58	362	151	click
1370198801121	103	902	137	show
1371607872006	67	899	473	click
1368797883176	111	677	470	click
1372104777016	81	866	92	show
1368968096407	108	260	258	click
1367975125740	19	192	402	click
1373925548679	116	950	194	click
1366777071577	78	802	345	show
1373432482231	12	253	355	click
1372321601423	62	337	257	click
1372822851413	60	839	120	click
1366625401721	133	123	414	show
1373599332519	143	295	133	show
1372170608939	50	140	360	click
1373072023286	139	16	30	show
1367194090983	68	632	19	click
1372246358507	15	831	133	click
1367369860514	13	188	247	click
1372127222759	25	594	418	show
1373295460111	145	132	118	click
1370727386914	43	391	462	click
1373646021652	84	370	73	show
1372592715217	40	717	103	show
1368692515007	11	1000	344	show
1368930644289	82	803	255	click
1372783846848	114	267	110	show
1368462932339	141	602	309	show
1368247545465	118	848	287	show
1372085187540	107	913	284	show
1371884010444	78	97	256	show
1366785317506	84	335	286	click
1367906167551	147	414	132	click
1369982602943	97	60	99	show
1367296349588	141	43	34	show
1369324042649	48	827	480	show
1373891104654	11	552	468	show
1373290429887	78	599	490	show
1371893977764	12	574	230	show
1371161613978	21	220	248	show
1367336099372	121	355	153	show
1369490617629	53	850	398	show
1367010461286	96	423	227	show
1373143673689	133	385	393	show
1371891523764	105	700	245	show
1368350666982	32	962	464	show
1373487463787	85	222	33	show
1373362697200	54	257	290	show
1373658727177	118	361	356	click
1368681770715	68	528	475	show
1369726019725	134	559	167	click
1368850858630	131	188	86	click
1370257852543	93	871	116	click
1373402805173	88	820	21	click
1371274353805	11	585	384	click
1372186998692	7	771	394	show
1372525359488	94	311	4	click
1372219080945	109	220	320	click
1370063933333	101	902	45	click
1373965532802	82	392	84	click
1369315894012	133	4	451	click
1371471504956	17	923	30	click
1366537588968	50	291	32	click
1366851328858	90	903	189	show
1371349853036	52	936	440	show
1373688517255	68	560	33	show
1371154759011	84	519	301	click
1370703114571	127	891	328	click
1370370999242	107	252	496	click
1372218327116	33	353	357	show
1373890458151	43	539	164	click
1370153211060	110	333	422	click
1373116605854	47	919	105	show
1372355167600	131	774	365	show
1371672867914	29	597	334	show
1369954815101	35	99	457	show
1373422729646	35	215	165	click
1371498939246	36	882	374	click
1366373886069	71	902	176	show
1373903108055	126	226	287	click
1368856871869	70	820	3	show
1370901569934	83	295	212	show
1373620150221	47	668	382	show
1370929286658	22	783	494	show
1371157462023	70	898	485	click
1366499269588	32	988	49	click
1373469537161	138	312	8	show
1374029211726	65	41	401	show
1372576926272	130	708	425	show
1372666317841	23	698	328	show
1367467664477	35	365	49	show
1368319751616	59	903	495	show
1373906242761	106	73	381	show
1367567720108	122	961	136	show
1370907010332	81	360	238	show
1367110125124	66	828	284	show
1369669031555	59	20	363	show
1367847441518	58	17	204	click
1373988684949	57	698	124	show
1371254972789	44	733	403	show
1372403090951	136	117	451	click
1373804947838	9	529	387	show
1366710911408	69	268	68	show
1367012668511	104	441	200	show
1371517588081	76	500	288	click
1369168534170	16	878	118	click
1372455752061	44	695	384	show
1371098495859	54	770	311	show
1370749093649	48	652	104	click
1372356041457	76	123	248	click
1373963404325	10	645	499	show
1370622091361	15	640	174	click
1372577236856	12	106	94	click
1370756850557	66	853	314	show
1368845222125	114	929	147	click
1367731939596	27	435	236	click
1372187621220	65	308	423	show
1372441860760	129	109	328	click
1369584832888	57	202	275	show
1368220912532	56	680	431	show
1372561167025	144	568	312	click
1367046492222	88	901	307	show
1370369082773	120	387	330	click
1371583882468	106	949	172	show
1372956842124	92	934	284	show
1370912712490	90	386	166	show
1373428289892	103	187	413	click
1368566868993	83	655	108	click
1371430377587	13	427	446	click
1366527741071	144	661	215	click
1367824022587	97	131	338	click
1367326313431	132	599	158	click
1371536482448	22	800	75	show
1370500816075	35	799	495	show
1366487764272	41	646	390	click
1370866269130	65	873	387	click
1369259043119	43	199	99	click
1373711702286	91	954	99	click
1372691888445	11	150	233	show
1373455189665	104	154	281	click
1370475582009	15	494	276	show
1371760180065	92	477	222	show
1367471633134	143	197	475	click
1369629127740	137	73	274	show
1370900588922	26	676	62	show
1373909829713	104	707	144	show
1372448916808	94	967	236	show
1367277796027	15	410	16	click
1370830435002	149	807	439	show
1371117478312	134	981	323	show
1366880692787	33	965	260	click
1371749293721	143	352	326	show
1374115953371	22	412	12	click
1367280708130	99	496	67	click
1369696859414	115	866	126	click
1373983219984	9	457	76	show
1366595994210	66	10	388	click
1373893538185	142	432	319	show
1369712942083	6	137	175	show
1368683063770	51	353	182	show
1373889878048	146	836	231	show
1367647786787	150	819	404	show
1371832212236	100	668	495	show
1371731834804	55	290	177	show
1366892703655	134	75	14	show
1368382327256	3	765	466	show
1371830377037	94	701	462	show
1366788212088	49	756	355	show
1367450040305	85	31	321	show
1371171223634	142	187	251	show
1369464329478	138	933	396	click
1367655253040	136	573	331	click
1372710011443	115	449	157	show
1373171522590	96	587	270	click
1371436233589	103	876	234	show
1372252274876	42	408	175	show
1368939349252	72	566	273	show
1366956603111	46	303	180	show
1372183118226	33	671	217	click
1372820501056	33	738	477	show
1368347420335	133	752	46	click
1369465126736	76	714	472	click
1372096883726	55	651	443	click
1372609333515	2	301	310	show
1371338144261	130	655	126	show
1373050253886	22	373	486	show
1371565180637	55	650	497	show
1371609276622	17	813	76	click
1371069748627	95	899	347	click
1373344507651	87	352	336	click
1368901189692	124	397	36	click
1366805231067	97	957	112	click
1372264771403	84	929	165	show
1372117816792	49	326	296	show
1367048570231	6	684	375	click
1372280784044	64	484	157	click
1368173430298	123	89	240	click
1368381535439	114	81	457	show
1366423111814	20	216	63	click
1368858334400	66	995	378	show
1368197528387	12	389	355	show
1373368884328	110	29	444	click
1371165626458	105	363	98	show
1368525549677	44	25	491	show
1371331885389	29	291	357	click
1369054228893	144	975	336	show
1366755395313	101	678	117	click
1374190862064	102	444	138	click
1373406981806	89	453	350	click
1371352683777	48	509	283	show
1373542527396	124	376	199	click
1368527138263	26	146	202	click
1369342031670	25	366	243	click
1367951134245	1	665	257	show
1369207797778	108	974	238	show
1368282735256	140	784	379	click
1368095360506	26	754	87	show
1368904390977	32	328	97	click
1368631963902	50	994	309	click
1368874386280	44	776	369	click
1368494859190	143	567	311	show
1371431797437	78	505	274	show
1371747942643	62	429	203	click
1369163247984	17	204	224	click
1366426113824	11	749	475	show
1370505639215	127	968	103	show
1374117538335	122	255	213	click
1367308745985	58	905	272	click
1373806808338	127	991	208	show
1368864721915	28	468	146	show
1370894077808	148	225	140	show
1372957866372	118	478	338	click
1367796711804	91	712	420	click
1366957797482	121	575	291	show
1371542104856	35	367	130	click
1367049199107	10	313	476	show
1367525230541	65	980	122	show
1369721129561	81	727	85	show
1373477146661	102	859	399	show
1373923135341	93	502	172	click
1369839310227	5	240	442	click
1368028390752	124	904	157	show
1368075414761	130	331	477	show
1371374783041	44	578	390	click
1372674399350	36	1000	344	show
1372852925654	117	496	319	show
1369370992304	108	704	326	click
1367468731733	32	998	431	click
1373655576363	94	393	88	show
1371459023709	120	983	213	click
1370142867421	59	603	49	click
1372596911340	59	740	197	show
1370881829407	122	525	241	click
1373764253834	105	270	116	show
1370625673516	47	159	417	show
1366752494391	47	886	262	show
1367218127994	36	261	471	click
1371339744414	136	240	352	click
1368666084272	2	942	91	show
1366929195094	147	898	77	click
1368903589492	60	105	99	show
1370182574594	81	874	221	click
1367055400824	64	671	370	show
1370081081597	118	5	101	show
1372358051652	26	826	156	show
1371402539247	134	615	369	show
1370322442159	10	908	268	show
1372784182842	4	500	350	show
1372274775233	119	326	472	show
1369257717094	127	132	431	show
1373602289238	90	71	206	click
1371161697225	74	109	461	show
1367742612530	80	929	342	click
1370258386166	35	645	84	click
1368064916945	137	50	143	click
1370117554970	119	893	266	show
1373889617013	110	934	258	click
1370245026816	25	974	109	click
1373783063449	119	29	126	click
1369847154369	36	690	206	click
1368170633167	102	474	132	show
1367831183728	6	329	299	show
1373060377992	148	803	54	show
1367725751146	111	517	7	show
1372399199218	143	17	113	show
1374097889826	132	893	164	click
1371889296333	13	3	334	click
1366391396646	70	779	210	show
1366996384051	124	874	80	click
1367714474259	56	296	61	show
1370305907898	97	398	262	click
1368248864520	100	243	466	show
1372719203030	98	21	67	click
1370265899468	38	392	388	click
1370114140227	120	293	422	click
1369589104755	41	94	404	show
1367477661609	144	646	395	show
1368581362992	58	813	396	show
1369465864329	144	18	77	click
1372783521710	85	219	321	show
1369603537821	64	104	37	show
1372787194666	35	999	298	show
1367919632683	71	678	10	show
1372799333636	56	853	420	show
1373038755002	56	103	411	click
1371262532541	57	898	445	show
1367555633889	65	842	432	show
1373023023787	70	238	254	show
1366873003492	31	9	198	show
1367308006817	129	662	262	show
1373183783529	13	146	112	click
1369396094021	37	671	92	show
1367468189845	75	128	273	click
1374061408693	93	778	28	show
1366628185666	55	687	246	show
1366511763651	92	489	392	show
1366640667770	41	363	245	click
1371089240914	22	312	291	show
1373618591685	128	650	255	show
1367626847440	6	758	324	click
1372358797820	118	603	289	click
1372729407412	150	453	113	show
1369161332902	150	981	107	show
1371852431629	69	338	147	click
1370527304717	41	255	301	show
1369474452493	45	916	391	click
1369445348930	133	286	62	show
1371456915296	28	744	63	click
1371427197990	64	28	234	click
1371025124744	115	943	13	click
1366457112380	148	523	483	show
1367359877825	138	525	169	click
1371653427921	84	20	260	show
1367038987410	48	86	5	click
1367583404827	111	758	287	click
1369554890136	7	470	84	click
1370044861164	34	787	327	click
1367460446023	148	645	17	show
1367511334274	100	444	175	show
1369099824779	73	798	121	show
1371564460720	51	499	217	show
1372093832649	61	46	290	show
1371030602855	144	975	244	click
1368837213798	119	266	243	show
1371717124910	85	711	309	show
1368900413026	93	892	288	click
1369348042383	84	701	80	click
1370384817831	134	335	465	show
1369958793619	133	16	76	show
1367563024953	56	175	180	show
1372548244534	149	382	388	show
1373830267040	37	527	63	click
1371406595375	10	443	121	show
1372184194727	138	74	236	click
1370569938658	98	314	230	show
1368119445815	85	729	70	click
1368327461158	124	270	34	click
1369377096798	130	259	347	click
1369407521214	4	328	185	click
1370469564659	141	233	390	show
1370511191190	34	755	495	show
1373519707342	81	838	457	show
1372623211903	144	146	160	show
1367536568919	19	835	61	click
1370999073010	54	237	44	click
1366448703081	103	360	333	show
1369483393241	20	374	95	click
1371903487801	97	902	163	show
1368365292748	123	555	7	show
1368841253679	76	341	426	show
1373690336852	70	303	414	show
1372539504764	17	836	450	show
1366641969841	34	115	259	click
1368942275791	61	774	166	show
1367556561371	90	578	356	click
1370776575212	20	48	280	click
1372694937715	64	57	307	show
1368873816155	80	499	106	show
1374064283144	51	160	93	click
1373683300025	109	16	85	click
1372406072024	112	573	336	show
1370465797598	57	218	199	click
1368849027698	23	878	88	click
1373998976267	60	648	455	show
1369083554026	63	859	305	show
1372729223791	137	711	271	show
1367750329622	129	709	7	click
1366935977702	37	22	463	click
1369119738548	85	667	130	show
1369510045113	51	198	428	show
1369376283229	132	495	89	click
1371291262711	48	89	97	click
1371371033412	116	87	395	show
1373764132614	126	942	101	click
1374090709982	31	275	141	click
1369960349090	65	583	178	click
1369401150899	19	871	439	click
1367442793420	144	597	500	show
1370514700621	117	795	160	click
1373272928107	83	372	224	show
1371398614724	83	784	21	click
1366373188724	33	896	211	show
1371416390737	131	957	187	show
1369927193170	42	732	431	show
1371217735569	130	557	128	click
1369913894056	65	202	216	click
1372238837464	47	217	340	click
1369198577311	110	596	94	click
1373855786158	140	657	498	click
1371139460466	39	745	50	show
1368095824271	136	445	61	click
1368012639290	25	858	486	show
1371562088856	44	49	58	show
1374060786869	16	482	285	show
1368706781129	99	966	192	click
1366818486468	112	764	380	click
1367172931129	149	209	402	show
1372219527802	118	930	216	click
1373817845464	35	1000	51	show
1366839807207	64	679	68	click
1372030349300	57	532	295	show
1373706840447	145	678	111	click
1371125033445	100	292	421	click
1371242284822	74	355	324	show
1370109747579	26	903	166	click
1366878994787	113	188	63	show
1370339347635	150	435	375	show
1373864749501	45	383	299	show
1368741038747	61	573	290	click
1370792695612	118	745	118	show
1373459236057	19	414	372	click
1370981066494	40	547	234	show
1373050010190	100	157	77	show
1370889664969	94	368	454	show
1368828508122	81	462	405	click
1368875014944	106	114	285	show
1373190577794	124	181	300	show
1369401610543	27	533	119	click
1370612217703	102	921	477	show
1373654705288	145	154	467	show
1371852936629	100	662	140	click
1373674735522	6	204	47	click
1368297294678	20	92	101	click
1370224147248	5	147	140	click
1367735748901	79	656	430	show
1371867113217	10	414	315	click
1368911181582	88	131	446	show
1367332086642	122	438	143	click
1368056968643	146	468	210	click
1367651494604	97	545	32	click
1370391275920	98	778	155	click
1372506647606	83	249	471	show
1369501336975	93	658	172	click
1368448927991	139	465	51	show
1371303611979	135	281	483	click
1371830605907	86	143	395	show
1367514582716	95	674	390	show
1372293242822	8	541	123	show
1373449172867	124	673	35	click
1370986835478	4	886	448	show
1372601516052	149	551	455	click
1368649476854	63	382	436	show
1372384871911	65	836	165	show
1372953515404	35	452	30	show
1370892728115	78	562	197	show
1372477044229	13	550	58	show
1371134594696	66	441	2	click
1367774749210	111	106	43	show
1367276524644	129	12	245	show
1368651678924	13	643	15	click
1369190708007	84	306	407	click
1367165869149	145	978	454	click
1374079728240	123	977	177	show
1371667223432	97	611	35	show
1372765381366	111	757	244	click
1367259764941	26	903	188	click
1368851455825	133	194	191	show
1367746411144	135	607	182	show
1370267254667	41	661	390	show
1372937822939	104	396	259	show
1366691363948	94	713	203	click
1368324951177	119	738	119	show
1367054459849	135	134	154	show
1369134630657	123	583	190	click
1369237306751	29	143	31	show
1373475589990	120	777	61	click
1373661538921	149	448	372	click
1369356453448	84	900	255	click
1367715224584	16	843	497	show
1373087914955	27	692	140	click
1369982926649	28	505	1	show
1368260363633	111	996	267	click
1370020812171	46	29	300	show
1372796523280	80	753	225	click
1368340501706	70	891	128	click
1368794919964	137	253	337	show
1368783815437	45	447	299	click
1371285621585	135	106	247	show
1368224561985	114	933	494	click
1369246140242	90	18	238	show
1371972380968	115	984	282	click
1366857984950	32	397	298	show
1368164859980	115	971	456	show
1371929225255	4	604	75	show
1371182048899	22	256	190	click
1373053767683	73	853	478	show
1368704069332	76	242	136	click
1367638655540	65	190	436	show
1367723541357	82	52	474	click
1367732811391	138	61	380	show
1370941789879	33	934	9	show
1370018356464	148	2	123	click
1366419632386	52	343	73	click
1369610162495	60	984	412	click
1373387348906	19	522	306	click
1366587390392	88	482	418	click
1370715231708	147	522	47	show
1371452708849	6	627	147	show
1372898939429	71	19	288	click
1370846388581	39	914	311	click
1371440739786	103	579	3	show
1366652766377	48	165	156	show
1371647378653	80	533	441	show
1366811635173	146	461	199	show
1373076206534	13	8	338	click
1367043316347	19	108	345	show
1367837580299	22	512	310	click
1372712302062	86	951	258	show
1371105903894	102	911	426	click
1368517091283	74	159	131	click
1366423309265	37	169	215	show
1366757592594	2	526	130	show
1373386611584	111	521	406	show
1373735990604	83	121	475	click
1367271128538	24	459	429	show
1367853481219	96	601	345	click
1372391738567	131	32	340	click
1372428085853	111	595	89	show
1368781779867	96	97	273	show
1366628961943	93	299	292	show
1366926131112	140	425	350	show
1369598980455	70	898	260	show
1368305951267	25	663	5	show
1372824464142	47	357	398	click
1367093981847	72	765	425	show
1373157612185	77	96	54	click
1369469527104	80	706	286	show
1369736139497	30	710	160	click
1371798476957	114	522	16	show
1373447967368	50	844	213	show
1369982468131	14	949	220	click
1372844656185	31	928	491	show
1373101605641	95	38	291	show
1372208000684	84	554	432	click
1373639715148	118	989	282	click
1367808672113	11	611	114	show
1373986236651	79	51	79	show
1373135534688	44	788	268	show
1371383188553	124	255	319	show
1373634007443	127	593	3	show
1370361434303	126	984	429	click
1368990140158	99	437	4	show
1374025527764	41	904	125	show
1373815635041	7	282	3	show
1370159656875	125	585	455	click
1373461205138	40	344	61	show
1368197024522	96	187	112	click
1367192129257	17	629	167	show
1371762688081	20	826	352	click
1366396105484	23	315	384	click
1366765422714	133	942	414	show
1372063912863	66	412	452	show
1371645725955	144	512	467	show
1371814773972	28	103	309	show
1366725589640	53	786	101	show
1373958396493	98	615	1	show
1373543510509	46	216	449	click
1366768290152	101	573	415	click
1366804157226	99	599	372	show
1373659391940	38	404	74	click
1371230601517	105	930	9	show
1371810323086	116	977	431	show
1369089004031	78	955	66	click
1373337565363	52	43	144	click
1369252191156	95	911	133	show
1372806428444	116	237	200	click
1368113576517	138	693	199	show
1369333494683	102	871	93	show
1370620901249	125	294	383	click
1369195931871	120	117	473	show
1366859565488	141	514	18	click
1372713695158	54	953	115	show
1373383711875	145	738	70	show
1371084569336	108	332	163	show
1369704483160	25	664	269	show
1372141744143	59	422	440	show
1374034336259	55	991	476	click
1371780024552	48	495	449	click
1369383933041	36	119	87	click
1368406451088	148	564	5	click
1373986582194	49	412	149	show
1371159338154	107	74	95	show
1372422481470	54	744	18	show
1366456636748	29	188	400	show
1366468312807	48	235	439	show
1368298369246	55	805	441	click
1370548441313	43	348	55	show
1370612459049	85	861	156	show
1367998702080	116	559	115	click
1367263323637	143	860	206	show
1373487837202	78	317	200	click
1372553288462	74	785	72	show
1368819306530	53	583	219	click
1368181509937	11	348	286	show
1367719090330	16	83	265	click
1366777892800	53	411	319	show
1372913387429	88	49	80	click
1366829115019	79	194	145	click
1372456157822	38	331	209	click
1370147061390	75	573	126	click
1367506518257	108	230	55	click
1371910953954	147	199	486	click
1370314714897	11	590	224	click
1373775702678	137	210	12	click
1374186925429	150	430	194	click
1371923379946	91	789	325	click
1367956794739	29	993	12	click
1369362097688	27	295	169	click
1373197936788	29	523	309	click
1372887337995	58	678	125	click
1370875246052	34	287	50	click
1369284968562	62	892	311	show
1368665180890	148	250	235	show
1371591759163	98	224	218	show
1367932040812	28	997	486	click
1374017447386	118	348	215	click
1370640333769	82	102	36	show
1371224994674	150	701	149	show
1373773362370	77	696	290	click
1372460096212	62	463	345	show
1371317371333	5	845	137	show
1373417284230	7	862	386	show
1369613125174	24	845	231	click
1370560231699	68	228	234	show
1368255789913	101	554	349	show
1370925481688	4	382	396	show
1371392443738	128	674	57	show
1367446265231	35	216	424	click
1373021383569	69	556	32	show
1369411128635	49	397	261	show
1373423753654	142	283	259	show
1366505810005	32	923	341	click
1370994379672	139	540	408	show
1370939699319	28	718	249	click
1371705887980	19	620	147	show
1367014934264	20	868	90	show
1372630375647	59	741	46	click
1371484159207	82	778	118	click
1371235805877	29	722	451	click
1369385229542	94	458	7	click
1368097737458	131	750	211	click
1369405456707	12	450	407	click
1369066352199	11	866	270	show
1372640061255	52	174	145	show
1373884908498	56	785	168	click
1372518784228	39	992	46	click
1371963106816	65	400	368	click
1369271356098	121	215	27	show
1369434349669	97	852	329	show
1367969423123	24	43	42	click
1367542060616	107	93	167	click
1371125267004	119	286	120	click
1367681619462	57	518	237	show
1373854540370	27	439	220	click
1372430976747	118	870	133	click
1370837701456	112	647	356	show
1367875065648	95	351	407	click
1374057422437	149	964	347	click
1374099680710	4	709	245	click
1366501062578	38	283	161	click
1370111139135	82	326	136	click
1367512707773	40	926	315	click
1366743475427	121	421	477	click
1374080449925	65	591	467	click
1371293153888	30	821	481	click
1367006195762	53	63	264	click
1367636177035	42	861	315	show
1372354775338	126	332	130	click
1371356850298	94	66	164	show
1373729031191	112	1	283	show
1374075459501	78	126	241	show
1373489162063	125	673	90	show
1372870977777	74	407	28	click
1368135830450	126	78	106	show
1371955184540	78	659	38	click
1367939707784	76	527	354	click
1367895373191	74	5	443	show
1371569869143	45	818	357	click
1371909669967	92	769	76	show
1374066471548	41	196	2	click
1368195549248	41	363	44	click
1373016487448	2	767	411	show
1372766748701	55	291	260	show
1369616517746	147	833	126	show
1367591248595	55	290	240	click
1366674718436	48	439	351	show
1366828715654	120	451	306	click
1369895105614	98	841	231	show
1373994817077	139	677	266	click
1370071906829	6	438	57	show
1366536007644	37	606	4	show
1368441133165	125	336	234	show
1372985845419	92	231	439	show
1371912314840	57	37	352	show
1371378451414	65	931	111	click
1374173198590	98	95	391	click
1367523845536	122	396	147	click
1367094663106	52	928	82	click
1367520451459	88	219	176	show
1371508843273	54	459	142	show
1371522818352	58	223	167	show
1366686821904	137	214	433	click
1371319795981	28	957	458	click
1369641394949	24	663	347	click
1371244508458	50	317	177	show
1373583787526	34	259	92	click
1373114320030	109	155	398	click
1373533775451	22	282	297	click
1367953138830	149	137	284	click
1373646382440	43	227	461	show
1369365506767	117	952	254	show
1372956572336	29	665	327	click
1367620513259	134	188	472	show
1371542719712	16	911	232	show
1369088973619	122	379	277	show
1370390858193	39	906	49	show
1374163314827	133	989	17	show
1366630700985	25	946	460	show
1372752915870	65	509	212	click
1372421785589	119	881	395	show
1370051132827	76	528	3	show
1373326895915	2	430	430	click
1371580500966	23	737	321	click
1373507340632	14	963	199	click
1371483940090	76	461	62	show
1370881910859	66	51	13	show
1369527803746	40	585	90	show
1372568642052	77	31	338	click
1370211312280	94	289	244	click
1373980402814	65	921	335	click
1367598564852	134	561	401	show
1367789793514	124	298	337	click
1370631627643	8	96	284	click
1372900404420	16	890	394	show
1369249968396	134	326	274	click
1370913412976	99	266	211	show
1369830069657	63	436	111	show
1368095193078	1	160	399	click
1373103527523	147	136	455	show
1367490453374	71	822	350	click
1367067477416	62	743	387	click
1371054661045	131	690	321	click
1369802902967	144	805	14	click
1372384689668	129	178	130	show
1371031737208	90	340	404	show
1371129990424	38	99	325	click
1369782811677	81	238	482	click
1372231358529	126	900	313	click
1370965596146	52	17	148	click
1366546053031	117	577	476	click
1373043907248	114	352	19	click
1367153336714	90	525	329	click
1369541362378	61	673	265	click
1372934366091	112	753	217	show
1373398362940	39	967	482	click
1369154369804	54	433	186	show
1373480586863	43	102	145	show
1374196918417	106	826	418	show
1368313831057	61	591	183	click
1371976253120	12	321	97	show
1368967765489	91	785	148	show
1371582433260	47	556	97	show
1373454408865	67	776	22	show
1369258683917	3	580	334	show
1367734000574	27	829	425	show
1366810232701	55	165	269	click
1372550806939	17	537	228	show
1369467283085	25	947	270	show
1370424117703	82	824	230	click
1370097535496	78	97	24	click
1366831687613	96	356	486	show
1370342955189	91	791	125	click
1373342562325	148	632	137	show
1372862300687	1	499	91	click
1372458008361	129	425	374	show
1373436428872	101	28	131	show
1372051711560	139	692	262	show
1369232704998	118	833	118	click
1372042937614	108	44	310	click
1366449390942	63	363	409	show
1371574296180	15	545	284	show
1370911655047	45	152	285	show
1370802983508	75	922	338	click
1369050815808	109	481	283	click
1368617583364	13	124	305	click
1370147974526	108	43	295	click
1372597600640	32	316	35	show
1372048600023	23	236	272	show
1367443178078	29	511	189	click
1367253351693	138	655	192	show
1371801012155	112	420	414	click
1370822961382	143	182	136	show
1370479437336	131	632	190	click
1368033624079	51	566	441	click
1372275769728	60	407	239	show
1369806931889	105	35	293	show
1372241463475	137	49	436	show
1366649185861	146	204	481	click
1368171268738	2	473	369	click
1373479827122	125	318	307	click
1370966500554	116	812	361	click
1372431173335	82	278	475	click
1370341198896	67	436	392	click
1372347394736	76	760	77	show
1372273489630	25	42	161	show
1373569234530	54	565	37	show
1373401009356	32	25	130	click
1371297824021	96	240	244	click
1368391614021	59	84	119	click
1370420737020	52	469	317	click
1366761526525	79	274	205	show
1367209434513	96	375	55	click
1366364887574	150	761	279	show
1373483869708	84	499	99	show
1372792517719	42	577	63	click
1371318669450	37	509	195	show
1368566415864	38	982	446	click
1368595782951	115	101	329	show
1366997262289	101	61	184	click
1369845030706	83	934	336	click
1368330192492	109	996	72	click
1369761916345	2	39	32	show
1370161263163	100	662	60	show
1368421322791	13	562	330	show
1370430405897	124	83	426	click
1366936398575	62	197	445	click
1371460544488	9	263	2	show
1373267949108	27	34	74	show
1370558798830	4	11	351	click
1367442344787	80	49	303	click
1370328558461	47	427	123	show
1367951927425	110	480	486	click
1368563700389	31	895	359	show
1366945862888	56	964	307	click
1366392148930	23	422	483	click
1366874775401	118	897	69	click
1371401961785	118	769	2	show
1366785027978	14	837	117	show
1367755030722	3	427	316	show
1373994357729	5	544	282	show
1372749837410	12	520	65	click
1370952413909	137	839	190	show
1368037505454	85	784	196	click
1366785282633	115	334	316	show
1367053463516	136	266	464	click
1368657783470	125	732	119	show
1368856326845	89	904	304	show
1367726713129	11	429	460	show
1371000967091	116	777	362	click
1367565686710	108	206	74	show
1367132453986	52	265	243	click
1369113140536	102	709	430	click
1372957708846	87	127	166	show
1371138375303	85	307	193	click
1367355167533	63	18	273	click
1366388367615	97	338	338	click
1372694151321	18	235	493	show
1367171924628	35	367	339	show
1370214276382	144	769	225	click
1369595002812	36	722	454	click
1367935805684	15	677	262	click
1367246130307	68	460	73	click
1367568943227	89	545	275	show
1370982735432	46	933	372	show
1366735451318	9	191	362	click
1368572584558	104	220	420	click
1366862647298	83	820	181	show
1369357565239	35	929	432	show
1367589306365	90	539	383	show
1373729168355	125	783	500	click
1366405829623	67	740	306	show
1366610512406	147	982	132	show
1371182833620	45	791	434	show
1374190627503	39	205	103	show
1366905576274	58	560	442	show
1371302342495	21	887	481	show
1367192776401	5	32	42	show
1366559490565	145	752	428	click
1366989123122	98	697	396	click
1371369657745	26	942	91	show
1368297339075	88	108	344	show
1372102906066	47	250	475	show
1368065910256	48	247	29	show
1369353486669	141	138	210	show
1367161729831	67	871	443	show
1368495790019	139	954	368	click
1372795048368	29	582	374	show
1373897349300	8	17	214	show
1372264167378	131	822	484	show
1369901894596	41	847	197	click
1368933567054	144	192	437	show
1366973865687	69	256	65	show
1372178329320	121	977	40	click
1367971451558	87	989	202	click
1371559243464	15	14	148	click
1372703157141	141	188	110	click
1371767988153	57	249	85	click
1373407558545	97	248	171	click
1372408928828	33	83	313	show
1367596794187	95	814	109	show
1370666712556	84	892	429	show
1372268290765	136	433	480	show
1372370732252	143	72	349	click
1368521541402	99	27	147	show
1371407619404	3	587	425	click
1373650891664	24	845	227	click
1373198058149	10	684	234	click
1367737756784	60	719	340	show
1369935509448	46	18	424	show
1370907478377	141	578	494	click
1371158466678	14	720	66	show
1368413356863	50	878	478	click
1370578497549	53	162	193	click
1366881711663	112	557	55	click
1366841250351	49	786	243	show
1367616907099	14	4	249	click
1368470491684	7	364	418	show
1368075697790	135	903	325	click
1373751868311	24	728	243	click
1368594621282	115	439	384	show
1370604775141	127	733	305	click
1372775350290	5	567	57	click
1371192004312	122	232	466	click
1373112197000	124	751	95	show
1366756427740	78	829	247	show
1369755903416	116	400	14	show
1371998322846	43	28	111	show
1372037385134	40	411	380	click
1369683293869	116	948	428	show
1369683427882	127	802	232	show
1371666634156	146	589	68	click
1366418680698	2	456	351	click
1371129888727	146	249	220	click
1369283198458	11	693	449	click
1373947554083	124	917	156	show
1367352055226	93	21	111	click
1371225734803	141	395	291	click
1366479218704	20	197	111	click
1369688141819	85	368	305	click
1368273423222	13	601	208	show
1371048663556	27	402	480	click
1369150366319	56	127	183	click
1366770703279	62	102	185	show
1367996386416	133	573	369	click
1367900057325	111	476	256	click
1366440796720	103	991	140	show
1370408518379	134	850	201	show
1370136150383	45	759	376	show
1372004163949	126	701	393	show
1373517146599	48	554	69	show
1366717905169	84	366	245	show
1371085164068	72	725	110	show
1368021712873	105	629	408	show
1370878661139	134	489	29	click
1373351440011	107	41	374	show
1373442420406	52	627	313	show
1369633733475	10	630	248	click
1373873557143	79	905	113	show
1373444059351	86	502	165	click
1367603940766	97	469	142	show
1372479247111	40	375	475	show
1373364715024	34	71	350	click
1368830306698	31	587	377	click
1371885455434	89	145	488	show
1368985942923	146	48	149	click
1373980909010	13	264	375	show
1368565966046	145	890	100	show
1367218581351	135	260	334	click
1370401146649	80	997	246	show
1373426296587	119	508	62	show
1367082434424	85	809	313	click
1370998572782	102	55	240	show
1368019981435	12	219	472	show
1370513383614	36	855	304	click
1368836054433	136	692	480	click
1370430851541	94	301	427	show
1372681854375	11	149	178	show
1368153090600	80	763	479	show
1367391605744	2	417	343	click
1373780150302	109	840	316	show
1373628175194	9	84	365	show
1368112233057	53	633	259	show
1373350546744	122	365	307	show
1370793037955	90	856	487	click
1373447356163	104	104	214	show
1373601366664	131	813	263	click
1367656235126	87	150	185	click
1373966360234	60	491	475	show
1373966326521	1	94	222	show
1369902291845	107	760	155	show
1372597128434	58	2	358	click
1373557440050	119	261	451	show
1370305662121	12	341	86	show
1373455235154	127	431	38	click
1369425361678	66	877	122	show
1367833369283	58	268	95	click
1366630222932	90	354	103	show
1366762019673	116	672	266	show
1367624647907	4	273	9	click
1368356930962	99	18	314	click
1368534848920	26	809	414	show
1367747219280	4	93	249	show
1367994802158	104	866	474	show
1371217778830	115	97	490	click
1368427344156	104	790	343	show
1370664196033	133	402	389	show
1368510866161	61	786	53	click
1366850550085	53	652	248	click
1369859297945	99	748	162	click
1371888453323	73	666	400	click
1366725005856	78	402	448	show
1373491463783	100	977	104	click
1371803020732	147	951	274	click
1366761222868	142	20	22	click
1372366317866	109	729	45	show
1373638846220	134	852	7	show
1368398325712	76	461	471	show
1373098419091	62	584	249	click
1371910226516	43	746	120	click
1371397752918	99	785	328	click
1367029010432	94	798	138	show
1368641105117	34	734	88	click
1369977275507	30	513	268	click
1367853032113	73	929	204	click
1369088185690	116	226	271	click
1371818267488	37	530	92	show
1369058208803	17	643	470	show
1370338261766	135	212	334	click
1374044319645	90	805	259	click
1373158554784	91	136	329	click
1371549133571	132	248	183	show
1373801203532	128	405	293	show
1368587772093	62	931	241	click
1373895068420	33	231	288	click
1373150376217	78	17	38	show
1367033665347	9	82	47	click
1371390197170	99	937	120	click
1371379368144	106	40	391	show
1366928787587	40	336	193	show
1369489419372	56	125	470	click
1371875272686	134	46	453	show
1369597051170	95	811	439	show
1370103248045	65	25	43	click
1366571307033	58	257	390	show
1372806952949	104	517	97	show
1371421081277	95	438	247	show
1369572322864	42	882	50	click
1373724196295	77	393	404	show
1373063305561	49	231	292	show
1373665280054	29	162	356	click
1368246533672	35	564	381	click
1373532181154	25	964	102	click
1367763726629	36	425	81	show
1368309767571	101	328	342	click
1369997427255	149	169	27	show
1372625955455	150	616	473	show
1369617729985	50	95	330	show
1370133976165	64	775	475	show
1371639814690	37	934	100	click
1366437463965	10	222	209	show
1370801462894	40	707	279	click
1367061269735	35	823	26	show
1367862055920	86	63	452	click
1367405275050	148	472	335	show
1369337473458	127	646	235	click
1374044439277	97	885	179	show
1368758146890	10	680	122	click
1367168416909	107	755	457	show
1373840691063	32	731	170	show
1373344769281	138	489	268	click
1368160105541	26	632	470	show
1367999243394	60	545	390	click
1368936739247	138	338	61	click
1373072252644	30	766	323	show
1373602241732	103	913	101	click
1367205429427	114	442	140	show
1370534306980	76	713	302	click
1372215636226	46	131	353	show
1366725532336	76	17	146	show
1372707588272	5	808	25	click
1371193850190	8	461	436	show
1372735563382	60	451	439	show
1372655204072	117	551	313	click
1373347789483	88	37	216	click
1374073975043	131	268	28	click
1367606292470	125	172	41	show
1369861795699	79	723	53	show
1367896723594	48	897	245	show
1372137952306	31	929	474	show
1373041242491	89	217	180	click
1367215721421	25	349	486	click
1368565483038	67	659	153	show
1369877041602	38	909	22	click
1373412322046	109	707	258	click
1366737827902	78	321	186	click
1366967819247	65	572	49	click
1368244133932	99	630	337	show
1369994184050	149	140	118	click
1370705933761	19	168	355	show
1368360177871	11	555	345	show
1368777929613	26	4	273	click
1366478651012	136	345	54	show
1372264731851	47	414	399	click
1372917270576	66	491	115	click
1370825220475	148	764	412	click
1368847541246	28	347	204	click
1370997376985	49	179	462	click
1373530724768	130	990	35	click
1367625925824	22	843	56	click
1372571108271	70	908	254	click
1368455695891	59	733	497	click
1374038563424	53	812	353	click
1366948005983	125	83	470	show
1367811237624	39	547	482	show
1369385673491	85	719	107	show
1372141559770	44	646	465	click
1371041345006	51	632	193	show
1373995622547	101	289	420	click
1373053337015	48	600	206	click
1371657230818	42	303	279	click
1369234285460	47	457	108	show
1370293317809	65	13	435	click
1368279136832	48	651	223	show
1373914787095	42	191	7	show
1367159147120	27	593	477	click
1368121162411	115	774	438	click
1367887157344	85	568	29	click
1368289494911	14	142	489	click
1366881993975	108	358	227	click
1368922336210	73	971	236	show
1369372490701	55	987	118	click
1368958960577	88	834	137	show
1366404013138	21	439	273	click
1370568084630	115	292	282	click
1372080761645	16	989	140	show
1369745465625	58	193	190	click
1371555801286	85	435	286	show
1367258180359	121	660	115	show
1369034904590	121	676	403	show
1372163082651	34	247	29	show
1367193118811	134	346	252	click
1367197116202	117	510	188	show
1368560334549	84	762	47	show
1373670721581	28	238	410	show
1371089887496	7	510	373	click
1367640927881	140	887	432	click
1370422095735	106	32	16	show
1366955771964	106	2	333	click
1370141030442	84	829	98	click
1370947972558	94	350	133	show
1369261313676	124	466	142	show
1367016207664	73	830	457	click
1367437057575	92	232	95	click
1373000947837	9	929	470	click
1369468308641	29	377	139	show
1372835833147	88	705	64	show
1369117698064	50	674	170	click
1371193899516	88	884	175	show
1370888822334	30	837	468	show
1373439828301	59	394	487	click
1373524806696	30	868	355	click
1370949315896	61	980	14	show
1373948183266	102	10	308	show
1373902940404	112	475	241	show
1369650700786	15	458	373	click
1372895542506	139	737	89	click
1373782133727	129	903	162	show
1369195037674	3	704	396	click
1373467347813	141	732	224	show
1371998479601	45	691	71	show
1368760497723	39	314	462	click
1372769098388	23	627	48	show
1368225898210	50	583	3	click
1373707518885	75	132	15	show
1373646395400	10	198	233	click
1366501904733	150	227	174	click
1366925636598	55	581	46	click
1368797137767	75	709	30	click
1371028696908	130	831	77	show
1370304874748	123	782	290	show
1371243735945	76	622	246	click
1368030037646	42	84	429	click
1372111690333	124	890	139	click
1369902721695	112	991	264	click
1366410223171	138	131	148	click
1373597728284	104	733	276	show
1366942707944	116	59	337	show
1369232640203	58	243	301	show
1371055029509	117	435	92	show
1367493554331	79	74	397	click
1368520176149	32	254	200	show
1372718824387	122	221	292	show
1373594894640	50	507	343	show
1373490278013	105	454	103	show
1370431797074	82	791	253	click
1370457393332	22	997	274	click
1373766862655	113	670	361	show
1370588864635	109	717	184	click
1370174126986	127	476	416	show
1370029184386	126	422	496	show
1367096570105	14	920	82	show
1370642049564	61	97	255	show
1371162465439	72	837	207	show
1370187270827	95	139	213	show
1371286103877	103	398	484	click
1367235454087	49	444	151	click
1370687996984	124	553	87	show
1371125164316	111	835	121	click
1369556822186	43	701	429	show
1371566574671	55	887	117	show
1368856387578	72	671	50	show
1368447843631	107	331	322	click
1368257992843	145	135	447	show
1372126580681	126	865	69	show
1371293651146	115	304	418	show
1366388789634	148	550	268	show
1372669729115	6	276	287	show
1366499283796	142	270	297	show
1370830214025	99	574	404	show
1368379859629	50	405	449	click
1368753452247	62	262	498	show
1371756512071	23	980	14	click
1373170452598	112	207	310	click
1371975543956	70	323	401	click
1373875011691	53	538	467	click
1373566952804	103	60	322	show
1368924395615	19	515	155	show
1370957932751	62	585	62	show
1369909986274	42	598	241	show
1366789298821	63	270	332	show
1368844373541	95	664	273	show
1371974428465	33	59	8	show
1368864803400	98	750	160	click
1367326882830	142	49	193	show
1369079396840	63	887	470	click
1370940470012	24	393	125	show
1373840716088	69	687	100	show
1366748164557	30	375	220	show
1369317818821	97	576	477	show
1370591201289	148	519	419	click
1369240123985	110	32	374	click
1371259676606	102	598	80	show
1370846109943	4	256	10	click
1374189353776	62	827	370	click
1369607174547	44	215	105	show
1371558850554	100	983	158	show
1369508844174	109	491	30	show
1366796034287	67	133	442	show
1366613124023	110	948	137	show
1369044950329	140	176	299	click
1372369293151	93	707	226	show
1370182497334	133	581	453	click
1370968058049	110	559	400	show
1369273421041	99	232	116	click
1371732546052	21	709	282	click
1366958161970	56	284	367	click
1372908036304	86	36	350	show
1369646611698	108	752	365	show
1369625506542	2	6	487	click
1371134310766	38	368	352	click
1370446763272	143	317	66	show
1370841314590	96	367	230	click
1368176515896	38	489	441	show
1367248599539	9	702	421	click
1370082098044	139	151	437	show
1369704669283	78	436	340	show
1373148929748	64	542	77	click
1369954802435	90	585	284	show
1371611207546	137	768	259	show
1368480777158	137	53	471	show
1367788207043	119	490	28	click
1372818067087	125	100	110	show
1373368848302	100	356	188	click
1370949035749	91	609	394	click
1371072306144	55	182	249	click
1366882123299	63	273	138	click
1368489345158	126	457	423	show
1367951001271	62	570	65	click
1367556230740	112	537	264	click
1370415015328	16	496	50	show
1372335381066	136	495	298	click
1368341643189	95	903	310	show
1369953565914	4	272	202	show
1369736762895	139	442	487	show
1368231347899	56	593	56	show
1369878374379	111	22	160	show
1369983519380	38	820	185	click
1372097948287	121	524	11	click
1371594031363	51	389	277	show
1366832901965	76	127	121	show
1370009514685	37	246	488	show
1367517237733	126	787	380	click
1368349098516	79	240	303	click
1370556193086	84	30	437	show
1372191144077	150	359	425	click
1372628565917	101	901	222	click
1373836898139	98	310	180	click
1372919661024	87	858	357	click
1370945672111	98	474	190	show
1366523521149	43	331	137	click
1374016098000	136	919	91	click
1373759285566	46	803	78	show
1372551356299	130	673	82	show
1369523853549	32	482	300	show
1366850800641	75	497	46	show
1369247824450	59	225	348	show
1372719492442	42	77	332	show
1370250511381	140	468	358	click
1371058632663	133	596	305	click
1371656798083	30	538	239	click
1372824488844	23	443	427	click
1368663990602	8	261	404	click
1372894652399	58	605	292	click
1370205136733	106	678	481	click
1372261244392	2	169	217	click
1370511882430	60	624	7	show
1370373158115	108	802	431	show
1368369657709	116	675	324	show
1372064629422	100	498	103	click
1373618900796	28	91	250	click
1373763271875	54	619	435	click
1373497898654	101	778	263	show
1373573387410	70	620	319	show
1373997543592	36	384	415	show
1369368789331	127	659	50	click
1373868363191	146	35	385	click
1367962054607	118	842	145	click
1374115201003	104	261	158	show
1367014884953	78	602	258	click
1367902518619	108	739	292	click
1371190172195	69	109	384	show
1369518863682	7	186	10	show
1371793134176	68	952	489	show
1372184770335	116	73	175	show
1368891310020	7	949	150	show
1368697924273	70	764	428	click
1373548041489	89	241	227	show
1372823258784	94	32	404	show
1371838533269	93	522	113	show
1370617063635	146	138	376	show
1369699229666	16	732	350	click
1370026119032	137	885	463	show
1367950612106	22	980	149	click
1370474324532	144	818	314	show
1370130385911	119	11	442	show
1366812192870	68	254	74	click
1368027853645	45	74	430	show
1367467477659	68	760	315	show
1370910587627	32	257	188	show
1372846122068	4	84	77	click
1372067161953	62	951	208	show
1368761295976	55	359	357	show
1368514368702	8	429	84	show
1369596587107	131	894	287	click
1371993950006	130	720	207	show
1372546890483	45	887	98	show
1367816973072	127	706	113	show
1368665450282	121	903	401	show
1370673532637	149	859	461	show
1370606470756	39	391	500	click
1369521321577	44	436	218	show
1368680170717	113	226	298	show
1372830463488	29	811	15	click
1367934508225	60	50	398	show
1374054826187	17	737	260	click
1367126521189	21	352	261	click
1370480755348	53	319	360	click
1371987456129	37	53	370	show
1373611862982	18	926	400	show
1370499537523	76	435	118	click
1374120459721	108	299	188	click
1366922153051	14	512	354	click
1368877835123	134	98	57	show
1369094169845	130	256	200	click
1370865298211	15	808	428	click
1366818955677	114	210	45	show
1372372791046	112	756	50	click
1369164689233	92	40	390	show
1368803420965	16	322	85	click
1366515809335	45	877	88	show
1368737457981	55	527	337	show
1368685871632	28	340	114	show
1373520439348	139	147	297	click
1368157846303	146	98	327	click
1369599657361	71	782	154	show
1370969173121	41	985	260	show
1371250684249	105	538	83	click
1371455552910	55	579	359	click
1371063144211	23	589	370	click
1372557021717	30	929	305	click
1372254429588	115	902	35	click
1370463664703	39	699	249	click
1372516790580	135	614	273	show
1366471284607	24	399	214	click
1370079778081	33	415	369	click
1370030123248	53	166	78	show
1368043840996	61	583	165	click
1368433851650	114	722	424	show
1367717639850	117	114	224	click
1372258201128	43	457	293	show
1372428943563	145	326	354	click
1373708531870	25	266	332	click
1372732183444	26	417	311	click
1371110683663	72	980	322	show
1372433669895	11	385	148	click
1373397128330	140	69	267	show
1371558333060	110	305	433	click
1372446398400	146	962	295	show
1367804553496	6	894	270	show
1373431017190	101	1	62	click
1373121512412	91	369	302	click
1372265947025	1	365	26	show
1370222564079	68	812	367	click
1370753803871	47	384	24	show
1367973476414	139	438	71	show
1371885596958	25	967	127	click
1373612034198	4	457	97	show
1366423389626	120	588	383	click
1369706183572	16	675	84	click
1366487645266	96	857	47	click
1369839175765	104	345	444	click
1370441900533	45	270	436	click
1368254480878	32	330	449	click
1372393750212	19	736	452	show
1372744796729	71	641	136	click
1371995492060	110	611	307	show
1371848053408	125	738	194	show
1369718300630	5	656	320	show
1369987198720	51	883	430	show
1370921120222	136	652	94	click
1367752922061	64	942	453	click
1366456878548	25	386	140	click
1368350389040	17	91	184	show
1370759616142	145	211	284	click
1372678341526	10	824	344	show
1367214125620	48	100	234	show
1371459392006	126	251	270	click
1369946279210	133	216	73	click
1369589680286	84	816	165	click
1368263885185	78	467	97	show
1372102606926	12	745	112	show
1373319112311	99	106	472	click
1371183948111	108	554	24	click
1373143438227	104	418	480	click
1369206374319	107	932	174	click
1371291270222	28	309	232	click
1368622531443	106	397	209	show
1368149163321	139	385	160	click
1366385338521	82	811	500	click
1370860871431	49	390	344	show
1368980937037	70	637	213	click
1370497433487	101	227	333	show
1370698864428	101	29	298	show
1373465283238	3	381	319	click
1367909097342	26	221	121	click
1368344184259	22	65	6	show
1370371924694	41	588	340	click
1369712126342	81	204	100	click
1369176282297	107	608	465	click
1370263737955	94	593	231	click
1370860054161	73	950	358	show
1371223896419	59	437	11	click
1369936084675	130	951	380	click
1368835118680	69	75	168	show
1371269260223	92	374	31	click
1369999834767	30	135	135	click
1371047879173	82	398	289	click
1368988290377	67	109	17	show
1366704914072	135	73	258	show
1369517112001	75	870	458	click
1372131069586	92	305	184	click
1368007749666	5	511	118	show
1373558017305	63	453	438	show
1372676071200	46	136	272	click
1372368834592	132	17	224	click
1371054348198	66	469	291	click
1369938232047	33	549	108	show
1370247180390	79	918	499	show
1367331971760	141	210	158	click
1373427540035	13	391	378	click
1372713997310	91	165	385	show
1373963314722	66	989	305	show
1369717500449	14	188	344	click
1371130927202	64	630	129	click
1373230679594	76	904	374	click
1367844169043	112	377	405	show
1366856491609	132	346	469	show
1368816759662	102	280	346	show
1373758325486	25	344	116	click
1373471968681	7	240	471	show
1370386685659	127	335	17	show
1368737338422	145	72	11	click
1366737644340	25	624	391	show
1368226845949	124	368	88	click
1369766093546	76	310	183	show
1371318097291	77	183	362	click
1368225000593	9	161	303	click
1369475483144	137	837	327	click
1368097728600	106	918	60	show
1367550037538	103	146	197	click
1367250630081	5	56	126	click
1370690389455	96	529	96	show
1373477782098	24	712	189	click
1367450090828	24	57	482	show
1367503562967	115	195	400	show
1373680762242	143	312	94	show
1371311710297	73	474	75	show
1369029258760	17	564	187	show
1371119990814	96	446	423	click
1372831810594	73	50	336	click
1367131074085	142	61	437	show
1366533411510	16	628	275	show
1371813447535	60	276	246	show
1371773488821	84	152	446	show
1371539935000	33	939	376	click
1374019210386	6	837	186	click
1369114159230	52	843	126	click
1368331123606	32	381	467	show
1367995903642	2	875	325	show
1367092751276	64	115	492	show
1366499833375	37	765	240	show
1369129876690	125	236	412	click
1366427329925	123	119	460	show
1371438774402	17	663	423	show
1368264262552	127	641	229	show
1370698860441	22	869	435	show
1371739670923	32	621	74	show
1374115712648	141	503	216	show
1368735955648	88	105	437	click
1369502678334	116	832	332	click
1366618324643	101	648	210	click
1371561703147	144	831	143	show
1368620037597	5	280	80	show
1370401050563	70	377	395	click
1372475176756	67	167	141	show
1371007942620	103	973	5	show
1373184695318	89	950	398	show
1371053781363	53	45	315	click
1368261845582	4	813	17	show
1369332884940	34	497	297	show
1371289665210	124	455	44	show
1373721131505	51	389	305	click
1372133113362	80	824	83	show
1366665197099	95	28	185	show
1370800840014	22	365	447	show
1368058160740	23	753	138	show
1369249553447	88	633	416	show
1367520386228	148	614	349	click
1368869940089	85	432	182	show
1370651211704	107	560	239	show
1370196560969	27	730	172	show
1369538489900	64	750	81	show
1371572124906	136	869	214	show
1371774115167	61	59	11	click
1366957028804	67	577	301	click
1367342555510	62	955	484	show
1372594023867	66	156	488	show
1369443275892	79	615	342	show
1373216831020	108	662	155	click
1369612303589	76	663	380	show
1369739047781	91	310	462	click
1367860290913	121	354	402	show
1368273399899	5	271	276	click
1367035516447	150	535	349	show
1367314486283	80	473	129	show
1372808803800	95	284	240	show
1369708187471	139	590	494	click
1369244801638	43	55	255	click
1373951889406	25	332	21	show
1368934613983	92	548	455	click
1373185844432	142	712	217	click
1373754627124	11	707	157	show
1370244454887	125	937	269	click
1367002636225	44	324	283	show
1367872220029	73	735	391	show
1371076141563	113	425	457	show
1368877561998	21	647	218	click
1373318521560	54	468	371	click
1369319906956	21	875	356	click
1372201419587	131	430	228	show
1374112521134	2	637	240	show
1366735108216	11	750	24	show
1367240460733	76	357	393	show
1366508879909	55	483	170	show
1369039596088	44	356	317	show
1369223216097	61	798	374	click
1367854675630	38	358	10	click
1368803008008	95	407	485	show
1368186759557	137	274	217	click
1371209832197	75	817	384	show
1373473730339	17	109	191	click
1370360010614	4	594	48	show
1367446508012	2	275	260	click
1366804165310	145	552	489	show
1366812305733	36	987	442	show
1369902593324	58	984	97	click
1373514746103	44	867	358	show
1370026765655	32	324	259	show
1370114628294	75	209	412	click
1367987832829	27	258	302	show
1372418223707	14	887	402	show
1370983384822	24	196	176	click
1369455289328	144	899	233	show
1372498181991	24	841	4	show
1367794577509	48	40	36	show
1372919954460	119	213	99	click
1366962498153	43	179	228	click
1371945046380	23	597	173	show
1368654519515	103	821	309	show
1370406147188	70	461	116	show
1373325625514	3	577	462	show
1372855797668	5	829	17	click
1369915647419	85	531	31	show
1373451069035	46	929	145	show
1372038682568	92	364	143	show
1369315076963	29	550	151	click
1366354838988	134	720	402	click
1369576730085	80	664	227	show
1367102095457	86	200	250	show
1373606908633	28	155	348	click
1373692876261	112	242	434	click
1373121265010	27	90	480	click
1371424050124	32	941	499	show
1367036371369	147	489	493	click
1373054280191	71	210	129	click
1371032697440	55	597	324	click
1367200477545	130	875	133	click
1373854735757	89	613	35	show
1370458025271	59	815	395	show
1368538891494	70	343	233	click
1372487224962	43	906	188	show
1371154568418	45	66	187	click
1371422445762	3	529	226	click
1369738248315	86	452	455	show
1369161011825	50	317	331	show
1369053641260	4	481	311	click
1371849127241	96	512	4	click
1366719317008	41	152	207	click
1370182241168	86	895	15	show
1366856365915	127	375	462	click
1372013191165	68	177	384	show
1369453611571	89	960	358	click
1371569536838	79	845	72	show
1373315157992	48	600	214	show
1369648824597	23	675	124	click
1371632415331	121	248	395	click
1369282649320	103	584	72	click
1371761691225	103	428	357	click
1372320457668	114	652	420	show
1373663878019	120	772	56	show
1373460127447	23	317	317	click
1373121049541	9	265	93	show
1368091217865	29	267	19	show
1367054044660	82	377	151	show
1371269272562	46	597	44	click
1369070748200	60	404	133	show
1370163282291	20	776	223	show
1373845821007	58	274	295	show
1367021594812	137	111	127	click
1374125292099	115	517	158	click
1370087331495	38	115	122	click
1372947749875	66	833	135	click
1372450380369	128	646	475	click
1370675703531	98	176	119	show
1373222052506	54	533	83	show
1370797721729	77	686	102	click
1371188467362	43	186	86	show
1370362185633	143	291	260	click
1373447337775	20	888	373	click
1368820739468	2	416	352	click
1372475279246	45	188	143	click
1372627086473	65	857	71	click
1367963721218	56	563	32	show
1371900051183	58	312	112	show
1372513716999	22	950	122	show
1367422103229	129	544	264	show
1371287728356	30	85	122	click
1367111472867	1	287	359	show
1368466703095	25	204	122	click
1372261831789	34	99	322	click
1372632996326	15	152	478	click
1369207407183	117	645	162	show
1369581985381	22	104	451	click
1372230624669	58	302	217	click
1370073856569	52	939	360	click
1368581671168	6	139	35	click
1371962928710	146	358	331	show
1373376049258	20	85	436	show
1372567690081	113	894	480	show
1371850854747	8	504	463	click
1368046930424	28	108	328	show
1371742887567	74	648	400	click
1371793169179	74	505	101	click
1372155242998	85	381	267	show
1371816154877	41	336	306	click
1369252926486	18	113	124	show
1369657058694	114	806	73	click
1368546598000	69	687	80	click
1372902840236	17	760	125	show
1368613092875	84	123	441	show
1372164308394	115	247	469	click
1366348582373	9	127	451	show
1368049204056	131	856	333	click
1366806320338	52	549	20	show
1369808287610	96	538	193	click
1374186447584	13	723	349	show
1370271569776	18	927	43	click
1367973987243	48	153	384	click
1367797933141	100	168	446	show
1366783573105	127	655	71	click
1374160948485	56	413	123	show
1373490037247	41	379	453	click
1368827227871	122	148	162	show
1368084599352	116	299	419	show
1371221406807	92	388	346	click
1371953806211	42	414	460	show
1369020340626	97	1000	262	click
1371564041193	124	87	82	show
1373459989132	43	232	173	click
1370098599908	26	789	431	click
1367863588207	1	587	134	click
1367824988520	43	995	374	show
1372697296708	100	732	207	show
1369462599013	101	993	375	click
1369397350727	109	74	371	click
1370843273056	65	10	399	click
1366403172248	43	650	484	show
1368166170399	143	832	360	show
1369736384166	1	99	24	show
1372804249139	66	373	468	show
1372395409070	147	7	490	show
1366886025980	116	184	142	click
1367163041624	106	714	92	show
1371015059644	69	232	271	show
1369158736316	8	24	211	show
1374070689085	32	990	370	click
1369931390126	25	113	330	click
1366362757789	80	771	105	show
1368399261543	22	511	483	click
1373729987725	72	246	167	show
1372184425207	55	848	473	click
1371155599808	60	880	265	click
1373945995050	111	42	97	show
1369827994692	61	49	356	click
1370637113769	43	297	4	click
1368173646982	97	689	104	click
1370346485293	103	477	333	click
1372965060807	27	454	61	click
1368963131571	130	342	198	click
1366350376375	130	878	301	click
1366889396936	60	95	3	click
1367045371900	103	509	483	click
1373068715272	143	773	297	show
1370791712299	82	610	273	show
1374144177205	144	845	134	show
1366756800382	43	563	444	click
1372884117359	35	267	408	click
1371434996212	130	762	377	show
1372878595368	1	894	43	show
1373543960474	50	640	353	click
1369282775468	65	42	95	show
1372704020293	124	56	47	show
1366864778090	118	42	207	show
1371090298060	107	728	243	click
1367509290348	79	846	231	show
1372210513246	84	281	76	click
1368734639441	103	845	37	show
1372673675415	46	385	409	click
1374001441892	148	685	289	show
1370796533511	90	301	184	click
1369892422482	108	28	80	click
1372246737081	122	367	406	show
1370865132044	53	197	50	click
1366833067002	72	28	320	click
1367894132003	8	343	223	show
1372793668665	81	538	144	show
1371825528582	118	105	135	click
1369692340053	87	532	129	click
1369869810482	26	132	234	click
1369781466587	105	87	441	show
1373662024431	63	711	227	click
1372560331855	109	709	289	show
1366938287887	86	775	294	click
1372675076127	114	582	456	click
1371444544953	46	759	316	click
1374137866015	124	908	367	click
1368366643899	111	761	97	show
1370276569162	105	93	118	show
1369371133989	92	366	446	show
1373075888567	65	88	272	show
1371987460195	73	462	466	click
1372953800322	112	854	52	show
1369113797424	77	112	198	click
1369260704396	104	569	193	show
1366875454664	95	904	109	show
1372741874381	20	974	61	show
1371788461341	51	638	487	click
1370961390291	30	656	459	show
1366774951364	80	450	461	click
1371985926481	36	36	233	click
1370197754208	15	514	321	click
1370515989652	26	764	231	show
1369338979714	128	546	315	show
1367708684716	55	452	428	click
1367601271513	43	934	357	show
1368859367500	79	972	214	show
1370835348490	77	615	281	show
1369684680231	49	497	183	click
1366466209519	60	478	30	click
1371558947723	18	625	333	click
1370128343985	59	925	483	click
1368027766176	14	866	46	click
1370902056884	109	339	331	click
1367424761805	124	888	231	click
1366784499656	61	645	130	click
1368407393461	87	100	317	click
1373072223052	89	909	10	show
1366969157064	7	81	457	click
1371306185924	19	725	12	click
1367678697211	102	677	24	show
1371467323160	132	928	481	click
1367071184875	133	27	272	click
1370731332654	50	172	256	click
1369951959275	77	387	434	show
1368229730051	89	438	102	click
1370276312461	122	192	20	show
1366856776099	28	704	49	show
1370887698790	89	62	77	show
1374052414129	65	343	208	show
1370193306276	140	17	337	show
1367449905930	32	171	406	show
1367312158559	140	931	252	show
1369449609570	127	602	305	click
1372104578135	100	446	377	show
1372411887951	51	284	157	click
1368963195446	127	783	409	show
1370715162551	117	967	491	click
1369680559052	138	255	309	show
1372932789641	119	899	128	show
1373684747955	14	243	218	show
1371881411179	25	859	224	show
1369839835456	39	403	438	click
1368466413224	73	261	311	show
1368843627566	135	162	321	click
1372344672460	26	296	46	click
1368903739773	133	367	353	show
1370065207008	105	726	404	click
1367962512805	24	362	153	click
1370859360602	32	491	215	click
1370132746108	100	903	329	show
1371989331583	76	90	413	click
1370828083209	142	933	64	click
1372398288436	40	423	211	click
1369614273820	12	625	365	click
1368467412881	71	148	428	click
1369004369090	40	46	422	click
1372832963470	29	512	262	click
1373460269251	26	488	261	click
1369417019929	54	199	277	show
1371613222045	8	8	116	show
1368728108536	31	543	53	show
1366989677346	79	144	351	click
1369893154553	4	81	258	click
1370958246656	124	527	140	show
1369909915818	140	690	256	click
1370158734288	76	449	77	show
1367874235240	117	507	131	click
1371556650450	122	697	239	click
1373619692571	142	624	27	click
1372544102225	82	926	363	show
1367499481408	16	124	356	click
1368524339433	106	830	64	show
1368526434820	97	691	134	click
1373058643417	108	654	140	show
1373859575134	51	845	497	click
1366959121099	120	961	377	click
1367214484870	126	672	330	show
1373133002627	122	747	483	show
1368943565678	68	8	480	click
1372593803951	105	378	214	show
1371499206794	47	112	257	show
1369223703953	36	87	87	click
1369004496379	46	64	2	show
1370846250154	89	758	367	click
1366850170104	25	753	333	click
1372973759447	8	777	451	show
1368223588902	147	916	312	show
1372137426477	58	790	309	click
1371181721216	124	709	4	show
1366491744319	55	269	23	click
1369128433776	53	322	238	click
1368906411881	46	439	218	click
1369926039969	135	599	467	show
1371894220067	61	146	488	click
1368445061687	88	845	247	click
1369698862297	12	370	124	click
1370228788918	37	487	102	show
1373415962563	147	739	158	show
1369391870803	126	136	368	show
1372854849963	89	890	67	click
1368488507252	74	117	224	click
1373490426931	21	421	346	show
1369297317251	97	473	6	show
1368837151635	106	275	187	click
1367895743592	31	333	419	show
1368887804823	98	329	166	show
1373207324403	116	664	273	click
1368005643674	62	491	349	click
1369562937964	2	999	121	click
1371342847221	83	756	25	click
1373866166903	131	707	234	click
1369209322147	123	299	9	show
1368714880572	27	313	32	show
1373755992220	89	453	112	show
1368277806856	139	243	479	show
1373976647228	18	310	164	click
1373701377828	149	87	193	show
1368456728727	88	56	100	show
1368917179629	80	99	459	click
1372557942580	29	738	138	click
1367128745387	149	608	330	show
1372503307884	111	768	229	show
1373721524872	94	615	308	show
1369406810958	133	446	369	click
1370149923963	149	603	179	click
1367931344984	113	233	349	show
1371597325721	104	807	75	click
1368314462679	147	119	450	click
1366834039850	73	266	443	click
1367547440681	64	419	475	show
1367101030645	55	810	265	click
1369591635881	79	628	493	show
1370818044870	56	415	98	click
1370688022127	135	903	19	click
1373650979009	143	297	298	click
1372865669222	144	642	252	show
1372430711101	110	727	429	click
1369085645003	35	999	233	click
1373290837541	8	806	495	show
1371096271224	42	713	235	show
1367221107630	60	572	49	show
1370568647941	94	293	378	click
1367926057108	116	10	163	click
1366771739672	57	838	277	click
1367004752604	121	945	352	show
1368148528501	49	513	244	show
1372363044422	63	192	364	show
1372457761297	133	487	325	click
1366850947594	121	662	398	click
1368788632352	17	225	371	click
1369753501436	101	988	281	click
1367890276157	57	164	163	show
1367017822891	53	67	416	show
1373415431896	39	400	443	show
1367182535730	88	282	155	click
1369144717512	95	715	76	show
1371256226986	51	756	171	click
1370805944941	34	715	474	show
1371236202274	22	850	230	click
1367189185291	12	102	455	show
1368631806727	101	889	468	show
1370246334851	16	289	264	click
1369867788760	126	993	250	click
1367528785792	45	494	286	show
1370337325146	2	109	266	show
1369055883071	57	537	297	click
1373604755615	57	973	444	show
1370801616376	3	750	446	click
1373366598675	126	177	471	click
1372656947831	66	701	401	show
1373252779869	31	447	122	click
1369893844663	3	945	346	show
1371507863815	48	576	111	show
1369450187539	127	370	17	show
1370154926030	13	294	94	click
1370504064841	75	539	445	show
1369814809415	4	216	119	click
1370606429953	132	577	447	show
1371593232180	116	661	194	click
1368817313121	49	654	143	click
1369055328659	74	564	76	show
1367261922636	149	374	111	show
1371329982476	26	130	329	click
1372727247672	105	754	313	show
1368538169471	141	884	114	show
1369682990649	49	710	361	click
1369783667501	138	58	79	show
1370290499403	107	910	362	click
1373511102872	11	727	436	show
1374167189791	104	767	132	show
1371991735128	103	621	211	show
1367961322668	38	914	329	show
1369359874868	23	530	308	show
1368326236839	37	569	476	show
1370480548672	67	547	47	click
1372122304350	106	698	305	click
1366506392402	24	915	59	click
1372295353244	124	89	454	show
1366468604699	99	348	289	click
1369198794067	20	490	252	click
1370572349137	59	679	111	show
1366623798600	6	150	267	click
1373322309096	52	195	178	show
1367400942455	74	646	107	click
1367136529606	63	945	145	click
1368421895626	149	219	383	show
1368958217770	70	531	347	show
1367055118520	130	957	105	show
1371076754563	1	574	222	show
1371734145259	73	990	256	show
1370236360438	126	297	323	show
1372344377872	90	899	52	show
1372866816563	107	613	244	show
1368291477571	34	919	447	show
1369881366505	141	209	93	click
1367605008335	120	162	173	click
1366731270443	105	960	328	show
1369157646551	110	544	130	show
1373140794998	29	920	299	show
1368122797753	23	924	363	click
1368454396736	129	996	49	click
1371889039521	82	442	221	click
1368567901550	86	696	491	click
1374109693196	64	606	70	click
1367374197959	52	70	264	click
1369100280886	55	610	284	show
1366426708466	52	831	320	click
1370626204172	62	657	109	show
1366516850525	113	91	261	click
1372111033154	149	898	47	show
1366619890189	44	72	121	click
1372705938265	64	815	61	click
1373167776240	36	631	154	click
1373405302186	59	607	1	show
1367186450251	141	523	378	click
1369736259865	72	711	398	show
1370435822955	120	314	75	click
1370456902180	3	29	30	show
1366878780937	96	490	409	click
1368108355002	45	929	217	click
1370833183614	70	345	396	click
1372132174332	132	341	402	show
1374190173280	128	654	236	show
1371218325288	117	975	182	click
1373774251191	4	317	280	click
1372351781797	121	919	289	click
1367655084375	1	625	176	show
1373932481127	44	588	323	show
1368497807340	36	794	489	show
1367984839896	104	892	21	click
1373679207674	88	974	111	show
1374004332299	12	361	273	show
1370345822603	44	180	426	click
1373961013776	85	413	384	click
1367027506098	44	597	424	click
1373927869316	59	900	483	show
1372268618633	34	955	455	click
1371753344089	103	873	355	click
1368003354409	60	53	363	click
1374017697600	133	285	209	show
1373841750217	35	487	75	show
1372000961751	41	854	85	show
1372028341059	147	734	473	show
1371952743303	29	976	390	click
1367979526924	75	958	310	show
1374108279043	65	636	363	click
1372153598416	83	299	100	click
1368399354984	44	888	92	click
1368839038978	2	905	306	click
1370946536544	33	744	474	show
1368561771011	150	340	51	click
1369876908549	129	880	291	show
1367917103031	92	139	167	click
1367249313976	107	847	461	show
1369363527107	64	405	48	show
1368736386393	10	574	74	show
1374109571827	132	818	93	show
1371601779697	89	818	365	show
1367720603187	107	492	113	click
1373484914165	87	58	178	show
1373598274261	119	319	188	show
1372866931205	67	905	488	click
1368256423042	25	457	477	click
1369394744579	108	804	315	show
1371305792830	123	79	342	click
1368189411548	15	763	369	click
1367158030110	137	594	84	click
1368968911405	106	253	392	show
1373473744335	59	581	35	show
1368987336408	17	692	180	show
1372993555210	117	842	330	show
1369334249711	93	338	247	show
1367785823165	31	59	108	click
1373933698560	49	205	208	click
1371003609431	134	586	194	show
1372677825750	73	124	467	show
1368212262789	82	126	256	click
1370259908386	29	440	293	show
1371817770513	122	886	486	show
1370921556771	7	741	234	show
1371829562604	84	478	321	show
1372184210870	116	613	26	click
1368167061058	68	757	174	click
1369059200698	75	340	186	click
1373968896596	51	81	309	show
1372238957241	112	872	125	show
1368706741378	117	869	470	click
1371420085793	103	844	200	click
1372422050685	29	399	168	click
1370120369629	119	735	483	click
1368772795248	20	540	301	click
1367172231010	41	311	462	click
1369994733963	122	283	68	click
1366430306407	73	784	36	click
1371160384924	49	976	435	click
1372344018098	149	593	308	click
1373689452346	133	597	245	show
1370265060543	11	521	150	show
1369443476751	107	873	415	click
1370120526078	77	70	230	show
1367536112795	103	15	245	click
1367680659252	31	449	259	show
1371979060935	29	238	154	click
1368344241744	126	604	477	click
1372917353085	59	156	460	show
1372761940747	138	761	388	show
1368563814441	103	109	137	show
1370209176850	48	733	23	click
1371386979154	124	799	480	click
1370972022440	139	749	133	click
1372897428317	124	162	407	show
1368349344093	139	578	150	click
1372540764710	46	393	8	click
1371054456093	117	603	117	click
1372085710363	128	756	293	show
1369076629621	5	178	314	show
1370646917347	42	112	483	show
1372304309127	32	879	369	click
1371110909060	129	899	310	click
1369293946247	135	998	147	click
1370161660760	67	236	435	show
1371256579552	69	838	487	show
1371775094517	16	194	261	show
1368812747840	102	482	279	click
1370571517605	2	660	185	show
1373826417757	96	290	500	show
1372109714244	21	26	248	show
1367375363627	3	176	68	show
1370955674808	137	89	321	show
1368861310926	89	919	287	click
1372984593057	69	968	173	show
1373739957990	111	484	406	click
1369256631481	21	971	161	click
1367185524023	4	696	57	click
1372946095642	60	385	100	show
1371501115783	53	680	174	show
1370873267625	111	883	56	click
1367102183364	29	266	291	show
1367778268321	27	502	493	click
1371781180114	65	417	92	click
1368542092100	40	435	450	show
1371701353918	32	749	369	click
1366459266194	56	296	167	show
1373232205045	27	306	304	show
1370918401968	95	979	278	show
1373615383722	27	616	341	click
1370989144494	76	101	349	show
1368316874366	103	363	11	show
1367278225068	64	301	74	show
1368972584635	57	718	135	click
1371211395113	80	773	315	click
1366732213875	113	478	138	show
1371757996944	97	957	408	click
1366997185676	109	476	404	click
1373107299290	25	974	423	click
1373823527652	139	864	376	show
1366619199813	26	782	425	click
1371469995337	91	232	405	click
1372729570619	105	253	377	show
1370404747741	106	711	153	show
1368015026859	54	635	116	click
1368790343563	59	625	39	click
1368837241670	50	488	403	show
1372209872337	16	164	368	show
1372426334805	7	747	444	show
1369224008853	91	596	434	click
1369441965974	68	948	270	click
1369697204056	21	271	266	click
1373871121164	15	492	167	click
1371421434032	96	375	147	click
1370493797915	74	692	190	click
1373052934436	124	5	263	click
1371079785380	51	440	171	show
1367162338243	114	432	436	show
1372031331573	126	578	31	click
1372677824497	56	453	126	click
1372967305356	72	270	188	click
1370783664207	105	815	182	show
1372655850319	33	298	477	click
1370462614717	80	685	470	click
1369022961626	52	547	494	show
1368643422276	135	921	310	click
1372309044463	41	82	202	show
1368537422662	76	545	493	show
1369757717302	53	94	212	click
1370664726909	102	55	196	click
1370764441217	71	663	189	click
1368271857766	130	95	138	click
1373686346249	58	550	290	click
1367942239086	84	956	352	click
1369126881598	50	529	133	show
1371994016216	13	517	309	show
1373005774967	133	685	391	click
1369785402468	99	18	293	click
1370914862800	133	881	153	show
1371900323956	118	455	304	click
1373510134455	34	330	225	show
1373481502373	57	861	275	click
1372638054030	26	927	389	click
1367148541885	72	93	453	click
1370392096436	82	33	258	click
1372418077073	81	119	479	click
1371909429778	52	946	2	click
1373657988476	103	544	245	click
1371444744931	61	998	95	click
1367623969204	111	351	149	click
1373740773042	52	296	92	show
1369537385607	121	807	455	click
1372310006229	39	149	438	click
1373186804053	13	44	416	click
1368761619124	108	213	217	click
1369265210255	41	506	92	show
1367877662043	67	855	423	show
1368947027281	46	776	500	click
1367637049331	110	73	450	click
1371434627523	20	698	319	show
1371699322314	42	121	30	show
1366907012090	105	975	376	click
1369596122154	18	547	28	show
1368590747792	112	705	276	click
1369430021384	37	357	290	click
1369769938719	106	698	13	show
1369998212200	17	446	459	show
1371625410260	101	681	271	click
1373064906958	16	23	229	show
1373399372650	117	516	35	show
1366414960733	51	932	140	click
1370944329815	132	14	65	show
1374059447602	36	869	86	click
1373131293204	133	707	154	show
1371320464079	77	258	85	show
1368958341533	137	503	499	show
1368391621659	149	204	190	show
1373412290289	48	318	408	show
1367299678021	82	225	221	show
1367463435918	91	172	141	show
1369767404026	11	573	123	click
1373769528178	122	647	18	click
1367627677031	62	205	467	click
1367447664841	28	152	391	show
1373660691608	28	431	40	click
1370150266971	13	967	114	click
1369382672336	18	86	82	show
1366850641913	150	684	124	click
1368778246553	111	284	220	click
1369329673700	92	981	103	click
1369069512610	17	310	66	click
1368729692986	105	699	84	click
1366662304626	4	406	490	click
1368352134572	35	198	174	click
1371727272842	86	728	478	show
1366623502060	9	429	436	show
1368213571191	23	925	205	show
1366523320911	141	839	71	click
1371873143338	5	99	281	show
1367570280548	129	29	75	click
1371232147074	52	88	66	show
1373988555278	107	915	346	show
1371012661206	45	816	369	click
1370438676901	134	274	84	show
1369005733602	51	793	285	show
1370854972445	11	427	102	show
1368138171849	118	179	161	click
1369438589273	61	585	94	click
1371190635710	28	91	307	click
1367987792385	145	67	344	click
1369191368810	119	308	45	show
1371590769687	2	332	50	show
1370764918410	58	972	361	click
1366586056950	41	445	404	show
1371659896833	21	898	203	show
1374172029196	18	815	9	show
1370218884983	138	555	340	click
1367099212210	84	621	347	click
1373498734016	90	954	498	click
1373084941021	129	634	448	show
1373759527416	22	456	321	click
1372471516234	46	885	490	click
1366369193931	104	281	12	show
1371511670638	65	299	325	show
1370243108328	29	924	309	click
1371056043922	38	771	293	show
1367727006629	57	156	354	show
1374139769699	35	971	412	click
1367051929201	127	45	204	show
1368048666016	112	494	441	show
1370607962212	8	553	301	click
1368245644872	126	761	437	click
1372997879917	48	867	497	click
1370744820347	86	164	278	click
1369752632762	117	419	317	click
1372854364505	100	858	78	click
1373999049518	48	179	346	click
1369089438696	102	826	496	show
1371673738324	129	483	198	show
1369764311590	3	960	280	show
1369897743681	2	577	134	click
1370619576936	143	127	51	show
1371121178202	114	875	409	show
1366631030848	2	661	122	show
1369214037843	74	99	215	click
1367957273220	37	482	372	click
1368989350303	83	753	117	click
1370345538355	1	506	262	show
1366381131995	81	177	73	click
1370669490390	149	43	387	show
1370569672673	30	742	11	show
1367298086426	8	677	92	click
1367248323878	111	104	69	click
1371208930013	31	276	186	show
1370988407170	10	960	390	show
1370395325746	109	867	243	click
1369931569029	41	218	171	click
1372661556121	66	69	266	show
1369989842235	114	78	297	show
1370188812562	128	42	70	show
1373642013079	101	646	219	show
1372252234430	102	605	272	click
1373241374109	109	648	89	show
1370243109653	135	551	432	show
1371860575164	9	552	271	show
1371906253505	92	539	320	click
1366797879498	46	413	378	show
1371482750995	85	271	55	show
1368869782774	20	917	332	click
1371857505835	120	902	335	show
1371162129870	35	166	23	show
1370344946231	29	404	184	show
1373417944063	95	929	427	show
1372967995591	62	592	360	click
1367714548275	87	977	179	click
1371292257377	34	629	430	click
1370629989467	19	114	64	show
1372861643623	94	197	193	show
1370012364053	93	719	382	show
1368313039135	75	896	471	click
1373326472316	116	617	5	show
1366784440337	71	944	493	click
1371428591127	38	375	360	click
1373042279045	47	345	369	click
1369031973151	24	14	236	click
1371541893640	54	5	242	click
1372473958331	47	883	154	click
1372145349876	136	697	300	show
1372868032219	91	532	387	show
1370219989245	100	375	429	show
1373121626318	68	434	498	click
1369922851641	21	437	190	click
1368945370922	19	518	191	show
1368633050110	135	776	484	show
1373483586850	75	627	153	click
1372776722394	84	636	130	show
1371302164490	22	70	188	click
1367655547912	93	367	432	click
1371549755268	5	143	292	show
1371180176973	108	950	326	show
1371979118297	143	476	299	show
1366365218963	44	726	110	click
1372867993230	150	515	247	show
1373731834775	72	507	177	show
1372966442700	128	482	142	show
1369240658984	16	104	93	click
1368224599895	121	941	73	show
1367967018118	70	970	280	show
1373123224373	9	148	486	show
1370889276783	120	289	485	click
1371305723288	53	151	61	click
1372360946299	85	702	437	show
1367097172527	73	144	156	show
1367635010300	62	770	115	click
1372300179190	67	711	99	show
1372168624504	142	497	344	show
1366555132282	125	700	318	click
1368755187137	124	220	292	show
1373032066861	17	739	184	click
1371595467810	137	230	248	show
1370869081383	3	235	166	show
1370840981111	99	887	382	click
1372155221885	143	308	479	click
1368400692644	85	235	371	show
1367461556166	44	736	203	show
1368408425985	33	60	88	show
1369154286563	26	45	344	click
1373806169495	11	211	155	show
1368825640861	27	412	404	click
1369789394653	13	309	146	show
1372109919559	50	934	15	show
1373762521917	94	504	107	click
1373691231993	38	82	115	click
1372922180198	41	423	279	click
1369952705869	68	400	455	click
1367991434608	30	502	160	show
1366963928988	66	968	191	show
1372976694081	81	667	207	click
1372105419629	73	686	143	click
1371446772793	22	51	159	click
1370067889514	82	526	242	show
1374031306725	45	437	4	click
1366472767631	41	900	154	click
1373648520145	90	433	31	click
1369969208677	95	73	47	click
1371322925389	23	234	315	show
1367791791733	131	462	349	click
1372930888153	143	638	24	click
1370318049054	61	514	134	click
1370590880496	55	54	337	click
1369625429330	48	616	391	show
1366823273043	11	24	459	show
1369992509505	140	733	217	show
1372685194841	97	194	57	show
1373696378234	105	261	342	show
1367728405460	64	365	152	click
1372683336185	80	140	192	show
1372684010587	105	722	408	show
1370910333460	107	319	242	click
1371482582572	79	33	160	click
1368189665308	36	981	225	click
1369065154101	133	149	23	click
1366353671524	92	207	371	click
1370881746807	8	629	7	click
1373733159252	72	113	283	show
1370484162750	143	569	406	click
1370698390979	24	93	154	click
1371923321508	3	346	472	click
1372758654928	47	274	119	click
1372719674065	117	781	130	show
1372933204609	31	135	379	show
1368939374264	75	852	61	show
1366429904654	15	887	43	click
1368102670240	144	10	79	show
1366884284926	70	552	472	show
1369774816243	61	369	81	click
1370438032554	83	718	331	click
1372894648149	36	984	419	click
1369458233177	97	153	87	show
1367107489308	118	726	235	show
1373628487275	140	322	248	click
1372947705951	115	508	156	show
1367576066926	132	639	425	click
1373212317685	9	660	479	show
1370877251854	108	80	164	click
1371633970871	22	455	161	show
1368039803457	123	522	289	show
1366372943611	125	30	403	click
1369665122201	125	886	47	click
1369633818477	6	602	90	click
1371964893740	17	822	156	show
1368972622512	48	542	168	click
1372673104163	30	846	164	click
1370883449793	53	582	153	click
1367307997473	24	855	427	click
1372400650925	42	13	298	show
1367886627165	24	292	75	show
1366891838634	43	775	109	show
1368629299838	63	356	26	show
1373657827547	52	266	346	click
1372818021983	138	654	31	click
1371199016610	28	2	99	click
1368972539553	129	727	139	click
1370596608550	66	627	360	click
1368239013900	37	249	17	show
1366593840412	133	779	67	click
1373234979162	122	746	17	click
1368675589160	57	427	434	show
1372094257768	122	283	126	show
1372962218694	44	222	14	click
1370992372679	16	697	193	show
1370625827884	63	194	337	show
1371682846685	116	966	456	click
1373376054915	98	351	185	click
1373786460526	146	656	435	click
1368023544267	137	68	475	show
1371536647767	126	565	38	show
1371877544540	4	787	498	show
1372601857907	124	765	363	show
1368714403434	11	338	152	click
1370140434347	136	987	312	show
1369651417787	60	158	95	show
1370619466309	125	807	476	show
1373786607107	88	348	11	show
1371566485523	100	3	58	click
1373961981538	40	562	314	show
1367484449636	19	643	114	show
1367617222908	50	638	164	show
1366882476536	94	180	116	click
1372612398775	65	579	328	click
1371616846140	150	909	375	click
1368887407047	119	734	201	click
1368379628809	88	265	212	click
1373253527176	108	867	105	click
1371853325923	84	577	332	show
1372117170643	25	705	345	show
1371834953317	123	672	188	click
1367191908652	107	314	230	show
1367966932741	91	18	44	click
1369764239348	128	323	317	click
1366720613006	54	760	27	show
1368935685145	74	314	25	show
1369760215219	13	252	454	click
1369043165414	111	969	324	click
1372302976730	128	636	455	click
1370298867854	102	597	339	click
1370513991402	8	44	184	click
1372663891240	99	260	207	click
1367588939841	70	349	437	show
1369617861728	139	286	59	show
1367569546239	95	817	90	click
1371010295234	132	827	446	click
1372954376927	5	750	138	click
1371147401017	68	565	361	show
1372844147401	135	279	343	click
1368356527947	8	650	110	click
1371208142730	74	593	377	show
1372796113145	76	141	487	click
1373690012364	77	166	427	show
1372934828747	77	526	486	show
1372953671913	105	605	225	click
1368485567459	97	680	45	click
1371206781685	60	163	73	show
1369981042786	73	985	499	click
1366906919869	145	191	152	show
1372930791899	101	664	28	click
1366601166987	127	878	371	show
1368561395393	132	79	213	show
1370065587280	123	936	398	click
1367751958152	95	490	323	show
1373782588633	106	543	337	show
1372320520477	42	266	214	click
1371421665611	24	512	144	show
1371787656333	84	492	420	click
1374104161452	137	230	423	click
1368869986040	120	985	383	click
1367982988966	34	825	168	click
1366541354965	148	479	212	click
1372307080339	143	40	423	show
1367929466750	138	8	80	click
1368640911947	114	201	4	click
1367611823061	137	273	214	show
1367259823841	145	747	351	show
1374114440104	20	965	325	show
1373680022572	65	10	307	show
1370272232083	125	568	4	click
1373345951621	16	90	476	show
1370831733969	119	491	175	click
1370651029054	93	8	394	click
1367095421890	19	262	256	show
1368714926391	71	903	16	click
1369381546982	2	302	437	click
1370996912771	74	396	110	show
1370547272887	82	848	352	show
1372703335287	136	645	112	show
1370355635491	75	437	139	click
1373906132090	91	149	221	click
1371643532167	19	259	497	click
1367248098614	133	17	325	click
1370239159172	17	937	452	show
1367688037984	113	709	467	click
1370466355354	70	290	79	show
1369206461002	136	115	270	click
1370595701063	131	908	404	show
1366867395990	4	891	407	click
1367526996471	109	372	90	show
1369058852888	98	606	221	show
1367750710120	38	884	459	show
1372825186776	73	870	6	click
1373293553770	67	220	268	show
1371952255096	114	732	120	show
1373675640437	87	330	299	click
1367949361010	91	522	384	show
1373820296938	69	509	414	show
1367169108306	67	746	462	show
1371917691952	38	151	493	click
1368923742892	113	999	72	show
1370625001769	132	326	404	show
1370620889098	21	535	89	click
1371699596240	124	954	85	click
1368447049410	31	404	3	show
1372894903053	53	470	87	show
1372932064626	36	653	139	click
1371274298761	107	194	50	show
1371588785736	80	416	144	show
1369850707794	118	242	83	click
1371666330661	134	165	181	click
1371106159656	12	603	257	click
1374043889450	106	91	12	click
1368758501172	1	652	23	click
1367922630582	11	222	422	click
1369244853425	9	159	386	show
1372310411395	133	147	288	show
1371014480303	53	750	221	click
1373397538278	107	524	268	click
1366480496935	32	359	52	click
1373150879146	127	780	86	click
1373535202417	80	454	159	show
1372330511761	37	135	487	click
1367750980215	74	235	14	show
1368610002577	77	657	265	show
1372797223414	75	763	188	show
1369372439336	52	655	257	show
1370787842815	41	782	281	click
1368742343726	34	494	215	click
1373083889518	114	537	200	click
1373608910000	106	94	118	click
1373824680986	52	339	223	click
1373995541003	67	837	325	click
1367445944408	28	381	357	show
1372328623701	24	209	421	show
1370141498689	150	115	385	show
1369561644173	124	970	432	click
1366917540447	125	826	319	show
1368848881604	67	839	166	click
1366819077535	9	334	492	show
1373068416667	137	611	388	click
1369531487266	126	295	171	show
1369239065094	68	319	257	click
1371706700000	53	187	169	click
1371596749110	65	862	179	click
1372024245132	74	15	305	show
1367114216874	63	118	394	click
1373158037424	71	517	330	show
1366783948714	74	551	124	show
1370035615078	53	233	356	click
1367537401670	86	167	286	click
1367797223798	48	65	343	show
1372751357446	79	919	364	show
1370576828688	136	225	438	click
1370306328931	150	857	425	click
1369731114217	5	843	243	show
1374170819534	148	152	24	show
1370376367677	144	865	349	click
1369654818539	148	464	330	show
1366363170816	11	526	117	click
1370366711555	99	553	51	show
1373666247470	35	536	364	click
1373032757443	88	449	376	click
1370919265639	56	590	58	show
1370059357404	5	650	410	show
1374120890750	134	818	461	click
1366569949409	71	891	210	click
1366949925133	31	279	378	show
1370953374092	24	52	234	show
1372249503894	117	666	428	show
1369794461032	66	78	246	click
1369347765865	28	17	225	click
1369018929117	117	917	79	show
1372483955234	95	519	401	show
1366618367843	19	793	345	show
1372737092988	87	208	23	show
1370501192212	77	261	453	show
1366925608386	100	907	78	click
1374190897540	42	184	426	show
1370917744676	95	410	362	show
1368414859292	115	685	95	show
1373325119851	122	773	381	click
1366851243671	63	313	143	show
1366796779220	128	399	130	click
1371196117842	125	322	2	click
1367037661255	51	18	144	click
1373478683245	74	104	258	show
1374106864981	90	658	179	click
1367741372371	79	905	387	show
1370998505547	147	584	114	click
1371924428441	122	427	385	click
1373384563604	108	955	318	show
1374197976173	1	540	263	show
1368163136470	24	239	67	show
1372300425210	48	204	159	click
1371077836972	68	56	258	show
1373936057776	63	36	115	click
1368595117659	72	538	28	show
1368808130430	51	841	360	show
1367407837464	99	329	84	click
1369903045630	7	185	139	show
1369122310833	3	312	70	click
1368202893178	32	478	261	show
1367442676872	138	215	237	show
1368557837862	17	413	51	click
1370366647067	138	233	67	show
1371801915041	58	134	391	show
1371499762729	142	647	386	click
1368434912700	129	873	24	show
1373814531171	1	759	357	show
1370094487729	91	802	237	show
1372749862426	100	141	87	show
1370531858351	21	683	217	show
1369813858439	85	585	431	click
1373766110227	125	173	31	click
1367479397104	88	699	176	show
1368773392753	147	157	398	show
1371101763421	148	117	98	show
1370195838947	116	190	406	click
1367052890026	88	820	250	click
1372063507974	141	71	356	show
1371485532905	97	724	207	click
1368641452225	150	947	496	click
1367893594199	39	371	480	show
1369377573164	57	575	405	click
1368402863237	49	806	104	click
1371058763698	26	26	203	click
1367197641210	32	29	274	show
1368666788277	54	307	34	show
1369982856981	118	757	247	click
1370634057896	108	807	28	show
1372393786265	86	383	293	click
1371080396257	77	12	178	click
1369899012535	126	150	400	show
1369106709744	107	255	494	show
1368248029382	33	299	315	show
1371543347941	29	321	417	click
1367111952188	125	800	168	click
1373208450077	134	364	425	show
1368495166163	122	352	314	click
1371575781199	29	324	115	show
1374104097100	25	554	461	click
1372128549782	76	226	289	click
1370776205973	41	148	445	click
1370840136121	87	343	256	show
1370968220827	82	701	394	show
1367216409322	99	154	360	click
1373707121244	146	332	151	show
1373830760498	2	937	351	show
1370102715843	3	837	374	show
1370881557646	36	858	397	show
1369855483690	67	362	447	click
1369355991155	109	447	187	click
1369344763216	50	600	119	show
1368282494145	76	414	256	click
1368919556968	28	538	150	show
1373512889933	58	421	421	show
1367128620420	66	401	213	click
1369345642091	124	55	319	show
1371370354193	93	921	297	show
1372562291499	106	850	82	show
1373651087328	43	732	276	show
1373609117716	27	901	304	click
1369515819304	117	828	21	click
1367443748240	24	162	417	show
1372716686915	46	833	1	show
1373022955960	16	200	198	show
1369953284830	108	56	445	click
1370150776505	146	664	236	show
1372940198724	52	697	500	click
1373987418157	59	547	467	click
1372565090583	90	212	403	show
1366706740497	147	456	250	show
1373875023212	62	548	101	click
1371041023115	106	185	122	show
1371484217747	106	195	205	show
1369807437153	142	164	415	click
1367962997303	33	450	109	click
1369608678270	5	733	126	show
1373557135289	103	994	65	click
1371502979293	10	252	390	show
1372640522863	99	420	223	click
1367599574169	96	641	246	show
1366912504143	143	692	230	click
1371736619040	40	646	452	show
1369555331007	98	614	448	show
1368404059804	129	523	213	show
1368797398374	55	121	438	show
1369590072819	41	152	95	show
1368572347782	41	407	395	click
1366483327919	101	785	70	show
1371566027224	58	623	125	show
1368398649339	92	462	323	show
1372336655157	40	797	66	click
1366969483783	147	252	371	click
1372846290407	11	544	22	show
1367870252944	18	894	313	click
1370747413899	13	798	18	click
1371452896086	106	522	65	click
1373190278103	15	732	198	show
1369016305563	62	697	468	show
1368667282850	77	589	62	show
1373517316961	81	250	435	show
1366418814530	75	366	84	show
1369136666657	104	853	190	click
1368820264382	89	739	405	show
1371486518842	44	979	327	show
1371136352557	123	64	118	click
1370831242558	6	423	446	click
1369112911358	66	736	213	show
1372247456520	84	452	430	show
1368790894680	17	186	160	show
1372138526060	74	512	124	click
1373003888092	65	287	400	show
1367365266179	22	923	40	click
1369277058111	139	794	53	click
1371326863436	131	486	468	click
1371453660759	144	669	464	click
1368230359062	136	412	227	show
1367104188161	101	897	342	show
1369862557511	49	595	136	click
1367095669944	88	139	496	show
1366569418717	73	199	290	show
1366438635578	87	986	263	click
1373412370428	28	826	457	click
1373990036974	89	495	124	click
1369103191245	127	293	234	show
1366494492646	61	115	300	click
1366499547010	38	660	97	click
1366834906896	66	595	309	show
1373490537390	5	533	271	show
1368722653705	68	322	358	click
1368360368705	55	594	384	click
1371547024753	24	596	490	show
1371711858521	35	828	195	show
1368109273053	5	6	453	click
1368198058489	45	660	480	show
1373168828500	51	299	336	click
1372067108293	147	491	286	click
1369002162532	31	703	3	show
1369732226644	81	452	13	click
1369090898108	118	635	61	show
1371720060492	36	338	37	show
1368732824198	22	272	290	show
1372828928625	97	273	100	click
1372080533527	112	240	66	show
1369954745022	3	567	485	show
1373211159661	9	802	44	show
1373856250462	144	165	70	click
1367169075570	1	321	79	click
1367270182973	84	92	197	show
1372742542936	148	695	38	click
1371197584860	49	757	271	show
1371058182321	120	107	443	click
1374002122144	34	689	145	click
1366361114520	47	831	355	click
1369834047408	133	751	322	click
1367455587210	81	369	342	show
1371399179258	61	134	283	click
1369262163385	100	294	488	show
1366509298235	3	379	144	click
1371474114456	57	968	496	click
1371829932924	102	734	75	show
1373279084290	107	310	186	show
1366961621480	19	734	107	click
1374051077849	118	109	492	click
1374037239159	59	558	462	click
1369054271491	23	732	148	click
1369037157727	38	334	447	show
1366771578982	51	808	185	click
1370927969244	109	957	220	show
1369184306986	76	149	247	click
1370729627953	107	111	242	click
1370300675925	122	316	417	click
1368093553884	40	89	337	show
1369873527754	34	779	156	click
1369832395569	93	393	176	show
1370296007748	69	211	15	show
1371285672769	119	332	213	click
1366743843480	84	800	86	click
1367208783803	39	227	320	click
1371332084592	41	105	170	click
1370911267892	63	601	191	click
1373708416768	133	490	477	click
1373254969618	53	179	154	show
1367695110382	36	391	387	click
1367271318745	1	351	190	show
1373677140499	26	983	326	show
1367223400200	106	703	367	show
1366382996402	126	847	66	show
1368117918390	103	935	2	click
1367450541269	121	204	481	show
1369116568314	119	158	441	click
1374009336172	89	433	180	show
1372524716160	25	586	153	show
1370986746771	103	267	406	click
1371802933228	88	310	160	click
1374180868543	35	323	402	click
1368684312121	40	384	398	show
1371045907346	50	127	4	click
1369710440659	49	466	275	show
1371750873698	29	392	486	show
1367910577552	88	953	6	show
1367918561444	137	89	69	show
1371649915322	74	558	129	show
1366866556653	37	310	14	show
1373446074250	126	602	241	click
1366472195621	24	439	208	show
1366980112438	7	389	45	show
1373775875337	57	37	487	show
1370153350752	63	958	405	click
1371329096639	130	755	213	click
1369654229883	105	928	398	show
1370622214338	108	693	343	show
1367858181123	1	897	79	click
1366707931488	25	930	70	show
1371164639412	91	408	473	click
1370413470031	138	513	377	show
1372917196279	149	925	89	show
1371104189034	134	520	497	click
1370344643936	88	524	184	show
1370255581472	93	73	438	click
1370257761963	138	943	134	click
1372687997532	34	294	310	click
1368377287696	3	819	407	show
1369209285942	109	193	405	click
1368647161436	94	48	12	show
1368231351424	142	788	411	show
1367460369113	50	613	428	click
1368438404234	150	430	9	show
1373258458845	22	123	429	click
1371878301847	42	304	455	click
1373041750396	118	60	249	click
1368775101038	34	794	176	click
1370387641871	47	477	117	click
1368765063766	54	109	301	click
1373765621525	114	483	81	click
1371502630031	45	208	263	click
1368126973579	10	15	474	show
1368040969268	145	199	155	click
1368947801371	108	231	300	click
1371352924321	141	212	321	show
1374026449823	129	176	40	show
1373976010215	14	3	388	click
1372638422285	59	391	354	click
1366530205779	38	619	161	show
1367542097890	87	674	4	click
1370197086670	14	839	299	show
1372546590129	90	544	198	click
1368918829309	88	39	191	show
1366633245048	93	656	463	click
1372423357909	113	880	365	click
1367935851010	75	808	210	show
1368544805913	79	98	411	click
1372479494519	22	32	173	click
1368446661911	140	820	324	click
1372670409198	86	455	79	show
1366872497091	115	879	171	click
1372461476889	11	730	138	show
1366712375281	8	336	466	click
1371051657540	142	907	165	click
1367772530320	80	508	194	click
1367360124628	127	862	143	show
1366941550810	113	66	410	show
1372952583562	58	274	359	show
1373553459966	92	167	191	show
1371032196636	125	806	428	click
1366560328878	83	775	34	click
1367567759609	147	415	12	click
1366981966951	21	191	202	click
1370454993884	107	435	250	show
1370928801187	79	247	474	click
1373011977206	65	154	430	click
1370708534074	141	330	435	show
1371012959737	134	633	226	click
1373132636358	47	191	14	click
1372215357683	69	892	370	click
1373843542873	92	395	121	click
1372772913174	54	100	234	show
1368717115148	84	41	356	click
1368468752973	13	585	33	show
1374002497340	121	139	229	show
1369559125712	41	983	12	click
1370919789063	150	705	205	show
1369853302543	74	588	289	show
1367996972389	26	975	422	show
1374105607559	67	580	252	click
1373417920198	137	225	327	show
1371474959175	93	917	488	show
1368281185556	63	825	289	click
1369785706517	58	450	420	show
1368197857146	109	87	359	click
1367054043809	76	660	312	click
1371107093089	130	153	309	click
1371010387687	7	693	399	click
1371347889119	114	456	435	click
1369471696413	123	275	348	show
1368906499815	141	920	292	click
1369305563878	139	190	486	click
1372008272648	114	126	206	show
1367323062369	38	153	257	click
1371619534960	138	459	161	show
1374086275900	29	753	35	show
1367268186987	36	871	195	click
1369337060017	16	820	268	show
1368972998266	34	345	356	click
1369396206414	145	697	318	click
1369598936546	24	873	418	click
1370639088788	53	198	169	show
1368702332745	132	837	12	show
1372896674504	48	975	32	show
1367139738973	66	261	484	show
1373851554885	27	221	211	click
1369390370328	136	508	401	show
1373167631557	143	383	25	show
1371753886008	77	871	130	click
1373298375049	124	769	288	click
1368286203023	82	788	355	click
1366612740864	11	190	59	show
1373554231266	48	512	32	show
1370451869433	124	535	361	show
1372493456571	21	592	179	show
1370926628874	74	168	396	show
1370279373816	51	870	90	show
1370874169945	119	740	48	click
1370106060332	14	385	231	show
1371496625742	72	272	95	show
1370046134433	118	886	126	click
1373478697099	80	902	238	show
1372423094007	47	812	294	click
1366397402730	149	5	131	show
1371144355299	63	399	66	click
1373976171993	111	854	33	click
1370986809269	118	733	278	show
1372290251133	60	495	312	click
1369057278687	73	667	494	click
1368530642429	112	55	280	show
1366937095173	21	645	391	click
1367090497164	10	90	28	show
1371946785068	54	721	497	show
1373297977047	66	763	219	click
1370849698043	13	440	488	click
1373646869635	124	967	26	show
1366949201221	59	778	386	show
1366906474351	1	994	287	click
1370215066256	25	246	45	show
1370922276450	128	226	288	show
1367690174981	80	963	181	show
1370328411755	87	616	187	click
1373634006173	27	921	172	show
1368964817046	122	934	240	show
1368416041858	100	488	147	click
1373455811797	117	423	85	click
1371555187093	4	867	98	show
1369241331122	82	854	126	show
1370902967584	59	468	102	show
1373979127843	112	828	435	show
1371358257426	34	354	477	click
1372823980406	95	545	388	show
1366374621576	32	477	378	click
1366455871971	23	366	62	click
1372933256675	36	376	84	click
1373455887564	126	638	495	click
1368424896396	83	855	309	click
1366951816818	123	128	331	click
1371251490222	86	560	224	click
1368202752275	76	748	100	click
1373887126776	69	949	70	click
1370587715838	3	47	491	click
1370930932441	32	96	275	show
1370834592783	94	656	290	click
1373066849016	146	948	79	show
1371218311670	117	96	109	show
1367970199159	57	700	390	click
1373536034951	107	461	149	show
1373082087809	30	782	307	show
1368559576513	18	61	436	show
1370690191775	65	626	63	click
1371665638934	139	210	437	show
1370877708066	90	309	306	click
1370810758914	133	848	132	click
1372727257395	135	904	32	show
1368066411232	86	397	48	show
1372140589138	149	671	66	show
1372225425094	37	12	58	show
1367987995498	41	273	106	show
1371490349232	24	488	123	show
1372717091177	44	30	410	click
1369904961848	84	42	357	click
1366894775540	14	848	18	click
1372906570761	131	958	8	show
1370865822868	141	52	380	click
1373410379178	132	430	217	show
1371556546594	37	178	27	click
1367180382237	12	848	108	show
1371305496836	68	331	135	click
1371136772115	147	60	130	show
1370969849868	73	456	51	click
1372808253972	73	843	83	show
1373424204657	68	186	68	show
1368618877400	125	746	336	show
1374068649876	95	576	181	show
1373464675418	144	999	80	show
1367812573105	88	186	82	click
1372919895930	98	798	227	show
1372216289088	112	680	147	click
1370173106645	102	79	367	click
1371011757702	95	146	474	click
1373225795322	14	295	176	click
1369609642712	10	725	158	click
1373800314724	29	527	403	click
1366878385016	119	250	282	click
1373893406378	71	890	445	click
1373342250397	27	491	21	show
1368849761694	41	348	294	click
1368106676120	72	123	31	show
1367744644914	89	826	456	show
1369504633351	119	339	464	show
1373879610391	65	993	357	show
1368926139606	80	872	126	show
1370288040638	92	880	344	show
1368946501962	8	162	420	click
1367918339330	122	536	350	show
1371054298065	145	633	211	click
1373051583486	37	578	117	click
1373393695547	102	677	180	show
1371765216002	40	25	321	click
1366416132484	117	700	311	show
1371401348246	122	146	369	show
1367276927854	121	104	228	show
1370772444306	81	132	215	show
1369846548275	116	751	335	show
1371737328759	90	447	40	show
1370844425273	84	846	201	click
1368038209705	132	924	61	show
1371317314565	44	985	208	click
1367121629516	140	456	412	show
1366540899881	65	543	383	show
1367933862344	138	54	36	show
1371228331134	92	743	164	show
1367743088240	98	832	415	show
1369994746924	13	576	172	click
1369206141592	12	178	453	click
1370448899370	110	444	2	click
1367931160988	103	459	49	show
1373208158473	30	747	102	show
1372501122652	65	316	370	click
1369724999698	133	52	149	show
1372923474085	15	983	255	show
1369949868320	128	701	440	show
1370586155220	58	295	209	click
1371537633891	38	410	262	click
1368594006533	50	443	119	click
1371596509772	35	744	405	show
1372405517982	122	378	120	show
1370539101774	20	980	458	click
1371247923567	34	861	455	show
1369228846615	76	898	232	show
1371899561322	18	585	442	show
1368718375491	91	154	341	click
1367304544353	90	53	412	click
1373873546228	130	514	439	click
1367198705311	76	998	292	click
1368973470740	130	161	230	click
1369856047504	104	338	96	click
1371297619458	22	783	98	click
1373984245303	15	245	310	click
1373115353680	99	292	239	show
1373662803524	122	265	368	click
1367353768771	140	276	457	show
1374173426352	40	756	448	click
1370755756232	19	814	90	click
1371845135567	88	587	44	click
1373666983280	75	825	252	click
1367905664134	79	803	371	click
1371178333551	150	481	346	click
1373830923427	15	945	128	show
1370516395533	130	809	225	click
1367884870439	97	341	298	click
1369313053239	17	436	157	click
1367969151192	61	49	222	show
1371475227177	143	388	373	show
1368553927946	67	518	357	click
1372172982165	19	549	213	show
1373467471442	119	506	81	click
1372269642626	44	901	213	click
1372942136333	77	386	134	show
1370489700727	16	70	74	show
1369230133209	1	67	307	click
1371157225287	4	21	395	show
1367998757654	114	486	465	show
1371974942524	97	617	24	show
1372989875603	4	893	52	show
1371492680180	35	737	154	show
1373766766983	25	277	463	click
1370955265787	21	82	221	show
1372861427631	29	713	281	show
1368508649271	92	495	398	show
1373945014608	126	898	55	click
1371464965813	55	507	197	show
1368402165748	141	33	281	click
1366372822563	127	999	241	show
1368705656180	127	713	464	click
1373687911348	11	715	301	show
1370180259557	141	970	98	click
1367443674357	94	857	455	click
1368835061051	149	461	482	click
1369516586934	13	329	295	click
1367159466865	99	490	431	click
1370768816957	11	503	49	click
1371525084020	25	736	320	click
1367145869613	54	551	391	click
1368669867713	134	804	495	click
1368514586571	22	749	141	show
1370320999331	125	164	164	show
1370866861333	8	376	22	click
1367784584680	133	167	470	show
1373687244852	59	796	492	click
1370040663335	109	7	158	click
1369166659967	120	475	349	show
1373692619417	102	56	273	click
1370388893166	54	599	62	show
1373405975077	110	206	457	show
1367458890372	71	351	373	click
1367662313932	110	29	204	click
1367553520137	81	827	227	click
1370600677710	37	792	49	show
1370154579264	72	715	281	show
1367593520464	98	294	185	click
1372877671334	25	119	400	show
1371123813219	108	265	15	click
1368988836326	136	207	8	click
1373495129301	102	355	336	click
1372954976186	150	366	481	show
1374175816383	100	498	379	show
1373656805753	114	839	313	show
1366598486569	68	475	236	show
1372423535485	43	44	288	click
1371890633012	107	276	290	show
1373958206468	134	943	184	show
1372586534835	64	442	341	click
1371324490520	132	902	244	show
1370943876553	114	121	177	show
1373925625604	101	544	179	show
1366526413550	115	495	155	click
1368274617788	6	705	468	click
1373219877327	83	587	33	click
1367449567558	32	102	472	show
1368520768874	89	340	386	click
1366922755330	21	40	119	click
1370637268878	96	323	80	click
1371809002337	126	569	322	click
1369625263175	46	635	188	click
1368875430568	147	441	295	show
1367291832630	91	331	462	click
1370468594037	133	575	206	click
1373387933779	36	619	228	show
1366720213099	1	25	24	show
1368339167577	91	241	351	show
1368675511303	30	334	405	show
1368855673540	138	514	250	click
1373411119793	102	741	256	show
1367061066132	82	360	371	click
1371635345276	80	235	245	show
1366746094114	64	908	7	click
1374081301934	72	906	176	show
1370339400560	127	131	351	show
1367640840052	95	635	94	click
1372965906196	85	832	364	click
1372477730131	9	907	296	click
1370044198870	135	732	461	click
1368955652655	146	440	216	click
1369722650508	43	164	370	click
1368117045936	17	303	292	show
1373830598606	13	931	228	show
1371619166019	90	510	184	click
1366975638936	25	863	270	click
1370221198426	127	463	444	show
1368467875648	26	31	145	show
1367173326186	31	628	206	click
1371606664819	73	330	87	click
1369844753112	131	705	114	show
1370211879477	56	420	492	click
1366502206159	142	374	67	click
1368704714688	121	739	231	click
1368790968398	19	42	267	click
1369268132225	72	952	200	click
1373926227769	108	739	393	show
1368158798344	93	647	322	click
1370129168780	98	502	325	show
1370779535517	115	866	314	show
1371959612003	142	858	226	click
1367963514350	63	219	72	show
1371908595349	23	238	142	show
1371327465759	34	283	463	show
1373172249912	40	221	287	show
1370901144127	97	253	166	show
1368076333737	144	391	397	click
1368389334672	65	778	187	click
1371734408712	141	137	337	show
1372982116204	117	168	47	show
1372434552480	125	930	23	click
1369363165179	145	244	440	show
1366776519560	19	736	238	show
1370422161001	128	39	355	show
1373326483809	94	477	497	click
1367125964505	53	877	406	show
1368795477753	106	669	434	click
1372722689894	72	725	378	show
1367811752375	125	554	79	click
1373773880943	7	30	311	show
1370072126654	36	546	157	show
1371945544833	28	458	401	click
1366655269673	31	949	397	click
1371714372804	54	416	81	show
1367997127862	138	102	166	show
1367137081604	143	857	110	click
1368189898238	70	35	399	click
1371703459160	5	954	159	click
1372199038859	141	745	344	click
1367667545396	79	415	14	show
1373859662110	45	868	416	show
1369753152754	73	855	101	show
1369786029235	121	456	107	click
1374018833499	3	427	450	show
1368060307879	97	621	420	show
1368731491908	38	951	33	show
1373219116686	54	730	469	show
1374139319560	65	679	427	click
1367264157648	91	734	53	show
1372926591251	107	464	116	click
1371161905684	119	979	312	show
1370895957894	43	135	30	show
1369351436384	31	105	462	show
1371921152911	60	247	469	show
1369737634936	130	289	428	show
1372308092517	117	316	299	click
1371507109916	72	603	404	show
1367028316204	26	692	229	click
1368073777370	34	722	15	show
1371580905509	61	70	142	click
1373350623706	118	342	206	click
1373194646224	59	454	460	click
1367951557544	98	904	59	show
1371634697243	113	772	239	click
1367274189677	73	567	202	click
1369842328697	61	710	377	click
1372850430699	83	515	157	show
1368742775426	40	864	105	click
1369407631021	18	702	178	show
1368884595028	36	891	13	show
1373116947140	135	76	149	click
1373746262712	57	343	100	show
1368523303329	135	631	268	show
1372508509142	87	214	208	show
1371067403933	118	135	257	click
1369331031752	103	274	165	show
1371623971547	69	814	350	show
1371891077065	138	185	435	click
1369488262870	78	935	260	click
1367102967733	58	7	40	show
1373335348693	82	276	391	show
1370718051416	120	386	430	click
1368316063061	69	547	467	click
1373430033784	134	948	382	click
1372709187766	89	538	346	show
1373185205657	49	279	90	click
1367354831258	4	397	329	show
1374021365702	3	412	43	click
1368539346027	117	537	96	show
1368940745389	104	502	411	show
1369861580633	17	33	273	show
1371661208045	76	774	176	click
1373540528785	106	916	27	click
1367081073358	13	147	342	show
1373763745106	44	331	300	click
1367460742170	101	568	180	click
1370347004386	69	60	359	show
1369759719752	86	447	405	show
1371747631588	4	552	98	click
1367334293926	122	361	201	show
1366824940063	72	122	490	show
1368303604432	94	629	457	click
1368951378518	129	843	67	show
1373698735170	58	313	143	show
1367467799367	43	998	64	show
1370268512723	77	197	118	show
1369425471733	84	303	238	click
1372944646451	103	978	199	click
1371323641490	87	632	92	click
1370083873219	72	941	402	click
1373179509871	149	23	321	click
1366677653670	132	211	430	click
1367904337923	78	297	79	show
1370656575139	60	37	234	show
1371492256059	23	935	117	show
1372843679411	20	749	143	click
1371227530078	52	280	203	click
1373790959654	64	227	115	click
1366662900255	121	111	233	show
1368428835477	94	374	310	click
1367168359056	30	128	497	show
1370261683745	53	743	220	click
1368985955797	117	973	250	show
1372138371306	97	582	297	click
1366624531626	32	564	303	show
1368715810793	79	827	149	show
1369030314659	137	455	122	click
1372741134443	125	565	26	show
1368897641123	35	818	287	click
1373670850530	141	223	76	click
1368612113532	10	580	273	show
1367894740562	116	639	404	show
1369135080214	49	740	385	click
1369946804650	99	674	337	show
1373531951570	30	268	1	show
1369531963182	57	946	147	click
1374045256885	124	699	41	show
1367563469003	138	145	495	show
1372734591538	145	232	477	click
1374064878272	125	713	156	show
1372377751011	58	139	322	show
1370202094001	21	812	399	show
1370112654537	92	985	3	click
1372626266947	95	864	314	show
1367002512631	89	709	112	click
1367962011261	149	634	316	click
1372180523275	40	37	133	click
1371436472323	14	851	15	click
1371704914268	35	184	133	show
1371282658315	63	35	302	show
1373061409726	59	672	220	click
1366498847249	76	510	168	show
1369075972566	38	13	362	show
1366470614375	71	725	66	click
1368228567119	105	37	338	show
1373680122126	89	439	6	click
1367589087888	130	357	310	show
1371376418028	20	823	258	show
1370231191961	31	762	281	click
1367537737304	67	528	412	click
1370613416169	81	912	382	show
1373336494819	104	13	451	show
1370543517581	96	448	165	click
1372419330339	44	975	247	click
1372843121362	46	993	204	click
1374110721135	43	570	346	show
1373322807935	72	357	317	click
1372905388678	141	931	475	show
1373667961482	134	209	139	show
1371503401275	146	759	500	click
1372672547051	74	758	400	show
1369719498526	125	961	262	show
1371763547866	142	939	270	click
1373379920154	53	378	397	show
1371121209142	133	273	161	click
1367910015678	68	483	74	click
1372910492691	27	218	104	click
1367508034653	144	812	53	show
1373738262962	93	133	24	click
1369890364678	101	190	483	click
1369977624549	109	216	385	show
1373514489593	138	200	484	click
1372534282227	32	313	215	show
1369911623534	113	427	255	show
1373147915574	132	908	493	show
1372356784105	145	586	20	show
1372170167823	57	612	393	click
1368522192476	75	867	68	show
1369974169930	56	582	352	show
1372017620493	104	405	240	show
1371119060843	1	883	442	show
1373375307681	56	747	294	show
1371253754879	1	726	357	click
1371790784768	113	973	20	click
1370559785945	113	306	449	click
1368292598635	30	908	397	click
1369943747508	40	134	52	click
1368435880622	94	383	10	click
1367550854961	80	627	487	click
1371710007129	24	201	435	click
1367872399139	32	323	444	click
1372381224053	61	117	103	show
1367417676864	101	602	466	click
1369472159442	84	870	51	click
1367528866358	86	115	150	show
1368446711683	55	766	477	click
1368530438747	98	680	13	click
1366803224793	105	453	117	click
1371411803445	4	846	424	click
1374017366131	138	491	15	click
1372342585033	46	262	406	click
1373380842757	103	815	78	click
1369760858171	115	514	205	show
1370632480868	112	545	19	click
1370589691493	103	39	278	click
1370234850047	1	128	101	click
1371115724419	12	987	444	show
1373604792310	17	414	126	show
1367018329046	142	530	87	click
1369397814308	76	26	399	click
1368140556242	81	613	117	show
1370567767399	48	476	400	click
1373289408143	49	778	400	click
1368507069959	74	473	11	click
1368452085079	21	488	127	show
1367111113871	118	914	223	click
1373727209901	52	835	184	click
1366591166740	66	407	451	click
1371792651652	46	260	261	show
1372494308767	72	4	28	click
1366825765657	57	149	263	show
1373450817067	27	954	231	click
1373435164146	34	928	170	click
1371942427433	18	663	177	click
1367104631998	86	805	500	show
1369701101169	50	33	294	click
1371069586908	141	238	78	click
1369573034459	121	71	291	show
1374195460218	27	612	104	show
1369323065542	58	779	180	show
1366541155674	145	666	3	click
1366395180247	103	171	19	show
1372332967351	10	921	428	show
1371423297914	28	276	45	show
1366530411157	129	503	15	click
1367532108821	38	483	108	click
1366621263487	9	229	21	click
1373044894988	129	804	10	show
1368503304587	135	997	468	show
1366934085937	72	528	377	click
1373779070987	48	338	295	show
1366446879006	111	479	60	show
1369534609070	101	698	316	click
1368523380154	15	652	188	show
1372007061640	17	589	44	click
1372379468272	108	156	306	show
1371954554898	115	393	183	click
1369820771215	143	130	234	click
1367861580510	54	915	61	show
1371729644219	55	551	129	show
1373237388578	77	289	151	show
1368517608867	35	718	123	click
1373002320280	6	969	451	click
1373086965614	136	559	294	show
1372617958384	17	655	43	click
1372617563802	25	235	255	click
1371758240655	2	691	292	click
1371340703188	14	335	237	click
1369503666482	34	814	178	click
1371873302218	1	310	382	click
1371005529892	80	961	393	show
1368648940520	17	839	340	show
1366407272745	93	412	357	click
1371709225275	53	56	263	click
1374121902000	19	172	330	click
1370955206930	114	607	36	click
1367685367816	146	41	273	click
1370667408624	132	505	387	click
1368962295666	91	847	42	show
1367108575758	104	137	41	show
1370654801652	75	810	250	show
1372645203624	90	976	367	click
1369159207843	130	40	99	show
1368017840844	139	338	475	show
1368647781103	57	647	33	click
1367075840736	1	20	115	click
1373120107842	143	178	364	show
1370793702223	92	799	331	click
1369499143964	133	921	106	show
1366771536660	79	121	209	click
1368480706142	11	984	107	show
1369119439824	80	829	113	click
1371749337472	60	267	231	click
1366417004388	111	528	441	click
1369583338839	54	540	258	show
1373929130893	112	305	389	show
1368264704669	76	552	158	click
1370826201132	13	681	184	show
1373718919430	66	378	251	show
1370807539506	31	652	309	click
1374183679512	82	706	483	show
1367228601911	50	926	28	click
1367608181823	149	798	207	show
1369639851078	117	663	386	click
1373189404352	96	653	231	show
1367350671238	89	410	186	click
1373116772762	70	640	157	click
1368872707772	18	529	251	click
1366641821338	9	261	207	show
1371739214960	72	331	107	click
1370078563799	8	49	404	click
1367333154347	29	966	374	show
1372786500871	96	808	480	show
1369011536786	11	297	333	show
1370568111755	19	303	256	show
1371627298117	134	676	109	show
1368813489641	129	415	77	click
1367652429810	102	908	409	show
1373810011591	129	73	120	show
1366523470858	11	768	263	click
1367985473535	29	525	66	show
1373792282681	127	769	107	click
1369567738069	72	508	279	click
1369108519478	7	770	102	click
1370126062594	31	671	95	click
1367505350706	18	245	118	show
1369047787998	87	967	405	show
1371446449733	97	649	237	click
1372383575905	49	294	427	click
1370737194869	57	669	29	click
1372763979649	72	632	367	show
1371673001978	62	23	449	show
1372297524985	9	706	494	click
1372613237625	92	929	453	show
1371583126926	73	411	371	show
1370147303112	31	619	196	click
1372982168977	7	763	431	click
1370329435845	19	414	415	show
1373951987050	79	221	440	click
1371480943940	121	188	172	click
1366983715778	40	483	306	show
1370211070365	1	809	391	click
1370357379799	30	679	283	show
1366641365215	59	75	484	click
1372789985619	95	518	89	show
1369220498649	41	616	39	click
1372380845663	61	868	12	click
1373838289055	18	456	254	click
1370971832684	13	110	134	click
1374082860632	81	225	96	show
1366352626421	27	297	381	click
1369684772822	91	272	335	click
1370148028942	76	37	442	click
1370615923449	1	674	173	click
1366401260058	100	458	16	show
1369146333424	13	326	61	click
1370114328213	14	144	161	click
1372483525804	122	270	299	click
1367938991819	146	97	105	show
1372714915768	69	117	243	click
1371112941099	52	77	359	click
1369424386677	71	923	23	show
1369051794699	63	208	116	click
1368115931122	42	830	344	click
1373198133273	138	150	253	show
1373283184115	96	959	189	click
1370332908772	23	16	407	show
1368584049723	138	643	449	click
1373598051480	40	564	207	click
1370126686471	110	7	332	show
1371253747348	89	986	367	click
1367021688848	30	60	232	click
1370108166616	149	338	328	click
1369523279728	76	484	289	show
1369165454753	51	945	276	show
1368139757562	17	21	387	show
1372492361870	87	464	303	show
1367984870844	73	919	277	click
1370327347350	141	594	29	click
1372395736117	57	71	337	show
1368161691266	17	277	401	show
1368622920592	112	461	286	click
1366720337940	74	799	173	show
1371479910125	29	437	277	show
1368402625756	120	386	92	show
1371468592349	21	599	359	show
1369243904328	29	377	143	click
1372303070143	138	4	446	click
1367542372925	30	47	154	click
1370480845675	55	705	228	click
1372280095436	118	788	356	show
1372411160313	42	54	98	click
1370700692729	19	113	176	click
1367617411134	56	211	187	show
1368254353780	69	406	473	click
1369777671456	125	825	352	show
1369524988853	64	397	171	click
1370269248417	82	349	332	click
1370201367964	20	437	137	click
1373441871439	44	183	453	show
1368318957546	125	300	272	show
1374061656342	30	159	496	click
1368563618648	39	178	16	show
1369539035515	106	703	85	click
1366561080886	37	958	468	click
1368469740833	27	207	413	show
1370409098729	149	469	399	show
1369752352069	72	136	223	show
1369442144304	37	984	457	show
1368195710301	20	808	126	click
1368450088832	73	602	280	click
1372893941686	47	826	186	click
1371548981609	50	633	99	click
1370738026863	78	650	25	click
1369826735498	38	692	73	show
1368587169128	82	970	295	click
1367456361268	68	22	353	click
1368524268311	5	578	303	click
1368819596600	128	912	5	show
1371719484050	54	296	30	show
1368162845913	9	968	326	click
1373931049068	132	38	219	click
1371386690181	104	982	203	click
1366495773009	129	302	404	show
1369960212796	94	570	364	show
1367294454114	63	521	209	show
1373730337404	100	547	250	click
1367360173776	83	692	132	click
1372430978857	12	199	347	show
1372590167202	64	914	387	show
1373375174930	37	245	48	show
1366824490151	14	594	413	show
1374049875241	132	697	470	show
1367125087464	111	571	476	click
1367100052093	137	269	114	click
1373743845085	33	979	257	show
1368369364907	88	245	186	show
1371445689006	111	90	424	click
1369929336709	29	805	464	click
1369763879873	29	965	227	show
1372056791003	145	377	189	show
1368973767010	73	806	8	click
1367621043839	60	605	420	show
1369739825122	7	647	474	show
1367875990992	149	347	139	show
1372897179734	106	299	353	click
1366504933495	45	160	446	click
1373872206759	140	351	83	click
1373985917764	5	688	177	show
1369972236565	17	6	439	click
1367950615413	55	316	477	show
1367940763875	4	965	146	show
1366533845844	128	757	70	show
1374153450413	11	926	70	show
1367791001572	61	426	452	show
1371582562144	113	198	148	click
1367656451675	14	737	336	click
1372918867943	48	264	151	show
1370717648401	35	978	310	click
1372970728238	43	555	473	click
1371487987337	117	132	185	show
1369813247128	85	960	327	click
1373394661151	72	233	381	show
1370511311970	82	187	276	show
1372141779113	124	1	59	show
1373599316990	48	303	344	show
1369284997714	29	741	388	show
1369373809706	7	9	206	click
1371765226763	55	491	201	show
1368504600407	62	735	39	click
1370314022136	62	156	252	click
1371464459387	46	665	130	click
1370564798910	52	100	402	click
1366752345359	103	897	345	show
1373683885472	27	820	275	click
1374106484864	35	256	439	show
1372207181523	41	439	394	show
1372243054590	68	221	475	click
1367273160190	125	704	29	show
1372377328937	8	329	13	click
1369580161569	83	894	227	show
1366783322229	45	151	394	click
1369313873598	108	674	191	click
1366725981265	72	639	170	show
1373060142013	27	630	323	click
1369219898131	95	848	405	show
1368979189512	149	832	463	click
1373130925943	138	235	414	show
1369299780903	136	359	222	show
1366893316313	86	497	404	show
1369409769592	72	793	38	click
1370347515515	25	618	420	show
1369597967855	99	463	280	click
1374090131432	19	736	345	show
1369219059109	60	985	63	show
1366883780552	47	730	101	click
1369184692969	116	198	242	click
1373303030544	21	872	329	show
1369983915435	145	910	111	click
1371333296725	31	926	87	show
1369925816253	40	808	346	show
1369371356325	46	487	498	click
1372750617740	73	842	93	click
1369195929318	12	680	54	show
1371446212494	115	143	277	show
1372453751768	132	271	324	click
1371504345990	55	783	145	click
1372882657376	108	586	297	click
1373812341229	55	404	34	click
1367097046474	79	777	73	show
1373513844523	31	848	437	show
1371381956856	48	900	188	click
1371473529082	76	576	107	click
1370449805228	86	524	367	show
1369957619928	57	60	341	show
1372118535759	61	565	111	click
1373078853968	39	829	117	click
1367163897775	95	981	125	click
1368961664516	132	876	125	show
1373894242132	124	248	83	click
1371576422979	135	555	294	show
1370809269717	73	634	458	click
1367337656053	113	208	285	show
1373604875400	131	645	42	click
1367323270936	89	748	381	click
1371460657936	107	238	237	show
1372084742122	51	927	411	show
1367865485132	37	508	155	click
1370631892194	135	992	368	click
1372013996344	65	961	213	show
1370673495486	146	384	309	show
1366433342273	40	246	437	click
1373036517607	83	852	249	click
1367352637022	23	947	435	click
1366538204120	29	530	309	click
1366498085127	69	248	194	click
1370137712135	65	654	138	click
1366987452472	108	568	3	click
1370791008981	89	640	30	click
1368216262415	114	571	263	show
1366576714783	20	274	339	click
1370967375095	88	259	333	click
1367971522339	36	468	7	show
1371251049601	82	514	404	click
1368865223572	41	541	211	click
1371505664626	137	193	216	show
1367208368957	6	207	1	show
1372897474725	148	135	124	show
1373412639242	122	357	249	click
1366762507737	83	411	161	click
1371854185274	63	183	478	click
1366766376563	129	686	67	click
1366805393218	75	88	436	click
1371935420424	67	447	31	click
1369933403710	65	193	24	show
1369579449306	85	385	443	click
1369078058134	46	826	311	show
1373929773791	145	826	344	click
1371706867458	150	249	80	click
1368171369157	133	45	248	show
1370134251244	148	467	223	click
1370360159047	73	627	455	click
1372901497472	55	49	212	click
1371623373759	103	950	199	click
1368267259250	11	641	75	show
1370620306369	101	378	60	click
1369447273697	20	448	64	show
1372633640255	77	886	3	show
1370106896499	18	308	286	show
1369959123641	102	772	419	click
1370995421882	122	312	445	show
1367867854130	14	602	271	click
1373703131695	22	413	38	show
1367381451848	35	527	97	click
1367065692002	130	651	380	click
1367617571046	78	696	84	click
1369589169793	25	402	7	click
1367035254559	50	720	117	show
1373661884629	27	39	375	show
1369125973709	144	211	39	show
1372155773478	81	375	293	click
1369606119288	56	63	54	click
1369247598707	98	327	237	show
1370527149475	144	476	303	click
1371997716659	51	518	96	show
1374200005397	3	196	478	click
1373782382634	41	327	258	click
1371936041963	16	931	86	click
1368989648149	10	865	50	show
1367222080164	47	3	361	show
1370798166764	37	311	18	click
1368330496701	138	526	75	click
1374161830157	21	130	315	show
1366424681796	89	56	435	click
1370575062645	44	859	190	click
1368136039314	85	854	57	click
1369505739489	73	760	168	click
1371104906275	64	360	59	click
1366714092605	114	270	440	click
1374058261224	103	839	26	show
1371089711971	46	732	220	show
1372064659582	3	850	274	show
1371248470423	136	935	391	click
1373842177944	150	908	121	show
1371657037873	1	484	289	show
1368515986636	84	67	309	show
1366411299770	147	447	152	show
1371888298537	94	151	116	click
1373929721796	6	974	463	click
1367921271961	1	753	326	show
1374110718033	149	284	426	show
1367070341971	126	449	74	click
1368365604508	124	117	323	click
1369982364579	23	289	316	show
1374133614361	140	202	72	click
1366863646324	64	899	445	click
1370851571306	80	225	479	show
1368328569704	21	582	378	show
1371950381769	9	137	402	click
1373532477706	101	553	84	click
1368179728291	28	585	128	click
1368507926869	116	457	258	show
1368563886324	112	434	166	show
1370000556179	87	410	287	click
1367741651672	136	786	415	click
1367597473710	139	442	312	show
1367587966072	76	782	453	show
1366953889554	134	852	207	click
1368463628812	36	700	380	show
1370518510490	65	893	179	show
1373281106523	94	826	10	click
1371192918532	111	500	236	click
1367540097327	38	309	133	click
1372748854876	103	205	270	click
1370178295383	48	530	54	click
1373592231418	135	66	182	show
1368337410336	85	917	77	click
1368422362094	139	155	400	click
1374115306599	37	117	463	show
1371322624550	90	628	105	click
1370589243082	99	301	301	show
1368840512209	13	723	34	show
1369595610977	76	247	438	show
1370406979796	25	459	268	click
1372274359353	103	659	254	show
1372638487400	69	624	311	click
1371424002819	69	917	122	show
1367650718465	45	694	429	click
1371023564760	130	314	60	click
1371545695425	50	161	429	show
1372731321222	120	333	183	show
1368128394177	117	54	95	show
1370171222450	147	608	456	click
1369055750663	41	680	452	show
1372821273368	78	445	329	show
1368617802031	6	288	278	show
1372930006332	104	900	424	show
1368480885647	24	625	39	click
1372388667280	51	609	386	show
1371239394122	140	262	59	show
1373080725904	80	817	260	show
1371101568730	86	856	282	click
1369967471466	149	491	378	click
1373028740760	135	243	202	click
1371498995160	1	68	341	click
1373133007538	17	331	431	click
1369801497568	66	138	455	click
1370836589636	17	470	104	click
1373783021804	65	596	256	show
1373789829844	32	945	435	show
1373439684516	96	60	163	click
1368650800105	10	234	174	show
1370646466551	16	706	160	show
1373714427701	24	566	22	click
1367586213225	12	966	404	show
1366531856751	139	450	307	click
1371314032350	55	535	360	click
1370177045087	95	787	111	click
1366513393092	102	121	377	show
1374197329718	10	985	139	click
1372487097240	147	844	397	show
1368840979471	120	870	268	show
1367426064896	22	476	381	click
1368601719916	6	807	239	click
1371947117655	49	342	327	click
1367123563035	95	513	439	click
1371712872131	43	566	249	show
1369915311091	77	59	465	click
1372291054036	104	311	375	click
1368351172817	45	170	194	show
1373754947843	65	851	487	show
1370468095623	84	811	384	click
1370256543069	121	476	66	click
1372473022928	17	885	480	click
1366367408683	37	894	213	show
1369120736533	83	842	32	show
1368703001130	2	842	488	show
1372328811006	60	879	29	click
1372925419117	78	779	394	click
1373407705381	60	142	317	show
1372770335201	13	425	187	show
1370726049878	79	235	2	click
1367492272383	11	441	29	show
1372254697105	21	329	256	show
1367529654382	99	414	38	click
1371149959704	44	789	18	click
1369527184630	38	653	313	click
1372619805634	4	100	183	click
1367840254153	47	894	52	show
1367770892639	54	911	323	click
1370994219729	108	784	311	click
1374138949273	111	454	368	show
1370035351505	69	406	283	show
1369196524770	20	792	366	show
1368878745154	22	908	6	click
1371436011121	1	430	134	click
1369866108827	68	683	209	show
1368910743762	8	111	5	show
1367134231576	54	34	201	show
1369443463809	47	247	312	click
1369616856100	116	43	225	show
1366380016726	41	816	23	click
1369130152577	132	509	238	click
1369058370531	111	883	463	click
1370178507637	17	550	9	show
1372718860351	120	968	397	click
1369749124344	101	641	315	click
1370341391814	136	177	488	click
1368941020206	100	746	482	show
1373527230549	136	554	188	click
1370715666294	19	307	351	show
1368393487003	101	59	482	click
1368837658491	146	147	85	show
1367829697293	95	668	70	click
1367864598038	113	942	410	show
1371759183770	44	332	275	click
1372433439734	144	405	37	click
1372309401474	127	996	116	show
1372490863049	62	638	393	click
1371832389609	10	562	439	click
1373426181971	54	914	415	show
1372546601553	78	311	11	click
1373376288847	29	302	466	show
1373904236921	109	841	129	click
1367793090982	27	467	152	click
1370548399818	7	771	102	click
1366817962226	36	875	216	click
1373168234751	10	764	492	click
1366955910906	26	738	129	click
1367942250229	95	454	482	show
1370209006319	27	265	407	click
1368697399690	55	413	342	show
1370937445504	102	658	83	show
1373175405210	67	362	184	click
1367130739264	11	507	109	click
1368105771887	99	910	178	click
1366955107582	12	989	497	click
1373492836226	20	979	447	show
1366951308615	53	470	170	show
1372461060700	141	764	453	show
1366669712239	82	12	430	click
1372968917783	115	332	247	click
1372989182542	78	434	108	click
1369454674633	69	146	124	click
1367222357928	16	26	52	show
1370824066741	73	958	188	show
1371761432895	54	312	157	click
1368269590855	33	296	299	show
1370972055030	72	117	462	click
1368601593468	40	360	79	click
1368436913807	11	369	480	click
1367104581185	119	453	161	click
1366625217433	15	723	383	click
1372601012947	64	893	25	click
1369905697610	96	60	167	show
1367340221880	121	640	137	click
1370953271767	54	622	419	show
1368501640246	98	599	458	show
1369286879392	1	863	426	show
1371014295794	138	648	58	show
1368164806705	119	189	273	show
1369936021540	126	315	292	click
1370465454626	69	489	70	show
1367772513514	94	352	8	click
1370486928338	75	596	289	click
1367708438488	145	349	210	click
1370823916827	134	807	306	show
1371419349253	24	413	68	click
1367225673275	141	422	478	show
1371736817548	148	971	126	click
1373341938790	79	485	352	show
1366686851484	76	606	198	show
1369149968776	23	89	164	click
1370446083398	16	641	199	show
1373613998924	47	751	20	click
1372752269166	16	62	326	show
1371339397098	8	703	338	click
1367430433711	76	932	497	show
1374155420107	9	959	389	click
1373967647761	56	52	313	click
1367315427999	126	902	343	click
1373046264639	128	282	310	show
1370013065344	29	337	192	show
1367574136526	38	729	443	show
1373013549446	85	731	261	click
1370114320076	34	881	408	click
1369736908856	43	565	357	click
1371502454893	21	662	32	click
1374113242343	41	435	29	click
1368108260069	75	599	462	show
1370952867762	65	796	468	show
1371901549968	88	198	80	show
1371286292959	106	553	133	show
1373344013555	15	74	25	click
1367805747727	112	609	183	click
1368616015100	19	434	333	show
1371561758193	43	272	240	click
1371561160596	49	721	148	click
1373037337823	131	845	298	show
1373931750324	110	193	133	click
1373292332859	58	245	105	click
1368010049917	102	441	346	show
1372008888858	51	848	366	show
1371002900109	103	708	457	show
1366949735533	118	876	2	click
1371462151167	122	667	442	click
1368953111263	56	747	26	click
1371584028359	111	277	221	click
1368157503177	111	326	336	click
1369000968381	129	505	481	show
1373805871009	108	170	321	show
1373096644270	53	897	6	show
1372245959343	91	117	451	show
1367696142834	8	190	292	show
1373024147747	93	403	419	click
1367292606275	87	486	411	show
1367166802412	80	523	49	click
1374018378772	28	841	120	show
1370680719518	46	264	194	show
1371525863558	67	993	409	click
1373409580081	96	695	148	show
1368188469960	121	401	390	click
1372748473467	67	625	234	click
1372799805514	102	61	192	show
1369241827819	44	59	394	show
1368874440353	38	84	468	show
1367592575351	10	107	325	click
1368421747566	116	963	340	click
1369809640861	60	416	214	show
1370213441375	44	854	199	click
1366411903404	124	480	272	click
1371537320728	3	662	75	click
1367633152918	37	488	371	show
1370565598432	66	31	41	show
1373147179062	95	403	165	click
1370885053765	119	894	419	click
1370070267843	147	158	197	show
1374007619079	44	172	124	show
1366545863808	75	230	329	show
1370450253487	37	933	434	show
1372061080030	148	284	135	click
1372792312247	139	667	102	click
1366609193710	67	597	458	click
1368242688104	29	887	167	click
1372146984140	59	237	314	click
1371160449772	149	4	370	click
1368137772034	12	854	212	click
1373505574934	110	429	365	click
1373812099005	43	105	327	click
1368827503094	65	399	335	show
1372419676109	123	778	285	show
1371608027390	30	277	391	show
1371249522540	48	96	408	show
1370052343193	18	553	468	click
1367420899932	94	718	152	show
1373766697716	143	385	47	click
1370630733378	147	802	392	show
1371518199325	81	585	301	show
1372597401022	9	387	37	click
1367016796533	15	612	322	show
1366819040592	150	481	247	click
1366400811390	69	645	281	show
1369262986723	93	113	378	show
1370938874271	23	223	253	click
1366849614083	122	490	91	click
1369289324244	81	711	50	click
1367705929497	35	50	244	show
1373706762499	44	975	380	click
1366834269671	89	830	256	show
1369911484513	65	555	370	click
1366738588507	14	594	234	show
1368630158986	87	247	279	click
1368306548263	31	748	46	click
1368925528455	54	402	219	show
1373503069265	85	299	196	click
1368985560164	18	366	282	show
1368850360683	114	649	218	show
1373835119092	135	356	270	show
1373273175539	55	406	66	click
1372358181522	88	413	485	click
1369058898869	43	191	273	click
1367775286278	14	235	98	click
1368588882410	74	993	173	show
1369601610316	86	382	327	show
1373034167953	95	315	221	show
1372150001593	130	891	229	click
1368696039450	129	930	484	show
1369852823213	78	265	427	show
1373368216966	91	852	70	click
1367738502335	148	608	69	show
1371672914242	73	662	141	show
1371628457626	148	762	304	click
1372077929198	15	40	104	show
1369932666037	9	444	301	show
1367539781975	2	17	47	show
1366883887737	74	999	160	click
1370953951005	42	96	429	click
1370806069786	33	13	329	show
1366578008072	67	843	91	click
1373018900802	143	404	351	click
1373009848835	118	289	441	show
1374010189475	130	953	366	click
1369759988131	128	496	68	click
1374142511778	11	716	295	click
1371749470116	139	194	480	show
1373951714019	10	49	21	click
1367787634332	79	118	338	show
1371677859434	78	339	178	click
1373299614238	51	954	240	click
1368667987717	55	472	149	show
1372531303470	112	809	275	show
1369698497336	81	13	359	click
1372349832130	2	106	363	click
1366789499461	143	438	155	show
1370447200176	117	887	444	show
1374172602511	95	89	227	show
1368466778114	133	707	95	click
1366600847373	2	185	314	show
1371909548189	15	962	119	click
1371551983012	25	885	75	click
1372213151716	129	674	408	click
1370354790147	2	389	278	show
1370321755085	58	5	413	show
1373414218199	45	110	303	click
1372998712110	52	24	83	click
1371520459885	117	424	204	click
1371919899196	136	153	76	show
1369422569922	142	996	41	show
1370730130654	11	823	31	click
1371571756354	37	977	124	click
1366760377131	7	852	401	click
1372927758799	61	45	347	show
1366559603964	39	366	270	click
1371949457312	29	533	476	show
1370534190996	21	707	231	show
1371356155902	25	421	396	show
1371748204118	34	759	182	show
1366370908886	23	771	481	show
1373805184986	80	289	135	show
1369115127827	80	89	400	show
1374032685358	4	600	424	show
1367573937506	101	999	57	show
1367785232020	96	657	140	click
1371691671233	123	634	454	show
1371327026607	129	319	30	click
1372005178113	67	402	139	show
1367347285391	14	796	175	click
1368489232330	70	231	235	show
1367966964389	135	596	117	click
1368209487513	131	526	21	click
1372055043200	117	46	53	click
1373566445719	145	312	168	click
1367015305130	42	375	204	show
1368664790711	5	363	338	click
1367028006573	126	465	180	click
1371437965800	40	175	422	show
1369180437702	67	451	386	show
1373108874280	101	233	245	click
1372293777750	66	730	215	show
1370825094815	37	832	221	show
1366662004606	54	829	395	show
1373998621319	143	922	479	show
1370583347141	12	47	140	show
1369652171561	51	94	23	click
1369953370509	122	977	157	click
1368321992235	138	796	84	show
1371447426963	55	545	476	show
1370863179809	84	996	485	show
1366574362761	26	834	458	show
1372304285038	71	590	442	show
1372152103703	118	493	70	show
1366761632034	123	224	262	show
1369619403649	63	228	377	click
1372124723274	146	799	252	show
1372301058462	41	596	102	show
1370893254994	105	209	6	show
1367646013166	122	557	83	show
1374135557737	95	477	461	show
1373596350204	59	25	79	click
1369383164907	124	412	181	show
1371916901160	57	454	300	show
1368235707586	27	575	231	click
1369297158486	82	720	203	click
1373861475471	38	189	473	click
1370026780695	33	240	19	click
1369746854787	6	338	13	click
1371878200857	2	805	58	show
1366895687364	35	159	186	show
1366822462315	92	488	56	show
1369707416279	88	290	170	show
1372430264947	69	25	290	show
1369517790436	52	888	68	show
1373260502810	37	186	181	show
1372475154338	89	213	487	show
1370805880827	113	820	479	click
1371540247979	19	599	415	click
1370144893893	15	814	28	show
1372758549616	100	164	408	click
1373581438657	9	431	141	click
1368891192014	80	919	421	show
1371681443980	39	490	359	show
1371108072859	90	54	491	click
1371423450270	26	243	479	click
1371793912600	149	785	164	show
1373321709073	143	691	411	click
1372675701796	92	776	214	show
1373886966492	104	993	488	show
1373535092086	138	723	354	click
1369504986775	53	293	167	show
1372625113607	46	4	442	click
1366366915940	94	761	163	show
1367903088448	66	523	491	click
1369169446174	77	652	260	show
1371847231229	35	63	326	show
1370874830253	107	716	125	show
1370694106047	111	149	160	click
1368519092018	21	789	333	click
1370830740820	93	309	308	click
1367041075501	112	277	141	show
1369816656464	87	110	395	click
1370890927465	29	912	380	click
1370250867400	81	320	224	click
1367818223165	4	748	166	click
1370550881909	87	798	13	show
1370168174576	20	621	353	click
1368195237520	42	979	20	show
1371951074701	55	881	11	show
1370261418748	74	391	462	click
1369712676726	43	612	330	show
1366516848070	119	957	324	show
1372712243896	29	611	147	click
1369535202833	149	464	92	show
1366569172785	12	572	177	click
1373787469666	116	224	462	show
1367786595419	19	235	119	show
1373703814749	62	548	462	click
1368086877394	103	277	80	click
1370757746407	65	895	102	click
1370311347233	88	930	268	click
1369714478762	43	217	499	show
1372738693081	61	176	213	click
1371699906459	53	968	447	click
1371929895039	122	909	163	show
1368424231606	37	493	268	click
1369600460087	96	137	230	show
1373382415537	4	642	400	show
1367783978973	21	211	169	click
1366873132617	136	440	18	click
1368099545206	128	670	23	click
1368979572353	13	131	144	click
1371426497040	12	570	334	click
1370960952840	106	930	63	click
1366603693221	52	854	395	click
1369767599709	123	502	111	show
1368570099852	80	260	500	click
1371654482653	4	615	451	click
1370406596170	124	15	386	show
1368333717016	77	468	59	click
1369089042615	109	258	253	show
1371927362337	84	544	123	show
1374133975943	109	572	211	click
1374125249119	142	857	324	show
1373333708714	121	521	421	show
1372968762818	70	434	94	show
1372189644787	139	973	485	show
1371464702088	101	336	172	show
1373078087311	34	719	151	show
1368792516497	37	914	499	click
1366721893501	115	189	134	click
1366683028658	104	571	411	click
1371479052550	102	997	240	show
1368930850519	76	65	116	show
1372759616817	123	978	99	click
1368005723082	75	109	199	show
1373825751755	83	538	75	show
1367971368971	107	483	69	show
1370486162073	141	732	480	show
1372121418365	1	707	1	show
1369307061816	36	439	16	show
1373652762132	114	178	90	show
1367924081919	100	327	379	show
1373677907374	39	665	95	click
1373769287106	10	804	197	show
1373834942942	61	226	217	show
1370674091720	79	161	461	show
1373580614427	105	439	470	show
1369346365896	11	82	233	show
1370312076296	76	147	51	click
1372636619279	63	574	130	click
1371664733363	74	285	13	show
1371265197131	71	363	444	show
1366933668424	86	921	7	show
1370944680023	21	944	460	show
1371595527650	85	788	441	show
1370927700950	111	114	483	click
1367437393785	76	970	420	click
1373169300284	116	421	325	show
1371519146329	68	875	180	show
1370712541591	101	943	29	click
1370537728796	1	920	308	click
1366534246672	21	197	204	click
1373302292563	68	712	130	show
1366492251503	63	482	333	click
1370884790001	132	72	221	click
1369004387133	61	683	295	click
1373825667190	80	968	207	show
1370166054120	28	191	56	show
1370716179652	27	542	463	click
1371424823432	33	742	83	click
1367321503326	42	699	290	click
1373172801470	137	140	410	show
1370772723687	3	731	124	click
1369480136196	68	727	448	click
1367346549034	76	268	93	click
1374095836282	92	516	23	click
1368527414341	14	345	221	click
1372079865292	73	664	469	show
1369400908347	49	738	264	click
1371750419176	48	574	158	click
1374012608623	19	536	477	click
1366547710965	114	102	442	show
1370292441357	62	152	476	click
1373088459652	7	326	54	show
1367840078813	36	935	135	click
1373198594254	124	133	30	show
1369465935403	148	471	68	click
1369736687668	144	628	194	click
1371162464720	123	327	488	click
1373841147890	24	647	52	show
1373113476254	128	133	452	click
1369691656745	138	383	218	click
1367044020522	131	694	135	show
1368447300537	101	421	171	show
1370282455946	112	226	315	click
1372343768933	96	952	404	click
1370076844670	71	422	195	click
1373082156753	84	492	17	show
1371310008436	80	250	366	click
1371191565390	8	627	137	click
1372893225617	109	774	212	click
1368168766625	147	803	365	click
1369697753011	61	457	472	show
1368689407032	113	655	172	click
1371419834373	35	229	384	show
1368394539824	55	776	68	show
1369109305198	12	597	149	click
1369560078996	22	564	219	click
1372593825277	23	350	253	show
1368590426963	1	396	88	show
1368058924208	86	914	282	click
1373273469426	139	580	116	click
1369746217980	118	449	455	click
1367731146903	110	28	375	click
1374049215557	15	496	444	show
1368687260064	46	209	167	click
1371120090495	16	801	469	click
1369498941740	21	478	213	show
1367635920648	64	263	500	click
1369545179954	131	280	140	click
1373769028537	26	40	291	show
1374145391487	38	416	35	show
1371171459357	141	945	127	show
1370883650429	144	221	102	show
1369516936636	109	929	444	click
1369752108037	138	619	295	click
1373824495845	7	443	334	click
1368878701778	79	474	302	click
1370034598487	44	756	225	click
1366694359700	5	472	57	click
1370855847680	23	761	412	click
1366457599749	63	18	326	click
1371313981381	129	216	477	click
1373360655101	136	388	393	show
1373054547882	71	563	294	click
1368884769478	70	324	367	click
1374031285087	16	396	117	click
1370626667768	55	285	43	click
1366548483804	41	506	147	click
1371795683715	5	574	67	click
1372193924125	11	826	256	click
1370638888438	95	497	138	show
1372338676910	61	248	444	show
1369712871745	128	670	341	show
1373300228511	21	113	31	click
1370687765048	9	470	373	click
1373417577792	146	309	269	show
1371232204013	90	865	189	show
1368634751952	98	600	404	show
1367835090842	67	260	209	click
1367134473845	38	177	81	show
1367353403703	37	393	341	click
1373989329555	35	615	355	click
1367288358643	76	528	34	click
1367732934358	87	272	347	show
1373350846253	144	787	125	click
1370700344224	28	380	349	show
1368424395339	34	239	67	click
1374172171667	15	806	309	show
1372067234140	57	268	191	click
1368722719774	110	106	431	show
1373178618922	115	283	155	show
1371326446071	107	989	345	show
1370544498210	103	337	364	click
1370118986299	12	295	358	click
1371145894931	16	936	152	click
1371065779586	1	683	304	click
1371031518364	118	103	95	click
1369462931154	131	414	462	click
1371553947159	10	149	58	show
1372637998697	96	809	127	show
1372733380514	137	402	388	click
1372766170678	44	849	173	show
1369152538188	48	140	75	click
1368896617973	82	746	77	click
1371351715172	91	180	417	show
1368230498819	138	430	36	show
1371692667683	89	372	276	show
1368377673020	129	651	423	show
1369139674462	101	410	445	click
1369337835364	55	314	168	show
1369681253920	83	225	483	show
1368151713607	81	57	204	click
1370969596500	129	685	102	show
1372919481169	99	64	241	click
1369673395738	12	963	313	click
1369885522652	122	782	244	show
1373419185368	7	965	19	click
1367337302827	76	35	99	show
1369136333263	147	564	92	show
1370560972277	56	502	217	click
1373595663066	146	416	243	show
1370224320047	17	216	252	show
1367404622735	38	591	276	show
1367503729517	27	724	237	show
1371908098140	66	407	496	show
1370139032715	43	33	69	click
1373945061429	132	24	410	show
1370839809570	134	684	429	click
1370491867320	148	616	220	click
1369611858011	94	589	410	click
1366449776773	120	275	160	click
1368166703310	33	378	320	show
1369629228987	88	90	159	show
1372236820473	20	365	141	click
1373904872928	129	135	66	click
1366523931226	35	593	118	click
1370225068346	134	936	271	show
1372350871432	135	825	275	show
1367925458354	47	482	2	click
1369931037133	33	840	192	click
1372920367143	38	515	218	click
1370490325587	119	857	54	click
1372451603710	65	726	222	show
1371162041939	27	410	12	click
1369435940452	121	93	292	show
1368503415842	108	672	357	show
1374082871074	73	173	344	show
1370552592541	138	155	426	show
1368895297909	3	450	146	click
1369612204536	45	941	451	show
1368668911119	32	911	82	show
1371581326914	145	449	224	click
1368459468151	75	156	336	show
1369965035746	94	53	215	click
1368009224247	66	890	394	show
1367012978919	136	83	158	show
1369660386110	51	807	230	show
1372099107510	40	912	310	show
1370643503975	78	294	130	click
1368681968084	144	650	34	show
1367942224111	123	646	84	show
1367580589578	86	557	481	show
1373062631374	21	268	392	click
1372259760652	114	800	430	click
1368254917854	79	525	315	click
1373601921424	147	612	59	show
1368969540364	32	488	56	click
1367127587622	120	73	433	click
1371677837092	38	672	221	click
1368124483955	11	177	28	show
1372974927290	107	800	87	show
1367233608747	6	876	34	show
1371428607114	24	142	247	click
1369949715091	117	741	255	click
1372843530336	138	331	8	click
1369644774984	129	373	127	show
1372364589463	11	961	160	click
1368435535032	101	112	40	click
1371930810825	12	820	189	click
1369122970761	14	820	104	click
1366862327023	94	131	384	show
1368293564654	8	363	116	show
1369294500565	118	937	229	show
1371817355836	106	44	295	show
1369994198822	82	238	456	click
1369291491592	60	915	452	show
1370865877430	41	595	474	show
1370096698113	42	728	404	show
1370092605456	131	963	348	click
1374113417977	146	33	317	show
1371756576853	38	723	356	show
1368512889719	75	530	244	click
1368805078255	65	82	104	click
1370874562570	17	105	138	show
1370792264471	5	948	411	show
1368322037997	11	884	73	click
1369405374141	86	705	253	click
1373895151546	83	470	464	click
1371683774241	91	845	294	show
1369348231303	107	823	309	show
1372433279726	79	227	274	click
1369678465544	97	121	372	click
1369361558976	69	218	378	click
1367338797526	20	590	493	show
1372477937152	21	635	459	show
1372038164762	90	364	217	click
1368101109177	149	539	388	show
1370935005388	61	954	461	show
1368177454873	109	973	330	show
1373894115946	75	1000	499	click
1370381724097	81	694	263	click
1366912896969	94	604	200	click
1371523589592	65	387	458	show
1367011280029	80	561	295	show
1372672583271	88	723	391	click
1369908402809	33	384	38	click
1372243884842	120	864	206	show
1368380540452	94	830	369	click
1370600340376	97	398	283	show
1371141313289	140	61	1	click
1368187540684	137	546	422	click
1370687551084	144	781	180	show
1367871699212	47	263	278	show
1373832153112	107	810	95	click
1372480817996	136	382	223	click
1370917573489	55	964	98	click
1370627929770	65	34	339	show
1367040048077	64	505	442	show
1374096617661	113	327	32	click
1371375360335	14	316	73	show
1370951584028	45	226	136	show
1370383737514	97	817	50	show
1369573140229	91	494	443	click
1368519190017	114	88	7	click
1372672378056	131	58	160	click
1366560234831	109	632	33	show
1369694101274	41	523	1	show
1368221591796	107	130	329	show
1367186267283	72	61	390	click
1371657221754	38	65	56	show
1367322956748	62	435	297	click
1369238355842	149	389	296	click
1369871003866	89	857	339	show
1368149682147	141	485	297	click
1371974277221	70	609	109	show
1373155233383	50	116	446	click
1371082581832	34	359	50	click
1371523462273	88	368	98	show
1372857444766	41	188	428	click
1367976121926	21	915	410	click
1370860325863	134	747	482	click
1368955715160	17	473	442	show
1371092558557	146	18	47	show
1367732228021	121	921	288	show
1366628600610	4	548	351	show
1366347331541	105	294	220	click
1373941895310	43	198	304	show
1374092785986	134	475	311	click
1368972436633	59	236	130	show
1367341032350	132	886	93	show
1371093900259	138	398	243	click
1372606812663	72	852	279	show
1373620615227	37	205	442	show
1368296667882	104	761	389	click
1373010713423	21	694	137	click
1366838547031	41	909	24	show
1370299190045	68	731	449	show
1368811271718	90	481	395	click
1368395313083	107	743	125	click
1370424411820	145	184	444	click
1368654344493	101	132	107	show
1367713375971	5	839	378	show
1368961134739	88	290	467	show
1370035958418	40	674	331	show
1366807257415	92	325	118	show
1370292949320	141	380	378	click
1368330399135	132	87	155	click
1371444816300	118	452	371	show
1372062647648	37	888	348	click
1372384605162	123	655	179	click
1368227800747	148	426	209	click
1368110903428	101	379	1	click
1369127248395	47	617	346	show
1372222503236	55	964	293	show
1366629284715	62	644	230	show
1372599711445	124	937	367	show
1371029493727	11	542	297	show
1368500934225	64	174	13	click
1367817179818	54	285	43	show
1370520839166	27	318	399	show
1369422352467	145	295	7	show
1368764065942	118	249	384	show
1369959370438	8	253	444	show
1368780557705	11	101	38	show
1366853615341	114	374	278	click
1367894024251	80	104	1	show
1371784643520	3	231	12	show
1369737143602	17	964	41	click
1367461249435	84	469	472	click
1372239808208	14	883	342	show
1371796712420	92	405	97	show
1369981512134	129	281	416	click
1373446887878	103	585	436	click
1372304733679	133	933	366	click
1372586346063	43	772	455	show
1373804306924	103	884	95	click
1373416219362	62	469	25	click
1372315991205	6	739	187	click
1367004606772	14	703	309	click
1373498385862	32	315	127	click
1374191399042	3	941	61	show
1367423225697	93	545	160	click
1371585305171	135	627	105	show
1370077753379	42	340	77	click
1369087861260	93	533	222	show
1366413593895	77	273	432	click
1370674469892	123	624	261	click
1373461345724	2	119	146	click
1371625332959	33	545	438	click
1369837897825	17	757	498	click
1366355203272	136	697	264	click
1371429704055	33	219	474	click
1369057388744	66	777	150	show
1374199070413	16	236	350	show
1371281206665	44	163	36	click
1369387943591	71	608	287	click
1370905269648	13	766	468	show
1367551603335	74	308	313	show
1366382514608	50	400	4	show
1368417835246	75	313	345	show
1370917331358	24	85	321	show
1373757907082	29	102	63	show
1371009986627	73	40	399	show
1371857318863	150	153	66	click
1372570735408	74	359	203	click
1371663665408	41	274	492	click
1370181364100	61	373	122	click
1370298426075	102	310	254	show
1373942744133	143	421	67	show
1370789182931	144	672	255	show
1367186429411	5	770	6	show
1372033689674	13	305	174	click
1368432077286	138	897	255	show
1373490481273	28	476	408	show
1366613834896	29	338	169	click
1368924266353	22	251	29	click
1373838821841	123	576	126	show
1370718855822	64	548	447	click
1371597177160	9	981	157	click
1368673939555	7	201	474	click
1368214589064	53	419	412	show
1367881918273	43	429	211	show
1370083696693	83	505	29	show
1371363310842	124	439	332	show
1368537888418	121	326	391	show
1368020028645	33	396	67	show
1370703849410	43	113	411	click
1369522869288	6	148	406	show
1373635681581	20	445	52	show
1370954356316	140	643	262	show
1370319338740	103	730	253	show
1368910436377	71	549	463	show
1368059488663	6	519	388	click
1371373040418	143	759	40	click
1369108520820	40	493	400	click
1369981506020	109	74	116	show
1368521063778	119	746	2	show
1371857336245	103	309	38	click
1372236379808	52	771	179	click
1370626358128	76	602	377	show
1367414764785	122	55	341	show
1366602092706	47	554	125	show
1369479194044	1	954	1	show
1366627218667	125	499	500	show
1373112740108	87	63	261	click
1371363633696	63	471	187	click
1372793313196	109	365	81	show
1371535137137	87	652	118	show
1371769412432	42	522	337	show
1367748074376	94	331	219	click
1373028100573	7	800	346	show
1366950770816	50	572	57	show
1373960739680	35	999	159	show
1367698843432	36	259	255	click
1371508704478	105	451	314	click
1368026131144	113	267	89	show
1371292149717	12	210	148	show
1369781057429	15	32	490	click
1368220730051	43	588	2	click
1366585452891	149	344	437	show
1366549009608	96	121	355	click
1370855114547	86	12	381	click
1368523763157	25	877	168	click
1370854524150	20	358	108	click
1370208201433	56	548	204	click
1371900829206	19	847	305	click
1372438157535	144	953	257	show
1372075905636	136	101	270	click
1370387236536	55	52	74	click
1370995218623	106	563	237	click
1368404961030	102	454	316	click
1370959603585	12	704	231	click
1372515879650	22	418	160	click
1370165060865	117	632	266	show
1370084403787	80	756	324	click
1370603253942	56	226	108	click
1371489031132	101	72	368	click
1368069653773	96	817	343	click
1370499860292	52	322	381	show
1366421290344	131	636	224	show
1366717989949	74	14	35	click
1367046653897	77	504	300	click
1370698052314	132	245	191	click
1372233781875	42	430	357	click
1369596737553	148	277	460	click
1369843241650	41	834	203	show
1373186372822	134	168	36	show
1369873424215	121	869	252	click
1366485341306	128	41	345	show
1368414826870	142	595	364	click
1369000066188	58	876	187	click
1371034858466	103	608	214	show
1372055373384	143	666	498	show
1373228736680	2	773	16	show
1373852108535	88	561	330	click
1370146725012	86	725	392	click
1371697025676	89	380	425	click
1372420382533	19	424	221	click
1371580394673	150	851	443	show
1371803681385	97	357	168	show
1372719888105	26	391	291	show
1370709143714	90	41	325	click
1368133192248	27	516	43	click
1371449256798	100	79	354	show
1367279454637	128	164	348	click
1373257161331	26	168	479	click
1368359574048	97	817	412	show
1366622852027	107	207	25	show
1369284752913	141	19	112	show
1369769157135	146	306	142	show
1368146243667	16	300	410	show
1372794577818	22	454	85	show
1371533222753	138	891	407	click
1373984823248	37	665	330	click
1368638895145	92	109	293	show
1367897376589	78	192	158	click
1369250989491	9	878	37	show
1367606096554	115	542	10	show
1371017844920	24	887	215	click
1373163058099	55	127	239	show
1371896048330	104	942	214	show
1369507037079	143	953	432	click
1367377107948	33	306	285	click
1373199020343	30	691	239	click
1373934044597	5	9	350	click
1369052318461	144	149	28	click
1372947109420	149	43	491	click
1372905791441	63	136	230	click
1371240910083	114	366	184	show
1372025282975	108	789	145	show
1373996213606	77	57	151	click
1372365965784	45	129	314	show
1372005725069	37	572	7	show
1373091266415	46	446	248	show
1369610368076	110	188	74	show
1368418877079	20	270	304	click
1368596347561	85	1000	334	click
1372745972149	44	937	353	click
1373129727122	47	881	309	click
1370444933472	92	269	391	show
1371673527428	126	366	110	click
1370224981306	38	26	105	show
1368994031030	130	97	375	show
1367445054442	84	910	457	show
1372391117614	53	41	71	show
1366611352169	107	645	309	show
1368833568659	54	230	385	show
1369617368446	132	682	315	show
1367392052279	125	168	411	click
1370745366565	88	898	123	click
1367628407110	14	294	366	click
1368419382602	95	56	332	show
1366777670148	106	349	337	click
1366399414135	35	483	464	show
1369508968348	137	859	90	click
1368981460525	91	271	448	click
1373099326618	28	601	490	click
1367678738355	13	985	16	click
1371145428011	9	348	90	click
1367230013692	40	546	420	show
1367376456940	9	74	355	click
1372815879520	65	298	343	click
1368278333143	132	808	29	click
1370487420982	135	235	287	show
1373268104624	3	831	298	click
1372666531809	139	841	457	click
1373600820202	26	176	443	show
1372071020938	7	305	131	click
1370389238686	142	42	462	show
1370453286007	6	244	53	show
1367515780610	73	643	256	show
1368401789450	65	574	460	click
1372212475979	24	334	127	click
1372935105861	18	623	295	show
1368091556625	46	803	204	show
1371152452195	148	42	324	show
1371334470545	47	100	489	click
1369850216896	76	960	307	show
1370636157884	38	40	71	show
1367510261352	106	479	183	show
1373514554918	102	776	431	show
1373290121355	117	68	41	click
1367873945041	112	83	221	click
1367999071685	50	267	216	click
1366672434807	105	503	102	click
1369792986226	52	696	39	click
1369671458001	44	838	114	click
1369938994546	21	964	423	show
1374026352464	30	725	430	show
1368461350872	123	749	11	show
1367691021884	95	871	162	show
1373593514222	2	22	83	click
1367991259110	40	471	147	click
1371851350017	15	795	243	show
1368867098084	116	927	275	show
1373466701283	97	260	31	click
1374028493984	131	326	160	click
1369039205330	73	701	381	show
1371314455869	130	397	220	show
1369972053895	94	809	210	show
1369101899814	35	148	178	click
1367056284340	43	184	378	click
1372279556234	38	123	266	click
1372121502150	54	213	86	click
1369985728879	125	556	64	click
1369944919144	46	785	173	click
1368097082041	105	454	388	click
1368729088168	136	665	307	click
1366899721482	6	870	8	show
1370601305498	75	202	43	show
1367066203504	42	697	340	show
1368229783505	72	611	213	show
1367482962774	120	436	277	show
1368949859238	39	393	157	click
1367383536406	31	683	203	show
1373124258172	138	75	13	show
1373297052640	58	408	139	show
1371335064251	74	928	167	show
1369649429520	99	183	94	click
1374163599132	3	241	44	click
1370443533230	78	217	199	show
1367434387381	59	513	489	show
1370060070963	71	978	99	click
1373324205190	69	240	369	click
1373715586343	99	815	54	show
1372376714979	142	385	235	show
1366832357028	70	47	410	show
1369192795941	75	738	124	show
1371317203561	35	999	409	show
1367648870236	116	333	330	click
1374040825088	72	612	130	show
1371686272430	78	656	102	show
1367533205275	132	568	387	click
1371604636712	3	359	76	click
1372979223449	61	911	261	click
1371939137016	73	446	454	click
1370721862149	22	766	496	show
1371720991226	98	751	83	show
1372520991272	88	880	203	click
1367212722945	91	563	196	click
1369209869301	46	854	9	click
1367740611374	92	933	484	show
1367154481092	117	531	55	show
1371623874472	1	738	489	show
1367367841429	137	126	146	show
1367577785750	76	521	8	show
1367564642012	142	388	74	show
1373429416327	33	610	388	click
1373701263801	131	758	204	click
1374014260383	44	12	226	show
1372751110239	61	642	244	click
1366410960261	46	251	223	click
1372534736621	107	667	450	show
1368612963168	103	297	41	click
1373792465419	14	800	461	show
1367199010717	43	161	183	click
1370028275760	71	505	473	click
1368496996520	121	986	470	show
1369904616577	137	240	450	click
1367918406257	33	782	291	show
1371240878781	67	942	446	show
1367238670883	28	953	6	click
1371527763645	37	877	298	click
1369931700565	68	222	146	click
1367285173568	18	576	355	show
1366607795747	79	11	13	click
1366737138453	39	811	263	show
1373063297710	1	415	308	click
1373918238870	136	985	163	click
1371999723254	97	413	139	show
1372662916021	3	615	442	show
1367829186783	69	153	419	show
1373449098658	26	298	170	click
1369593192052	26	670	488	click
1373012020968	99	157	383	show
1370467266270	78	36	221	show
1373777449682	42	634	25	click
1369264697871	100	682	222	show
1373909997294	89	105	401	show
1373832308530	3	250	374	click
1369701683294	6	331	325	click
1372996387254	101	201	481	click
1367887895635	99	464	23	show
1371432249795	9	701	257	show
1370102682216	57	298	440	click
1372481316479	74	157	2	click
1369248761066	129	126	151	show
1373715691342	143	585	239	click
1373730931927	19	711	393	show
1367114687021	17	841	233	click
1369331027763	117	540	308	show
1367451535056	86	8	423	show
1367299957305	101	175	354	show
1370583190654	37	988	479	show
1373851828140	91	968	484	click
1372655717296	11	917	200	click
1368459693861	75	529	327	show
1373693001087	69	434	280	click
1368759198019	108	14	195	click
1370917229313	56	179	288	show
1367025978097	12	384	490	click
1368493069247	92	937	238	click
1367861455433	53	14	128	show
1371733998974	23	847	73	show
1370307653153	7	346	277	click
1370380091986	89	821	445	click
1369291857711	118	414	154	click
1371194108918	15	725	477	show
1372336908485	41	171	349	click
1371775139442	114	121	423	show
1368560986425	50	209	105	click
1367213911054	19	97	380	click
1371769189773	93	977	307	show
1372943879143	82	98	423	show
1369991321789	23	687	434	show
1370851474820	122	692	21	click
1372524016782	148	151	495	show
1373910959521	10	450	429	click
1371439121570	148	473	490	click
1373881218046	46	720	160	show
1368314571762	127	672	370	show
1368331774303	132	779	273	click
1372297113448	71	838	151	show
1366533935829	67	632	46	click
1370381701731	72	362	39	show
1366756720809	118	36	434	show
1371055687238	64	870	171	show
1366935548209	120	464	83	show
1369681430343	94	381	482	click
1373479358296	39	52	411	click
1371248313514	144	23	234	click
1372189517720	101	967	253	click
1367766580852	64	18	364	click
1369989066361	92	509	404	show
1371459470662	25	325	70	show
1373451805019	148	963	289	show
1371885572302	96	246	60	click
1370418881368	11	449	418	click
1366986116830	71	784	52	click
1367895560901	17	846	472	click
1368575150432	21	836	462	click
1368860097447	54	467	441	show
1372883070055	54	981	321	show
1373389762910	106	538	38	click
1367763674828	80	906	127	click
1373578100511	40	192	266	show
1370377670025	106	64	68	show
1372996722527	69	925	252	click
1367845834572	29	243	217	click
1368034772257	65	120	47	click
1370918035775	91	398	466	show
1369067394954	94	768	342	show
1369083930716	21	741	423	click
1367640327390	73	415	465	click
1373354331476	143	701	276	show
1371662365700	78	745	92	show
1366390747832	71	662	467	show
1367286784323	143	706	112	click
1373617188096	18	980	370	click
1370693842316	29	816	267	click
1369979675946	104	484	440	click
1367033795200	46	946	358	show
1367531812360	133	746	174	show
1372537085955	76	232	174	click
1368549621381	79	393	216	show
1367435579320	34	960	469	show
1371970678527	119	55	461	show
1370885421647	50	917	294	show
1369943343494	62	366	481	click
1372052557256	4	195	132	click
1373640980465	141	890	89	show
1373821232946	78	268	376	show
1366979842001	113	151	384	show
1368840725787	104	433	417	show
1369227652546	59	775	115	click
1372599069629	72	610	280	click
1367985438609	37	544	334	show
1372586330794	109	527	253	click
1372741185285	71	441	347	show
1367293833059	70	317	361	show
1374083047262	8	598	477	click
1369733747681	134	491	425	show
1372938709468	79	552	234	show
1371111150629	81	324	269	show
1370543006821	62	327	245	show
1367371974141	24	472	214	show
1368911144975	3	333	61	show
1371291770174	40	314	144	click
1368790964745	18	498	473	show
1372142533330	30	814	383	click
1371941003297	29	837	171	show
1368683035644	148	375	412	click
1371369809671	5	485	14	show
1370422430488	37	582	368	show
1374003501910	8	235	453	click
1371171770015	141	713	465	show
1373365425250	84	778	474	click
1371916318995	75	955	425	click
1373440104860	107	953	471	show
1366756702037	44	246	88	show
1369877866528	96	597	486	click
1374006688735	62	463	16	show
1373806170650	85	492	339	click
1368499641753	86	976	129	click
1369371302034	37	481	155	click
1369020139086	66	458	247	click
1372757875289	96	43	300	show
1373513183159	119	223	289	show
1372709804022	68	841	253	show
1367424367916	27	362	360	click
1367751382770	120	778	271	show
1371756045135	31	10	48	show
1367264590823	65	861	1	show
1368701357896	115	328	27	click
1366765552014	96	782	215	show
1371011949720	96	963	74	click
1370255023271	69	506	373	click
1370218312420	56	821	252	show
1373535474387	89	672	224	click
1374017805364	1	516	350	click
1373585367483	41	517	114	click
1367167788646	124	582	163	click
1370870937379	33	361	396	show
1373533493312	128	606	406	show
1367556400153	23	869	157	click
1371251002585	93	315	165	click
1369660356665	8	203	430	click
1368076466041	80	486	471	click
1373369762004	108	802	11	show
1372506588813	58	737	384	click
1370517785469	111	960	75	click
1367865189852	34	551	127	show
1372345171387	111	884	216	show
1366901726801	76	239	182	show
1371317898478	61	154	280	click
1370642620368	31	580	316	show
1372110286154	147	142	322	show
1371318610228	138	259	315	show
1372762562016	138	241	86	show
1367995592891	2	488	271	show
1372595621677	119	844	165	click
1370380472568	8	213	314	click
1368813034825	34	637	61	show
1367905815562	13	39	468	click
1371311689896	28	983	497	click
1366769718794	23	676	193	click
1368246236184	13	31	354	click
1366754945757	11	136	365	show
1369279301542	11	490	216	click
1370835095069	52	805	424	show
1373701710542	114	858	461	click
1373600775799	7	395	342	show
1369620810936	119	648	313	click
1370475686964	87	607	267	show
1374073492257	104	599	465	show
1373572519433	15	839	350	click
1368140887780	109	777	303	show
1368220371092	141	172	237	show
1367124775336	52	973	185	show
1371781235562	99	590	485	show
1372175604436	53	463	413	show
1373757233132	133	901	480	click
1370817607009	82	324	181	show
1368003747839	66	43	37	show
1370720949433	128	753	213	click
1372928843140	143	876	470	click
1367246804280	53	651	29	click
1371571592433	148	374	314	click
1372466060638	99	361	435	click
1370026577320	22	828	247	show
1366822073236	78	523	238	show
1366426397717	120	887	166	show
1373834776227	108	669	181	show
1372712717907	112	300	165	click
1366568026210	83	650	495	click
1368478693893	60	467	480	click
1367590524492	65	691	429	click
1373137822128	46	939	239	show
1368333735493	58	869	153	show
1374094648792	10	993	187	click
1373444788604	18	60	55	click
1372685294671	7	198	393	click
1369908988626	5	959	376	click
1372624425642	91	74	153	show
1370442737944	31	72	219	click
1371727636803	79	794	455	show
1368351534557	93	910	418	click
1371106619434	19	33	387	click
1367716384719	3	887	107	click
1368063340664	88	61	121	click
1372633016541	53	253	474	click
1371255819302	133	945	40	show
1366943203531	15	247	280	show
1371524829290	124	467	414	show
1372698068042	56	711	259	show
1373252230437	129	351	425	click
1373793649684	47	592	241	click
1373332954273	37	705	433	show
1373093961009	91	190	176	click
1367823177696	29	609	60	show
1373356171702	148	702	58	show
1367240772701	143	498	342	click
1371936163446	18	78	2	show
1369700089786	75	234	395	click
1367005810427	94	435	381	click
1367065383945	5	471	452	click
1373307777501	150	756	25	show
1366963874356	73	768	64	show
1370346716728	43	80	36	click
1366700046361	85	853	130	show
1368246795837	43	438	86	show
1366990819013	145	368	436	show
1366677311794	80	29	225	show
1369752615475	49	39	24	show
1374162599771	84	6	277	click
1367074020661	40	285	178	show
1368837661124	114	586	170	click
1371154346836	40	786	362	show
1374034951563	34	877	301	show
1366610625399	28	99	52	click
1370030554737	68	744	301	show
1369878281626	16	365	266	click
1373321007986	46	665	325	show
1366706023869	70	654	130	click
1372186342688	29	675	69	show
1371783144862	11	409	391	click
1372827112792	28	40	107	click
1368957784061	149	27	87	show
1371410456783	133	309	314	show
1373043206939	68	175	196	click
1368848915054	85	395	371	click
1374003811403	141	198	412	show
1371301190730	50	508	348	click
1372233362481	46	624	17	click
1373247804172	57	632	28	click
1369949149357	36	889	158	click
1373018002499	90	8	472	click
1371340751960	146	511	355	click
1372242420025	29	68	75	click
1367615214261	142	737	299	show
1370528448175	7	343	224	click
1367822181696	31	527	151	show
1369443893678	137	161	300	show
1370816922791	16	12	426	show
1371272906514	68	503	492	click
1369890385304	63	127	478	click
1373642046596	39	847	230	show
1366838524003	25	843	139	click
1367770170084	79	315	22	show
1371598211754	93	810	222	click
1373893484638	107	386	273	click
1372565326692	52	330	108	show
1372632676060	88	178	182	show
1368233804097	83	995	371	click
1369467411212	51	13	228	click
1367572748531	134	467	171	click
1373624028939	35	851	341	show
1371640803634	87	839	71	show
1372407159670	25	631	128	show
1371675408391	123	421	326	show
1368517035138	80	857	49	click
1372781618513	121	502	399	show
1367298170280	15	147	211	show
1369643882883	31	645	34	show
1372438775215	20	125	41	show
1372160027559	89	353	184	show
1371240828482	71	148	280	show
1370600648681	21	881	405	show
1369424877352	64	331	358	click
1373793004587	117	44	90	click
1369817430541	131	122	255	show
1367905080250	72	658	245	click
1372362818339	138	268	446	click
1373604495380	35	200	319	show
1367094494833	18	734	48	show
1370648639963	20	400	421	show
1371755046618	97	389	388	show
1370788787245	115	410	241	show
1372665386831	107	738	465	click
1374092618670	36	251	309	show
1372046947720	119	659	173	show
1370681105265	38	858	276	click
1371662491436	121	481	328	show
1368422626839	72	349	30	show
1369366597377	1	954	261	show
1367448933824	53	867	416	click
1368800690022	66	852	456	show
1368637237994	37	443	475	click
1372627100759	119	35	124	click
1371520178406	141	261	297	click
1369880756129	93	288	311	click
1371925407301	124	494	345	show
1370454379898	106	149	345	show
1367223160807	65	386	299	click
1368822698829	135	237	170	click
1372510389771	112	910	120	click
1373705591523	102	899	122	click
1366736458091	80	884	316	click
1373049693034	55	736	176	show
1367839398721	96	446	269	click
1368902853039	85	850	31	show
1366892566336	124	937	285	show
1370391397355	91	90	338	show
1374120704691	84	213	459	click
1371758586405	117	403	171	click
1373081106370	73	85	408	click
1370009651128	2	686	275	show
1367661655003	145	761	341	click
1373778706633	40	603	420	show
1368449782795	144	261	28	click
1369181954142	36	298	498	click
1370189621015	107	107	397	click
1370260029601	46	586	464	click
1370778473483	37	586	463	click
1371791356871	22	895	174	click
1371856982787	120	439	302	click
1371398521491	55	304	423	show
1368939387493	15	445	373	click
1373685993031	123	406	355	click
1373010533719	140	568	66	click
1370694038864	18	385	71	show
1372589047622	12	157	334	click
1367558683848	68	713	451	click
1370956016491	101	877	424	click
1372113256572	2	353	178	show
1368113192424	63	237	334	show
1366920621474	102	132	297	show
1373662923380	11	599	459	click
1371753061854	73	651	128	click
1373451680846	54	722	414	click
1372467070063	56	464	195	click
1368355056557	35	948	357	click
1367418319247	36	25	12	click
1366351670953	22	845	301	show
1368505753641	2	282	374	show
1373889060890	130	926	93	click
1367907682828	31	16	257	click
1374055853618	28	372	494	click
1373183036654	49	288	309	show
1370750930856	143	661	72	show
1369138007860	18	801	447	show
1372239753840	63	372	254	show
1373843988771	47	110	442	show
1371613750922	28	820	186	click
1366890382292	141	398	63	show
1369196729207	15	369	474	show
1367563056548	76	175	449	show
1371902539344	49	455	424	show
1371586323269	32	817	285	show
1367623530644	66	913	117	click
1369261511292	123	746	385	show
1371035094561	59	286	377	click
1367667619127	137	238	353	click
1369687854994	37	478	371	show
1370349454577	110	867	117	show
1366370251894	11	435	421	show
1367115878906	96	526	197	click
1372915596353	84	335	228	show
1370640853252	87	519	105	click
1371509643798	59	846	143	click
1366708034825	100	887	93	show
1373439407888	89	985	441	show
1373778886032	29	557	413	click
1368667449759	103	478	454	show
1371154129850	118	194	196	show
1371060634789	21	39	483	show
1372252622630	31	432	397	show
1370671207694	134	678	59	show
1373347268803	94	5	331	click
1371651062248	2	638	120	click
1370170598426	115	920	283	click
1367100430909	50	497	148	click
1370032837366	50	129	274	show
1368944827332	120	693	486	show
1373324588953	53	702	66	click
1367289565560	1	704	419	click
1373059759382	90	425	455	click
1368178382337	125	868	208	click
1370577537447	135	107	293	click
1370790664027	62	12	293	show
1370790718225	69	193	149	click
1373885838058	139	546	392	click
1369543899090	83	875	435	show
1373082303999	93	216	298	click
1367848717267	115	534	56	show
1367254584900	114	895	317	click
1372327186103	132	738	54	show
1371067968129	93	719	212	click
1368479005263	71	316	16	show
1373425881801	26	766	245	click
1373304025882	18	745	483	show
1370598671794	37	237	171	show
1371758614080	39	86	114	show
1372825814558	95	324	391	show
1366360509395	119	726	258	click
1373003173383	89	161	34	click
1367088012701	7	128	227	show
1372282190925	130	81	113	click
1367836121110	99	607	48	click
1367956244550	38	688	211	click
1366620915591	149	280	166	show
1373598277999	148	597	3	click
1370196597778	31	438	284	click
1367674464782	61	904	232	show
1372834266243	59	653	32	click
1367400317494	27	430	15	show
1372212071406	105	10	319	click
1372260358056	43	384	214	show
1368548819099	81	890	122	click
1366457711179	5	983	275	click
1371482060114	8	945	361	show
1367644617356	133	246	243	show
1373308212336	85	174	322	show
1371794402494	99	702	99	click
1373499604191	124	719	471	show
1371538469946	15	570	65	show
1370865632539	106	322	106	click
1373540928553	5	825	245	click
1372291095918	147	67	131	show
1367795402732	133	268	130	click
1369647739623	24	598	187	show
1368237367508	8	282	59	click
1371909863797	47	629	297	show
1368014479519	82	650	133	click
1374012418863	137	200	159	show
1368395602476	32	804	299	show
1370852006825	27	254	459	show
1371146244289	34	920	379	click
1374061603464	117	591	211	show
1372138673972	76	167	271	click
1368824774106	27	924	153	click
1369156830434	11	419	189	show
1370266795035	20	554	148	click
1373580087174	94	720	395	show
1366906386171	33	87	464	show
1370130927689	65	713	428	click
1372598051937	51	219	254	click
1373557862867	25	301	473	show
1372407521379	108	898	338	click
1373405457255	40	142	415	show
1367792633196	53	631	156	click
1373551287319	63	501	191	click
1373140710215	90	453	149	click
1372322849304	83	388	75	show
1368222206413	129	270	47	show
1372058559049	105	135	449	click
1373887868126	101	67	113	click
1371548327682	26	442	302	click
1371399687921	125	984	96	click
1370344330124	98	206	165	show
1369664043470	65	531	294	click
1369553803576	94	400	442	show
1366567916484	20	308	269	click
1368892626645	88	262	79	show
1367520338956	51	315	89	click
1369756282519	20	167	298	show
1372638611590	62	562	150	show
1367530639783	45	614	321	click
1372444257799	2	740	416	click
1367461087801	76	278	296	show
1366609762720	51	558	392	show
1371224493249	114	704	449	click
1369398311392	90	259	107	click
1370263019853	13	563	190	click
1367515940745	124	617	215	click
1368366656089	102	768	150	click
1372982209509	5	247	120	show
1373320090234	96	695	17	click
1369911955569	122	763	141	show
1368266417798	137	139	247	click
1367750089857	117	649	302	show
1371520154189	139	322	485	click
1371319036090	109	292	71	click
1367512385144	107	950	44	click
1369632756938	1	163	141	click
1366888170541	22	721	342	click
1372235833308	105	444	84	click
1367781869374	145	803	393	click
1368396460102	147	158	111	click
1371691077274	8	456	232	show
1367953327864	98	989	306	show
1371987864632	82	575	112	show
1369756904274	13	730	35	click
1373521342741	46	675	165	click
1367611206404	4	676	28	show
1373522943307	56	973	377	click
1372174495386	75	350	178	show
1366540912168	104	869	434	show
1372350310482	135	535	410	click
1367360462987	29	744	130	click
1368433548151	90	296	73	show
1367779996267	39	129	482	show
1370359922952	80	89	277	click
1372453083001	136	714	338	click
1367354407868	22	382	357	show
1369272811755	30	287	402	show
1368761942999	32	32	30	click
1370446875805	111	658	351	show
1368451533454	25	916	376	click
1367414638414	104	301	94	show
1369683523376	123	670	126	show
1367758485404	11	292	212	click
1369428207797	4	995	280	click
1374089553222	9	487	186	show
1367519719272	83	126	393	click
1367767330294	30	461	300	show
1369960478927	18	623	294	click
1368413472037	54	756	3	click
1366362670133	131	411	131	show
1367190577462	98	749	130	show
1372171277529	72	707	376	show
1372978401250	78	7	158	click
1371063958069	124	422	80	show
1368094131478	108	781	4	click
1369624671650	124	319	165	show
1369748582676	13	173	73	click
1366553568800	99	117	377	show
1371199765198	137	865	31	click
1368111912484	3	542	331	show
1373489770699	97	502	257	click
1369463783192	14	957	435	click
1372777854261	25	781	171	show
1369460698375	66	787	212	click
1369580157081	36	331	226	click
1373800359429	34	576	181	click
1371096609568	66	132	53	click
1368749337805	41	942	147	click
1368459880186	90	585	181	click
1372312529044	50	286	388	click
1373565747034	86	102	241	click
1367087327539	60	821	335	click
1369653842564	113	482	249	show
1372203295634	68	872	120	show
1373205196250	40	899	5	show
1371829658748	141	368	478	click
1368969341951	111	412	158	show
1366540689347	32	301	191	click
1371213807701	18	343	422	click
1373367652755	106	653	439	show
1371224058176	28	736	292	show
1366779711310	81	317	284	show
1373595104369	126	509	58	show
1367262510750	126	807	487	show
1372004708115	59	749	402	click
1372604530778	101	496	374	click
1372675679087	74	780	256	click
1372405386266	83	529	461	click
1367904632747	33	992	389	show
1373124358692	75	767	4	show
1369318744380	80	858	237	show
1369248098681	41	972	58	show
1368869810355	56	493	174	show
1367307389468	146	985	421	click
1366797737500	8	535	302	click
1372752109632	72	397	33	click
1368524850023	20	878	100	show
1371820604942	86	687	267	show
1368099904211	21	769	23	click
1368955160358	16	611	361	show
1373981350788	13	706	493	show
1368791270770	88	672	400	show
1373069428218	69	840	259	show
1372246639007	74	499	449	click
1371952075296	80	748	494	click
1371924363373	27	773	419	show
1367227579271	81	184	157	click
1366998070513	7	826	473	show
1367521603840	4	845	415	click
1368198254538	6	478	65	show
1367877763055	60	510	113	show
1367925877361	111	890	387	click
1369881524421	15	59	81	show
1366862518520	44	299	434	click
1367009527663	89	426	183	click
1372097252852	92	339	168	click
1367954303557	79	797	65	click
1370071434902	36	835	470	show
1373047862657	123	780	453	click
1373551726314	83	891	129	show
1373706106274	24	121	465	show
1371689419448	75	157	56	show
1366829524661	109	632	209	show
1367441037477	33	228	269	click
1366985094591	45	5	296	show
1374172596823	98	435	17	click
1366855709464	148	649	408	click
1368354411351	91	926	250	show
1370520346513	114	980	247	click
1368877619820	124	197	211	click
1372356840357	5	250	246	click
1374016442251	36	526	459	click
1371960974889	76	183	109	show
1369920650770	50	702	17	show
1373557157834	26	798	89	click
1367849855363	80	647	321	show
1366376240701	4	375	271	click
1373937731892	139	976	301	click
1370789420715	40	698	250	show
1370167361379	110	836	381	show
1371813283677	74	820	76	click
1369943969020	107	36	496	click
1367870898954	4	530	442	click
1373642714343	83	430	155	show
1373764651759	103	927	466	show
1373949837960	124	246	453	show
1373630870685	130	730	382	click
1371322108634	86	607	330	show
1372415540236	17	104	148	show
1366401954596	60	137	61	show
1370514251408	126	112	6	click
1368644679100	91	33	353	show
1371429822444	107	59	354	click
1374173104560	26	269	424	show
1370777946981	135	477	358	click
1367641414835	114	219	36	show
1368531841240	72	756	294	click
1372618444209	111	152	91	click
1368189976705	17	955	375	click
1367062833705	14	659	27	show
1372519161315	11	247	50	click
1372818240222	27	359	423	show
1366483640766	133	403	358	click
1373254506969	125	489	480	show
1371825566744	5	581	470	show
1371234162084	7	632	273	click
1373075730756	78	544	443	show
1368296967889	56	488	16	click
1374077100914	135	220	266	click
1369343816813	45	825	177	click
1372472124334	70	490	341	show
1368822117596	122	496	107	click
1369441531796	14	393	86	click
1371558574068	46	988	28	click
1367345099120	7	379	205	show
1368005731819	141	414	203	click
1366359186810	54	269	7	click
1371617197947	18	840	89	click
1371162307249	60	80	269	show
1373960678678	38	105	312	show
1366816810449	132	200	494	show
1368204951634	144	826	161	show
1368651569820	39	416	36	click
1371215755593	38	824	470	show
1369978967263	149	951	394	show
1366823657425	29	729	202	show
1371313360294	32	140	45	show
1367229791597	47	838	432	click
1369617634456	43	318	430	click
1372013250601	86	943	231	show
1369432292565	99	141	105	click
1371376724300	8	433	103	click
1373573440912	118	473	367	show
1367742142886	94	810	49	click
1369012466170	148	817	204	click
1368779793967	117	403	49	show
1368920334592	61	763	210	show
1370727822972	143	645	50	show
1367699937007	87	927	153	show
1373212081901	67	1000	353	click
1372167350552	53	707	371	show
1373582821883	23	673	133	click
1370749112387	42	210	326	show
1369278813594	83	195	323	click
1372792628788	106	527	254	click
1373229160780	131	994	288	click
1371669304789	129	138	279	show
1372398198269	77	810	404	show
1368979182651	30	812	344	show
1367887845825	108	640	114	show
1371018036753	136	485	319	show
1372883707873	14	731	134	click
1367168755998	124	626	201	show
1366805511409	82	10	16	show
1370519091221	33	240	469	click
1372688136719	68	445	31	show
1372735438345	69	694	253	click
1371548308623	118	891	170	show
1367108067902	26	984	274	click
1372138235611	116	758	80	show
1372301826402	110	397	70	click
1373099770911	145	857	353	click
1367800167067	84	541	151	show
1367709147471	7	914	236	show
1367903899212	28	505	403	click
1370500220166	85	262	80	show
1374084938439	12	683	107	click
1368200768456	42	53	107	click
1369456053912	49	644	434	show
1372330292687	149	569	454	show
1367634336157	54	910	358	click
1372722370550	72	499	75	click
1368668117907	2	555	387	click
1371788631340	90	536	339	click
1367631520142	145	508	485	show
1373588701101	82	751	351	show
1373762137154	35	931	500	show
1369180170879	56	898	134	show
1369921947196	30	816	184	click
1371957804274	4	113	30	show
1370124619224	39	530	90	click
1367903826676	31	125	38	click
1371719558268	71	741	60	click
1372468343319	81	517	460	show
1371075397970	33	152	165	show
1370933243689	72	123	28	show
1368745283464	105	952	108	show
1373595983305	91	143	493	show
1367253417871	30	245	190	show
1373582711656	6	818	435	show
1368354682254	77	838	465	show
1367283226979	96	684	301	show
1368211194582	60	781	202	show
1372767505888	19	619	177	show
1367592077709	133	478	427	click
1373900316875	62	54	84	click
1369788970089	147	439	91	show
1369302368533	18	442	286	click
1370912674823	19	416	224	show
1368518777519	99	632	199	show
1371221871313	117	518	163	click
1369577974236	110	452	238	show
1368221388500	123	82	110	show
1370416443057	38	132	281	click
1369946918301	22	519	293	show
1368907486288	52	78	43	show
1368382563311	13	940	418	show
1373606949170	50	789	230	show
1368407333437	150	395	456	click
1367853550815	139	269	86	click
1368315909358	31	547	239	show
1366756930032	69	666	432	click
1369046502452	129	131	57	click
1372000729628	31	132	394	click
1369335370736	130	549	383	click
1367549468266	2	939	75	show
1368621377123	4	698	110	click
1372476557179	28	828	283	click
1371283872008	128	269	287	show
1368523764145	20	344	421	show
1367501096287	29	313	196	click
1373048194144	137	208	397	show
1371346911943	120	496	471	show
1371785918740	50	593	403	show
1373149058170	135	623	351	show
1366455155285	51	20	152	show
1372880720284	44	684	316	show
1369919455056	12	484	92	click
1374067385377	82	994	466	show
1369647735044	54	585	305	show
1367806070677	50	196	269	show
1368716449013	139	506	345	click
1372274583166	79	533	466	click
1371280020325	79	465	106	show
1370415838746	39	679	288	show
1367768941636	48	868	201	show
1368269582835	90	993	370	show
1373639307681	79	890	280	click
1371896916883	67	326	236	click
1369129110347	103	813	239	click
1370124190572	16	898	110	click
1371913083583	31	321	452	click
1368731194288	29	388	467	show
1368066047558	85	933	63	click
1373662586371	8	506	455	show
1370467972355	120	191	350	show
1369809738596	34	18	355	click
1367740445761	95	140	115	click
1367969066905	35	813	172	show
1370454581323	150	886	78	show
1370941760075	53	210	225	show
1367881507210	59	108	87	show
1373084355795	74	793	372	show
1371777053559	15	749	382	click
1369936977008	92	715	232	click
1369623878936	28	381	489	click
1371509282681	70	13	308	show
1372743847585	149	258	500	show
1372124554170	87	429	165	click
1370032078728	114	813	422	click
1371947064633	114	844	31	show
1368752596287	94	716	296	click
1368876218198	88	119	343	click
1367003727862	135	935	192	click
1371651938512	51	903	126	click
1373597481968	146	589	149	click
1369296980046	99	709	192	show
1367245474757	3	855	487	show
1371256942446	52	171	391	click
1373534329560	3	891	400	click
1366410471520	86	852	166	show
1367327899607	37	720	179	click
1367839022287	45	609	406	show
1366553278830	21	15	348	show
1369922440900	34	32	227	click
1371124665612	84	76	482	show
1367237304976	96	960	48	show
1368527105909	107	476	201	show
1373401254305	39	343	185	click
1367418402630	66	168	244	show
1367954073163	83	235	364	show
1370673335834	83	665	111	click
1369884132701	128	686	417	show
1368729721214	110	677	246	click
1369383980608	84	944	26	click
1367140117924	69	183	281	click
1367189220342	31	261	187	show
1369302847082	61	253	263	click
1368913681660	35	408	398	click
1367418239077	109	811	477	click
1370008930883	23	13	435	click
1367153018377	39	547	56	show
1373354656980	80	605	408	show
1374197081741	18	692	183	show
1371102732069	93	895	51	click
1369986716908	71	148	43	click
1373059525134	64	800	276	click
1367639286798	33	185	135	show
1371125899887	82	910	107	click
1371503886187	42	551	98	click
1366659092520	82	533	118	show
1371739288258	21	422	181	click
1371604700484	11	694	392	show
1369696498927	98	213	264	click
1366598969931	110	219	80	show
1373414485000	96	773	122	show
1374127982012	24	188	181	click
1367158384498	131	128	489	click
1367954064929	133	383	157	click
1373948019922	25	874	189	show
1373798174603	57	865	411	click
1368177153226	38	396	372	show
1367934442586	112	160	68	click
1371759552779	121	383	439	show
1372349248117	117	129	456	click
1367826144453	78	279	408	show
1367759377299	22	170	74	click
1373283829554	44	297	188	click
1373251791025	113	170	13	click
1373219347638	34	69	389	click
1373333424761	83	668	233	show
1372104830478	3	829	14	click
1372853111823	57	849	406	click
1372806673941	50	389	132	click
1369830612321	28	555	278	click
1369985691656	100	399	42	show
1369992662791	93	269	144	show
1372208276840	35	923	285	click
1370026167871	122	366	332	show
1372418760759	140	956	46	click
1371086226430	43	159	100	click
1371914166385	49	333	220	show
1367694147214	40	806	64	click
1370403733479	146	685	461	click
1369458366332	80	21	315	show
1370882089415	141	980	485	click
1370480744920	29	719	266	click
1373489556962	14	403	15	click
1367068952200	102	510	492	click
1366724106485	27	310	345	click
1373526389350	114	957	338	show
1370149490875	101	499	5	show
1367215873916	99	23	11	click
1373415041130	116	156	228	show
1371999417265	125	493	199	show
1373186797865	118	628	285	click
1369889140680	147	135	347	show
1367592273222	58	29	378	show
1369819688195	84	810	428	click
1371177471665	106	916	61	click
1370693380367	7	437	384	show
1369215948532	102	39	307	show
1372751983014	28	225	439	show
1371385243520	32	263	476	show
1369287579487	98	731	107	show
1367044250516	2	474	408	show
1368373689948	24	501	437	show
1371186775545	106	37	202	click
1373445628268	80	511	140	show
1368251070861	133	494	170	click
1370737681962	104	876	329	show
1373580840688	70	135	358	click
1373729791875	53	456	20	click
1370247947177	126	203	486	click
1372811684425	116	242	183	click
1369627533503	127	613	196	show
1366629122367	115	598	455	click
1371503719017	25	431	333	click
1367705835266	105	270	347	show
1373254719421	43	668	377	show
1368125315502	20	33	367	show
1371132716067	133	325	216	show
1374061535363	58	161	274	click
1372983787899	115	825	287	show
1370130353814	68	645	200	show
1371292985865	84	81	1	show
1369804582738	108	873	186	click
1368581033030	93	145	429	show
1367051844179	76	526	378	show
1371592193074	91	493	400	click
1372862730656	106	606	143	show
1371286934610	57	343	106	show
1371048874074	135	55	302	click
1372475858317	54	846	132	click
1373825661639	19	462	151	click
1372400532812	24	138	298	click
1368560961977	58	195	194	show
1372907269239	107	826	407	show
1372891194310	146	153	450	show
1373934096923	127	909	319	show
1369399561040	127	632	449	click
1372107693558	101	742	74	click
1371390594074	140	587	319	click
1368579801546	112	243	267	show
1373663521164	47	240	193	show
1373493578665	70	191	242	click
1370476556245	20	596	426	show
1374171421450	82	413	486	show
1368816178821	28	738	172	click
1367026499423	73	407	407	click
1374178705929	79	463	471	click
1372227002358	142	777	180	show
1373870098390	73	356	58	show
1372331918170	39	667	290	show
1371846275825	101	384	96	show
1371180518514	116	733	273	show
1370770717146	5	405	399	click
1370522058146	25	513	317	show
1367009299792	110	914	236	show
1367856600305	28	405	45	show
1373480698237	119	69	164	show
1368242619637	59	227	474	show
1370502243463	143	500	133	click
1372993407034	53	540	376	click
1373185433801	145	518	28	show
1374023446593	26	381	49	click
1370571733205	76	726	19	show
1369989168117	78	408	212	show
1371976068205	137	515	387	click
1369667688390	123	632	188	show
1371310052653	144	609	457	click
1368125120432	120	96	237	click
1372104596177	109	445	315	show
1367718253969	114	342	82	show
1366962195633	68	66	433	show
1370552943058	53	944	142	click
1370811873071	83	154	297	click
1367880178329	51	870	299	click
1368628634002	104	732	433	click
1369601279325	99	142	365	show
1367832427786	110	686	236	click
1371786275393	136	549	180	click
1371436238635	46	23	350	click
1371346952669	12	836	299	show
1369462316486	41	951	378	click
1372683943245	122	712	344	click
1372883035429	76	840	239	show
1372851707781	102	470	361	show
1372490339533	37	455	396	show
1370926852533	49	925	234	show
1369584459922	11	709	4	click
1366556495895	7	818	255	click
1371221205381	145	806	425	click
1367364735265	150	631	159	click
1368354943459	121	904	213	click
1373757264889	103	325	345	click
1371182373979	106	319	44	click
1374047648894	129	552	333	click
1370289926848	2	842	222	show
1372283543612	43	816	83	show
1370527853873	68	903	171	show
1370083962748	67	556	115	click
1367267815515	84	395	223	show
1367508354342	108	939	272	click
1369268956054	55	860	29	click
1371660796091	91	378	54	show
1369362625245	92	29	169	show
1367342554053	133	214	413	show
1366834644261	46	895	295	show
1369867317110	17	183	453	show
1367372217788	55	342	393	show
1372019061649	90	637	14	click
1374062414015	1	112	496	click
1370646441255	31	802	429	show
1369711777622	30	73	165	click
1368084002876	93	624	95	click
1370565145311	122	461	135	click
1369812450830	26	136	408	click
1370470562689	102	261	295	click
1368843994317	146	173	456	show
1366567487757	68	556	46	click
1372908437475	34	343	237	click
1368118157857	117	928	22	show
1368851888799	144	118	155	click
1368029056354	43	436	326	click
1370118824230	102	410	148	show
1373269268994	1	706	51	show
1370925527041	115	817	396	show
1369150385799	52	945	6	show
1373444671707	110	344	444	show
1372062864852	38	184	393	show
1369092710566	144	625	440	click
1369565490006	128	163	36	show
1372994214095	9	515	433	show
1366464451306	41	815	433	click
1371804894621	144	393	155	show
1370619887977	8	364	425	show
1368885646187	30	784	145	click
1369213383640	104	628	435	show
1371565802837	64	699	204	click
1368887636976	94	103	139	click
1366563455652	66	256	323	click
1366777463085	35	428	116	show
1369992404369	69	151	351	show
1370965254273	43	367	275	click
1366359285969	71	514	413	show
1366425011533	66	266	328	click
1368497929699	105	346	75	click
1367121480067	69	997	240	click
1373481169771	143	174	286	show
1368695124895	54	534	241	click
1367542040644	109	988	179	click
1367774113459	18	966	493	show
1370894598569	119	126	336	show
1372277786595	103	692	326	show
1368575909276	4	373	477	show
1369375711172	143	415	249	show
1370443935528	42	375	90	click
1369916658395	18	104	11	click
1366516812687	41	238	42	click
1368145877596	97	804	329	show
1371119080842	28	892	487	show
1370694622428	64	647	431	click
1372506134301	122	534	8	click
1373206903545	84	221	490	show
1371055277661	128	8	151	show
1373870322031	114	51	217	click
1366756890981	97	216	386	show
1367441152018	14	323	105	click
1366658469197	49	445	124	show
1371439660553	47	4	199	show
1366399469005	73	316	238	show
1367266574374	104	372	179	click
1368262512406	147	111	236	click
1366542525777	2	104	399	show
1367184850869	105	782	423	show
1367703969853	96	4	166	click
1373027881975	40	193	423	show
1373800804201	133	939	395	click
1373335125860	92	734	135	show
1371507604495	45	738	482	click
1368180826985	50	381	164	show
1369425418839	124	803	289	show
1366735549326	112	482	24	click
1367066388161	83	451	120	click
1373282016974	69	51	57	show
1372705933377	122	584	138	show
1374072575296	70	158	87	show
1374152091388	79	858	349	show
1368763828822	45	821	53	show
1367683212038	57	240	227	show
1367270087315	50	975	44	click
1373241151303	51	275	228	show
1372785764220	95	92	492	click
1370928973285	75	301	92	show
1369152815570	101	622	58	show
1372332530756	126	389	85	click
1367510941419	48	525	450	click
1366841156046	111	184	165	click
1372144420044	82	563	239	show
1372041855605	118	666	118	click
1369343136813	64	513	359	click
1372252223323	60	791	3	click
1366866540550	5	84	227	show
1371116271477	31	317	283	show
1373159713333	116	707	140	click
1367121173904	143	943	392	show
1369712188125	76	977	368	show
1371297030022	73	884	277	show
1372133510687	78	752	453	show
1366686394494	78	105	124	click
1369117523922	39	742	176	show
1369971926822	86	182	365	click
1373209978759	33	231	262	click
1373578931472	146	291	314	show
1366574940672	20	87	424	show
1372666628226	114	508	498	click
1372179297614	45	282	28	click
1370509598509	60	826	133	click
1369081488305	65	10	293	click
1368542089701	70	914	152	click
1370900506507	42	493	181	click
1369436033908	133	545	222	click
1372815449114	85	235	421	show
1372228327291	75	121	159	click
1371179919750	47	571	318	show
1370203616317	62	488	337	click
1373211124636	13	516	51	show
1370837689072	139	623	399	click
1370102134511	103	467	2	show
1370437072449	142	914	491	click
1370397178772	30	821	413	show
1369568199437	113	817	412	click
1366952150250	75	767	494	click
1372189158416	38	362	289	show
1370393850849	21	888	435	show
1371060103860	23	345	433	show
1371109600629	59	239	427	click
1368195544559	68	391	1	show
1369369476614	144	27	465	show
1369604359032	111	210	32	show
1370113230776	48	599	235	click
1367597215021	135	161	498	show
1373947170936	57	832	1	click
1366764112283	88	157	265	show
1372760129722	74	738	68	click
1373815998319	44	495	98	click
1370729333634	93	900	332	show
1369007612624	116	960	111	show
1367082646573	54	620	5	click
1366367837072	8	937	34	click
1367885848703	8	329	443	click
1372539087589	51	462	369	click
1369348641775	86	439	481	click
1367372567672	113	732	206	click
1373334793260	76	232	329	show
1366961207968	107	738	219	click
1373641480170	62	302	208	show
1370149943920	24	57	160	show
1373070558066	97	815	72	show
1373677015335	85	852	316	show
1368271368893	54	293	288	show
1372932847456	98	782	393	click
1367594468229	146	84	92	show
1372639382913	22	767	144	show
1369249866929	21	737	340	click
1373427590681	120	968	469	show
1367979889228	49	37	231	show
1368851225985	47	72	224	show
1372070117957	89	238	77	show
1370465262595	73	95	224	click
1369676534385	124	459	128	show
1368512606153	91	159	299	show
1371364913170	87	314	382	show
1368366484274	147	731	421	click
1367492367542	74	289	364	click
1371990140694	47	610	253	click
1367176891511	27	162	162	click
1369648310245	71	845	408	show
1372318317360	100	811	349	click
1371503891559	56	87	426	show
1372161453443	144	950	309	show
1368122443978	51	309	401	show
1367821641637	46	501	479	show
1369624741678	32	244	209	show
1370714045708	52	59	481	click
1368267518914	100	102	409	show
1370582563730	66	310	486	show
1371656726368	91	383	369	click
1373330035345	2	91	379	click
1371778039884	51	415	126	click
1366587299109	19	943	404	show
1371206220887	85	117	387	show
1372474051291	25	736	359	click
1372281926298	126	565	479	click
1369339358197	23	223	408	show
1372225933211	81	722	198	click
1367035163325	92	356	298	show
1374057262304	97	344	42	show
1371377798922	141	10	90	show
1367875546499	76	590	248	show
1367182778669	68	614	308	click
1369776899358	53	251	204	show
1368086914889	29	128	195	show
1373780051751	36	507	20	click
1367782463617	79	640	479	click
1367847287930	115	919	456	click
1369815115132	49	625	465	click
1372308819000	132	590	53	show
1371003411472	56	520	99	show
1367707730273	83	523	309	click
1369392194981	92	795	356	show
1369649420173	84	594	16	click
1369907565147	46	807	67	click
1373287368819	37	141	21	click
1371519997791	69	373	191	click
1370807265393	126	441	212	click
1373241166840	138	278	187	click
1372618266308	33	700	211	click
1371715496210	128	269	33	show
1370639858752	93	256	155	click
1368980309538	113	762	164	show
1371340192464	110	928	35	click
1372216490946	128	406	321	click
1367615031266	68	782	162	show
1369297298137	38	252	202	show
1369004521834	32	681	245	click
1372181472366	33	610	224	click
1372881045090	84	662	129	show
1369500492020	93	11	142	click
1367100741841	56	30	329	show
1372603841189	61	610	464	click
1372890740866	103	757	452	show
1366701490946	134	519	258	show
1373485653872	101	708	354	click
1366644332206	130	839	154	show
1372052970391	117	148	284	click
1372521172448	48	113	8	show
1366941333289	53	872	110	show
1372298849492	121	234	236	click
1370360205773	78	700	111	show
1368035129061	99	192	431	click
1369812058878	144	28	224	click
1371216756313	48	125	184	click
1369524536682	22	469	123	show
1372577249370	28	823	458	click
1373440487417	27	759	35	click
1368629362326	98	613	234	show
1373499868380	19	168	378	click
1374181437384	112	809	183	click
1368480359977	101	291	203	click
1372132464279	30	548	393	click
1370937450426	150	911	444	click
1372792455888	140	107	12	click
1371292485186	8	357	464	show
1372875440131	51	999	116	click
1373975277745	143	210	374	show
1369496753653	18	475	256	click
1366655621087	21	400	200	click
1370172137246	117	761	249	show
1369587018356	58	273	22	show
1366939544273	27	46	32	show
1371779368758	24	987	472	click
1373633010327	56	913	490	click
1372387953043	79	778	29	click
1371931838061	141	273	7	click
1367762095405	7	454	230	show
1369752307749	75	208	117	show
1374164715910	72	619	111	click
1368820878520	13	631	322	show
1373738235033	59	605	471	click
1368372925377	60	127	292	show
1369717888236	112	893	144	show
1373845005835	36	348	149	click
1366838789267	43	608	57	click
1373077404478	117	589	152	click
1368842483161	138	580	452	click
1373366596562	41	172	207	show
1373877719212	100	992	238	show
1371146550093	83	459	42	click
1373767033447	16	178	311	show
1368013211068	28	380	235	show
1367124904520	96	277	448	show
1368262651415	38	446	136	click
1369068942782	68	552	298	show
1372342366355	26	423	361	show
1372081186311	53	481	370	show
1369834483270	145	48	105	show
1368272413139	144	670	137	click
1371018203624	125	767	97	click
1368800454459	38	732	143	show
1373036970553	24	828	191	click
1372965979621	134	718	193	click
1368812822304	1	253	27	show
1368384208771	48	42	363	click
1366786713220	13	532	498	click
1371352887721	109	47	434	click
1371336035474	3	426	326	click
1366496063826	138	210	23	click
1368573758351	136	442	477	click
1371389261997	77	111	450	click
1373973302492	28	5	178	click
1371546887935	109	599	225	show
1372478563614	11	299	73	click
1367063458804	11	703	172	show
1367577211194	85	192	173	show
1371896453271	38	368	138	show
1367453707677	47	173	80	show
1367162856043	119	921	305	show
1369632694668	8	646	307	click
1370454591812	89	82	196	click
1368620468337	21	252	400	show
1372287059637	31	508	297	click
1371448686772	16	287	83	click
1367436238306	31	979	450	click
1373867770645	90	681	217	click
1368003389398	51	938	157	click
1366510047203	3	869	172	click
1366883943005	59	773	167	click
1368693090305	16	417	148	click
1370051725607	65	959	131	show
1371596694235	101	284	310	click
1369846157749	34	148	88	show
1366624731190	108	218	478	show
1369214314993	122	302	281	click
1368424889937	119	413	194	click
1369234991245	108	847	354	show
1367582646655	2	291	153	click
1368760438317	94	642	121	click
1366554664915	82	264	2	show
1367342638248	21	480	318	show
1366986875902	28	779	7	click
1373506123193	117	888	55	click
1373387406101	126	668	235	click
1373320934814	15	896	271	show
1369156095065	129	559	367	click
1373461314217	30	660	141	show
1370984290494	106	370	40	show
1367778505736	30	998	285	click
1369189496633	133	492	254	click
1370055426892	79	196	262	show
1368725741023	39	77	276	click
1372269574228	45	812	310	click
1366738966445	115	858	269	click
1370521538853	88	880	459	show
1373648813958	19	573	232	click
1371517132588	47	618	145	click
1367071521397	74	587	103	click
1373744537301	68	29	333	click
1367039736357	85	447	478	show
1370438001749	65	938	239	click
1367565514427	109	421	414	click
1368848037934	57	493	64	click
1370074901032	31	207	326	click
1367541210111	10	79	447	click
1373305926669	119	250	238	show
1369934211627	145	929	238	click
1368596643390	42	896	371	show
1373716831600	114	350	155	click
1366860368825	52	92	283	show
1370773915327	124	393	105	click
1371045707471	134	719	364	show
1373089734605	50	30	9	click
1374148499873	47	719	360	show
1369760016267	60	39	138	show
1370082795781	149	220	268	click
1369940563337	18	168	364	click
1371117348340	1	248	287	click
1368515721179	80	100	238	show
1371529136510	43	662	368	show
1374157349978	14	304	479	click
1368399111730	34	353	81	show
1370423605053	108	159	195	show
1368124675647	11	245	33	show
1368767157463	3	725	53	show
1371023448595	131	458	362	show
1369492345920	72	644	396	show
1369910239689	26	923	133	click
1367539113383	105	153	39	show
1372905577242	108	960	251	show
1371079447068	27	973	145	show
1374039224425	112	192	313	show
1370129454378	72	366	34	show
1367059417799	115	316	384	click
1373932527870	7	885	76	show
1373270544096	18	995	76	click
1369737708273	30	550	308	click
1371892833803	124	542	436	show
1369435469751	67	586	254	click
1366564185773	101	886	381	click
1369224297328	51	300	340	click
1371352895798	66	264	125	show
1373312220545	76	14	14	show
1369928969689	113	125	138	show
1370237126834	24	930	310	click
1370677428066	39	451	446	show
1371916827365	111	800	431	click
1373679186702	27	490	242	click
1369461591119	24	907	479	click
1373561089965	105	989	43	click
1368678708969	63	765	15	show
1369007013492	140	582	166	click
1373652183428	98	534	140	show
1373628411025	34	321	378	show
1368265929233	118	376	129	show
1370132854997	31	247	149	show
1373204657523	88	57	234	click
1366660713907	36	937	390	click
1370817226436	24	704	371	show
1374075821499	130	606	321	click
1369469295538	129	929	132	click
1372206707915	76	930	213	click
1371035186520	120	277	88	click
1370308893409	148	411	339	click
1372446158905	89	6	127	show
1369963050564	65	439	414	show
1369585363988	131	281	310	click
1373076135340	70	225	450	show
1366999467968	89	335	500	show
1370142746635	74	164	250	show
1367543040553	87	158	301	click
1370641712807	142	653	305	click
1373468762483	33	363	332	click
1367403271658	114	649	489	show
1371891424570	97	973	69	click
1373250003221	120	1000	54	click
1371970069613	110	675	20	show
1366745082602	16	93	9	click
1370270072020	10	504	165	click
1366560058100	6	54	260	show
1372662773570	104	709	33	click
1373467851091	136	500	46	click
1372590221905	111	933	477	click
1371067828643	108	26	266	show
1371881602007	91	148	466	click
1366503811102	65	217	284	show
1367962716721	150	868	464	show
1369310698106	43	665	345	show
1367673855441	49	247	486	click
1373461205033	12	793	436	click
1368703952880	17	963	225	click
1371064374884	146	928	368	click
1371676543862	140	392	130	click
1368457493031	95	136	364	click
1372190834287	135	661	120	click
1372917664133	3	878	225	click
1373920997041	60	948	453	click
1366961510307	27	412	483	show
1371565488045	31	181	296	show
1367218370521	11	548	324	show
1370168754766	79	512	142	show
1373781984154	37	914	421	show
1373760178732	135	309	157	show
1369105405851	119	585	320	show
1368611795411	142	15	119	click
1371145821676	94	747	234	show
1369665705885	107	894	131	click
1372483517303	34	713	76	click
1373666045447	102	860	321	show
1373936860867	143	460	227	click
1367462878779	31	713	329	click
1371622660226	104	479	343	click
1366699156000	101	666	260	click
1366343321484	92	847	125	show
1371970554628	117	662	361	click
1370508404644	123	412	275	show
1367242342418	144	472	452	click
1373555454929	36	547	415	show
1367473556347	99	885	60	click
1368848927359	33	102	265	click
1369296046670	31	599	175	click
1366831004289	147	689	103	click
1368679075295	76	634	265	show
1371960240900	67	222	369	click
1371010227920	131	442	189	show
1371192253081	40	125	55	click
1368030244930	110	536	266	show
1369700916111	147	508	93	show
1367996344348	71	486	95	click
1370089385457	107	198	165	click
1369987253284	34	638	211	show
1366413469306	66	983	195	show
1373379552797	145	553	51	show
1372345982540	146	94	469	show
1369713022334	51	623	257	click
1369286425363	34	571	484	click
1373704934520	33	587	193	click
1371740279529	121	17	471	show
1372062601258	95	126	82	show
1367491371562	40	820	100	show
1372965670742	52	365	375	click
1368069336126	97	860	273	click
1373424983816	21	212	188	show
1373899553581	5	678	57	show
1371854629656	14	75	203	show
1367203111845	77	328	464	click
1367500446714	147	629	436	click
1368593832792	81	432	39	click
1371569341514	106	750	286	click
1369853020282	69	402	155	show
1371380883525	102	394	484	click
1371860804966	3	136	10	click
1371087289601	129	981	427	show
1371509605894	66	571	200	click
1368670587733	96	999	337	click
1372103117747	146	143	153	show
1369265541756	42	900	277	click
1371956260459	118	801	490	show
1367161507099	14	37	347	click
1373292605769	101	57	11	show
1367218875569	79	738	353	show
1371588341980	146	763	202	click
1371640257819	133	64	93	show
1372282149928	29	431	120	click
1369449013240	143	15	171	click
1368986153437	20	406	399	show
1372599297902	95	520	271	click
1368221076494	76	726	76	click
1371411248908	128	897	415	show
1366549373234	143	40	500	show
1366932224910	90	766	335	show
1367201636140	128	558	124	click
1369905421587	119	318	113	click
1369306723581	79	827	105	click
1371115922659	115	358	152	show
1369331781661	139	467	447	show
1373446426585	89	980	113	click
1369120822972	121	890	390	show
1374009454134	56	472	27	click
1374091741448	124	86	14	click
1368526646960	141	536	26	show
1373527979966	64	313	176	show
1369320194005	115	74	207	show
1366909392943	104	315	73	click
1367640550935	90	581	35	click
1370047569280	87	324	191	show
1368534052747	13	855	55	click
1373956010281	137	36	479	show
1370073449395	40	366	408	show
1367854442469	17	121	120	click
1366502646433	105	851	91	show
1372851153447	34	131	294	click
1369200071709	90	113	106	click
1372043367431	147	887	394	click
1368434149690	125	756	219	click
1366407033635	78	926	22	show
1370277462811	131	9	433	show
1369488540492	15	383	96	click
1367487332463	13	961	185	click
1367164962539	80	690	425	click
1367267337752	90	322	223	show
1369260074806	129	221	157	click
1373867259484	58	814	142	click
1372196454476	67	450	331	click
1369917106464	99	227	243	show
1373229076713	78	809	440	show
1366400977685	31	532	344	click
1366929543843	105	41	131	click
1373429895241	82	506	72	click
1368450144240	69	568	441	show
1371960920135	131	218	199	show
1372688807667	41	338	172	show
1369982809740	108	483	32	show
1372851322972	116	937	154	click
1370970509224	25	963	494	click
1370147956994	17	243	383	click
1366919737926	19	229	27	show
1372713211231	38	754	6	show
1370565149057	55	737	268	show
1374053847568	115	308	203	show
1373095392380	6	210	191	show
1368755726142	147	268	343	show
1366982911949	12	599	297	click
1373960106399	24	373	28	show
1368307806783	84	982	20	click
1366941873468	130	401	402	click
1367923081748	60	901	328	click
1371917148268	104	97	58	show
1372905664772	84	429	474	click
1373484994251	72	663	61	show
1373771166425	74	823	286	click
1372731700320	123	234	161	show
1370129379709	135	549	451	show
1369161652781	52	900	208	show
1373391447811	67	904	189	click
1371393837929	139	355	127	show
1371133789265	19	330	245	show
1366828337439	45	841	167	click
1367026369229	94	317	340	show
1371176648023	70	973	96	click
1369110255379	121	56	452	show
1371479666645	53	806	209	click
1369282392097	102	670	30	show
1368213534230	90	783	305	click
1370217290301	3	423	127	show
1373254959693	63	146	162	show
1367145651563	69	599	31	click
1373234521249	143	168	375	click
1373014028637	6	763	494	click
1371331838521	119	831	358	show
1370451809359	101	401	204	show
1370972766332	147	907	231	click
1369486459292	38	564	403	click
1369133682362	108	916	283	show
1372506058015	32	647	42	show
1372322422761	79	129	109	show
1368848252596	23	922	421	show
1372913720819	129	537	461	show
1367484546134	143	13	177	show
1371682248507	139	409	88	click
1373577264131	19	719	286	click
1366487202072	56	192	91	show
1370527747387	87	716	138	click
1371215383450	120	568	105	click
1372695117400	41	740	68	click
1372107916441	32	955	401	click
1371187805061	54	952	51	click
1370629080306	120	677	495	show
1366791607026	137	691	477	click
1368650865915	119	32	329	show
1366439305696	25	965	473	show
1370093306670	7	640	227	click
1370738188679	123	220	260	click
1368866694468	97	802	160	click
1371278514090	104	388	379	show
1373069006841	121	1000	264	show
1370461364207	16	862	235	show
1371367225357	148	770	421	click
1367760822166	112	597	449	show
1372894815407	101	523	39	click
1374044341981	93	660	76	click
1366830117366	4	442	365	click
1371085508751	10	722	243	show
1371839612838	63	9	121	click
1373142153412	32	516	47	click
1368120715786	133	329	95	show
1369518910379	16	905	381	click
1367644342865	93	833	413	show
1367229563334	109	93	265	show
1371150238865	119	997	242	show
1371734428756	40	406	388	show
1370916677681	105	406	296	click
1368069641791	121	788	88	click
1373047388785	82	150	434	show
1371425399294	29	148	52	click
1367027205071	97	136	480	show
1372688289443	26	40	190	show
1373155256556	75	870	175	show
1370556597866	77	122	105	click
1372332535346	44	645	73	click
1366840465471	22	430	467	click
1371443706187	123	534	306	show
1371152320924	147	99	314	show
1367830286370	8	459	419	show
1370924742663	11	547	444	show
1372336915232	49	751	124	show
1367086181263	61	274	106	show
1368458601330	114	340	296	show
1367790891898	38	607	411	click
1373097064250	50	804	456	show
1370933414368	107	549	178	click
1372769435987	47	461	220	click
1373027776381	122	693	382	show
1368379114619	24	132	1	click
1372827014293	45	622	109	show
1370828526968	55	831	352	show
1366678140450	126	309	348	show
1370290547741	79	189	167	show
1371280078079	99	865	334	show
1373360782544	94	131	43	show
1367646092660	105	519	220	click
1371848937009	144	360	373	click
1367679886294	7	677	306	click
1373773328682	42	318	350	show
1367600116942	92	68	299	show
1366912691899	59	385	93	show
1371294926004	139	923	301	click
1373475280867	54	343	289	show
1368832097231	85	169	85	click
1373354901983	33	38	16	click
1373747321414	46	236	200	show
1369954273096	32	231	477	show
1371226435064	10	285	268	show
1370245666198	88	903	472	click
1373957160196	54	214	421	show
1367695907954	138	329	303	click
1368515441586	114	445	56	show
1371314738935	135	77	187	show
1371310561158	120	282	282	show
1371095074671	39	401	464	click
1373790989861	88	330	300	click
1373179114531	111	417	210	show
1372823840860	96	469	449	show
1373256617221	136	321	277	show
1368100260676	101	888	170	show
1370548219154	55	221	81	show
1366574463040	11	155	255	show
1371284664710	135	699	340	click
1369957116097	11	995	160	show
1368243436815	16	591	162	click
1367751555623	138	447	389	show
1369421397455	61	388	96	show
1370870801635	26	994	37	show
1369850311243	95	420	236	show
1368290773796	20	28	491	click
1372148935798	88	431	191	click
1373946707981	137	653	45	show
1371239753049	18	560	27	show
1370796889435	79	775	489	click
1368806424776	44	724	215	click
1366386586168	111	915	499	click
1372683353883	67	443	236	click
1366429430738	47	14	34	click
1371101985434	22	260	1	click
1373728480134	108	807	424	click
1367369435138	75	105	427	show
1368457740693	8	291	487	click
1373302263700	106	467	277	show
1372759341454	99	432	320	click
1373294389294	7	434	428	click
1372939737782	145	582	193	click
1369995061345	58	6	51	show
1371612745868	29	635	236	click
1369010153120	98	904	341	show
1371208303359	144	40	376	click
1373590048605	124	56	466	show
1372688529959	7	301	166	show
1371185691759	88	123	58	click
1367519368158	36	599	164	click
1373849181120	147	261	340	show
1370326553774	7	201	93	show
1368533119433	32	624	392	show
1374035380339	29	434	421	click
1373511858510	14	146	112	click
1371019033459	10	700	129	click
1368482726356	68	157	50	show
1368905236932	124	419	365	show
1370996801122	35	187	474	show
1372560353290	115	695	146	show
1370356051465	2	792	32	click
1370974426438	44	143	331	show
1374052954911	59	609	82	click
1369500398207	80	414	25	show
1368264199490	85	764	5	click
1372360965976	30	824	181	click
1369794092894	91	29	65	click
1373462296695	120	623	51	click
1373444905853	9	550	385	click
1371528561451	63	800	201	click
1372690449512	105	725	64	show
1368878460988	71	971	221	click
1371421008467	29	115	59	show
1368875395145	90	383	68	show
1367562257250	27	89	156	click
1369789075967	135	358	366	click
1366437681870	86	335	273	click
1373359529443	77	372	136	click
1367855486924	51	450	380	click
1370770499543	113	796	56	show
1371655259087	66	468	221	click
1368314688790	63	227	334	click
1371889556308	100	404	260	show
1370686503481	34	234	191	click
1369886088256	73	245	313	click
1370349753135	105	89	239	show
1371937796167	110	110	241	click
1374019122006	103	113	231	show
1373440025261	113	331	87	show
1370912351857	123	300	480	show
1367759892977	54	93	298	show
1373202633475	54	73	364	click
1370048415530	109	128	84	click
1372599632941	118	174	308	click
1368323435643	15	305	142	click
1368044107825	135	455	168	click
1369424159325	87	530	499	show
1370923624718	147	237	352	click
1370084496044	94	73	173	show
1368502629815	56	724	406	show
1368909140141	108	775	167	click
1373445177661	109	592	57	click
1369635704409	103	76	257	click
1373020641685	128	344	120	click
1366709134002	74	116	367	show
1367965253905	110	876	308	click
1372394592991	38	878	240	click
1372943336456	27	656	201	click
1368777794753	32	575	495	click
1366379615913	22	86	447	show
1368480292957	72	150	396	show
1371828570372	129	193	132	click
1373430631612	108	406	1	show
1369441329279	13	912	99	click
1366918430333	94	810	277	show
1368034358360	97	209	44	show
1369380856322	30	221	477	show
1371021584724	109	410	182	show
1368505648251	115	141	151	show
1369805584140	148	16	70	click
1366730928092	57	827	447	show
1370526408683	34	394	484	show
1367381077962	133	347	226	click
1368350599576	52	860	23	click
1373165397804	93	249	238	click
1370504577476	86	773	277	show
1368582282889	82	811	140	show
1373299879070	142	271	175	click
1369977618761	107	249	409	show
1370918033136	140	617	88	show
1372298799776	35	519	318	show
1369629847420	17	999	356	show
1373914504344	92	23	250	click
1371588341896	31	254	101	show
1368229215923	94	787	344	click
1367515017644	144	81	114	show
1372074580250	87	926	444	click
1369238606697	57	620	367	show
1371114928919	47	649	224	show
1370274275788	91	555	347	click
1371757631924	13	56	381	click
1369943380918	11	844	76	click
1371286403709	49	736	383	click
1366758996359	122	197	440	show
1373847334483	25	687	431	click
1369856247512	70	935	177	click
1370819833707	28	454	313	click
1368292743205	131	497	160	click
1367654451185	138	210	94	click
1372153410770	27	930	30	click
1366841606716	117	786	429	click
1367049317834	102	111	158	click
1368052100154	16	161	37	show
1372053767961	35	346	281	show
1373740858360	70	376	196	click
1368201555813	142	176	465	click
1373665505941	18	311	210	click
1370014490586	88	673	26	show
1373534468052	44	29	138	click
1371811889219	49	941	140	show
1366955126644	120	498	197	click
1373869715948	10	884	35	show
1373044219685	14	836	362	click
1367641333166	55	780	220	click
1370444392556	32	787	444	show
1372291693870	92	936	425	show
1368133377677	21	667	330	show
1373172637975	12	671	88	show
1372059304387	84	43	84	show
1372556274942	52	891	17	show
1370458474143	103	654	27	show
1370356342762	124	48	231	show
1368724030858	141	367	106	click
1373229740278	5	741	460	click
1369728395720	77	774	293	show
1374119492187	100	828	184	click
1371912584008	38	911	7	click
1373122310542	48	567	139	click
1372789925177	63	270	246	show
1370785488401	5	347	399	show
1373743136314	75	648	131	show
1366796127940	51	260	389	click
1372744226431	128	107	194	show
1373496916211	90	969	277	show
1367620151176	5	989	350	click
1370250563037	126	956	476	show
1366642067524	79	588	388	click
1367490728995	124	728	123	show
1373966238256	33	546	494	show
1367177771500	126	495	386	click
1371356107731	110	612	109	click
1366662468897	3	818	299	click
1371607069374	143	597	423	click
1368279058046	15	114	401	show
1371104465266	32	740	344	show
1373660813615	94	367	452	show
1371495576221	97	331	466	click
1366789077769	56	329	225	click
1368101600342	96	779	175	click
1372200854704	104	998	406	show
1368832573316	115	38	394	click
1373447270340	39	350	282	click
1374183517662	40	409	113	show
1370263886997	90	217	279	click
1369729808610	47	834	210	click
1369357969254	1	558	376	click
1367701371731	26	333	150	show
1372319500561	54	730	409	show
1368374922945	8	11	282	show
1367849039824	39	276	358	click
1368339836754	135	964	4	show
1373880330025	20	137	499	show
1367159882530	84	931	204	show
1372497753596	118	436	357	click
1372427111337	17	802	211	click
1370273280305	81	109	410	click
1367477349264	26	112	137	show
1367566863306	39	393	209	click
1373898535233	45	614	326	click
1371834541729	126	936	432	show
1371483783980	41	483	108	show
1367159558412	7	29	420	click
1370407482024	18	443	154	click
1370372443036	146	194	308	click
1369000332804	9	770	44	click
1373475400913	52	798	288	click
1370252869412	110	36	252	show
1372675962253	2	968	231	show
1372730141027	143	135	415	click
1370715625002	125	704	365	show
1372613447523	136	237	274	show
1373601892635	55	395	84	show
1370218789599	21	609	227	show
1369399682306	136	976	306	show
1368490088025	115	533	54	click
1369610542032	26	198	141	click
1371843448223	125	20	78	click
1370864565810	31	636	70	show
1367078636215	17	245	268	click
1368443915131	108	454	304	click
1368737060396	125	91	213	show
1371374893885	27	296	133	show
1372732188029	113	763	69	click
1367521070867	141	384	415	click
1373843039125	15	62	230	show
1373212099258	12	845	334	show
1369965052732	148	383	209	show
1370049463040	114	516	369	show
1366918485753	44	135	493	show
1367814811600	90	522	260	show
1368675642147	1	596	376	show
1369304716829	50	561	29	show
1371187495116	118	836	297	show
1367220832287	120	292	425	show
1371304079566	59	498	89	click
1367159409859	115	334	337	click
1370343314958	101	651	70	click
1373347205278	45	436	296	click
1369829317810	86	940	218	click
1373066925426	12	149	426	click
1371668789932	15	123	491	click
1366802874108	38	949	276	show
1370197506156	58	357	247	show
1371275153217	1	959	201	show
1367808403883	48	906	319	show
1366642003393	10	437	304	click
1372487993930	90	337	108	click
1374018514099	121	309	322	show
1371419939686	7	89	20	show
1371226053425	12	449	91	click
1370916353211	134	206	212	show
1370741041070	84	49	94	click
1371839613808	55	909	341	show
1368566394755	50	995	305	click
1366702047773	24	22	206	click
1372092747738	75	975	480	show
1368784121192	150	239	304	show
1369411880513	104	379	67	click
1373563025663	150	791	480	click
1373794061523	105	206	297	show
1373130265623	4	90	49	click
1372299390909	65	817	59	click
1373958396022	67	66	231	show
1372365292242	75	388	216	show
1371971007181	93	869	60	click
1369443459291	25	976	61	show
1373761262742	62	592	460	show
1369656728844	86	1000	69	show
1366516708546	95	493	301	show
1373937134451	89	563	485	click
1373083429482	3	30	357	click
1373983396667	122	766	322	show
1371879575872	133	321	461	click
1372971564639	68	8	8	show
1368650951307	118	933	42	click
1372525703963	53	468	119	show
1370555662784	35	553	115	show
1366926624270	56	282	76	click
1369588657585	23	674	162	show
1366351432312	82	629	225	show
1369909701194	134	921	65	click
1371540564390	22	225	330	show
1372550384348	79	854	408	click
1367663694602	40	428	361	show
1373817060181	28	738	107	click
1370492036580	141	593	244	click
1367337875784	71	330	259	show
1367797463331	21	404	43	click
1369223244209	34	13	256	show
1370217158792	25	730	271	show
1368848742993	30	688	125	show
1371605849652	88	549	112	show
1368647823403	104	798	85	show
1369983340477	146	431	478	click
1370181265251	40	275	21	click
1371646729967	32	976	336	show
1371183844570	95	851	445	show
1370646765475	1	718	4	show
1367573265341	77	258	293	click
1370668530776	20	997	280	show
1370319133725	86	900	341	click
1369281413729	124	310	369	click
1373978187134	57	840	59	click
1370950623784	115	615	42	show
1366800022034	84	110	415	show
1371445420339	59	951	76	show
1367997538333	102	947	98	show
1370022002373	130	283	53	click
1373600013929	28	959	148	click
1372977188704	146	222	39	click
1372259136465	8	659	146	click
1367985287837	11	651	143	click
1367697278347	91	170	419	click
1368221202889	64	701	246	click
1370088122443	3	357	352	click
1373367889761	87	402	313	show
1367667477873	136	881	131	click
1373319621793	14	824	94	show
1373792274584	44	879	206	click
1370851237032	62	489	291	click
1370863533916	93	406	308	click
1373307502556	95	483	330	click
1368841917476	82	2	469	show
1367220899152	81	9	217	show
1373105417538	113	954	32	show
1367584132962	17	610	17	click
1373660128720	26	390	418	show
1369840559285	147	13	313	show
1370229162603	111	967	371	show
1373716724929	37	595	77	click
1370288664299	61	49	325	click
1366460333763	19	139	180	click
1370112553548	130	945	213	show
1369557390177	106	765	183	click
1372625614363	113	953	389	show
1370959554757	65	21	302	click
1373321609100	55	98	478	show
1370177668279	34	624	496	show
1367049071160	37	591	181	click
1369471518032	99	61	334	click
1373089885389	60	890	322	show
1372347107240	20	681	412	show
1372484400924	130	688	482	show
1371276256525	34	528	406	show
1369882684256	29	599	260	show
1373351939974	122	646	498	click
1369092418067	38	397	130	show
1373072420349	15	299	97	show
1369879149276	142	876	250	click
1367527296686	105	603	324	show
1372956889995	15	945	173	click
1373392286984	143	179	221	click
1368763094930	128	676	103	show
1369788007290	46	732	421	click
1370310586535	115	434	79	click
1368031292932	84	473	210	click
1370185921950	23	223	74	show
1372779173621	55	809	91	click
1373929845272	27	554	444	show
1366806248857	74	760	160	show
1373919081026	4	362	3	click
1373147190643	44	643	463	click
1369237932640	44	389	282	click
1370565983524	119	769	498	show
1374006265395	112	411	55	show
1372541904617	78	126	303	show
1371364713602	124	695	343	show
1370880908124	61	127	407	click
1370253412449	118	437	306	click
1372888639594	17	837	201	show
1369997642634	133	86	266	click
1372480268056	8	97	240	show
1372028437409	97	103	246	show
1367619642388	140	469	292	show
1372443490337	51	204	319	click
1368374754331	73	894	488	click
1367944395814	46	444	269	show
1369631588848	59	311	144	click
1367849517988	84	478	320	show
1371312144369	48	516	238	click
1372649104889	29	386	165	click
1367348134839	102	754	158	show
1372451452538	18	966	247	click
1374024833425	64	492	383	click
1367800492258	28	420	276	show
1370282224857	28	228	179	click
1369509365924	102	962	40	click
1367931293055	42	299	278	show
1367036110219	125	928	147	show
1366885264564	42	374	255	click
1366939971583	41	135	169	click
1370454375426	34	970	343	click
1368614468520	35	149	122	show
1372807671912	5	534	464	click
1369107505720	76	309	482	show
1371073955461	139	662	336	click
1367871019482	27	433	121	click
1369729008446	68	957	373	click
1370138403076	81	544	427	show
1370795682582	53	979	32	show
1370484988352	138	718	436	show
1370902216865	90	559	102	show
1372974345546	19	457	441	show
1367936255393	26	825	40	click
1372077719812	82	211	141	click
1367094965328	44	873	437	click
1369618944698	90	31	308	click
1368296184015	123	135	291	click
1371190441310	106	422	18	click
1371007634309	59	777	76	click
1368738600281	79	890	19	show
1371856939899	3	36	247	show
1369669840112	128	925	181	show
1369780275708	124	704	96	show
1371535362172	92	815	494	click
1369758829247	18	750	181	click
1369481652540	148	934	198	show
1370679852502	16	430	209	show
1370644070855	137	815	232	show
1368955546946	136	669	229	click
1373420921051	145	410	165	click
1369621610381	136	139	1	show
1366509174912	113	730	84	click
1370249490491	42	503	274	show
1372421926956	75	149	308	click
1371860763769	20	821	470	show
1370921738304	8	940	336	click
1370054940848	116	373	453	show
1371152386928	106	904	333	show
1373353861325	49	250	209	show
1374005181609	4	846	25	show
1366787252522	53	418	20	show
1372759702519	5	906	457	click
1370765234324	16	487	255	show
1367753644507	106	581	170	show
1369621658018	10	875	409	click
1371286897748	143	920	36	click
1371261632083	21	926	293	click
1372945454134	79	756	478	click
1372102929599	62	140	104	click
1372980801597	121	218	279	click
1369502741717	30	573	144	show
1367596537858	136	733	471	show
1371364086350	59	98	431	click
1367848783474	96	92	129	show
1373627711736	65	659	480	click
1373957784422	64	13	264	show
1368482403283	1	418	131	click
1370433245320	7	529	39	show
1367372935618	47	364	127	click
1366948781219	39	299	155	click
1373077708207	35	616	416	show
1372990870224	52	760	313	show
1372164651179	64	314	353	show
1373711512507	38	597	426	show
1368202703565	33	369	235	click
1369135932351	73	492	488	show
1371958550052	138	243	222	show
1373064600026	45	761	285	click
1372361217023	120	119	342	click
1368055162072	24	121	133	click
1367501872697	10	24	175	show
1369685742309	96	573	472	show
1368335229937	65	695	259	show
1371676215062	139	102	325	click
1369753442933	16	58	203	click
1370478194958	149	331	277	click
1370222030484	126	554	22	show
1371183417194	101	302	136	click
1367672921882	62	14	360	show
1370809193334	60	749	421	show
1370952178159	21	710	329	click
1373120475218	40	696	437	click
1368338993874	18	336	51	show
1372435868035	96	323	64	click
1369628621309	70	364	143	click
1370369207298	129	558	392	show
1368163858974	135	354	480	click
1367491586500	54	647	103	show
1372406449174	128	681	210	click
1372153856356	117	290	342	click
1373793923742	58	811	463	show
1371603404203	103	523	77	click
1371047265827	33	587	103	click
1367701271946	3	388	206	click
1366883576900	10	928	341	click
1372903909900	80	313	83	click
1373275645755	98	556	323	show
1367843953006	84	36	401	click
1366740367532	104	935	62	show
1370770203496	116	675	240	click
1371300683784	48	698	22	click
1366853165984	92	888	258	show
1374121068449	36	405	262	click
1367180387841	35	493	141	show
1371844008047	106	584	272	click
1369241064764	3	595	246	click
1372073944708	58	625	306	click
1368895787144	98	301	341	click
1373694121101	34	71	66	show
1367212756728	2	871	323	show
1369787788411	137	843	419	click
1366825602116	7	229	114	show
1370169725228	30	307	455	click
1368115211269	85	227	2	show
1374075007041	11	904	484	click
1370797496369	81	480	326	click
1369460060877	106	128	33	click
1367492756377	125	522	428	click
1369277274166	118	802	468	click
1373557690006	125	130	78	click
1371266074700	141	692	326	show
1369683057890	84	883	173	click
1369284381033	65	210	145	show
1368407331122	54	676	317	show
1372773216262	71	981	113	show
1370356348345	73	542	442	click
1374049363864	124	685	296	click
1370140397916	50	544	77	show
1367784692176	62	881	288	click
1371158769295	123	177	66	click
1372458442524	140	398	350	click
1372888348560	40	252	327	click
1368605022000	86	451	152	click
1372316702025	22	390	219	show
1368675220355	43	955	332	click
1369591351219	26	102	20	click
1371408634294	135	561	63	click
1369172008025	137	302	214	show
1369830476789	121	269	379	show
1370897932227	33	854	69	click
1368100704417	96	923	423	click
1372502890448	57	524	187	click
1369069637590	60	615	296	show
1367194421880	2	92	121	click
1369692983337	66	707	302	show
1366356075025	140	178	412	click
1370055204435	55	45	74	click
1370423278839	57	683	42	click
1373347963771	144	621	326	click
1368508672104	66	733	85	click
1373313848388	57	232	2	show
1366867712119	107	815	428	click
1368601783421	106	809	248	show
1368646311086	75	824	317	click
1368443339877	129	376	365	click
1367117544823	7	996	196	click
1371072168171	44	859	33	show
1369150137058	65	191	81	show
1369544730326	92	10	457	show
1367279422508	38	907	308	show
1373660248168	34	407	5	show
1367504542576	70	967	210	show
1371695383949	103	465	224	show
1371241793906	106	338	226	click
1369104760886	94	248	38	click
1367509647160	105	110	129	click
1368998352727	102	248	262	show
1367456204127	140	105	343	click
1367555636198	141	317	372	show
1371051535760	90	857	251	click
1368027622122	119	730	370	show
1373974332924	36	661	11	show
1368149795096	149	568	323	show
1368601845557	13	352	41	click
1371245429695	20	290	258	click
1370726551251	77	98	379	click
1371778217871	37	992	408	show
1373139168931	131	904	130	click
1371465398142	136	114	286	click
1370149322190	114	788	381	show
1367512091277	115	221	306	show
1368592107147	84	296	271	show
1371206629688	6	413	316	click
1367117966098	52	831	112	click
1370534850576	104	307	19	show
1368310681661	108	774	190	show
1374121264337	44	948	402	click
1371393881115	22	247	246	show
1367525143783	104	688	211	click
1366648808627	106	472	76	click
1374072662159	50	786	96	click
1368195275309	12	40	196	show
1372493298631	10	742	142	show
1366611265882	86	441	451	show
1370371696341	145	969	41	click
1369685738082	113	426	455	click
1372112784596	67	476	162	show
1368441395820	43	96	57	show
1367709435916	9	782	114	show
1368416939109	135	411	58	show
1366823242184	130	35	385	click
1370674134500	40	566	274	click
1370862317577	63	710	40	show
1367288426044	24	405	297	click
1372360836307	91	721	393	show
1371134115598	6	507	227	show
1367005388630	81	156	487	show
1370129469140	84	861	239	show
1371402643981	64	439	487	click
1368476463726	43	810	262	show
1370999681066	131	746	435	show
1369448449094	65	242	88	click
1366778400274	135	922	363	show
1368052348053	138	768	281	click
1368818702176	39	965	187	click
1371325286486	91	2	491	click
1372227837590	147	453	406	click
1373681468132	123	113	177	click
1368741147296	143	811	345	click
1372723779330	119	506	193	show
1367566609681	38	994	373	click
1368723639625	32	775	329	show
1372443296178	91	773	81	show
1369197629195	113	406	171	click
1372689862522	91	904	355	click
1374031431959	18	635	411	click
1368461663384	56	613	171	click
1370366372370	80	532	299	click
1369459079543	128	510	293	click
1368031856452	34	585	271	show
1367367070033	57	947	499	click
1367867591422	138	190	158	click
1370986060521	143	563	428	show
1373408176281	22	687	381	show
1370130688832	56	923	412	show
1371642577506	47	931	62	click
1370318586558	49	770	146	click
1368650203031	1	503	461	click
1372604075818	113	74	132	click
1372326678976	123	11	134	show
1370572966260	85	896	85	click
1373801954058	141	974	135	show
1371133894689	30	241	418	show
1368535050033	40	195	417	click
1369852979669	58	497	468	click
1367846180171	14	486	143	click
1367542491144	105	830	417	show
1367257026358	15	10	4	click
1369176850262	70	890	226	show
1366608135438	13	799	59	show
1372930257207	35	956	425	show
1366398399338	48	661	450	click
1368549985842	128	598	365	click
1370931011377	34	405	248	click
1373517876874	115	158	223	click
1367524185953	137	496	405	click
1372571547984	89	547	285	show
1367452356956	122	706	430	click
1371737146467	99	150	379	click
1371562049044	79	84	372	click
1372792073458	132	406	443	click
1370072133878	35	46	57	click
1369895912464	147	735	156	show
1366838229577	17	548	197	show
1367631069107	3	729	379	show
1370685323680	109	899	257	click
1367156820166	10	100	346	show
1373010626738	93	321	27	show
1371523537592	123	594	394	show
1369038679773	8	751	442	click
1371844267143	82	236	127	click
1368078539787	1	791	6	click
1368205133893	133	202	95	click
1366749430291	102	792	182	show
1367794414114	35	151	436	show
1372888183959	41	715	246	click
1368945554573	5	240	286	show
1369912630511	111	633	245	click
1368223575567	57	779	195	show
1371270764892	135	832	202	show
1373295276874	111	179	183	click
1370133622512	86	654	219	click
1370626345776	1	331	135	click
1371636170187	134	768	124	click
1369271262164	1	497	191	click
1370997766443	96	127	466	show
1370269575690	126	423	187	click
1371876768744	92	173	257	show
1371808423428	86	160	377	click
1373215246252	33	98	201	show
1371740274956	31	330	152	show
1372866437072	88	711	236	click
1372184275850	67	680	199	show
1373749501059	145	487	409	click
1371946565600	68	456	32	click
1370208418047	66	680	241	show
1370836247405	77	9	423	show
1369504799619	33	292	349	show
1373754579655	99	706	440	click
1367576451457	25	479	486	show
1367385199876	104	480	142	show
1367778392573	42	753	139	show
1373976085051	65	799	370	click
1372863866518	21	879	277	click
1369367862732	137	793	361	show
1371713108619	56	78	151	show
1371806997479	86	204	451	click
1368643243549	116	930	143	show
1371171657809	105	204	65	show
1370492824219	26	796	88	click
1373974483866	9	841	57	show
1369828083631	32	965	150	click
1372161191232	67	190	365	click
1367790092040	116	829	290	click
1366486929099	21	436	55	click
1372901583685	134	549	137	click
1366515994364	110	749	315	show
1369844843400	129	90	381	show
1367956691910	143	569	434	show
1374163551502	98	523	235	click
1371756575424	30	237	67	click
1371682072244	2	53	471	click
1367950074457	126	934	482	click
1368622777036	95	212	248	click
1372653493733	76	671	163	click
1372839324212	127	441	203	click
1370818368531	75	591	408	click
1369396117028	38	958	340	click
1367045842170	142	442	38	click
1374080079070	29	476	271	show
1372491873952	87	78	26	click
1373953704609	59	373	142	click
1369896776123	136	105	175	show
1372081979465	137	876	275	show
1370847288358	87	824	151	show
1366446454678	104	515	470	click
1369528119587	53	138	127	click
1367807811351	97	951	54	click
1369699315711	145	123	371	click
1367849291417	143	85	62	show
1367088732963	108	292	217	click
1373487087960	20	101	205	show
1369405969325	77	853	268	show
1371237600264	102	553	92	show
1367279351057	13	952	285	show
1369435822582	13	371	76	click
1371205164251	147	214	33	show
1372380520194	72	462	56	show
1368203106402	125	327	304	show
1369737837615	57	93	211	show
1372880021303	56	698	367	click
1373840104476	149	198	442	click
1368160857237	94	755	40	click
1368650340092	131	385	301	click
1366925048415	59	912	328	click
1369894453423	144	636	491	click
1368032259688	71	85	19	show
1370749049848	13	520	231	click
1367963384703	39	552	45	show
1370444576912	135	309	52	show
1367484721806	129	554	75	show
1370996845080	50	698	398	click
1370405462530	35	542	474	click
1366554669060	107	581	198	show
1371374572222	19	190	439	click
1373956490682	127	113	277	show
1369198701129	31	328	40	click
1366983171896	80	135	178	show
1372981802453	130	957	371	show
1371160413489	42	868	370	show
1368603872381	115	644	435	show
1374177507639	31	259	478	click
1369797118729	13	786	114	click
1367944161358	98	660	393	click
1374096863509	136	795	318	show
1370067599600	106	563	383	show
1374113788809	17	139	492	show
1366570158310	21	842	141	show
1369846366598	10	722	323	show
1370733540780	132	783	480	show
1372776889973	107	761	170	click
1370676042896	49	798	408	show
1370135558449	10	674	280	show
1373570855789	47	454	334	show
1372954029078	135	338	449	show
1370270262751	37	590	203	click
1369077892377	106	718	202	show
1367585470774	115	398	346	show
1373305035498	70	123	305	show
1374192569206	7	94	131	show
1372088139089	29	156	329	click
1373720553503	108	788	36	show
1368870083438	78	586	291	show
1370088359344	31	225	376	show
1369094440511	85	806	281	show
1373646809740	43	246	391	click
1373474902741	99	172	400	click
1369327559446	54	12	382	show
1368154202121	126	877	290	show
1367588909357	56	809	25	click
1367590086312	84	323	224	click
1366377933231	109	604	118	click
1372586154722	25	871	182	click
1371086976604	131	66	400	click
1367532417111	9	993	454	click
1368974069403	10	437	137	show
1369514908758	121	369	214	show
1370145705860	37	704	88	click
1366546787561	71	646	383	click
1369635444937	14	438	197	click
1373296776329	33	954	73	show
1366756359189	50	7	257	click
1369249838447	65	535	375	click
1370470517280	132	610	241	click
1373129328183	118	583	108	show
1367303100210	60	500	270	show
1369272096168	28	63	221	show
1366878395291	147	384	203	show
1366888965398	142	109	212	click
1369990156147	62	185	422	click
1367380421673	79	209	145	click
1372719615506	90	429	342	show
1368309014125	90	605	73	click
1373879194581	147	204	140	click
1368712872080	148	910	62	click
1371367525342	126	801	106	click
1369194144682	35	256	392	click
1371099569907	50	882	433	show
1371343993761	17	702	271	click
1373581937860	6	469	483	show
1368201514018	57	55	212	show
1372054048479	2	590	110	click
1366519862505	134	761	245	click
1370243367091	85	495	210	click
1368360977509	102	656	462	click
1372425926306	108	953	469	show
1367452711665	57	293	332	click
1371833745309	6	735	151	show
1371280466188	19	348	441	click
1372210333754	51	46	492	click
1370869912513	77	284	29	click
1370411728638	68	391	334	show
1367759135617	99	632	104	show
1366853704500	44	648	351	click
1370785436288	39	672	229	click
1370280000880	87	151	394	show
1368021310100	74	145	121	click
1369627764375	125	377	392	click
1370995713112	71	836	19	show
1373688530036	9	905	339	show
1369403681377	83	938	163	click
1369042602526	150	610	347	click
1366381476366	65	700	454	click
1369019639368	83	331	148	show
1372517384938	49	927	225	show
1370731134062	75	527	342	click
1367924580512	73	992	435	click
1370975180858	65	989	476	show
1368190130694	118	50	446	show
1368269732175	122	39	301	show
1369724620926	71	684	66	show
1369861092798	12	127	204	show
1373782049700	150	136	339	click
1368370557844	92	107	315	click
1369563639141	113	569	235	show
1371527186053	59	78	34	show
1372978945589	34	731	240	show
1371180120640	38	917	265	show
1370338829342	37	820	285	click
1367639553360	101	619	248	show
1373051249638	131	56	342	click
1370314395700	125	15	256	show
1372947648886	80	674	468	show
1370792225644	119	754	70	click
1371541953341	36	492	50	show
1367129361286	49	255	438	show
1368436472654	145	363	6	click
1373247559294	121	552	218	show
1367954917593	38	567	245	click
1373801917171	20	391	182	show
1368937674901	105	10	155	click
1371478570616	10	797	11	click
1369968017561	65	192	390	show
1371505572183	67	833	108	show
1372323337744	132	884	432	show
1367200675862	143	283	448	show
1368667042441	50	155	9	show
1368092731186	75	345	270	show
1372399059843	72	176	67	show
1372441680096	56	857	373	click
1369849766082	139	579	81	show
1368532585769	25	593	465	show
1369803259098	98	856	326	show
1367608768448	12	710	237	click
1372940949028	80	295	44	click
1369353842228	70	322	285	click
1371067542548	113	367	475	click
1373039860786	119	84	437	show
1367099843306	20	87	322	show
1368222916979	93	349	381	click
1373698247723	75	407	16	show
1372185244888	45	570	235	show
1368935950387	24	166	92	click
1367371531696	104	677	426	click
1371081919519	29	642	57	click
1368534719649	135	145	475	show
1370942316568	149	934	64	click
1372529286169	93	72	325	show
1371031962881	139	855	154	show
1370074285872	86	288	127	click
1368612528516	141	84	273	show
1373986610879	66	32	310	show
1369596996123	46	193	231	show
1369994746217	78	88	165	click
1371641004639	127	539	61	click
1367047347065	35	425	91	show
1373331416865	136	579	10	click
1369802915139	10	387	56	click
1369957040974	25	867	492	click
1373948431363	14	130	375	show
1373280095890	96	266	84	show
1372402678301	37	413	13	show
1366967643877	120	477	291	click
1367468507594	87	719	477	click
1374004764753	50	862	147	show
1371393622665	4	104	151	click
1372497545331	116	543	99	show
1373484848014	138	188	337	click
1368250534088	150	477	98	show
1371912861513	82	455	34	click
1372752567391	57	818	259	click
1371066188869	54	683	17	show
1368369148659	35	560	417	show
1367468043436	146	107	382	show
1373333052571	53	781	96	show
1366615021434	72	159	82	show
1372240511423	145	107	394	show
1370009783047	103	674	25	click
1369574159913	95	264	316	show
1373213897457	63	898	326	show
1366555849718	59	66	222	click
1369268492069	6	916	168	click
1367540858734	114	575	482	click
1369614222868	111	548	112	click
1373965870734	20	519	116	click
1372078628304	146	957	366	show
1368677233988	48	975	364	show
1368248520199	55	966	401	show
1373611192151	71	276	445	click
1371229842561	1	256	466	show
1370930852729	31	984	142	click
1367211549860	98	21	346	show
1367577812423	148	276	245	show
1368285318748	110	914	54	click
1367209041584	47	159	74	click
1368279253140	111	871	177	click
1368774040514	122	830	285	click
1370698263982	22	330	474	click
1369581047631	118	417	247	click
1373988770120	39	554	267	show
1366805713842	77	730	447	click
1372743395773	149	883	185	show
1366748794582	42	732	429	show
1368576560605	55	300	479	show
1366792912538	53	676	166	show
1371787375989	126	344	76	show
1370325843155	90	494	409	show
1370938744129	31	885	445	click
1374130813981	115	368	262	show
1368311543614	79	457	271	show
1367023879415	4	33	403	show
1371776114975	23	999	209	click
1371682711425	60	710	418	click
1372236837035	1	898	319	show
1369907292152	50	899	126	click
1369045414739	103	828	84	show
1367880075170	84	15	148	click
1370047366901	99	374	176	show
1369141936832	88	714	376	click
1373675127447	84	323	319	show
1370105339162	79	33	264	show
1373494468368	8	97	474	show
1373346917104	79	268	350	show
1370408241431	1	197	451	click
1368804075935	41	956	389	click
1367375281194	19	192	500	click
1366563679155	105	533	364	show
1373597836281	58	536	346	show
1372601829454	66	869	231	click
1372303285329	95	235	270	click
1368441936764	130	93	271	show
1371299653740	55	978	135	click
1368525486292	127	127	120	click
1372957410582	136	750	440	click
1366407945893	88	885	333	click
1368619277756	89	262	360	show
1373670128521	69	412	284	click
1368530530474	60	127	202	show
1366992418211	17	23	348	show
1370002115313	15	875	268	show
1369798717737	112	850	272	show
1368078818819	110	544	331	show
1368478147706	150	618	207	show
1368693522906	97	528	405	show
1367432249237	66	215	29	show
1372289371076	143	539	345	show
1366722724865	101	493	191	show
1371900078062	108	782	422	click
1371616696396	49	867	183	click
1367875976397	142	232	269	show
1366507809475	144	313	40	show
1368842733654	67	597	474	show
1371120929749	120	905	47	click
1367664255693	20	909	9	click
1371073617993	51	29	101	click
1372760533901	17	812	115	show
1366480252527	48	449	377	click
1374195905262	127	362	329	show
1373887713630	141	961	148	click
1373444189130	148	836	223	click
1368656901558	76	250	402	show
1368149700660	132	541	405	show
1371153776406	40	673	418	click
1367581730303	115	426	418	click
1370058272857	115	657	427	click
1368675010645	66	143	364	show
1370722968499	144	214	381	show
1368685097565	100	581	350	show
1366369730663	105	18	161	click
1370113452337	73	937	35	show
1372731445077	149	378	476	show
1371621035877	39	825	93	show
1367635666433	50	658	458	click
1370183224172	33	180	104	show
1373285499845	107	461	125	click
1373681890701	100	257	363	click
1371393315277	65	518	63	click
1373794645683	120	613	438	show
1367423687056	3	806	67	click
1372267288568	51	546	10	click
1371667997181	54	817	344	show
1369152950426	62	349	126	show
1369066417801	33	764	275	show
1372497618877	41	330	120	show
1370923219852	85	701	4	click
1369227877307	121	934	51	click
1367686316284	8	809	78	show
1373750972534	76	175	75	show
1368525031730	75	77	451	show
1366522238058	9	35	491	click
1369221572701	139	663	197	click
1368157597898	36	790	387	show
1372206312313	58	361	394	click
1369084426622	81	568	373	click
1368455035738	22	757	386	show
1369119002612	59	974	111	show
1373686047101	28	965	354	click
1371454099437	60	353	252	click
1369323397678	73	918	92	show
1372117171765	35	895	285	show
1369344889670	106	432	251	click
1372935237868	105	936	305	click
1367742370087	107	444	124	show
1368882095686	116	245	417	show
1373142119300	106	517	365	click
1370761154091	76	579	459	show
1367631468851	62	428	203	click
1368715126089	85	666	193	show
1367704336104	116	904	103	show
1366535527928	69	266	290	click
1373822739581	92	960	269	show
1370920040765	88	104	61	show
1369659554863	108	741	466	show
1371737846376	89	363	179	show
1373317755842	82	461	481	show
1367090818679	128	231	127	show
1370388271625	24	782	364	show
1371365138190	72	216	415	show
1370075279323	52	970	330	click
1368918881886	18	857	302	click
1371094764229	129	555	458	click
1369883664083	5	278	431	show
1370598508857	11	664	361	click
1366711731272	7	256	222	click
1370800658625	33	826	76	show
1367772114090	126	179	42	show
1367927018705	56	69	433	click
1368214997871	84	456	385	click
1367322484713	49	241	153	click
1373365266651	91	355	154	show
1368263378384	86	725	339	show
1368765291138	133	367	37	show
1368312193195	11	897	327	click
1372141241081	54	758	265	show
1366562875784	120	65	125	show
1373920474919	146	495	275	click
1367831656948	102	218	2	click
1369201747635	60	967	376	click
1369380463628	91	335	267	click
1367100734893	57	133	214	click
1370776260002	65	170	341	click
1373787815689	19	281	149	show
1366874445905	76	607	43	show
1372273190754	67	636	293	click
1370451858111	140	765	323	click
1372026980966	133	675	114	show
1367385806676	128	412	280	show
1366700034478	105	198	251	click
1366916802436	58	953	229	click
1372028220239	28	468	211	click
1373709881588	13	287	21	show
1367783784993	89	983	260	show
1369439264397	72	169	114	show
1371915667198	46	897	442	click
1368682139624	35	265	91	show
1371890829811	80	667	149	show
1367010718408	19	147	24	click
1369950508003	42	870	113	click
1369741005055	9	512	336	show
1366517055492	116	485	465	show
1370066822167	122	506	447	click
1373809905820	84	590	46	show
1368024439450	34	339	338	show
1372666875747	6	866	167	click
1371851526598	111	106	440	click
1367159455027	142	593	35	click
1366597943048	49	893	150	show
1367208185723	136	248	152	show
1372188873002	109	992	470	click
1373038462634	70	336	255	show
1371768785581	4	398	316	show
1367638089195	100	491	92	click
1366612955476	105	353	495	click
1373806441001	14	601	156	show
1370943971328	102	542	322	click
1371390006862	25	496	311	click
1368989727525	1	356	397	click
1368251945805	22	7	320	show
1372632644199	25	129	74	show
1370085839912	85	862	53	show
1368921708971	134	532	102	click
1368995601189	132	920	97	click
1371161656949	54	512	472	show
1369640922212	45	520	252	click
1372899726431	11	616	453	click
1372901799441	99	924	270	show
1371233450297	84	456	218	show
1371878534905	64	991	141	show
1371489789283	30	210	256	show
1367505846766	44	716	11	click
1366838260778	60	121	157	show
1372732372493	113	79	197	click
1373773532970	145	18	90	click
1371595402524	118	888	348	click
1371544445923	109	634	193	click
1368451275792	97	252	1	show
1367840857434	99	8	128	click
1371013434561	90	788	468	show
1371737462086	75	675	417	show
1368317907216	82	197	358	click
1370743285786	143	109	319	click
1373384152745	19	722	240	show
1373535747225	55	91	450	show
1372125602185	81	852	38	show
1370546169008	52	375	495	show
1368561392924	143	420	5	show
1368931179729	106	544	286	show
1367678938531	42	295	171	show
1368787126047	33	4	341	show
1370536148612	100	134	114	show
1367587277636	51	958	397	click
1367146488408	39	11	158	show
1372030374719	48	8	114	show
1369064214727	25	972	190	show
1367067247575	8	178	415	click
1367574526410	117	292	464	click
1366734689458	139	714	90	show
1369098824535	23	860	41	show
1371279595431	9	106	490	show
1367105041676	16	844	427	click
1370923372474	95	616	422	show
1373830712490	6	30	499	click
1367001741712	116	708	167	show
1370304609823	68	843	209	show
1371990662780	27	90	460	click
1368925327869	36	93	3	click
1371359348578	136	212	272	show
1369617236215	29	282	223	click
1370516711007	26	165	250	show
1371545582241	82	442	30	show
1374121027880	18	843	415	show
1372798062172	56	246	155	click
1370823704954	136	130	216	show
1367057478477	80	664	354	show
1371292476598	136	196	81	click
1368483174233	88	584	154	click
1367776039226	51	231	46	click
1370214870652	26	104	303	click
1368742169118	11	203	164	click
1370540277944	71	373	405	click
1370289290446	143	97	272	show
1367603963379	123	961	139	show
1371075906185	117	254	182	click
1370884896063	55	473	430	click
1371296034804	138	672	13	show
1372444009381	106	132	96	show
1368813605524	8	54	66	show
1369745019853	41	317	246	click
1369187384296	77	804	415	click
1366984682517	109	997	184	click
1374020326212	32	532	217	click
1369337961236	148	668	422	click
1372260841290	77	50	56	show
1373985222782	91	794	255	click
1370497720314	100	631	432	click
1367066916493	95	673	408	click
1369004694718	56	825	349	show
1369137034862	133	176	337	show
1369326978327	20	304	411	show
1368044565083	27	139	372	click
1372315068398	147	208	233	show
1369236915836	35	767	395	show
1367198069864	73	516	118	click
1372593066013	3	913	109	click
1372129126172	96	121	109	show
1368227739457	146	479	197	click
1368071582102	35	250	205	show
1372209807845	90	74	126	show
1371534468647	16	521	344	show
1367843909439	133	699	365	click
1368163279403	3	303	116	show
1368839828900	4	3	243	show
1372644063228	112	904	235	click
1369709867608	87	62	441	click
1368102103527	72	920	369	show
1369934436875	142	10	447	show
1371224878181	84	901	363	click
1370226157803	4	767	286	show
1369310063259	130	277	82	show
1368948159290	140	339	466	show
1366519197300	73	780	341	click
1371396322913	1	819	304	click
1372120525198	26	201	285	show
1373264956002	29	286	401	click
1367728829539	30	352	394	show
1369113668101	66	973	155	click
1373665425961	79	882	105	click
1368306195261	51	452	133	show
1370319309377	74	375	96	show
1369455557441	136	476	422	show
1370017209352	91	470	65	click
1373367486894	13	865	338	click
1370148387629	21	532	44	click
1370045267215	15	66	129	show
1373546267192	123	518	165	show
1369757306883	97	518	65	show
1368058877168	40	388	177	click
1369907407870	61	758	29	show
1369263474238	62	775	499	click
1366612447563	98	618	119	show
1366726240652	83	668	202	click
1368543873349	107	51	389	show
1370608912135	95	748	322	show
1371408003441	77	536	439	click
1369125489244	90	176	262	click
1367352385373	125	393	360	click
1369863786793	37	549	171	show
1368616395978	143	845	168	click
1370096667782	93	874	145	show
1370415625634	115	714	323	click
1370893303777	124	398	221	show
1367492651040	122	407	205	show
1367484766023	120	737	312	show
1371293448139	10	317	316	show
1366622536730	84	511	327	show
1371949385697	150	892	75	show
1374066435586	55	968	37	show
1369360934041	104	866	168	show
1372578929625	78	132	389	click
1372567726540	114	848	324	show
1368777170896	106	445	401	click
1366681461919	98	399	38	click
1373538132949	121	530	47	show
1366409971296	108	742	182	click
1369010673359	2	36	260	click
1371185565114	110	807	468	show
1368674428574	138	342	33	show
1371618546877	44	743	69	click
1370781803277	138	887	74	show
1372403211029	68	833	389	show
1370056307600	75	228	446	click
1371397649093	129	345	403	show
1367467618615	131	638	351	click
1373874655723	46	599	89	show
1369836500556	112	935	462	click
1370647763221	4	641	379	click
1368210481376	59	385	16	show
1370483323258	55	147	118	click
1367848152329	81	414	479	show
1369122156303	24	535	247	show
1368823907573	49	127	185	click
1374153228931	51	770	55	show
1370550299376	149	269	328	click
1371827690954	27	442	132	click
1368738552906	65	567	310	click
1371998390044	107	844	7	show
1366438383243	36	282	163	show
1369567365754	29	853	180	click
1371458272890	117	960	248	show
1371555499648	28	895	129	click
1372746742226	36	436	44	click
1369299989372	121	172	266	click
1369948686884	114	534	244	click
1370359171968	69	254	257	show
1368399238432	94	124	208	show
1366533392202	37	681	82	show
1371731523670	32	38	193	show
1366647852201	137	967	467	click
1371774520366	107	227	340	show
1370688339553	35	636	186	click
1373719161012	95	712	126	click
1369116965283	53	204	2	click
1366444611568	16	736	314	show
1368122546947	19	324	160	click
1372883610937	73	423	23	click
1369037296554	107	501	26	show
1366916109059	19	989	205	show
1372916852764	93	858	388	show
1369019015475	57	923	115	click
1372243417825	41	635	282	show
1373074748773	4	850	251	show
1370569652530	82	514	232	click
1373574746242	140	857	20	click
1370208628992	9	266	493	click
1373715449036	107	61	308	click
1372519116076	121	781	367	click
1370636262180	133	949	25	show
1368867577427	102	498	485	click
1373203563099	13	243	249	show
1367277342395	72	231	397	show
1369348597106	36	304	411	click
1369774696558	138	902	83	show
1370361433151	121	107	392	click
1371285566656	56	784	227	click
1372838615613	45	593	307	click
1368995170309	28	272	170	show
1368175896575	104	474	201	click
1371233900938	21	525	326	click
1372618388543	49	857	438	click
1369695707338	1	796	139	show
1369682962501	103	577	484	show
1371791584082	7	200	106	click
1374076772703	19	743	411	click
1367596965572	60	856	384	show
1367493120087	132	1000	59	show
1368403065289	80	404	375	click
1370905124140	146	744	83	show
1368554954055	105	516	317	click
1369740588148	12	407	41	show
1373770420163	13	838	211	show
1369452823780	130	462	394	click
1371599618848	47	146	204	show
1372002593897	129	802	297	show
1369774208869	147	292	58	click
1367461574595	14	556	144	show
1373631710011	74	30	10	click
1373631518205	1	289	254	click
1373683973106	36	258	417	click
1374070604218	90	517	323	show
1369526116794	32	244	197	click
1372924698761	113	55	493	show
1371222757816	35	477	167	click
1372257769167	142	530	83	show
1366493930019	128	343	249	show
1369818755676	120	509	33	show
1370553513435	23	162	140	click
1373976195248	89	381	330	show
1366490896417	49	648	203	show
1366822367923	2	832	393	show
1370257339673	30	728	324	show
1370416249664	108	744	131	click
1368231067943	52	372	87	click
1373143303102	88	14	52	click
1371678058540	74	123	443	show
1369026679998	125	697	448	click
1369413165693	139	766	453	click
1371614170136	103	130	384	click
1367147006333	83	987	31	show
1367170228218	127	734	103	click
1368625812690	129	113	318	show
1367693263416	94	602	486	click
1368011737306	138	92	235	show
1366495373511	34	356	79	click
1370367291582	57	847	261	click
1367560889872	147	41	117	click
1369178262265	76	586	472	click
1366435377302	111	92	247	click
1372564657456	20	334	233	click
1371407823752	3	414	499	show
1367723843518	43	780	200	show
1368642980623	145	254	333	show
1374056181603	118	43	259	show
1369446312068	147	827	28	click
1368453164287	127	497	223	show
1370953536492	31	713	3	click
1367556213560	80	178	455	show
1373119380473	34	398	158	click
1369697858786	48	21	124	show
1368127176316	104	914	194	click
1370573083143	68	520	420	show
1373289359295	82	688	46	click
1372450278239	108	187	23	show
1368591342629	4	348	233	show
1373568740395	21	960	362	show
1373595335771	107	929	150	show
1370534365744	99	134	443	show
1371761852068	91	833	142	click
1368996539418	12	533	89	click
1369831001061	42	223	50	click
1371982272651	12	405	76	show
1373552055627	61	26	38	click
1367828662610	122	354	342	click
1371297389097	80	84	297	click
1368213076785	109	484	305	click
1368449135464	95	82	405	show
1367765981901	128	424	436	click
1369006631344	137	669	183	show
1366559025106	148	124	6	click
1371402344643	112	618	168	show
1368450528801	15	392	473	show
1371348239092	88	397	353	show
1368961725350	95	27	305	show
1367697390122	140	459	399	show
1368457741349	40	37	481	show
1372410682908	78	448	340	show
1367793390376	69	838	2	show
1369176879753	69	220	63	show
1368480154920	17	330	397	show
1371582038810	144	770	277	click
1370722184889	20	961	262	show
1373285137477	73	292	425	click
1372851312494	8	145	343	show
1370471527960	15	186	162	click
1369715859388	69	674	379	show
1370640184815	72	100	478	show
1370199023139	143	746	214	show
1366445623468	91	337	498	click
1374052625894	144	663	94	show
1368220005123	10	779	364	show
1370479777659	5	441	34	show
1373649630951	24	530	52	click
1373013287889	109	37	89	click
1374067153153	130	296	16	show
1371653477358	98	32	432	show
1372265884714	150	499	47	click
1369705815208	126	995	313	show
1369777876249	14	443	106	show
1369087450077	138	208	379	show
1370194795706	85	594	105	click
1373832753365	40	577	203	show
1373297031455	64	683	492	show
1366966321109	116	236	130	click
1372923871870	30	270	274	show
1369338652783	21	578	121	click
1369352038433	96	430	369	show
1373366312547	132	255	319	show
1373305294008	78	503	273	click
1366989950436	70	251	290	click
1374024779404	85	262	115	show
1369108445490	28	362	371	click
1370376169903	49	606	323	click
1374125773534	39	701	69	click
1370563798139	68	385	94	click
1368740142671	41	663	231	show
1369564575386	68	70	22	click
1366435653819	132	949	186	click
1367246841566	57	190	329	show
1372188879703	115	487	319	show
1368923378094	64	690	169	click
1373885146225	17	841	148	show
1369452616856	82	245	174	click
1372001072108	9	627	65	show
1370678508350	18	640	479	click
1369631619707	60	676	482	show
1368365555073	122	416	45	click
1373591110265	7	177	311	show
1367828632597	89	385	16	show
1373635684968	34	229	21	click
1372384952600	102	876	173	show
1373344852818	60	420	241	show
1369350798534	49	150	282	show
1368982073952	126	84	262	click
1367145566829	136	848	255	show
1370763205423	94	623	405	click
1370694176577	140	894	479	click
1373914205571	5	483	247	click
1371938977558	22	249	213	click
1372899267270	133	259	31	show
1374192842914	82	582	455	show
1370309176721	127	962	312	click
1373756220966	129	178	489	show
1367701530747	35	520	70	show
1372850021475	123	100	197	click
1367678595393	139	431	494	show
1369448556553	81	898	385	show
1372231851852	107	297	146	click
1369873479460	30	806	430	click
1370158502441	35	708	151	click
1371741471746	104	85	264	show
1373014682532	18	253	380	click
1371232096578	22	303	385	show
1373738276033	73	805	235	show
1371828315469	55	651	438	show
1373980539688	22	69	349	show
1369166954256	114	659	297	click
1372399829998	30	354	275	show
1372420970599	139	822	24	show
1372728268381	79	581	226	click
1370772641646	148	274	156	click
1368373778990	25	508	405	show
1370260178176	99	929	386	show
1368094418390	48	595	12	click
1371293819297	149	42	438	show
1372895831965	40	242	346	click
1371134943793	59	618	94	click
1368764490035	81	690	311	click
1367758366031	134	664	442	click
1371291508179	79	561	211	show
1368703400927	104	788	46	click
1373017440999	75	234	140	click
1368167387380	138	364	60	show
1369912293827	87	982	297	show
1368698878195	97	884	46	show
1367582075505	68	521	443	click
1366372222755	62	296	126	show
1369040987380	13	547	62	click
1368991934355	104	345	98	show
1370254902471	23	671	402	show
1367539485133	112	574	263	show
1370723161680	19	887	313	click
1370308812733	63	98	268	show
1374109043789	136	223	197	click
1370285050133	76	538	433	click
1368709236869	93	980	459	click
1371952050407	118	423	351	click
1373065845163	46	416	469	click
1370564760449	103	759	108	click
1369871419196	15	147	170	show
1372883893098	136	639	250	click
1373072073848	113	426	498	show
1367716796624	141	60	356	click
1369425143251	14	194	436	click
1367737035423	102	743	117	show
1371527693910	18	62	367	show
1372139505737	112	77	44	show
1373739543678	124	381	120	click
1371779368306	49	583	86	click
1373311664255	141	225	371	show
1368859088689	120	279	327	show
1370193392313	102	334	82	show
1366457825506	126	552	120	click
1371192464810	88	247	448	click
1368705077788	100	118	367	click
1372164725691	48	669	159	show
1370780789162	90	735	180	show
1371816177652	131	629	233	show
1367649346764	116	202	264	show
1373847360074	12	650	257	show
1372548756884	128	139	69	click
1374027872932	141	568	149	show
1369584402626	20	826	427	show
1366620988783	64	112	460	click
1368754083007	123	401	44	click
1367995345236	149	673	360	click
1372863271343	15	971	220	show
1371396097353	34	159	52	click
1372361887731	91	255	142	show
1366360936995	145	736	365	show
1372399982355	5	512	472	click
1369890946795	102	716	223	show
1368483834304	48	292	359	show
1372154121969	33	347	477	click
1369033794687	16	199	415	show
1368331310145	60	203	298	click
1367020308879	120	748	48	click
1367275541693	30	727	248	show
1373263707126	144	47	406	click
1367589715868	86	245	128	click
1368778180851	42	144	186	show
1366722479557	68	986	62	click
1366407350743	120	618	16	show
1367365939211	54	725	315	click
1367053387018	6	504	26	show
1370046909111	137	237	38	show
1371042528677	29	51	365	show
1368292909004	89	603	63	click
1368090074412	76	287	333	click
1370878645394	111	535	3	show
1367011667597	134	733	83	show
1368683214989	44	258	109	show
1371302128571	86	202	387	click
1366944287138	132	45	439	click
1371707963092	18	857	194	click
1372500025382	106	421	16	click
1371206888178	98	676	456	click
1373519891385	31	405	127	show
1368348466966	58	51	384	show
1371620887837	31	519	15	show
1370121620017	125	889	291	show
1366485810248	32	663	234	click
1369618488399	48	302	29	click
1370910977763	12	631	459	click
1366514666445	5	821	240	show
1368439551006	38	614	201	show
1369485611524	35	193	281	show
1371996028640	95	490	498	click
1372952187861	112	664	74	click
1368745309362	10	669	192	click
1373519631266	97	877	110	click
1374029351216	80	441	394	click
1369765295652	147	444	237	click
1370579101033	131	231	212	show
1370225763213	12	446	216	click
1366783726356	22	799	151	click
1373624477574	21	759	114	show
1368928456486	132	997	500	show
1371513908518	123	124	158	show
1372669133008	32	467	176	show
1367596951211	47	612	357	click
1367515534581	3	661	216	show
1371293561254	61	871	449	click
1366812291896	97	33	371	show
1372283215798	45	106	380	click
1368348003849	62	31	163	click
1366941581816	10	986	163	click
1373811993674	99	349	76	show
1369258899449	149	560	152	click
1366527092013	26	262	114	show
1367483497325	91	561	22	show
1373206909556	87	844	148	show
1372789170926	64	688	231	show
1367584211033	124	551	43	show
1371306670725	16	203	243	click
1368789085940	103	350	62	show
1366875891555	45	638	473	click
1367957852328	149	443	267	click
1371277185544	50	3	88	show
1372812619703	43	644	133	show
1370586975366	135	943	85	click
1370466856425	94	63	229	click
1369518994392	72	316	488	click
1369488315631	142	88	330	show
1369202668247	40	957	428	show
1371916533926	44	938	221	show
1371695393428	127	571	492	click
1367538656836	106	675	170	click
1374109694104	47	808	218	click
1369782848606	83	892	490	click
1371245906667	45	696	478	click
1370991515823	6	912	305	show
1368091234679	16	301	212	click
1368746973211	124	897	400	show
1367673500170	98	300	351	click
1366421038308	81	386	306	show
1369463971678	106	409	326	show
1371728307930	27	202	489	click
1367111746976	100	350	492	show
1367583630147	131	835	173	click
1369409846879	60	361	262	click
1368165271584	102	228	50	show
1367134590136	91	741	191	show
1366768421231	14	73	18	click
1370679437888	133	184	329	show
1372485232997	1	859	78	show
1368997079680	79	471	428	click
1371643068421	127	17	365	show
1372345464727	72	322	14	click
1374008573346	26	168	221	click
1373019866954	140	583	421	show
1366432997902	83	833	389	show
1368338208239	145	480	328	show
1372175506537	85	443	334	show
1370905656354	20	104	286	click
1366728818317	146	351	77	show
1372823519022	40	796	396	click
1367045076442	137	844	319	show
1369561229632	62	277	446	click
1367553077358	20	184	336	click
1372244348032	21	503	241	show
1372311860561	71	831	58	show
1372844188334	43	85	326	show
1368912532627	82	33	171	show
1371237429917	21	936	401	show
1373259816542	46	797	60	click
1367091684232	28	346	54	show
1368358061608	36	5	41	click
1370664424651	38	260	351	click
1373958887767	9	736	287	click
1372883924950	3	329	117	show
1368096837282	94	669	126	click
1370116088256	15	726	42	click
1372418525737	17	41	417	show
1367182404702	123	676	419	click
1366367271580	52	922	360	show
1369933614721	122	665	349	click
1370875187482	111	831	263	show
1366456984232	61	477	70	click
1374094236712	42	147	294	show
1372910261167	29	440	257	click
1366959612184	33	716	95	show
1371993769115	91	279	5	show
1368850593053	132	398	7	click
1367485625311	32	975	96	click
1369374220301	84	523	54	click
1371312184490	4	483	100	show
1368085972445	95	522	358	show
1367116135492	69	342	217	show
1372574490538	129	648	414	show
1373108623811	68	78	411	click
1366522039075	149	387	426	click
1366777938122	115	615	11	click
1367940551353	25	346	440	show
1368582053521	47	932	120	show
1371130976373	65	559	269	click
1369771262599	88	572	235	show
1374176196852	31	35	106	show
1368201474380	122	473	467	click
1367947614206	13	820	184	click
1370999723992	76	230	349	click
1367320712558	83	261	3	show
1368530169418	95	648	351	click
1373244929344	149	181	455	click
1367065668899	9	194	37	show
1368563997438	11	468	139	click
1368806838358	1	244	108	show
1370198307694	100	190	266	show
1368770804730	138	119	18	show
1373439857718	108	713	348	click
1368727062372	129	814	431	click
1372496250898	19	620	381	click
1367083285951	21	342	127	click
1367440783728	112	614	224	show
1368864210835	133	716	425	show
1369795213125	103	32	168	click
1368477056467	138	648	412	click
1371471182329	143	85	126	click
1372952193318	63	190	62	click
1371717183319	21	502	417	show
1367027508087	113	873	364	show
1368915860915	7	847	215	click
1373027366887	98	688	273	show
1373221774634	56	175	48	show
1369165083124	144	62	5	click
1368547332321	150	370	177	show
1371650639243	142	782	325	show
1367775518265	146	420	240	click
1369626964433	30	115	131	click
1369305509525	29	734	108	show
1369233561956	120	598	225	click
1370865421935	23	21	76	click
1367484747979	63	342	334	show
1369928616267	127	250	264	click
1371520464601	126	785	468	click
1372364510922	118	676	436	show
1370090988129	44	54	251	show
1370885099901	44	168	197	show
1372567262518	121	533	11	click
1368142874649	149	182	357	click
1370712820733	7	809	307	show
1368948126349	138	191	369	click
1371340897068	124	176	190	show
1367282482698	89	544	215	click
1372129132719	40	853	284	show
1368256517919	41	234	162	click
1369746443556	33	576	115	show
1371571016466	117	161	326	show
1369901801900	17	599	343	show
1368430077949	35	921	276	click
1369812027711	149	465	336	show
1369659411584	147	239	71	show
1371521036000	4	125	99	show
1367481188431	6	965	105	show
1367938917331	27	804	225	show
1368681666626	46	408	126	show
1374107289779	75	189	155	click
1368070999055	102	166	23	show
1371059204816	19	817	425	show
1368140253160	91	953	185	click
1367899704721	11	279	259	click
1371234054565	134	420	287	show
1368463448449	75	741	75	click
1372844825494	85	471	271	click
1369940398681	84	270	221	click
1372373710048	90	717	273	click
1372634806901	110	958	337	click
1371983886122	11	631	220	show
1371460160009	31	25	39	click
1369116037494	117	110	332	click
1371333694462	38	898	430	show
1368425548189	79	793	84	click
1367113622691	104	157	411	show
1371606952318	4	858	108	show
1373388251932	142	914	250	click
1366541599219	78	887	495	click
1368710840111	111	892	383	show
1367133620994	71	239	113	click
1369899751950	112	216	350	show
1371406791828	62	941	242	click
1373064700960	31	964	366	show
1372005423156	143	840	24	click
1373281887596	119	794	427	show
1373797096043	32	175	10	click
1369243529167	115	57	356	click
1373646179242	95	987	303	click
1370158683998	35	616	173	click
1367223091121	66	413	38	click
1369786981608	91	526	22	show
1373907776242	112	868	221	click
1371848644487	29	591	256	click
1366583101748	60	56	460	show
1371206317752	111	473	465	show
1370075987956	59	948	219	click
1368380362386	139	85	201	show
1370956089285	30	147	90	show
1370640201410	85	655	481	show
1369960132236	47	583	131	show
1370089994502	90	65	474	click
1368490109956	134	266	86	show
1370709995333	141	747	167	click
1372754405224	8	846	387	show
1369879973597	63	380	104	show
1371546770470	85	719	500	show
1371998303009	45	590	197	click
1372486228686	83	71	461	show
1369738919288	118	798	42	show
1373194900446	138	441	216	show
1367178808931	150	533	207	click
1374092629974	74	733	34	click
1373884182748	22	1	321	click
1367394556815	19	856	265	show
1373337945311	95	119	398	click
1367519998781	20	907	472	click
1371777973711	92	211	94	show
1370809573186	31	31	122	click
1373738482822	7	70	161	click
1371608394322	47	426	93	show
1373353408789	132	79	161	show
1366888080729	124	211	2	show
1366366363574	116	268	217	click
1368099375461	20	951	294	show
1366762307428	55	855	288	click
1369581122324	105	495	293	show
1374187048709	124	853	198	show
1368191912243	138	878	10	show
1369199745902	89	605	134	show
1371094972151	139	846	114	show
1373420200715	10	619	466	click
1371454044311	42	339	182	show
1370347342067	85	843	197	click
1373839317702	111	257	393	click
1367251839882	4	689	202	show
1367851622702	57	602	275	click
1367303370647	135	948	446	click
1366469966950	50	417	481	show
1370358486960	45	857	495	show
1371894264599	5	488	134	show
1371056954132	70	323	274	click
1372844158031	22	630	365	show
1370016826605	99	409	275	show
1372729441750	52	332	451	show
1370837858609	47	32	324	show
1366543210338	76	455	59	show
1372665919422	20	345	317	click
1370171196889	142	287	434	show
1367832094290	21	147	22	click
1370320170535	31	271	46	click
1366719447230	9	110	349	click
1367467676298	11	311	218	show
1368009435079	66	775	490	click
1371614442335	139	582	252	show
1370486021637	134	451	81	click
1366552516518	102	289	302	show
1373414364285	127	326	63	show
1370839652337	137	479	305	click
1368774713057	13	414	420	click
1368600619356	101	318	452	click
1373838224493	70	89	362	click
1373498427141	11	777	287	show
1366496797222	58	600	95	show
1367282523896	78	106	252	show
1366598114776	73	85	160	show
1372957363791	87	363	132	show
1368656700897	42	60	487	click
1369025723151	89	359	79	show
1369517128740	90	689	306	click
1366377000264	13	980	217	click
1367206657378	129	842	122	show
1367839990033	85	621	10	show
1372808973630	44	850	405	show
1366385645357	137	452	431	click
1371201369337	101	951	316	click
1368336151362	132	20	356	click
1366382884863	29	114	142	show
1373834434883	110	903	154	show
1369824017460	139	196	22	show
1373185076151	20	342	389	show
1367877019008	132	672	16	click
1370153365494	107	461	211	show
1373068458827	94	732	33	show
1368653561888	115	358	348	click
1373801513388	63	896	93	show
1370209163952	91	78	346	show
1368664493531	54	989	217	click
1368004972484	123	585	462	click
1369432532003	126	181	201	show
1369357730155	134	337	430	click
1371888387629	116	192	216	click
1369231487574	38	551	394	click
1372733311615	124	7	128	show
1372176426805	127	971	438	show
1369313547912	130	702	338	click
1367505642775	29	328	364	show
1372338625621	126	696	399	click
1374180406211	66	974	494	show
1367007259253	150	553	17	click
1372948181140	98	829	227	click
1372546797619	92	163	107	show
1372414046317	137	106	244	click
1368096217644	68	582	125	show
1368551890824	71	150	268	show
1369686097474	136	80	418	click
1370113761892	137	690	469	show
1367294547253	55	479	322	click
1372150373402	116	274	112	click
1368971750927	97	340	38	show
1367206978300	64	611	497	click
1373972429392	65	320	398	click
1369115226974	57	602	423	click
1367542499703	122	148	340	click
1366372515383	47	739	282	click
1370672273703	22	978	285	show
1369500536492	44	375	281	click
1368636310813	57	852	17	show
1371943635532	6	249	357	show
1368916230282	61	104	351	show
1367781870789	40	176	401	show
1372136762412	34	249	464	click
1369545962801	111	837	186	click
1370548305848	144	753	183	click
1371890761683	42	236	46	show
1372535031636	71	738	476	show
1370476851093	110	256	154	show
1372983224803	117	185	31	click
1368895952894	56	497	150	show
1374165694568	86	792	490	click
1372965482252	146	169	16	show
1372338220528	95	839	268	click
1373619350961	96	115	209	click
1370394655197	35	283	144	show
1372136924197	137	211	31	click
1372655998365	103	828	115	click
1373219640501	16	857	66	show
1373412168604	107	245	43	click
1372984446072	88	219	17	show
1369576004429	111	772	126	show
1369601118286	48	446	291	click
1374193832758	63	652	446	click
1368827887168	20	788	248	click
1368724935435	80	874	404	click
1372034364108	105	805	318	click
1371492439422	83	759	336	show
1367449339000	63	598	473	click
1370364122690	102	143	134	click
1369596672449	64	401	385	click
1368737602085	132	391	359	show
1371846269960	146	195	267	click
1372836803305	130	70	12	click
1370663111191	52	672	156	click
1371092961857	85	901	361	click
1366872660447	35	60	139	click
1368399101497	37	653	110	click
1369816751899	47	424	478	click
1369959834728	46	890	284	click
1371932377077	95	520	77	click
1368824443831	107	203	37	click
1366869342207	44	194	22	show
1368509550018	125	733	390	show
1374086296404	14	406	137	show
1369895311534	7	558	114	click
1374014882196	14	424	356	show
1368110228112	101	998	252	click
1370136876428	134	605	221	click
1366714105154	66	808	91	show
1372605676731	14	414	66	show
1369818778130	55	684	17	click
1366686641875	101	74	493	click
1371482215479	70	220	110	show
1366463788476	96	66	423	click
1371396342128	21	618	361	show
1366535836400	149	90	425	show
1371093588696	72	855	380	click
1373800628486	70	625	27	click
1373034200739	55	42	236	show
1373557102904	36	979	271	click
1369924309762	38	365	494	click
1373336175422	117	61	211	click
1373686101923	51	267	197	show
1369673135548	21	492	182	show
1368204012565	53	746	275	click
1372935402646	33	123	372	show
1367889380339	26	794	463	click
1371045685487	88	885	370	click
1367402025673	129	609	349	show
1368951542971	69	346	405	click
1369783846992	12	635	245	show
1369314617586	137	184	136	show
1373502772017	5	68	457	show
1371048148646	115	687	168	click
1371918918552	57	780	297	show
1373364159536	104	257	247	show
1370250220447	102	582	402	show
1372731263874	143	871	33	click
1367221446966	148	6	489	click
1369325770604	58	825	40	click
1369016746538	89	763	8	click
1368342904479	107	365	151	show
1374081925776	33	871	500	show
1370876404089	24	125	279	click
1373497842404	88	113	215	show
1371254855811	119	462	499	click
1371884319242	14	947	322	click
1373264859020	150	535	70	click
1370832061137	100	144	238	show
1369031827064	137	676	309	click
1371510694136	147	282	282	click
1369234088061	2	547	23	click
1373322100086	22	716	78	show
1371996357193	95	998	290	click
1369246878605	65	379	486	click
1369299738800	67	415	97	show
1370014985412	7	965	242	click
1366930297098	2	958	232	click
1368305981426	133	411	362	show
1368963283292	75	987	436	click
1368688106389	150	495	257	show
1368072438434	107	545	477	click
1366382623318	27	960	171	show
1373249266891	49	29	440	show
1366604070219	134	27	331	show
1370824083409	119	788	128	show
1372785517055	35	981	483	show
1368899584003	123	51	187	show
1372082784047	113	935	392	show
1373726369493	87	535	401	show
1373576922753	137	764	465	show
1370092616302	48	827	229	show
1367280642545	40	29	10	click
1369762843440	26	167	437	show
1369251117780	108	404	308	click
1371242222737	64	953	452	show
1370260212668	124	914	416	show
1373422678110	66	786	249	click
1371252938591	63	441	287	click
1371732778891	19	835	122	click
1373421529052	56	40	46	click
1369752111892	115	441	311	show
1372081739218	90	355	367	click
1367189382084	35	733	198	click
1370368758691	99	894	456	show
1372206425863	55	313	360	click
1368358211546	95	644	350	click
1372334683263	105	45	441	show
1373130980621	118	278	149	click
1370126540239	27	287	204	show
1373167617729	53	542	287	show
1368708825623	1	338	497	show
1371509274515	5	454	191	click
1367955273195	88	926	479	click
1373750639219	42	209	45	show
1368194371602	139	106	218	show
1369196833853	41	365	40	click
1369312722593	98	628	47	click
1371401374783	54	919	372	show
1372455180079	61	273	139	click
1368209590731	136	846	394	click
1373689101511	36	825	34	click
1374072216543	29	821	319	show
1371445450104	71	643	151	click
1368774744323	47	23	106	click
1369948105627	117	228	362	show
1372803981943	136	76	45	click
1373500888715	125	717	40	show
1371205288070	80	867	80	click
1372384836663	146	944	33	click
1367669127308	130	482	136	click
1366672853261	57	209	100	show
1372350392469	68	229	309	show
1370794819253	65	640	172	show
1372382721311	131	426	327	show
1367846338446	25	694	315	show
1367484552314	134	955	122	show
1371492991603	40	646	466	show
1366711552823	145	106	188	click
1367284557980	5	7	85	show
1373419976250	35	187	246	show
1369825103323	77	628	188	click
1367029417191	67	970	461	show
1373366219233	27	646	133	show
1373716355837	42	863	306	click
1372790378766	50	401	446	show
1370948915164	67	156	160	show
1371787654800	78	524	108	click
1372474204607	1	456	112	show
1369506294455	37	392	126	show
1367690240343	92	24	229	click
1373381416359	138	445	411	click
1369612928505	37	84	9	show
1371264301822	100	666	322	show
1368825007912	98	457	496	click
1368481224279	38	537	267	show
1367527104619	6	476	46	click
1371118400458	41	871	433	click
1373672578154	103	214	189	click
1369532619437	110	63	304	show
1367443259656	20	416	440	click
1372806455386	73	183	490	show
1371159224292	131	291	341	click
1371090991802	72	765	297	click
1367718369248	109	652	211	click
1368976232688	111	408	323	show
1370429954150	147	168	306	click
1366364639444	115	80	68	click
1367881837047	102	968	463	show
1370436310681	144	400	384	show
1373397979093	89	413	435	click
1368808342325	74	14	287	show
1366426706574	1	807	181	click
1369769953055	19	216	190	click
1368991789656	70	11	165	click
1370163211467	95	776	145	show
1369024731038	8	600	241	show
1372844093174	144	549	86	click
1370401018068	72	639	497	show
1370290861237	60	304	326	click
1370690660212	131	770	178	click
1372598164479	53	525	104	click
1371378150208	66	826	121	show
1373631925137	80	904	483	click
1370556314482	77	141	46	show
1368626302135	86	273	212	show
1367033194226	7	286	129	click
1371950349675	26	609	12	click
1371911050011	149	743	77	click
1366463954274	60	74	460	show
1369161056511	52	640	399	click
1372271556663	91	530	100	show
1371945976458	57	800	73	show
1370237009967	21	840	228	show
1370777743201	95	275	414	show
1366695454103	96	33	187	click
1369302648304	47	823	310	show
1367013865527	94	26	202	click
1370921638121	17	243	60	click
1372789703355	7	47	20	show
1370432530761	123	90	167	click
1372747473516	143	827	320	click
1370459524853	43	116	297	click
1373090743771	68	656	121	click
1370754463870	138	242	260	click
1373585674064	128	474	369	click
1373509095190	115	431	94	click
1368435221397	4	278	159	show
1368855880343	146	656	358	show
1368839985012	139	185	344	click
1372306921368	6	80	470	click
1366638670804	17	554	120	click
1370730274263	7	646	235	click
1372768194164	144	759	42	click
1373880994120	44	707	450	show
1370121459706	133	609	334	click
1370390368704	116	538	273	show
1374050202570	34	33	50	show
1372169535913	95	88	186	click
1366970489149	39	845	138	show
1369209981760	90	300	428	click
1368289716764	91	578	381	show
1373790573460	150	369	118	click
1373986392571	147	39	257	show
1369676672308	31	440	40	show
1373131471757	90	824	377	click
1368391805288	136	367	279	click
1370249403310	150	831	191	click
1372797008159	80	361	107	click
1370733359585	138	424	124	click
1373183769315	94	497	152	click
1366602215537	54	641	358	click
1372018345352	36	45	414	click
1368346212657	61	803	32	click
1371021455424	65	252	122	click
1372965163804	19	682	125	click
1367774017768	102	281	93	show
1366803264196	145	700	451	show
1371729763678	61	529	285	click
1373150844080	136	873	26	show
1371258463049	146	826	422	show
1373788656314	71	419	60	show
1373250349692	36	269	184	show
1372379177587	1	952	163	show
1372518853964	99	428	165	show
1372223236093	45	993	91	show
1371941361523	17	133	177	click
1371061472115	143	939	73	show
1370396242819	9	166	130	show
1367946290082	48	862	376	show
1366377370221	6	91	129	show
1372565441346	40	913	268	show
1369850221034	95	246	113	show
1369010638592	134	231	211	show
1366619518182	94	327	370	show
1373251472896	23	145	477	show
1366785905659	87	360	434	click
1372473998934	111	387	457	show
1367000395294	109	233	83	show
1368480225542	140	706	138	show
1372409899396	70	502	139	show
1368518845116	93	490	466	show
1367443709098	4	922	381	click
1370867543979	125	664	324	click
1373153061974	90	27	155	click
1370581677510	80	399	15	show
1368895718946	98	140	141	show
1373340167794	99	891	312	show
1370277589571	118	996	124	click
1370148792626	29	349	468	click
1371722298501	119	498	304	show
1370042322040	104	929	2	click
1366579320621	96	327	6	show
1373439382190	67	223	426	show
1371568345850	113	657	464	show
1371980913388	112	99	294	click
1373756258813	143	176	440	click
1368199127545	58	541	368	click
1370852973183	145	225	451	click
1374090402125	123	684	131	show
1367740987500	16	800	116	click
1367078704395	115	650	91	click
1374154190509	111	110	394	show
1369627698414	6	909	378	show
1368578420577	22	472	160	show
1373609672996	146	201	202	show
1371643479310	99	564	162	click
1369017027569	91	700	20	show
1370509074722	129	396	248	show
1369840511648	38	125	37	click
1366991560352	101	135	213	click
1368523496755	114	788	238	click
1373334792937	139	834	177	show
1367719901987	144	175	374	show
1366643050773	5	686	404	show
1370686514790	108	962	200	click
1368132291379	79	965	240	click
1373099436783	51	9	199	show
1369575869786	33	769	202	show
1373942248885	87	938	365	show
1370592883862	39	898	280	show
1368152265171	52	804	353	show
1374112784894	121	35	411	show
1370548649184	129	354	172	show
1369401996401	44	148	141	click
1368955143518	104	664	174	click
1369062692603	23	715	259	click
1373062448828	87	891	158	show
1367784423137	91	495	252	click
1366397260295	136	781	459	show
1366934184931	10	916	464	show
1372378816788	81	954	405	click
1367899826026	90	615	435	click
1372626654299	72	425	432	show
1369215732152	4	290	29	show
1366573449948	117	98	211	click
1371131196478	94	151	333	show
1369518045471	106	989	463	show
1369649935525	103	611	193	click
1369525010124	102	344	484	click
1372462027935	85	354	254	show
1366883479197	111	143	453	show
1370328096901	65	733	334	click
1372963207358	120	332	45	click
1370188822999	99	231	58	click
1372519305905	56	953	199	click
1367454339649	103	438	471	click
1367267182409	50	26	430	show
1369456040245	33	391	231	show
1367022092012	143	313	301	click
1367254717780	45	658	64	show
1371823013043	116	857	147	click
1373703368651	131	55	444	click
1369295499149	20	214	182	show
1373321664290	105	970	168	show
1368136347335	86	393	129	show
1373785561541	80	163	110	show
1371025322434	111	224	497	click
1372423548110	129	567	152	click
1366466877368	107	123	305	click
1373475541606	135	645	58	show
1368622783919	53	414	49	show
1367654836350	50	343	455	click
1372605030812	105	344	234	click
1372187756188	8	431	91	click
1369051572993	121	526	170	click
1366682856618	15	411	498	click
1372234115461	80	422	289	show
1369043753840	116	161	466	click
1367651062863	55	858	100	click
1369916557219	44	330	488	click
1366615188105	109	37	457	show
1370465685443	9	903	55	show
1367196196695	137	105	368	click
1373518754069	107	703	299	click
1369957697643	55	645	227	show
1372455762134	103	943	59	click
1369363632006	148	853	348	show
1369984330093	47	537	235	click
1372316727298	74	263	276	show
1371446081527	3	887	141	show
1370339373942	65	406	474	show
1369164787563	116	665	38	click
1370948114301	91	912	116	show
1371202050711	149	504	178	click
1369435142589	39	206	143	show
1373812697041	8	413	12	show
1373259113919	85	148	193	click
1367067824970	14	874	479	show
1371977671483	69	235	19	click
1373193342190	63	406	252	show
1368644076864	115	142	188	show
1371085590201	19	447	66	click
1373427301016	26	286	172	show
1368087025498	15	867	428	show
1366690992769	64	380	411	click
1370247830711	15	467	85	show
1372897230839	3	121	245	show
1367061283116	64	829	7	show
1368427124961	11	665	244	click
1369325321097	141	743	19	click
1373157005347	145	801	252	show
1371277655579	21	15	205	click
1371141391409	138	479	270	click
1370860231223	5	302	240	click
1372455236075	101	276	269	click
1372325473715	122	360	67	show
1366665853066	41	515	126	click
1373833537154	7	173	219	show
1370089180722	40	235	476	click
1367748494738	32	948	303	show
1372538884901	59	548	432	click
1371579842445	42	952	220	show
1369924644196	147	622	209	show
1369635274693	34	135	322	click
1369382672127	130	31	367	show
1373202156154	102	29	317	click
1372681772758	37	611	48	click
1373334780970	93	305	56	click
1366896169692	46	158	123	show
1373354737359	142	440	170	show
1366990988735	49	736	256	click
1371897569219	137	173	484	show
1369962457624	85	80	317	show
1366542118857	59	519	69	show
1368097760692	126	188	324	click
1373276638779	78	833	497	show
1370836861453	135	586	145	show
1373766644458	78	172	423	show
1373772392408	53	513	467	show
1371735862159	1	321	79	click
1369307370363	42	566	116	click
1371516880230	137	210	337	show
1368730717935	83	232	494	show
1366662924528	66	481	117	show
1371014867541	2	643	8	show
1366553359505	85	361	82	click
1370058274366	35	527	43	show
1368761166344	116	30	462	show
1367843131437	35	901	18	click
1370602928275	12	899	214	click
1373417690831	74	589	57	show
1370377608049	44	298	63	show
1367006660912	20	270	189	click
1367652076710	141	488	196	click
1368589999467	50	340	186	show
1371271240315	140	132	374	show
1373950476947	30	955	174	click
1370416598978	129	865	224	click
1369429700682	55	582	451	click
1367220027921	115	549	487	click
1370646800386	98	525	211	show
1367517871267	16	143	32	click
1370268762237	136	366	381	show
1369044298497	69	564	90	click
1369130566262	37	411	162	click
1373150587561	111	686	15	click
1370370611920	48	877	440	show
1370899198635	129	164	165	click
1372042037994	99	372	413	click
1371714932471	140	34	399	show
1370139902615	6	866	199	show
1373640232670	24	108	28	click
1366466661365	89	489	271	show
1374165913893	86	127	97	click
1368011081528	136	403	373	click
1370253994658	117	503	207	show
1368375946896	64	764	4	show
1367348707658	71	788	117	show
1367083217177	108	960	106	show
1370067643807	57	129	310	show
1370460804133	11	166	156	show
1367325979546	99	955	11	click
1370984517632	98	564	480	click
1372336486039	92	527	461	show
1368898178976	81	754	229	show
1371735072978	36	817	85	click
1369231972642	64	312	494	show
1373653113595	135	627	109	click
1373884297990	47	518	430	show
1371560449084	102	238	63	show
1367834050599	85	516	165	click
1368200516199	32	678	324	click
1367476407419	99	527	272	click
1373823880490	48	834	482	click
1374161176345	102	521	114	show
1373452565779	137	539	13	click
1373535018807	47	96	262	click
1371208964516	94	172	198	click
1366680514963	4	934	209	click
1366592431004	42	557	145	click
1366495269569	135	725	469	show
1370392680057	36	678	377	click
1370147418210	51	848	134	show
1371320526866	131	217	330	show
1371738475036	119	65	156	show
1370553594029	16	609	95	click
1372459164642	13	276	233	show
1368870696777	137	791	415	click
1369376900531	31	162	242	click
1369957743664	111	889	358	click
1369777714018	117	706	445	click
1369627686563	21	460	279	click
1373321730309	17	222	155	click
1366594291370	122	805	296	click
1369524073306	98	901	448	click
1366514935580	111	493	469	click
1366701822966	90	811	33	show
1373672385539	42	85	188	show
1372634555813	15	32	456	show
1366529322372	87	360	149	click
1371823664943	95	564	141	click
1367460480525	98	368	377	show
1366393022733	52	11	478	show
1372096457188	77	516	250	show
1367361350465	148	701	36	click
1368041606256	113	9	171	click
1372671936579	91	792	396	show
1372392737054	128	13	417	show
1367184883393	72	29	81	show
1368859484663	128	957	483	show
1371274795923	94	198	235	show
1373832584970	83	257	40	click
1368301661295	137	5	236	click
1368757564697	137	959	470	click
1372835278387	50	452	135	show
1370272424299	134	336	414	click
1366725962378	4	552	342	show
1373802621546	64	127	368	show
1367759339607	47	70	182	show
1368287806843	59	968	311	show
1368597424691	24	814	113	show
1369655237161	25	436	40	show
1373054365124	135	218	54	click
1371892743890	117	13	214	show
1373634427662	148	383	126	show
1370341846562	88	115	411	click
1370406208105	27	501	351	show
1369259127643	6	52	266	show
1370655911494	117	524	228	click
1368828326955	27	661	69	click
1370819774412	103	253	487	click
1373887163678	103	189	319	click
1370708959426	146	725	124	show
1370347292400	62	344	293	show
1368389702337	117	397	323	show
1367928602770	26	442	278	show
1367842095528	108	864	3	click
1368273526542	142	580	28	click
1368718271262	125	993	118	show
1367807522690	85	964	158	click
1370772247044	43	486	302	click
1367305529852	37	452	247	show
1371863406842	22	640	440	show
1369813558365	135	964	8	click
1373591299690	77	992	128	click
1366641293498	34	170	59	show
1373153284827	28	470	138	click
1373244863137	148	899	420	show
1372124962172	62	609	263	show
1366362838097	27	188	5	show
1366800094226	149	648	312	show
1367204279444	23	864	252	show
1368204985619	127	330	40	click
1372488730532	93	466	485	show
1368421652171	136	502	137	click
1368514362885	116	886	225	click
1369628957864	8	742	129	click
1372098104115	37	156	493	show
1372198275210	69	749	397	show
1372495302496	106	913	83	click
1367435685989	97	697	64	show
1368392832342	108	43	177	click
1372009396865	16	853	293	click
1368247926600	84	354	464	show
1367953706635	5	469	393	click
1372212056471	17	286	10	click
1369063627588	118	580	467	show
1369374256818	114	758	137	show
1367987264702	62	718	449	click
1368438890000	82	966	374	show
1370771340724	92	105	252	show
1366674809911	71	227	182	show
1373463071147	120	462	496	show
1372110322059	58	304	82	show
1373832175511	24	192	128	click
1369512798121	30	443	450	show
1370152776943	84	931	447	show
1369161534202	17	236	290	click
1369160395437	95	376	354	show
1373463924547	41	59	257	click
1371811393531	113	628	87	show
1367030386351	89	418	441	click
1368397744938	54	477	372	click
1372963310438	35	148	351	click
1370453190252	22	974	356	click
1370445354744	138	164	41	click
1369512552071	14	559	360	show
1372577931063	11	559	97	show
1369825122537	110	374	58	click
1373276355358	77	170	269	show
1370647759382	50	202	99	show
1372861069513	75	316	56	click
1370111641454	83	132	210	click
1373944857771	84	999	136	click
1373801429908	139	389	191	click
1372765857768	140	102	463	click
1368237162215	144	310	134	show
1368184164995	26	405	77	click
1372335623856	98	95	177	click
1367860913848	45	675	170	show
1367736247939	132	443	167	show
1368630807510	2	128	192	click
1367250680215	136	566	218	show
1371296479261	32	687	111	show
1372778450765	106	69	462	show
1372441134949	147	895	314	click
1370023505811	60	740	308	click
1371524753633	36	357	464	click
1372562980182	36	365	99	click
1371902242121	79	360	337	show
1368859664945	52	126	458	show
1372967324428	149	880	331	click
1369057977761	42	772	238	show
1369175619262	99	673	392	click
1372806037051	107	309	420	show
1367033380653	18	377	378	click
1369692788530	4	420	432	click
1371895947270	30	279	36	show
1368889758962	42	834	299	show
1367735098972	93	134	492	show
1374025467604	21	953	9	click
1370197513260	125	977	222	show
1371186023643	136	282	81	show
1366867815973	106	313	262	click
1371722008488	98	946	284	show
1369141208106	114	63	39	show
1371330170115	73	851	200	click
1367386772631	20	867	193	click
1369247756429	135	282	76	click
1372018620883	134	750	129	show
1369703517217	115	417	357	click
1371978882898	124	542	289	show
1367843247739	66	847	270	show
1366733224021	46	966	176	click
1373738135069	38	958	306	show
1368082623132	108	709	280	click
1372502970479	88	74	289	click
1367831781357	140	948	320	click
1372786581431	80	728	499	show
1371204463834	54	872	312	click
1368942667488	25	106	470	show
1374168252608	45	720	195	show
1370898092400	49	419	420	show
1369719149455	146	607	98	show
1368028660665	99	32	290	show
1367551636038	45	702	349	show
1371148198154	55	3	419	click
1366599068138	104	811	189	click
1373167999272	79	919	180	click
1369101208277	104	523	231	click
1373254568343	42	59	424	show
1370354836822	76	734	403	click
1373334512570	147	366	443	show
1366417383845	69	136	355	show
1372207760452	147	24	487	show
1373332794270	29	394	390	click
1371597117751	53	489	174	show
1367706388167	48	40	4	show
1367921433966	25	561	319	show
1371844132809	142	346	288	show
1371172936798	10	325	132	click
1374044181933	129	203	61	click
1370796170968	54	983	1	show
1369371524033	145	904	260	click
1367714827070	48	603	264	show
1368727503299	78	432	263	show
1367246672939	140	365	425	click
1366913954127	81	926	78	click
1372522976945	3	751	205	click
1372379461732	90	928	310	click
1366633153762	31	545	41	show
1367041313367	93	294	349	click
1367932575859	3	555	284	click
1370779321950	113	480	401	click
1373363594954	143	408	339	click
1368098440017	79	652	471	click
1368940573517	105	271	189	click
1367116075183	11	736	452	click
1367624219471	79	849	471	show
1370954602950	144	371	433	show
1372253691801	114	755	500	show
1368148982823	89	553	482	show
1371813984271	84	576	179	show
1371574437961	114	407	118	show
1367443432861	140	881	284	click
1370581150627	19	457	70	click
1371317200753	58	255	126	show
1372997549977	147	303	238	show
1370083830620	26	322	239	show
1368904399683	13	507	118	show
1372253082900	76	560	318	click
1368027149460	46	848	32	click
1368832500870	43	167	44	show
1373078705636	72	118	443	click
1370830175252	19	652	52	show
1366459455509	84	988	128	click
1368854189047	31	480	63	show
1370536641304	150	209	1	click
1369026209765	119	7	427	show
1368438515621	118	960	266	show
1373138015616	24	931	429	click
1369233039235	122	316	159	click
1369509836996	48	152	205	show
1368856678139	138	483	9	click
1368604766333	120	969	206	click
1374014317888	131	874	417	show
1367354929346	80	732	149	show
1372221415596	11	450	275	show
1371134573669	8	15	450	click
1372472555032	68	632	391	click
1372148797391	13	601	368	click
1369897305633	125	194	469	click
1369387141707	84	582	332	click
1367511377552	61	205	170	show
1368487724783	58	820	212	click
1373498260469	88	303	291	show
1367821008434	95	593	144	show
1370198837263	143	635	67	click
1368054350783	45	826	227	show
1372942598997	111	332	242	click
1366851214187	85	262	288	click
1372111850476	69	634	121	show
1370605610097	99	704	489	show
1370770853919	100	934	407	show
1372444408395	144	227	317	click
1368200615245	83	627	369	click
1372429275394	37	938	357	click
1372509738839	102	436	213	click
1372993343120	63	154	421	click
1370861606211	78	41	3	click
1369772931204	33	190	147	show
1369782549837	115	914	438	show
1368699610261	86	855	228	click
1372147443523	108	44	248	show
1374155462508	11	918	373	show
1367823440767	48	229	156	click
1367202171850	5	84	196	show
1371240854750	137	93	499	click
1368795315176	7	679	356	click
1367878510052	113	50	34	show
1372986114881	146	691	10	click
1367783650146	107	138	375	show
1371681542680	133	271	77	click
1366554261490	69	296	408	show
1371017141175	52	632	187	click
1369381533407	138	191	190	click
1372652754574	96	859	451	click
1370407387747	43	812	72	show
1368743906667	46	854	289	click
1372180777869	147	721	33	click
1369938401016	16	464	201	show
1373132322664	22	601	157	show
1368453628133	61	103	491	show
1371106829444	133	575	387	click
1373213571435	121	742	169	show
1369863406885	93	533	363	show
1371480027584	44	518	8	click
1374098127061	7	522	336	click
1371003754139	18	343	97	click
1370480946528	139	797	246	show
1369372653093	28	996	159	show
1372670265558	26	605	196	click
1372383271107	108	611	406	click
1367056754495	128	462	81	click
1374161870262	102	401	228	show
1366806289817	94	770	312	click
1371357947059	130	585	323	show
1370410369152	102	135	407	show
1369610450213	9	613	157	show
1367541022602	109	295	495	show
1370504200131	12	325	380	click
1372462487009	1	265	274	click
1367249743638	94	474	24	click
1367722179336	102	672	367	show
1373758545246	42	664	139	show
1373991154823	119	201	429	click
1368088348021	76	951	112	click
1366684309601	35	617	306	click
1366381297888	67	356	160	show
1367039476349	104	187	42	click
1371732800387	117	564	246	click
1371656956912	60	87	297	show
1369531140981	133	179	334	show
1372253681494	56	710	320	show
1367844259228	60	848	347	click
1370522960432	22	905	37	click
1373859610197	104	471	119	show
1367421282809	53	587	175	show
1369655931809	22	240	317	click
1367093954277	5	934	463	show
1369947237609	83	816	102	click
1370166115949	107	642	278	click
1366690962939	127	92	174	click
1370124736929	52	980	174	show
1373446835798	99	680	38	click
1371021600459	120	949	320	show
1372067342895	1	316	181	show
1369918193810	114	623	134	show
1369081031933	67	1	474	show
1373188117224	142	480	399	show
1370299481170	107	50	34	show
1367492417043	142	830	245	show
1368976005105	48	140	32	show
1372259228090	150	132	296	show
1370655023224	145	640	17	click
1368737499307	122	313	330	click
1369890013626	129	636	471	show
1368871760400	32	700	31	click
1373405706027	129	306	233	show
1368859345910	128	745	74	click
1373075251352	128	546	1	click
1368377494955	9	932	314	click
1368305606318	70	98	202	show
1368837091367	49	272	62	show
1366999584218	47	764	91	click
1369958904659	115	167	387	show
1369724572948	43	571	306	click
1368177311464	138	724	409	click
1370982018670	149	520	449	show
1372345483921	42	154	407	show
1370310678868	63	982	491	click
1366923935243	117	952	379	click
1370808520431	128	980	419	click
1372277231776	119	122	424	show
1366944202622	32	523	196	click
1370896152156	126	726	16	click
1367237133217	127	641	8	show
1371939738957	11	689	425	show
1372295398817	117	114	223	click
1372817115556	56	134	84	click
1371055450970	36	734	491	click
1368052502859	134	263	427	click
1371625281237	121	41	419	show
1369060430792	66	384	149	click
1366674966792	2	852	93	show
1373641232257	142	767	302	show
1367632691286	133	703	255	click
1369194039370	46	40	316	click
1372409410930	17	118	352	click
1370164112639	40	826	443	show
1368010100705	6	474	386	click
1367758845478	84	138	305	click
1367146361328	24	857	140	show
1371290153674	72	966	433	show
1369547513194	75	783	215	click
1367656314146	89	937	399	click
1373254622120	25	667	222	click
1366907531733	125	94	81	show
1367868923066	142	892	14	click
1372141959930	140	214	96	show
1374151412148	97	944	289	click
1371213803903	106	583	442	click
1367468228583	85	728	268	show
1368165881791	86	694	174	show
1372442966094	48	757	464	show
1374163311560	100	292	29	click
1373049917390	108	76	244	click
1373638942385	59	409	64	click
1368399583903	39	285	363	show
1373416153664	114	796	326	click
1369256429729	51	221	445	click
1368890499275	142	485	76	show
1370130298491	112	950	248	click
1368013509810	86	66	14	click
1372681901412	26	410	302	click
1373837775025	60	226	42	click
1372714845906	21	939	169	click
1369356327592	58	641	362	show
1371251699007	13	949	176	show
1366566564006	129	278	155	click
1371076921024	26	766	225	click
1371784937107	93	817	236	click
1371286518763	133	717	103	show
1371222423674	41	881	475	show
1370991405787	93	366	236	click
1366421179839	35	207	288	show
1367796817499	101	777	88	show
1370319059111	92	712	437	show
1374189613471	48	875	16	show
1366951493463	107	891	391	click
1371480644425	124	682	203	show
1369132927179	68	190	56	show
1372117414112	10	667	93	show
1368715449014	33	504	463	show
1372399248700	110	37	422	show
1367879699561	28	575	448	show
1372656925799	93	875	391	show
1373024219638	9	291	391	show
1371795710118	107	416	335	click
1372101057770	17	415	372	click
1369570551572	31	676	315	show
1368108573260	5	113	224	show
1372404234413	95	225	371	click
1369705990886	113	672	151	show
1369426653468	150	311	413	show
1373078978937	116	114	434	click
1369496112164	67	746	287	click
1367715458887	89	316	436	show
1367734355728	140	684	471	click
1367186951149	24	556	215	click
1372650077439	111	703	54	show
1373335334527	21	17	303	click
1369465571666	57	535	215	click
1368695823739	112	749	258	click
1373092851919	121	242	120	show
1370488115095	12	26	190	show
1368523151010	144	506	404	click
1370030726873	89	838	316	show
1371799235824	60	933	490	show
1369213283558	127	624	296	show
1370766568069	139	997	88	show
1373741031859	108	321	484	click
1372722159099	43	167	477	click
1366908406784	64	982	32	click
1372189353213	23	145	38	click
1370024049337	70	227	186	click
1373675507051	119	38	388	show
1373465739659	141	15	269	show
1368849851333	119	885	373	click
1367520465255	38	816	192	show
1373163485870	41	916	142	show
1366747257125	128	958	305	click
1368650354097	110	457	380	click
1368794942467	11	192	146	show
1370490422765	16	423	61	show
1371488029248	29	542	28	click
1369392435971	122	612	348	click
1369378037341	71	185	297	show
1371120715830	38	418	487	click
1370836207514	131	912	311	show
1373742762678	108	182	447	click
1373099499432	103	778	96	show
1369513936825	122	931	242	show
1369316382210	41	443	311	show
1372734214976	31	403	444	show
1366728617695	137	486	308	click
1366422349055	89	236	126	click
1368326934794	107	997	219	click
1368932224256	24	165	61	show
1369431445707	16	334	452	show
1372651435815	147	486	460	click
1366635336621	18	234	94	click
1368666559992	101	274	261	show
1367121345764	72	513	147	click
1373546573835	37	800	462	show
1367808563438	16	869	310	click
1368227449969	5	359	369	click
1370144046114	86	44	312	click
1371852345323	128	239	80	click
1370080256441	4	964	52	click
1370776145853	18	31	277	show
1369036835081	124	480	270	click
1370811827756	128	523	492	click
1373239385103	17	183	142	show
1367596077958	40	900	362	show
1373350415256	75	662	294	click
1372363723151	69	783	423	show
1368651687306	100	999	60	show
1367380064027	86	712	379	click
1371557576801	9	677	4	click
1370156844651	6	606	30	click
1369474173906	101	258	135	show
1372130238824	145	238	15	show
1371906976582	123	709	359	click
1368175734982	104	965	22	show
1367293967288	136	952	8	show
1372621869074	134	49	224	show
1373455192209	137	97	385	click
1367478414784	15	462	104	click
1366981018512	138	713	249	click
1373922353843	58	364	72	show
1368866140862	140	250	281	show
1373269137034	58	90	256	show
1372939476744	48	300	165	click
1367034112087	36	347	138	click
1370544300091	95	897	456	click
1372702597324	97	178	186	show
1374059515312	60	641	247	show
1369706893775	100	651	95	click
1369633107369	9	42	470	click
1369140250962	143	308	334	show
1370009918555	112	134	207	show
1373858212151	89	174	79	show
1367732758162	22	337	401	click
1370558163771	99	428	88	click
1372311542362	106	435	426	show
1370138423079	116	131	21	show
1372140194621	2	635	228	click
1371053987370	59	883	406	show
1371868321634	74	687	139	show
1371036049328	15	448	445	click
1368766988148	121	660	146	click
1366345655922	77	596	194	click
1370019608788	141	744	486	show
1371047164765	146	101	238	show
1366515511255	86	508	133	show
1366360907083	40	887	425	click
1367086797115	12	452	125	show
1367278262411	103	155	7	show
1374060268942	80	698	43	show
1371225885734	37	659	156	show
1371838828595	147	680	306	show
1370318671490	33	333	51	click
1371649073480	136	987	227	show
1372230558040	91	974	182	show
1372033670909	34	849	246	show
1368392395182	99	68	63	show
1369229415532	101	876	182	click
1369694905687	43	408	196	click
1366924920756	80	577	87	click
1373129196630	130	1	242	show
1373417370131	47	851	289	show
1370866442621	123	360	259	click
1371464227300	140	747	279	click
1372567539283	102	800	104	click
1374121012040	140	255	223	show
1370815670586	76	583	327	click
1370888525056	69	430	352	show
1368412670119	72	671	325	click
1374162313245	80	483	10	click
1371906000090	84	627	279	show
1369137194313	121	952	330	show
1369202567147	102	794	471	show
1372251391045	48	353	40	click
1368343128530	95	751	479	click
1371658580681	121	591	356	click
1372639643902	14	135	444	click
1372963169890	21	179	173	click
1369262339010	110	211	438	show
1373437536093	109	566	214	click
1372579176176	31	4	360	show
1367683849391	19	801	499	click
1372261013710	18	926	408	show
1366388314025	137	603	330	show
1372267993230	54	190	167	show
1369296855500	83	141	179	click
1368041951237	34	168	197	click
1367773053048	39	432	229	click
1370681915413	20	771	164	show
1369664972638	49	165	298	show
1367600607188	27	313	40	show
1367978822605	46	947	244	click
1369945166678	30	708	51	show
1369323329169	113	761	270	show
1373637296394	44	789	327	click
1372010979701	57	814	248	show
1367409793653	94	360	130	click
1368268253627	67	89	29	click
1370501869277	80	543	259	show
1371779354744	142	317	141	click
1373546452852	15	679	177	click
1372992993676	89	10	194	show
1371953724567	141	161	462	show
1370676895369	76	786	136	click
1367405862274	148	780	313	show
1370351831868	69	554	65	show
1373263544192	145	914	486	show
1371520647456	97	804	224	click
1369099656016	73	364	275	click
1372870668720	76	90	153	show
1366455299472	53	254	197	show
1373476345226	79	720	160	show
1373771511481	117	608	407	show
1369711013174	116	267	84	show
1370976728418	30	217	448	show
1372237549889	84	573	333	show
1371504502718	149	427	356	click
1372380640310	59	228	218	click
1371650640985	41	919	235	show
1373657814923	7	494	198	show
1368013431228	74	946	204	click
1370649454188	44	444	333	click
1366374268869	147	82	34	click
1372220147126	4	277	188	click
1371778638091	86	32	357	show
1371755389973	21	930	137	show
1372552837515	109	50	114	click
1369001668175	17	88	222	click
1368727349238	99	122	290	click
1367840471663	41	68	193	click
1373741152487	93	645	377	click
1372100676332	139	561	333	click
1368942243301	114	319	313	show
1370986346992	124	499	189	show
1372260049542	49	995	76	show
1368418792242	106	396	357	show
1372384914925	140	846	291	click
1367822177219	5	243	277	show
1372437257670	91	664	11	click
1369239941326	41	973	488	show
1371098506694	50	503	128	click
1368780445528	93	487	186	click
1371566865728	86	518	345	click
1370220512094	38	578	84	click
1369239359219	6	430	220	click
1370146996918	62	435	161	show
1366384668615	59	200	372	click
1369709130840	127	239	167	click
1369219085662	22	704	121	show
1366555007400	138	188	111	show
1370304315541	119	39	498	click
1373453912090	140	736	332	click
1369621047669	24	3	471	click
1366641409336	32	933	22	show
1366992497028	16	857	365	click
1369720067388	43	285	162	show
1370438927776	32	628	415	click
1367307422840	60	677	3	click
1370092976179	13	108	356	show
1371637640420	133	484	412	click
1373712315675	32	689	102	click
1373737118043	137	164	68	show
1371266160332	98	528	332	click
1373245177922	54	470	7	show
1368249465722	17	961	486	click
1367974518588	28	327	413	click
1367655004385	94	622	452	show
1373814458458	1	426	26	click
1372272108787	91	81	105	click
1373405954298	146	931	73	click
1366623967313	74	145	189	click
1372602102998	123	726	441	show
1368730815178	14	856	368	click
1367663656120	48	665	131	show
1372066399228	141	177	120	show
1367523344647	56	395	374	click
1370486754449	82	553	142	click
1367352079458	96	561	280	show
1367892396643	82	890	468	show
1367151385168	145	516	444	show
1366791772550	64	957	370	click
1366954751719	24	900	485	click
1367409411771	143	98	26	show
1368519696625	141	509	161	show
1372551157011	105	513	147	click
1367557080148	82	983	221	click
1373865587097	59	385	205	show
1367284204056	29	105	95	click
1371294372092	102	912	386	click
1369932195160	99	217	199	click
1372638345916	2	142	412	show
1372366088367	43	386	360	click
1372255227319	43	38	309	show
1367549493044	112	828	464	click
1366521430463	113	118	493	click
1368672040802	30	610	355	click
1373481733476	50	583	40	show
1373327733743	7	751	307	show
1366900840763	109	607	66	click
1370330911861	60	911	101	click
1367023116610	69	276	28	click
1370455438343	7	722	221	show
1367946882466	113	222	441	show
1372587279039	13	683	417	show
1369900642123	36	713	454	show
1372128992695	1	41	95	click
1367048962815	100	322	392	show
1374076340082	113	865	221	show
1369777928820	31	408	366	show
1366419615943	39	371	84	show
1369357224356	114	997	348	click
1367317963775	25	249	298	show
1367360629053	117	248	290	show
1372644211509	81	33	179	show
1371949374460	64	790	58	show
1367067407031	54	710	138	show
1367103033350	44	168	425	click
1371016416714	53	103	331	click
1373053533752	106	685	431	show
1369386821452	48	475	280	show
1371009676135	16	284	255	show
1368042651584	131	540	483	show
1371467079614	100	618	482	show
1372441301776	38	720	4	show
1372558701229	85	932	248	show
1369621124468	142	742	439	click
1373048976838	120	991	16	click
1372452116906	34	766	365	click
1373676985019	121	203	40	click
1368946790309	142	99	243	show
1371923267827	147	606	344	show
1372933382669	147	571	374	click
1370174213835	58	953	336	click
1368249136891	96	540	257	click
1371213737445	35	50	78	click
1370647090028	91	507	160	show
1370643931456	80	60	237	show
1373968548240	3	584	354	show
1367108124061	34	728	138	show
1370277418772	147	202	325	click
1367967831535	24	421	486	click
1369951203518	30	228	134	show
1373808857521	79	300	211	click
1369418041879	118	112	369	show
1370115597316	68	891	313	show
1373972817877	17	514	46	click
1367236289490	87	793	478	show
1371683787020	57	510	244	click
1373448467942	148	458	278	click
1367774968829	126	174	66	click
1371101971325	145	875	238	show
1369998819429	26	129	320	show
1367625247680	115	57	94	click
1367128482627	89	432	395	click
1373325257643	128	783	406	click
1370002583901	146	282	329	click
1366517612772	37	215	156	show
1370739195762	124	190	92	click
1372984823018	14	666	127	show
1371689984965	98	453	59	click
1368412802369	14	407	454	show
1373675721549	63	932	270	show
1369268389321	4	148	269	show
1372769229384	95	825	458	show
1373193935271	66	381	146	click
1371888520798	46	960	280	click
1368224147499	129	636	403	click
1373312503659	97	1000	73	click
1369827630241	101	702	198	show
1368511446217	86	913	187	show
1370932304501	35	834	333	show
1370845051500	65	449	90	click
1369955041345	143	655	348	click
1373186702259	39	511	254	click
1372584802521	94	837	312	show
1368678391451	41	245	313	show
1371777707993	141	993	487	click
1374026388700	124	416	421	click
1369747856422	104	458	435	click
1370640849377	108	775	340	show
1372256293191	137	280	431	click
1368469591912	150	67	390	click
1373312591990	12	898	174	click
1369184678248	100	907	406	click
1372746795576	86	938	275	show
1369360309333	106	81	171	click
1366448890199	12	244	254	show
1372887549975	91	715	64	show
1373341850270	84	206	111	click
1368958188016	115	28	78	click
1373372989409	52	922	2	show
1366658608237	127	818	458	click
1371940613395	21	843	90	click
1368576265012	65	481	381	click
1373552473388	65	489	144	show
1373185161133	11	274	388	click
1374058659556	43	636	225	click
1371369508275	62	791	123	click
1373897614515	134	691	154	show
1373365799554	61	68	364	click
1371828255642	86	482	365	click
1372719086816	114	461	489	show
1367825785055	121	616	490	click
1374139574108	49	727	25	show
1370672315725	25	356	340	click
1369653731497	134	927	286	show
1373342326808	138	377	203	click
1371487914693	7	235	11	click
1374016771032	60	170	60	show
1370355454629	105	96	365	click
1366944240039	58	561	85	click
1373321002991	60	187	161	click
1372288399502	126	424	445	show
1368166874630	150	556	405	click
1367756693569	92	631	271	click
1369783950819	134	351	133	click
1367919244154	125	509	76	click
1372799784806	38	322	91	show
1373709310890	110	829	381	click
1368121388210	67	573	426	click
1370898112525	62	753	417	show
1372926673927	136	764	469	show
1371137880538	149	198	326	click
1368700367723	140	885	349	click
1367517122628	136	699	308	click
1369103946803	87	557	104	click
1367208007304	3	497	179	click
1370689751672	122	605	373	show
1373817365905	31	29	486	click
1367736606193	120	503	84	click
1374138385698	8	681	329	click
1367913405918	132	773	458	click
1366535489354	58	530	381	show
1373569587726	115	833	339	show
1368792622442	103	591	122	click
1368680951243	2	782	401	show
1368621587630	91	250	367	show
1373897618323	132	54	113	click
1366625551355	111	469	291	click
1371771430309	39	562	400	click
1371413417243	46	789	338	click
1371513229324	144	697	176	click
1367750665077	123	328	140	show
1372370543708	1	959	383	show
1369920665661	81	351	152	show
1368455474643	119	145	300	show
1368913709846	7	727	249	show
1371230884084	38	874	353	show
1369685872026	32	746	359	show
1372615053404	62	383	250	show
1373889394116	114	995	151	show
1371405107212	89	799	239	show
1367165749815	123	548	70	show
1371524916807	53	901	83	click
1368737589818	105	657	380	show
1373514600315	120	368	265	click
1373495092727	39	328	456	show
1367597789673	70	659	130	click
1371117739757	56	596	291	show
1369530520393	27	332	445	click
1367459592630	107	631	217	click
1366428394500	24	935	328	show
1368585760848	37	5	70	show
1368539592106	32	309	29	click
1374101026535	123	240	218	click
1372825586371	18	740	171	click
1372086518663	129	235	364	show
1372463883963	52	817	219	click
1367850250916	12	343	13	click
1372529556260	149	828	333	show
1374133243751	101	94	34	click
1371255735090	49	532	100	click
1369725010152	29	486	204	show
1366732571659	34	647	212	show
1371222147493	80	724	302	show
1370851600853	118	309	378	show
1373314628591	57	390	187	click
1368744399916	57	783	176	show
1369284076518	72	804	33	show
1369625289562	5	610	36	show
1371337085769	99	356	130	click
1368037103424	97	608	179	click
1374191679221	37	45	466	show
1374066007354	63	931	403	show
1371100284862	69	424	263	click
1373508427227	88	878	82	show
1370877788553	70	780	47	click
1367097209534	40	779	348	show
1369610401655	118	203	53	show
1367421435875	142	182	434	show
1369332782398	5	514	493	show
1369983795502	38	763	396	show
1367853706837	29	631	87	show
1373847242045	27	13	326	click
1372910840114	69	887	243	click
1370027050792	92	97	130	show
1367048826789	67	90	140	show
1372471101033	71	420	447	show
1368226277298	92	100	407	click
1369348656583	145	829	265	click
1370689590069	71	282	94	click
1367113027125	100	324	432	click
1373535770313	40	955	204	click
1373862423556	117	712	165	click
1370341043144	68	467	354	show
1371406898909	4	608	9	show
1367767662827	7	940	250	show
1372906199377	75	572	362	show
1370307775208	117	478	84	show
1371682644078	133	769	169	show
1373911674976	99	27	24	show
1373825329823	6	467	376	click
1367280101349	13	113	82	show
1368415741532	36	648	483	show
1373416732699	10	914	203	show
1370264725678	82	556	14	show
1369192562685	114	46	123	click
1372821099215	103	999	74	click
1367727260883	118	334	449	show
1373682187815	104	690	120	click
1368444881919	140	308	176	show
1368060564026	42	112	430	show
1370677223773	144	484	164	show
1369570288608	73	256	127	click
1369086861724	16	444	49	click
1373347255031	4	473	200	click
1368578958766	104	94	211	click
1372700506236	107	295	131	show
1372319061429	123	577	223	click
1372269739494	119	249	353	click
1367395790199	77	374	379	show
1371186373984	68	422	67	click
1368032747762	65	830	5	click
1371221928034	78	500	466	click
1370693689357	92	279	447	click
1367921557667	95	666	144	show
1372202753842	69	317	434	click
1371425330975	137	231	328	click
1367954810966	98	238	211	show
1369610650645	54	378	71	click
1370585430547	52	580	3	click
1367051048658	8	773	392	show
1371787799727	78	134	31	click
1370184152326	22	20	260	show
1373465210472	111	143	143	show
1372792920127	6	86	373	click
1366887202344	86	939	63	show
1367098835840	49	89	331	show
1368641874402	18	740	300	click
1367229675634	20	416	256	show
1373550775621	44	880	176	show
1372711513594	146	770	291	click
1368532065676	105	715	283	show
1367338144482	82	770	417	show
1369054107589	18	340	364	click
1369584440057	18	343	350	click
1370608532295	24	137	8	click
1369235835496	24	339	298	show
1366876353277	135	449	443	click
1368074705638	85	530	143	show
1371520306011	100	587	242	click
1370461699973	132	243	86	click
1369837124877	110	406	251	show
1366667148131	59	493	465	show
1370911078153	26	911	14	click
1372673385522	7	418	192	show
1372363567350	33	227	382	show
1367530600645	16	22	355	click
1366743433114	108	838	477	click
1369777979079	44	818	401	click
1369297422283	18	372	74	click
1369180827730	3	705	29	click
1370964915782	50	382	93	click
1371638631751	74	601	248	click
1367503497461	15	858	333	show
1368433736951	63	578	147	show
1372734704081	69	373	47	show
1373010756750	8	770	71	click
1367613543013	61	968	282	click
1367371441969	78	363	202	show
1370953700195	29	330	1	click
1373543252718	111	179	67	show
1367177259216	128	418	2	click
1369159060855	70	73	123	show
1372391771203	150	514	357	show
1368561204582	25	221	421	click
1372058421638	142	548	351	click
1373468732855	42	364	108	show
1368798497187	70	190	284	click
1369987107100	128	246	377	show
1371185781652	38	262	226	show
1372293481762	10	406	316	show
1372919693662	62	734	427	show
1373863597447	53	315	241	click
1369909168529	73	384	102	click
1373624025801	70	537	141	click
1372692606491	8	871	81	show
1372588340992	89	395	14	show
1369908561929	13	636	229	show
1372323800158	56	348	484	show
1369190422800	65	7	290	click
1370775033442	77	32	310	click
1368646019214	51	336	309	click
1373382530622	38	58	476	click
1368277088964	124	205	333	show
1369119487073	48	324	87	show
1370632053094	10	349	112	show
1370270096388	76	258	451	click
1370470442294	30	515	47	click
1373147473637	139	120	134	show
1373142197234	134	632	469	click
1372082466345	56	793	49	show
1372995481573	86	863	140	click
1371770415863	17	748	208	click
1372869421725	120	29	479	click
1371267747625	23	727	11	click
1370527866501	55	977	94	show
1370217458538	112	636	330	show
1368918704512	40	631	452	show
1367685268941	46	905	31	click
1367387721706	138	44	69	click
1371973811821	17	866	469	click
1372648429879	121	419	382	click
1370766982907	4	256	401	click
1370302119346	46	215	437	click
1373685456287	101	842	420	show
1373792216918	136	340	339	show
1367791711614	71	859	405	show
1368940353676	59	149	267	show
1369178823301	9	842	311	show
1373618131131	27	990	338	click
1371471926307	71	970	56	click
1370224657466	37	406	370	click
1373609514499	123	755	498	show
1368950009658	62	864	9	click
1369522201643	10	939	144	click
1372766208954	149	78	402	click
1369703324134	81	35	20	click
1367409489143	33	21	247	show
1369596749083	27	468	20	show
1367189564728	74	614	478	show
1370961889570	66	285	80	show
1368153100279	100	714	69	click
1367965437032	71	922	270	show
1369437913213	45	167	59	click
1372678930085	66	791	229	click
1371095142711	3	685	287	show
1367809681873	97	14	325	click
1373136888918	45	600	99	show
1373439363202	37	997	25	click
1374002857095	134	850	299	show
1372043807876	111	204	13	show
1368204461357	106	945	377	show
1373438140730	54	622	301	show
1371932374586	31	224	39	click
1367980650987	137	595	133	click
1366382909399	66	354	208	show
1372023771979	133	425	270	click
1371516467483	82	813	9	show
1369196628414	75	318	413	click
1367965240051	126	959	487	click
1373913891935	36	352	350	show
1369885230331	1	502	173	show
1369355780530	71	821	87	show
1367455473883	109	414	211	show
1370094129872	4	148	87	click
1367011928304	72	100	479	show
1368696351810	105	537	92	click
1369875204925	23	127	29	show
1369007589666	147	847	475	show
1373091096086	82	831	360	show
1369870577737	4	490	243	show
1369133543875	135	262	364	show
1373656168982	4	894	409	click
1373739721602	23	965	200	click
1370563448979	99	183	497	show
1369737978669	15	861	414	click
1368349272623	124	37	188	show
1374091035294	37	569	17	show
1372336458624	108	310	195	click
1372332565364	8	309	107	show
1372170359613	52	118	158	show
1370498144600	88	750	272	click
1366797038677	79	906	260	click
1373999142563	38	539	37	show
1371850246285	4	49	37	show
1372035927448	137	259	355	click
1370805468589	138	805	397	show
1367565705563	31	180	253	click
1370330095612	32	752	259	click
1368099625651	21	303	356	click
1372782125092	57	370	439	show
1368375296173	141	818	449	show
1368897239592	143	808	210	click
1367810302760	38	922	227	click
1366526723820	4	207	185	show
1371338417327	54	240	182	click
1371162769800	148	478	210	click
1371664755175	123	901	125	show
1367672157213	130	616	452	show
1373730295574	111	466	473	click
1369839610908	61	730	47	show
1371524463411	108	428	371	click
1373957715179	70	682	173	show
1369100814200	33	936	234	show
1372030788551	133	388	55	click
1371139750427	83	457	496	show
1368595411652	39	175	477	show
1370717212049	78	428	58	show
1369910893669	4	299	432	click
1373090328814	8	800	212	click
1369027527522	89	219	32	show
1366907671123	77	633	145	show
1372658489189	132	719	258	click
1369889621429	61	869	423	click
1369900740601	13	266	279	show
1368880436401	127	842	210	click
1372006285353	16	922	32	show
1369040837347	7	354	395	click
1368676416949	79	314	308	click
1367265757266	74	474	375	click
1372971316521	25	860	345	click
1372170518247	63	755	264	show
1368728613138	100	768	307	show
1372524136011	37	1	151	show
1366692706636	95	569	330	show
1371825304309	98	489	107	show
1367075273961	35	895	49	click
1367042634697	88	494	464	click
1369677733934	34	259	29	show
1366733965521	134	301	208	click
1368766857669	17	701	287	click
1370554194319	85	96	417	show
1370940484174	11	336	432	show
1373067135880	92	885	275	click
1368184329257	27	361	229	click
1371934404913	66	316	79	click
1371921499197	11	640	112	click
1369181489898	18	948	333	click
1368057038579	110	474	197	click
1366685107981	89	669	440	show
1368966290958	74	431	343	show
1368038055483	121	504	246	click
1366349342587	91	22	437	click
1370605546927	58	79	136	click
1366383253841	65	316	466	click
1372876502294	97	323	267	click
1374161823024	81	335	50	click
1373988084079	140	839	246	show
1369077839325	113	750	340	click
1367760571313	33	663	238	show
1368166950277	108	870	266	click
1373464228249	94	231	236	show
1372607771475	75	536	12	show
1370445126703	6	965	74	show
1370544742364	125	321	421	show
1372307775522	12	64	201	show
1371748178531	128	864	130	click
1371489844734	79	72	478	show
1368397314976	142	229	331	show
1366522304564	112	336	40	click
1369516918600	17	437	230	show
1371669650931	31	385	97	click
1370216823359	9	884	21	show
1370552590416	36	471	55	click
1368294757694	105	166	66	show
1367687491433	102	440	448	click
1367550652405	132	958	257	click
1373203664413	46	258	51	show
1369642284709	21	39	387	click
1373560078944	43	530	193	show
1374185847124	80	681	176	show
1366387078765	66	402	82	show
1366712760436	57	629	457	click
1369352894059	9	12	457	show
1373635392126	40	333	339	click
1366800597446	130	379	483	click
1367027686056	2	921	67	show
1372817136942	39	842	277	show
1371034130750	77	677	500	click
1371898918521	57	727	305	click
1373547250713	80	164	382	click
1370010867669	108	47	370	show
1369285768342	46	453	8	show
1368625339942	133	392	84	click
1368420676424	31	155	362	show
1370737885455	17	892	381	click
1367586172033	59	865	488	show
1366663598028	142	359	439	show
1370135644815	64	527	163	click
1367426036567	113	769	5	show
1373838562448	45	901	308	click
1366368955900	50	864	146	show
1368326488393	89	422	447	show
1368531060109	137	664	4	click
1372549569344	87	353	6	show
1373250312626	41	253	350	click
1368477167007	105	35	368	show
1374110372615	137	584	111	show
1369928580187	100	838	60	show
1368909562618	108	388	301	click
1366618101430	45	835	349	show
1372083262206	95	211	341	click
1373183969845	50	306	299	show
1367170210794	140	576	232	show
1369946802322	90	98	494	click
1369691978689	50	349	109	click
1369385311204	70	722	151	click
1370333922685	148	24	128	click
1371267323867	64	605	413	show
1367682555257	17	612	122	show
1369038168152	91	771	441	click
1370758350126	140	408	219	show
1368997059596	112	720	161	click
1370380408017	65	467	52	show
1367084952992	53	218	21	click
1371434449102	32	820	254	show
1373036432572	12	461	1	show
1372930322560	21	305	43	click
1370468112762	14	202	343	show
1366514740423	35	607	231	show
1370799630462	67	193	346	click
1366471985473	66	494	8	click
1373493152987	55	345	235	show
1370007906121	25	985	49	click
1373519530857	94	839	380	click
1371590338517	108	488	235	click
1373343931978	13	256	310	click
1370155666143	54	895	307	click
1370753612845	115	30	243	show
1370629841058	58	514	162	click
1372096961871	102	417	23	click
1372014533786	78	704	149	show
1374083197636	67	760	188	show
1371498134532	121	717	366	show
1372721667398	121	37	331	click
1371996249000	77	975	114	click
1369004726559	17	688	215	click
1366890386199	20	677	110	show
1369371203241	30	535	408	show
1369441399266	108	956	471	show
1369292054707	102	978	134	show
1371624547476	93	202	5	show
1366538700337	129	265	78	click
1372806152395	22	924	438	show
1371216805901	98	772	57	show
1373958782391	100	553	127	click
1371539832820	140	178	109	show
1373110004117	63	101	64	click
1366882623944	85	934	295	click
1371698943575	144	712	461	show
1369207490323	68	714	241	show
1373558142253	52	575	298	show
1369649454758	78	221	486	click
1367733192749	111	312	77	show
1368625647299	50	468	477	click
1368514468903	130	212	259	show
1370993723621	149	301	266	click
1369279741566	1	15	266	click
1368563698762	56	226	80	show
1371975915940	118	431	448	show
1374107183702	44	496	46	click
1370695804178	19	107	141	show
1373900008697	79	740	124	show
1372644995314	70	915	52	click
1373700734593	2	389	434	show
1368409630858	146	679	6	show
1368129467999	55	307	442	show
1372437655670	102	917	441	show
1371412975910	68	944	117	click
1370934499048	20	641	192	show
1369014979092	19	454	48	click
1367484875431	81	525	347	show
1371031287220	128	350	330	click
1370107909060	91	774	158	show
1372522024557	145	241	330	click
1366903912861	15	356	404	show
1369077709355	30	887	143	click
1374176737745	63	580	469	show
1370820468589	103	467	15	show
1372749168365	111	807	185	show
1372477338220	46	973	189	show
1370347496250	92	236	311	show
1367891597978	109	816	172	show
1367377251184	57	186	134	show
1368734058313	21	56	134	show
1367218233130	59	877	67	click
1372606574590	132	191	315	click
1373205094719	150	970	167	click
1368180919650	1	490	159	click
1367470254417	83	587	11	click
1369242565073	47	251	44	show
1372139854180	116	591	472	show
1366788303017	138	480	347	click
1366670067812	88	200	241	show
1370022408502	59	208	201	show
1368285002789	50	451	115	show
1374061063379	76	641	94	show
1370740784711	25	549	75	click
1369569976088	40	666	471	show
1372624231270	54	367	87	show
1370207285407	37	200	83	show
1370072685656	74	87	109	click
1368337378797	84	196	479	show
1368801731680	96	162	486	show
1367484540363	10	950	456	click
1371875358277	49	295	255	click
1366634093622	4	103	456	click
1369761625826	75	414	194	click
1369460069626	25	709	276	click
1371904597849	132	701	199	click
1369491021771	104	398	54	click
1371743611946	24	608	170	click
1371671067741	118	633	440	show
1370033956437	39	620	430	click
1374141688328	13	506	210	click
1371144117420	69	643	313	show
1369204165207	22	646	179	click
1369980623215	30	824	86	show
1373405552236	55	146	311	show
1371140621173	142	541	32	show
1369971298357	34	259	235	click
1366666977883	147	3	322	click
1366392721234	67	840	258	click
1366405339452	47	421	214	click
1371113201539	61	100	146	show
1368971096481	114	372	444	click
1370342614265	102	749	109	click
1372229532160	142	304	176	click
1372960613005	59	615	9	show
1370438855910	145	73	9	show
1370757589915	98	108	336	show
1367592812571	136	468	385	show
1367285388517	111	371	334	show
1366900984481	28	272	441	show
1368386401083	98	353	70	show
1370902088503	30	953	468	show
1370604149473	37	570	174	show
1368093643184	6	53	420	click
1373161941779	117	147	159	click
1370670472063	51	906	315	click
1366895193090	31	124	374	click
1367153389067	57	364	226	show
1371108063980	34	448	430	click
1373525947644	150	345	294	show
1370473004278	32	305	404	click
1368076856657	64	736	274	show
1366519438524	19	798	410	click
1367955582428	102	353	265	show
1372791334192	147	634	465	show
1367099687631	130	906	44	show
1368443966103	84	999	356	show
1371168078451	77	838	500	click
1371867896001	37	626	278	click
1370309246332	54	148	281	show
1373985941002	62	620	233	show
1370201848777	144	531	240	click
1369213779140	98	455	428	click
1367621165438	14	96	267	show
1370515928054	82	265	155	click
1368442507688	141	843	411	show
1370729787969	145	751	494	click
1370842726571	93	979	223	show
1371505234497	107	170	102	show
1369498400993	19	489	249	show
1368715728970	146	511	117	show
1371179590511	129	154	327	show
1370575424798	51	616	227	show
1373559708526	33	76	77	click
1373149109174	32	95	345	click
1371663886966	82	524	67	show
1372698962995	50	284	97	show
1366926167859	49	467	357	show
1370941709282	85	286	251	click
1366780985609	90	155	61	show
1372829511048	40	636	37	show
1374108599514	45	703	200	show
1372773567862	89	473	37	show
1372744997446	24	588	103	show
1369245785689	58	764	112	show
1372141792733	9	583	404	show
1367595010617	118	230	100	click
1371479839909	64	211	253	click
1370918649213	91	371	455	show
1370425298150	133	166	489	click
1371022076630	75	859	418	click
1371587945155	87	905	495	click
1366512143103	130	447	163	show
1366703585002	105	796	439	show
1370698742954	107	979	366	click
1371724662211	33	403	296	show
1369893422981	133	30	431	show
1374074102952	112	348	164	click
1369817223445	74	780	289	show
1373709998921	5	320	45	click
1370762952694	30	612	50	click
1372655022785	135	238	433	show
1371237055680	130	330	48	click
1366940545359	14	213	425	click
1373357624034	64	748	24	show
1374040844516	45	395	356	show
1366634308705	99	556	248	show
1366627479810	63	673	304	show
1368019625918	71	46	226	show
1372847637419	97	699	435	show
1374088977888	111	280	351	click
1370663609564	111	304	107	click
1372415597427	9	907	339	click
1367267722690	4	207	285	click
1369934761705	63	587	246	show
1373619218863	69	850	359	show
1370806022788	27	880	216	click
1368161728357	91	971	174	click
1370115517094	140	77	16	click
1370320184014	25	436	61	show
1371658758232	91	108	17	click
1366884431441	23	924	180	click
1373750719477	40	267	343	click
1369333230448	101	540	132	click
1370781119321	140	715	447	click
1366627139311	82	68	98	show
1369387256050	69	978	422	show
1372634375022	39	146	163	show
1373359492341	16	716	431	click
1373380587873	135	143	206	show
1373291612498	12	325	114	show
1371386460497	144	585	313	click
1370500487036	78	333	211	show
1371618336843	18	354	140	click
1369934562584	128	132	147	show
1371178380693	88	566	255	show
1369225298332	15	92	281	show
1367000542764	125	92	314	click
1368788055309	114	758	436	click
1367867338160	30	450	220	click
1370590145506	18	474	353	click
1366490216882	49	223	419	click
1374127602582	14	227	352	click
1372437384591	100	547	470	show
1372569404778	23	259	160	click
1369701277560	93	810	462	click
1370877162276	57	224	223	click
1369573497505	77	742	54	show
1367771449376	60	599	500	show
1370730479485	50	424	30	show
1369604368214	120	755	406	click
1367292223801	125	91	371	click
1371345235134	127	703	365	show
1369867088973	44	392	148	click
1367858911004	117	122	289	show
1374042643845	122	639	301	click
1368836974675	94	39	389	click
1366668012886	117	653	462	show
1373241656272	15	675	124	show
1371968760004	50	989	291	click
1367732356372	134	280	168	click
1369738679824	69	359	57	show
1367118505232	6	807	79	click
1366436824735	1	515	294	show
1373645208467	70	250	326	show
1372281138564	29	9	173	show
1366976505275	8	949	480	show
1371309571988	132	126	178	show
1370732048053	43	595	365	show
1372534047539	21	845	445	click
1366831634889	71	2	293	click
1373778106416	50	925	453	show
1373332546868	100	553	467	click
1369455247088	131	352	373	click
1371452551985	103	450	53	show
1374162559110	85	15	129	click
1373217076432	85	49	268	show
1373439559986	42	304	473	click
1371298629926	68	324	162	show
1373731278952	141	424	435	show
1368877370588	68	179	26	show
1371739500862	17	487	179	show
1367462469136	56	204	97	click
1373187810791	27	434	56	show
1368646810179	110	148	251	click
1368646561327	73	356	239	show
1371236291344	8	27	223	click
1369319716746	128	101	347	show
1367046757642	37	54	327	show
1368816973956	29	765	427	show
1366760910490	121	241	184	click
1368158992087	108	50	313	click
1367448600562	43	767	393	click
1368839874128	117	840	123	show
1367652060890	132	133	201	show
1367035645884	119	872	339	show
1367652321249	87	770	134	click
1368521082269	11	712	34	click
1373716609735	138	73	163	show
1370240226401	119	410	126	show
1370529781903	148	907	205	show
1369292315656	13	680	462	click
1370009061939	20	853	417	click
1368655466301	143	188	290	show
1370876583420	134	145	241	show
1371471341259	145	751	38	click
1372104196700	5	605	117	show
1372866215669	120	261	377	show
1366706250344	52	137	170	show
1366875245777	10	130	211	click
1372446603579	90	325	224	click
1366828044914	94	290	332	click
1372500645384	41	548	47	show
1370841444279	119	908	26	show
1366606995574	77	812	428	show
1366713034886	69	411	137	click
1368733564974	15	150	358	click
1367882041439	78	434	213	click
1371699203228	56	809	469	show
1372329166429	120	149	442	click
1372609639958	40	949	220	click
1367453894899	10	532	377	click
1367982245403	44	267	361	click
1371784108317	79	150	50	show
1367151836010	96	228	141	click
1366544076425	21	233	368	show
1373407962282	79	211	249	show
1373348057855	79	999	9	show
1368331083850	77	359	102	click
1370394453952	130	730	222	show
1373937246357	130	779	42	show
1372464461213	135	985	113	click
1372137590557	120	511	43	show
1370586105064	143	589	132	show
1371332446891	149	421	361	click
1373910364485	48	85	340	click
1372803252801	98	906	240	click
1371749270753	102	789	149	show
1372793225398	105	317	446	click
1373502321229	9	403	171	show
1372765689037	71	482	409	show
1372147246884	101	899	219	click
1374136635998	39	70	236	click
1371009408617	41	984	407	click
1366373135712	69	873	170	click
1372007888066	115	161	391	show
1367810327137	114	37	368	show
1366879598431	69	189	430	show
1370301921048	37	344	303	click
1369517882787	40	873	231	click
1372374733669	72	989	70	show
1370418827273	142	941	226	show
1372268928922	117	522	387	click
1372163351184	75	379	379	show
1372730414616	97	929	261	click
1368455386596	13	605	387	click
1369640142439	14	646	385	click
1367086824812	55	6	478	click
1369832996687	48	546	316	click
1371966561551	30	695	152	show
1373056032221	84	453	211	show
1371582780733	104	999	95	show
1367982695612	46	960	307	click
1368005894011	88	347	235	show
1369578897689	150	480	165	click
1368978578304	92	154	70	show
1370073934099	95	742	233	click
1368458202687	8	60	29	show
1373103758367	98	254	343	click
1371815125923	23	112	208	click
1367709242933	116	354	212	show
1370705680725	25	87	222	show
1367232264952	27	700	365	show
1369107962135	36	694	360	click
1367125622035	84	493	415	click
1373436476795	17	411	147	click
1372465030055	117	354	342	click
1373084927394	133	727	111	click
1370245983185	141	113	232	click
1372555745828	117	417	75	show
1373943709211	146	144	284	click
1368060824113	14	626	74	show
1368967341219	100	849	437	show
1371417021014	148	433	478	click
1372903146598	50	102	85	show
1372598810911	98	794	147	click
1373294351291	117	573	474	click
1371066060809	148	608	427	click
1367449483166	30	513	410	click
1368948111221	129	327	418	click
1370903408838	7	552	378	show
1371058999429	56	788	17	click
1367079533086	144	803	302	click
1368223721572	67	935	111	show
1371582268210	59	509	359	click
1372944553012	134	43	147	show
1369149791410	90	615	48	click
1374095950384	107	569	359	click
1367681546749	87	660	181	click
1371821267116	14	325	313	show
1374162784185	121	487	63	click
1372857601624	134	1000	360	show
1372838765792	128	801	36	click
1372167991327	102	215	325	click
1368381080581	142	629	317	show
1372255510421	117	215	178	show
1367566820053	12	114	187	show
1374107912835	131	770	123	click
1372922770617	100	390	72	click
1373810905234	28	721	33	click
1367910081138	96	462	258	show
1373119227215	133	587	479	click
1369724555768	33	275	446	click
1369371664371	74	956	424	click
1370120064161	120	269	258	show
1371282902012	99	345	27	click
1372722513786	106	991	289	click
1369336385926	100	571	21	click
1367229170978	31	255	203	click
1367012586154	129	691	398	show
1371737830542	97	641	461	click
1366384078082	50	259	83	click
1371546330903	88	377	255	click
1373244438967	93	999	218	show
1367098777186	81	120	93	show
1372219277595	53	887	47	show
1371518068693	40	250	357	click
1369517708957	145	918	433	click
1368993488929	3	839	36	click
1374173144573	99	52	124	show
1367709539799	91	744	327	show
1372056307552	22	27	476	show
1371183117379	91	329	460	click
1367745892310	53	270	143	show
1367671473601	62	73	394	click
1367086186522	150	321	218	click
1371194837951	46	248	304	show
1373904541020	35	150	135	show
1370919288195	45	878	122	show
1366644144368	64	909	268	show
1371634002529	4	626	104	click
1367997905996	53	93	173	click
1370013067129	65	975	334	click
1367962442438	82	786	398	show
1367222379376	41	151	84	show
1370670712167	107	552	194	click
1369549023121	38	248	405	click
1366688547064	5	773	57	show
1366506693820	89	121	68	click
1368018748523	37	977	482	show
1368753184004	15	302	37	show
1372078296325	64	533	66	click
1370579556377	7	802	370	click
1373981674056	92	413	367	click
1369437621797	146	837	424	click
1371796138580	38	507	354	show
1373957331317	18	815	10	click
1371485999086	107	169	167	show
1366463484999	129	232	160	show
1368522447994	66	903	118	show
1370230499554	51	193	438	click
1372987540794	48	333	313	show
1369927082304	120	915	96	click
1372754537621	144	763	169	click
1367822411667	21	665	111	show
1368101637106	59	33	479	click
1370454161573	52	170	347	click
1368852040016	68	25	405	click
1373515496255	66	409	234	show
1373519651961	39	521	250	show
1373387926775	74	314	496	show
1371393309563	108	756	106	click
1366806590684	12	497	337	show
1369411225415	73	609	98	show
1367871876032	145	860	387	click
1366459222929	38	578	206	click
1373066557765	18	986	224	show
1368233061485	71	883	454	show
1372705723613	105	65	270	show
1366715232579	40	366	386	click
1370613969994	80	564	53	show
1367860041929	25	527	117	click
1368785783005	52	771	235	click
1367968539866	81	421	220	click
1369516241009	3	342	69	show
1370522607833	83	669	246	show
1370551997891	120	839	309	click
1371250396670	90	489	254	click
1369046409737	23	657	423	click
1369356405975	6	152	128	show
1370891006033	29	766	409	click
1370022910074	79	924	169	click
1371526359563	120	534	72	click
1370769791373	22	508	434	click
1370274402584	106	537	448	click
1370674361702	128	930	394	click
1372194299011	36	133	116	click
1366602036399	51	747	491	click
1371761441274	91	144	265	click
1372409083335	25	249	154	show
1370281134045	19	827	235	click
1367890421570	38	849	387	click
1371490406606	5	71	401	click
1369719035951	114	743	282	click
1370294043805	147	868	169	show
1370664650865	99	549	346	click
1366757452453	76	483	151	show
1368299916415	143	271	25	click
1372701955703	102	346	280	show
1367944423018	32	77	424	click
1370415915146	51	743	320	show
1373251204816	18	909	430	show
1367952814044	78	631	141	click
1373789434932	65	535	101	show
1370325566467	149	890	331	show
1373309073118	131	175	74	show
1367775943850	132	139	167	show
1369111294303	83	409	365	show
1367453242540	148	365	10	click
1371169899767	74	946	440	show
1366483760851	116	369	188	show
1370415789154	67	703	151	show
1373377388976	145	391	316	click
1370835641030	3	76	316	click
1372774670399	77	20	450	click
1368857514644	39	799	497	show
1366390433333	40	527	46	click
1374040988428	119	966	247	show
1370752012493	44	862	281	click
1367293214751	74	650	399	show
1366705939636	146	56	348	show
1370486763907	110	257	356	show
1373654189587	56	10	43	click
1373594960957	39	62	188	show
1371112455321	42	102	383	click
1370189248862	120	15	413	click
1367674470753	87	664	156	click
1367109926372	130	330	6	show
1367445851214	18	562	253	show
1370013498178	143	949	298	show
1370413818944	111	435	363	click
1368340146201	108	819	335	click
1371736465776	130	375	49	show
1373167294793	111	746	1	click
1371747202962	63	924	130	click
1371993615356	107	136	121	click
1373469343398	38	332	38	click
1367080600188	36	597	111	show
1371639965475	98	382	493	click
1369690260348	87	21	347	click
1370187680416	40	354	336	click
1371121590325	90	180	401	click
1370698816102	118	945	33	show
1372431840978	59	531	411	click
1374097860672	28	924	16	show
1366903196989	149	455	355	show
1368047642958	121	996	222	click
1368651796067	82	613	12	click
1367028561393	8	73	330	click
1371503203643	82	491	154	click
1373402503719	33	275	254	show
1369266031197	42	457	336	show
1366833358370	16	920	481	show
1372271161217	10	695	313	show
1372945893235	3	782	30	show
1371166784208	135	668	439	show
1372577013726	102	541	497	click
1367759521824	22	862	77	show
1367855858353	16	329	446	show
1369327642372	126	277	419	click
1371589138191	129	329	269	show
1367371631711	76	717	159	click
1373551498731	69	164	201	show
1372165767776	86	767	407	show
1370743887945	69	385	390	show
1374167293896	120	552	377	click
1373824623385	14	734	302	show
1366909360096	82	616	57	click
1369641233278	142	194	386	click
1372607593517	53	992	111	click
1371790486713	139	157	204	show
1369159584119	28	951	417	show
1368380579842	102	126	64	click
1370902959538	135	695	271	click
1373367986346	89	697	410	click
1367897276137	108	620	87	click
1372192885485	145	637	453	show
1368406636706	45	481	124	show
1370500408260	115	112	134	show
1367780574949	20	669	18	click
1373341943655	17	647	284	show
1372551203811	55	648	473	show
1368262096341	64	263	153	click
1369035142620	38	860	112	show
1368829156980	81	413	229	show
1372363500924	139	946	57	click
1373990841241	138	885	411	click
1368010367235	114	667	163	show
1372693282878	108	789	336	show
1369487182958	85	166	488	click
1369099098974	146	16	404	click
1370681473395	134	379	236	show
1370737535653	123	397	255	show
1368233373826	118	916	155	click
1370922565617	35	342	1	show
1371745166589	35	148	205	click
1371061871647	34	503	284	click
1374149546360	43	259	233	click
1373796532705	128	501	176	show
1372562181123	7	338	15	click
1368176763802	63	351	428	show
1370635131016	5	985	24	show
1366704300656	20	241	452	show
1367933230485	104	349	269	show
1369903788030	123	474	486	click
1371301981030	86	837	202	show
1373925801657	28	984	417	click
1372066509426	141	102	431	click
1368588625657	67	896	175	show
1367216065824	11	94	417	show
1373967666126	20	159	270	click
1371018499636	10	411	264	show
1369120694884	84	365	389	show
1369705261402	5	541	43	show
1370610169893	49	445	376	show
1367712637952	72	822	447	show
1372867440024	139	463	103	click
1373065208828	56	684	334	click
1373091065460	69	264	151	click
1373853232212	87	806	433	click
1366521070108	72	748	410	show
1367002297158	65	864	73	show
1367823019171	91	964	290	show
1371517362560	47	256	409	click
1372365782387	119	964	91	show
1366921901199	17	444	372	click
1367033167102	112	40	120	click
1373835843295	124	843	358	click
1368589670552	38	641	225	click
1373934273223	65	836	324	click
1367422277658	132	442	323	click
1373471429950	16	1	414	show
1370746445935	3	534	327	show
1366538112468	129	476	379	click
1372015911159	17	632	121	click
1372656261697	44	542	10	show
1367497726458	125	969	496	show
1371554605592	137	78	405	click
1366368704090	55	643	382	show
1367477753110	17	926	341	click
1366874066346	60	328	33	show
1371557509165	34	910	433	show
1372384834888	111	690	466	click
1369898502502	50	913	437	click
1369284837004	125	864	54	show
1373104768606	9	324	5	show
1373832708929	127	970	442	show
1366603090597	100	121	299	click
1370180651018	83	393	486	show
1370300473980	57	621	106	click
1374110971160	88	853	152	show
1367106430951	20	613	394	show
1369084616616	17	275	128	show
1370281621134	32	672	416	show
1368075997364	61	86	366	click
1370294046267	33	661	475	click
1369063747674	10	555	108	show
1372629644114	78	952	446	show
1374054906095	36	227	360	click
1370955181612	43	610	341	click
1367309889591	93	303	159	click
1369350513171	112	917	320	show
1370680626188	117	560	406	show
1372073418020	98	942	90	click
1367773481809	115	273	161	click
1371678786846	135	142	294	show
1370795150594	27	757	284	show
1372201174541	15	773	439	show
1371583920588	127	972	269	show
1366692128918	143	378	300	click
1367685170193	102	836	399	show
1370446264253	138	601	44	click
1370417526397	146	897	136	show
1373979985745	91	550	380	click
1370121239118	83	965	435	show
1366783384619	97	60	260	show
1374053324130	68	464	31	show
1366977555793	135	157	165	click
1367342117546	96	794	213	click
1369498078802	100	917	468	show
1370630263519	94	976	106	show
1368449968633	66	335	106	click
1370805063799	94	499	487	click
1368521741433	122	92	188	show
1373895953389	122	854	500	show
1370647747449	30	759	98	click
1369370028434	79	807	125	click
1372567480428	130	505	382	show
1370282359671	133	574	37	click
1367625224602	87	782	247	show
1368973301223	61	651	366	show
1369007811410	147	412	297	click
1366531371442	46	56	41	click
1368855383700	10	719	363	show
1372247828736	8	70	432	show
1368115806461	145	73	309	click
1372425107354	70	390	448	show
1370686566712	112	316	124	click
1371334609659	10	730	136	click
1373826693567	88	204	387	click
1374016190554	75	774	96	show
1371722963792	139	534	215	click
1366681803211	7	302	3	show
1374061009380	72	774	91	show
1371941058498	106	144	274	show
1366693292678	21	538	99	click
1366665634890	51	620	251	click
1366504155207	89	474	347	show
1371589672610	141	218	401	show
1374114217232	44	177	488	show
1373824062132	110	970	404	click
1372257385671	136	159	490	click
1370058610749	40	610	123	show
1366472302518	34	861	271	show
1369748122843	82	483	251	show
1367361992859	89	18	380	click
1366382783971	42	87	270	click
1369568332568	98	666	313	show
1371853419201	113	428	266	click
1368148999716	11	569	350	show
1373316758667	59	621	485	click
1366944050421	101	702	164	show
1367537623520	13	852	58	click
1372820602259	130	498	39	click
1367644573426	99	218	18	click
1367308923981	121	29	402	click
1369960373874	35	658	228	show
1374136807200	85	235	371	click
1372803470033	6	783	172	show
1368147925416	119	433	407	show
1370380392060	128	805	27	show
1367131585136	36	572	391	click
1373425540308	5	112	38	click
1367692017828	140	676	164	click
1372318261512	141	835	490	show
1369255543662	108	383	28	show
1366728140883	87	974	273	show
1370128737076	18	957	427	click
1373919937891	120	564	81	show
1371763764283	87	639	495	click
1373462786522	25	596	475	show
1371597754068	116	934	53	show
1373991515416	45	932	59	click
1370506216173	101	957	58	click
1367886306193	1	238	368	click
1372492976937	70	988	4	click
1367328544066	136	675	399	click
1370205752992	82	979	80	click
1370783737315	34	48	114	click
1367456723421	139	885	413	show
1371267445744	48	679	13	show
1366932058521	39	189	149	click
1367438216865	54	803	297	show
1369189138155	1	131	154	show
1373358351764	3	568	260	click
1374203914514	94	805	119	show
1373906585575	62	131	89	show
1371995706562	34	560	96	show
1370163712376	62	264	169	click
1371530125176	73	365	161	click
1368219790777	110	428	155	show
1370685749604	67	242	389	click
1373386274250	56	555	280	show
1370757316075	80	984	447	show
1370160796709	71	74	82	show
1368462367644	108	789	330	show
1369170643287	111	136	362	show
1367684242789	55	383	452	click
1370084208003	145	292	176	show
1370844754090	82	350	64	click
1366455159191	17	330	268	click
1371005107126	118	30	169	show
1370258804861	119	218	248	show
1368827043349	15	337	232	click
1366652303960	45	30	446	click
1370197064369	16	48	239	click
1366628135448	123	426	304	click
1371396785549	4	148	232	click
1370699912732	63	976	330	show
1368863419419	107	767	46	click
1374014134392	124	999	487	click
1373925074457	56	728	255	show
1368206329289	5	461	341	show
1373398192979	37	485	121	click
1370622452555	30	822	360	click
1370510677560	23	325	30	show
1366349527369	109	591	35	show
1369118602649	51	945	143	show
1368913723310	68	244	175	show
1372936150872	143	846	354	click
1374194039411	107	573	198	click
1371561755120	38	873	146	show
1368254278477	136	434	497	click
1372003709777	78	568	239	show
1372700198508	68	297	263	show
1369581532973	93	609	351	click
1369737686938	74	373	89	click
1370298664116	129	227	151	show
1370900836538	29	594	133	click
1372671286317	121	104	86	click
1368159595469	110	347	481	click
1373534462604	136	801	86	click
1366711181521	88	666	254	show
1367281069052	75	207	436	click
1371742343713	82	627	457	click
1373240351431	100	625	357	show
1373375925022	126	27	270	click
1371523947717	18	1	215	click
1371375784972	15	45	68	click
1366459486368	135	776	94	show
1369829804151	92	59	464	show
1372644208270	66	864	459	show
1368672257246	74	849	466	show
1373041729090	45	461	406	click
1373707537373	53	206	40	show
1371583690173	10	653	116	show
1369645966426	38	994	260	click
1372663697083	145	595	241	click
1373655405821	114	294	460	click
1367409164716	117	874	204	click
1368048256498	127	983	358	click
1371062477969	127	785	38	show
1370908354551	11	575	434	show
1366429057648	143	105	158	click
1367094044106	9	461	17	click
1369639732093	113	451	312	click
1369144943735	137	157	482	click
1373282182226	54	918	281	show
1372164142978	58	123	190	show
1373147290278	148	173	403	show
1373190255465	23	864	390	click
1372882578175	80	624	75	click
1371326125866	66	67	269	click
1371203881946	47	388	121	click
1372219278243	39	510	220	click
1372113911333	90	47	440	click
1369150111371	144	924	27	show
1368680683033	63	194	227	show
1373947573105	70	745	394	click
1366511243847	83	658	212	click
1372273651378	150	587	145	show
1373852290812	120	77	12	click
1372950976938	62	668	101	click
1368114779708	95	469	389	show
1368933890545	143	371	48	click
1367288495191	105	770	17	show
1367111306024	140	33	374	show
1370036839771	1	776	254	show
1369864098443	53	875	163	show
1372110280083	131	714	234	click
1371264663863	60	79	484	click
1373561071229	6	889	214	click
1372082278312	10	165	346	show
1372428879190	93	526	404	click
1368436682774	44	548	132	click
1370495099380	98	782	404	click
1366349333746	22	626	162	show
1366762560452	100	464	353	click
1372155709433	43	785	198	click
1366838889612	112	717	204	click
1370068391812	129	634	160	show
1371127253250	12	836	156	show
1366485054922	57	535	293	show
1374171308325	64	34	311	show
1372188832785	134	535	72	click
1373811008872	144	494	360	click
1373148273586	144	103	277	click
1370514930958	76	906	424	click
1371558074096	25	825	217	show
1371552156976	81	503	120	click
1367610155342	106	21	91	show
1371259566759	1	85	444	click
1373590218796	132	317	464	click
1370315909746	128	82	391	click
1369347097426	136	115	30	show
1372125681057	112	95	484	click
1368661904353	56	672	360	click
1369075657182	84	621	40	show
1369344983256	110	150	215	click
1367442598709	54	365	482	show
1371239529544	86	383	372	click
1372529928922	64	907	496	show
1374163548895	38	363	414	click
1368405568262	53	427	248	show
1373380505224	32	681	261	show
1370059381864	120	976	287	click
1372955209879	146	490	386	show
1373958253435	148	655	166	click
1367941133087	28	396	150	show
1367952045831	108	744	303	show
1370424981476	16	976	260	click
1366920801836	83	640	368	show
1372135668352	113	303	456	click
1367431717766	128	558	438	click
1368719408006	26	258	111	click
1368999940656	94	872	296	click
1368292134542	114	365	200	show
1367464360580	27	582	245	show
1367430536140	127	240	456	show
1367813211358	133	586	495	show
1368545321520	13	821	352	click
1367777126828	139	714	169	show
1367034041930	73	497	88	click
1372606336817	127	571	448	show
1367553807224	54	839	179	show
1373356326338	81	914	113	click
1373180564435	121	209	143	show
1368265312428	30	158	270	click
1368676711519	60	652	49	click
1371670737066	113	434	497	show
1367471130493	132	338	419	show
1367400358757	39	481	346	show
1369938937451	22	841	79	show
1367604413972	109	302	56	click
1371610069389	52	790	55	click
1373323596361	150	203	85	show
1366359148484	122	220	174	click
1372453688680	34	894	56	click
1369983599067	89	51	106	click
1372012040025	23	559	487	click
1368430774255	141	535	420	click
1373007647650	76	262	184	click
1372632914253	35	559	257	show
1369914842512	75	742	154	click
1370895304006	135	616	211	click
1369473500505	116	637	212	show
1372827082238	122	150	421	click
1366509114817	137	698	10	show
1366660385759	136	230	238	click
1370526435933	18	856	14	click
1367103547456	134	824	453	click
1371209946117	122	677	165	click
1373842240506	28	707	74	show
1370740422081	68	716	185	show
1367200213196	82	528	393	click
1372479064214	35	379	42	show
1369573365069	94	496	228	click
1368315238108	56	924	309	click
1367820535518	111	181	368	click
1368594440783	10	919	311	show
1369644183295	55	579	31	click
1372545326935	7	663	415	click
1370601947943	17	410	307	show
1371416316971	29	690	398	show
1369253201032	55	318	4	click
1373432192150	107	110	197	click
1368348071479	16	765	31	click
1369094152915	128	941	31	show
1370726299056	61	118	164	click
1370181939744	107	922	374	show
1368027851666	36	688	369	click
1369164744981	136	626	123	show
1370819051173	78	166	467	show
1369390383763	6	549	87	show
1371370229287	98	435	180	click
1370717772283	5	145	451	show
1372571720933	127	418	45	show
1368872606364	86	208	218	click
1371989221300	116	727	446	show
1367876680661	19	569	94	click
1370105282272	86	592	439	show
1368393097067	129	598	316	show
1366622724462	135	748	282	show
1368115625159	36	576	229	show
1367885867511	134	339	223	click
1366891034660	140	811	194	click
1366365996618	142	795	241	click
1368840358546	86	461	249	show
1366939456092	118	998	165	click
1373056970523	95	45	197	click
1371790883403	25	678	351	click
1368391101023	132	87	60	show
1368083170563	114	167	158	show
1372096278010	117	550	276	show
1368665286885	98	933	212	click
1373919846658	66	290	359	click
1367778123445	76	232	265	show
1368965575078	28	850	192	show
1367279682922	41	255	51	show
1370996948311	64	742	500	click
1372321394512	101	57	326	click
1366787509321	3	216	210	show
1373240750856	58	492	346	click
1373428093799	147	266	493	click
1369802129545	150	845	467	show
1367541477083	143	760	446	show
1370673856183	106	488	64	click
1372643332492	8	801	242	click
1367143677043	74	315	370	show
1368515754110	8	358	217	click
1370156916494	70	111	312	click
1370339224768	65	498	341	show
1371979945844	68	560	30	click
1369877099978	58	65	342	show
1368677202100	96	770	431	show
1367680211684	24	103	325	click
1366776091717	17	557	193	show
1367416950756	106	792	246	click
1371574750845	84	129	33	show
1369666116636	56	14	346	click
1369072475781	56	632	408	show
1370909081547	13	735	93	show
1371235132343	50	879	87	click
1368669852230	123	292	404	click
1372526070063	33	780	360	show
1366857114188	81	435	70	show
1372823363229	55	826	159	click
1370259313147	81	596	200	click
1367011147212	104	977	430	show
1369567181946	104	869	95	click
1369048796539	32	955	397	show
1366689715319	34	426	407	click
1374016581826	53	872	292	show
1367985082995	71	590	495	click
1366522170765	82	303	322	show
1374039757543	6	124	462	click
1371372303130	46	756	490	click
1371286735042	107	121	472	click
1368994653369	112	765	212	show
1371056693653	37	48	323	click
1367562527050	98	666	359	click
1368262087276	59	857	119	show
1369875706473	59	823	86	click
1369294584936	56	591	234	click
1366869561222	111	955	494	show
1371246493427	100	126	487	show
1366515404753	47	336	468	show
1369583894909	133	757	425	show
1370039114848	64	227	500	click
1371069647411	75	865	220	show
1370986267267	104	155	138	click
1371250148630	89	509	303	click
1369129335574	38	596	92	show
1370262422736	136	666	95	show
1371351151103	22	515	294	click
1369629763892	133	522	204	click
1374089079031	52	831	356	show
1373884725882	93	90	389	show
1367347908983	10	192	339	show
1366657250736	5	190	113	click
1367978132743	24	934	111	show
1370055634064	96	64	211	click
1368398317656	83	55	392	show
1368007213203	16	191	448	show
1373097617759	97	306	131	click
1370047446201	24	700	136	click
1368964568043	108	874	390	show
1370669184512	129	974	224	show
1367246023397	11	152	414	click
1370161362609	40	751	457	show
1367444234498	116	184	324	click
1373013646957	65	955	425	click
1371762650719	41	101	116	show
1370038538912	120	569	244	show
1366894212469	128	552	322	click
1373958989241	10	657	100	show
1374181161152	135	699	432	click
1371472853823	9	880	77	click
1369787546165	70	628	452	click
1372091359180	23	89	479	click
1367550672929	10	667	356	click
1373429523695	4	377	94	show
1371545314624	55	614	495	click
1367565420827	123	344	86	click
1373225538905	94	184	369	show
1372285006203	49	274	75	click
1367871493887	104	450	477	click
1372644542688	120	84	196	show
1369215305416	2	936	335	click
1368329858785	59	530	325	show
1372142392539	86	378	75	show
1372476697061	82	236	469	click
1372756046983	125	177	199	show
1370403915415	44	95	330	click
1368266084038	3	363	199	click
1373242004878	124	559	368	click
1373104337584	66	15	78	click
1374116339833	62	323	342	click
1366536797228	41	631	149	show
1366956422501	8	384	433	click
1371659996726	110	60	376	show
1369842144233	143	416	297	click
1371559939821	115	613	204	click
1372601469143	66	640	123	show
1373649178775	88	587	478	click
1367775173614	131	459	294	show
1366557912348	95	565	499	click
1374097309034	35	191	483	show
1369597738084	80	834	289	show
1368595031482	59	501	211	show
1371308187451	99	954	74	click
1371076577289	63	519	319	show
1369672532109	97	189	484	click
1371868386327	44	295	467	show
1371044938930	117	935	37	show
1367901052359	32	373	228	show
1368679811971	75	919	368	show
1370103476436	147	517	406	show
1366947128395	18	622	188	click
1367211868572	22	255	465	click
1366685276942	117	749	179	click
1373954339696	149	433	198	click
1366380656590	3	138	138	click
1372069068327	117	949	444	show
1373298586215	4	585	298	show
1370101428561	81	928	439	show
1372916801936	120	130	387	show
1369932205405	132	355	299	click
1366799509493	119	396	371	show
1370680150620	29	803	397	show
1370045434838	24	8	297	click
1367343484208	78	413	82	click
1370744467542	150	989	475	show
1374130513290	10	119	95	show
1373079423721	8	907	46	click
1369403356240	74	259	10	show
1368667910950	27	384	141	click
1367931411238	73	770	289	show
1366811443191	102	219	194	click
1372176828961	102	324	431	show
1367940949882	95	94	273	show
1372927108569	149	649	189	click
1369398021654	136	238	493	show
1372567591841	89	994	188	show
1366791491219	78	681	499	click
1370985691800	52	464	124	click
1367926821849	144	459	292	click
1368945349749	115	714	130	show
1373934207993	67	864	9	show
1369218151268	27	625	1	show
1370808074176	68	63	402	click
1366631249152	54	401	72	click
1371226329654	14	830	61	click
1370019853248	103	708	256	click
1371478231538	126	473	476	show
1368399111755	38	470	386	show
1366526530536	140	700	122	click
1370834949519	111	876	470	click
1370908378963	129	645	180	click
1372276195219	143	94	352	click
1368681972671	146	8	350	click
1373966687754	145	65	320	show
1369478397896	137	330	445	click
1373731737366	130	2	62	click
1372160007303	63	939	336	show
1368927803166	106	185	338	click
1367400848418	43	333	389	click
1369072103525	61	60	321	click
1370843616323	54	107	187	show
1369313648553	36	302	480	click
1373433042009	130	878	217	click
1366819132991	15	512	436	click
1372311079982	143	185	292	show
1368845419427	65	691	256	click
1368762720764	4	874	420	show
1366935843326	33	777	96	show
1369115235752	115	649	402	click
1374120475113	29	147	43	show
1370970338682	115	49	24	show
1368584011094	141	731	167	click
1371762674191	20	114	207	show
1367846411666	5	159	318	click
1373141920395	111	516	339	show
1367727132233	32	927	261	click
1369754582434	149	579	23	click
1367692969583	76	911	445	click
1366748845235	19	854	475	click
1373832496635	28	252	177	click
1372474327931	148	404	169	show
1372763836705	130	575	426	show
1368812238928	149	602	242	show
1367110603448	77	196	284	show
1367597781849	51	455	231	click
1369554430404	129	249	177	click
1369593312147	56	821	294	click
1369439072737	61	970	345	click
1368720320440	149	435	324	click
1370037271186	33	113	335	show
1371336230371	148	550	190	click
1369761304982	26	868	475	click
1367317916983	87	360	422	show
1374139068198	126	289	275	click
1367016674358	142	609	75	click
1368773911440	111	9	139	click
1368695017530	113	851	85	click
1369986418187	133	319	379	click
1368080382652	22	379	365	show
1367202977356	65	826	386	show
1367134376894	71	246	331	click
1369566423604	112	477	158	show
1371284463265	111	639	165	show
1368279073799	65	182	53	show
1367586999486	141	929	103	show
1369929291588	135	249	340	click
1366394637124	134	139	240	click
1367859006942	87	689	166	click
1371622453836	93	277	217	show
1370309119052	109	658	488	show
1368829260472	43	205	279	show
1374145048417	71	683	43	click
1372083383587	126	561	292	click
1367473241824	14	751	159	show
1372551772811	127	448	155	click
1370487957455	12	913	31	show
1370934451329	114	571	470	click
1366919452742	101	21	397	show
1371808382716	77	613	386	show
1372332110648	122	389	365	click
1369367111642	18	959	189	click
1370113264663	90	722	340	show
1368378198553	128	851	377	click
1374117705583	18	954	37	click
1366994096240	81	809	444	show
1370526986961	148	896	219	click
1371899906237	97	476	413	click
1373306376130	17	582	100	click
1371971614551	19	570	404	show
1368124781867	96	439	485	show
1367626419249	55	949	44	click
1373061207809	28	863	315	click
1372762340046	138	439	262	click
1373433950568	81	181	452	show
1374097114904	64	125	10	click
1371240633869	116	606	471	show
1368971183323	84	254	61	show
1370659970801	44	230	216	click
1367231393622	19	960	482	show
1368225689271	148	625	361	click
1372840240557	8	11	144	show
1368662350327	9	131	56	show
1372483886080	73	580	410	show
1373854854584	82	407	125	show
1368459483274	53	147	119	show
1370890191822	117	408	16	show
1372989207258	10	383	226	click
1373372119138	5	468	352	click
1367590310476	35	325	99	click
1369239001573	86	289	293	show
1372733004256	141	441	182	click
1371082883607	63	101	175	click
1367467852818	18	82	129	click
1368865660704	97	488	54	click
1366401995170	117	640	292	show
1367814543197	135	639	312	show
1366678908633	88	327	379	click
1369936496623	104	555	238	show
1368377841059	121	383	267	click
1374124130084	68	342	268	show
1372768786553	34	190	278	show
1372004480905	101	102	299	click
1371627770396	21	105	430	show
1370248680025	127	352	401	show
1373727039793	114	807	42	show
1372734097761	136	543	454	show
1372605744806	141	938	328	click
1366519253541	112	661	376	show
1369775426216	86	629	67	click
1366702579124	49	381	180	click
1371020900048	75	706	434	show
1372100142450	129	120	168	show
1369098801301	54	28	492	click
1372437587930	125	367	394	show
1371381797066	66	107	338	show
1370216111791	33	427	282	show
1369632755078	118	868	197	show
1370099442174	90	222	103	click
1367300756051	142	891	446	click
1367174657004	15	210	1	show
1369024698772	8	190	309	show
1369531023001	110	211	203	show
1373645661158	52	529	72	show
1372102232431	147	497	347	click
1371035604339	98	705	407	click
1370769435605	64	205	152	click
1368139146958	94	554	443	show
1367229917850	114	116	127	click
1367838314031	95	273	338	show
1367356487902	140	735	7	show
1371233121092	73	263	428	show
1369564984309	66	577	184	show
1370153234205	69	408	470	show
1368565903085	141	27	23	click
1373840137457	3	152	56	click
1373644257951	137	552	195	show
1370634033439	34	533	209	click
1366568310412	8	979	301	show
1372104218376	29	700	450	show
1366708832738	87	334	4	show
1370550606824	66	849	89	show
1373248948075	88	487	420	show
1372525286866	145	978	173	click
1374196420014	74	952	212	click
1373730877830	81	46	262	click
1367987344887	103	900	255	click
1373318073087	140	811	56	click
1368603806547	59	13	141	show
1368205857614	130	47	371	show
1368712241344	12	963	293	click
1369479536964	92	389	76	show
1366681201765	16	835	289	show
1373987408537	117	967	103	click
1373140993584	11	628	70	show
1371266365902	113	491	198	click
1371069919443	37	384	461	click
1366957856848	144	633	40	show
1373310902454	99	665	338	show
1368735682236	92	554	464	click
1367212965666	65	155	143	click
1369204445320	104	680	155	click
1367911680618	33	30	232	show
1370987487172	138	196	73	click
1373099785163	81	602	426	show
1369678672779	20	822	228	show
1367142151543	127	52	143	show
1372778244478	4	287	463	click
1366881477656	34	130	109	show
1374042783492	23	611	319	show
1370753523865	19	683	373	show
1372391330374	140	785	14	show
1367412162699	12	168	258	show
1370071912825	118	764	145	click
1372773335459	70	149	46	show
1372931383408	1	340	337	show
1369243890367	26	364	17	show
1371347660877	42	130	415	click
1368114246336	131	829	276	show
1370496430186	96	164	461	show
1374173655701	150	74	311	show
1366411046732	86	384	151	show
1373001399813	14	670	132	show
1371807061377	37	796	404	show
1373515333350	131	827	78	show
1373594246833	140	242	307	click
1371022525917	38	301	23	click
1369503036445	31	983	218	click
1371373042274	40	937	53	show
1369218689762	150	27	476	click
1371812536049	69	792	142	click
1367938495056	74	75	112	show
1369707947269	80	987	59	show
1372019810472	10	433	472	show
1368799996788	124	585	496	show
1367335784029	28	844	402	click
1372498799892	134	398	443	click
1373734902459	19	286	287	show
1367257877480	58	137	125	show
1368379402203	131	714	140	show
1368625417082	145	440	487	show
1369966761902	125	794	5	show
1368868270488	10	623	258	show
1368441737861	62	335	410	click
1369798557407	13	900	92	click
1369059363962	68	999	64	show
1371619151805	75	522	215	click
1368686114399	133	496	323	click
1369357359604	59	680	335	show
1371189834209	26	277	217	click
1367552527253	24	327	447	click
1367935631520	32	906	293	click
1370152273824	92	721	82	click
1369769629275	108	715	197	click
1371295937386	127	795	151	click
1370652527635	42	863	180	click
1369662021479	122	331	420	show
1367868998486	39	669	206	show
1369932928831	58	301	461	click
1368344082177	8	588	170	show
1373994860319	144	965	291	click
1367967371242	42	77	83	click
1369521071337	58	272	355	click
1369465113718	143	611	356	show
1371077867906	59	868	57	show
1370738190977	96	659	420	show
1372358511806	29	812	199	click
1370893034009	5	827	286	show
1372163218475	37	943	448	click
1373323326329	27	987	156	click
1368694939654	110	1	331	click
1370336950722	16	510	151	click
1373981961337	87	975	26	show
1370520617638	73	763	357	show
1372248516156	49	976	79	click
1373390749208	70	729	451	click
1373269716513	20	118	480	click
1370632387141	80	124	39	click
1368256406900	41	227	335	click
1368156770854	41	456	497	show
1371881113398	140	365	245	click
1369130156760	38	555	341	click
1371936298338	118	278	121	show
1369489968013	96	559	375	show
1367356912446	112	129	185	show
1369235125442	17	651	15	show
1372054266392	2	245	69	click
1372949732432	8	583	468	show
1374088056407	103	531	484	show
1373082479303	58	693	218	show
1370494837217	5	144	168	show
1372254863135	68	896	480	click
1370613774883	78	735	90	show
1373738679780	16	252	94	click
1370276147361	87	742	14	click
1372682763904	133	415	67	click
1371550159887	140	244	185	show
1373498669315	121	309	224	show
1369659001586	124	445	100	click
1366682384186	12	629	184	show
1372649845389	62	252	47	click
1372652730274	33	279	351	click
1369598145085	1	653	62	click
1371843313525	17	497	218	click
1372219420873	94	539	255	show
1367371691278	16	907	72	click
1369680037574	55	196	186	click
1367903369100	123	700	383	show
1367072687656	77	975	439	click
1368208366983	17	922	99	show
1371008540372	133	72	141	show
1366534312157	7	982	88	show
1370319292934	19	135	444	show
1368983910321	148	191	225	show
1367866078454	22	977	142	click
1372545379380	69	636	329	show
1370116873084	54	662	465	show
1368954774147	145	424	326	show
1372774787006	115	885	57	click
1366690737979	27	710	290	show
1373792955684	44	620	90	show
1373673462838	86	770	393	click
1373560410950	50	744	181	show
1371074016269	11	611	500	click
1373317237634	135	546	66	click
1372320093065	146	126	247	show
1367578976350	9	164	312	show
1372622542760	11	137	52	show
1372009037744	103	661	474	click
1369472634991	105	165	287	click
1366721826023	134	708	202	click
1371624412315	97	74	124	click
1369155327792	34	660	397	show
1369026135298	1	343	204	click
1373681533527	139	866	328	click
1367742174419	7	745	353	show
1366724696348	102	773	82	show
1366422331388	28	659	41	click
1366658543877	53	919	159	show
1373274272110	33	837	370	click
1367547727446	117	626	113	click
1367123847802	14	679	396	show
1367760184162	118	431	362	show
1367286715396	129	315	467	show
1372288059243	131	338	28	click
1368557448916	7	63	9	click
1372700324685	81	745	7	click
1373853827663	89	640	101	click
1373427632050	83	775	244	click
1372480900339	102	361	189	click
1373272157257	14	876	208	show
1372428003862	129	496	429	click
1366369329778	76	552	49	click
1367864209413	96	601	337	click
1367640719825	123	504	185	click
1370414508246	34	267	271	show
1367178335060	49	597	233	click
1370052581126	39	382	293	show
1372930292563	131	241	396	show
1371910055656	39	783	443	click
1371836540873	44	72	373	show
1371074188799	78	974	307	click
1366951941889	69	618	11	click
1371442445876	30	67	340	click
1370151770725	69	741	174	show
1373685032561	117	174	98	show
1372139162791	75	701	342	click
1373129199595	26	189	383	show
1373831433816	78	380	453	click
1371098783415	50	10	136	click
1372681597490	124	259	199	show
1368800326375	134	190	11	show
1372326460469	98	709	472	click
1373649037720	36	480	439	show
1367164930882	79	111	414	show
1369856871652	18	440	451	show
1367801185397	69	126	22	click
1369226243084	54	504	218	show
1370921195460	142	363	100	click
1371494047497	19	999	358	click
1366999105509	62	872	442	click
1370172279577	83	51	56	click
1368981523640	27	462	296	click
1373589249192	133	812	492	click
1367340825072	100	243	91	show
1368589968699	109	360	433	show
1366875944488	52	553	477	show
1371466949848	51	990	494	click
1370872163593	123	104	131	show
1374061426581	100	597	170	click
1367805464864	8	951	100	click
1367253687654	116	712	186	click
1372369264178	5	341	18	show
1371821576056	37	517	345	show
1373251667301	147	493	182	click
1369005191208	63	445	9	click
1368468753473	94	705	87	click
1371903053184	41	765	69	show
1368237804210	148	214	361	show
1369791329423	110	699	167	click
1373174483200	18	15	14	show
1367302560642	137	49	277	click
1367282293098	65	425	57	show
1370625131009	113	883	469	show
1369882943138	53	329	303	click
1371107714020	36	353	488	click
1371739984580	68	499	226	show
1369335408044	69	322	219	show
1367552685180	43	507	21	click
1373052780114	13	655	207	show
1368012881842	143	712	294	show
1370103589574	17	4	234	show
1372365404450	136	267	83	show
1373179807165	118	576	463	click
1372583661656	65	969	480	show
1367354952382	92	103	349	click
1368948562268	96	699	122	show
1371925237309	27	610	488	show
1369042744098	91	598	34	show
1369149984965	2	395	186	show
1368217803288	60	281	39	click
1373926281600	145	906	205	click
1372178257093	32	197	276	click
1368393699627	12	417	329	show
1366721917989	117	849	40	show
1372655659167	100	744	494	click
1370499749067	33	113	375	click
1371373011687	109	309	24	show
1370481272844	10	716	49	click
1369471267768	30	243	183	click
1371193339815	91	506	438	click
1372197150071	52	54	200	click
1367796447271	39	486	178	show
1368429311006	149	409	327	click
1368598293493	126	291	455	click
1367342023620	70	982	36	show
1370560808291	48	999	202	show
1367804417592	75	818	383	show
1373453441077	145	943	159	click
1370099222182	25	772	417	click
1369598365269	58	195	10	show
1367908947556	143	391	287	show
1369592538223	92	423	316	click
1373058322448	35	373	259	show
1370040425284	76	911	188	click
1371551747316	79	248	460	show
1371910020347	118	113	242	click
1369014950889	72	351	115	show
1373871266901	59	140	404	click
1367904620696	9	241	234	click
1373567561624	103	758	158	show
1366679819045	44	874	471	show
1368932738727	124	462	174	click
1370185216227	105	741	115	click
1373383616072	4	354	294	click
1373266536751	132	335	278	click
1370111296418	89	955	55	show
1367530102106	145	988	460	click
1368189934854	55	466	498	click
1369973513875	83	255	416	show
1367974588053	145	903	303	show
1369416725423	38	351	75	click
1373965408068	112	584	381	show
1368866289156	108	140	155	show
1370337259967	91	596	430	show
1366959734058	43	312	88	click
1368702969372	27	335	84	click
1371378198816	124	168	391	click
1368232260556	12	950	415	show
1373006283491	124	327	260	click
1367866348536	70	60	377	show
1368106778042	78	128	230	show
1371549697270	104	910	301	show
1366650187429	122	177	246	show
1373651050232	21	762	36	show
1372710104927	77	62	132	show
1366771961357	7	974	131	click
1372533828077	83	483	388	show
1373656302219	90	39	92	show
1368435303536	127	838	133	show
1369543878557	140	357	187	show
1367952336943	136	788	179	show
1370891553899	42	358	238	click
1373548755534	36	148	10	show
1371872077760	86	145	6	show
1367233201148	117	88	68	click
1372058213813	37	152	428	show
1369392278400	81	272	498	click
1367786145705	149	68	348	show
1372257917849	58	975	487	show
1372421360509	113	453	370	show
1368179902944	62	300	254	click
1373556854161	126	106	47	click
1372778675070	75	832	263	show
1367553759128	21	787	58	click
1366581232550	70	609	93	click
1369556607644	133	697	439	click
1373653173819	99	730	425	click
1371788589843	37	49	297	show
1374104070816	81	160	360	click
1372303820321	146	579	337	show
1368655913683	86	968	42	click
1367047170667	46	123	109	show
1372902526661	83	904	423	show
1371674391668	53	241	407	show
1366570303183	68	421	112	show
1369628641243	101	548	73	click
1372972054687	108	375	231	show
1373315762162	114	710	197	show
1367856804379	25	112	91	show
1373476607829	64	222	256	show
1371811872699	56	879	294	show
1370227612916	80	610	135	click
1372008638200	112	548	121	click
1368237546086	86	258	130	click
1372388755543	23	26	106	click
1369567341384	69	412	305	click
1369699535509	91	576	53	show
1368142730584	93	944	71	click
1366945983246	110	505	495	click
1369344318346	111	596	481	click
1367430740981	100	817	5	show
1366977408875	41	654	94	show
1370374787249	26	868	225	show
1371589646590	100	232	210	show
1372640500932	126	632	421	click
1370027446269	22	705	488	show
1374160124766	8	778	250	click
1366893977736	150	75	318	click
1372851796071	104	579	130	show
1368617010093	51	33	22	click
1369420562350	50	890	42	show
1368083947640	33	411	332	click
1371600591743	105	221	364	click
1373451979048	68	182	284	show
1373541019871	128	9	205	show
1367963498068	92	402	194	show
1373657000923	90	19	161	click
1371789635063	65	376	31	click
1370962633711	124	748	329	click
1366851149616	1	990	462	click
1366403715990	71	982	432	click
1373894417552	90	303	463	show
1369659169654	113	546	313	show
1373001598864	81	894	54	show
1366753065347	40	540	485	show
1371268722591	145	507	410	show
1370189241035	76	421	23	show
1371574856350	67	737	269	click
1371948600721	92	886	240	show
1371993090105	99	905	306	show
1374081534338	120	953	196	click
1366755655097	94	153	465	show
1368261201547	89	812	463	show
1366751944533	4	162	65	click
1369450243257	32	133	180	click
1366845838930	24	557	198	show
1368819730768	9	924	368	click
1372101925330	123	431	108	click
1372723111622	32	787	244	click
1368111823093	124	240	371	show
1373983227591	100	250	335	click
1373087471561	100	193	130	click
1371071505615	35	279	233	click
1371786400113	50	490	26	show
1370253993455	127	231	40	show
1373283946223	11	943	113	click
1373731177180	25	224	138	click
1366468772238	79	364	155	show
1368029466042	131	944	361	show
1374078967936	145	171	314	show
1366717540687	47	331	302	show
1372709714325	29	33	443	click
1370431274047	90	453	299	click
1368489824002	50	352	161	show
1367094994282	124	567	144	show
1371074265130	44	166	230	show
1374203655693	61	516	310	click
1368224792459	114	829	303	click
1369117475200	30	465	350	show
1369404631837	111	831	220	show
1367452514498	18	75	241	show
1366636871453	119	468	158	click
1368794742132	70	245	242	show
1368348212034	10	94	477	show
1366578522898	20	831	427	click
1366424438521	136	175	158	show
1372489822382	21	205	290	click
1370693908399	32	851	392	click
1371650389304	82	236	371	click
1371102631486	100	329	108	click
1368928172901	143	727	377	click
1367061756040	2	412	36	click
1374158443608	26	251	396	click
1370431745845	110	886	27	click
1372501865611	100	355	170	click
1373731070304	115	558	473	show
1373068319547	17	157	185	show
1373164163152	4	611	201	click
1368762047060	134	120	441	click
1368321599724	102	881	282	show
1369101188204	107	769	50	show
1366422843146	125	222	482	show
1372313417963	45	940	493	click
1374176099907	85	58	234	click
1372273950869	134	686	172	show
1368516717041	122	476	244	show
1373857172798	125	345	119	click
1367874579577	34	732	234	show
1370503931283	64	923	19	click
1369283121733	147	195	362	show
1366648393601	3	348	134	show
1367863903300	127	480	338	show
1369830342765	133	854	322	show
1369825612584	15	775	449	click
1367962696556	92	192	71	click
1372810831953	149	234	120	show
1366825234039	54	140	274	click
1371175062956	106	3	331	show
1369626835348	117	737	171	click
1371634538577	56	273	297	show
1367952411151	138	803	122	click
1373318626808	11	914	407	click
1373988766236	57	726	58	show
1370845798000	94	468	4	show
1373926222460	14	731	468	click
1367670224481	109	719	487	click
1371319262182	8	162	206	show
1367638682262	50	292	171	click
1371124168943	25	701	463	show
1373767903454	120	683	316	click
1370931797180	64	873	19	show
1370317488151	67	894	226	click
1372018462773	10	316	204	click
1367597849702	30	358	186	show
1372807616541	11	48	280	show
1368404817713	2	468	475	click
1373460125978	50	696	237	show
1372190487547	13	166	255	click
1369142016667	94	132	6	click
1373587591403	23	796	147	show
1369231379145	50	597	480	show
1373425496337	56	959	266	click
1369803733359	3	691	391	click
1371631364411	96	268	106	show
1373040079283	135	192	373	click
1371488013110	53	870	424	show
1369296787801	101	328	282	show
1369941438512	48	686	47	click
1371376967600	76	651	103	show
1371562447408	81	346	293	show
1368919850197	139	889	76	show
1368699228086	44	555	73	show
1367499484776	41	735	54	click
1370249636099	34	218	428	click
1367697295589	18	287	442	click
1373436250590	64	103	409	click
1373988195318	107	824	354	click
1371179216475	115	906	332	show
1367791877426	75	824	436	show
1371981459256	38	851	19	click
1371928510590	11	291	154	click
1374124186645	66	69	209	click
1372260013067	72	149	157	click
1370137645747	9	426	92	show
1372045293551	92	177	121	show
1367662911766	24	567	112	show
1369732899421	100	304	148	show
1371755845618	72	626	254	show
1372732167866	69	699	204	click
1370655134998	95	601	263	click
1371346747136	22	406	82	show
1370213924460	68	537	30	click
1372601155188	144	967	104	click
1368383290234	75	203	352	click
1367728438914	124	832	156	click
1367313216186	26	47	321	click
1367552103853	21	404	473	click
1370679415000	148	276	126	click
1371735155283	124	256	142	click
1368007678307	54	419	34	click
1371447160371	121	350	42	click
1371714596871	5	837	427	click
1372764281815	44	103	41	show
1367887511591	35	341	124	click
1370500951625	44	152	74	show
1370499964868	19	128	205	click
1372482885852	108	600	158	click
1369166522493	29	359	59	click
1374083498757	39	456	291	show
1370498208284	132	936	267	click
1369484766372	137	958	38	click
1370714980308	120	996	389	show
1366459188314	48	730	211	show
1370725368673	72	669	230	show
1371581293676	108	262	5	show
1369779380903	141	164	416	click
1373940715614	83	350	291	show
1371493525697	35	111	367	show
1371540247626	48	790	347	click
1367882854772	60	533	379	click
1366818124332	60	216	295	click
1368539408941	53	144	109	click
1372863225557	22	789	271	show
1366853113277	132	731	266	click
1367513763644	57	836	433	click
1367057767998	127	478	417	show
1374043478640	144	424	437	click
1368107729054	20	32	114	show
1370588793317	28	377	458	show
1370340186519	55	929	344	show
1371250381279	103	110	215	click
1366934063127	92	874	386	show
1372492163639	112	508	131	show
1372797372742	93	6	127	show
1372940002529	42	737	262	show
1373531775863	53	339	120	click
1367286779408	56	953	87	show
1367701078765	139	247	119	show
1367197534926	130	396	302	click
1369928200311	126	401	420	click
1367547367103	91	633	307	show
1367669137624	75	139	259	show
1373839499197	32	235	6	click
1369269891755	83	530	496	show
1368095077960	72	279	343	show
1368751796383	32	364	43	show
1366693579432	5	143	309	show
1370672659073	55	88	196	show
1371299914850	21	259	296	show
1372095015192	66	569	373	click
1367144030434	50	516	367	show
1369863177721	36	842	137	click
1370411913381	28	204	361	show
1372313318817	134	822	282	show
1368137664974	138	44	106	show
1366639853002	50	564	170	click
1369127164286	75	427	205	click
1372603934201	150	45	340	click
1374019314079	4	169	22	show
1370002321436	66	643	91	show
1367410908197	100	671	298	show
1368799131773	107	796	379	show
1370701438979	69	670	298	show
1371790624223	118	781	460	show
1367434409505	66	397	210	click
1372593237500	38	840	71	show
1371941720052	127	125	295	show
1371222523792	68	813	168	click
1367210237820	124	117	219	click
1366751587729	137	151	391	show
1367365300518	105	406	201	show
1373598941903	89	123	217	click
1369440481665	26	431	283	click
1369677883969	91	281	93	click
1372290527394	14	130	322	show
1367681020790	5	1000	324	show
1373487190109	45	559	165	show
1371655355713	17	558	58	show
1366355300281	9	336	493	show
1368558752251	85	150	390	click
1368794476230	41	382	91	show
1372563634326	29	464	96	click
1368649638262	48	73	247	show
1370264013543	6	704	108	click
1369532827011	116	621	31	click
1372235454849	67	940	189	click
1369819738982	13	710	453	click
1368510004906	54	291	173	show
1366464725919	42	420	273	show
1367311923996	132	799	246	show
1373549995000	87	472	420	click
1371875134412	116	231	349	show
1373245613620	62	31	384	click
1369702462721	35	372	369	click
1372085783253	10	915	332	show
1373256607911	35	203	60	show
1367820894234	55	548	184	click
1367529504795	77	244	403	show
1368471597401	77	60	17	click
1367839659230	19	531	285	click
1366384449158	91	86	120	show
1369860618055	122	767	184	click
1370870834943	48	792	165	click
1370212443105	12	297	396	click
1366976999705	40	605	330	click
1370495932526	117	572	495	click
1369766195123	27	651	353	show
1372308978247	10	437	410	click
1368146982148	53	105	368	click
1370792622149	13	962	205	click
1367027226286	11	854	83	click
1372710070142	115	512	192	click
1369957364909	61	964	131	click
1366370986135	76	837	148	show
1373492577870	58	9	394	click
1371149025427	11	744	320	show
1367918131583	79	309	416	click
1368619001815	89	561	114	show
1367323219840	5	589	267	show
1368184279949	4	841	244	show
1369602285953	135	940	435	show
1373633793285	22	901	42	click
1373852072385	136	905	154	click
1374168263080	92	237	52	click
1368417682207	104	36	20	click
1372890730136	128	72	50	show
1367715903983	83	837	98	click
1370191039644	114	747	243	click
1370315909103	63	595	127	click
1370707907839	118	723	396	show
1369989365514	135	294	429	click
1373222057564	35	809	352	show
1369021168087	78	81	364	show
1366717866084	28	814	308	show
1374191859818	8	365	7	show
1370763485183	29	231	362	show
1368140763165	145	901	8	click
1372999506376	94	643	223	show
1371378165237	85	728	125	show
1366767394437	3	84	221	click
1367340526580	101	553	201	click
1368942292634	89	453	405	show
1367976558494	5	1000	208	click
1370286663340	41	794	500	show
1372871131997	50	879	407	show
1367229759017	80	595	324	show
1371063020695	82	734	93	show
1370367813293	26	172	178	click
1369808464220	134	483	499	click
1371181349189	37	789	216	show
1369180623607	95	982	387	show
1367945275162	73	565	335	click
1372624793851	59	40	297	click
1367239688523	140	492	493	click
1370064513024	114	213	226	show
1369300331120	139	834	96	click
1372471050113	18	864	55	click
1368995483970	73	540	340	show
1370119907306	140	774	294	show
1372455947939	58	709	156	click
1373369245592	61	281	56	show
1366418322855	61	660	343	show
1373439563961	139	461	386	click
1373080493462	20	808	431	click
1373796393477	31	850	299	show
1371467132248	41	958	280	show
1374073379397	67	318	343	show
1370063185373	104	250	144	show
1368418435373	51	488	258	click
1371863148377	84	362	416	show
1370607177489	89	38	472	click
1370043734124	22	138	307	click
1371115042557	132	332	25	show
1368042172450	99	473	10	show
1372162082485	120	196	105	click
1371080680453	52	363	93	show
1372174471944	93	582	355	click
1368131497695	29	817	240	show
1371519086067	118	19	289	click
1371170598574	21	750	230	show
1369589526507	23	582	48	click
1368626949969	88	938	328	click
1368764920638	5	605	107	click
1373628517674	60	376	269	show
1371362809676	69	113	141	click
1367935246093	127	661	241	click
1370269890664	52	746	429	show
1371228671975	73	469	37	click
1373899637084	92	52	194	click
1369500339166	110	186	147	show
1369880945654	147	226	348	show
1369755796596	88	53	281	click
1373576610529	123	921	216	click
1369600549596	84	311	141	click
1370127078884	106	428	497	show
1372241543623	141	480	9	show
1373681049729	91	896	450	click
1368674272264	26	454	62	click
1371864920777	28	392	35	show
1367231988369	130	767	469	show
1370736469936	134	846	476	show
1373009698549	20	226	463	show
1373227889979	24	250	124	show
1371826309715	45	855	185	click
1373494099241	113	554	228	click
1367703122765	148	265	470	click
1370751141125	6	464	103	show
1369793753654	118	68	197	click
1370711163117	95	123	76	show
1373670555200	38	270	454	show
1369280066724	139	570	460	click
1371940310335	41	239	156	click
1366644055540	46	873	494	show
1372571200886	132	179	454	show
1371035547245	68	373	164	click
1366745165121	27	42	425	show
1372100422993	91	29	25	click
1367930718386	4	778	491	click
1366462129216	109	486	174	show
1373778020240	100	403	353	show
1370163117096	86	755	109	click
1371441291885	104	383	355	show
1371405223757	137	907	431	click
1373635052558	17	631	40	show
1369103538130	100	721	87	click
1369328712676	30	954	80	click
1368809921833	12	220	156	click
1368425369182	32	321	295	show
1368342044568	59	766	121	show
1369534014446	54	707	298	click
1373180282565	28	990	369	click
1373879496193	124	142	297	click
1370779049638	110	859	56	click
1366787369394	84	693	332	click
1367176525788	40	275	240	show
1366542049831	142	992	475	click
1369819711169	121	275	238	click
1369088913771	89	453	213	show
1372064282470	146	673	181	click
1370128993836	136	107	368	show
1370930369208	136	826	357	click
1372273310908	136	794	117	show
1373655323492	108	272	229	click
1372265366838	22	803	275	show
1369626759972	98	547	3	click
1368110040936	2	314	140	show
1371681797874	116	227	289	click
1370588822912	55	540	379	show
1372606997479	89	471	102	show
1371432003389	113	193	282	show
1370026413305	133	940	46	show
1369531623133	65	740	248	click
1371905963204	35	10	309	show
1373089565526	19	57	404	show
1371629341885	95	142	125	show
1373982834896	65	227	160	click
1369138124778	79	715	345	click
1368211263103	91	286	290	click
1374198941826	27	339	367	show
1371933362965	49	625	320	show
1367828122189	105	729	6	show
1372230546643	63	611	9	click
1371837197721	60	7	242	click
1370581362619	77	564	89	click
1369996506337	44	875	11	show
1371215550622	117	179	477	click
1373351861223	22	929	475	click
1366562574402	41	90	77	show
1367049085435	56	824	461	click
1367520559124	90	475	55	click
1371941755225	56	80	319	show
1367098909686	92	975	87	show
1369908462310	39	435	129	show
1369550235903	145	418	260	show
1366539613250	104	655	353	show
1369865257569	102	742	17	click
1366436101623	134	289	139	show
1370473344334	122	11	174	click
1368720722855	15	785	161	click
1370938821660	10	754	44	click
1367868948451	105	252	355	show
1373668843000	113	428	206	click
1372551616158	55	560	151	click
1367208283250	94	624	328	show
1368502850823	105	489	358	click
1368255362681	19	698	172	show
1366970892605	2	793	398	show
1367481731036	124	448	478	show
1373148364651	100	575	32	click
1367096642338	17	291	219	show
1366734391877	150	765	415	click
1372304262477	13	574	281	click
1371596934793	55	736	439	click
1371075370505	104	702	409	show
1372114326533	53	371	52	show
1371797602070	93	723	348	click
1366756381487	47	142	290	click
1370304084541	139	910	11	click
1372742639443	54	451	229	click
1369794205934	94	252	199	show
1370234558250	87	921	15	click
1371257974977	102	301	235	show
1368432034261	19	989	167	show
1372873126266	141	394	344	click
1368744838919	63	589	104	show
1370797463583	83	94	138	show
1368522697894	150	938	221	show
1366693496856	60	822	380	click
1368177114867	36	63	301	show
1369206621487	138	97	103	click
1367265724952	31	365	205	click
1371083828439	67	55	296	show
1368106905471	123	432	175	show
1374085429280	95	464	424	click
1369783049526	29	962	186	show
1370381574235	108	707	384	click
1366899072830	30	596	49	show
1373253558562	129	573	367	show
1369950357796	32	731	2	show
1373185996251	37	981	356	show
1373425681096	83	1000	496	click
1374088145297	86	473	444	click
1372079895521	95	619	335	click
1366436417542	15	557	15	click
1369452525751	42	641	437	click
1372845004423	121	27	267	click
1369602833319	3	165	425	show
1369916992907	118	426	406	show
1374129059327	55	394	330	show
1373552616277	16	8	256	show
1368346089845	60	801	370	show
1370346838502	30	198	5	click
1372187240004	100	230	494	click
1372723351450	9	465	304	show
1371670898543	1	867	302	show
1372273013454	21	577	439	show
1372641345732	24	111	367	show
1367158940468	62	230	45	show
1372961412168	7	264	169	click
1373257845761	135	742	272	show
1367034941048	147	912	355	show
1370620773893	32	909	136	show
1370352892200	67	994	37	show
1371197604795	69	136	440	click
1370994963739	65	908	371	click
1367972499453	7	562	298	click
1372170424084	91	352	215	show
1367025782865	129	473	100	click
1370665903748	97	153	325	show
1367314661605	134	241	129	click
1370133880471	91	91	254	show
1369688451193	85	481	78	show
1370908560963	59	851	305	show
1370524846894	97	298	118	show
1373579933783	147	668	299	click
1370100072114	66	804	446	show
1366683640315	143	408	446	show
1368611910722	9	106	188	show
1370809522162	75	712	145	show
1370848415584	58	717	235	show
1371732245660	107	322	61	show
1367243402958	45	257	405	show
1366900429640	107	914	422	click
1372776371750	10	390	44	click
1371397793886	11	964	277	show
1370060441459	96	224	158	show
1371554356953	129	46	464	click
1367715550633	84	597	402	click
1370270131583	73	225	71	show
1370595378601	116	396	408	show
1372054306793	79	832	272	click
1369006349729	19	604	411	click
1372955820256	144	60	372	show
1372607921064	44	475	198	click
1373840653955	130	192	312	click
1370530714749	117	90	271	show
1368762688097	132	969	201	show
1367528913765	84	459	190	show
1373117620603	137	631	282	show
1370050020889	67	570	476	show
1373423649348	86	320	93	click
1369714889423	121	358	71	show
1374003118392	28	411	304	show
1371975576340	31	789	413	click
1366764834360	108	567	94	click
1370748254909	100	664	443	show
1368933704360	69	686	259	click
1366724085880	60	970	385	click
1373349604670	112	84	470	show
1369811273806	150	682	39	show
1373545468830	99	711	45	show
1370526212136	147	921	324	show
1370520656056	23	97	100	show
1373885577721	75	631	451	click
1370140268179	3	960	396	show
1373652709651	89	730	164	show
1366903353293	25	513	422	show
1369156941777	110	784	278	click
1369806747559	140	788	235	click
1370325155214	16	254	378	click
1367194030193	146	206	327	click
1367249034229	136	31	264	show
1367332262550	21	631	5	click
1369073400660	143	340	456	click
1373182937156	77	956	134	show
1370857974269	21	46	55	click
1366779329938	109	537	208	show
1370680983050	3	107	190	show
1366783046807	51	303	74	click
1373792073589	146	136	127	show
1373269986178	46	155	69	click
1371523639994	28	890	472	show
1366734724337	137	246	330	show
1371286755034	63	182	233	click
1371896316832	77	150	10	click
1370570547518	71	606	412	click
1372088320512	97	719	41	show
1366642090044	22	788	203	click
1367496009539	96	332	481	show
1368597673417	46	834	361	click
1366443411330	82	848	162	show
1368885965971	68	549	292	click
1367406826749	34	823	343	click
1372510441826	83	193	252	show
1366884390723	115	642	60	show
1368273201878	60	769	181	click
1370920858198	74	387	155	show
1372988691950	98	2	89	click
1370294702024	95	798	318	click
1368026985248	145	560	128	show
1373300492918	136	152	77	show
1370756656152	38	739	175	click
1373173484354	41	340	495	show
1373921815558	110	272	237	show
1373144599973	64	676	403	click
1373578816197	107	800	396	click
1371374707832	100	892	381	click
1372415487615	128	169	266	click
1368195891462	44	777	16	show
1368741357873	7	388	429	show
1373226974150	40	269	293	click
1368752136870	100	658	349	show
1372208506640	108	500	273	click
1367437555643	126	49	485	show
1371295946402	21	157	293	click
1368421666160	149	996	404	show
1373923641466	32	310	461	show
1368585384677	47	339	87	show
1371292376704	18	571	469	click
1369607972787	73	711	500	show
1369542316494	29	736	336	show
1368716111138	146	148	443	show
1370104896869	69	703	100	click
1372449190123	102	625	439	click
1370567038201	140	538	194	show
1367550131207	21	927	87	show
1369488418455	123	26	22	click
1367303200857	57	835	62	show
1370446757684	32	78	310	click
1366591853291	81	328	87	click
1370710950926	40	339	5	show
1366422008031	124	550	76	show
1372639769515	63	421	382	show
1371045599886	126	976	446	click
1373332513891	46	929	420	click
1369497158707	124	537	140	click
1366641301397	76	304	498	show
1370637672614	106	548	140	click
1367347353548	26	292	433	click
1367564878647	84	175	14	show
1366399989461	46	807	334	show
1369145154020	136	339	244	click
1366401828289	116	289	475	show
1374126689265	92	71	284	show
1367733988259	106	140	263	click
1367940171760	75	691	300	click
1367622600438	32	249	465	show
1366757891604	114	920	54	click
1372292842288	37	116	381	show
1368398251561	46	546	156	click
1367036870373	47	961	231	show
1369913501472	70	426	79	show
1367744429663	25	267	137	show
1373877869689	142	470	476	click
1373026810121	52	629	303	show
1366432710574	103	10	459	show
1367797228769	70	419	437	show
1371446802536	24	299	42	show
1372153478024	27	69	78	show
1369073301328	149	756	127	show
1370921538235	16	929	116	show
1372702625361	119	775	244	show
1367728072660	132	599	44	click
1369165217539	78	983	300	show
1369574818688	78	920	251	show
1372655667105	11	736	492	click
1369422044781	135	354	82	show
1373489646084	15	841	128	show
1370116733260	68	34	247	show
1369495332912	22	452	463	show
1373513265389	85	954	424	show
1373124002184	66	499	159	click
1373253708256	103	590	103	show
1366371723578	12	172	444	show
1374163937097	46	724	289	show
1370344490559	116	185	481	click
1368786968865	33	963	106	show
1368672197444	39	389	44	click
1373531898478	125	793	405	show
1372424315939	27	383	263	show
1370446118673	63	478	298	click
1368368952176	103	708	5	click
1371634866861	28	560	192	click
1366962704197	45	648	1	show
1373034291004	52	215	251	show
1371566759772	10	517	152	click
1367283014511	122	604	242	show
1372777328814	91	436	300	show
1366556431033	69	550	13	show
1369463352598	82	90	69	click
1366848077924	135	66	98	click
1370102296838	63	332	313	show
1370500068966	76	713	137	show
1371292284876	82	838	103	click
1366930909395	149	25	74	click
1369161803902	119	578	372	click
1370878115521	77	837	400	show
1369341516724	137	955	254	click
1368682651592	114	976	241	show
1374115603099	88	31	251	click
1371251897301	24	548	133	click
1371220528971	127	362	262	show
1367290530219	26	393	166	show
1369840266901	106	461	434	click
1367653408070	108	135	270	click
1373948369708	12	291	406	click
1372641141479	59	391	169	show
1369152604827	20	103	211	show
1366884805230	17	747	370	show
1367060153159	73	448	19	show
1373296919612	102	177	179	show
1368396934781	81	918	1	click
1370376272442	77	671	173	click
1369275734637	40	957	399	show
1369692427139	73	487	187	click
1373779533640	138	59	324	click
1371981049602	121	974	478	show
1372489785396	16	481	26	click
1369632716367	49	290	187	show
1366845703109	57	123	349	show
1372785147009	22	736	38	click
1373717611696	19	377	357	show
1369845287989	134	609	55	show
1372452235641	74	397	387	show
1371070520095	115	329	36	show
1371987370763	39	780	414	show
1368162191990	90	180	202	show
1366499167557	5	106	88	show
1373655962723	104	731	76	click
1371891703548	52	35	51	click
1373050441344	6	961	52	click
1374080737440	17	759	440	show
1374192417813	53	897	392	click
1367754536871	134	557	494	show
1369726243241	8	560	40	show
1371815695418	42	650	192	show
1368712635792	16	173	236	click
1374123682447	15	363	273	click
1372298355008	1	574	113	click
1369320920659	10	316	306	show
1366518096385	78	241	408	show
1368354693602	67	926	415	click
1372539083556	78	718	119	click
1372058572252	113	979	223	show
1371972571976	65	315	182	click
1371546199936	130	67	112	show
1371302533852	131	386	380	click
1367293743001	101	383	126	click
1374174733506	135	319	288	show
1371212394064	49	65	87	show
1367617064377	36	771	92	click
1367432436853	112	45	94	show
1371323573747	4	858	414	show
1372519996083	64	695	470	show
1370853206948	95	453	283	click
1368253227179	119	306	231	click
1373610736238	123	921	164	click
1367411877981	15	204	118	click
1368977504959	123	741	137	show
1368482085466	9	648	472	click
1367369263526	138	828	361	show
1370918382294	121	428	150	show
1370590635633	1	415	466	click
1367611096861	46	942	176	click
1372655166941	58	562	118	show
1372628530580	107	967	182	show
1368263684565	9	718	413	show
1366466462183	10	135	70	show
1369463635576	35	429	413	click
1366960341286	16	201	464	show
1373061992210	80	822	115	show
1372290502097	109	299	385	show
1373528778902	53	979	446	click
1372054914218	93	791	48	click
1371468286718	146	250	337	click
1368865178170	19	379	336	click
1372156945319	49	199	492	show
1372758324893	103	58	89	show
1366441377391	12	780	435	show
1372792233403	71	259	62	show
1368785995690	22	18	314	click
1371515046952	129	676	353	click
1373788055552	77	963	333	click
1373973390620	33	306	220	click
1367789583918	103	242	174	click
1369294810065	65	61	368	click
1371593992706	79	913	77	show
1366868251530	36	235	291	click
1374016522429	80	784	19	click
1370122574864	17	255	67	click
1369307546061	120	566	192	click
1366690994222	67	334	337	click
1374111565831	113	509	403	click
1370362830246	64	691	158	show
1373952352882	71	13	21	click
1370670549570	23	75	413	click
1371340599110	78	894	59	click
1370411243297	51	620	195	click
1370263763040	51	432	497	show
1366975857766	60	75	165	click
1369784094532	67	519	136	show
1373904013517	134	502	67	click
1373991079054	45	159	223	show
1369624798556	9	473	297	show
1371497783516	67	900	477	click
1372896772506	57	580	202	click
1367013570665	73	948	112	show
1369153850638	138	305	464	show
1370860916332	76	574	52	show
1370100990366	20	244	470	click
1368287237768	30	38	310	click
1369794215680	67	510	396	show
1370537419708	52	187	85	click
1374092549032	1	974	257	click
1367919121078	149	671	287	click
1369990332778	14	449	165	click
1366589809426	16	379	204	show
1371152070378	75	985	368	show
1367696066921	71	134	387	show
1372991526522	21	144	174	click
1368502190711	84	648	162	click
1372252719093	17	291	17	click
1366704957521	86	999	432	click
1367672764700	120	796	132	click
1372455653734	65	898	67	click
1370657448164	13	389	143	click
1366660523221	117	849	489	show
1370667900178	80	480	484	show
1368338214720	82	513	3	show
1367039557951	56	367	226	show
1370850669716	133	9	344	click
1366388006556	85	641	59	click
1371586233465	53	969	453	click
1367362796228	13	365	141	show
1372328489710	39	30	89	show
1373816846294	81	866	431	click
1373267081582	10	349	54	show
1368841164739	78	443	187	click
1369732194638	62	699	447	show
1368848720250	18	760	90	show
1367443616246	42	838	53	click
1370336526693	41	903	60	click
1373301470335	112	957	263	show
1367841146437	100	267	330	click
1369763072072	57	574	83	show
1369936678609	27	308	183	show
1373620384982	14	504	387	click
1371030978337	112	225	321	show
1369607045410	48	624	29	click
1372749625541	112	776	177	click
1373304081732	7	157	351	click
1371411338150	33	640	470	show
1367367250784	56	390	427	show
1370798886720	72	702	139	show
1369071588646	81	802	69	show
1373358710543	65	640	209	click
1366755633448	79	825	329	show
1373213124479	36	908	124	show
1373810116072	144	572	265	click
1370243939554	60	690	373	show
1373945367995	101	157	148	show
1368721874062	124	602	383	click
1368084856184	40	364	375	show
1373465285592	96	841	326	click
1370371058026	133	918	302	click
1371675955947	57	492	184	click
1369629994210	94	991	36	show
1372060427268	138	306	277	show
1367489466716	47	301	465	click
1369052862860	144	112	224	click
1373531312539	20	239	11	show
1373415312556	46	717	60	click
1371499533382	148	805	137	click
1366899002107	147	808	474	show
1367103435497	139	309	291	show
1372271092639	86	347	401	click
1367587250480	58	352	341	show
1373762120178	79	652	474	click
1371196865304	8	774	186	show
1372380188467	6	420	464	click
1367233848261	104	577	466	show
1367800798876	124	50	294	show
1366360560588	51	579	258	click
1372949135355	70	350	241	show
1369160057774	53	512	80	show
1366789915377	50	65	5	click
1371471213283	125	923	252	click
1370632235317	48	407	485	click
1373069277459	29	572	449	click
1370303221243	83	738	27	show
1373748473339	88	791	402	show
1370992546985	71	531	486	click
1371901238296	80	137	146	show
1371111092411	32	167	336	click
1370981034605	18	928	239	click
1368222570814	13	113	288	show
1369529673234	66	500	6	show
1374197468463	73	870	136	click
1374096908015	92	480	428	show
1372041488505	20	513	7	click
1369232836216	56	810	497	show
1372381176434	137	726	183	show
1367413103082	38	453	155	click
1374004304267	112	966	200	click
1372120198412	14	844	348	click
1370409607210	120	567	92	show
1373013919927	74	405	234	click
1371432955339	111	105	31	click
1367377635507	41	444	219	show
1371325216136	38	847	294	show
1369518526799	22	81	256	show
1371614106839	130	79	375	show
1372586861851	112	413	271	click
1366429367768	27	6	256	show
1367122066834	128	533	170	show
1368931919052	104	278	8	show
1369509770517	57	197	376	click
1366556153032	117	930	52	show
1369230360786	46	758	482	click
1369514452465	45	927	471	click
1368944095211	138	599	161	click
1369318029931	5	137	49	show
1367698787748	11	158	220	show
1367703043552	63	139	420	click
1369031458307	1	914	423	click
1374017488047	99	80	349	show
1369764767826	17	135	18	click
1371845145415	115	845	409	show
1373477285219	24	915	250	click
1373957506884	60	398	358	click
1373680004150	91	328	3	show
1369750564531	127	75	12	click
1371743117664	132	681	421	click
1368545795642	46	582	170	click
1367845680217	79	676	125	click
1368884140488	98	859	283	click
1367757887669	90	483	371	click
1367543374768	142	161	77	show
1366705643163	117	408	398	show
1370583715045	141	175	180	show
1371942348563	105	678	57	show
1369283322570	106	394	4	show
1372265361571	60	441	375	show
1369605053703	25	863	16	click
1370143427669	98	972	206	show
1373980202603	25	303	187	show
1370090584458	102	800	200	show
1372954322181	93	517	48	show
1373862144823	86	330	277	click
1367219672083	110	503	474	show
1372357940271	30	715	74	click
1370496997713	18	334	169	show
1366401221362	95	100	395	show
1371239712181	21	233	105	click
1369818029258	14	921	242	click
1370828031489	32	342	184	click
1370476201323	91	595	151	show
1372967453148	111	880	333	click
1369385629764	74	246	260	click
1372015644143	103	615	217	click
1370590443110	120	25	488	click
1370375862841	19	435	94	click
1371510619547	16	494	495	show
1370815577929	70	680	100	show
1367506237380	69	16	467	show
1369597088613	76	313	439	click
1372589057447	132	669	176	show
1370040444215	71	165	287	show
1372509587291	118	221	217	show
1370110318049	140	948	306	click
1366891274724	9	698	414	click
1368424953571	85	882	412	click
1371459058662	50	628	119	show
1371176940432	111	841	447	click
1367527165711	10	836	322	show
1366858242847	116	845	161	click
1370210833165	108	400	46	show
1372122316806	18	152	416	click
1368247172386	127	166	372	click
1369849874386	112	670	134	show
1374082446966	36	366	370	show
1372063590933	50	500	243	show
1372192516299	15	492	424	click
1367318666780	51	468	258	click
1367403558025	103	472	443	click
1371186485039	90	46	114	click
1371236594483	45	671	26	click
1366937960255	122	549	405	show
1369657299354	65	450	280	click
1367109500399	32	270	302	click
1372013047540	108	642	163	click
1371024545682	35	356	464	show
1372109379400	146	665	243	show
1370561323651	4	179	195	show
1367163859433	128	154	89	show
1366480301504	136	561	126	show
1372852506240	98	277	411	click
1366545845791	39	480	329	show
1367610502942	56	233	433	show
1366651959529	39	801	470	click
1373605607936	134	347	321	click
1366625062198	24	888	74	click
1368376700073	65	778	434	click
1366690397676	112	814	297	click
1373027091921	40	18	422	click
1372023284901	98	271	287	click
1373171140779	91	360	229	click
1373161768243	75	727	160	click
1372420090535	121	485	224	click
1369966621625	103	881	328	click
1371569054900	72	633	294	click
1367106489901	72	377	219	show
1373882976633	50	376	22	click
1371780004352	71	503	297	show
1372670067439	54	411	183	click
1371309400466	16	11	207	show
1367119191646	89	507	473	click
1370933851606	81	14	137	click
1371782325707	125	732	170	show
1371756786474	119	95	58	click
1372385353410	141	550	301	show
1371308194962	97	176	382	show
1369348394517	77	565	296	click
1369009517101	53	731	231	click
1372729210078	91	833	280	click
1373908427858	148	278	60	click
1373580352357	47	241	64	click
1371689032437	12	408	208	click
1368007013755	103	258	77	click
1371045798208	59	981	332	click
1368694917404	92	461	432	click
1374037253456	36	831	470	show
1373947877422	82	317	165	click
1368169983352	1	163	208	click
1369061528131	101	635	90	show
1374052921274	28	566	193	click
1368003676328	107	170	399	show
1366842172826	115	108	197	show
1370209941561	67	562	154	show
1369157407907	81	262	320	show
1371787756840	30	15	156	show
1371870657915	13	74	116	click
1367284226353	36	941	59	click
1366353183707	91	67	58	click
1367974739491	52	351	496	show
1371031257315	22	573	107	click
1371200296271	88	825	422	click
1369234757326	69	367	24	show
1369780432493	112	914	111	show
1370371468474	109	53	308	click
1373522195096	12	688	435	show
1373369603987	74	1000	79	click
1373278200509	63	69	146	click
1366481624842	38	724	6	show
1371957253432	65	429	77	click
1371424521518	122	153	185	click
1369793520378	14	771	128	click
1374124576902	140	799	187	click
1373115611365	135	877	255	show
1371409804596	147	227	222	click
1366964349444	76	665	1	show
1373063045480	24	617	207	click
1371719466515	102	223	105	click
1368507039134	26	513	142	show
1373710758519	70	154	370	show
1371498209312	127	480	352	click
1373471201150	11	207	223	show
1370238013721	116	351	239	click
1368471013769	107	710	296	show
1368578010410	76	707	64	click
1370339569582	91	380	53	show
1367751805999	150	921	490	click
1367672774070	30	552	183	show
1371576544550	131	160	91	click
1373684905852	74	58	151	show
1371254542031	18	197	222	show
1366437208390	7	692	262	click
1372750949113	48	929	417	show
1367588831750	32	429	37	click
1373404127911	132	510	313	click
1368502892383	120	746	439	click
1371619122706	61	464	29	show
1368863603618	128	73	67	show
1371292369709	93	63	407	show
1369781810672	115	340	280	show
1369209822676	121	99	266	click
1366894930523	90	246	37	show
1369180430011	89	749	206	click
1369507851532	104	745	71	click
1367822576837	24	514	461	show
1368053914094	64	416	296	show
1366883772710	144	264	143	click
1366694178275	127	78	176	click
1373982490489	96	349	462	click
1373633884842	115	569	459	click
1368296569794	31	862	69	click
1369931000870	52	983	496	show
1372070937540	42	563	116	show
1371125523314	13	579	18	show
1367352009630	36	385	39	click
1371431360296	131	255	156	show
1368768445068	38	423	236	show
1370984764211	6	842	24	show
1372803102857	104	908	103	click
1369522820054	134	123	481	click
1368067574237	25	984	54	click
1374146364540	83	20	355	click
1371882766633	70	368	307	click
1367446330770	49	133	54	show
1373376025975	148	742	486	click
1368226863970	15	478	461	click
1368339223200	44	141	348	click
1371808034359	85	964	312	show
1373886994237	98	896	388	show
1367358440233	42	346	2	click
1367375610297	38	491	269	click
1372769998309	130	338	188	show
1374193669578	71	201	120	show
1372888849087	49	82	143	show
1367400423562	18	839	88	show
1373341832259	8	113	453	click
1369396983008	37	922	14	show
1368341133340	66	336	253	click
1372161034841	131	988	359	show
1370807374352	62	399	97	show
1366468450984	83	918	485	show
1372432944003	83	829	282	show
1370669550950	38	602	461	click
1367581012802	89	604	6	show
1372333923167	64	650	469	show
1371412893651	68	84	420	show
1368506993201	132	958	191	click
1372881752339	133	684	327	show
1374091851507	9	291	415	show
1368068254533	72	34	368	show
1367017102694	95	952	200	show
1373534029922	130	731	494	click
1368227363185	12	350	192	show
1369136899049	67	188	272	click
1372678562655	131	616	376	show
1368658576134	104	660	153	click
1366651537463	102	117	99	click
1372996527260	90	508	198	show
1370831407740	1	592	274	click
1367158777580	54	517	180	click
1371905006315	37	902	127	show
1368456584331	26	533	477	click
1369295553955	56	120	344	show
1367347736954	141	164	183	show
1366748867272	2	822	479	click
1366889364002	28	932	291	click
1371711854114	86	580	390	show
1373966563504	65	817	455	show
1370721042675	31	606	220	show
1366855069384	131	850	237	click
1367418793984	101	494	111	show
1370658873689	72	323	247	click
1367146509995	27	338	264	click
1367175567216	129	794	326	click
1372409337968	24	310	212	show
1370394943172	105	909	382	show
1373609845321	115	768	449	click
1369616477411	70	44	338	show
1372667106755	123	407	112	show
1368898061466	101	151	346	show
1367962168268	88	697	226	click
1370501650954	66	57	420	show
1371166977463	8	313	85	show
1369053302040	34	713	51	show
1371640048405	74	487	258	click
1368834395234	65	945	483	click
1370143125533	85	924	72	show
1368303439811	100	618	14	show
1373513935113	60	403	188	click
1367174532705	19	696	413	show
1373879600220	52	675	225	show
1368418902991	27	303	152	show
1371801995923	99	983	217	click
1367483170414	57	861	432	click
1373176683920	38	731	391	click
1369986584066	146	959	92	click
1371507004683	33	162	460	show
1367934899351	40	919	372	click
1371894198487	120	671	458	show
1367543576154	77	442	296	click
1370577719973	123	945	112	click
1370699152600	1	993	143	show
1371747642339	145	106	149	click
1369889573808	86	390	446	click
1373136405135	109	998	328	click
1372925450527	34	604	279	show
1368580384293	51	905	96	show
1368949226761	49	446	398	show
1371912527749	9	942	460	click
1369982352947	68	472	148	click
1371659857689	33	236	158	click
1372358180570	116	48	128	show
1373099303259	27	728	403	click
1371951861635	85	101	389	show
1372534093815	20	33	171	show
1373914050474	139	768	464	click
1373093618249	35	222	358	click
1372700290704	79	569	437	show
1369761834837	36	534	344	show
1370642967789	135	993	360	show
1370846218514	66	568	187	click
1367692733702	42	957	83	show
1369020335858	40	131	214	show
1370829671929	12	335	407	show
1367230344436	53	332	335	click
1373963861828	133	930	446	show
1370142019275	91	659	147	click
1368563252702	69	622	108	show
1369072639824	67	213	225	show
1369997484335	8	260	291	show
1367750367615	40	590	325	show
1372242658940	9	725	305	click
1371594389976	90	579	118	show
1368091896154	96	227	260	click
1369108799407	64	7	141	click
1371193141356	49	514	453	show
1366955160560	147	662	490	click
1370950484788	81	926	113	show
1370874483318	79	970	446	show
1367009189611	133	233	62	click
1368996257295	54	893	445	show
1366854972155	45	63	73	show
1370848838678	110	690	405	show
1367806068567	19	119	452	show
1371496016346	149	713	59	show
1373900871723	111	310	234	click
1371081877948	74	304	400	click
1369298828436	28	404	79	click
1371724904108	138	584	238	show
1367081974280	56	121	476	show
1366438905690	4	495	389	click
1366758237504	36	226	68	click
1369211080369	117	549	304	click
1373627587865	13	391	264	click
1367867547657	23	395	169	click
1371102914696	110	918	454	show
1371565174145	64	618	177	show
1368030794491	21	608	450	click
1370461897289	123	402	98	click
1369271782384	19	172	370	show
1372246702617	133	749	17	show
1373849932276	61	128	327	click
1369107165186	115	973	133	show
1367728752797	78	154	219	click
1372676978019	134	898	446	click
1373137135940	92	256	151	click
1369997727976	88	145	443	show
1372673367546	13	265	209	show
1372138908578	69	749	138	show
1372124999881	141	98	71	click
1368096943575	137	16	22	show
1369024488938	148	936	76	click
1370868357334	55	296	47	click
1369943588240	26	548	418	show
1366526141778	48	389	436	show
1373123407856	22	446	436	click
1371397565141	71	122	350	click
1366630680251	39	296	457	click
1368893520848	54	989	445	click
1366852918154	101	820	450	show
1372073812373	7	29	234	show
1370227366557	142	458	92	show
1372623089818	143	992	434	click
1373638176860	58	936	28	click
1369622883575	147	289	98	click
1367449134385	10	602	205	show
1367311816591	21	108	122	click
1370513541696	140	612	32	click
1367151168242	44	981	306	show
1368004012585	140	715	267	show
1368655432339	134	637	166	click
1371348788533	26	298	182	click
1369265231375	29	896	121	show
1367682368894	80	359	349	show
1369056518907	92	374	319	show
1366870169900	139	449	448	click
1373329050333	7	427	361	show
1371359599947	65	594	455	show
1371226318699	94	61	290	click
1367368733671	59	299	410	show
1366392809686	42	133	375	click
1368052534144	63	112	188	click
1371140721974	65	669	458	show
1368406245604	21	340	383	click
1366748446869	48	80	313	show
1369335660688	144	205	36	click
1367575578504	61	370	91	click
1372029203377	137	798	384	click
1369379856155	125	129	217	show
1371174223253	92	100	429	show
1366530345681	96	109	88	click
1372772654779	82	426	303	click
1368867378325	139	531	482	show
1370747713266	82	383	2	show
1367356138291	110	905	77	click
1369500801891	87	63	487	click
1366756774086	29	619	369	click
1372962273735	36	629	490	click
1368963620273	33	752	143	click
1371796886180	42	747	65	show
1367619268607	35	902	33	show
1371949070257	10	559	445	click
1367842832642	146	461	156	show
1368024289922	120	11	200	show
1370144447160	149	316	335	show
1368753407924	83	249	409	click
1368812546879	116	706	389	show
1373516255923	107	61	314	show
1371348082169	21	221	341	show
1367699853134	127	62	241	click
1372225280051	24	449	383	show
1369551986440	135	787	21	show
1369841822552	145	819	298	click
1371306415483	149	348	24	show
1372982761637	81	727	262	show
1372979211167	92	988	125	click
1367494975285	91	256	251	show
1370422833504	27	561	467	click
1373667372189	63	49	358	click
1373336423836	57	725	143	show
1366795464547	16	184	366	click
1367858498134	98	992	321	click
1370767359171	111	343	270	show
1369100464524	39	838	334	show
1373258666827	6	653	82	click
1367243327975	104	939	47	show
1370254172414	92	910	411	click
1372280587489	124	74	341	show
1369592693850	105	542	35	show
1370644523367	12	65	47	show
1367053950761	138	549	152	click
1367917009356	28	913	286	show
1372042368914	4	466	325	show
1374127830399	123	830	448	show
1371356659100	140	120	193	click
1368563412530	120	640	52	click
1371252896137	16	23	179	show
1367639389823	10	340	345	click
1368817232024	49	591	208	click
1372625096596	144	299	209	show
1367561142512	60	949	85	click
1373519925969	38	357	46	click
1371292432212	15	58	88	click
1366698191422	6	1000	20	click
1368162513260	47	965	100	click
1373622022449	34	517	157	show
1370114308870	120	167	220	click
1369433519801	83	644	248	show
1367172817273	132	816	364	click
1371532469663	148	827	390	show
1373532758440	11	456	324	show
1366935901754	109	803	148	show
1371253768417	139	908	310	click
1370928762362	11	969	328	click
1366967482637	46	587	359	show
1369838279431	117	804	247	click
1370516404542	39	848	349	click
1372601923017	122	298	257	click
1366819135473	41	729	28	show
1371300284051	79	949	360	show
1369705870221	71	570	52	click
1371764791845	112	846	435	click
1368780187767	102	203	370	click
1369015753397	105	233	190	click
1367159724106	150	926	368	show
1367159727755	81	251	352	click
1370800973909	51	601	185	click
1372772192486	39	714	37	click
1369827529473	51	668	220	show
1366450676992	7	911	5	click
1373440446213	116	768	255	click
1371681908144	138	733	189	click
1373197878862	8	347	104	show
1367455796598	120	33	292	click
1367990146156	35	56	40	click
1370033944149	13	200	179	click
1370640989118	58	92	110	show
1374119831751	145	20	84	click
1368462758349	85	952	431	show
1369953105696	15	906	286	show
1368496252983	54	919	52	click
1373547912232	58	651	68	show
1368681155383	24	867	297	click
1371942314946	94	821	210	click
1370841641755	55	403	205	show
1367327246714	138	692	16	click
1369654697223	135	176	228	show
1368936301224	15	416	297	show
1366501703670	13	315	19	show
1369436999466	87	627	12	click
1372098717419	101	995	134	show
1368620067574	90	962	4	click
1369708742728	24	66	119	click
1369031802415	17	20	190	show
1366417590405	33	801	302	show
1370156964487	8	263	432	show
1372682423246	142	432	136	show
1366423953505	63	568	132	show
1366930085155	103	262	406	click
1366374406053	124	468	343	show
1372015773642	140	566	330	show
1371557991051	71	261	261	show
1367968363205	10	31	432	click
1371692989129	46	352	145	click
1370403890383	23	976	246	show
1367064220339	73	824	288	show
1368508573206	69	24	327	click
1366982237016	16	476	483	click
1368621471484	35	384	245	show
1372772090596	67	10	377	show
1367059732284	103	191	186	show
1367772510165	31	650	237	click
1373833574634	4	887	37	click
1371674584793	147	773	66	show
1369256943205	18	707	131	show
1370207535604	118	988	323	show
1372822070307	63	168	287	show
1372256710484	22	106	88	click
1369943753800	146	113	382	show
1369439219737	15	676	460	show
1367059781084	28	105	309	show
1372017222339	81	634	274	show
1373359528275	78	576	84	show
1367622108432	18	363	95	show
1369822750464	11	813	418	show
1370423462188	135	232	72	click
1373902232924	21	52	317	click
1371899376767	47	110	403	click
1368263005260	56	513	92	click
1369340740823	123	358	59	show
1372705588337	135	82	320	click
1368955123806	19	81	21	show
1366452178629	49	108	245	show
1370617266535	121	487	22	click
1373262169532	111	475	308	show
1369781551270	146	581	367	click
1372811852357	43	923	367	show
1372556783521	98	715	254	show
1367841581312	116	673	54	click
1370191037842	2	920	63	click
1369184045957	117	984	279	show
1373445792606	41	183	419	show
1374193976082	85	897	350	click
1368226375314	119	124	153	click
1369110777622	66	10	179	show
1370093982833	115	793	295	click
1372776120596	31	887	391	show
1367055135116	90	763	470	show
1371975478513	77	333	456	click
1371138817237	55	221	278	show
1367153306050	145	776	423	click
1372497680574	84	121	384	click
1367959831100	80	616	408	show
1370826771908	79	418	117	show
1373378720768	26	186	234	click
1367173389440	24	32	302	click
1372714062322	121	327	309	show
1373713080530	118	919	121	click
1369346689274	78	571	310	click
1372954002148	91	529	3	show
1367079055529	97	374	215	show
1367102235126	99	877	358	click
1366573983766	75	107	185	show
1373854854163	150	463	247	show
1371835221675	138	425	237	click
1372590628794	77	179	76	show
1370834617387	127	709	293	click
1369848067640	51	859	136	show
1368487803402	93	16	353	click
1369152762974	84	996	232	click
1370703129577	21	210	281	click
1368968160933	53	733	131	click
1373381063050	95	812	197	click
1371753999141	63	91	341	click
1372255468822	137	447	102	show
1368146497016	84	696	458	click
1369545305193	30	386	162	click
1367179457349	107	761	86	click
1367246353479	32	911	428	show
1370884070102	125	889	288	show
1369656029154	39	718	90	show
1371209872699	48	732	470	show
1370124247317	124	804	196	click
1369281363599	69	778	352	show
1366767609760	41	132	258	click
1373426423249	74	223	37	click
1368359266246	44	589	354	click
1372568480910	129	466	69	click
1370820111692	98	202	77	click
1369286677061	29	718	315	click
1370038174413	1	401	129	show
1367129713315	99	52	300	show
1372771814467	92	873	114	show
1373963111067	74	16	232	show
1372410167886	22	243	347	click
1368015858724	74	134	201	show
1372129929980	64	426	262	click
1372702587918	123	723	411	click
1367923937085	114	337	102	show
1371267573488	136	550	491	show
1371177002304	42	214	119	show
1366784554009	56	688	269	click
1366570167057	54	620	118	show
1371384101815	96	341	23	click
1367368535558	88	700	288	click
1368265900350	114	975	48	click
1372472064305	138	807	226	click
1371890311061	106	510	364	click
1369953350466	69	769	473	show
1368009270330	52	123	139	click
1372793555615	79	290	366	click
1367081896447	129	43	311	click
1370284330506	7	719	278	click
1371172566680	58	1	486	click
1368990010109	145	901	396	click
1369524111722	98	980	181	click
1368584166028	80	392	133	click
1371258909522	150	666	296	click
1369574061231	68	30	158	show
1367477857037	141	843	353	show
1366619419627	16	803	246	click
1370647608123	94	464	337	show
1371806023417	57	47	192	show
1367083011340	150	848	73	click
1371011498294	31	952	193	click
1370474406004	74	284	47	show
1370213125890	107	610	431	click
1373175705589	6	693	400	show
1366707226178	29	990	329	click
1374095312085	110	619	331	click
1371800575132	122	328	213	show
1369186393680	37	72	44	show
1371925881108	66	630	102	show
1371513536938	82	251	115	show
1367573552752	93	54	431	show
1369668895075	53	990	248	click
1370349270607	59	676	423	click
1372108424613	66	392	154	click
1373700617625	5	467	306	click
1370366764299	139	214	170	click
1369228953170	112	776	139	click
1372265092553	58	270	133	show
1367415364043	95	96	494	click
1370276828438	74	8	43	show
1371379048431	48	655	11	show
1367596366545	131	905	13	click
1367546915868	146	361	291	show
1373493583263	68	613	202	click
1370070005033	90	366	179	show
1371934304473	81	831	260	show
1370919939493	111	647	392	click
1372756491482	17	267	483	click
1368512507553	77	144	349	show
1367182358451	113	910	257	click
1373517045390	59	912	449	show
1370178535503	12	296	98	click
1368234243504	86	156	2	show
1371472203384	34	350	72	click
1367995809300	95	96	4	click
1371908487991	137	388	297	show
1368766115825	18	416	290	click
1369132566132	30	126	379	show
1372842136210	30	799	169	click
1370555896639	137	258	452	show
1372922853966	85	947	173	show
1366773920208	114	640	152	click
1373836270007	130	627	334	show
1371586933580	144	120	430	click
1368198824832	49	221	9	click
1368765497035	57	579	260	show
1366420121030	54	93	442	click
1369872811502	120	466	232	click
1373451495474	48	906	375	show
1369236416133	29	73	388	click
1372903493686	119	512	105	show
1372307923167	32	962	276	show
1368836112176	22	246	312	show
1373644620291	104	893	155	show
1373562737289	150	423	206	click
1367046770302	22	641	253	show
1369137770679	77	247	94	click
1372050622408	24	106	118	show
1371233501804	124	266	39	show
1373424056270	29	848	400	show
1371408858119	106	727	135	show
1372913392113	6	590	6	show
1371198251443	149	937	419	click
1369107166537	46	899	220	show
1371194768625	113	847	12	click
1372300887335	85	164	84	click
1373712655408	35	316	474	click
1373998360469	148	678	473	show
1369828416219	12	779	3	show
1372695892630	100	431	303	show
1371574518881	150	243	157	show
1371269449092	143	381	148	click
1372693815956	39	24	169	show
1369267914158	34	807	260	show
1374092466825	148	474	309	click
1371915649625	46	600	242	click
1372744060597	141	241	352	click
1371734775723	105	72	414	click
1374043077860	29	822	453	click
1367012797255	102	434	456	show
1370244775375	45	448	231	click
1371665118321	60	396	379	show
1373239519637	18	499	260	click
1367080718389	83	663	171	click
1371334964785	17	676	85	show
1369905835355	126	14	241	click
1366541241792	56	234	13	click
1368576415916	74	313	395	click
1370230015527	8	623	146	show
1369592879622	70	450	95	show
1371543287423	3	521	57	show
1367602858763	145	662	216	show
1368585336168	81	147	248	show
1373851562765	121	38	258	show
1366665964686	9	160	223	click
1373320374349	132	192	401	click
1369512984695	28	872	210	show
1369596897225	114	74	95	show
1374183057483	59	254	242	click
1373305204421	36	836	493	click
1371605628472	67	112	233	click
1372276879400	70	579	90	show
1367872132175	120	608	474	click
1367762079678	66	115	369	show
1366703170556	16	29	251	click
1369538998680	15	609	42	click
1369139484188	20	262	256	show
1367963087356	38	806	278	show
1368787136470	81	952	371	show
1372979124770	141	795	393	show
1370284711058	142	244	186	click
1372408776783	116	237	313	click
1368591505941	95	96	60	show
1372162632660	110	947	394	show
1374017564936	65	121	46	show
1367269345909	113	937	467	click
1368779256666	38	898	270	click
1372468473897	136	926	233	click
1373421351135	97	570	234	show
1372309134797	85	672	233	show
1374112080103	141	211	413	click
1369506533855	31	805	432	show
1368951918661	7	134	53	show
1371134695358	109	286	284	click
1373178557338	56	867	40	click
1370478098977	23	72	281	click
1373578098888	57	210	115	click
1371312437232	65	859	131	click
1367238243502	5	949	233	click
1370115678513	111	317	386	click
1374082367200	21	418	490	click
1367985670232	70	821	131	show
1366786218854	44	384	336	show
1372986278904	20	455	97	click
1372137020789	25	982	250	show
1369331755261	50	71	270	show
1368494177552	39	577	488	show
1372727638840	32	26	156	show
1372773408724	61	688	191	show
1368565732274	54	792	109	show
1366811321358	110	668	46	show
1369938671566	45	925	431	show
1369034051019	94	744	44	show
1372658563844	96	854	65	show
1369888382077	63	630	435	show
1367760006882	67	251	486	show
1366799716912	46	529	255	show
1367491746113	137	442	171	click
1368825653108	4	669	35	click
1373530868276	10	649	199	click
1369707502939	40	717	97	show
1369099590105	129	503	54	click
1367981899191	60	531	310	show
1373976361399	122	363	426	click
1370033818836	131	646	267	show
1366466544458	77	554	228	click
1372218013417	117	884	411	show
1371917818207	137	180	275	click
1373715735692	131	998	45	show
1368512301788	144	584	205	show
1366454255562	108	405	455	show
1367704089165	8	709	233	show
1370356047210	63	938	58	click
1368457041171	133	403	289	show
1366503310400	150	943	463	click
1370556042050	119	558	101	click
1372651337364	121	839	323	show
1374115555062	109	436	83	click
1366501012669	20	667	134	click
1369452991364	9	910	30	click
1371968566956	45	199	67	click
1369193943509	4	555	63	show
1367178863463	110	320	147	click
1372801625263	6	130	499	show
1371587407812	24	848	145	click
1371866307687	137	55	500	click
1367386732897	22	960	204	show
1366440352757	52	365	150	show
1370154720800	103	329	53	show
1367471097850	36	38	111	click
1370641734314	109	617	12	show
1371619727457	38	516	254	show
1372454975634	37	820	253	click
1369520023818	72	761	473	show
1371811862419	25	915	131	click
1373957270843	69	677	200	show
1373410713818	128	33	59	click
1369213868381	65	984	37	show
1371049850028	101	468	311	click
1371130646566	44	987	202	click
1374170786656	36	376	345	click
1368923848688	43	574	77	show
1374108635781	54	659	312	click
1369474422619	19	65	40	show
1372931683216	97	501	241	show
1371331616861	12	496	485	click
1370487121716	7	507	42	show
1368243379846	26	350	101	click
1367716958873	31	178	288	click
1373335522613	4	237	68	show
1372913151473	79	819	418	show
1370711302311	97	806	197	click
1373071616668	86	892	423	click
1367257460708	24	401	63	click
1369493154031	143	589	325	show
1373532355388	114	876	129	click
1366652719868	91	402	273	show
1367713000409	97	39	57	click
1366713899801	144	173	344	show
1370175082366	123	149	451	click
1373759251127	42	892	483	show
1373867320744	18	943	160	click
1371122787505	56	557	84	click
1372490101700	129	172	286	show
1369327865924	107	743	277	show
1370931128431	66	845	283	show
1369235063396	63	556	286	click
1374044689059	132	456	446	show
1367906009668	105	5	53	click
1368838433076	91	433	472	show
1368859944651	118	819	348	show
1373319320022	147	152	305	show
1372984054683	8	613	152	click
1368880833300	119	923	344	click
1366498040533	22	720	117	click
1371389186813	75	83	320	show
1368075996906	6	292	485	show
1373684356615	62	490	422	click
1370325634738	66	152	259	click
1370204482916	27	986	399	show
1371914696164	44	226	322	click
1367679959367	90	298	25	click
1367618568704	135	353	217	click
1367885705282	89	172	226	show
1374184854185	102	779	365	show
1368508238298	28	142	341	click
1372917799566	4	587	124	click
1370476171021	132	97	385	click
1369048991503	148	19	481	click
1368583489179	106	432	355	click
1371763188943	80	610	252	click
1368660534317	41	279	36	click
1368410177635	146	155	287	show
1371796301508	18	502	227	show
1366771791092	59	88	77	show
1373521653494	50	688	488	click
1372601227065	76	656	12	show
1373699131875	89	455	246	show
1370208064098	146	310	272	show
1366400573152	109	480	25	show
1369545404835	47	174	142	show
1372371888075	82	436	292	show
1367137097276	73	37	76	click
1368883767017	40	901	170	show
1366622605803	132	29	175	show
1369990908447	113	608	194	click
1374070007988	136	357	172	click
1369626028633	48	898	90	click
1370365826553	107	70	347	show
1370049149585	29	249	388	show
1373176177371	14	323	135	show
1366998272026	79	421	342	click
1369108593958	29	563	237	click
1371764136214	56	610	326	click
1366368607356	115	920	477	click
1371010185119	68	729	192	click
1372045335500	74	516	427	show
1371503493053	15	229	276	show
1370065892539	134	787	170	show
1372228622418	4	75	80	show
1369059706785	150	53	6	click
1368938750257	76	767	158	click
1369944568726	83	878	415	show
1366971955182	105	66	125	click
1367275076293	11	846	237	show
1373442258316	49	386	435	click
1368465120337	30	169	443	click
1368316172158	149	377	466	show
1368035984859	12	736	143	show
1367060219492	112	398	34	show
1372933989923	54	570	436	click
1367398956669	111	651	463	show
1370610307330	143	960	431	click
1366757585989	62	852	28	click
1371958087862	67	649	191	click
1366765405339	88	888	343	show
1367740209676	88	28	497	show
1372514421078	126	198	128	click
1373776256432	119	345	73	click
1369677982889	40	439	497	click
1372706411458	114	41	395	click
1366642568296	135	849	43	click
1372581033916	62	764	437	show
1373803362408	83	770	50	show
1369786425275	53	258	341	click
1366928970277	145	960	199	click
1372704657398	130	847	415	show
1368493748388	49	494	80	show
1367081843218	36	965	456	show
1374103326406	32	259	170	show
1367058909965	21	303	149	click
1373018367775	78	789	4	click
1371105468755	28	317	288	click
1367823417679	105	646	283	click
1371921678067	143	831	25	show
1367594398874	139	393	1	show
1369718226942	147	751	136	show
1373061861395	100	178	286	show
1373529625150	54	964	256	click
1371526823012	148	17	288	click
1369727165549	43	775	275	show
1371318532234	115	895	29	click
1371487815356	74	625	332	click
1370365474046	79	377	499	click
1370988888218	117	483	200	show
1366821742861	125	753	288	show
1369384774571	38	568	375	click
1373951170797	63	79	362	show
1372848972189	89	597	404	click
1371626315645	43	486	8	show
1369044467373	60	183	195	show
1368251871181	20	807	205	show
1369847191080	134	594	76	click
1371370171161	125	720	41	click
1370849112789	131	488	349	click
1371956972659	62	622	71	click
1368353553845	12	914	200	show
1371539935723	23	779	71	click
1373994635245	80	681	89	click
1372092115586	72	218	191	show
1373229060333	90	50	300	show
1371331052799	97	281	409	click
1368826652274	148	543	245	show
1371530208925	119	532	59	click
1371924378026	1	300	189	click
1372831461907	48	976	111	click
1368593977453	69	850	304	click
1373652977792	101	734	345	click
1374089219270	38	442	220	click
1372569352497	110	591	431	click
1367387223188	28	997	51	show
1371625284777	64	339	276	click
1368439773389	138	915	175	click
1371271859404	102	120	81	click
1367978201702	51	692	238	show
1366708258151	79	216	295	click
1370789764521	146	416	177	click
1368628430232	11	157	294	click
1370341755498	25	68	61	click
1368587884574	17	285	312	click
1368698276950	97	634	490	show
1371886211403	5	534	136	click
1369007609491	124	738	277	click
1367481040592	100	100	252	show
1373342108441	86	676	353	show
1373195845246	7	982	157	show
1371419464266	117	772	250	show
1368195184581	115	874	248	click
1373589051017	50	465	189	show
1370216626600	72	889	299	show
1370620614233	40	563	73	show
1369595095737	95	415	201	click
1370217016018	13	18	375	click
1366674448428	51	740	219	show
1373841747540	88	743	333	show
1372411539265	73	361	405	show
1366901669223	121	379	199	show
1369967128396	27	943	227	show
1372348688388	18	689	178	show
1374192123584	46	572	261	show
1371086791325	126	201	38	click
1372195496990	87	485	420	click
1366721156331	45	457	490	show
1370205078745	123	373	495	show
1370193956230	51	869	437	show
1368090103132	100	910	149	show
1367549013541	86	317	113	click
1369758896472	85	107	163	show
1371460424722	142	488	441	show
1368301680943	35	55	5	show
1373775056365	137	200	127	click
1370296021453	60	182	481	click
1371115350942	33	959	473	click
1366540257186	65	213	424	click
1373087987461	29	778	78	click
1370557064647	126	608	297	show
1366522729076	131	539	338	show
1368147848534	90	918	377	show
1367585841355	80	248	331	click
1374014698764	133	145	274	show
1367809159412	99	751	324	click
1368201609085	51	272	426	click
1372621317804	144	725	432	click
1367551811113	139	242	402	click
1367221681953	11	462	293	click
1371419603851	115	606	113	show
1373115491368	132	423	314	click
1368762695231	24	957	59	show
1370281329718	7	37	217	show
1370189356294	131	225	356	show
1368302044968	148	578	436	click
1371834803348	131	445	370	show
1366941565583	120	110	32	click
1367852845885	116	318	423	show
1373867710948	5	938	137	show
1370667194279	3	125	318	click
1367900065961	58	600	408	show
1371624322026	1	679	77	click
1372056043570	19	109	60	click
1374011567241	88	827	191	click
1370318600877	20	162	86	show
1366688313377	143	252	302	click
1370070149727	138	619	81	click
1372027276128	77	551	422	click
1371835508397	81	881	277	show
1366388902676	142	689	224	show
1368347861653	2	151	129	show
1370114696690	146	544	169	click
1370845258468	65	772	342	click
1372428868975	14	695	43	show
1368687858040	75	615	103	click
1369803457588	80	151	307	show
1373092569348	8	914	141	show
1373462384156	12	668	347	click
1366513213031	69	745	120	click
1371596035304	69	474	202	click
1372964220312	92	234	428	click
1372631396626	84	673	399	show
1368042402986	59	733	444	click
1367520286514	65	268	65	click
1368120822524	84	343	82	show
1367866846322	62	12	150	show
1371916084260	30	538	475	show
1371481826729	72	480	81	click
1369390241628	107	518	59	show
1371319897473	29	623	127	click
1370866514871	82	531	498	show
1371343768224	99	967	423	click
1371717089549	87	653	390	click
1367362440843	21	994	268	show
1367483594032	47	622	38	click
1373122164236	149	724	262	click
1372937517078	74	15	486	click
1367240628416	99	289	225	click
1367802138911	131	712	367	show
1374010636612	131	609	258	click
1372084540880	128	962	351	click
1373345163418	26	752	341	show
1369529132542	131	1000	10	click
1370237720388	102	228	283	click
1366824886939	1	560	122	click
1372052713466	10	145	411	show
1370152457553	108	41	289	show
1371242741009	130	941	49	click
1370701071612	55	973	229	click
1370040879817	127	990	170	show
1373979595842	83	764	197	click
1367023749438	28	335	361	click
1370994013871	26	448	14	show
1368653600583	73	477	205	show
1370032418538	112	565	497	show
1372565249043	146	831	407	click
1372351933746	41	794	434	click
1371155680162	20	556	348	show
1366885174496	47	409	380	show
1367077684921	10	270	19	click
1370887623710	25	274	173	show
1370465667842	65	83	58	show
1373420449059	33	33	411	show
1372014862580	38	196	437	click
1371544841278	44	24	85	click
1370396846716	74	437	24	click
1370824463361	77	340	202	click
1372839376814	39	781	332	show
1367701467718	25	874	306	click
1366585428393	1	277	260	click
1371453910179	110	372	76	show
1366419904028	92	957	455	click
1369958253389	39	886	419	show
1373834224665	148	491	497	click
1366700781711	32	779	413	show
1367459549066	55	866	338	show
1370552843409	53	66	293	click
1371694466805	11	29	325	click
1369625391073	65	373	228	click
1370782522216	57	955	475	click
1373925187042	135	635	426	show
1370805837673	144	104	403	show
1369438933203	25	912	331	click
1367255955993	21	829	72	click
1373108586124	86	989	44	click
1371995023586	31	136	182	click
1372651078193	88	962	288	show
1366467339749	42	283	232	click
1370431232184	79	66	120	click
1373473359697	20	223	88	show
1371165271580	147	527	370	click
1367076655890	141	843	191	click
1370361767275	41	883	165	show
1370108690273	62	237	217	click
1368717538575	18	761	134	click
1367995307693	89	964	99	click
1372219889638	134	920	100	click
1370438778424	64	107	201	click
1369996042784	108	315	292	show
1371922050084	149	787	253	click
1372340363773	106	565	220	click
1373804168525	135	190	233	click
1373634965720	1	399	424	show
1371411688575	88	805	15	click
1371078597902	68	7	62	show
1374170918408	126	497	74	click
1366885678662	133	281	27	click
1374136613309	122	535	319	show
1368554085059	59	51	303	show
1371365353507	128	362	152	show
1368095861130	131	898	60	show
1369140085114	112	671	66	click
1367779370262	104	949	100	click
1373780436589	95	461	207	click
1373739884572	81	126	148	show
1372305627948	75	136	281	show
1372184322631	125	984	398	show
1370688675836	139	651	104	show
1368042502231	38	434	222	click
1373762556113	89	714	214	show
1368442343534	66	675	495	show
1373389436887	101	290	195	click
1367426005074	88	346	167	click
1372328625509	59	633	463	show
1372260460705	130	459	429	click
1372043713717	82	702	461	click
1373810895310	79	13	164	click
1367480236349	98	424	83	click
1372603770396	37	815	302	click
1368823709359	89	358	353	show
1370001058302	73	801	449	click
1371342001802	64	797	407	show
1367941499964	61	931	384	click
1367053803236	92	934	246	show
1370294790438	46	237	343	show
1369767338699	112	191	488	show
1369102437200	149	613	282	click
1366504037925	51	353	197	show
1370002903108	133	526	153	show
1370988393185	145	231	406	click
1371846349318	41	773	322	show
1368967528077	68	298	397	click
1372506058705	76	817	14	show
1371501717977	36	444	489	show
1366956359613	13	895	350	click
1369195772440	95	119	454	show
1366728250233	3	898	365	click
1367383955641	80	203	328	click
1373593454056	101	236	481	click
1369203393606	139	783	264	show
1373931977717	145	293	37	show
1372376368049	131	284	488	show
1368420178322	109	628	160	click
1370423755103	138	703	445	show
1371246268788	54	827	317	click
1370276179185	1	215	411	click
1366794230445	148	852	117	show
1367209406858	36	111	311	click
1371522232029	65	192	204	click
1371845887931	90	765	84	show
1366796967026	4	575	5	show
1374183050849	46	727	450	click
1371048701142	74	626	37	show
1368616986065	85	139	185	click
1372329324549	23	672	15	click
1371014763174	78	649	37	show
1370349895251	21	451	499	click
1371207006445	116	94	311	click
1370283738807	117	640	428	show
1372712257399	135	611	263	click
1367040252411	90	492	230	show
1368276729350	113	106	499	show
1370733966915	65	96	409	click
1370070871310	5	761	118	show
1373510197978	66	133	387	click
1374160999292	60	167	380	show
1372485089842	95	572	280	show
1372274830907	83	896	109	click
1370817378062	112	652	228	click
1372118559841	47	879	189	show
1368079716394	41	541	82	show
1373350347489	80	411	487	click
1366590287706	59	323	475	show
1373106831011	26	726	306	show
1373126756968	4	858	351	click
1368533246837	133	678	253	click
1372393385839	17	426	221	click
1367056686151	107	948	226	show
1371942573353	80	357	86	show
1374082449279	68	947	136	show
1367643120258	146	153	454	click
1369114748479	92	723	467	click
1369551679493	52	978	372	show
1373735060193	9	619	402	show
1369099523898	59	729	107	click
1368756666997	54	407	318	show
1369315519873	1	25	265	click
1370992082494	22	509	43	click
1371434722559	92	545	82	show
1366698667446	24	233	357	show
1367396960375	143	119	341	click
1373491805575	47	994	181	show
1369207697890	68	876	489	show
1373601652507	25	759	300	show
1369770927631	20	890	1	click
1370885810962	37	346	385	click
1367724028399	92	571	28	show
1372202085126	49	864	89	show
1368103137156	128	331	322	show
1373215197602	32	624	104	show
1366621652543	87	733	101	show
1371065538742	27	192	14	show
1371371174407	19	347	451	click
1371640171655	14	865	483	show
1367859357160	55	843	446	click
1371618282756	104	126	228	show
1369505077238	95	831	56	show
1372212823508	120	878	229	click
1371915977387	116	522	385	click
1370727762488	127	670	303	show
1372390886992	20	123	229	click
1372904673669	38	67	359	click
1366708159267	150	609	2	click
1373320622429	71	472	32	show
1371138572588	66	513	324	show
1370321015033	67	790	35	click
1371054735635	66	334	474	click
1367377627708	125	569	209	show
1368054657329	132	181	147	show
1367022674626	38	275	42	click
1367874662717	49	292	79	click
1373614467733	116	456	412	click
1372641796923	94	220	34	show
1370771805302	31	230	61	click
1367408562742	49	184	279	click
1373984072266	129	618	123	show
1371147892903	73	478	468	click
1369211549973	27	954	77	click
1369659321170	69	864	448	click
1370620380035	62	91	428	show
1372666300072	113	881	137	click
1372061490908	17	852	500	show
1369612076892	73	865	459	click
1370654122640	81	501	430	click
1367128436354	84	612	262	show
1368126174450	80	811	450	show
1366693154402	38	382	470	click
1368456534849	95	925	192	click
1373084550981	61	237	187	show
1372629774504	128	866	8	show
1371528986401	82	86	265	show
1371127138718	133	618	269	show
1368767307414	71	992	203	click
1373842427137	44	181	422	click
1368051691107	129	314	1	show
1372839341115	149	661	379	show
1371751854328	71	655	241	show
1372406516677	78	709	205	click
1372091401042	36	32	5	show
1373407894999	87	795	329	click
1369174780153	44	623	490	click
1367444006600	49	363	109	click
1368168051050	94	464	196	show
1369321840708	60	571	59	click
1368276099636	63	871	286	click
1368091461319	67	962	478	show
1373607493015	90	241	30	click
1366430190832	29	81	11	show
1370094354149	45	443	141	click
1370095885234	114	808	360	click
1368748504950	103	394	403	click
1367586410214	68	193	483	click
1372374903993	69	880	328	show
1371304288244	72	309	36	show
1367618349421	119	96	3	show
1371630861001	80	755	236	click
1373584514756	111	653	321	show
1370510678303	109	376	342	click
1368463660745	124	280	349	click
1369509439001	53	464	440	click
1367536847724	122	830	342	show
1372089128899	63	340	69	show
1369521345000	122	613	390	click
1368300284203	18	120	33	show
1370540311832	38	674	409	show
1368124480066	77	4	64	click
1369918503158	35	793	135	show
1367782908646	106	462	344	click
1371199577431	26	611	409	show
1369329762828	145	618	60	click
1367155594859	105	492	237	click
1369651402494	10	667	53	show
1370076386156	150	525	397	show
1367451718675	48	137	481	click
1367655689631	97	746	469	click
1367324880454	140	334	86	click
1373079907566	23	640	427	show
1367057578433	79	551	41	click
1371581661156	29	575	425	click
1367127704106	41	815	228	show
1371423763839	109	707	301	show
1372757394620	83	563	160	click
1367117486496	8	430	324	click
1366916626502	60	694	162	click
1370247436554	63	730	481	click
1368357285331	136	670	214	click
1369970094073	133	359	469	show
1366922987215	69	667	131	show
1372447275456	8	561	356	click
1368108436424	56	826	356	click
1366491692140	90	955	224	click
1367994599572	24	716	381	show
1367199181074	80	356	226	show
1370324915914	7	539	159	show
1367190107026	46	609	353	show
1368485798097	41	374	232	click
1370928127692	27	771	433	click
1373243177752	23	582	211	show
1368409601235	11	76	70	click
1368507384795	62	986	262	click
1369660518230	3	595	39	show
1369495257434	69	510	224	show
1370024678690	136	656	304	show
1368745070324	80	220	322	click
1367607563200	91	324	19	click
1370373089199	121	604	412	show
1369774963982	145	876	430	show
1366512291219	20	195	235	click
1370814722490	38	754	499	show
1372526805949	123	317	273	show
1368816559363	120	240	401	click
1368320403825	81	587	5	show
1367846998412	147	428	360	show
1367544541483	64	427	486	show
1369689085150	81	822	126	click
1370118677316	63	717	471	show
1368022901272	77	270	382	show
1374098332628	2	255	184	click
1370138361779	61	980	305	show
1370973567788	73	181	18	click
1367635071990	112	301	248	show
1369673710551	81	778	405	show
1371787524601	11	919	12	show
1371308187943	89	203	78	click
1371254732963	43	553	494	click
1372659800204	140	336	79	click
1373181660336	22	861	173	show
1366794037509	73	651	92	click
1366522324975	122	185	336	click
1373417006554	57	981	188	show
1368896549663	32	833	341	click
1367764436138	50	988	120	click
1367965720818	83	834	294	click
1373667238261	143	527	181	show
1367978780111	82	203	81	show
1367053350086	99	954	70	click
1371449022523	124	826	67	click
1367850318907	22	50	314	show
1366723306510	21	583	459	click
1372488224796	128	333	440	show
1367090577246	29	672	109	show
1370975953321	49	499	386	show
1370405657231	7	775	389	show
1371379171077	55	817	461	click
1367145158759	117	414	292	show
1372125012567	49	831	39	show
1370466993260	95	164	75	show
1372480547269	6	298	361	click
1367204101216	2	918	168	click
1370453535745	29	188	130	show
1369281495006	87	320	486	click
1372218303754	21	727	68	show
1372241391706	4	532	436	show
1368680775706	138	109	306	click
1367917389205	36	382	288	click
1369390123842	3	414	80	show
1369226203622	104	930	355	show
1371279546756	8	914	317	click
1368439349419	119	658	344	show
1370467161024	6	514	222	click
1370027569136	121	520	385	show
1372868918976	15	691	337	show
1367998241117	29	193	463	click
1372309502559	71	278	131	click
1368891902313	136	771	93	click
1374108062067	68	938	253	click
1371602054562	140	517	225	click
1369330053453	142	984	59	show
1372336484710	99	236	391	show
1374126159352	27	315	499	click
1369480402389	13	617	473	show
1369881327338	99	911	130	click
1370387028792	142	203	103	show
1372084549941	140	565	409	show
1370126408664	69	567	430	show
1372378900935	62	732	346	click
1368531161378	24	424	320	click
1368613750148	68	718	212	show
1369394938250	110	756	211	show
1373873185263	137	875	303	show
1373817746160	23	15	307	show
1369212685084	24	337	68	click
1373765930110	23	140	96	click
1369791528003	14	232	471	show
1367917956187	72	637	263	show
1368423289539	25	722	39	click
1369100209022	134	389	6	click
1371602679258	67	935	367	show
1372725230298	46	961	85	show
1369580287988	94	705	171	show
1367880289358	99	739	305	show
1369249565382	58	381	185	click
1373346316450	91	955	184	show
1373235140870	32	226	147	show
1371452989249	26	713	69	show
1370823515870	122	833	471	click
1371414217078	69	619	272	click
1369895023794	122	545	59	click
1371990425710	71	318	11	click
1372094970195	21	409	368	click
1368867622830	121	934	297	click
1373025027360	19	471	367	click
1372712411931	89	242	440	click
1370487062911	111	58	159	show
1372286881062	116	179	286	click
1367516121050	127	970	278	click
1367629987090	137	990	306	click
1366461315095	22	94	61	click
1370156907456	83	459	357	show
1369337981610	5	349	324	click
1371286019067	113	541	208	click
1374079637863	111	864	7	click
1370272612329	146	353	62	show
1371751970020	50	656	118	show
1372437943236	86	150	109	click
1374129505121	21	581	169	click
1373365294989	24	121	321	show
1369255537398	59	92	414	show
1367864235428	7	153	218	show
1373711613869	71	367	146	show
1373379896729	2	634	265	show
1366846344047	20	196	241	show
1367758860618	147	336	46	click
1367136124386	95	821	417	click
1370029965694	131	843	421	show
1369239063099	150	919	399	click
1370543481441	69	584	56	show
1370584480930	140	569	210	show
1368359125068	30	254	172	show
1373828640627	14	549	59	show
1369327643667	86	475	163	click
1367527716533	101	167	272	click
1373066677569	20	162	319	show
1370152258593	91	976	247	show
1373217608322	44	171	50	show
1371698686867	125	54	49	show
1369966178358	70	663	60	click
1368116481539	124	44	229	show
1367020094312	5	902	166	show
1371680440013	146	568	371	show
1374202871728	134	223	235	show
1371004323865	54	911	144	click
1370240521162	9	190	330	show
1368939968931	46	642	239	show
1371599093186	95	742	381	click
1374106768217	8	969	148	click
1369610185917	63	491	436	click
1366844792995	32	228	253	show
1373682096623	111	361	242	click
1373311206817	101	199	282	click
1371573759408	148	928	132	click
1370851092623	53	468	64	show
1367270891363	83	111	403	click
1373633866267	64	174	420	show
1373671699087	135	84	481	show
1374147588564	16	77	8	click
1373246650516	20	866	146	show
1371729059629	49	254	321	click
1368500846979	63	820	405	show
1373066403879	82	525	434	show
1370578274792	41	202	376	show
1374095098852	58	737	95	show
1368476471801	4	908	309	click
1372148886131	128	234	461	click
1368727239625	38	109	107	show
1367977763944	73	633	29	show
1372717677195	12	624	436	click
1368310480087	148	507	24	click
1369397725648	29	382	145	click
1370325128667	104	528	393	click
1370675603089	72	779	465	click
1374198254198	82	133	104	click
1371503393113	111	770	45	show
1371860969262	52	757	105	click
1367258012476	128	75	461	click
1370746707077	123	965	135	show
1366671831866	92	998	499	click
1372065384643	112	297	270	click
1367782389984	9	821	255	click
1367431574099	99	852	159	show
1368650384459	136	424	399	click
1371849547086	99	692	360	click
1370801233876	116	729	42	show
1373722375497	130	243	403	show
1366500463530	46	72	115	click
1371572696586	120	541	140	show
1373648336249	63	501	302	click
1373641610800	131	915	452	show
1372731092233	69	596	112	show
1371722010314	80	599	350	click
1369277137695	117	808	494	show
1370220722800	60	503	25	click
1371761261473	33	837	32	click
1373788911610	106	723	442	show
1370300906382	32	11	301	show
1366787751511	75	15	500	click
1373689892992	115	275	259	show
1372084407401	95	679	207	click
1368571976041	143	346	142	click
1367141128192	144	316	383	show
1371254290059	55	446	468	show
1368944979531	50	262	271	show
1371632367912	8	43	478	show
1369391785667	19	250	460	show
1372400981335	128	893	20	click
1373323523057	96	613	177	show
1367631013031	121	903	212	show
1372259629129	13	305	495	click
1370122327826	136	981	337	click
1368887933106	25	634	307	show
1372256563130	120	911	288	show
1368518669063	86	330	103	click
1369507605970	142	833	422	show
1370213026004	146	424	258	show
1372150732471	99	3	80	show
1368528674255	79	724	398	show
1367564491284	96	694	155	show
1373562104966	61	608	392	show
1370568158444	20	413	188	show
1368494700673	22	992	279	click
1370416260635	28	683	101	show
1373797036185	18	240	293	click
1372645544111	134	227	157	show
1367878948737	138	787	273	show
1372374884872	28	895	69	show
1366807524969	149	491	84	show
1367782976405	12	652	48	show
1372747198459	73	827	382	show
1369359901877	111	892	361	show
1369721017254	4	766	356	show
1371634721987	92	425	475	show
1372840647896	94	868	84	click
1368741470443	68	183	375	show
1372455837666	113	562	184	show
1366953967238	60	975	197	click
1370685661264	112	583	430	click
1367250535430	48	697	106	click
1374041377623	47	683	234	show
1367773404889	29	184	471	click
1373527018729	5	561	485	click
1369019251610	105	666	193	show
1368684189812	86	125	424	click
1367358909515	1	709	438	click
1372970921483	89	708	469	click
1370316401640	6	741	369	click
1372409271019	34	690	369	show
1370822298530	73	905	162	click
1368361979393	130	221	298	click
1369785236067	90	623	435	show
1369975187700	15	252	61	click
1370074315847	55	828	422	click
1367270515013	97	878	435	show
1369691168373	131	20	188	show
1373710677659	88	362	418	click
1369864699441	141	77	303	show
1373408026269	10	422	73	show
1369423212386	146	792	97	click
1373427411841	20	268	206	show
1369004165356	117	216	18	show
1368809692321	12	824	131	click
1369697184464	6	471	380	show
1372190979630	62	321	355	click
1367765456281	39	969	52	show
1369120087515	60	866	141	show
1366390031875	68	868	324	click
1368526733236	90	60	265	click
1371828314131	6	503	183	click
1367279985431	58	511	169	click
1368686365845	5	424	201	click
1370030727391	80	726	211	click
1372097548771	46	274	209	show
1371924974198	97	667	309	click
1369791464982	9	782	76	click
1366433416629	110	574	330	click
1366570814134	57	194	359	click
1369431149745	66	839	478	click
1370701292684	99	902	403	show
1366833525742	27	752	312	click
1370562171788	115	494	155	click
1370123805905	97	326	41	show
1373733401062	25	880	260	click
1366456787620	75	978	497	show
1367501758759	62	333	8	click
1373158935064	8	368	60	click
1371402331962	137	48	81	show
1372371261259	31	543	208	show
1367668793457	41	945	195	show
1369177725783	117	736	145	click
1371249095269	55	507	423	click
1368088738780	147	24	497	show
1372810523112	97	69	448	click
1369148705945	92	758	497	show
1373988799605	29	301	27	click
1368952834866	90	987	25	show
1366985277264	118	781	303	click
1367079442027	54	287	442	click
1370265701972	150	933	206	show
1370159672872	122	694	345	show
1367778482075	4	460	131	click
1366918059837	43	533	25	show
1371272184530	68	828	358	click
1371423191938	89	253	298	show
1372926224757	141	495	253	show
1367663513442	112	435	434	show
1370637383104	40	727	439	click
1368124375405	68	628	280	click
1369285585416	52	179	421	show
1366773284804	139	262	73	show
1371564779169	143	641	91	click
1370199643005	26	541	55	show
1367683797059	42	252	85	show
1369141997897	47	820	180	click
1371257001702	18	290	28	show
1370675094524	86	165	178	click
1368889204689	128	320	421	click
1370371214434	94	784	17	show
1367605339132	21	777	265	click
1372911550117	51	236	406	show
1367471116867	69	30	202	show
1372507231600	58	763	485	click
1367738015854	69	682	216	click
1371302329537	150	87	298	show
1368836868779	67	660	456	click
1373096721495	114	279	274	click
1369690134663	57	276	295	click
1366599842581	140	379	460	click
1373727160538	21	610	289	click
1371382826278	87	513	52	show
1373335361776	128	113	30	show
1370337593341	73	321	314	show
1371686234285	150	213	167	click
1371828464247	147	513	310	click
1370063899923	60	28	219	click
1368515135228	21	827	481	show
1368978099669	68	742	358	click
1373828386989	109	337	105	show
1372832207691	98	123	256	show
1368773935395	34	768	166	click
1372240301572	29	260	287	show
1371909664481	119	310	309	click
1367671978333	27	365	288	show
1371514993709	111	632	446	click
1367620233434	129	423	450	show
1367992811302	93	112	145	show
1367872085478	68	191	278	click
1369311756199	8	754	252	click
1366604354594	99	120	466	show
1367983461599	45	467	39	click
1368700912652	54	439	164	show
1372465386181	10	195	12	click
1368252164339	139	326	283	click
1373914158200	1	565	257	click
1371789077819	63	109	330	show
1372017704473	16	693	348	show
1371735184074	73	339	189	show
1367682042670	97	80	33	show
1373672607760	45	134	175	click
1372743818924	102	761	398	show
1368780818159	18	42	192	click
1368667417919	54	995	360	click
1369229141877	130	233	94	click
1372244997068	27	899	342	show
1368555604832	18	295	4	click
1366466718339	110	678	255	click
1372160825369	34	739	61	click
1366746682550	128	102	394	click
1367471395437	17	9	153	show
1369857653885	125	512	347	show
1372891488719	146	888	321	show
1373124833250	133	419	429	show
1366711464144	53	159	200	show
1367833127992	99	4	423	show
1370515885004	110	743	158	click
1371898877291	38	173	154	click
1368093821845	121	616	390	show
1367183470729	138	894	11	show
1371921043135	17	247	240	show
1370637854637	146	394	297	show
1369433799796	114	763	497	show
1373255699305	143	745	171	show
1371758359199	100	801	398	click
1374100497328	20	356	445	show
1371297565896	130	210	442	show
1371182021223	116	820	489	show
1370048750211	140	327	405	show
1374145126878	93	565	110	show
1366661185410	36	206	91	show
1369004898115	142	357	241	click
1367712960855	58	254	94	click
1370858203058	17	172	125	click
1372179483523	110	993	287	show
1367083106046	128	463	372	show
1370398455006	125	627	128	click
1370760676178	88	248	334	click
1366861478037	75	417	152	click
1366576758727	102	526	127	click
1369120960437	96	201	45	show
1372388233050	97	267	409	show
1368453294559	61	258	202	show
1368635531245	130	1	213	click
1369130203495	53	814	145	click
1370716293932	60	519	111	click
1366784809001	41	521	500	show
1369743174181	43	955	319	click
1372428479344	87	987	86	show
1372506755945	141	697	68	click
1367454888992	133	563	308	show
1369126756035	143	531	77	show
1373784091960	136	662	93	click
1367896732451	15	232	96	click
1373441793142	31	370	91	show
1366484881313	35	513	45	show
1371440252675	141	238	339	show
1371544350754	62	730	39	click
1370082235763	114	719	338	click
1367036231413	77	154	56	click
1371030458170	73	609	194	show
1370068012437	119	455	441	show
1371524300758	79	853	65	show
1367009651191	32	422	407	show
1369317040850	44	160	373	click
1366864981224	114	271	132	show
1373168340154	94	4	103	click
1369824327145	144	16	117	click
1370295829475	25	580	91	show
1370560906714	121	907	462	click
1373086653870	73	808	459	click
1372899040163	129	755	316	click
1373202858785	11	594	461	click
1371491216839	132	682	141	click
1372436987498	35	770	416	show
1369502995105	111	107	39	show
1372674885577	108	809	229	show
1369991798526	32	53	68	show
1373476036512	108	592	415	show
1371521167293	127	841	99	show
1370964207676	114	525	118	show
1369190670312	80	993	292	click
1370157470233	61	624	37	show
1370614907378	146	655	460	click
1373639472128	59	981	86	click
1374172072601	95	84	169	show
1368778800101	56	719	290	click
1372821920806	114	84	182	click
1368477160999	104	954	274	show
1369542555595	73	810	252	click
1366388510149	1	111	447	click
1366525137516	99	703	347	show
1371693856631	82	5	96	click
1370895770472	124	29	116	show
1368873391218	148	173	386	show
1371317852451	132	575	173	click
1373374301385	9	716	146	show
1373432395074	115	56	475	show
1371852325302	104	447	468	click
1372037063335	127	896	483	click
1371191763249	2	665	210	show
1367041957457	85	420	211	click
1372830609366	138	571	323	show
1368047656205	139	723	109	show
1371948534629	29	619	119	show
1370168593235	125	769	8	show
1367373310311	104	597	452	click
1367270658723	90	922	59	show
1369212871545	9	501	300	click
1369000358371	61	71	376	click
1371140385724	135	384	437	click
1367057138771	60	614	212	show
1368713020377	106	787	236	show
1373328533929	119	212	174	show
1373703057773	51	760	331	click
1371222029795	64	502	448	click
1368178995617	66	16	267	show
1367241461444	115	583	234	click
1370850829228	56	768	295	show
1367780253630	22	400	218	show
1366908983793	11	139	396	show
1371341901772	40	825	231	click
1369100463370	11	170	280	show
1367593731700	10	827	188	click
1369867808301	149	753	57	click
1366822940734	55	716	481	show
1368404994427	79	370	88	show
1370600252865	101	177	290	click
1367044932688	91	54	333	click
1367117368613	41	90	99	show
1367114765559	4	769	190	show
1371923232140	39	381	173	show
1366798806774	49	784	255	show
1369893265468	14	409	271	click
1371129241420	126	949	386	show
1371214632770	133	408	135	click
1371220713111	76	755	244	click
1370691605306	82	857	429	click
1366795060313	51	661	223	click
1367671384283	107	956	29	click
1366968139416	141	422	80	click
1372768351632	38	962	368	click
1374111370305	9	145	33	click
1368458221894	73	185	255	click
1372934119816	61	228	208	show
1373295921387	7	632	341	click
1372379007213	67	56	258	show
1369525859705	106	33	42	click
1369498514001	11	936	167	click
1371303572851	121	616	94	show
1370698055424	48	215	283	show
1367103630243	79	229	249	show
1368662932473	66	872	95	click
1368207512801	141	381	141	click
1369436147328	31	270	165	click
1369754427604	86	354	1	click
1367055798914	119	924	380	show
1369248233875	36	474	192	click
1372947519658	67	825	465	show
1370765044367	15	581	307	show
1368290248466	82	111	288	click
1370217088218	145	396	478	show
1367574465075	80	26	254	click
1369014140061	109	913	189	show
1372703997057	17	572	381	show
1372796300219	121	576	155	click
1368866251738	61	10	41	show
1367223297085	85	798	497	click
1367630849603	46	382	268	click
1371905015391	23	332	424	show
1372438432986	39	545	237	show
1369016329436	35	223	449	click
1366929061329	32	906	43	click
1367343882367	52	873	98	click
1371434729377	131	734	136	click
1369037847414	16	23	253	click
1371270518732	41	376	371	click
1367527232838	141	557	389	click
1371588887568	106	579	75	click
1370042351047	150	59	497	click
1371397408327	48	417	429	click
1371428474999	55	488	470	click
1372662328221	148	743	362	show
1371367007916	59	505	28	click
1373476015901	76	215	116	click
1366378425979	96	453	199	click
1372277394890	7	840	71	click
1366482570469	23	751	328	show
1367238614020	143	226	144	click
1370946850418	27	918	228	click
1369748249219	29	918	109	show
1367161642696	25	103	231	click
1373332104835	52	199	242	show
1366352170093	128	789	151	show
1372511697229	97	454	443	show
1369595193272	62	555	148	click
1373487887244	127	245	101	show
1370793173329	87	244	390	click
1374094266778	26	149	235	click
1367597742476	114	387	268	click
1370084622397	16	910	137	click
1371272553546	52	224	489	click
1373290935326	54	305	67	show
1372136136057	32	430	370	click
1368314082471	111	667	17	show
1372744678822	139	394	405	show
1368116589839	98	107	274	click
1369517077967	106	698	494	show
1373446233441	6	194	218	click
1366580109734	71	169	182	click
1374187433727	60	553	475	show
1367974609266	6	740	275	click
1368978858444	123	64	362	show
1372619339321	63	344	15	show
1373616866539	2	321	230	click
1370315577258	89	80	184	click
1368173048261	51	31	344	show
1369365340097	18	557	168	click
1373456773590	133	545	171	click
1369974177211	130	333	309	show
1373628608757	70	425	447	show
1372100186609	30	692	97	click
1373752770694	131	346	39	show
1370225141639	4	78	321	click
1373320473123	71	623	96	click
1371348650507	119	194	411	show
1368477096860	135	748	462	show
1366646080676	77	374	343	show
1370290963758	139	539	6	show
1373673029216	26	827	215	show
1372907522018	105	7	288	show
1369200410459	123	478	419	click
1370538358242	55	657	277	click
1366788330120	90	784	202	show
1374008763103	15	890	17	show
1374053926848	125	379	466	show
1368997583894	39	292	430	show
1369530044272	89	334	146	show
1374204232928	1	675	297	click
1368380235799	18	400	150	click
1373623470229	100	506	18	click
1371399215349	133	988	271	show
1367844962968	46	306	274	click
1373041128355	105	483	228	click
1373232922807	21	405	316	show
1366755483016	109	558	146	click
1372137831244	61	884	9	click
1367929008701	128	743	276	click
1372855540482	149	792	162	click
1372402989635	86	163	31	show
1366716603275	103	744	35	click
1367980826635	106	722	318	click
1370357169897	30	353	72	click
1373354212834	100	537	324	click
1372183480778	18	644	55	click
1366777256204	48	477	479	show
1368381859847	49	479	261	show
1371506199288	125	912	234	click
1367458395744	102	879	106	click
1372185569922	113	921	246	show
1367649523233	124	880	315	click
1372129235279	114	179	342	click
1369914749370	19	179	18	show
1368119392479	52	584	169	click
1367289273289	41	42	210	show
1371256154506	50	697	272	click
1373694894255	10	92	137	show
1372673097991	77	382	99	click
1372834094198	67	644	92	show
1369986679073	133	735	460	click
1373110565036	95	900	60	show
1371714775780	64	635	384	click
1372818895103	121	224	274	click
1373472911421	131	434	412	click
1373912853010	62	602	227	click
1366406083569	46	332	144	show
1368074532456	15	330	111	click
1373736877170	71	209	183	show
1368221381321	9	354	11	show
1371529866487	57	819	20	click
1369827835417	70	872	298	click
1369513204971	69	125	115	click
1373241883923	130	460	94	click
1369313424818	44	409	134	click
1367807947335	26	158	81	show
1370732282995	78	189	301	show
1369636988508	71	929	459	show
1367568839559	141	238	29	click
1370731703489	129	620	467	show
1373885286705	14	125	345	click
1367429744420	107	226	104	show
1373098952025	2	641	12	show
1373907108797	81	466	421	show
1373021541412	115	503	499	show
1372129121736	74	903	438	show
1374134820969	135	949	468	click
1370318866268	49	421	321	show
1370387234591	38	494	456	show
1370147546934	109	738	258	show
1367221062108	6	434	216	show
1372851450060	32	250	22	show
1373875419177	4	767	385	click
1372753098808	10	464	471	click
1373648033383	132	981	68	show
1372765319694	15	184	14	show
1373830307254	106	576	154	show
1369936430817	139	446	396	click
1369388450081	4	945	348	show
1370223727078	83	673	289	click
1369176209699	89	982	320	click
1370280822267	142	277	114	show
1371308077235	87	265	261	show
1369889886247	103	454	340	click
1367849789603	107	630	392	show
1369313004937	5	900	283	show
1367528045189	55	125	341	show
1368689510097	84	377	284	show
1369642683296	12	607	430	show
1367075243180	87	511	186	show
1372108502460	84	804	486	click
1371275519051	4	858	2	show
1371550291616	53	573	386	show
1373295517445	87	116	419	show
1373784608569	1	142	291	click
1367245527981	1	311	360	show
1369937516342	13	377	27	show
1367825018084	67	864	249	click
1369032331719	104	7	245	click
1373084727177	143	262	387	show
1367508790632	95	977	171	show
1371358860630	92	54	460	show
1373788698502	149	813	450	show
1367211300977	28	261	75	click
1366757703749	26	29	394	show
1366639412063	2	846	204	click
1368182204939	5	371	202	click
1367090639980	85	658	94	show
1370413211399	133	33	293	click
1371273266677	46	268	243	click
1373725547712	128	351	35	click
1370467689875	89	497	154	show
1373754625927	86	141	252	show
1369651424859	2	330	259	show
1369349953726	57	417	379	click
1368705714591	37	718	21	click
1367242193507	25	913	82	show
1372426860035	15	240	238	click
1369077319951	72	12	201	click
1367398157573	15	381	355	show
1370778935788	49	550	378	click
1370522258414	135	630	375	show
1371824513420	116	789	206	click
1370863708519	146	890	457	show
1372378511062	23	738	370	click
1370056841890	58	120	28	click
1369930250350	86	254	480	show
1367857474101	87	627	385	show
1368946169517	38	56	454	show
1367960334898	1	978	193	show
1370436006441	56	334	419	show
1373192988770	132	960	498	show
1373323542639	132	722	141	show
1367768022394	3	248	221	click
1372036909233	64	758	252	click
1369886296939	46	186	97	show
1370335414730	94	748	73	show
1368980602822	113	55	228	click
1373973374337	148	480	412	click
1368504264770	91	653	350	show
1369613240346	144	185	286	click
1367777940052	28	112	494	show
1372052877959	144	731	75	click
1373973256064	46	808	164	click
1373046375350	145	980	280	show
1374025532473	61	696	371	show
1367348111229	145	112	420	click
1370557393681	54	462	437	click
1371156841698	107	50	338	click
1368553224754	113	619	291	show
1367413093732	148	797	48	show
1373147875502	38	11	368	show
1371516923203	58	308	276	show
1371490036336	110	69	481	click
1370798577041	61	686	415	show
1367243127942	78	378	399	click
1370833505532	66	699	150	click
1366631469067	118	398	20	click
1368512222523	48	160	229	show
1370142285288	134	421	272	show
1373098540280	95	920	44	show
1373931744875	7	775	500	click
1366794890040	99	528	466	click
1369522512350	113	508	162	click
1367253206536	46	785	462	click
1368544395392	106	937	302	show
1370999232749	84	717	168	click
1371288764979	27	563	485	click
1369378976975	149	293	487	click
1368978104498	14	675	323	click
1366892819096	68	546	204	show
1371231942948	32	377	363	click
1367717421457	131	10	362	click
1369628734021	133	62	275	click
1370557492616	150	300	433	show
1367992159109	5	256	310	show
1371436809232	99	491	50	click
1367304248435	46	229	484	click
1370737306125	150	950	393	click
1370920157067	112	287	263	click
1370579745419	98	881	106	show
1369687553859	66	194	497	show
1374065366065	150	964	278	show
1367748361654	8	610	439	show
1369045878947	62	313	174	click
1367838377154	114	174	362	click
1372831577549	129	730	428	click
1367684643066	67	537	395	show
1372661251851	136	945	279	show
1372469694734	146	488	82	show
1366588348359	117	533	113	show
1368302091215	107	67	89	click
1366679730998	56	225	165	show
1370930153673	43	112	458	show
1368111823225	111	525	485	click
1368634833840	85	860	192	click
1368663642555	105	991	287	click
1366558384929	95	774	98	click
1370151822394	79	471	12	click
1368305415228	33	739	101	click
1367084358229	62	212	313	show
1368094029909	95	857	185	click
1370759416165	125	175	386	show
1369866083860	95	870	376	show
1372380167154	93	82	396	click
1370065799547	38	604	354	click
1371034142564	16	648	293	show
1371442366500	126	579	245	click
1370025855309	23	304	95	click
1367011364088	26	547	272	show
1370717981337	27	771	250	click
1368675955372	148	933	182	click
1370936949309	128	736	397	show
1371541239492	70	306	485	click
1366471535922	19	345	382	show
1372800707398	94	926	493	show
1370270465983	47	746	376	show
1372638514396	113	606	182	show
1372931236579	113	701	111	show
1373432491473	20	788	55	show
1372268855821	87	219	368	show
1368233306739	103	132	372	click
1367429005119	116	339	358	show
1370669592157	143	891	478	show
1373758850482	100	332	165	click
1373087843846	86	313	13	click
1372764576428	104	729	306	click
1368516418473	103	458	400	click
1372776176565	117	347	91	show
1370800474176	72	863	219	show
1372100385652	122	806	392	click
1368481165796	6	68	147	show
1374097632103	91	321	197	show
1373916740101	122	384	101	show
1367700082419	33	323	431	show
1371598018906	88	537	355	show
1369505946602	30	609	93	show
1367366919336	146	249	238	show
1369247670409	1	408	339	show
1370751844255	71	884	101	show
1369051571546	95	360	349	show
1370538485661	140	557	89	show
1373906939393	104	101	393	click
1371434634157	21	447	222	show
1371639128107	26	685	408	click
1372382362638	91	730	49	click
1366955955724	147	251	132	show
1369624113882	54	368	184	click
1366908725005	61	502	373	click
1367376741215	132	838	461	click
1368466808195	28	941	484	show
1371300848280	79	36	241	show
1368551960987	68	776	279	click
1369759186043	108	693	144	show
1370714220453	63	978	98	click
1372617672022	51	848	247	show
1369222833512	130	624	212	click
1367759317063	139	616	289	show
1367562394231	104	898	456	click
1368324525314	33	115	76	show
1372857129427	141	10	133	show
1368896245948	108	607	339	show
1371222185102	93	615	82	show
1369597979140	38	472	147	show
1367942849852	145	345	39	show
1373271737580	110	502	411	click
1370899559170	99	69	80	show
1367272225694	80	972	162	click
1369241985949	35	289	437	show
1367922365926	140	123	246	click
1368675629607	79	27	198	show
1373328600166	31	238	477	click
1367450766544	87	336	484	click
1371353360917	50	37	265	show
1373006279417	132	349	213	show
1367027105733	126	3	102	click
1373805308269	107	265	224	click
1372120212877	21	768	190	click
1372783412199	66	345	111	click
1371882203766	87	98	194	show
1367393021668	64	818	272	click
1366611508229	131	738	107	show
1372953030406	72	790	152	show
1366398521900	50	536	222	click
1373924459421	108	589	428	show
1367094349843	53	658	275	click
1369865764903	105	635	15	show
1371800984842	86	64	261	show
1373769766392	39	452	92	click
1372248590844	20	534	184	show
1374044991340	97	173	294	show
1368861036054	140	633	65	show
1368064086751	85	686	487	show
1371892195267	104	221	396	click
1371153779545	92	120	211	click
1368110531794	84	490	335	show
1368752491569	26	98	398	click
1366435007127	119	942	482	show
1368103562251	8	732	361	show
1371913323111	119	176	480	show
1368109175994	21	822	169	click
1369855108361	22	184	295	show
1370671843605	128	854	490	show
1367161939851	42	405	364	show
1371171864419	45	907	211	show
1368364187081	127	291	60	show
1369701124892	74	982	326	click
1370803770822	46	113	404	click
1369468037870	128	939	34	show
1366922522308	102	500	430	show
1373057277390	80	948	90	show
1369557224879	97	539	342	click
1372874214942	46	605	211	click
1372230260610	14	653	242	click
1370755023247	59	799	181	click
1373854907857	125	293	31	show
1369164038180	85	677	318	show
1368716532789	128	342	101	click
1372189975926	109	214	273	show
1371278190406	24	379	199	click
1373517930220	44	292	292	click
1372295427423	92	303	273	show
1370855802141	111	88	440	show
1372988380828	120	747	448	click
1372310375317	100	770	32	click
1373682175581	50	361	397	show
1369976550031	83	210	475	click
1371629424478	13	435	141	show
1367601513425	88	703	499	show
1371381733765	32	199	203	show
1370383678952	98	409	160	click
1373477815082	12	194	170	show
1370449359033	18	971	90	click
1371260852104	115	708	140	click
1371516937273	54	43	352	show
1367339166388	21	96	246	click
1372536092784	36	79	96	click
1369649754466	30	471	286	click
1366809979997	134	877	208	click
1371988237820	101	156	241	click
1367770858692	9	932	360	click
1372831089509	96	935	480	click
1369503244346	116	905	56	click
1372138391355	132	126	460	show
1371322203030	31	830	90	click
1370049902099	63	466	439	show
1367039613151	146	434	12	show
1368897531262	12	213	295	show
1369426929166	111	936	317	show
1368166501681	100	857	462	click
1374142107985	113	790	479	click
1367808605725	47	884	338	show
1370301484483	96	256	422	show
1369648065126	144	905	270	show
1366519141502	118	221	344	click
1367935294330	122	362	175	click
1373576003657	123	750	173	show
1371842434862	105	777	86	click
1373383032980	99	539	304	show
1373172538187	21	855	80	show
1366360278368	31	97	120	click
1372058076396	108	27	470	click
1369228458167	62	806	458	show
1366377134689	31	853	3	click
1373492731866	48	176	323	show
1368817009982	150	329	8	click
1370675129940	94	563	483	show
1372542758190	109	760	368	click
1370498860834	133	211	371	click
1368159014063	144	788	299	click
1373594594541	137	283	442	show
1372588528471	60	263	337	click
1373880968995	28	291	199	click
1369595129337	99	539	267	click
1373363607341	86	281	349	click
1373619651694	111	731	141	show
1369462727689	118	631	154	click
1374095067328	34	492	195	click
1372289239806	133	806	17	show
1372275454755	97	350	259	click
1371833086357	59	226	164	show
1370769444969	76	855	214	click
1373870044841	61	750	282	click
1369650658496	82	916	415	click
1367711907047	132	740	458	show
1370028714728	95	239	15	show
1366409292721	131	103	467	click
1369414234013	71	365	140	show
1368879832646	107	815	441	click
1371213631503	44	307	48	click
1367151937453	28	524	85	click
1371355484111	142	467	376	show
1368943239519	130	549	463	show
1371829157250	58	398	163	show
1371777038981	132	836	358	show
1369481107932	105	439	457	show
1373857426247	8	504	128	click
1372247639807	27	209	305	click
1368157085774	84	281	244	click
1366934110587	24	907	1	show
1368940012157	60	872	31	click
1367416106501	122	695	398	show
1373792035346	22	516	449	show
1367319065920	2	689	316	show
1373640399321	56	468	83	click
1367207489189	146	152	314	click
1371364167890	7	247	274	show
1372288241801	23	186	61	click
1366967569157	109	593	474	show
1367746392486	146	272	485	show
1368404712876	11	873	105	click
1368679408421	54	729	248	click
1371489105919	150	179	65	click
1374036919617	100	482	360	show
1372608420215	16	305	11	click
1371085359526	93	210	494	click
1370954964801	14	673	134	show
1367590535698	145	27	385	show
1370381196591	145	538	67	show
1368353041934	127	300	329	show
1369848506834	91	113	267	click
1371440369421	57	343	276	click
1367943600491	30	143	176	click
1373880000375	134	748	187	show
1370838485948	147	722	347	click
1368207892637	5	603	202	show
1367554443848	81	539	424	click
1367612300277	95	533	35	show
1367236274885	111	692	311	show
1366482589030	119	852	266	show
1372244348313	32	818	217	click
1368175376920	127	831	241	show
1372894695163	76	533	380	click
1371254085318	73	828	365	click
1372174636668	134	330	395	show
1366631385382	43	996	439	show
1372644559198	60	249	426	show
1367790471026	40	976	298	click
1374044778053	87	847	280	show
1368973150283	8	844	351	show
1372896902399	34	217	216	show
1370060123666	42	917	79	click
1367953484054	130	976	466	click
1371624646933	61	679	398	show
1372688112906	9	661	22	click
1372559612864	72	158	275	show
1366628606996	56	402	357	click
1371341663381	13	636	417	click
1371968036666	20	360	378	show
1368788806434	23	540	391	click
1370579218385	145	459	50	show
1370425502791	31	778	213	click
1367538339597	37	91	109	show
1369241574011	25	48	341	click
1373428206313	19	842	495	show
1367132219851	20	921	12	show
1370389431065	65	217	157	show
1371049979079	141	698	341	click
1372052662623	61	363	368	click
1372432432048	81	280	239	click
1371242593206	133	22	395	show
1370339498118	42	1	236	click
1371300326444	133	529	194	show
1367958816284	95	437	166	click
1368613142514	149	718	125	click
1370767385549	16	549	371	click
1371055806288	132	292	114	show
1367455592218	62	867	360	click
1369218979231	102	926	437	click
1367533792234	7	346	437	show
1373419857319	31	461	41	click
1372713559650	100	373	212	show
1374091813747	112	637	259	show
1372188036046	71	915	492	click
1373570841343	83	722	133	click
1370526601617	123	602	70	click
1368578102726	43	833	283	click
1372683332031	131	217	368	show
1368943349504	137	455	331	click
1366644393901	45	861	378	click
1366791164676	85	613	13	show
1367029926913	49	712	2	show
1368109581462	127	442	178	click
1369153019325	35	293	468	click
1372777152295	107	494	63	show
1372175237639	124	986	7	show
1370926722083	80	845	218	show
1372194642590	120	77	389	show
1368184870662	31	705	418	show
1369521388754	42	725	395	click
1372368238456	135	960	132	show
1368249939738	52	417	329	show
1372059371731	92	139	139	click
1370251085261	36	694	461	show
1371798372085	85	714	325	show
1369732404834	12	378	80	show
1370728302507	90	512	106	show
1366525795149	84	300	395	click
1369823362711	130	281	131	show
1372676371879	101	336	408	show
1368414099034	97	518	279	show
1367074754030	108	3	156	click
1373911528926	130	491	500	click
1367825918032	1	563	32	show
1371169350372	147	812	8	show
1366656895932	59	27	315	show
1369288483731	53	743	461	show
1371838102875	56	182	285	show
1373778913190	138	616	150	show
1368470746891	25	532	41	show
1368943772149	120	793	56	show
1367539999688	119	752	374	show
1368875895146	20	421	401	show
1371346680250	72	981	369	show
1367504254491	63	130	413	show
1368980498759	24	541	229	click
1371388980867	36	777	103	show
1369540370450	16	334	24	click
1372384052199	25	27	281	show
1367332589451	86	75	114	click
1373465955849	24	570	486	click
1370311363450	135	388	36	click
1369526481695	22	304	325	show
1370755522020	18	452	43	click
1366794476768	61	996	490	click
1374059631744	6	629	296	show
1367813005736	26	915	473	click
1369820602468	25	504	188	click
1369488708362	119	102	288	show
1371960203230	84	466	345	show
1373128437633	44	852	155	click
1368418913653	13	402	264	click
1370706615126	64	296	495	click
1367408483542	149	484	5	show
1367488052799	59	34	330	click
1371802457512	49	723	114	show
1367375011138	147	972	468	click
1373672927647	104	575	246	show
1366991505142	127	961	320	click
1373240965737	77	286	81	click
1367604961638	91	39	488	click
1368812233587	74	395	444	click
1367616282397	100	125	39	show
1366451263764	114	803	347	click
1371676999149	108	363	314	show
1370980787076	62	385	114	show
1367163771718	67	302	497	show
1370194215615	110	180	304	show
1366539639079	127	939	453	click
1371778787071	141	145	52	show
1368248570746	141	368	185	click
1371741361036	103	307	283	click
1367140981590	16	349	448	show
1373905044209	17	282	53	click
1367878547600	147	499	383	click
1370198475282	50	948	45	show
1371052755414	49	602	446	click
1368780229288	74	254	412	click
1366574245456	124	975	302	click
1367666275740	65	999	93	show
1369050265941	41	735	258	show
1367979572613	20	862	333	click
1373440432488	61	450	40	click
1373619440163	22	672	484	click
1369079708691	78	422	279	show
1370391222762	84	702	255	click
1368847444521	18	369	120	click
1371857205775	133	832	155	click
1372088445313	59	783	84	click
1368581316786	55	479	62	show
1366939674602	8	371	205	click
1372125624248	48	696	477	click
1370922188817	28	352	324	click
1367600341753	7	165	427	click
1372826921033	131	401	312	click
1372366127855	22	754	117	click
1371161940732	127	657	160	show
1371058225349	34	783	348	click
1368530010369	134	9	245	show
1369084680040	82	961	148	click
1367133284815	53	480	300	show
1369250459995	47	599	368	show
1371855761235	124	888	192	click
1367311636668	21	686	166	show
1367198410937	106	285	66	click
1372279882794	127	484	490	show
1370470684188	7	836	425	click
1368117356552	125	465	425	show
1369133300289	39	898	176	click
1367569709866	149	675	196	show
1367568758235	94	699	331	show
1368551258052	3	953	455	click
1371396533801	107	95	185	click
1373518062085	109	539	385	show
1367122896402	127	472	305	show
1373151814934	24	762	362	click
1373824167576	36	852	53	show
1369873527082	44	527	291	show
1373949723290	23	299	27	show
1373550453195	89	46	476	show
1371663995729	91	686	101	show
1368151547001	92	640	148	click
1369130760819	65	556	110	click
1373802390479	83	808	176	show
1370089891382	113	27	225	show
1373300813294	23	741	318	click
1367435208281	83	117	293	show
1373641772918	13	524	227	show
1367136028770	50	511	375	click
1371025691416	2	485	258	show
1366958373023	81	730	266	show
1369464566048	147	239	261	show
1373769102686	59	398	222	click
1369411169744	36	10	50	click
1367027118761	150	778	226	show
1366534201894	133	524	203	click
1366562106811	133	171	298	show
1366817437377	84	78	136	click
1369156057622	131	151	307	show
1370728233534	129	514	112	click
1373139083903	12	136	93	show
1374132591020	2	191	390	click
1367310767834	140	177	195	show
1373353575655	59	858	470	show
1371516821313	93	174	73	click
1369619630202	130	45	492	click
1370967203433	99	20	59	click
1373423030990	90	952	469	show
1367840761445	58	622	20	click
1372796763049	109	303	426	click
1372687384816	121	354	322	click
1373157751295	26	568	351	click
1372986695438	137	462	441	click
1367248955090	49	15	105	click
1367742116800	117	269	391	click
1368535089272	90	897	298	show
1371032378998	59	986	422	show
1367076372358	44	595	48	show
1373294995295	65	268	139	click
1372109314581	134	205	454	show
1369958710444	5	718	296	show
1368024580702	13	266	460	click
1368679994607	14	596	332	show
1368204675637	126	984	445	click
1368150269993	111	6	91	click
1371188867320	148	883	266	click
1369641287652	3	169	470	show
1367909107607	106	952	370	show
1366388619073	138	259	176	show
1368870211743	116	649	358	click
1371002578456	41	852	253	click
1368872248707	10	410	223	show
1369438218631	27	435	324	click
1368711828980	113	240	142	click
1366878702320	91	269	465	show
1372479183382	140	619	277	show
1369773217224	1	684	405	click
1366977179844	13	179	129	click
1368181179246	128	561	346	show
1367099999496	13	758	111	show
1369423861436	42	894	84	click
1371056324390	87	447	175	click
1370026789530	36	803	42	show
1370456095475	25	443	201	show
1370443501151	149	5	452	show
1368449925365	16	201	287	show
1367483125590	118	613	29	click
1366944911801	34	509	430	show
1366560231494	81	43	421	show
1371386668040	112	824	26	click
1370562018337	82	505	41	show
1367572311729	38	827	442	click
1367521800372	31	505	464	show
1368401694738	6	121	92	click
1372330775353	49	820	326	show
1373175092560	60	350	443	show
1369607626634	140	969	383	click
1370040983604	93	527	219	show
1366452466792	134	575	9	click
1372684563849	2	263	475	click
1371345224667	76	742	332	click
1367172143396	41	227	386	show
1372014975616	147	759	255	show
1369894621146	96	153	239	click
1367088381333	23	433	354	show
1369649031823	39	625	13	click
1374187095337	97	997	29	show
1371594672321	24	853	255	click
1373435497372	90	991	246	show
1368979869534	60	377	499	click
1367490025443	25	259	431	click
1370423371535	81	393	252	show
1373154743427	148	837	75	show
1373517341316	35	837	486	click
1370133668224	33	837	341	click
1373153217738	8	90	345	click
1372392862973	32	649	187	show
1366713862132	11	482	485	click
1366863272035	122	987	500	show
1373450860166	115	52	425	show
1374058397528	95	395	189	click
1367271775474	126	647	348	show
1370419443105	148	140	157	click
1371885639905	16	256	419	show
1366387311111	8	612	126	click
1373688515673	150	656	267	show
1373815704786	138	330	56	click
1367871053019	80	476	481	click
1367879050361	24	21	68	show
1369083945944	74	926	82	show
1367439204989	26	126	103	show
1371551300270	106	18	71	click
1373366754582	98	414	498	show
1371930941034	75	655	80	click
1373641392322	86	830	203	show
1371802638949	23	36	263	click
1366776823210	121	935	206	click
1368108026614	40	318	175	show
1370967652379	72	456	59	click
1373607905774	60	734	51	click
1371674178312	118	140	463	click
1369784981568	49	363	114	show
1368455359809	72	817	399	click
1367765845361	141	496	14	show
1370731980511	84	832	151	show
1368088211195	1	206	411	click
1369935088331	1	741	443	click
1369521893664	59	723	113	show
1367575258598	40	995	122	show
1372584104453	21	696	477	click
1371518141207	85	622	40	show
1373233247115	88	790	413	show
1369390898452	52	671	80	click
1370813996405	64	42	279	show
1372504446796	1	987	415	click
1373522741250	106	520	127	click
1368497507432	123	852	490	show
1366503310013	135	530	136	click
1373522476220	120	581	332	click
1373076954031	4	483	415	click
1370954601399	87	412	213	show
1369118279403	142	28	161	show
1372940973123	150	594	59	click
1369117380952	140	643	110	click
1369642347335	115	546	91	click
1366378323983	29	448	310	show
1374174147909	1	30	65	click
1372259894844	101	320	435	show
1370844672241	19	724	387	click
1367344276635	113	793	142	click
1366602419340	116	649	292	show
1367850399322	32	815	336	show
1368075009664	120	800	199	show
1368791089804	131	928	26	show
1368980495209	44	926	15	show
1373347486619	123	901	210	show
1373176480083	93	243	315	show
1370691314008	54	389	242	show
1371280019256	139	859	360	show
1371268690054	56	875	292	show
1371956642408	97	886	472	click
1366389783458	10	479	8	click
1370908142428	63	76	339	click
1368701408837	78	336	220	show
1372616337549	128	24	247	click
1371293938063	80	669	97	click
1368425865489	104	978	123	click
1371850110824	127	123	314	show
1370747829595	69	457	73	show
1371197749808	100	201	440	show
1371073483257	39	883	334	show
1371334495385	6	637	3	click
1367753780496	131	582	479	click
1371098415625	56	174	474	click
1372401168053	18	156	255	click
1373972252834	74	808	178	click
1366986699644	17	985	440	click
1371446081669	36	950	425	click
1368209569601	113	453	216	click
1372764302388	148	59	49	click
1369220051978	132	14	312	show
1367107626301	142	400	249	click
1367791659533	132	911	64	click
1369936461334	54	391	450	click
1369187058810	103	199	284	click
1370367416079	4	806	210	click
1368299175463	54	236	242	show
1372947585181	89	805	85	click
1367651468743	111	116	275	show
1373756048489	1	403	51	click
1370792537052	56	179	35	click
1368367807104	144	181	313	show
1369885941807	47	780	435	show
1366953586556	29	834	183	show
1372553089577	136	567	73	click
1373646580723	128	905	241	click
1372685648619	9	331	370	show
1369181457231	99	692	235	click
1369308296090	121	290	130	click
1371672045036	125	727	500	click
1371032584763	48	174	212	click
1366825945452	14	49	188	show
1371947844989	60	774	136	show
1370152510191	135	727	57	show
1366724048743	107	749	221	show
1367993414968	131	735	378	click
1373125934981	134	573	170	show
1368296677009	86	374	486	click
1366448866831	106	358	393	click
1367471360936	6	147	405	show
1372936916713	15	417	400	click
1373476813618	20	622	274	click
1370263230935	124	178	405	click
1372377405203	55	300	258	show
1373493108960	88	113	259	click
1370733002112	27	328	400	click
1367567592445	44	209	286	click
1369117378522	40	624	209	click
1373556825297	113	623	157	show
1367069049969	145	395	466	click
1367770870587	95	22	169	show
1367223040091	115	189	401	click
1369554537424	63	928	138	click
1371964685046	108	132	264	show
1372314915865	116	508	312	show
1372528946100	16	947	19	click
1366410316007	54	818	94	show
1372250927024	134	282	134	show
1370556098910	44	839	242	show
1372326228089	69	51	160	click
1367331353242	99	324	364	show
1373132942352	119	672	74	click
1369791338577	42	242	91	show
1373794366585	11	605	452	show
1372486475812	122	761	94	show
1370838754584	109	250	198	click
1371371561678	88	955	120	click
1372129150320	1	206	146	click
1372981433162	94	995	195	click
1367718864229	12	70	33	show
1373316750523	19	277	236	show
1370103967538	126	290	87	show
1370022472909	90	743	151	click
1373589947808	79	888	259	show
1366906197820	74	372	3	show
1367776902660	97	314	137	click
1368062441597	94	2	205	click
1371352902961	116	675	72	show
1369744428864	65	995	177	show
1369397533109	45	5	286	click
1373420146150	93	389	445	click
1368980091432	142	760	339	show
1372302851139	66	48	384	click
1370305104204	124	800	172	click
1367083427391	73	651	401	show
1373538919538	62	130	223	click
1372114997279	65	788	358	show
1373801567769	33	129	206	click
1369897449789	88	116	392	click
1366907593554	76	889	374	show
1370864984681	57	804	432	click
1372596051525	128	299	323	click
1372475945913	53	60	55	show
1367631041335	62	125	41	click
1373118592778	47	966	376	click
1368912945499	131	726	135	click
1367918558150	11	123	373	show
1367744734581	93	775	400	click
1369285098392	117	26	98	show
1372454198777	148	740	254	click
1372398678917	78	59	230	click
1367046336796	147	359	104	click
1366895217745	12	627	104	click
1371085430528	133	181	426	click
1373720459047	96	182	411	show
1372917541208	108	124	352	click
1370688101578	2	46	203	click
1367915727329	28	817	180	click
1368432064142	135	603	396	click
1369114782158	122	187	88	show
1369189432583	138	710	405	show
1368879531586	8	88	262	show
1369440924121	3	983	113	click
1369570033794	148	208	484	click
1368384877612	11	105	140	click
1369344310778	82	151	36	show
1371989018696	5	20	253	click
1374135671135	118	296	233	click
1367121367567	3	136	22	click
1370816630754	93	974	264	show
1371948860014	146	357	17	click
1366400225767	75	813	250	click
1370418504007	57	929	384	show
1367121568595	31	220	425	click
1374075895536	147	799	497	show
1367100167903	139	992	366	show
1368715194060	124	444	171	show
1367783219449	36	739	320	show
1370590729436	131	222	277	show
1369267179326	144	363	8	click
1373056549988	88	615	226	show
1373981640916	95	653	259	click
1370231184132	97	101	374	show
1373336594826	102	142	352	show
1367018097746	89	724	150	show
1369662063375	111	755	334	show
1373934388768	56	554	338	click
1366815883659	16	11	30	show
1368504167742	89	831	335	click
1369040339543	72	473	368	show
1368872140603	146	400	84	show
1368158810432	69	321	287	click
1367677131488	67	641	355	click
1367833356113	32	99	69	show
1372018757212	31	594	430	show
1367714229217	133	45	303	show
1369283854289	3	719	150	click
1374115805859	6	679	341	show
1372468822135	21	155	324	show
1369777610218	78	257	17	click
1368014748677	117	948	219	show
1369520801178	127	31	283	show
1369902871587	39	626	212	click
1371698780271	109	336	358	show
1371716562294	132	738	295	click
1372591843836	120	640	413	show
1372374090143	105	50	330	show
1367904692086	56	681	389	click
1367045446345	5	211	373	click
1370912837639	57	552	399	show
1371320639430	53	278	317	show
1373698524816	141	66	93	click
1373216348469	128	604	33	show
1369203091353	13	732	428	show
1366968201181	7	544	65	click
1372073552917	133	437	37	click
1371009341429	92	693	280	click
1366438733888	13	4	29	show
1368979286464	34	138	483	click
1371312105141	96	763	39	show
1371284511807	2	42	382	click
1366624340880	65	369	415	click
1369036713241	146	547	237	click
1370125761045	15	881	333	click
1367320296011	58	143	62	show
1369561859873	43	782	260	show
1368750488362	86	808	261	click
1369370835836	32	416	31	show
1370105926901	29	457	115	show
1367462831900	79	695	18	show
1371739341692	108	340	414	click
1369229194384	82	310	76	click
1368906010365	48	352	375	click
1372370698261	9	469	110	show
1369246473048	46	440	400	show
1373449523168	120	936	284	click
1368754274930	56	536	379	show
1368254437457	24	931	277	show
1372692783732	119	521	436	show
1367621546589	70	826	470	click
1369621249313	81	630	96	show
1371833931267	60	192	433	click
1371758232966	37	213	1	show
1368888726515	4	122	499	show
1371242826522	104	772	475	click
1371073745294	149	513	193	click
1370932383006	123	788	279	click
1371046980558	119	826	415	click
1373592534642	33	547	379	click
1369677355992	68	945	283	click
1366960634580	103	536	50	click
1371806138019	126	400	178	click
1370177665246	16	981	76	show
1372774257465	3	418	497	show
1369370929123	6	102	421	show
1369124053020	95	303	19	show
1371921228655	104	854	277	show
1368666114097	53	419	58	show
1367770452528	105	320	301	show
1370820612986	141	208	53	click
1372369627961	89	462	52	show
1374027897439	4	383	349	click
1366740581866	132	545	336	show
1369780860755	123	179	68	click
1373834559596	116	250	246	show
1371272136807	50	311	362	click
1370773516728	91	611	368	show
1368475878974	38	176	381	show
1369592754949	38	392	422	show
1370868627498	60	206	244	click
1370824871305	87	546	453	show
1368819862853	92	419	122	click
1372065744363	134	668	29	show
1371383759829	60	413	387	click
1372458834484	42	826	125	click
1368363939442	111	504	381	click
1370598492629	48	258	25	click
1367670228109	114	999	495	click
1370774227380	112	428	286	show
1371140081449	33	98	97	show
1370588128682	124	765	500	click
1371304344236	3	304	281	show
1366886534749	18	666	264	click
1370676587332	80	830	8	show
1372128453363	32	20	296	show
1369607718811	7	631	178	show
1369933493430	18	909	55	show
1372205859611	110	406	254	show
1367520080729	88	732	333	click
1372393998167	103	156	359	show
1372562008620	90	736	169	show
1368362812169	51	186	63	click
1372351783522	103	606	318	show
1369965116070	99	807	422	click
1368108114884	10	749	485	click
1371480983638	8	837	211	click
1366897386059	9	669	445	click
1369781664087	19	14	492	click
1370768650617	137	717	20	show
1370842167012	74	558	174	click
1370084436384	8	170	409	show
1371401903811	15	353	103	show
1371284262410	31	920	72	show
1367615241337	89	386	277	click
1368528512353	9	821	298	click
1372985978227	30	820	361	click
1372030033097	135	963	149	show
1369581691199	13	882	201	show
1368198893235	29	947	98	show
1374070587419	68	84	191	click
1366982427812	109	899	41	click
1373360706586	118	623	23	click
1371476424838	75	301	213	click
1366842652127	133	683	104	show
1370896104222	51	811	6	show
1366698465573	105	732	70	show
1367590755164	3	596	227	show
1367181953039	9	786	262	show
1369600828344	69	985	446	show
1369148504386	13	547	402	click
1372039261791	7	562	30	show
1367591542727	92	672	414	show
1366607708451	138	772	341	click
1368768179986	63	27	356	show
1369780159340	99	874	255	click
1370011309500	85	701	221	click
1370831980815	97	231	337	click
1372575237351	39	579	343	show
1370491486028	15	399	317	show
1368939142585	5	173	174	click
1367218893981	142	302	490	click
1370982928683	60	187	16	show
1369376874559	14	486	74	show
1371464256981	130	521	245	show
1369826523046	86	646	6	show
1373524360033	30	42	62	show
1367780009947	35	636	215	click
1370919656106	106	813	112	click
1369685986116	130	599	384	click
1372347301047	10	201	414	show
1369267474548	133	449	231	click
1372251050525	104	856	278	click
1370247450969	43	366	466	show
1369439641671	72	496	63	show
1373516724054	142	57	358	click
1371759895916	19	147	375	click
1370405912788	39	138	314	show
1371212741818	99	249	434	click
1371350012842	87	816	181	show
1368741322518	129	207	171	show
1367105046767	87	521	60	click
1369495293274	7	172	55	click
1367434440465	117	841	30	click
1373860165907	52	758	57	click
1366519200040	33	451	373	click
1368035753550	132	516	364	click
1368734539605	30	775	299	click
1366613737215	39	354	188	click
1372730218129	122	351	308	show
1370383818810	91	656	79	click
1369805146628	43	455	169	click
1371929164372	37	316	420	show
1368103818052	19	461	430	show
1373615079409	55	736	97	show
1371852629101	112	436	198	click
1368095918246	106	401	171	click
1368072463616	111	320	216	click
1374012830731	78	580	311	click
1370121615327	96	271	211	show
1367554268105	49	884	5	show
1368787079297	143	267	327	show
1371745233007	22	877	204	click
1371397782948	104	801	141	click
1368816563863	132	645	474	click
1366896132567	36	478	401	click
1369840514432	7	127	263	click
1370609842457	103	298	439	click
1373042462929	9	174	314	show
1368174999841	122	839	322	show
1371946358890	35	928	307	show
1370034259460	70	999	500	click
1370657787294	78	204	338	click
1369685691166	41	732	106	show
1372927733683	34	324	114	show
1370794360696	38	98	177	click
1366974319200	141	490	313	click
1366967815648	104	128	403	click
1368663788277	130	187	245	click
1372174967317	13	610	204	show
1372550936183	22	224	418	click
1371076556221	47	603	420	show
1372692930962	105	641	431	show
1366912987252	75	822	351	click
1372584562656	141	583	198	click
1368936126979	90	240	216	click
1372695071557	94	802	141	show
1373933578632	122	284	230	click
1374043118619	20	801	234	click
1369607387557	115	291	181	show
1372362875230	130	310	59	show
1369217243216	27	871	462	show
1373505195258	45	16	229	click
1371744223137	116	903	12	click
1366814555028	26	359	108	show
1367507285018	80	749	8	click
1372667919640	43	992	254	click
1369842522826	1	744	29	click
1371972342365	87	47	1	show
1371858642635	29	2	1	show
1366471312871	22	890	393	show
1366989725665	31	881	87	click
1371083463925	146	376	457	click
1371340107991	112	493	267	click
1370330174114	39	762	446	show
1373074664112	99	606	164	show
1367705600936	98	5	451	show
1372189244434	118	993	110	show
1371737825529	68	607	292	click
1373762485394	104	713	46	click
1367335062094	45	892	286	click
1367667331629	128	930	199	click
1368084388614	116	199	142	click
1373228349263	94	904	34	show
1369677754293	134	472	260	click
1368624428941	58	243	199	click
1373530887675	150	926	83	show
1366782116916	144	426	167	show
1373492219465	13	435	338	show
1369363045555	37	446	47	show
1367091967949	104	41	342	show
1372418673084	54	620	387	click
1370304846522	70	333	316	click
1367837076658	17	131	283	show
1372108339700	100	235	90	click
1366433835742	91	132	434	click
1373209816388	8	503	391	show
1373989295348	128	21	365	show
1373024633595	124	32	468	show
1366661200451	21	183	283	click
1372758368059	15	207	81	show
1371724851234	53	982	237	show
1370448698273	54	355	94	show
1367889360434	32	285	49	click
1366626803683	41	287	439	show
1372419208818	77	281	334	click
1368463159702	43	718	426	show
1371556198035	68	577	234	show
1371910441086	65	282	102	click
1367271135793	128	30	160	click
1371593467534	138	589	12	show
1371350838371	116	870	213	click
1370587842675	137	533	478	click
1372267239522	132	570	320	show
1371375031168	64	129	169	click
1367287169789	107	57	331	click
1369884093382	42	302	155	show
1372029828945	46	671	378	show
1369727564890	5	692	233	show
1367155865576	87	988	325	click
1373723238210	31	900	227	show
1368430874474	38	429	196	click
1370507588557	144	758	26	click
1367798067567	36	421	263	show
1367379402229	145	544	293	show
1370592454141	44	537	33	show
1372498477289	113	787	236	show
1372189382927	60	361	113	click
1366689040216	82	548	58	show
1366411996725	89	823	500	show
1367954843249	95	918	498	show
1373482690745	121	81	215	show
1371690106969	101	199	225	show
1369410930954	91	239	339	click
1366772355923	75	450	419	show
1368788188752	109	762	165	show
1371076434296	112	858	417	click
1372821518950	60	690	168	show
1371159274959	38	756	494	show
1371981685892	123	149	438	click
1368161647214	34	141	475	click
1367226711658	53	73	372	show
1367808288074	110	242	152	click
1372000289908	122	560	314	click
1373866905216	27	846	129	click
1370359359084	70	255	132	show
1372532580026	100	398	381	click
1373575122050	126	571	449	show
1368702161742	48	620	175	show
1368802463666	47	213	10	click
1373894687561	140	437	158	show
1369220574161	56	279	223	show
1370001549203	52	1000	216	click
1372796866090	14	303	186	click
1372760762828	6	238	69	click
1370940203891	55	123	114	click
1371420368933	130	806	11	click
1373900118912	17	305	495	click
1372021120336	56	352	310	show
1371084331185	145	158	188	click
1373027055489	43	901	133	click
1369985343286	29	809	487	show
1372753295019	138	370	79	show
1374082524554	54	185	264	show
1367721551218	35	505	483	click
1372630991865	108	670	380	show
1373546297720	124	40	172	show
1368605811315	97	12	77	click
1368474937796	145	823	6	show
1368903972812	17	740	106	show
1367907036402	97	155	436	click
1373097259438	120	471	127	click
1373737519937	32	33	249	click
1370330442188	31	476	389	show
1370340868876	47	357	380	show
1371693858736	90	902	93	click
1369106954037	18	444	448	show
1372837841217	37	98	131	show
1366924992752	80	970	144	click
1366348652625	31	6	97	click
1368053971182	115	3	145	show
1367952335590	34	905	151	click
1368208572145	38	217	359	show
1371839265482	73	784	450	show
1367335604330	31	897	352	show
1369135894009	72	740	78	click
1367485263738	66	915	280	click
1371363015927	15	83	124	show
1370816502294	84	666	497	click
1369906924308	83	676	346	show
1373425211928	69	489	314	show
1367154707566	140	658	64	show
1366639281476	72	70	485	show
1366934089155	33	754	222	click
1367511442320	98	492	222	click
1371610664951	141	450	233	click
1370106739442	65	755	293	show
1370818888878	96	455	282	show
1372305371043	25	26	303	click
1372168890546	58	579	126	click
1373686566133	77	627	496	click
1373841159925	59	121	467	click
1368474812829	150	118	224	click
1373423839678	129	104	119	show
1366735841156	117	777	476	click
1367398375843	147	561	412	click
1373740585032	76	958	228	show
1370849273811	144	882	122	show
1370759581254	34	128	366	show
1372211405895	96	392	180	show
1370676087282	118	290	500	click
1372905384508	67	14	170	click
1371512523550	6	406	168	click
1368908944555	106	825	76	click
1370755979674	42	871	387	click
1370540295960	44	983	488	show
1370677673435	144	627	125	show
1372098016485	69	379	261	click
1370421360657	105	701	352	click
1369450789714	30	773	450	show
1369439642175	62	338	48	show
1369351600801	110	460	101	show
1369129175672	17	635	400	click
1372302262297	20	857	472	click
1374198772803	89	227	348	click
1371187518613	100	819	17	click
1372973392585	8	990	15	show
1367734587519	47	240	36	show
1367548583389	62	484	240	show
1367394278810	145	477	102	show
1368384378142	3	119	63	show
1371965513046	95	326	258	show
1368974341700	126	706	55	show
1371561645857	127	507	172	show
1371845242295	117	758	298	click
1372851069753	119	215	254	show
1370860914111	51	567	71	show
1373942905974	58	842	449	click
1373806030036	21	736	101	click
1366866193153	57	232	52	show
1373190079087	129	700	312	click
1368676882419	56	813	93	show
1373377766026	101	112	474	click
1372412325592	131	231	76	click
1368207547365	82	680	37	click
1366445067426	88	493	260	click
1368684906848	112	760	382	click
1370149213790	136	788	429	click
1373730172212	136	181	466	click
1370268902478	107	676	350	show
1372006752200	136	154	70	show
1369774146316	82	200	186	show
1373401550268	119	15	201	show
1368929103523	21	434	83	show
1370081738617	28	201	319	click
1374145458207	76	828	148	click
1370208909974	127	519	420	click
1366571780137	104	153	390	show
1373770385541	130	526	481	show
1367768172979	34	865	381	click
1366480346104	110	121	447	click
1369732306519	15	74	150	click
1366495655496	23	505	104	click
1372680542327	119	353	147	show
1367694819576	29	884	225	click
1373134772108	84	101	95	click
1368431815857	149	726	240	show
1371168232180	141	454	309	show
1366804493166	54	761	424	show
1373979430535	72	645	140	show
1374029471995	131	628	459	show
1371382501418	48	274	57	click
1367332179853	109	851	450	show
1369042230373	149	803	468	show
1371990774088	117	622	223	show
1367958924189	46	646	326	click
1372481503642	53	829	462	click
1373318361116	6	186	228	click
1371048343211	135	686	199	click
1371531810529	40	290	284	click
1373714313712	95	569	261	show
1366810209348	34	226	390	click
1367698021387	88	408	141	show
1367879620646	150	590	411	click
1370012361607	132	755	107	show
1373115225932	103	920	157	click
1370219951500	78	969	224	click
1371855479497	138	772	82	click
1373700983327	6	841	7	click
1372540094551	99	406	367	show
1367700925752	18	250	272	click
1369225136536	129	637	486	show
1373686537389	141	226	62	click
1368124706937	17	756	274	click
1371858544780	150	506	72	show
1366530398576	123	605	421	click
1372593089460	29	276	379	click
1367870282940	13	187	160	show
1371907671748	12	254	312	click
1373924595336	79	667	100	show
1372159496100	63	692	231	show
1370643124194	116	196	78	show
1367632742988	63	140	64	show
1369709706246	44	265	76	click
1373424330221	74	620	216	show
1369814318183	85	156	37	show
1370737939816	68	611	222	click
1368369075790	63	108	486	click
1370229329763	31	165	96	click
1368670525180	90	681	204	click
1373213865782	22	247	23	click
1368909254713	130	988	76	show
1367861007167	27	24	62	click
1368878698442	69	808	219	show
1373945145688	6	872	50	show
1368293610837	87	302	164	show
1372892971960	14	282	422	show
1369191107822	45	625	214	click
1366973776545	148	599	100	click
1366348103973	89	314	40	click
1373782382890	112	983	297	show
1366392480905	74	265	470	click
1373975507572	134	469	72	show
1371898686910	100	973	100	show
1367742568981	138	580	77	show
1371336592617	30	829	28	show
1372834436337	61	772	458	show
1373166044976	45	899	425	click
1371909270609	117	557	336	click
1369833343055	132	444	48	show
1367826625678	135	477	80	click
1368472583021	4	220	493	click
1367556285239	131	306	464	click
1369528445466	8	681	157	show
1366573532432	71	699	448	show
1367635087144	146	786	177	show
1369643383622	44	993	101	click
1366500757333	90	718	258	show
1371247513139	102	639	132	click
1374033783119	43	174	119	click
1367344674906	55	733	163	show
1374055824750	74	892	168	show
1372770082986	65	39	10	click
1373985179719	134	386	174	show
1369030437554	146	827	32	click
1372071781457	95	271	500	show
1369618581024	144	292	208	show
1366996621377	47	178	80	click
1367261779982	103	745	128	click
1369276023286	132	53	104	show
1368981337858	149	15	454	show
1371196728812	62	677	281	show
1373720403313	43	925	163	show
1368357117655	104	740	151	show
1368802209748	132	474	411	show
1371503219195	4	197	384	click
1368145463740	145	966	108	show
1372391635778	75	940	242	click
1370403741163	78	918	54	show
1367371878325	7	66	11	show
1369550510890	17	713	11	click
1368284640888	10	843	272	show
1370422531564	90	684	280	click
1367490554081	119	182	167	show
1366435120181	67	912	371	click
1373187764786	136	292	433	click
1369727689958	139	673	96	show
1369916357325	1	847	309	click
1373659461156	128	757	287	show
1371837152882	44	134	404	show
1370732804835	119	996	471	show
1369019415483	96	575	16	click
1371121767613	124	498	495	show
1372040861803	39	923	477	show
1367836183919	89	426	436	show
1373773585850	21	780	3	click
1374133978349	40	603	183	click
1372922166885	25	765	15	show
1368532065898	13	853	229	show
1373039549607	134	362	154	click
1369412983667	51	228	36	show
1371413271054	129	868	111	click
1369808028770	75	922	105	show
1373509028304	89	274	113	click
1373700060483	86	405	345	click
1368253976197	124	968	394	click
1369214528128	113	489	262	show
1372987336054	133	207	376	click
1371428828270	100	251	391	click
1373008370291	27	138	85	show
1370541476504	108	954	326	click
1366869682731	139	527	108	show
1367420302226	112	585	460	click
1373660669914	37	928	1	click
1366783424460	2	17	344	click
1372276323371	111	161	314	show
1369253860825	114	822	55	click
1366531500607	63	758	164	show
1371691200143	15	122	158	click
1373661364165	129	765	428	click
1373505869531	105	814	247	click
1368708311079	12	702	390	click
1372895295433	72	34	58	click
1373630762925	61	899	497	show
1373571634030	28	970	206	show
1369827133283	84	163	484	show
1369661008391	114	342	199	show
1372905168929	85	926	47	show
1370887127899	17	928	412	show
1371989083055	93	687	51	show
1373259843501	65	580	158	show
1366558906924	38	280	366	click
1367813361460	26	768	406	click
1367473089054	123	333	352	click
1372545429233	3	696	2	click
1372158092759	17	690	287	show
1371155476433	121	582	236	show
1374088279495	11	319	306	click
1373705216755	66	662	236	show
1373372816290	116	876	285	show
1367390332284	36	44	432	show
1367841326107	1	142	319	show
1369199175064	14	115	76	click
1366856242986	3	599	103	click
1370114237267	88	646	88	show
1371394403194	1	107	386	show
1371591307021	55	197	9	click
1374189155693	23	765	113	click
1373074795963	88	994	358	click
1372086892805	27	418	287	click
1371981243307	102	849	127	show
1369844187336	128	336	446	click
1368779694678	20	221	88	click
1368912434839	138	567	55	show
1367445073907	21	510	336	show
1374151823235	45	254	415	click
1371030646541	138	993	479	click
1371070140228	100	705	412	show
1370267826770	69	587	147	click
1370402418836	118	27	115	show
1370909972847	82	680	81	show
1368186875347	82	946	440	show
1370022312906	22	520	108	click
1371668725064	63	202	160	click
1373960621131	132	888	300	show
1366797902385	97	394	466	show
1370204405720	26	46	438	show
1369390969078	92	625	296	click
1372769555504	124	57	115	show
1370577745289	71	218	154	show
1373555009109	48	742	409	click
1373528913911	76	117	322	click
1373588183376	38	298	415	click
1372056208868	96	218	58	click
1372273144764	83	268	277	show
1369574203661	67	693	18	click
1368068473455	80	290	494	click
1371553700314	96	250	225	show
1371065468075	32	229	153	show
1371750253195	137	73	276	click
1371188828764	112	966	212	show
1373299845680	78	180	65	show
1372953972572	112	544	481	show
1366629916817	141	464	140	show
1368885182210	62	18	195	click
1371015031677	146	834	406	show
1370318532121	117	434	91	click
1373661777148	95	28	272	click
1371687284830	122	39	415	show
1370360971254	20	511	291	click
1373390258620	66	715	480	click
1373524314016	92	294	26	show
1370843258711	106	384	390	click
1369442453004	134	812	263	click
1372325034807	51	274	299	show
1369538114926	24	347	11	show
1371282614411	150	344	434	click
1366492497067	17	699	302	click
1372174425299	35	407	144	click
1372777694432	20	477	166	click
1367501522113	128	728	170	click
1371057606862	148	120	410	show
1368404983205	132	47	168	show
1370559923298	125	964	121	click
1371099505131	37	455	375	show
1371688130014	63	134	145	show
1368874495691	97	678	49	show
1374075060494	48	795	385	show
1366356760952	59	896	117	show
1373026633880	142	849	279	click
1367348410603	10	751	312	click
1372026706437	94	896	290	click
1368841545634	28	164	304	click
1372431409944	71	704	299	click
1367079048200	99	762	428	click
1368917030319	72	620	62	show
1373565102134	69	604	354	show
1367423771133	5	327	443	click
1373688209707	56	915	275	show
1369422487250	41	875	355	click
1371913336016	115	422	84	show
1371179576182	119	315	50	show
1368451198690	33	248	468	show
1370377079100	81	804	110	show
1372139191489	45	507	1	show
1366561878202	94	856	132	click
1370004974421	140	335	424	show
1367656098868	84	117	454	click
1373556654707	55	577	2	show
1369513233413	28	83	366	show
1372325787076	140	108	306	show
1366745204328	135	278	183	click
1369544246163	143	244	471	show
1373422932748	136	378	468	click
1371751837523	104	685	410	click
1366456397641	130	281	148	click
1367283024912	41	787	286	click
1371857483354	40	496	167	click
1373994671004	125	878	40	click
1367807327202	108	169	407	click
1371228105625	92	92	70	click
1373856693418	16	256	165	show
1369545667958	71	4	45	show
1369067686624	26	100	305	show
1369055306953	87	753	376	click
1367711567937	48	370	429	click
1372207493607	40	609	360	click
1369464274656	102	301	317	show
1366928043801	41	935	206	click
1368937676501	83	779	184	show
1373620409855	89	97	291	click
1369836492969	136	575	296	click
1373938352656	148	630	366	click
1370264299239	6	358	115	click
1368401958987	18	578	94	show
1368400469312	98	557	313	show
1368719267918	146	664	106	show
1373858510873	98	346	413	click
1371252671253	48	602	279	show
1371284390034	1	201	251	click
1370857828468	40	706	9	click
1367365657118	111	486	335	click
1370713323657	111	109	250	click
1366877094438	6	78	475	click
1372151624056	2	296	398	click
1371339800510	18	452	159	show
1367885513900	25	709	15	show
1366668854535	57	103	142	show
1370526555837	147	289	236	click
1368211337034	41	218	113	show
1370112514753	19	116	378	show
1366996253610	137	839	195	show
1369877563576	99	961	134	show
1369886303672	35	493	122	click
1370728179496	4	492	385	show
1367126200281	63	312	461	show
1368573851568	8	487	251	show
1369352463191	90	772	33	click
1371635204208	107	702	159	click
1367573821080	31	680	412	show
1367826639344	32	412	184	click
1373524083120	93	823	433	click
1369786748793	142	783	394	click
1370430655960	138	580	400	show
1373141022785	27	288	8	show
1371989431679	16	388	275	show
1373372222782	133	918	236	click
1368472430814	85	780	209	click
1369910481680	1	459	286	click
1372435398318	26	763	348	click
1369972394765	24	265	277	show
1366390496928	88	228	394	click
1371351104290	66	779	44	click
1373053523848	27	937	166	click
1371576000330	25	45	309	show
1372682582440	82	484	258	click
1370724444292	143	43	211	show
1372474202943	33	967	383	show
1373130956458	99	940	49	click
1366549473158	23	789	117	show
1373668053651	130	667	364	click
1371021057370	139	43	233	show
1367946906731	62	870	95	show
1369389457848	120	836	261	show
1374158827452	83	114	366	show
1372242276977	135	516	303	click
1369168426678	34	788	484	show
1372786490217	77	619	50	show
1367420622357	16	301	315	click
1366445794064	74	74	484	show
1367779885745	11	712	270	show
1369956028305	91	739	421	click
1368800218215	37	476	433	click
1367840591816	9	800	60	click
1373733196166	140	696	230	click
1368504705894	41	253	143	click
1368289191256	148	143	356	show
1368079863127	39	601	122	show
1367595164101	2	490	421	show
1372856245542	107	905	240	show
1367740437905	99	775	484	click
1373064910912	101	421	457	click
1371570723040	121	866	352	click
1371418552232	50	393	468	click
1368316736055	1	758	440	show
1370986289515	82	747	297	show
1372699881950	134	476	242	click
1367892849457	52	188	95	show
1369862460118	32	750	211	show
1369322590179	97	595	439	show
1372947054663	23	816	290	click
1367795129351	121	453	339	show
1373549906231	35	999	26	click
1371909528413	150	423	90	show
1367331016736	148	12	326	show
1373941996958	29	854	417	click
1368139544792	42	565	297	click
1373848105566	120	787	204	show
1373784886059	149	321	419	show
1367872637245	104	478	204	click
1368228895443	14	355	145	click
1371381670145	133	335	113	show
1370958470462	143	179	334	show
1370002754118	128	487	109	show
1370640234895	108	174	358	click
1367903698949	47	562	247	show
1368448154825	1	281	114	show
1373432485697	108	487	371	click
1367156834049	12	185	362	show
1368261323060	129	961	408	click
1369461417696	136	401	304	click
1373772490819	8	4	74	click
1373616136610	113	886	106	click
1367001120777	41	855	272	click
1370260727322	94	16	39	click
1372329981058	43	396	213	click
1370659541562	99	490	303	click
1367830063306	95	526	28	click
1368351227266	145	389	70	click
1372985061455	11	672	296	click
1368273267554	143	712	103	click
1373132306849	75	404	278	click
1369109946125	103	113	464	click
1372715650876	140	366	243	show
1371068574569	128	954	92	click
1372053413727	79	990	246	click
1370004604952	117	314	469	click
1367178990588	116	231	276	click
1373660075045	128	378	58	show
1370911295363	46	119	74	show
1367841393222	8	935	376	click
1370048901266	87	234	13	show
1367964651516	36	971	266	click
1370068734985	81	773	141	show
1367285735219	98	897	435	click
1368258042393	144	617	270	click
1371669641277	49	947	402	click
1372545893788	145	492	430	click
1372663037478	49	564	436	show
1366414018321	48	693	221	show
1373853287590	57	94	187	show
1368354311360	144	491	141	click
1373686742908	89	946	18	show
1369922754552	106	795	484	click
1373408994985	139	779	206	click
1369278828248	69	21	136	click
1369157061651	82	510	41	click
1370833387538	33	365	152	click
1370594881345	88	843	389	show
1370881742202	125	13	366	show
1373490696039	129	665	397	click
1367633262747	42	782	177	click
1370734984482	30	366	197	show
1373542140205	29	898	135	show
1369718606667	102	594	299	show
1372323992975	149	685	133	click
1370625278976	62	317	414	show
1373503374374	48	171	209	show
1370757753509	148	570	87	show
1370399606527	57	947	431	show
1366403891731	2	665	116	click
1368944394236	113	387	466	click
1368116603573	17	976	178	click
1370893484868	138	390	287	click
1368782157001	67	930	381	show
1373776073002	81	514	291	show
1371011826786	133	372	109	show
1370464555379	3	480	13	click
1369003994476	26	377	476	show
1371777514384	32	12	488	click
1367556922535	21	169	428	click
1368546211467	82	287	110	click
1366961155115	56	111	329	click
1371699303440	137	762	362	click
1367909841194	70	944	349	show
1373637749412	7	707	2	click
1371241329307	53	531	184	click
1371202369250	146	658	78	click
1368446062440	138	793	268	click
1373238882538	93	759	77	show
1371942156573	5	220	457	show
1373694377039	44	968	257	click
1368374732814	106	710	90	show
1373380890618	128	308	267	show
1374048390473	129	67	370	show
1372660886864	146	300	64	show
1370462963035	143	777	75	click
1373443637573	127	599	30	click
1371001119456	8	993	53	show
1370758765239	130	842	242	show
1372217573299	113	373	282	click
1367463195595	75	444	72	show
1369365423329	19	110	261	show
1373997645288	121	204	204	show
1367056085610	61	419	298	show
1373832761068	70	981	160	show
1370235415077	118	930	374	click
1371967955247	146	197	252	click
1367352234885	122	255	279	show
1366526114449	4	379	337	show
1369830419317	26	687	84	show
1366910417507	65	3	120	show
1372359546802	56	902	72	click
1369525891629	86	325	168	show
1369462947556	35	140	235	click
1372384225817	80	927	28	show
1371172120687	6	596	123	click
1369185129189	122	224	37	show
1367924753190	104	546	29	show
1366861064986	46	568	203	click
1368625413977	5	471	343	show
1366461281674	57	281	450	show
1368024140570	52	609	14	show
1366553711406	78	607	17	show
1372440213709	85	974	305	show
1373860352225	131	697	206	click
1370367519500	38	832	209	click
1371859468917	15	180	367	click
1366376648552	121	333	500	show
1373795297436	43	933	318	show
1368667337277	85	360	303	click
1367551901661	141	867	348	show
1367125026210	64	848	265	click
1366917762271	38	324	134	click
1369172875108	88	659	384	show
1368079097044	71	805	260	show
1367361200271	98	387	250	click
1368162629480	43	28	337	show
1369617474827	115	82	82	show
1366794781766	121	737	170	click
1367635033479	81	539	152	show
1372333669837	129	94	77	show
1373339212456	77	798	44	click
1367299265487	51	813	495	show
1373677311053	40	518	20	click
1369469619242	80	211	329	click
1374052423430	24	335	348	show
1369889171314	135	781	90	click
1368963964282	98	817	238	click
1374077161269	127	359	449	show
1370725047993	82	9	348	click
1369093015702	49	662	167	show
1373902115441	36	111	373	show
1369667431471	109	914	285	show
1369519291689	107	361	283	click
1372191499420	18	411	143	click
1373865234317	70	813	27	click
1373930589119	42	634	373	click
1369814844960	46	34	206	show
1373822849640	20	575	309	show
1372657089121	106	948	187	show
1371059518998	53	862	77	show
1371053083101	42	239	445	show
1369670852727	26	304	280	click
1367500714204	31	137	323	click
1368569411234	113	948	468	click
1368351577161	139	762	145	click
1369389753145	84	51	478	click
1366851777350	109	706	185	click
1367052271853	49	540	61	click
1374202938815	134	377	94	show
1373605798124	17	913	120	click
1370802808283	93	242	300	show
1370597516653	79	814	475	show
1367589153918	131	742	430	show
1372478186026	114	434	460	show
1371073953855	127	636	391	click
1372208365070	113	56	362	show
1373448530844	97	83	149	click
1368165422116	32	158	43	click
1370484331579	107	96	49	show
1367199538434	61	739	344	show
1368994355263	124	39	399	click
1368413736385	36	661	389	click
1370216691711	53	959	385	show
1372148308762	117	234	27	show
1369454696289	135	396	174	click
1367526829580	58	20	363	click
1370403593822	96	775	122	click
1366536531846	149	825	14	click
1371502471748	83	890	99	click
1369348274043	28	751	197	show
1373430510019	60	758	301	show
1368750731522	107	959	244	click
1373436529269	74	280	492	show
1369020191354	36	365	15	click
1368162086434	129	26	144	show
1372103149093	3	871	184	click
1371209937375	133	555	74	show
1373559954250	91	359	223	show
1373096804884	13	382	385	show
1368286503460	33	997	471	show
1371610607573	12	49	305	click
1370717590476	6	48	204	show
1372721455262	58	37	8	show
1372973008717	107	819	314	click
1366989586996	10	769	363	show
1372734740792	85	657	493	show
1371303638112	37	970	375	show
1369145611090	122	117	213	show
1367041755183	64	882	181	click
1371979881813	72	917	258	show
1367899257332	29	93	51	click
1369960642260	19	524	379	click
1372981119810	102	505	113	show
1372516527871	149	214	307	click
1369321608086	98	772	125	click
1369577985899	27	167	118	click
1371664795357	90	778	166	click
1371791570982	93	801	7	show
1372851870477	50	52	86	click
1370417278606	50	924	130	click
1370800003414	24	400	41	click
1371270981775	63	723	460	show
1366785225992	43	825	291	show
1371598920722	99	307	375	show
1368253417142	128	71	452	show
1368845825908	135	717	238	show
1368445422981	36	658	179	show
1371221495468	105	399	291	click
1367113350226	80	163	62	show
1368438651844	51	860	214	click
1369100863080	12	552	407	show
1373560237163	117	945	263	show
1369994286695	115	504	353	show
1373088580616	87	722	242	click
1369746153355	44	634	279	click
1373108487216	25	819	443	click
1372478774512	139	732	144	show
1366768923490	23	463	57	show
1371606589485	44	612	126	show
1374159478594	16	811	455	show
1367717215026	94	794	65	show
1368861962577	79	340	357	show
1371409909167	124	769	457	click
1372702469975	12	983	399	show
1372838889194	32	783	110	click
1368648543549	68	903	433	show
1370671477585	149	810	296	show
1370680072634	96	341	308	click
1369303155959	139	399	47	click
1370062095094	112	436	452	show
1372471784082	127	527	255	click
1367955042494	24	614	197	show
1372367058767	34	598	87	show
1369645130271	45	613	9	click
1371860371409	11	951	33	show
1368860656045	19	936	144	show
1371687846381	94	708	265	show
1370602322995	31	982	368	click
1371273104250	54	285	294	show
1369944886090	118	530	25	show
1368332648569	79	883	136	click
1367836400393	148	925	386	click
1370120948397	123	196	480	show
1368630258430	93	796	460	show
1371379407799	108	414	31	click
1367575956405	98	264	243	click
1368663003429	57	753	235	click
1368852587229	50	593	49	click
1372532604834	111	317	427	click
1373149654654	57	241	197	click
1371797809563	138	814	62	show
1368249856687	139	580	353	click
1373572677611	44	732	106	click
1372117925135	91	550	149	click
1371697255699	74	533	329	click
1367157872027	43	636	211	click
1366473537952	80	136	160	click
1366363498168	144	63	2	click
1370369698527	120	421	399	show
1370662109510	56	585	103	click
1367163807405	26	841	116	click
1366897782323	54	555	388	show
1368557317653	115	697	29	click
1373911868933	71	555	20	show
1371354001114	147	700	361	click
1373214889367	83	546	135	click
1369994488904	94	937	208	show
1370516813394	78	729	28	click
1371282208893	59	184	177	click
1372995212100	95	480	435	show
1367757958157	92	299	76	show
1367636887830	63	308	437	show
1371189764630	57	249	250	show
1369450518943	115	841	443	show
1369924329713	51	815	333	click
1374039183696	82	58	51	click
1366968150483	123	125	194	show
1370349993967	75	142	283	show
1368346187848	116	442	438	show
1371991221189	129	421	396	show
1368267402624	22	740	175	click
1371887344818	113	390	120	show
1370920695977	133	11	409	show
1370225204898	49	755	214	click
1368285516300	136	799	244	click
1368024160111	97	766	331	show
1366517864853	54	814	416	click
1374188765965	44	947	175	show
1366564847116	133	63	61	show
1369081364210	19	25	59	click
1371153693390	26	657	254	show
1370303438795	69	918	259	show
1373053163784	42	488	100	show
1372225460290	83	211	373	click
1372530207912	101	218	293	show
1373069114874	56	505	408	show
1370876120384	70	756	333	show
1367004829313	81	719	433	click
1370736073062	123	150	472	show
1368498959573	89	637	222	click
1373014547922	135	130	184	show
1368537475451	111	697	369	click
1370703453695	6	153	495	click
1367696808122	85	648	471	click
1368122625855	8	304	254	click
1374082796680	126	907	130	click
1370917440438	5	394	476	show
1367849191732	150	565	133	click
1370868366632	90	576	356	show
1367028581379	86	449	76	click
1366451516569	27	401	422	show
1368019850102	149	620	249	click
1371842212839	106	332	326	click
1366476748477	57	652	139	click
1374021571151	107	88	494	click
1372252923269	32	896	124	show
1374125645610	80	232	321	click
1372677016637	122	916	92	click
1366741976762	37	844	161	click
1374110944515	53	712	18	click
1371925405361	125	979	430	click
1373361769926	93	251	392	click
1368344135158	115	338	70	click
1369774185670	20	213	361	show
1372365809326	97	623	338	show
1366864893912	48	329	16	click
1373482304414	84	117	230	click
1372521092210	41	651	428	click
1368188901071	141	725	218	click
1372105147976	66	990	148	click
1371409577889	122	138	287	show
1372432277731	109	240	395	click
1368021359750	66	476	192	show
1366378420744	117	138	50	show
1368901339836	13	473	64	click
1368835649803	22	22	194	show
1368442194471	73	952	180	show
1369863681853	89	240	258	click
1368091120223	138	471	260	show
1372023258290	81	739	163	click
1372251241671	94	528	206	click
1370646909302	70	597	459	show
1374156045086	131	752	498	show
1367121192018	97	659	488	click
1368159302907	61	679	305	show
1370776967725	129	94	165	show
1367067031036	112	702	177	show
1367122647003	149	521	131	show
1366806258489	126	373	134	show
1369933234978	69	364	419	show
1370854360892	124	115	54	show
1369338374162	105	455	489	click
1368755380827	83	693	293	click
1374028106995	77	900	67	show
1368585374107	17	149	443	show
1372128628036	12	9	394	click
1373165767549	107	979	346	click
1371400393632	40	587	125	show
1366706461817	60	620	388	show
1369276762951	4	769	39	click
1372912070553	127	967	392	show
1367679318473	136	174	258	show
1374134864099	10	520	110	show
1368126127250	70	424	416	show
1367006525670	135	355	336	show
1369662601145	25	253	97	show
1369927080955	103	268	457	show
1370708045076	37	508	213	show
1368601156314	8	530	495	show
1368079665126	78	479	435	show
1370552406815	6	377	50	show
1369297535896	65	40	485	show
1372228507114	30	747	312	click
1374077109988	97	183	235	show
1369617213669	40	246	165	show
1370127652518	8	890	177	show
1370122762627	54	667	366	click
1367601816108	58	403	67	click
1367679384964	3	804	248	show
1369169469328	116	846	466	show
1366786489339	68	109	260	click
1371938279500	123	220	320	click
1368125488017	119	223	172	show
1366405735120	37	173	101	show
1369311480955	14	972	262	show
1370082695999	65	624	391	click
1369669497497	46	677	337	show
1373128589025	137	140	112	show
1367441284389	98	243	428	click
1370443566910	37	637	142	show
1369206244887	113	59	485	show
1369090452898	41	280	447	click
1368816226024	73	916	109	show
1370286548418	128	118	411	click
1374143200503	145	371	248	show
1367715705151	40	580	436	show
1373542197673	127	837	477	click
1368446321097	35	286	154	click
1372917682717	103	568	330	show
1373370666097	48	180	141	click
1369881537080	16	929	188	show
1369463352901	83	456	24	click
1370743723275	13	978	251	click
1369214866556	125	196	279	click
1372167977296	105	572	128	show
1369415821890	29	472	45	click
1370104362710	132	470	59	click
1372652030452	5	991	338	click
1368178310112	131	676	117	click
1372013319234	65	244	409	click
1366856915151	140	437	334	click
1371813765685	60	205	477	click
1370359961420	9	451	23	click
1367175825783	32	411	384	show
1373655585479	45	620	300	show
1371563241440	90	792	225	click
1367670389546	82	681	225	click
1368110209134	27	768	190	click
1368622894873	92	239	145	click
1366895502909	16	143	326	show
1373950654395	70	346	142	show
1370551153144	97	999	118	click
1369316833461	111	811	397	click
1367701968813	102	513	428	show
1373585461735	73	604	313	show
1370634791138	141	343	44	click
1372070438551	10	731	98	click
1372581260210	145	166	238	click
1372637732724	76	859	138	show
1367049454138	46	443	338	show
1367816339585	7	420	117	click
1371760573835	90	42	478	show
1368301414323	42	55	44	click
1373259374574	48	893	495	show
1368593108964	138	298	360	click
1371344198260	16	652	125	click
1370494057677	126	643	325	show
1367257925410	78	554	38	show
1371055450676	7	727	50	click
1367421390697	45	431	14	show
1368524161026	17	490	71	click
1370936419484	137	954	47	show
1374179327799	94	994	68	show
1369139296787	146	536	142	click
1369533961679	43	553	288	show
1366843791739	57	763	165	show
1373986943984	35	361	344	click
1372296001836	106	898	386	click
1367774883056	58	27	64	click
1366407456952	40	560	12	click
1372823331871	63	488	241	show
1370467572892	32	344	41	click
1370965643459	68	497	43	click
1369534298623	77	642	14	show
1374176151002	81	243	267	show
1369422573368	135	271	447	show
1371095892153	66	767	377	show
1368113935525	124	824	184	click
1369643093912	66	247	290	click
1370400680533	106	237	85	show
1370561659930	136	737	308	show
1368698989527	33	727	341	show
1371813804228	65	755	55	click
1369806289238	8	350	28	click
1369735196082	50	139	460	click
1370681409095	134	225	260	show
1372465107977	59	321	112	show
1366361755689	8	929	336	click
1368654416004	80	418	422	click
1373396290855	54	411	79	click
1370968678632	121	587	181	show
1372121255711	121	388	188	show
1371542203918	1	169	166	click
1372695511672	74	707	62	click
1369698164670	149	725	304	show
1373068272988	102	720	439	show
1368226656109	114	41	188	click
1366486414370	56	708	426	show
1369456053014	142	101	155	click
1367143620130	96	917	351	show
1370263607984	84	353	399	show
1370841591104	71	118	88	click
1373816098239	87	775	233	click
1367697243432	27	569	393	show
1372878066255	148	570	399	click
1372503469823	90	382	271	show
1369730133873	12	18	161	click
1372302753104	1	18	90	click
1369367984604	27	975	46	click
1366416946253	120	700	220	show
1373628425027	124	327	167	show
1373872803309	25	735	196	click
1367765982497	55	137	276	click
1367585797874	44	843	100	show
1371027515042	149	850	114	show
1370322795722	124	746	241	show
1369836590534	90	127	214	click
1370626392412	58	848	26	show
1372908110831	7	90	306	click
1370039502573	61	56	491	show
1372563485241	4	682	329	show
1368142473589	4	903	209	show
1372882736543	37	438	80	show
1368538454884	68	759	428	click
1369684224549	125	717	420	show
1369055488055	114	869	43	click
1372933399464	128	833	315	click
1368380089681	25	615	26	show
1368481363439	12	937	194	click
1367486965102	46	144	178	show
1373211355866	5	640	231	click
1366975609840	90	546	498	show
1370106510066	26	615	205	show
1372263054995	66	137	474	click
1368454114990	55	251	73	show
1368926379799	19	237	499	click
1371250278907	99	686	460	show
1367679620122	97	941	124	show
1373257330861	35	24	78	click
1366356485766	40	625	474	show
1371929069380	57	868	147	show
1372453103274	102	879	105	click
1368010098612	10	765	246	click
1371516448151	11	563	39	show
1369825096381	10	52	304	show
1367933478080	142	663	35	click
1373232602955	141	637	180	click
1367695507455	99	144	13	show
1372867822892	10	535	481	show
1374186620183	71	246	207	click
1371967492210	112	964	494	click
1369886063570	10	98	4	show
1366905167545	95	950	157	show
1373473976526	109	624	111	show
1367670128344	115	62	309	click
1371836701035	72	532	417	click
1367104473742	19	500	28	click
1372970080144	1	286	410	show
1367552958986	142	363	96	click
1366501109761	113	194	410	show
1368575886077	45	682	355	click
1368656522767	18	891	163	click
1369995339534	64	918	418	click
1372723135784	33	786	105	show
1373788401077	103	142	246	click
1371763573741	118	646	122	click
1368595192065	40	292	370	show
1368388913708	78	699	299	click
1367378186052	116	385	197	click
1367027551587	1	404	133	click
1367977823979	17	39	139	click
1373311938201	144	284	497	show
1368166687191	7	726	368	click
1366775637505	150	481	278	click
1369162452198	65	113	101	show
1374085946230	28	905	142	click
1372533750710	85	885	98	show
1368882130855	40	383	205	click
1374136003201	124	399	245	click
1367533878789	37	167	402	show
1367023168049	110	348	39	show
1372493237988	103	879	384	click
1372207942708	144	878	294	click
1372002416334	4	803	173	click
1369486578219	12	96	250	click
1372417734607	91	131	93	click
1371087983641	41	823	431	show
1370985902157	56	769	228	show
1372088418990	39	557	26	click
1369701931975	58	392	465	show
1366576940883	110	291	219	click
1373775586643	79	644	254	click
1369532025201	119	138	90	click
1369125395456	73	954	14	click
1367304047331	4	663	82	show
1367373408539	145	659	117	click
1367904247590	37	739	178	show
1372400851379	56	848	110	click
1373447903024	148	351	472	show
1368951629297	3	655	95	show
1370611298961	44	991	128	show
1371666664511	71	130	253	show
1370783161039	6	347	414	show
1374070704967	31	408	150	click
1368978182893	26	2	78	show
1371948922881	90	582	396	show
1369796689680	124	366	223	click
1368314925555	105	150	228	click
1373125460379	6	444	347	show
1369607557887	103	698	452	show
1372132928007	11	137	230	show
1373679300454	34	79	36	show
1372755086174	137	249	61	show
1373307103181	33	680	378	show
1373053299402	78	824	446	click
1366976133039	85	938	46	show
1371592781349	91	86	105	click
1369130212362	39	748	74	click
1369005357309	150	41	238	show
1369642768688	4	225	291	click
1372857002639	125	433	457	show
1369508380833	111	963	363	click
1368431947254	104	827	39	show
1368812292304	101	98	213	click
1373593599215	111	819	13	show
1366570149695	113	993	11	click
1370076261514	5	411	152	click
1371291936996	34	744	481	click
1372261063027	60	232	47	click
1371847204256	50	892	165	click
1372944324397	101	124	493	click
1372251443167	145	672	308	show
1370054753310	102	913	310	click
1369235610826	8	580	379	show
1370979711087	147	254	165	show
1371607702303	139	678	283	show
1372941969424	89	336	453	show
1371135868039	73	992	352	click
1368014154957	97	993	36	click
1373137718155	134	762	48	click
1368232915007	33	830	371	click
1371713680065	130	225	180	click
1367981311021	86	206	272	click
1369214658880	102	839	315	click
1370517214218	39	734	231	click
1370453824641	55	231	324	show
1369348092840	126	44	355	show
1367374926925	79	212	420	click
1367016609474	38	718	373	click
1371586304969	86	702	205	show
1373021177066	70	586	392	click
1366578377973	133	472	43	click
1370752791520	19	682	410	show
1372900143548	30	574	219	show
1372206126309	27	472	308	show
1369318472713	139	484	422	show
1371391600966	139	985	130	click
1369392364916	94	273	257	show
1371078814869	5	710	434	click
1370415458001	72	839	300	show
1369139774706	144	345	451	click
1369016305951	136	715	189	show
1373306378527	105	279	478	show
1371862709762	4	244	78	click
1371475573642	92	46	88	click
1367695519185	93	471	394	click
1371725779031	111	939	3	show
1366588467551	29	192	127	click
1368328323821	1	257	493	show
1371355193536	73	805	488	click
1367501256826	31	761	177	click
1370059467266	39	923	19	show
1370282871233	33	38	169	show
1373087352743	3	980	443	click
1374136007349	120	468	278	show
1369040708393	88	251	235	show
1373563811068	20	43	49	show
1372609847543	92	837	263	show
1371993352279	25	609	233	show
1371328770233	53	477	316	click
1370392060761	68	816	472	show
1370306299857	134	640	295	click
1371100881700	14	304	244	click
1372836731514	94	849	154	click
1368492981814	44	468	423	show
1371925679523	138	332	275	show
1368859732305	128	224	392	click
1374091830554	17	917	462	show
1366702342740	111	691	249	click
1369118740513	133	1	258	click
1370631627720	74	420	36	click
1373899335700	72	102	327	click
1369673226035	46	482	79	click
1373172225071	92	206	38	click
1370516175785	100	763	407	show
1374149188929	25	679	245	click
1366866568965	50	467	174	click
1373023346105	8	649	150	click
1368043937480	121	937	150	click
1369530285959	2	271	396	click
1374049014304	69	910	456	click
1372309955775	115	55	133	show
1368290582105	86	590	425	show
1368107523569	44	670	320	show
1373363339787	114	699	468	show
1370044475298	48	154	340	click
1368948837746	86	400	129	click
1367818497509	81	796	353	click
1367420401082	66	382	260	click
1366800639109	102	168	194	click
1373558611333	118	177	247	click
1371381433039	129	815	409	click
1368375367055	139	340	67	show
1369180497068	44	803	173	click
1369051640637	39	992	140	show
1372988835844	93	364	205	show
1368843433486	91	668	379	click
1371448842201	131	712	223	show
1372503702558	13	365	106	click
1368464743896	138	721	439	click
1372744724245	22	971	203	show
1366875600339	112	459	294	show
1371613294574	20	188	116	show
1366937804834	87	414	218	click
1371479877302	37	120	54	click
1372974790141	39	256	107	click
1372495158308	76	747	495	click
1372630899774	109	576	397	show
1372552365069	18	803	1	show
1371353947514	129	848	185	click
1370349225091	37	281	351	show
1372826771588	8	283	450	click
1371597871668	94	261	198	show
1370102309987	92	911	234	show
1373531956642	76	788	54	click
1369784726049	14	81	411	show
1370991571576	75	221	290	click
1373274262560	55	979	421	click
1368457772127	130	314	39	click
1368332606411	27	45	331	show
1370570537218	100	688	254	click
1366473136064	146	475	139	show
1372404214627	23	468	282	show
1370115842841	45	435	193	show
1371775295873	1	989	335	show
1367952619376	82	702	25	show
1366915932068	4	623	269	click
1370645551595	25	803	455	show
1371762483237	66	721	300	click
1374092734680	47	444	206	click
1372690743920	33	912	69	show
1373788787168	47	706	131	click
1372475118302	25	598	415	click
1372140977997	117	140	95	show
1366887626955	122	808	2	click
1372746313736	65	549	46	show
1369376634287	96	228	377	click
1368632166650	110	264	27	show
1371950337855	60	461	65	show
1368385388378	123	661	456	show
1369480164850	5	456	17	show
1367674944055	106	533	267	click
1366510134904	5	353	486	click
1369920178256	61	588	189	show
1369087451862	94	786	468	click
1371517610558	83	552	45	click
1368073978400	118	739	272	show
1368010767928	55	372	40	show
1369376319895	37	441	482	click
1370877623082	96	919	132	click
1372199687648	18	241	443	show
1370740739158	123	83	487	click
1374040998130	118	892	184	click
1373755988677	27	856	22	show
1370684627702	97	63	128	show
1373587573442	41	211	451	click
1371183285153	41	719	88	show
1372124363427	10	528	485	show
1369166936476	41	207	453	click
1372980515063	117	666	498	show
1372219280779	144	347	199	show
1368801119919	141	969	380	click
1368979300374	83	260	38	click
1372936185143	60	762	309	click
1371491452398	149	386	164	click
1368689272333	95	12	174	show
1372899911853	41	549	83	click
1373682452451	81	438	192	show
1370653631462	75	312	142	show
1368394691532	75	748	240	show
1366830864502	115	512	335	click
1372422407662	118	133	355	show
1368859911230	128	60	284	show
1369580064243	112	509	188	click
1369481749325	128	212	396	click
1371245495272	35	471	166	click
1368221820771	56	211	473	show
1371453340866	124	510	417	click
1370774186746	137	848	410	show
1371324805122	94	332	396	click
1372923245929	127	307	161	click
1367500559450	82	991	214	show
1371561073996	95	618	251	show
1369017721280	131	588	259	click
1372172488614	110	548	198	show
1372592989028	3	495	450	click
1372474443518	86	293	152	click
1368278453078	8	894	171	show
1373632133077	88	913	360	show
1372199975178	87	930	257	click
1369466205322	27	441	83	show
1369303973980	88	541	265	show
1369196565940	8	429	234	click
1373409140400	116	481	75	click
1372033045102	30	784	481	show
1371366515595	87	569	439	show
1367641634750	24	309	406	show
1369685940953	90	271	199	show
1373241728007	91	561	212	click
1371280294620	131	257	132	show
1368786522134	45	126	134	click
1368377592434	118	626	401	show
1369150900901	96	674	346	show
1371385080289	20	853	316	click
1368200741671	144	108	165	click
1372601733207	1	217	278	show
1371167416352	110	960	264	show
1368554843436	20	647	264	click
1369162698282	22	419	123	click
1372447219763	46	664	135	show
1369674580806	41	150	79	click
1370744398320	36	745	45	show
1373578458733	135	680	114	show
1370601640053	146	403	485	click
1368042156502	20	953	206	click
1367223353943	118	320	430	click
1371679125142	132	558	443	show
1369078488634	50	299	235	click
1369449477882	51	791	283	show
1374104221203	140	662	402	show
1370554783300	78	394	363	click
1366663131178	85	546	245	show
1369571934452	18	496	136	show
1371569685822	56	759	344	click
1367752414217	24	271	56	show
1372853439246	80	284	476	show
1373230620646	141	205	127	show
1372708324493	129	891	139	click
1373226788564	108	438	220	click
1368972705706	62	771	43	show
1371887627796	85	81	297	show
1369389719930	113	972	441	show
1370433590090	131	680	280	show
1373523272335	76	618	359	show
1371755223144	5	777	388	click
1368338678186	149	692	391	show
1373350621606	47	525	355	click
1373066189283	60	243	342	click
1369846102500	67	250	75	click
1366971302637	149	907	77	show
1373956267598	48	508	320	show
1372330305648	27	230	486	show
1372366047059	128	71	238	show
1368733924709	77	866	27	click
1373117676403	97	369	235	click
1372647426109	62	461	335	click
1372494193219	26	825	351	show
1372724149009	105	379	420	click
1370732524185	35	155	144	show
1371625672363	11	680	72	click
1373085309993	19	906	453	click
1367337865128	39	902	416	click
1366679844859	74	512	12	show
1371587869322	42	914	325	click
1373126001919	24	112	422	show
1369002024932	47	326	331	click
1371059228287	143	990	44	show
1374132157806	80	504	4	show
1366399473413	37	301	233	show
1369107790883	46	426	409	show
1371574827470	64	576	20	click
1373993184247	82	236	52	show
1368737351741	148	319	210	show
1372559847416	149	19	77	show
1366591612374	1	295	368	show
1369792276686	142	521	88	show
1373700047051	117	912	437	click
1370475671221	127	751	292	click
1369307065961	104	598	92	show
1370465756160	69	69	75	click
1372071831078	74	797	58	show
1371414621937	148	886	465	show
1373118513913	136	982	415	click
1370970020178	76	691	110	show
1368432445063	117	641	433	show
1371147566025	142	512	284	show
1369330956675	3	43	88	click
1372208199611	112	28	493	show
1371921297184	8	401	319	click
1366969687381	68	464	233	show
1368282383468	150	793	292	click
1372594573615	17	48	8	click
1366690867991	51	428	414	click
1370574627790	47	826	198	show
1367474884804	54	927	387	show
1372669060050	33	842	422	click
1366978304009	103	96	321	click
1369644891021	29	663	392	click
1371484572894	2	680	422	show
1367209716054	131	411	41	show
1367017964654	98	279	487	show
1370873183087	102	880	189	click
1367027070533	80	303	149	click
1369058319523	113	268	179	click
1373719941580	60	519	268	click
1366924670466	19	772	386	click
1372263600101	60	673	287	show
1373360106203	4	950	241	show
1370249043929	10	660	267	click
1369487148327	66	621	185	show
1366499055467	76	738	187	show
1367765766714	34	455	14	show
1371158174672	95	101	120	click
1372360601485	18	592	429	click
1369662094458	64	428	441	show
1372415360396	62	914	370	click
1370374503139	104	913	124	click
1373869980854	137	1	469	show
1371111944663	15	820	447	show
1368164436728	90	3	423	click
1370279711316	93	502	107	show
1366626394088	27	317	350	click
1367957189026	99	272	416	show
1371014439738	37	187	130	click
1369598476175	61	581	29	click
1371609078281	38	20	273	click
1368733620543	98	515	236	click
1366988370631	80	936	77	show
1373453912688	40	697	243	click
1370425645197	134	714	116	show
1367326681017	127	685	54	show
1370820562829	135	28	213	show
1367532842735	4	770	410	click
1370858310918	132	259	144	show
1368678289130	133	706	240	show
1367630264576	16	214	254	show
1374155135196	68	590	421	click
1366407990394	60	263	284	show
1373713260957	108	503	477	show
1371005593796	50	526	491	click
1369536370173	139	328	45	show
1369152263354	106	163	313	show
1368311164715	141	133	129	show
1366384939616	94	625	80	click
1371427798588	36	56	16	click
1371992181207	128	915	72	click
1367962004752	89	614	2	show
1366878053833	45	956	465	show
1367928862471	93	186	316	show
1372211395903	124	825	325	show
1368730823848	28	499	19	show
1373467375865	59	389	396	click
1370155073195	94	520	359	click
1370322283746	10	875	234	click
1368073589246	92	628	366	show
1367402308098	91	476	34	click
1370051707868	143	852	54	show
1368619511618	12	46	444	show
1369298424654	25	650	135	click
1370409140338	46	832	283	show
1372899647675	76	956	427	click
1369379266135	10	558	122	click
1368972066478	67	84	120	click
1370673144480	129	974	364	show
1367600302786	49	216	266	click
1371194492296	117	366	268	click
1369033366770	86	466	105	show
1372377034544	5	335	64	click
1368225865914	24	155	244	click
1371831596156	116	175	55	show
1367487029184	138	48	73	click
1373694356111	128	622	133	show
1370503357446	48	63	309	show
1369494274141	15	452	181	show
1371141762748	93	9	140	show
1370754406255	134	486	214	show
1368592642345	98	734	274	click
1371433375080	85	784	343	show
1368290748150	132	638	97	show
1371593485734	109	875	40	click
1370743761299	12	517	450	click
1371947994329	2	4	449	click
1371759185410	114	125	455	show
1373928305379	97	896	402	click
1374191081384	138	104	383	click
1367785080033	121	295	427	show
1373946876700	79	566	286	show
1372974593517	24	230	358	click
1368631899120	46	103	288	click
1367480356437	57	873	352	show
1368154930182	130	447	398	show
1370858159149	112	709	478	click
1369512115079	150	957	241	show
1371354211125	108	624	22	show
1371964118232	97	937	283	click
1366585162096	106	298	212	click
1373936906587	125	45	274	click
1368986757821	138	197	135	show
1371107838112	50	890	133	show
1366608726652	49	633	177	show
1372590077404	131	19	124	show
1370345519093	147	195	200	click
1366461454429	147	969	90	show
1366996198547	139	957	133	show
1372565030408	105	116	237	show
1373364234831	10	13	82	show
1368770493476	47	328	163	click
1366699376259	99	333	367	click
1369759639696	32	316	160	show
1369064097736	143	552	325	click
1369443981848	127	213	12	click
1368128768654	26	909	203	click
1374188993898	137	177	114	show
1372624660287	88	982	73	click
1368230996326	62	656	228	show
1369339802713	143	361	474	click
1366448137480	79	961	29	click
1371199127291	32	135	137	click
1366935708759	144	780	318	show
1367173975028	102	13	447	click
1369976505529	113	54	322	show
1369286879138	109	515	113	click
1373815153044	81	208	294	show
1372875480090	108	757	412	show
1369441199011	90	842	104	click
1371249517949	64	347	458	show
1371018377886	143	441	396	click
1370775920228	142	421	261	show
1371040209200	30	587	239	show
1373020945802	62	376	302	click
1374003608634	27	802	57	click
1370512820273	103	111	388	click
1370204724422	122	541	156	show
1371486578855	45	250	349	click
1370965838614	92	303	324	click
1367573717799	103	164	394	click
1370682291218	106	703	364	show
1373538199728	1	16	428	show
1369734654999	72	131	327	click
1372445404381	73	118	351	show
1370899091280	2	198	379	click
1367054766407	32	544	117	click
1372882755617	52	996	336	show
1370355265382	37	400	220	click
1367280264524	29	24	134	show
1369941125176	5	453	101	show
1367977679758	81	460	305	show
1367887819956	107	428	266	click
1368687060278	135	873	93	show
1366844576889	95	185	477	show
1373229801129	59	385	428	show
1373803830885	7	944	232	click
1372964145835	77	205	149	click
1368914008464	81	745	265	click
1369307441877	114	182	327	click
1371104524642	21	319	373	show
1369944224096	135	202	196	click
1367516000736	81	62	296	show
1368659320453	141	641	196	show
1366890604312	31	263	259	show
1367441566183	81	597	26	click
1369208177673	116	407	425	click
1372486506982	146	417	42	click
1369107635713	74	359	469	show
1374150628090	35	547	205	click
1369748906892	85	752	50	click
1370275383850	44	581	69	click
1368971129179	86	829	102	show
1370440317739	124	794	137	click
1370041018116	10	650	313	click
1369692584191	132	480	461	show
1370538206717	148	691	322	show
1369688073719	57	670	428	click
1366967935323	145	317	54	click
1368462908090	120	154	90	click
1372790690807	139	197	291	show
1372637727683	16	650	243	click
1370282881713	119	633	466	show
1366886450739	51	542	190	show
1373745015090	4	185	457	click
1367948357222	46	20	411	show
1370141991553	44	141	355	click
1368983385984	23	724	81	show
1370592782390	29	631	65	show
1368969801581	12	506	393	show
1370655581257	94	785	439	show
1370913969145	148	159	278	click
1373304775808	141	579	410	show
1373299103543	126	440	351	click
1368210277800	34	835	22	show
1366702830534	61	323	282	click
1366622497339	86	43	44	click
1370292728165	137	169	91	click
1371422336896	137	877	415	click
1372278923281	26	896	265	click
1371525092919	127	229	119	show
1367705107961	23	441	22	show
1372907815064	40	919	10	click
1367791580221	32	562	392	show
1371539771362	59	774	375	show
1373805912273	101	251	74	show
1366776701016	136	647	164	show
1369187306444	38	806	307	show
1373233095255	46	956	109	click
1367288171538	2	360	495	show
1371637819064	1	964	412	click
1371402941677	34	223	353	show
1370075053941	52	367	110	show
1372675057432	26	768	436	show
1369167492628	19	868	499	show
1368500619093	39	703	105	click
1373502381237	132	787	152	click
1371613538443	46	560	427	click
1369657200496	29	51	196	show
1371643934872	111	894	129	show
1370717529041	29	164	403	show
1373225088922	68	820	341	click
1367492145391	130	201	383	show
1368060916793	81	862	213	show
1373005135094	141	335	491	click
1370324870499	53	929	93	click
1368043101384	93	598	6	click
1368482059799	133	802	94	show
1368976219630	97	531	270	click
1367978235243	12	26	107	click
1369450972181	95	799	92	show
1373751817005	145	905	54	click
1369804059721	72	996	357	show
1371235533715	52	112	212	show
1371899231451	5	784	23	show
1369353033197	36	812	38	click
1372113280995	142	240	398	click
1367945413653	19	82	11	click
1374012857981	60	480	355	click
1372547478713	50	712	472	click
1369892451614	3	743	472	click
1367383980400	74	848	317	click
1371415269612	85	420	163	show
1368771566248	111	716	474	click
1367472301706	126	613	390	show
1372441281572	47	664	286	click
1368037412736	73	17	357	click
1370466645070	40	665	9	show
1373048058903	86	888	250	show
1368800044172	126	932	28	show
1367597078189	33	861	170	click
1373573151291	150	696	228	click
1368575331322	53	683	158	click
1366888903444	14	920	195	show
1369272837120	145	225	291	show
1374094438120	21	991	479	show
1372635329942	18	223	64	click
1372761362024	10	61	108	click
1366840672335	124	194	308	click
1373052313468	43	676	400	show
1374097455174	13	324	445	click
1373939624301	62	697	350	click
1371156304405	8	895	123	click
1369142303727	120	573	86	click
1370332685965	129	557	211	show
1372404085947	52	174	143	click
1371001868438	133	159	198	click
1373661742996	52	253	370	show
1371616657553	108	714	253	click
1370378426489	86	399	287	click
1372362748939	53	519	41	click
1368467939296	31	298	488	click
1373745244269	96	659	83	click
1373216380018	45	717	46	click
1368442421578	24	440	298	show
1368156113843	13	623	128	show
1373304957760	122	911	490	click
1367518952304	13	981	417	click
1373822392346	15	959	216	show
1369866940944	119	981	255	click
1368266379996	109	40	324	click
1367085045309	22	37	66	show
1370084195540	48	131	384	click
1373646490282	49	137	295	show
1371505610671	135	890	356	show
1368240992973	121	50	280	show
1372610074224	109	735	140	show
1374007087737	63	68	429	click
1367907842706	43	248	304	click
1369460263421	137	34	200	click
1371673723979	127	184	305	show
1367820471933	105	647	424	show
1373297047261	70	437	444	click
1369814112162	93	221	303	show
1368663047762	35	729	237	click
1373616578290	91	799	241	show
1367829358250	2	963	325	show
1368481296829	37	672	201	click
1373797856758	18	606	69	show
1368282086175	8	367	119	click
1367716393203	116	95	387	show
1371017831193	37	12	230	show
1369220159710	12	376	464	show
1366761118219	106	317	4	click
1370998577053	10	37	439	show
1370988828231	66	761	313	show
1368156080242	35	204	23	show
1368928922309	6	948	48	show
1371383619544	72	469	279	show
1373915396342	49	15	143	click
1371278728684	131	706	422	show
1372395448666	58	291	289	click
1373476348114	133	435	373	show
1373445584076	69	969	303	show
1369309468923	44	252	322	click
1371069641528	26	500	5	click
1373288433095	7	137	277	click
1373115316804	69	349	425	click
1367034872888	24	758	444	click
1373002549957	130	590	455	show
1373879090804	97	116	399	show
1370901850233	51	235	73	show
1368868458331	47	573	401	show
1370453186365	46	563	217	click
1371168135548	106	505	8	show
1369628054732	70	773	485	show
1373589808072	83	835	221	show
1374029911625	38	905	20	show
1367361750575	147	712	450	show
1372812205752	114	342	72	show
1370016831387	29	282	408	click
1371085928775	142	512	498	show
1372605639708	31	344	291	click
1366833474170	134	316	280	show
1371657511873	35	431	249	show
1373761793534	10	831	287	show
1368643079050	3	348	196	show
1370496965911	75	22	100	click
1369961300232	109	869	372	click
1368375975587	74	953	422	show
1367430040227	137	955	350	show
1366886558568	6	688	403	click
1374114190637	65	393	226	show
1371978756781	141	949	141	show
1367289289691	81	486	128	click
1370685389672	19	436	6	show
1372943279709	78	318	326	click
1370152435324	53	156	368	show
1371656573928	145	523	266	click
1370675834478	75	169	21	show
1370311983329	140	721	346	show
1370463292012	123	974	184	show
1367583789134	97	654	484	click
1368361554926	91	116	33	click
1372427266726	95	673	375	click
1368316119511	146	23	143	show
1372922852109	71	247	202	show
1373389004291	1	900	307	click
1366619129534	136	753	155	click
1370352903890	94	376	229	click
1367090144957	11	361	114	show
1366513988369	74	734	20	show
1373206000426	45	549	14	click
1367042760784	37	95	289	click
1367197840920	90	37	380	show
1366747785629	11	273	135	click
1370464845231	64	30	398	click
1369029055006	134	508	150	show
1368723145056	61	528	433	click
1368901877803	14	652	282	show
1372498347032	122	199	204	show
1370979233923	59	899	126	show
1368593764655	117	776	246	click
1371454313903	9	616	18	click
1371161623402	125	135	413	show
1374171022474	96	769	143	click
1369038329314	33	674	288	click
1371522454701	129	10	162	show
1371334313433	97	102	35	show
1371885005263	100	413	475	show
1367411548578	4	731	279	click
1368950340426	8	995	437	click
1372928639727	68	964	238	show
1366608583997	62	831	107	show
1373211309445	82	233	145	click
1368581967024	61	929	131	click
1367266967492	28	824	299	click
1366990511740	20	304	205	click
1368490309656	87	861	422	click
1368490370726	96	975	236	show
1371529589107	4	805	346	show
1371813149337	26	644	432	show
1368996372466	10	520	483	show
1368333514186	124	426	495	click
1373890371612	124	871	310	show
1371825288240	4	741	494	show
1367815957627	6	617	180	show
1367134839664	114	339	374	click
1373095217266	132	644	268	show
1370001512382	30	488	190	show
1368800152579	91	239	352	click
1373297981817	102	766	354	click
1371338730129	133	243	222	click
1372870437176	31	731	220	show
1371678596410	9	462	116	click
1369926613328	102	620	386	show
1371517452090	143	475	140	show
1366451240165	61	613	71	click
1368103536756	78	493	65	show
1369827755348	80	3	12	click
1373313166321	39	842	260	show
1368642999455	28	440	459	click
1367950498000	119	507	315	show
1370013444053	85	756	49	show
1367071198334	79	565	187	click
1369348845417	130	933	196	click
1370736048856	149	31	327	show
1373611523321	35	861	339	show
1370016531104	18	317	427	click
1366624468264	147	939	466	click
1369176103122	25	56	377	show
1373823571711	141	953	9	show
1373194055325	44	95	387	show
1370256005036	96	898	402	click
1368328589613	149	122	492	click
1371282856786	141	996	84	show
1372200425910	100	296	321	click
1369402686958	33	549	114	click
1372352902681	29	207	51	click
1369636875589	116	18	407	show
1369076207660	25	190	82	click
1369599230173	127	871	269	click
1367392729546	126	876	260	click
1370718180230	140	432	394	click
1370564915662	4	47	310	click
1372529961955	71	466	492	show
1370196205213	105	231	173	show
1373581499885	52	114	68	click
1370478712419	57	149	19	show
1368230962687	82	98	224	click
1372473311046	66	432	65	click
1370207273196	10	818	310	show
1370963201526	133	393	253	click
1370624694653	134	310	332	show
1372673545785	120	219	459	click
1370709287651	75	959	154	click
1369797122656	143	124	348	show
1366729962490	122	511	475	click
1372026269616	124	506	430	click
1370925252371	86	751	193	click
1366440233719	146	341	418	show
1369346071776	108	916	299	show
1373314051503	109	734	484	show
1373020444607	115	785	142	click
1371626531364	41	54	23	show
1371040195139	2	450	68	click
1373835708828	69	53	428	show
1372868996727	114	690	34	click
1370379643852	82	749	417	click
1371941925833	37	586	159	click
1371462000018	117	926	379	show
1373055829270	123	949	186	click
1371073236520	83	902	172	click
1370721300179	108	645	41	click
1369756878718	116	622	46	show
1371833334268	74	113	265	show
1368576756330	96	924	157	show
1369754405633	139	712	108	show
1369511792160	104	831	267	show
1372450990404	126	948	158	show
1370464082519	22	941	116	show
1366366666402	5	769	24	show
1368660887517	56	615	6	click
1370700803837	141	735	304	show
1371004689181	87	657	495	click
1368132697325	96	922	305	click
1367328863365	61	369	209	click
1371321348974	52	143	456	show
1371520602222	35	957	262	show
1372581325652	128	326	266	show
1368794018601	145	210	274	show
1369885883209	12	372	448	click
1368918755144	41	170	185	click
1371971382891	136	313	237	show
1373735814542	89	40	422	click
1373614275820	124	122	414	show
1369586366902	78	583	235	click
1373690014786	33	223	122	click
1372796091104	147	164	86	show
1372686147384	23	628	365	show
1373566880666	61	310	408	click
1368981990417	133	550	359	show
1373683502271	61	485	292	show
1370314956258	110	489	192	click
1367650301876	104	3	449	click
1369257027835	50	146	350	show
1370050168139	66	485	247	click
1367397887083	59	73	442	click
1369122072510	14	14	182	show
1367198554243	1	791	168	click
1367860367512	129	71	459	click
1369951115055	101	546	138	click
1367715874729	54	231	409	show
1374079165755	54	567	85	click
1369287810330	76	708	453	show
1367783453505	82	397	122	click
1372924801054	111	119	321	show
1371989278577	9	129	125	click
1366811691315	26	948	480	show
1369670340446	141	894	340	click
1370190620366	150	755	407	click
1373093851903	110	783	482	show
1373709113100	123	564	253	show
1366696199180	15	199	410	show
1373529560352	104	500	471	show
1372335980785	85	33	91	click
1369969247148	94	940	420	click
1367512167118	106	678	155	click
1372787792431	83	502	86	click
1369056188038	116	406	281	click
1374125507329	128	575	18	click
1373668989278	4	111	317	click
1367165345097	30	726	207	show
1374178626045	83	878	410	click
1367866282845	46	389	350	show
1368696388476	64	20	36	show
1367813699278	105	942	185	click
1367595892812	8	886	111	show
1368911145722	142	197	91	show
1366929162057	147	628	166	show
1368822769823	71	937	396	click
1372347352266	110	203	225	show
1366791298012	79	736	228	show
1370568366554	140	676	321	click
1373873708148	47	636	420	click
1369933718044	108	806	172	click
1371552708587	14	72	375	click
1368619585988	119	95	304	click
1368700469762	124	581	272	click
1367908430981	90	53	184	show
1369546182589	9	692	65	click
1373732932686	148	884	324	click
1367307103150	95	755	459	click
1370789102683	127	235	37	click
1369105348190	139	313	290	click
1370205883375	107	328	10	click
1369316859832	117	228	410	click
1366938686596	72	689	433	show
1366891181251	34	947	381	click
1367104346694	27	752	11	show
1369528378612	75	75	281	show
1373786236157	88	477	47	click
1366541194073	147	297	113	show
1368605372081	102	716	36	show
1368879524939	8	687	465	click
1373150815943	128	406	209	click
1370764721860	72	885	211	show
1368979237604	82	497	441	click
1370087969419	31	579	13	click
1367712973767	26	206	151	click
1373486208098	145	243	249	click
1373540366786	38	403	453	show
1374186823794	79	865	470	click
1367400248685	117	459	388	show
1371080732098	59	563	299	click
1369579124018	15	525	457	show
1373997820090	35	95	164	show
1369309782061	23	547	145	click
1368078210501	121	714	203	click
1369523834329	2	637	435	show
1367822708384	125	95	70	show
1374023186787	97	535	211	click
1369493721475	72	267	96	click
1373974623245	81	221	259	show
1372334981895	134	898	115	show
1373941891525	37	275	32	show
1366571387175	10	962	146	show
1371403066993	111	539	213	show
1369730693694	50	607	171	click
1367674430175	118	424	60	show
1367204101342	2	108	104	show
1367051898854	101	882	244	show
1371895335625	136	431	188	click
1369957764155	87	118	160	click
1368490267750	55	349	467	click
1370580801577	61	739	129	click
1371212553642	18	39	365	click
1367846341299	101	190	35	click
1369549073936	22	909	362	show
1368159381433	49	148	231	click
1367589157143	123	249	254	show
1372235525504	47	72	390	show
1372160621661	122	843	192	show
1366748078472	58	35	485	click
1372291496583	18	578	259	show
1369150201226	82	662	228	click
1372776350192	78	400	441	show
1370709051584	90	635	378	click
1373205146656	115	890	233	click
1370762714585	103	928	181	click
1373343092801	72	291	123	click
1369224716079	23	289	330	click
1367127713248	16	14	436	click
1370398256580	73	789	236	show
1370139421221	127	432	419	show
1371172299542	58	260	158	show
1368505537797	52	624	84	show
1373535729317	47	83	117	click
1368146194125	84	677	145	click
1371206943382	114	529	329	click
1373075429117	95	786	289	show
1370524683898	13	490	132	click
1371204338056	9	835	410	show
1368274116151	21	182	82	show
1370756372621	89	755	234	show
1373887765310	123	344	143	click
1371951332917	73	676	101	click
1370258233581	139	36	14	click
1366383543234	3	290	232	click
1370476963977	1	460	376	show
1373185978259	145	194	465	show
1367047549737	3	989	430	show
1367181124868	102	111	245	show
1372755132736	77	369	70	click
1367065088041	16	991	233	click
1369165597013	100	895	223	show
1370264617864	15	996	95	click
1368842750366	144	668	493	click
1368674556957	10	894	345	show
1369141621828	16	88	365	click
1368231728256	14	687	216	show
1372668983862	125	21	434	click
1368870387957	79	223	494	show
1369498697296	145	729	359	show
1369656470964	81	86	377	show
1372197673422	27	58	248	click
1366843904498	137	89	393	show
1370860609999	136	799	495	show
1371204865656	8	877	157	show
1370850828791	92	998	466	show
1370084972295	95	151	377	click
1371779144464	42	861	206	click
1367704746105	131	109	386	click
1374052811268	131	965	131	click
1371090943806	85	32	409	click
1373967006890	50	678	438	click
1367461464034	141	550	192	click
1366820502894	100	699	206	show
1370500983177	143	627	385	show
1372910301666	3	473	148	click
1366659490840	37	362	309	show
1370844315546	14	416	323	show
1370512467198	47	203	344	click
1368091698647	127	138	98	show
1368734265550	34	260	80	click
1372894383390	107	23	134	click
1368610327091	93	518	262	show
1371663476756	51	864	109	click
1373524587094	47	728	218	click
1367581042043	65	825	125	show
1371772562396	44	376	144	click
1366792013055	71	513	20	click
1370151655307	19	100	248	click
1370950113762	10	958	260	click
1369421229229	65	726	457	show
1368466428052	39	519	18	show
1366470146858	88	279	208	show
1367501158794	76	394	418	click
1369503080062	17	534	219	click
1366732877335	88	868	101	show
1373199264322	92	11	409	show
1369304926460	42	131	320	click
1370239187679	4	19	496	show
1369134090245	86	422	184	show
1371980289907	65	871	460	click
1373056378487	127	907	118	show
1370190801502	33	225	193	click
1367662938460	128	263	104	show
1367882006507	62	873	324	show
1371784902685	125	502	192	click
1373355109776	88	369	361	click
1373716409368	36	796	280	show
1369279418690	77	516	75	click
1368564099218	73	755	70	show
1370669336789	114	576	204	click
1371703121179	54	822	29	show
1366582310065	52	108	307	show
1367536625962	58	714	119	show
1369591876761	107	11	156	show
1368224452737	45	886	18	show
1374012598768	138	287	127	show
1373775167018	131	89	340	show
1367484726649	12	587	259	show
1369125426257	136	761	402	click
1368919591889	28	23	9	show
1367113791396	138	599	74	show
1370163728782	82	692	136	show
1373995345338	15	273	496	click
1373514298092	10	762	87	show
1371933317657	29	712	309	click
1368112168765	62	438	67	show
1367817476298	52	537	485	show
1372598622269	56	35	321	click
1371034910152	12	782	100	show
1370899790785	127	40	15	click
1369009071780	73	477	107	click
1370335940361	88	97	99	show
1371592193845	46	195	184	click
1371023446940	132	828	168	click
1372194873550	20	225	498	show
1370635065369	27	700	422	click
1367946417653	140	980	183	show
1368064542904	61	435	106	show
1370342527059	81	876	149	show
1369320374699	22	331	152	click
1370335727997	30	349	177	click
1372316848673	150	54	396	click
1371614526186	143	585	22	show
1369253304322	150	811	396	click
1372442441518	138	966	268	click
1369017506863	122	124	343	click
1374041178342	64	77	92	click
1367511316039	102	193	141	show
1371473784400	6	743	145	click
1373132955659	35	908	188	click
1370739442585	8	809	412	show
1372685580002	106	815	430	click
1367467244850	66	596	287	show
1368539361994	54	109	384	click
1366670516826	111	573	250	click
1366862746619	2	955	125	click
1372247696064	78	57	140	show
1370538729749	128	19	173	click
1370336848889	8	807	352	show
1367893056048	13	456	326	show
1367993386604	107	486	185	show
1370693258344	9	750	27	click
1368256242718	25	670	327	click
1373858412685	150	421	198	click
1373501555395	32	545	28	show
1368065156141	1	804	185	click
1370638043799	95	850	41	click
1370531919299	88	424	338	click
1373559535077	52	670	281	show
1372917897485	81	247	333	click
1370909105392	58	153	180	show
1373203451501	127	585	194	click
1368404261320	127	235	63	show
1370352409646	144	740	11	click
1367611384861	14	619	255	show
1367141676410	141	847	446	click
1370664868422	12	564	53	show
1367169994392	89	394	179	click
1370726914610	57	369	404	click
1368450650063	80	466	326	show
1366687684835	133	599	484	show
1373381829448	148	391	272	click
1373783504004	49	294	312	show
1369691723875	100	325	351	click
1366489189628	61	656	290	show
1367535255014	108	210	149	show
1373492219833	25	282	354	click
1366842106365	31	6	335	show
1371867891648	60	447	276	show
1374126515995	112	234	175	click
1371366082811	78	687	113	show
1370504091524	119	593	344	show
1368781329640	1	140	50	show
1367996195772	69	857	183	show
1369449438515	66	964	498	click
1367059806411	88	387	61	show
1373446935459	96	664	69	show
1370863193923	114	573	372	show
1371643332143	55	465	432	show
1368326533056	91	261	322	show
1370622168092	56	306	420	show
1369799316520	81	783	303	click
1373088304611	98	619	113	show
1370681067566	70	826	256	click
1370982917833	57	746	244	show
1373983422536	100	66	43	click
1369010294821	41	337	238	click
1370862983217	53	514	100	click
1366582747423	109	697	345	click
1367472827794	107	536	101	show
1372027458326	81	707	9	show
1369535040710	60	948	497	show
1366787117124	127	783	295	show
1367710389172	119	348	242	show
1369650286160	56	55	270	click
1371943807949	31	359	43	show
1373170239427	44	408	44	click
1370935108239	56	974	117	click
1366585171248	90	321	343	click
1370609516219	55	92	326	click
1369311846559	12	145	443	show
1368286269889	91	444	324	click
1367114593601	53	281	494	show
1374176363417	52	241	381	click
1367133659143	91	672	460	show
1366828531595	28	904	41	show
1368906551488	85	667	119	show
1373936485360	23	778	91	show
1367051948080	111	15	475	click
1371753635581	92	243	65	show
1372629156603	134	334	493	click
1371272137057	13	754	417	show
1372476489321	58	590	432	click
1369833492345	16	867	239	click
1372063997147	77	977	443	show
1370654709486	19	349	251	show
1373747343791	18	981	175	click
1368765443154	55	41	490	click
1367464118854	138	747	149	show
1369947784519	58	893	412	show
1374036644517	69	49	260	show
1372199740659	65	720	152	click
1367301083433	42	588	342	click
1372620115620	147	470	356	click
1369155121929	127	225	35	show
1366870446046	31	997	5	show
1370244579012	130	545	84	show
1370416233041	69	197	237	click
1370726622459	93	891	277	show
1371568681374	111	487	22	click
1368481493941	117	654	370	click
1367852964094	62	192	496	show
1370717570800	103	6	72	click
1369099669176	88	310	175	click
1373047414439	12	480	488	click
1372066583103	84	263	369	click
1367230267264	109	629	112	click
1368766109671	73	98	105	click
1366405696326	107	68	492	show
1373610859558	124	876	493	show
1372179018792	89	850	251	click
1367313404954	13	600	394	show
1370133308716	73	612	235	click
1367327921648	88	430	450	show
1367978388285	124	661	121	show
1370743148743	29	768	24	show
1374170925125	37	923	367	show
1367456571093	44	664	57	click
1366589213035	146	461	382	click
1370725022792	54	367	302	click
1369278364573	60	3	430	click
1367889237858	109	244	495	click
1369107894444	59	993	436	show
1369248247528	106	496	30	show
1369396650697	129	761	19	show
1374191039846	135	515	412	show
1371914225717	11	283	61	click
1369903302628	53	882	424	click
1373469396726	57	130	371	click
1371741475162	67	452	233	click
1370292669515	112	703	134	click
1367602840469	63	657	388	click
1372318381174	139	960	397	show
1371439270041	53	273	135	click
1370680320061	24	329	431	click
1370697651884	68	388	231	show
1368557449692	100	320	126	click
1369712294534	19	111	458	click
1367906373085	118	396	307	show
1371584062561	114	923	31	show
1367178298645	101	523	90	show
1369774686535	56	110	15	click
1370603526151	70	113	139	show
1373170062692	93	62	136	show
1371554151292	13	738	240	show
1373413046850	63	533	433	click
1370594017070	6	881	492	show
1371489396846	93	173	140	click
1369369006556	122	569	217	show
1370032134514	35	328	149	click
1366496332907	45	463	203	click
1372591591295	109	340	110	show
1367179732947	2	999	471	show
1370766487490	71	904	292	show
1373881717071	6	324	247	show
1367878723632	125	299	113	click
1372402780086	99	252	451	click
1373463223975	87	371	339	click
1366649296601	112	433	225	click
1370541728666	47	990	393	show
1370065707562	11	530	445	show
1372623667775	139	630	474	click
1370513438059	67	644	490	show
1373985302123	15	611	23	show
1366381211307	126	699	129	click
1369073734034	13	940	120	show
1374046066885	16	843	196	show
1369828270540	32	565	313	show
1370666043603	117	328	148	show
1368115337226	40	654	114	show
1367737287110	127	737	220	click
1368663171279	11	92	396	click
1368779071809	103	967	409	show
1368517113078	7	62	453	show
1371233388316	19	207	491	click
1370122274851	21	417	299	show
1370400466200	23	537	179	show
1373167331214	69	310	422	click
1370070861387	56	62	230	show
1370500783629	133	753	439	click
1366473038228	40	67	398	show
1368007234762	78	166	289	show
1372607668740	36	323	300	click
1366567785761	120	368	42	show
1367019473267	35	82	179	click
1368745384180	102	57	176	click
1367699585944	92	353	461	click
1368550762859	57	635	317	click
1372116321446	142	124	219	click
1370701380574	43	793	201	click
1366424821255	140	794	484	show
1372810402160	28	928	366	click
1370801072550	11	122	70	click
1370421978737	140	112	223	show
1373011262431	108	247	420	show
1373237079174	143	201	330	show
1370700430191	55	656	127	click
1369733194358	92	989	81	show
1371264019536	141	404	433	click
1368368418704	80	196	124	click
1372639943625	94	537	101	show
1368141994029	25	870	279	show
1366767971281	75	451	414	click
1368033148392	41	501	138	show
1366864906494	65	795	196	show
1368667684048	39	555	405	show
1368435783853	78	797	50	show
1367332254490	20	899	317	show
1371804418546	141	435	118	show
1368669094208	40	33	240	click
1372342999230	40	179	206	show
1368030667147	124	574	279	show
1372560415728	58	911	286	click
1369017307295	70	366	84	show
1369658548305	138	442	188	show
1372532085551	52	493	289	show
1368015771471	137	589	177	show
1371405347242	126	299	293	show
1371656630856	62	247	295	click
1369781538410	28	950	34	show
1367535012608	143	488	83	click
1369104468225	12	383	96	click
1373353457827	140	746	168	click
1373856383397	27	271	126	click
1374096620092	19	515	331	show
1370530282700	130	401	431	show
1372539148042	142	96	411	show
1373956832910	25	790	493	click
1372028002676	119	341	249	click
1367550890126	6	333	478	show
1373429784676	99	175	302	show
1368186920914	136	855	440	click
1367249302769	49	266	39	show
1368433684306	19	507	430	click
1367570014798	91	446	246	click
1368283440341	24	555	191	click
1368308262282	23	301	495	click
1369253961794	67	497	69	click
1371581672334	116	630	499	click
1373677083047	33	596	248	click
1373227788563	36	36	180	click
1373510216645	89	396	68	click
1366367848646	106	29	347	click
1373229906236	115	630	45	show
1372897663646	138	649	446	show
1371947709162	118	54	281	click
1370842192567	109	493	32	show
1367560883131	97	479	404	click
1369679468542	50	434	246	click
1370417280155	40	596	477	click
1370562291640	49	204	160	click
1367796722421	138	31	306	click
1370161181098	78	732	178	click
1368821852985	43	592	223	show
1371073892534	39	125	268	show
1368117655778	121	127	98	show
1367717481292	75	878	117	click
1368873671704	84	396	365	show
1371970691977	73	848	470	click
1368731435994	17	423	249	show
1373131893173	83	606	102	click
1366858815172	99	399	352	click
1374036706019	51	826	291	click
1367980189208	15	671	486	click
1370252274388	60	799	199	show
1373709047464	128	367	439	show
1373754362500	28	948	67	click
1373520723441	38	36	142	click
1369865325933	63	888	221	show
1366501955422	67	750	323	click
1368608201547	14	7	240	show
1366733427628	146	156	136	show
1368521846140	50	150	398	click
1366870749420	104	693	447	click
1372467229168	45	303	169	click
1371675116254	108	245	90	click
1371710219224	129	193	324	click
1373678090778	50	729	346	click
1367770772443	127	666	165	show
1374041745833	46	426	484	show
1368849591008	38	162	188	show
1367343603629	33	442	292	click
1366647231626	16	63	402	click
1374077097054	36	148	399	show
1368840887600	2	343	2	show
1372585930115	69	348	367	show
1373478955359	129	453	312	show
1374079267557	107	660	71	show
1369838988619	53	620	488	show
1371956661409	80	857	396	show
1372655691106	59	860	272	click
1366779499040	37	324	220	click
1373200411317	73	466	177	click
1371163763838	79	49	484	click
1372118669592	89	911	96	click
1373143121636	7	390	342	show
1373845225634	71	390	40	click
1372440485489	109	683	260	click
1368506853443	62	827	136	show
1373669330251	61	14	323	click
1366484843100	23	969	321	show
1371140954333	114	576	482	show
1372224996222	101	121	22	show
1369852499285	125	352	370	click
1372304782094	5	498	386	click
1369970975457	53	891	275	click
1369316435666	58	435	252	show
1369448406456	2	759	160	show
1370981314481	146	629	355	show
1372798265927	73	775	2	show
1372970298632	25	698	321	click
1368227683752	134	798	304	show
1372029034442	72	799	328	show
1368321774771	86	775	367	show
1367678436837	148	616	171	show
1373144350355	42	89	500	click
1373675265736	68	262	120	click
1367711262588	93	496	284	click
1366832943937	77	486	301	click
1373050766366	52	455	160	click
1368324219226	121	43	69	click
1374048646265	109	870	383	show
1372328583883	33	542	111	click
1369048459121	22	482	137	show
1371822019578	107	918	103	click
1366504036465	110	103	179	click
1367356941524	116	604	388	show
1372066843081	9	917	498	click
1374199531105	105	771	4	click
1368308857607	121	694	131	show
1369962979993	54	307	144	show
1368476611285	102	758	338	show
1369540066918	122	513	242	show
1372772971300	87	658	170	click
1372126489451	89	610	205	show
1372298868699	5	292	142	click
1371760988756	63	603	383	click
1373190076332	112	650	235	show
1371245765435	127	882	500	click
1366960978518	20	966	307	show
1373338705610	66	598	173	click
1366621766527	81	576	272	show
1366762363259	88	672	103	show
1369438914576	83	217	142	show
1368003054086	3	225	349	click
1370023862146	38	416	350	show
1370430888083	138	701	498	show
1372729721245	43	884	396	show
1372395334544	102	863	310	click
1372987469430	1	367	270	click
1373120199256	127	966	64	show
1368330013652	3	657	311	show
1369930144873	72	102	226	click
1369999518545	53	357	357	show
1367584528870	3	780	415	click
1370053174199	82	796	258	show
1372914954916	108	891	320	show
1366855194697	3	253	92	click
1370787476869	109	694	445	show
1369691429495	63	76	374	click
1368848875394	62	738	69	show
1370630222858	150	105	418	click
1371212053400	60	731	8	show
1366564739113	131	37	347	click
1370132420874	34	820	248	click
1372705402418	45	427	447	click
1366552170188	49	207	419	click
1367831951112	81	22	494	click
1366728763909	13	300	253	show
1368816598662	77	237	184	click
1366546194662	96	909	151	click
1372308308334	118	262	467	show
1368759358426	10	565	235	show
1370967928731	14	422	75	click
1371774253908	67	570	260	show
1373736018873	146	195	197	show
1368190130791	96	303	444	show
1371250490409	46	260	388	click
1366657238044	72	37	248	click
1372159196547	81	164	82	show
1366460285111	121	45	357	click
1369422948482	76	305	326	show
1367540112851	22	677	434	show
1369757460932	16	636	481	click
1367813086352	64	297	203	click
1366693762599	43	63	467	click
1368530249402	34	870	265	show
1368872469384	86	687	475	show
1366958500108	54	668	378	click
1374183268416	10	35	405	click
1367734458390	65	39	216	click
1372947288470	146	354	105	show
1373206159078	48	959	74	click
1366627084312	30	167	483	click
1373217927757	45	233	287	click
1372024628912	100	87	116	show
1372603457828	44	160	213	click
1370673015995	85	550	455	click
1373662668718	56	852	204	click
1370350449507	86	618	241	click
1371662049150	87	847	482	click
1368765382205	146	558	477	click
1370616298749	145	604	411	click
1369553672463	99	254	208	click
1367850595193	3	371	275	click
1370886952706	139	563	419	click
1373901452794	49	310	351	show
1366828195311	126	887	205	click
1366599621766	6	498	166	click
1370054384412	71	900	66	click
1374098666692	69	313	135	show
1368299067266	50	268	283	click
1373992767683	35	706	409	show
1369350904985	52	582	302	show
1369510832706	142	561	337	click
1367453486657	37	770	85	click
1370369734771	35	9	143	show
1372960621954	37	397	211	click
1366748955098	75	479	310	show
1371514263459	80	46	358	click
1368428583325	62	950	420	show
1373164490133	138	156	224	show
1371306716192	46	287	462	show
1370652805482	126	439	465	show
1369545098362	2	681	348	show
1370232762802	8	90	328	click
1371986276954	54	804	63	click
1372779151997	117	294	414	click
1370472816196	141	951	103	click
1366772961147	50	901	378	click
1371477648512	75	420	180	show
1368429815880	85	283	462	show
1366952905451	32	376	148	click
1367536325566	122	115	368	click
1368719956429	34	986	337	click
1370443210120	47	690	139	show
1369327859446	107	82	304	click
1368329800059	11	918	294	show
1366699019621	116	222	191	show
1373689746127	62	699	56	show
1367707276214	50	164	432	show
1372950826335	93	860	389	click
1373500292864	132	139	476	click
1367393932573	116	724	498	show
1371136272007	51	418	250	show
1370317628026	111	681	262	click
1370633723530	119	514	322	show
1370919937648	80	54	183	click
1371775951229	40	751	448	click
1372991211109	79	129	373	click
1372982982001	33	752	461	show
1368865676749	38	459	457	click
1372988631427	2	633	276	show
1372555243572	19	514	441	click
1370476116982	81	219	2	click
1372522547121	23	163	486	click
1372291296295	3	943	284	click
1368129577249	7	199	302	click
1374073570876	25	505	105	show
1369850320838	140	417	426	show
1372136135657	139	619	140	show
1372221313251	6	87	166	show
1371493723740	31	757	203	show
1368758234648	139	594	115	click
1367539190818	122	924	316	click
1373601805762	25	425	267	show
1371626727087	106	227	212	click
1370969302575	65	73	105	click
1367657612897	9	180	231	show
1367753788909	41	687	294	show
1373215071656	7	981	243	show
1369894753555	88	702	498	show
1368296653370	78	247	300	click
1374043711267	100	963	20	click
1368882715523	119	294	362	click
1368414564755	7	723	240	click
1369243918509	4	330	307	click
1371675562781	23	839	93	click
1369643026208	57	461	434	click
1371234972468	35	998	360	show
1367063458022	99	979	26	show
1366535020062	77	949	229	click
1368479207844	115	320	15	show
1370788848414	50	646	120	click
1372809550163	143	502	243	show
1368642383630	42	352	124	click
1372904530807	32	499	329	click
1366731235258	89	449	231	click
1372983520895	20	462	111	click
1369139894232	68	655	396	show
1372065090704	117	849	274	show
1370708032385	132	481	148	click
1374149810848	148	421	479	click
1371614737055	143	556	165	click
1369140309993	133	63	380	click
1373390005126	144	573	12	click
1368212354181	36	232	21	click
1370556260016	8	905	231	show
1367770489504	53	236	270	click
1371089758040	67	112	225	click
1367271951021	32	565	329	show
1369049920191	57	270	128	click
1373768577487	125	724	19	click
1368566227448	103	917	8	click
1371048560120	84	714	299	show
1371729596460	63	206	78	show
1368443803501	76	198	50	click
1368592437555	39	737	438	click
1371645711746	134	103	92	click
1372279481859	97	586	500	show
1372241959971	74	623	401	click
1367350804764	37	443	54	show
1366344611547	62	969	205	show
1367488319928	102	54	445	click
1374085673470	73	864	122	click
1374132787676	1	210	226	show
1373808346130	84	857	335	click
1371114340700	24	661	386	click
1371195819470	16	243	232	show
1370572044694	135	620	110	show
1372439674833	83	780	67	show
1373591862973	36	806	182	show
1367374958433	24	356	224	click
1370857517856	129	44	226	click
1366698887598	73	683	200	click
1371551391811	103	932	337	click
1372469324975	3	76	499	show
1372909036198	121	320	431	show
1368739747485	6	595	134	click
1369134544935	1	265	464	click
1367414893533	73	716	480	click
1372012869430	15	213	340	click
1367808478218	82	663	59	show
1366495798465	131	586	73	click
1372301750967	136	356	441	show
1373046536169	34	260	432	show
1368187493565	44	260	222	show
1371469349511	26	703	313	click
1369430330627	62	930	457	click
1366894133176	95	740	232	click
1367279110471	122	916	225	click
1367634969505	15	12	215	click
1371759394880	77	87	261	show
1369536157484	22	962	340	show
1369150941428	52	786	49	click
1374146317968	73	262	38	show
1369337904066	72	266	27	click
1371530312340	145	604	481	show
1368162977548	33	237	445	show
1371610824663	93	266	315	click
1372527130405	21	546	190	show
1367364576472	104	80	439	show
1370431709087	77	782	465	show
1368048184970	23	107	455	show
1369783337954	26	735	293	show
1366516581124	121	274	141	click
1366354628452	36	400	482	click
1372829246091	146	779	424	click
1367160465879	150	751	242	click
1368837945715	113	779	188	show
1370240677923	94	290	377	click
1370068074821	28	333	115	click
1372561914626	56	485	225	show
1367697404278	135	782	47	show
1374063579000	77	524	159	show
1372993706285	57	125	381	click
1366531985606	75	714	213	show
1370574721001	40	162	299	click
1373365595470	29	336	5	show
1370564846738	119	562	210	show
1370275277780	43	822	342	click
1373855308004	99	631	404	click
1367024669495	99	239	46	show
1371472222387	90	759	40	show
1371507650656	29	193	65	click
1369255817849	124	242	86	show
1368147501677	58	177	141	show
1366881837075	103	543	165	click
1369300326250	43	100	102	click
1370213415360	8	314	45	show
1366970812436	75	732	432	show
1369049531385	71	430	33	click
1368203796362	87	551	44	show
1368336153350	95	241	455	show
1367510792488	9	467	341	show
1370293181892	60	843	382	click
1368456699236	25	855	235	show
1366866504558	24	485	493	show
1374023414007	28	806	206	show
1367067093668	73	481	11	click
1372328357682	71	775	329	click
1372174422438	54	515	112	show
1373646183610	37	608	377	click
1369853388118	92	814	304	click
1371783676825	106	869	331	click
1368383024196	132	448	465	click
1371079041491	97	381	21	show
1371855470874	105	993	415	show
1372619477874	136	928	262	show
1367230605901	126	870	297	click
1371152038245	18	135	364	click
1373519286898	111	674	439	show
1370494794439	110	318	177	show
1371811827367	19	282	169	click
1372153679358	77	186	89	show
1366759430980	140	897	131	click
1367042234593	27	19	454	show
1372027747594	104	621	446	show
1366575859605	33	774	489	click
1369570808074	90	19	390	click
1373169520679	46	209	275	show
1370075676947	92	100	15	click
1368041160227	14	721	476	show
1372630772227	87	154	321	click
1373407714714	7	975	46	show
1366780212794	144	95	102	show
1367033445509	31	94	428	show
1366955791271	143	703	175	show
1368283950507	31	980	419	click
1369418524406	102	787	102	click
1372892252326	147	866	355	show
1370287359095	85	219	190	click
1372428638264	4	2	415	click
1372075719700	73	325	390	click
1368080841092	145	91	381	click
1366841236264	140	926	370	click
1370843742595	12	759	183	click
1367290067144	107	203	488	click
1369104018436	3	837	78	show
1371371730505	9	296	169	click
1368397700813	138	681	279	click
1368816949850	8	442	237	show
1368837505514	142	562	307	click
1366734638178	4	124	219	click
1368231348251	147	42	479	show
1373134192828	52	741	165	click
1369327125765	52	658	467	show
1371241272435	132	947	125	show
1367076157507	91	576	355	show
1368829521772	54	749	191	click
1369357212493	7	163	192	click
1371176789773	83	432	461	click
1372592519593	61	315	242	show
1370487399811	146	773	495	show
1370699130877	113	829	244	click
1367879381582	61	584	474	click
1369887190837	92	615	487	show
1373346694369	143	241	319	click
1369675366554	66	577	319	click
1366764867648	12	931	497	click
1370422732883	132	171	200	click
1369713444703	38	970	347	click
1374074711500	104	675	160	click
1372460692081	90	823	415	click
1369485459394	25	168	263	click
1369331604076	108	598	245	click
1367924769791	116	970	467	click
1373571240340	82	201	40	show
1372418030840	130	415	101	click
1370085283150	102	26	401	click
1368166037187	12	930	463	show
1369507832354	49	503	367	show
1370539285717	59	690	78	show
1367436421971	51	55	125	show
1371596974698	77	98	368	show
1368630076894	127	572	450	show
1373889793018	106	676	96	show
1367016697361	62	345	278	show
1370592182225	77	533	150	show
1369148092411	89	179	246	click
1370923763243	38	319	443	click
1369825578810	28	869	98	show
1373392604729	83	532	484	show
1368292206077	26	372	297	show
1374034210217	137	98	210	click
1369989848126	128	205	3	click
1374197429137	138	225	76	click
1371951738902	9	817	230	show
1370686519470	11	314	135	show
1366686425895	44	287	111	show
1370514110682	37	11	157	click
1370752774630	116	463	75	click
1370869261348	111	641	430	click
1369936487234	9	356	467	show
1369310714654	11	214	288	click
1369435133416	28	41	141	click
1373247164044	126	303	346	show
1371473844830	47	869	158	show
1371736697883	121	443	437	click
1371061111567	134	649	165	click
1370054766208	147	198	173	click
1366438997515	139	326	483	click
1371974388732	102	623	154	show
1373083260131	93	38	230	show
1369735318738	24	313	260	click
1370163421843	65	326	2	click
1370289989996	11	287	447	click
1372308871003	85	266	241	click
1370145053442	116	89	227	click
1368171922790	35	951	28	show
1366387493510	100	908	153	show
1373570668791	141	556	91	click
1371257790742	63	698	296	click
1372696700240	89	930	376	click
1370252797837	97	644	451	show
1370312390501	55	154	171	click
1368758583866	104	513	262	show
1373054254288	144	844	35	show
1370989901886	92	531	118	click
1368017849302	87	905	369	show
1370099259537	79	540	161	show
1371318915160	136	54	315	show
1371390292185	53	59	474	show
1371818219629	8	574	32	click
1372645616936	120	131	257	show
1371885405398	46	862	477	click
1373768597233	58	206	288	show
1371230553099	23	490	303	show
1373976655832	130	173	274	show
1368840515116	84	688	61	click
1368571257937	61	200	191	click
1370002774804	99	338	196	click
1369849501633	133	143	191	click
1367796691482	16	16	493	show
1371470126959	85	672	185	show
1372965610873	28	392	357	show
1371067933383	149	275	209	click
1370088046838	110	876	236	show
1373875302874	132	710	111	click
1373282895717	88	837	125	click
1370903089397	35	20	133	click
1372512223219	3	698	207	show
1367272559239	38	188	279	show
1370199971236	144	951	310	click
1368670848290	132	736	63	click
1367977314697	26	3	199	show
1366942824382	87	602	68	show
1372617272611	21	153	490	click
1370492459834	139	76	27	show
1369992556194	87	985	72	show
1370410591765	72	420	48	show
1369413300531	33	869	73	click
1367117008099	112	224	49	show
1371345926018	55	602	461	show
1373314880949	51	684	36	show
1370073840983	2	490	38	show
1366593966060	93	26	371	click
1373683963269	72	379	56	show
1370891494406	2	781	150	click
1369554125584	36	861	346	show
1368263133032	142	780	168	show
1369365427082	128	901	54	show
1369945863471	98	575	340	click
1366644552748	129	867	127	show
1366362954980	102	401	391	click
1368637666343	63	19	304	show
1367109589133	13	640	9	show
1369937368646	83	597	9	click
1366927502253	117	747	166	click
1372564522700	81	717	233	show
1369625188599	91	588	383	show
1371907839750	69	980	253	click
1374054044093	65	287	17	click
1373084489940	121	280	234	show
1374131624312	3	258	247	show
1374154031571	149	827	104	click
1366772069045	33	748	351	show
1369725807055	114	277	400	show
1372433607512	13	749	409	click
1369788445773	132	756	283	show
1367449542930	52	540	500	click
1366451720841	148	960	49	show
1367016389462	143	5	464	click
1373243363647	46	950	343	show
1367095161946	112	36	264	click
1366746641773	136	87	497	show
1367883269167	41	681	327	show
1369752200553	143	880	188	show
1373435797750	146	379	312	click
1366601576762	66	251	285	click
1367544355846	6	926	221	show
1371886690435	92	927	364	show
1368956154145	76	375	430	show
1373140202302	136	574	389	show
1367768457082	136	476	26	click
1369266014201	101	498	200	show
1373164749852	1	195	376	click
1368541925770	31	685	147	click
1371602644187	144	547	462	show
1372691278079	75	852	360	show
1371652563800	72	34	231	show
1370215051514	52	572	149	click
1374108980394	143	13	252	show
1369280921257	133	272	37	click
1368252493057	125	349	49	show
1370399076682	94	749	390	show
1372269625187	80	444	311	click
1373074716399	48	141	200	click
1370481211923	143	720	404	click
1367315501529	74	942	189	click
1371347966023	5	67	310	show
1366905535291	108	450	383	click
1371704148214	1	719	68	click
1367388037104	60	40	201	show
1368071396732	43	369	198	click
1373914361216	79	709	338	show
1373305924143	44	40	186	show
1368560070529	78	25	485	show
1367977585415	137	184	244	click
1370738598796	138	168	478	show
1373810880626	120	385	92	show
1366385050607	71	991	95	show
1368537109846	114	976	476	click
1367373758663	28	238	83	show
1367556684422	47	22	172	click
1371366987187	50	522	109	show
1368130527023	112	140	9	show
1369751442411	136	184	461	show
1368219449117	116	935	317	click
1368069145810	9	870	236	show
1369786400579	62	89	227	click
1373037962054	11	949	85	show
1370255903626	86	445	320	click
1366632796903	74	689	64	click
1367717756193	131	971	361	show
1373934127076	77	734	35	click
1372297505794	112	327	163	show
1369891530162	126	312	349	show
1371142992379	74	897	351	show
1367928325643	35	282	266	click
1374078665497	109	583	369	show
1367472391853	2	758	99	click
1372762806975	51	295	115	show
1373497631086	41	754	147	show
1369304658371	69	209	207	show
1368429399217	42	274	101	click
1366671691226	71	539	157	show
1370539077576	137	504	192	click
1366405172823	87	552	419	show
1368928695756	24	925	247	click
1372134936586	121	732	396	click
1374000661997	41	425	144	show
1373908305843	73	904	82	show
1366887926762	65	402	88	click
1372925324040	24	51	261	click
1372492392828	57	741	194	show
1372773490263	15	272	121	show
1370227916491	61	444	229	click
1370679561892	51	681	39	click
1371229650280	53	729	79	show
1370565673657	42	642	66	show
1373378927511	124	650	353	click
1370582517020	56	94	454	click
1371804468458	146	978	20	show
1368491908443	116	678	299	show
1374170746228	117	988	183	show
1368252080542	146	264	37	show
1366509782077	128	864	23	click
1367409300155	113	212	253	show
1372353403973	15	869	272	click
1368203010845	119	221	64	click
1368032251756	55	219	60	click
1374029242514	122	897	142	click
1371498362580	35	905	346	click
1370040810491	82	448	312	click
1369016230155	59	116	396	show
1367196829346	105	2	453	click
1373325761020	146	885	363	show
1369471969564	131	749	165	click
1374015352459	81	456	456	click
1370334454678	59	814	438	click
1370088632877	49	189	105	show
1373858481044	71	27	192	click
1367687721566	67	587	178	click
1371945204617	75	219	420	click
1368298681938	107	972	236	click
1366707902295	103	242	173	show
1367575997700	14	932	216	show
1370638540663	32	556	450	show
1367703687649	12	14	32	show
1373062632355	38	660	310	click
1369480074414	109	520	169	click
1369456590062	31	452	245	click
1367259925380	73	445	308	show
1372619872273	111	30	19	click
1368216097021	124	119	476	show
1367197950858	57	777	83	show
1371418717072	51	875	403	show
1367533540763	52	601	476	click
1369138670137	38	613	230	click
1371763160096	35	607	125	show
1373132944409	86	869	438	click
1368084742297	12	416	25	click
1366928904141	57	593	468	click
1368392355586	57	622	472	click
1367389151322	103	745	175	show
1373448491209	146	705	249	click
1370197463470	102	890	100	show
1367585712580	19	126	402	click
1369408571563	44	940	441	click
1372492168862	67	163	278	click
1372720767088	58	344	499	click
1369632304326	143	296	435	show
1370445561875	144	143	68	click
1371207273256	130	866	175	click
1370061180884	116	590	292	click
1373763096227	19	382	220	show
1366859738560	115	343	421	click
1368783411674	143	151	210	show
1367316045055	112	941	133	show
1369793463973	75	723	131	click
1370684957549	38	613	335	show
1368408763545	133	305	174	show
1368220357823	80	335	258	click
1370161161441	7	158	11	show
1368251318183	8	160	473	click
1368467738254	4	705	348	show
1374040278265	25	702	373	click
1370114097405	117	697	298	click
1371333219835	99	417	354	show
1369210736080	42	412	255	click
1371819132981	73	467	355	click
1366906893706	3	156	431	show
1369181023201	24	956	424	click
1370625828944	129	136	290	show
1366904642912	76	201	162	show
1368673385991	149	530	214	click
1373742876805	28	353	404	show
1371715567326	6	8	445	show
1366904490398	129	995	256	click
1372540930513	57	593	274	show
1372204504745	63	631	384	show
1366753306453	113	476	464	click
1367314784513	120	24	357	show
1371536963532	41	610	429	show
1373316327196	19	936	221	show
1371354768611	89	233	469	click
1372112538728	17	157	286	click
1367058173722	99	46	301	show
1373756632747	56	715	29	click
1367976154710	8	517	243	show
1368107003784	46	62	313	show
1366582194558	9	618	142	click
1372857922647	9	702	435	click
1367171074966	9	532	166	click
1372403108597	44	37	208	show
1372323322213	31	293	272	click
1367671938527	91	155	73	click
1368253345787	57	612	57	show
1373160020294	8	74	449	click
1371382441788	86	907	54	show
1372152183359	69	427	182	click
1367596754287	75	269	464	click
1366464006246	150	611	73	click
1373530402099	53	607	168	show
1372364118197	106	498	276	show
1369230902202	98	400	173	show
1373479737781	143	776	430	show
1371589471412	104	629	149	show
1368535065971	92	958	368	click
1367063270187	66	753	404	show
1368939852232	66	738	261	click
1372777089255	89	397	265	click
1371623822462	23	583	331	show
1371691492404	40	675	46	show
1370568871931	127	677	186	show
1368938725768	97	280	424	show
1369328176588	109	933	453	click
1368560642456	72	671	42	click
1370839683136	10	966	284	show
1367134073330	57	775	142	show
1372085994382	124	889	227	click
1372862183882	101	622	186	click
1373964397225	2	491	11	click
1373185640265	23	512	294	click
1369373642428	139	68	259	click
1368637701435	133	545	470	click
1371844689121	138	55	284	click
1368323504813	45	837	45	click
1373652647468	65	634	138	show
1373049899322	79	100	197	show
1366924827507	121	815	438	show
1373181194441	140	810	29	show
1369977365207	11	94	238	show
1372641640822	12	591	140	click
1373705958604	21	580	161	show
1368325599600	145	876	70	click
1372019832600	62	167	73	click
1373832637209	123	576	173	show
1368212134416	33	713	300	show
1372287666249	90	551	69	click
1372460842917	145	382	97	click
1372751743752	38	776	199	click
1369577942136	117	6	272	show
1371450626460	146	90	247	click
1371469550623	29	356	10	click
1371578446799	7	59	373	click
1369571297585	57	22	205	show
1371689738314	85	547	138	click
1369515989007	86	633	235	click
1369813604326	19	365	284	click
1373011752846	92	318	173	click
1372553500231	53	388	226	click
1371825655334	39	214	491	click
1367602077792	98	555	342	show
1367729409759	95	82	76	click
1371252846070	30	236	290	show
1370667368523	70	165	78	show
1371084063249	24	717	396	show
1369208159983	20	663	271	show
1371114856092	1	753	382	show
1366398907306	24	610	357	click
1369462412665	82	905	2	show
1369888643770	51	533	487	click
1370337388104	45	2	190	show
1369702084850	47	532	39	click
1369485449883	52	557	178	click
1366932119120	127	514	293	show
1373711139886	52	211	251	show
1373296003421	38	518	266	show
1369581180531	83	506	487	show
1373339181756	74	538	233	show
1370348656519	20	590	276	show
1366957333217	99	933	428	show
1369976121931	39	40	54	click
1370071842272	66	898	102	show
1371478820691	100	646	486	show
1373860978296	76	836	299	click
1366943257690	76	913	175	click
1369287050646	71	501	400	click
1370489674886	81	675	171	show
1368793159683	28	184	122	show
1372744164000	22	413	158	click
1366555824044	62	953	294	click
1367183945619	39	605	427	click
1371146414000	29	616	373	show
1370991171358	128	391	270	show
1369369371523	105	589	306	show
1371892506545	109	921	27	show
1370847626610	6	9	57	click
1372867984431	19	213	272	click
1372947420803	33	66	368	show
1370260243832	25	864	342	click
1367753945095	59	541	174	show
1371099318780	17	294	184	click
1370966895135	54	810	212	show
1366361000273	142	812	356	click
1368443148819	108	35	177	click
1367060197124	131	960	327	show
1371726259879	9	471	121	click
1372521386060	27	764	351	show
1368644587229	140	132	108	show
1370432651879	131	396	255	click
1372682316326	86	754	148	show
1372697078893	90	78	466	click
1371903528725	57	760	405	click
1369950968096	131	9	320	show
1373491584349	88	619	303	show
1373890026186	81	142	58	show
1366896589176	106	979	495	click
1371442602176	138	978	185	click
1367464591578	25	396	185	show
1369788860945	10	411	465	show
1372599505187	6	523	214	click
1367743772748	79	42	105	click
1373446342941	125	927	415	click
1374057658995	5	87	292	click
1373457522066	108	762	14	show
1371459695789	3	326	102	show
1372515609148	144	332	373	show
1367495292924	24	885	1	show
1369759637074	77	25	470	show
1368903719763	62	498	129	show
1373830038915	91	432	372	click
1372407272230	94	516	233	show
1366636610513	130	661	144	show
1373208310716	32	538	79	show
1370256783703	135	228	448	show
1370705583718	15	495	388	click
1371177010662	16	187	214	click
1373528065797	92	161	336	show
1369437075024	37	759	454	click
1368695267181	92	549	187	click
1367119195929	93	331	182	click
1366632406775	97	364	349	show
1370448851742	115	662	318	show
1367388278540	21	961	316	click
1370835351255	65	211	372	show
1371448677369	18	990	461	show
1366913062584	47	895	126	click
1372579109080	103	767	236	show
1373352182829	121	314	342	click
1372438548369	63	147	146	show
1373899008699	18	77	272	click
1368465864830	103	511	30	click
1373547857201	140	762	22	click
1372140962187	117	761	472	show
1373910404502	42	82	467	click
1369304735209	72	434	67	click
1373331538969	57	168	218	click
1368953051765	127	415	144	click
1367040325232	120	989	497	show
1366616328841	96	296	264	show
1367919423177	105	102	463	show
1370193321619	147	810	200	click
1373877775477	109	874	423	show
1370452320342	16	867	209	show
1367887656353	62	896	109	show
1366978877291	51	709	346	show
1372083078869	137	984	298	click
1372706470213	18	828	476	show
1373183492494	105	993	102	click
1367260568085	45	351	219	show
1368549598685	20	561	79	click
1372407914463	44	674	122	show
1368965537498	67	841	235	show
1369925770882	125	634	281	show
1371344955057	36	5	464	click
1366593253219	40	591	120	show
1369303665493	108	857	235	click
1372462064260	141	590	131	click
1371568316633	140	309	418	show
1373767920766	19	230	303	click
1371305927652	52	447	180	click
1369308554338	49	490	142	show
1372505893993	77	236	112	show
1370833517464	144	354	192	show
1366424203700	87	616	259	click
1370222270954	13	630	491	show
1370352069249	54	843	253	show
1368256367214	17	839	74	show
1368800804294	118	174	415	show
1373594694859	44	382	227	show
1373907457382	126	987	80	show
1373181476503	133	275	459	click
1372082675334	78	256	247	show
1366630076575	86	83	341	show
1368253086311	86	625	306	show
1367292420683	62	520	261	click
1373655331814	30	794	84	show
1369646168369	149	690	254	click
1367807502016	116	975	87	show
1367437184767	47	797	343	click
1373579656959	76	253	458	click
1366972146152	138	212	498	click
1370102379732	15	625	121	click
1370619759659	98	209	98	click
1372282452486	34	154	2	show
1371183687698	140	47	160	click
1370499774721	103	265	21	show
1373798969035	8	463	267	click
1370420498363	72	511	273	show
1370820492125	13	738	330	show
1373297661177	143	930	203	click
1371862209877	116	98	425	click
1371782540294	68	390	191	click
1372245170286	105	222	226	click
1370766849588	134	515	484	show
1370217870490	21	643	246	click
1372663626323	111	757	356	show
1368440108005	77	424	263	click
1373276151073	50	775	194	show
1370428552131	23	238	217	show
1367064587007	132	311	313	click
1368516894983	141	233	341	click
1373380192446	126	680	363	click
1373331894976	33	405	294	click
1368280922772	97	168	304	click
1367605838545	134	615	273	show
1370568502215	134	657	142	click
1373388605771	83	693	452	click
1369630562412	106	219	122	show
1372212524522	57	573	312	show
1366434942331	74	323	221	show
1368927030363	2	425	36	show
1373574704775	87	948	60	click
1371061862600	58	444	6	show
1369520134221	42	259	431	show
1374136857710	19	227	63	click
1371936867503	20	230	464	click
1372773471656	95	816	465	show
1370684115442	40	734	161	show
1367604991573	113	84	244	click
1374067367517	2	840	296	show
1368841014970	24	816	37	click
1370826889560	112	959	37	show
1366436016086	4	155	347	show
1368094885654	50	48	493	click
1372770990648	121	301	205	click
1369810255209	84	750	74	click
1371541937442	102	45	145	click
1368849766367	135	549	51	show
1368110580576	7	885	145	click
1369923434659	119	575	91	show
1371329801083	45	854	301	click
1368951627885	110	282	229	click
1366701605948	49	153	310	click
1372217465133	146	61	132	click
1371766448330	140	173	175	show
1372590494347	148	234	337	click
1370791060790	72	575	356	click
1372817920061	43	143	392	show
1372840761408	104	508	206	click
1368135514485	61	279	445	click
1373232400717	47	543	275	show
1372976537674	125	238	130	click
1368054891436	105	899	7	click
1373893538825	21	119	83	show
1373036129886	80	469	166	show
1369772450076	46	631	100	show
1367529127881	10	780	327	click
1372801409220	148	680	67	click
1373062370080	31	83	22	click
1368751029699	26	181	422	click
1371150133983	107	949	75	click
1370538126718	93	989	475	show
1372539665351	59	579	253	click
1366648101328	66	715	133	show
1373456320469	67	239	171	show
1366797541241	82	146	475	click
1371086149590	140	470	409	click
1370945650794	88	377	360	show
1370426621047	86	703	427	show
1371646925144	18	44	159	show
1371769927825	8	512	278	click
1370317841669	141	313	418	show
1368026758793	20	467	428	click
1367770165521	70	14	345	show
1367355690845	78	869	491	click
1368314377995	92	209	20	click
1368530963980	146	408	80	show
1367357424490	13	334	356	click
1366556098079	112	186	132	show
1369556644505	56	541	377	click
1369720175008	74	642	38	click
1368468058120	127	423	230	show
1370498982668	79	968	451	show
1367320399953	148	262	286	show
1374036196802	102	835	236	show
1367450067611	33	168	371	show
1373471631006	36	137	437	show
1366838064142	124	397	57	show
1373996641527	40	652	36	show
1370317474237	126	876	97	show
1368508475014	36	756	131	show
1371788152559	50	811	405	click
1368952850684	8	256	384	click
1370485975376	52	895	190	click
1372894487297	150	213	222	click
1369969731428	150	931	138	show
1367030851033	130	788	56	show
1371959152584	70	925	480	click
1367660103059	46	500	258	click
1369215069644	85	727	206	show
1370926480494	75	459	275	click
1373781487799	96	133	472	show
1371882322139	133	878	146	click
1371615259452	121	940	263	click
1369622339214	42	780	98	click
1372620173849	91	144	383	click
1367254243336	95	635	62	click
1371065734523	35	357	330	click
1366487484358	127	332	104	show
1369237783039	47	262	287	show
1369969443820	96	977	234	click
1367121842129	101	647	172	show
1373144105031	91	283	297	click
1369082619230	29	178	129	click
1370366589991	115	712	10	click
1371632542599	125	108	158	click
1369210673178	143	964	210	show
1370683349745	122	500	69	click
1369058896134	71	697	447	show
1371923998330	119	73	342	click
1370601577780	53	845	13	show
1373703056551	99	435	376	show
1369567752838	117	306	165	show
1368377311921	70	985	277	show
1373738289807	4	614	304	click
1371914460997	94	22	279	click
1370351475613	149	15	335	show
1367028775824	150	616	122	show
1373827342506	132	976	456	click
1368936630954	3	259	78	show
1370305815564	83	215	369	show
1366959644902	100	117	175	click
1373538213910	86	321	470	click
1366921299173	63	675	396	show
1370105317815	44	265	468	click
1369559305142	98	630	463	click
1368483413494	96	940	340	click
1373420240913	134	446	460	show
1372897002856	98	535	454	click
1367958881747	32	160	98	show
1373649607985	42	21	93	show
1367475338478	88	481	267	show
1369853862756	65	245	91	show
1373008335351	14	925	17	show
1369713440227	126	494	367	click
1371355491667	86	345	170	click
1367377785789	41	599	123	show
1369489243874	136	788	238	click
1372635799191	114	538	68	show
1366895916762	25	970	445	click
1371899646437	143	700	343	click
1370409290956	47	762	167	click
1374122618674	42	209	36	click
1372254863614	110	951	77	show
1373423153325	57	958	56	click
1367141267285	7	781	340	show
1368899837517	45	247	282	show
1370952146562	93	631	102	show
1371249155417	68	230	341	show
1372430521121	68	636	122	click
1366453878729	40	228	219	click
1372105402302	106	847	493	show
1366703283168	36	942	257	show
1371318998635	12	499	439	click
1370775405389	89	451	451	click
1372799997336	42	63	460	show
1372812076293	46	604	233	show
1370181542483	56	440	262	show
1367927504639	25	312	357	show
1368455579377	111	315	490	click
1368365706077	109	819	320	click
1371802584855	132	610	143	click
1371289471817	53	995	223	show
1367912548168	4	774	175	show
1368870611417	15	340	338	click
1369658905136	64	90	112	click
1371340199649	46	5	358	show
1371145789742	124	449	114	show
1370706887151	92	46	460	click
1368394266466	32	305	68	click
1369647323841	87	922	338	click
1371595412651	86	48	457	show
1371512901204	54	880	286	click
1366451043773	149	168	408	click
1367905333639	76	659	134	click
1368746956735	144	575	296	show
1368136152109	59	174	412	click
1366344559896	48	930	157	show
1369000847042	5	216	269	click
1372736369700	97	826	229	click
1367728446166	68	151	49	click
1372789059156	56	825	70	click
1368824721757	108	31	46	show
1367774387300	67	125	141	show
1373571498422	11	722	429	click
1370870519435	131	866	72	click
1367577786138	7	375	101	show
1366342589321	122	529	134	click
1370173572967	57	843	242	click
1371076198358	17	731	246	show
1373805927779	84	950	154	click
1373983305364	150	367	228	show
1372828199449	12	816	12	click
1371911716814	18	37	55	show
1371840768948	22	292	131	click
1367842876664	72	858	379	click
1372319834840	108	368	316	click
1372025572872	6	656	48	show
1368430391513	14	371	269	click
1367636978052	97	702	33	click
1374197417817	123	662	102	click
1371032694852	6	989	184	click
1372903397776	78	448	466	show
1371052285656	142	917	78	show
1366816088447	15	993	338	click
1372894378000	21	99	367	click
1368109980850	121	293	53	show
1371915395530	124	182	136	show
1373676654875	131	345	41	click
1369189557068	48	222	184	click
1368234683930	99	202	9	click
1371231453764	30	279	493	click
1373883360709	67	122	466	click
1369677027081	82	60	128	show
1370161851102	129	210	99	show
1372002088800	53	15	294	show
1368109627046	93	402	316	click
1370851530753	25	498	184	click
1367746026311	89	435	147	click
1374175889179	90	836	208	click
1371516007337	21	801	468	show
1372310903686	124	219	53	show
1369771426315	3	793	442	show
1367085376192	121	495	20	show
1369690315889	105	757	444	click
1366775699856	104	865	271	click
1369337589158	66	365	143	show
1372902090476	8	924	421	click
1367764958380	113	805	155	click
1368373471482	92	320	286	show
1371346106949	140	524	140	show
1373401869508	13	617	220	show
1370957172160	15	812	343	click
1372938125894	81	616	228	show
1369723861896	75	23	96	show
1369018636652	86	614	332	click
1368439094970	34	850	462	click
1369894592014	109	321	198	show
1367550598868	88	592	484	click
1369115937227	10	10	149	click
1368234061710	97	949	83	show
1370424483634	119	782	443	show
1367650499097	117	257	498	click
1372608745005	63	867	149	click
1368696906550	146	484	400	click
1368993370282	115	166	267	click
1373318659567	136	416	184	show
1370467841338	147	853	105	click
1371547876250	29	420	145	click
1369663834403	147	158	372	show
1367411765453	54	872	292	show
1370019386964	82	215	31	show
1373954235767	129	993	315	show
1370067362670	93	740	297	click
1373617387240	68	544	274	show
1374026625417	84	61	443	show
1368719914264	75	265	156	show
1367874206495	21	323	392	click
1373524254707	83	398	277	click
1370546945156	45	941	199	click
1369062013412	39	982	431	click
1373697563928	26	922	349	click
1371381000808	81	867	223	show
1372345901842	146	800	44	show
1367982699745	14	708	483	show
1369839700517	38	773	228	click
1368722040552	58	880	414	show
1371119277866	31	903	398	show
1373048478226	105	222	147	click
1367140918436	53	179	283	click
1366715442959	109	136	476	show
1368288289911	92	153	274	click
1370754990288	64	53	163	show
1367324781958	87	754	146	click
1369815251052	71	527	25	click
1367945527999	113	397	495	click
1373067482221	1	194	74	click
1371299173923	79	167	158	click
1371101212556	36	522	121	click
1371921756579	12	408	135	click
1370600918641	90	435	390	show
1370040771541	109	525	493	click
1368375591629	59	315	224	show
1368193910428	61	374	486	show
1369110168357	142	79	480	click
1373093490682	142	683	233	click
1371531388666	90	425	415	click
1369346638487	60	276	320	click
1369512790805	108	781	16	show
1371286613704	82	666	262	click
1370054134726	77	531	353	show
1368911588098	65	308	235	click
1368766418937	68	981	257	show
1366460139996	81	841	316	click
1369081071358	31	384	464	show
1373777722503	37	555	306	show
1371829871147	5	193	140	click
1369638550475	71	437	447	show
1370756749686	7	864	292	show
1373090335533	25	775	147	click
1372998723605	94	53	92	click
1370653866900	83	400	303	show
1373060968105	112	375	453	show
1369473325212	143	5	83	click
1368382372451	2	686	153	show
1368790929653	87	2	116	show
1370140003844	147	788	114	click
1369623227215	40	688	25	show
1373842147082	138	937	51	click
1373809465398	1	406	381	click
1369032178222	95	555	460	click
1369373039830	88	971	253	click
1368647962409	110	399	187	click
1368326875438	84	937	91	click
1368237682811	114	697	348	show
1369471533114	132	33	31	show
1372293762476	35	206	169	click
1371661564667	23	253	365	show
1368023467980	119	744	430	click
1373180287510	36	586	470	show
1368805815740	85	378	4	show
1372529371543	116	260	406	click
1369700934310	120	288	31	show
1372111233887	35	412	238	click
1369976019618	96	620	377	click
1366513442863	72	49	77	show
1369145391191	12	645	375	show
1369729505961	7	410	281	show
1372461469726	149	660	457	show
1373258411316	29	988	13	click
1369206650596	143	572	287	show
1367861147034	8	533	367	show
1369125216637	123	929	15	click
1368316754377	67	739	406	show
1369486629876	1	85	40	click
1370743979384	112	824	17	show
1372437510782	1	9	475	click
1371915088491	36	928	360	show
1374100900355	132	128	21	show
1373447710224	34	521	116	click
1367170753958	117	897	152	click
1373348929841	105	278	233	show
1372344561684	138	504	49	show
1371443382131	105	217	117	show
1368368925498	27	776	440	show
1371493165575	71	596	282	click
1369735155444	122	239	366	click
1369809757613	85	15	203	click
1373538278908	22	546	424	show
1367991470627	136	857	346	click
1372208847277	31	25	443	show
1372450677264	80	894	429	show
1370914217998	62	330	236	click
1371009025747	10	454	238	click
1372039286267	83	523	238	show
1373740529594	59	783	3	show
1369568196659	116	745	67	show
1366351874890	78	496	68	click
1370454836824	11	587	405	show
1370706866852	28	223	57	click
1371075864788	46	51	212	show
1371487223793	97	870	224	show
1371826816853	33	381	347	show
1368388167031	36	986	241	show
1370264859195	60	109	448	click
1367305405890	93	982	181	show
1368671573486	105	38	467	click
1373704361244	78	310	200	click
1369787646728	86	436	304	show
1371999354335	43	129	234	show
1371106652714	128	505	279	show
1367654795051	41	318	164	click
1371406288916	31	113	136	click
1369948444017	30	361	254	click
1371372913379	141	753	169	click
1368271317063	113	286	405	click
1367745965438	50	967	149	show
1368527794258	41	653	381	show
1374028813890	68	154	331	click
1369668422644	115	406	280	show
1372237983022	44	119	58	click
1372730000086	33	45	440	show
1370849631556	71	438	82	show
1370392560082	88	22	71	show
1370897537919	20	74	344	click
1370250942845	101	110	121	show
1370334383463	85	375	366	click
1370654678745	67	705	323	click
1370779509074	33	631	203	show
1367414113726	117	931	307	click
1367715386140	18	351	419	click
1373081397994	91	836	39	show
1372744656491	55	615	262	show
1370678604298	129	310	140	click
1371100695255	40	24	326	click
1373129972883	16	526	296	click
1370135936429	125	514	25	click
1372648589780	101	204	29	show
1369328560031	147	616	274	show
1367000500136	50	569	295	click
1366741361088	89	770	69	show
1367935605222	96	281	395	show
1373464978885	132	393	26	click
1371560327093	56	317	21	show
1372345621794	59	62	233	show
1367477737790	80	166	255	click
1373205649791	104	252	315	show
1371237762567	67	715	186	click
1369073771401	63	57	319	click
1373021547700	101	760	440	show
1369545942146	118	68	391	click
1372202676966	112	924	261	click
1371228819253	136	608	319	click
1368758262547	47	836	58	click
1367155928265	78	414	334	show
1371104942555	74	724	368	show
1372351379610	6	487	218	show
1367301924106	106	179	243	click
1370788059902	130	15	437	click
1366855304383	96	927	255	show
1370894806681	7	445	62	click
1373682483908	107	317	432	click
1368360141194	64	300	385	show
1374071960913	144	15	330	click
1371781695003	115	848	103	click
1368242562806	53	465	246	show
1366796945376	5	771	84	show
1371540100418	120	886	99	show
1368184429435	83	818	28	show
1370588954452	5	637	352	click
1367080411371	122	104	73	click
1371032195171	14	647	1	show
1370724183016	135	633	86	click
1373047937318	123	615	108	show
1369174479539	105	77	110	click
1367116062371	22	452	204	click
1372160604816	95	491	356	show
1371081762515	147	211	281	show
1371956788351	29	593	159	click
1372880390499	13	903	98	click
1368599774240	24	700	254	click
1368492509598	125	294	459	show
1372431693016	126	586	290	show
1372085106931	70	798	40	show
1368640664362	95	513	69	show
1369056957937	53	774	93	click
1371561562331	101	109	456	show
1372430517797	141	446	43	click
1370117539206	94	972	41	show
1371557418129	28	514	278	click
1371148785049	92	820	73	click
1368330722875	48	421	24	click
1370873187458	54	399	13	click
1373033037970	139	672	273	show
1372998671409	70	873	227	show
1372410111656	126	129	266	click
1367861447911	88	46	29	show
1371251897893	7	12	347	show
1369572071109	121	637	496	click
1366850829239	129	578	277	click
1373928718737	12	908	171	show
1366563310906	73	41	422	show
1367810783516	125	840	392	show
1366838263858	27	473	151	click
1371792609293	37	648	390	show
1372008004360	34	632	76	show
1370870531693	89	53	198	show
1372105524575	9	629	10	click
1367784470928	5	582	87	show
1368393787552	126	54	401	show
1373408518381	72	504	88	show
1371005479256	87	161	466	click
1369645932577	29	241	375	show
1369689019766	26	792	419	click
1366557025475	128	968	470	show
1368388168802	23	472	125	show
1372009494201	31	66	182	show
1367612838533	123	287	315	show
1369890460003	34	332	454	click
1367851543180	25	633	340	click
1368288423057	55	974	368	click
1370526877907	23	126	493	click
1369278577560	107	45	478	click
1366513052694	12	731	411	show
1371385014973	14	599	203	click
1372902966341	52	817	91	click
1373281426647	11	799	212	show
1374093559447	90	543	426	show
1373650862009	122	761	327	click
1369538535861	6	182	431	show
1367966729500	7	512	366	click
1371861126461	89	961	409	show
1372876761284	102	886	268	click
1368107628724	122	772	260	show
1373867900074	100	508	300	show
1367083459407	21	109	317	click
1372973328418	19	927	362	click
1369179725042	21	660	406	show
1370761917137	122	886	94	show
1372348695553	16	28	179	click
1368202403888	92	289	496	show
1368605875135	102	985	253	show
1370721650083	117	372	171	show
1366359799849	61	820	283	show
1367200651167	76	100	473	show
1372006421712	126	887	256	click
1373299357706	121	811	500	click
1367677266418	71	528	404	show
1373376699310	112	36	176	show
1367696775033	86	290	121	click
1368496214492	141	609	129	click
1367099025597	35	952	169	show
1370731202872	136	785	478	click
1372323212821	99	961	108	click
1370493797921	149	460	486	show
1369646060865	128	855	350	click
1373441344066	49	736	206	click
1374078991020	123	778	233	click
1371200631718	41	471	198	show
1371542208221	11	263	491	show
1372717807200	130	160	16	click
1369698169605	43	527	309	click
1367939812783	1	311	442	click
1370945225877	98	330	416	show
1368894362191	113	253	428	show
1370932120820	93	582	189	show
1371663380444	21	446	155	show
1366601535583	104	336	437	click
1372663997671	109	662	398	click
1370026561844	149	456	498	show
1366609638246	78	614	42	show
1368230464020	46	947	79	click
1371552806748	73	103	367	show
1366426706004	96	570	222	click
1367081045893	58	657	285	show
1373254523157	115	634	417	click
1372054153712	49	549	23	click
1371251584693	78	730	89	show
1373700241310	15	879	254	click
1369999984993	74	550	262	click
1368040876651	82	508	19	click
1369277847255	18	2	339	show
1370415204137	112	687	243	click
1371658699423	36	539	352	show
1366434003160	106	402	494	click
1373315799944	39	456	96	show
1368195075410	120	877	167	show
1367984314283	101	791	154	click
1368665418853	75	915	450	show
1369345022799	117	862	72	show
1368359240502	127	132	153	show
1372545382818	29	794	445	show
1368969757679	15	19	468	show
1371067348057	139	71	103	show
1373152968324	96	884	62	show
1370106700084	50	592	33	click
1373925327676	102	536	63	show
1369019774619	9	395	71	click
1368800787449	58	381	211	click
1370962127286	32	609	274	click
1371348000758	79	89	342	click
1369296151121	48	628	114	show
1368630772366	136	332	207	click
1372622569109	38	169	271	show
1368656396025	96	813	212	show
1367043356384	129	574	179	click
1372385537777	61	207	283	show
1369800360046	7	80	357	click
1368444020414	96	239	240	show
1370070703187	35	137	325	show
1370424686831	142	642	242	click
1367974682731	73	17	367	show
1367546880723	125	255	420	click
1366462848355	149	872	147	click
1368555836915	9	117	131	show
1366473568579	62	846	142	click
1366931483733	16	695	115	show
1371367166067	93	859	444	show
1368287373410	120	857	91	show
1367414452323	23	559	316	show
1366672919503	97	273	371	click
1372650234524	102	155	191	show
1371851677755	25	527	19	click
1371660677547	35	743	3	click
1368317287041	88	613	151	click
1373047100299	61	151	11	show
1369841886330	126	737	233	click
1368699988418	49	586	274	click
1370761678879	97	510	185	show
1373852123778	34	417	307	show
1372675985165	92	208	366	click
1371829469179	101	918	32	show
1369961005428	115	398	211	show
1367624465934	83	706	45	click
1374052357376	126	89	434	show
1372772883610	10	357	211	show
1372854445001	35	327	388	click
1373452845730	15	304	323	click
1368604931372	16	346	408	show
1373319917413	103	673	107	show
1370936139776	17	576	250	show
1372505330740	45	115	164	show
1372421756894	91	987	192	click
1368747901274	17	808	491	show
1371479162150	58	667	80	show
1367721182958	6	767	101	show
1366461340201	12	374	251	show
1371227584992	47	684	253	click
1372094123968	109	596	430	click
1371344734900	71	367	372	click
1366919447066	113	162	45	show
1370353058346	75	914	129	click
1373794956974	29	321	78	click
1366953752726	51	913	16	click
1369744964856	38	694	128	show
1371631204727	95	745	165	click
1373084238531	85	45	228	click
1372689359089	144	84	356	click
1371420434641	25	388	61	show
1370465422976	67	345	121	show
1371117850343	147	609	353	click
1371397794382	112	134	294	click
1370306556806	113	867	421	click
1366489605397	113	26	438	show
1370177326599	62	895	420	show
1370125645023	74	12	415	click
1373384159030	36	154	252	show
1366676795477	74	429	31	show
1373659950979	25	455	419	show
1373586031197	45	986	344	show
1368087937541	94	744	291	click
1373631232957	127	261	104	click
1373041063189	5	51	221	click
1367047091349	62	107	228	click
1367500728577	130	305	76	click
1371857629468	108	42	239	show
1371666205610	149	573	130	show
1368384532127	72	409	111	show
1367856968497	103	983	223	click
1367070919897	149	83	13	show
1373387831552	42	802	144	click
1367693075979	150	686	36	show
1370018945555	55	703	242	show
1366581897574	23	940	407	show
1372340539447	108	566	148	click
1369042876380	116	304	147	show
1367332461458	117	406	60	click
1369660641790	18	784	435	click
1370970338323	121	118	352	click
1370849480722	12	497	261	click
1372493870831	100	906	276	show
1367664219959	75	681	322	show
1366590799963	37	93	305	click
1371503021828	101	596	454	show
1368422817712	57	112	70	click
1373617853340	137	224	22	show
1367868362760	106	739	32	show
1367433276222	1	262	282	click
1369036701652	115	697	369	show
1372816352164	91	186	292	click
1368509249872	65	288	402	show
1373608211179	121	957	177	click
1370402398756	146	44	26	show
1371352541719	27	794	174	show
1371147455837	51	850	265	click
1373578690026	98	519	155	click
1374030399585	103	913	5	click
1367066711153	144	687	368	show
1371843958430	34	114	301	click
1369350502848	132	559	176	show
1368804773429	21	686	145	show
1370766229819	34	733	471	show
1371216372773	74	890	201	click
1370690582266	22	170	396	click
1369226742563	96	295	248	click
1367815011782	33	536	381	show
1368618198291	111	642	362	click
1369589945646	81	674	376	click
1369097425057	95	139	363	show
1372847607692	69	541	469	click
1370802424334	60	339	66	show
1371733942736	13	512	162	show
1372963147226	83	590	231	show
1372037914207	75	578	351	show
1366576681747	141	16	361	show
1370083482218	104	14	471	click
1372212508924	118	682	173	show
1372955933151	21	293	124	show
1370299555489	4	22	65	show
1373879681461	93	379	229	show
1371298193988	19	339	141	show
1370566918266	27	299	114	show
1372931100543	77	339	279	click
1372699493684	122	415	382	click
1368434677620	67	40	150	click
1366726743206	24	498	421	show
1369051993020	46	501	51	show
1367654493355	4	338	353	show
1369433489804	33	735	324	show
1371682739217	38	509	325	show
1368468069535	33	458	373	click
1371429422168	115	48	193	show
1372446009406	36	167	362	show
1371917750748	83	872	126	click
1373689791139	96	773	68	show
1372179969084	17	489	477	click
1367715056867	93	17	108	show
1372073174469	5	52	121	show
1368320398700	126	749	264	show
1372888979725	51	365	330	click
1372739001410	136	990	64	show
1369565812819	21	152	464	show
1366711501841	78	600	303	show
1371325476626	43	880	328	click
1368375669211	146	935	187	show
1367087116723	54	956	315	click
1372485950048	71	522	209	click
1366885431016	24	450	385	show
1367917231196	105	897	235	click
1372525785739	51	631	454	show
1368026935002	102	205	365	click
1371944234302	75	547	187	click
1372214684306	74	185	424	click
1372433625452	89	856	50	show
1373634435470	9	505	379	click
1372897154386	49	695	376	show
1367694476689	124	741	469	click
1371408633451	121	661	157	click
1373407680343	131	329	95	click
1368309618940	138	279	259	click
1372957866567	52	730	150	show
1366478849466	40	93	320	click
1369516053368	149	593	83	show
1367837471013	107	985	223	click
1372123475301	8	45	48	show
1371062401515	2	925	429	show
1372218287614	130	315	244	show
1368716831487	33	216	43	show
1371966503130	80	226	466	click
1372511800592	9	123	24	click
1372442543944	124	690	126	click
1371399706104	98	511	30	click
1372592368123	55	577	31	show
1368694996788	108	36	168	show
1372878401351	122	453	212	show
1369488375606	9	60	105	show
1374098067484	143	722	441	show
1367386590019	82	892	193	click
1368422354358	8	381	176	show
1367022285821	46	113	289	click
1373358640379	93	929	134	show
1367677332553	141	175	327	click
1369031079891	73	769	276	click
1372541398144	6	155	347	click
1369676501708	108	965	397	click
1369227797598	129	737	403	show
1371902763482	88	288	120	click
1366545522512	52	707	26	click
1370072659768	29	10	268	show
1374058546738	115	103	174	show
1371230637612	138	231	35	click
1370413078615	108	406	60	click
1369945539006	3	384	273	show
1373573036916	8	161	94	show
1369963736468	28	164	480	show
1371478869155	10	972	185	click
1373268412368	30	866	145	click
1366658550092	36	231	397	click
1372417531602	28	914	263	click
1369771523424	138	88	339	show
1372769584582	123	65	467	show
1372781666361	32	649	210	click
1371113789813	149	43	74	show
1369485349529	54	776	310	click
1372797518998	124	998	317	click
1367151576936	136	69	383	click
1372261053463	106	80	341	click
1372074127982	150	243	469	click
1371172552455	96	359	294	show
1369348367579	68	228	274	click
1368825575517	92	230	189	click
1371424713335	46	48	217	click
1370562330502	28	231	147	show
1373611590462	7	766	462	show
1368668510446	9	14	227	click
1373301602492	137	784	40	show
1369476943038	127	694	1	show
1370249393527	140	735	68	click
1370388975752	50	627	495	show
1373822965259	36	49	154	show
1370678928892	18	263	60	click
1373845299514	76	180	132	click
1371121938818	67	552	475	click
1370279807624	32	47	99	show
1368375117155	52	79	219	show
1366476102770	72	447	70	show
1367628620461	135	988	350	show
1368641349046	144	808	447	show
1368817289214	134	497	486	click
1369717440693	31	434	58	show
1366886982730	103	791	148	show
1369604430852	78	267	290	show
1369901192409	103	181	355	show
1371985710573	126	377	137	click
1367205896874	61	134	28	click
1367986229233	26	315	274	click
1370634116949	37	698	146	show
1372004862107	111	998	83	click
1369281883586	45	841	50	click
1369224508113	69	157	420	click
1370030711868	70	182	397	click
1373022211855	33	453	90	show
1373720477387	47	68	481	click
1370920971095	136	731	187	show
1369914061389	137	97	479	show
1371904254952	121	45	351	click
1373521102054	89	584	449	show
1369596021684	67	76	268	click
1371122736926	82	81	321	show
1372535544771	130	868	115	show
1371741911199	93	960	358	click
1368613734241	130	322	226	click
1372822187311	134	430	469	click
1370211011831	105	809	312	click
1369202437164	41	347	56	show
1369904087679	47	580	85	click
1372697454848	23	881	406	show
1371443770800	120	152	209	show
1366581648432	40	608	150	show
1373819391529	59	951	210	click
1368880670497	72	543	376	show
1372757622914	17	844	297	show
1368536294978	117	107	60	click
1369223134408	107	471	429	show
1372878021817	145	667	489	show
1373254987986	9	658	103	click
1373369375614	123	626	212	click
1370343517306	63	781	496	show
1368003206082	22	812	488	click
1368650411378	25	106	185	click
1371801063015	30	161	182	show
1371414891812	24	158	131	show
1367137997238	87	806	271	show
1367836046780	2	703	274	click
1373732073551	118	969	371	click
1368442481268	107	230	470	click
1373256717441	99	444	285	show
1371670329482	84	202	348	click
1369684267641	12	881	37	show
1366798706150	13	848	228	show
1374163228421	111	127	450	click
1368881470738	108	725	347	click
1369460613601	9	425	171	show
1368781786024	16	582	315	show
1370813725260	42	351	498	show
1369623420242	24	926	56	show
1368840023042	73	863	225	show
1369944884594	116	13	44	click
1373826299207	93	966	422	click
1372371172890	131	725	48	show
1369084182684	34	290	328	click
1374195988216	18	330	342	show
1369423482534	132	114	103	click
1372542697838	129	981	182	click
1368278039181	148	988	288	show
1368567214354	3	806	357	click
1367382605541	22	463	34	click
1371707321500	108	825	443	show
1370446450713	88	475	258	show
1372254638802	97	459	165	show
1368560263527	6	820	401	click
1370952960572	133	601	312	click
1372921701529	107	171	143	click
1373155161417	63	143	352	click
1370822847741	45	285	357	click
1367221691361	101	334	202	click
1372663811420	61	228	142	show
1370734169184	33	150	367	show
1366529935684	54	560	210	click
1367209214711	128	687	442	click
1370100101938	133	737	212	show
1372944509325	47	862	24	click
1373213626517	82	876	406	click
1372269984394	26	36	448	show
1368193593149	85	765	165	click
1370752472724	18	50	297	show
1369616991951	13	915	342	click
1370274124011	2	257	216	click
1370349227815	77	801	275	click
1366357161616	20	915	189	show
1367129358299	56	364	12	click
1371552275922	130	899	106	show
1371625238369	99	780	70	click
1372468321284	18	410	446	click
1373295685085	104	538	267	show
1366761999653	74	412	470	click
1368936028075	149	181	338	show
1372353563192	11	210	170	click
1370052249230	105	866	440	click
1369092756044	7	349	203	click
1370664792373	80	254	90	show
1371538305359	37	23	441	click
1370508727233	133	262	222	show
1371947100431	88	110	34	show
1369285243532	43	222	30	show
1368137622175	127	628	453	click
1372032158818	3	701	203	click
1370253405963	82	41	410	click
1367774911150	35	360	391	click
1370053660060	48	965	437	show
1371385046996	145	443	315	show
1371755670338	115	826	330	show
1372297344447	133	570	250	show
1367342990725	110	521	208	click
1370760159459	87	943	272	show
1368740205900	127	225	230	click
1370157869814	2	555	350	show
1372593924395	90	485	126	show
1366640006891	65	799	275	click
1370990970651	42	710	474	click
1373771832427	108	636	159	click
1372492900304	130	88	123	click
1369854159269	106	581	488	click
1371176978489	76	706	11	click
1372533549635	39	405	225	click
1372920494106	14	121	27	show
1372969516083	55	373	107	show
1368950142408	39	177	17	show
1370396081010	44	74	429	show
1370433574408	108	914	479	show
1370346113169	26	506	208	click
1370134069699	33	834	217	show
1370952118951	92	285	365	click
1372067344443	115	311	426	click
1367303426109	25	810	367	click
1368709626955	146	115	66	click
1369841806673	42	881	291	show
1367740043507	44	356	368	show
1368237777779	147	559	101	show
1373161484608	52	185	141	click
1373690214329	105	404	274	show
1372490760190	44	509	3	show
1368944914134	21	780	242	click
1370188457816	35	186	420	show
1371593599101	36	831	417	show
1374031193369	131	852	235	show
1372023802723	99	649	490	click
1373240297071	38	4	266	click
1372318690245	28	117	350	click
1368417309179	89	188	455	show
1368768554092	46	395	350	click
1370668523931	63	191	314	show
1366370962524	67	168	368	show
1370286828956	44	433	240	click
1366634967627	131	896	413	show
1372221926263	103	148	337	show
1373868443640	101	465	339	show
1369927482990	33	21	9	click
1372737012809	32	648	106	click
1367710407477	108	253	467	click
1368257448046	78	81	122	show
1368320357103	71	820	442	click
1370747676582	144	748	329	click
1366354677078	137	618	146	show
1368021867395	83	467	371	show
1369050079897	103	396	302	click
1373745683805	150	430	352	show
1367420529798	51	777	28	click
1370895760057	41	877	428	click
1370718111500	96	54	268	click
1369356533018	35	263	152	show
1372984650100	105	932	491	click
1372329664972	145	950	437	show
1373582735101	83	666	227	show
1370667199771	7	360	256	click
1368776400214	80	118	7	show
1366861465303	22	721	72	click
1370253115771	101	524	4	show
1366687083383	107	550	219	click
1367429102265	95	650	82	show
1373392448587	30	438	477	click
1368503221188	13	746	116	click
1373018386247	40	345	136	click
1367835256340	123	127	83	click
1371311147163	102	357	121	click
1369648087551	146	134	204	click
1370168337922	7	726	218	click
1367536208130	65	113	250	show
1369019439051	78	120	217	click
1372523304661	38	872	188	show
1371550544876	86	573	441	show
1374170246169	106	549	486	click
1370807581332	95	35	214	click
1373414530725	1	956	196	show
1368645329889	4	170	184	show
1370039044109	75	182	376	click
1368592077499	123	488	222	show
1371203264575	90	413	116	click
1367973232208	143	976	38	show
1366610494821	5	581	473	show
1368351249911	71	47	450	click
1366668414266	109	914	395	click
1368894672946	103	776	307	click
1369800821959	113	870	263	show
1368968591759	148	145	243	click
1373404409686	15	210	471	show
1368913749731	88	639	255	click
1369044448971	25	858	185	show
1371118992128	117	215	124	click
1366476878145	41	298	73	click
1370729838444	4	653	309	show
1367797850362	124	196	243	click
1367742900725	130	201	345	click
1367940859825	39	693	233	click
1371418793299	131	27	277	click
1367708705102	68	73	132	click
1366685766002	70	592	256	show
1372772795182	20	627	275	click
1368344102044	137	386	486	click
1369513306761	21	944	356	click
1368134720856	135	150	235	click
1368845899436	130	42	97	click
1372109370129	50	716	274	click
1370642674609	92	679	70	show
1369943482860	74	452	56	click
1369111807497	113	356	56	click
1372124351903	124	556	136	show
1368356032805	1	974	76	show
1373866415730	150	168	383	show
1368225379783	36	904	97	click
1367019847454	57	71	430	click
1374048690899	12	498	98	click
1369481227004	91	833	460	show
1371838498131	16	343	274	show
1371923670325	31	798	201	show
1370669394756	10	881	4	click
1370998999891	33	265	189	click
1369099538541	91	488	180	show
1371793055127	130	199	443	click
1372437689804	56	723	373	click
1373573950873	91	339	457	click
1366646384432	23	777	47	show
1370360216629	59	407	401	click
1371766771065	83	968	500	show
1372484402089	102	356	105	show
1372907980391	110	552	175	click
1374197749755	104	173	464	click
1372966737056	111	304	110	click
1372110250219	115	883	359	click
1371305270461	129	263	120	show
1371141584601	4	266	102	show
1372620292894	17	948	161	click
1369828554220	97	486	154	click
1367070422211	17	467	20	click
1366421315727	76	61	236	click
1366737445664	57	986	405	click
1370344411448	48	834	298	click
1371281973136	98	68	302	click
1368693175227	41	130	6	click
1367400367839	5	757	175	show
1372897545924	60	505	325	click
1371635337708	144	659	264	show
1372750255902	76	793	312	click
1371526394952	78	846	156	click
1371540036920	104	285	160	click
1367503065154	146	246	498	show
1371020854703	79	935	264	click
1372294630464	16	124	282	show
1372349459636	139	776	371	click
1366474414803	9	353	409	show
1372508908022	114	119	191	show
1371314512105	135	423	165	click
1368505052161	8	576	91	show
1369235683039	42	912	9	click
1373274814551	148	3	90	click
1367468109447	4	397	63	click
1371170588657	88	804	195	click
1368593020294	39	975	413	show
1371293077642	37	180	433	show
1368182371721	4	292	248	show
1368789665157	10	73	202	click
1369504484674	35	140	488	click
1373196711791	78	822	454	click
1367171205720	98	64	363	show
1368143054995	24	225	299	show
1372763943935	142	785	281	click
1369453438651	50	349	320	click
1368171133557	2	216	179	show
1368236822130	86	126	373	click
1373930204022	111	743	193	show
1368772180370	9	201	105	click
1367130626241	73	810	253	click
1367388607519	140	829	325	click
1369371316277	20	189	294	click
1370807016614	53	153	447	click
1370682313642	38	249	152	click
1372531349335	30	946	127	show
1372333479353	104	594	443	show
1367743287971	25	117	238	click
1367921983327	7	51	46	show
1367937737047	47	992	326	click
1366689259028	79	836	88	click
1373890959753	74	2	443	show
1370435271037	116	167	116	click
1367483540831	60	329	489	click
1367659974565	39	629	475	click
1371045341680	122	33	130	show
1373298319886	145	374	328	show
1368914199749	73	574	336	show
1371448002133	38	383	181	click
1371424939449	49	523	400	show
1372701637619	8	938	127	show
1370181435635	71	723	65	click
1368444277211	55	424	228	show
1374146708429	63	922	49	show
1368121469667	123	648	449	show
1373919441699	107	875	326	click
1367012057105	100	878	218	show
1368234651962	27	329	38	click
1366797191807	128	447	244	show
1372156939611	21	657	349	click
1371884224878	50	984	388	show
1369770333901	33	102	192	click
1372401398246	54	34	352	show
1370590336305	6	778	417	click
1371671763422	20	16	126	click
1369220640767	122	960	435	show
1369569122814	15	629	104	show
1373992958496	134	261	170	click
1368144007543	42	285	67	click
1370943711309	18	108	408	click
1373058433302	106	275	49	show
1373770067888	17	48	487	show
1366708910896	42	353	71	show
1366519304977	112	165	355	show
1371675316572	92	922	329	show
1372773124142	37	355	177	show
1373371111333	11	577	117	show
1369266676198	28	257	146	show
1370677312565	4	567	429	click
1371252176320	93	362	464	show
1373432335909	1	780	362	click
1373032792592	110	697	471	show
1369054884994	29	433	497	click
1366902432259	109	74	193	click
1366457448471	130	984	494	click
1370342575675	99	811	206	show
1367146222805	60	459	113	click
1372910964480	148	414	299	click
1369939230198	78	547	339	click
1373551238622	21	627	280	click
1370345625969	46	127	136	click
1368574820227	46	695	211	click
1371133379827	35	688	83	show
1368601929969	83	543	481	show
1369203722262	123	737	396	click
1372766170965	58	900	304	show
1366719901995	85	57	107	click
1371493341065	59	992	82	click
1370561200399	104	894	309	click
1368468526304	45	697	159	click
1367588147485	144	893	161	show
1368989581906	77	782	364	click
1366544267043	65	598	18	click
1368044394899	34	307	408	click
1371655490396	9	688	232	click
1371877309033	107	358	379	click
1368731294703	140	585	77	show
1373566148273	138	396	17	click
1372526203347	88	124	330	click
1368473750565	59	248	348	click
1369802942959	51	476	161	click
1373686434042	126	800	188	click
1370430621074	72	830	364	show
1366788694572	2	854	329	click
1372012311240	144	218	269	click
1370289763482	102	606	160	click
1367929905793	28	742	491	show
1371930357713	20	532	143	click
1372116966979	34	596	367	click
1368351381377	144	723	107	click
1370932624806	69	317	384	click
1373937191206	148	571	406	show
1370887156839	6	882	456	show
1371585704479	67	492	219	show
1371427470920	20	20	236	show
1366380719692	49	62	208	click
1373181429241	81	934	97	click
1368129467656	15	856	414	show
1368150882920	148	156	176	show
1372749283105	143	160	440	show
1373022684173	67	941	242	click
1366675028462	121	56	140	click
1369313558436	134	786	74	show
1369055110565	17	600	178	show
1370296207807	85	721	108	show
1373421238734	13	155	482	show
1372109099419	114	790	428	show
1372929681400	70	445	160	click
1371970269199	70	637	58	click
1373184905141	131	177	495	click
1366448350981	64	74	254	click
1371492881029	82	503	22	show
1371501550772	10	833	438	show
1367667174639	148	177	478	show
1368344736907	140	191	167	show
1368743589019	50	155	386	click
1370696810411	140	566	226	show
1369688520117	113	709	230	show
1366658510579	138	750	289	show
1373393255008	25	67	356	click
1370674626332	32	617	107	click
1367247247954	82	684	281	click
1368987345182	15	580	20	click
1373001856129	45	292	103	click
1369076060938	102	784	477	show
1373144892167	12	142	89	show
1370543740271	125	907	343	click
1367756111769	36	175	198	show
1373532021491	101	424	4	click
1374204312096	91	953	406	click
1367812709643	42	817	139	click
1372978049685	43	103	338	click
1372623369291	58	48	213	click
1371761032580	109	949	207	show
1373654294204	106	593	37	show
1368775126289	110	800	472	show
1367066774082	60	996	372	show
1370675859682	117	33	51	click
1369522612581	79	342	338	click
1368376130612	58	468	472	show
1370144632971	37	346	78	click
1371115562599	68	890	223	show
1373542824473	146	981	212	show
1372319998635	63	146	67	click
1369641553423	145	572	496	click
1370906631712	22	350	222	click
1373651283252	122	202	138	show
1368113407761	19	225	313	show
1367325365391	30	177	257	show
1367542329093	39	543	278	show
1370737331727	8	941	338	show
1367518762893	39	109	491	click
1372480360443	28	624	98	click
1367857101382	104	336	486	click
1371517161661	46	980	99	show
1373961860810	23	424	353	show
1368432116465	70	531	68	show
1367431956323	67	806	453	click
1373615137119	112	644	364	click
1366996344629	103	424	14	click
1371411831734	76	272	366	show
1374135315695	30	28	434	click
1366535577173	23	947	187	click
1369324190477	55	735	477	click
1366426525988	91	261	151	click
1368658478497	85	969	140	show
1371965315971	77	155	156	click
1371759911255	60	805	372	click
1373637349707	102	494	71	click
1369060998654	56	325	226	show
1368719229689	93	639	442	show
1369870667107	78	560	4	show
1368319761104	134	1000	123	click
1373117089146	107	973	351	show
1370425410158	117	657	258	click
1372144457284	131	968	350	show
1368135419889	106	804	135	show
1368451186052	96	794	35	show
1373766675606	52	170	131	click
1370800225714	114	649	55	click
1373805512737	77	876	479	show
1372639314976	137	646	43	click
1373291302181	137	294	270	show
1372105022295	47	120	162	show
1371451396930	95	731	339	show
1373816702005	142	581	435	click
1373418874205	130	680	363	click
1374196793249	59	293	328	click
1372582602514	133	482	232	show
1371592694764	71	548	216	show
1370198346284	72	745	351	show
1369524129599	15	110	294	click
1368828435386	84	743	316	show
1369707500570	90	564	90	click
1366649163754	43	211	365	click
1372598985306	128	980	15	show
1372340422454	113	75	129	show
1371985257611	138	966	343	click
1371369196565	58	520	466	show
1367166669198	32	123	437	click
1368225838413	21	766	206	show
1367173973443	135	167	43	click
1369689241752	1	707	246	show
1371570976939	96	932	395	show
1372921693740	43	922	465	show
1370239433828	23	118	69	show
1368570046308	49	517	107	click
1373635698176	20	932	27	click
1373634498188	51	21	292	show
1366655336961	70	215	495	click
1367971629113	31	24	125	show
1367046831499	77	977	117	show
1371897944143	28	986	16	click
1372916445415	120	874	35	click
1367224755044	117	933	400	click
1371221399323	6	637	12	click
1366723031711	55	513	323	show
1366468266566	2	869	154	show
1371337652226	95	904	24	click
1368473811960	22	926	279	show
1367924861135	86	265	100	show
1369572444340	49	548	446	click
1372334787817	10	749	156	show
1368894197387	22	763	433	click
1373514190612	119	828	248	show
1371067107096	139	45	172	click
1372213884203	133	778	376	show
1367011957380	49	48	320	click
1369977720385	81	252	107	click
1374060959716	64	771	191	show
1367945739782	17	503	329	click
1367422887621	66	692	9	show
1370732721870	24	943	225	show
1370107784008	6	19	468	show
1371268424491	86	61	434	show
1372919479558	56	777	490	click
1372664920659	90	825	282	click
1369140755268	148	750	229	click
1372590886577	49	811	140	show
1372420530363	36	864	12	click
1366358347014	29	791	105	show
1369155641981	41	261	344	show
1368633459830	146	311	247	show
1369403699307	63	490	209	show
1373209533862	45	200	123	show
1369270670188	90	605	86	show
1370964421098	53	529	141	show
1367215768830	89	1000	270	click
1367166954150	112	511	203	click
1369079892043	110	645	329	show
1372855707836	82	562	105	show
1372164747533	19	820	48	show
1368205966194	28	255	91	show
1370981974439	105	88	475	show
1369446712015	42	373	434	click
1371540784235	66	567	393	click
1368843030338	48	956	4	show
1369345802083	147	848	154	show
1367069262069	115	196	160	click
1369238176836	4	873	155	click
1373341457370	6	516	151	show
1367367552066	32	730	296	click
1370196390968	33	592	99	click
1369450262256	2	819	269	click
1370837784714	24	587	351	click
1368774940917	53	399	40	click
1371515365578	12	61	148	show
1366834964851	150	583	119	show
1368329722973	18	959	217	show
1371704195902	41	575	383	show
1369827478925	18	92	448	show
1369278962302	28	269	419	show
1368359953812	138	200	401	click
1366747260073	3	670	446	show
1373887600215	79	752	214	click
1370564764106	127	850	21	show
1366503650492	98	280	93	click
1372244448802	28	261	276	show
1369119164703	83	102	453	click
1370739212794	15	304	216	click
1366808491102	72	299	62	click
1373876525158	124	460	13	click
1367365446935	1	918	277	show
1373403136668	72	919	497	show
1371470690999	71	371	13	show
1367778260807	141	880	245	show
1368440931365	116	572	274	show
1373848078758	139	461	195	show
1370488922928	15	950	31	show
1368936775579	12	665	131	click
1372353501640	86	831	280	show
1372833643534	17	215	307	show
1368711813691	33	423	361	click
1367916672379	14	364	280	click
1373027909630	149	595	245	click
1369793892155	13	660	125	show
1371234135202	40	67	212	click
1373700543935	23	116	23	click
1368843062939	22	25	255	show
1371181383129	88	336	65	click
1370074110681	14	471	172	show
1367180096965	1	991	496	show
1367580051567	68	663	362	click
1370294197293	106	526	412	show
1371683868250	129	410	454	click
1372525709286	67	596	136	click
1373647160227	137	376	310	click
1370387092748	13	576	443	show
1370368775041	106	827	102	show
1368428888081	120	34	278	click
1370150713770	118	411	438	show
1367005958603	33	935	6	click
1373896617337	59	269	454	click
1366762203418	83	53	76	click
1372487460814	116	249	239	click
1372023945786	54	679	153	show
1369419662305	6	257	131	click
1372735328809	133	807	417	show
1366551112562	71	622	492	click
1372418701673	42	191	29	click
1366932499763	66	718	406	show
1372657813895	29	28	306	show
1372914736537	110	83	33	show
1369934615391	57	161	115	show
1368549470792	125	736	498	show
1370672178247	86	655	289	show
1370826778454	52	378	325	show
1367484061414	113	750	45	show
1373987171585	56	563	199	click
1372388439523	149	855	446	show
1370503412452	29	428	413	show
1368710935456	17	73	346	show
1369174135320	123	841	136	show
1367049108348	142	74	360	show
1372784853041	122	176	254	click
1373503536520	136	390	58	click
1369381256995	131	6	414	click
1368518625218	93	791	432	click
1371326209774	84	527	21	show
1366742829353	91	45	106	click
1369151490147	22	616	117	click
1367959797091	136	791	198	click
1366351200700	31	91	287	click
1370010372999	133	326	25	click
1369077245035	63	332	359	show
1372379552414	71	380	321	show
1367239495707	42	592	471	show
1367683239366	6	311	300	show
1371326947492	33	192	297	show
1370092534271	47	272	75	show
1366627749533	20	626	188	click
1366595059863	83	35	25	click
1366355555778	132	538	91	show
1373048069402	17	892	227	show
1372330240060	62	456	139	click
1368547416253	88	902	247	click
1368439499170	120	194	271	click
1370237208783	121	97	284	click
1372479097275	70	998	484	click
1367210834855	34	202	362	show
1368576027070	99	349	286	click
1372070946473	13	268	335	show
1371931673938	20	732	222	show
1368908518689	33	606	442	click
1369010339308	43	404	50	show
1369127973304	77	48	390	click
1372614628848	91	353	195	show
1372766669858	29	290	146	click
1366589993294	41	31	190	click
1366703589936	17	794	108	show
1367347936838	93	770	293	click
1367423083772	21	329	353	show
1369120497208	28	126	117	click
1373712087660	87	19	284	show
1372848445619	42	963	226	show
1372952519115	31	134	468	show
1370896898256	48	755	168	show
1371769079703	7	974	126	click
1366723312346	17	204	343	click
1371001826355	52	149	144	show
1370110536311	21	630	85	show
1371189483594	26	337	497	show
1368331453673	29	344	37	click
1371858847853	119	735	318	show
1372118649723	76	719	70	click
1369563072366	129	592	496	show
1372161330077	97	980	40	click
1368462326049	126	263	291	click
1371795306821	6	912	283	click
1373790487180	69	343	126	show
1371060987349	98	571	395	show
1374198922882	111	549	184	click
1369196370240	7	743	31	click
1373615182373	29	139	385	click
1366924837396	61	941	236	click
1368726123009	16	635	377	show
1373597223847	141	210	398	show
1369043823759	143	924	116	show
1368031934273	86	421	188	click
1367476579858	15	81	239	click
1370628525003	144	458	225	click
1370930164345	105	190	233	show
1374003878063	96	188	454	show
1369261081787	126	608	82	click
1373128353995	143	768	463	show
1367540263483	32	504	173	show
1368839910041	4	877	114	show
1369310209522	90	113	281	show
1371186270854	98	969	400	show
1369972937252	25	396	151	click
1372755140486	40	360	54	click
1372584207365	74	829	477	click
1369385289063	92	964	349	click
1373231001925	64	838	85	click
1368843628891	72	106	353	show
1371201306090	52	578	320	show
1369386289613	66	444	12	click
1367836501747	120	130	394	click
1373445818992	70	334	375	show
1372065326180	128	29	187	show
1371322656645	88	532	314	show
1366469924133	41	651	70	click
1371773022918	56	918	304	click
1368727771849	129	37	251	click
1373303756259	101	391	109	click
1369154596797	101	575	212	show
1372085151704	61	232	218	show
1372335186515	28	988	60	click
1366606978923	64	726	55	show
1373321356470	4	381	231	show
1372988117169	68	659	7	show
1371663623907	112	527	389	click
1371011538358	73	943	397	click
1373378120817	143	283	171	click
1368096411906	41	545	272	click
1368099440277	147	404	132	click
1373224475165	14	635	183	click
1370380731921	144	201	123	click
1366665438998	59	877	254	show
1369327102717	41	761	78	show
1367939205660	8	245	127	click
1370892427894	25	536	372	show
1373727008884	76	258	365	show
1367205384453	10	543	207	show
1369191259935	117	704	33	click
1371743692588	42	522	222	click
1370762545479	80	787	341	click
1372225298349	92	373	101	show
1367082766127	85	746	298	show
1369272570809	115	397	308	click
1368219757739	125	151	105	show
1372106076603	88	220	405	click
1367052794786	61	488	479	click
1372789435266	13	382	67	show
1369282504715	38	29	316	click
1372252326805	83	256	438	click
1371089952073	111	224	195	show
1371795476294	18	962	293	show
1366395300452	117	566	326	show
1367147955625	134	51	277	show
1369849069119	4	524	312	click
1370790571175	20	859	308	show
1370668059845	92	576	292	show
1369894105026	114	396	100	click
1369004333661	76	731	283	show
1370227434068	135	798	389	show
1371103927076	119	976	300	click
1373279414649	68	297	310	click
1369381119961	88	491	317	show
1371159748145	121	652	376	show
1367837315175	74	380	11	show
1373755502152	20	290	250	click
1370684791575	85	792	84	click
1371590568638	39	577	420	click
1372020196102	75	996	226	click
1372586278225	77	309	217	click
1374135757713	97	818	62	click
1368667313016	11	592	140	click
1374062107188	50	85	235	click
1370010789475	18	654	167	show
1367759386342	115	284	281	show
1368764112657	101	864	115	show
1371841187933	139	180	49	show
1367018187979	97	181	141	click
1372191716994	44	923	314	show
1373739768617	47	789	43	click
1369362298654	47	842	123	click
1369727220667	6	798	57	click
1367070237753	68	205	169	click
1369435033997	134	627	106	show
1371801236598	37	447	388	click
1368078847022	20	733	50	show
1371732079915	70	883	166	click
1367425953767	104	844	419	click
1373323200038	70	282	294	click
1373548409553	16	365	172	show
1373518959341	56	853	364	show
1371249217900	106	725	136	click
1369875462431	96	37	68	click
1367620710677	28	529	483	show
1366545964040	48	174	191	click
1370010193347	53	987	294	show
1367096389419	66	716	201	show
1368086202002	121	972	408	click
1367300975043	45	801	326	show
1367106876308	147	718	333	show
1366655710504	87	288	481	click
1371563283837	125	901	59	show
1372846474816	82	60	351	click
1370791008113	71	980	98	show
1370125812778	101	829	474	click
1368904176833	144	69	371	click
1366763060796	141	378	259	show
1372527778806	116	63	21	click
1371158786330	135	493	285	show
1372249068563	57	490	309	show
1371293475590	88	346	471	show
1371308962809	123	168	3	click
1371418975517	128	496	68	click
1373077685122	118	575	310	show
1374123285664	66	14	225	show
1372319182118	51	359	295	show
1373890957392	19	352	335	show
1371915425906	68	928	492	click
1372764815959	16	804	4	click
1369889659966	63	233	283	click
1371185022826	84	590	20	show
1369007290632	132	358	209	show
1372599983111	27	802	167	show
1367490092914	78	893	289	show
1371953875760	88	571	377	click
1370766971816	41	265	74	click
1368342367298	28	370	484	show
1368193214732	3	886	340	click
1367964570324	96	583	374	click
1370295163639	56	939	7	show
1368537860014	128	405	198	click
1370539426025	141	789	296	show
1373534054147	116	560	319	click
1367244446742	149	578	95	show
1366855181781	97	152	472	click
1367564288496	121	906	263	show
1370049792930	67	925	489	show
1368514053998	104	436	114	show
1369714885405	2	319	295	click
1369780479662	150	554	411	click
1368703339953	17	700	31	click
1370208191932	64	528	341	show
1366905906911	122	590	280	click
1370076637961	90	280	219	click
1373342716316	104	186	236	click
1369544185338	12	409	102	show
1371005783346	73	21	491	show
1368362371691	34	473	185	show
1368932327246	110	993	262	click
1372296394886	7	378	300	click
1371239764769	88	5	477	show
1366384883232	68	619	274	show
1366432538794	87	83	370	show
1370453690424	107	958	230	show
1369574426027	103	654	491	show
1367376308863	67	376	491	show
1374093535924	119	226	493	click
1372718264827	69	841	483	show
1370959686700	36	799	152	show
1373960476203	145	271	73	click
1370308480439	36	135	278	show
1373606646627	113	366	50	show
1368575925035	39	323	40	show
1369953920722	93	865	456	show
1367793153678	130	548	108	click
1370409211352	103	714	25	click
1372977277462	130	245	21	show
1367647198069	71	251	95	click
1369594125252	132	904	223	show
1368568041251	130	399	53	click
1369646566406	6	800	284	show
1369669103675	49	863	55	click
1366785076850	3	816	312	click
1366643536990	91	736	199	show
1367668541951	82	253	96	click
1368299211061	117	308	258	click
1369202420635	94	151	246	click
1373645016955	135	558	242	click
1372569186774	115	194	375	click
1367514973647	138	50	206	click
1371731756504	131	867	486	click
1372027553949	95	199	288	click
1372182732587	31	988	161	click
1370528841761	139	714	410	click
1369380007379	149	589	233	show
1374109040887	27	472	375	click
1373690564982	111	536	51	show
1372464453909	125	6	41	click
1371273312711	149	45	133	click
1368923814837	92	573	311	show
1371962155666	131	442	186	click
1371112051909	32	346	82	click
1371351771903	147	960	16	show
1367033040518	9	907	75	click
1373422254767	16	756	275	click
1371571650104	24	763	496	click
1368042846427	26	575	497	click
1370574240947	35	717	5	click
1373088610944	121	105	8	show
1366544397002	128	338	352	show
1373911687889	31	85	101	click
1368782141095	112	370	30	show
1372867263009	75	106	283	click
1372411079015	36	472	270	show
1370531299727	150	752	104	click
1369635994222	87	520	278	show
1371365379471	18	890	228	click
1372752801985	20	111	9	click
1367392024004	71	554	427	click
1373872905765	95	301	199	show
1366997530217	19	558	19	click
1366509284528	81	877	406	click
1370082084880	93	418	412	click
1373126348630	85	666	392	click
1369425622300	96	176	145	click
1371602565032	71	114	87	click
1367476183153	137	205	380	click
1372811519179	31	123	203	click
1372670152083	16	965	486	show
1369620041677	144	738	133	click
1369102070730	67	520	227	show
1369113449356	24	753	495	click
1371082238118	150	468	385	click
1370381205050	27	382	227	show
1373885380377	31	946	23	click
1371279985214	5	969	471	show
1373228081723	92	709	412	click
1373258028491	3	103	219	show
1369087306369	6	361	354	show
1371613397373	136	207	204	click
1369565560363	16	223	231	show
1369616298705	32	426	92	show
1369560558518	128	814	48	show
1369463322134	124	60	62	click
1366442326455	11	107	366	show
1373399601528	5	919	108	click
1367508992187	137	994	199	show
1371465365085	119	709	403	show
1371852137289	133	600	337	click
1367966889564	45	638	235	click
1370124456042	101	858	175	show
1368585200006	107	738	347	click
1367393283539	113	853	495	click
1370812704938	33	757	430	click
1368683345937	130	152	123	click
1370525360591	16	280	81	show
1368861803848	53	186	122	show
1366651901308	47	600	245	click
1370902927580	24	29	198	show
1369895701620	61	778	27	show
1370436103338	25	788	5	show
1374088950666	63	5	6	show
1372315348870	23	262	345	click
1366666892669	8	326	62	show
1368599719428	83	406	301	click
1371302469868	77	227	12	click
1373823551249	120	202	351	click
1372393083494	139	207	281	show
1368389288228	33	141	477	click
1372735530285	39	477	388	click
1367580730559	30	744	270	click
1373473561594	136	324	499	show
1371186756810	19	994	402	click
1371348779670	127	79	3	click
1367453605099	47	238	365	click
1371708206080	126	33	97	click
1367208967502	44	445	190	show
1371631308699	24	412	203	click
1371380668855	108	533	275	show
1366791498068	97	486	240	show
1372429944312	140	640	396	show
1369605011344	59	133	13	show
1370595392259	22	388	359	click
1368196091518	104	403	139	click
1370536870694	105	657	350	click
1372806730691	82	857	303	click
1372034042899	83	960	228	click
1372185299293	131	16	332	show
1372780971089	39	561	41	show
1372221126863	41	342	239	show
1374188334015	98	649	314	click
1367698907946	84	414	159	click
1372233310731	92	478	318	show
1371755437548	129	667	198	show
1373604346656	65	309	147	click
1366860271206	16	562	179	click
1368960007678	52	74	305	click
1368644268523	97	19	360	show
1367141564879	3	130	30	show
1371936696187	42	867	116	click
1373303594591	79	115	437	show
1369691784414	30	370	207	click
1370917760497	67	757	480	show
1372261245175	114	424	392	click
1370141572909	35	683	207	click
1373353416529	57	386	319	click
1373171071213	21	627	94	show
1369524113439	131	922	233	show
1373057789095	86	2	278	click
1370103575676	28	5	412	show
1367444124289	101	434	30	click
1367938884947	70	43	286	show
1373384388838	72	992	270	click
1373792961188	118	829	492	show
1373236711769	82	824	224	show
1367033647358	53	781	279	show
1373857018211	14	329	221	show
1372214750765	49	285	26	click
1370455913982	98	977	273	click
1368973442048	9	11	480	click
1370905619737	29	824	428	show
1373031507133	139	833	199	click
1367453200861	132	716	38	show
1367234214441	25	193	156	click
1369504285222	17	413	293	click
1371434804273	84	152	203	click
1370710053858	129	730	375	click
1371006381814	106	100	452	click
1369435799528	14	679	441	show
1369010919640	127	491	391	show
1367969433270	108	99	44	click
1371905281867	37	399	439	click
1367769957184	104	260	201	click
1373064552378	144	410	260	click
1373784183821	6	569	83	click
1366369838290	61	509	11	click
1368120247646	113	951	89	show
1370265189538	120	580	136	click
1367572189151	149	715	279	click
1369392523360	83	9	120	click
1371215783380	10	986	151	show
1369203655364	139	405	136	click
1368081669305	83	791	165	click
1368091792545	58	462	108	show
1369877846983	81	282	294	show
1368773622583	101	513	9	click
1372087029574	40	942	299	show
1368617454995	141	299	130	click
1370915812387	20	583	257	show
1368480317281	88	96	430	click
1373493366708	18	288	327	show
1369166289033	117	753	375	click
1369072727163	64	987	141	show
1370325230251	87	226	319	click
1369489081830	33	138	374	click
1366611756995	30	666	80	click
1366419029210	25	934	290	click
1372203332710	90	408	6	show
1370961209717	78	442	74	show
1369903732954	22	678	377	click
1373845968339	149	855	13	show
1369557430475	140	836	55	show
1372536444102	110	235	323	show
1370160951075	125	680	8	click
1372028733571	137	754	270	click
1367386187868	81	122	467	click
1370862879647	126	963	173	show
1369244175204	32	87	370	show
1371309429812	150	678	370	click
1367346877587	92	899	202	show
1373634619990	91	214	93	show
1368832157165	41	656	165	click
1367199962559	44	94	459	click
1367513340232	37	502	492	show
1370296001607	6	426	378	show
1370403602300	110	822	240	click
1369238663993	21	546	136	show
1374203846302	25	98	376	show
1368505604076	112	992	410	show
1371299901164	62	63	37	click
1371792256587	124	851	55	click
1368444993288	34	659	5	show
1374152766779	121	664	422	show
1369009326351	97	474	204	show
1372232590183	108	292	166	click
1369191468528	24	418	488	show
1369660646582	124	72	45	show
1373439511824	127	947	119	show
1370828590731	49	825	374	click
1368248786605	77	130	126	show
1368383198314	22	820	206	click
1370253340379	7	410	259	show
1373571510016	130	437	23	show
1367628790636	65	235	397	click
1370709183607	128	793	399	click
1369909462525	78	144	323	click
1373138469100	142	19	143	click
1372653665129	8	520	140	show
1372692476727	27	737	261	click
1370257642412	130	750	430	show
1366617104341	119	11	16	show
1370862073177	118	928	246	show
1368093044534	136	696	304	show
1368902352745	143	532	77	show
1371469500851	17	720	448	show
1368698105826	11	410	347	show
1372806222641	140	490	324	show
1370615609573	11	89	126	show
1371976599832	12	899	465	show
1370128838889	66	917	104	show
1368723418407	56	282	179	show
1370759334445	113	717	110	click
1370173312719	10	8	440	click
1372621235853	46	635	54	click
1367444335567	126	82	493	show
1370049004839	100	82	46	click
1370962354010	72	92	334	show
1370805863696	116	223	282	click
1367155819646	107	486	106	click
1373330941071	112	27	464	click
1366715583772	31	352	237	show
1368436742103	91	896	211	show
1366778353167	103	916	205	click
1371762378855	150	914	318	click
1369490581994	72	221	191	click
1371305899051	90	2	374	click
1371598934462	123	54	18	click
1371795910956	103	46	25	show
1370801931936	10	907	416	click
1370472552964	61	423	227	click
1368156234885	95	885	399	show
1373421139418	147	746	433	click
1368417333991	18	963	173	click
1369708960775	46	160	63	click
1372681352715	83	539	143	click
1371475157706	129	696	381	show
1368947051525	17	652	476	click
1371157330353	96	499	369	show
1368430882448	35	778	275	click
1370288760674	147	390	468	click
1367225793670	58	199	197	click
1371969478987	138	769	351	click
1366997773999	91	760	327	click
1373933447260	126	813	104	show
1369246367670	7	644	325	show
1373148038634	115	904	324	click
1370291594555	10	728	226	show
1369568487533	80	910	307	click
1372047462831	68	427	278	click
1366579511300	53	79	398	click
1370974880188	9	851	340	click
1367670741783	117	643	393	click
1371323960113	121	211	234	show
1371420922205	65	937	77	click
1368914006029	141	623	492	click
1371793142272	42	925	240	show
1368650155249	91	357	220	click
1371286279871	62	29	17	show
1369884737706	51	501	69	show
1373382109468	51	616	270	show
1370581963395	55	413	324	show
1366389169658	36	426	475	click
1367064141954	58	814	311	show
1371294282318	148	828	238	click
1372779393288	147	118	359	show
1367837582014	21	104	301	click
1367519003125	138	972	36	click
1371375805207	75	920	348	show
1366452027229	24	365	275	click
1369753187102	55	522	405	click
1370445702858	81	886	97	click
1368124270572	106	923	112	click
1372883948426	4	105	114	click
1371108731621	78	42	115	click
1370182807854	83	391	186	show
1367905664307	66	204	165	show
1369021543104	29	102	421	click
1366825984834	70	375	489	click
1369373735843	100	906	281	click
1371096698404	94	971	294	click
1370667538266	149	767	8	click
1369480934740	17	63	55	show
1367216782977	47	977	448	show
1368056099951	139	120	228	show
1374192038751	116	130	2	show
1366466169182	27	872	220	show
1371349677203	25	581	481	click
1368704465546	125	284	449	click
1367814073374	37	76	428	show
1372253577238	2	390	83	show
1373318153434	77	1	221	show
1367420154378	13	416	367	click
1373628588529	39	546	491	click
1366902528510	129	667	488	click
1368697679263	13	448	399	click
1366696905945	24	811	246	click
1371073040571	3	733	72	click
1366985435799	52	629	27	show
1368505175228	40	930	132	click
1371474612356	111	100	471	show
1368591002062	67	680	269	click
1371319404342	7	2	385	show
1369886912181	44	1000	162	show
1368177336611	132	953	165	click
1373956217619	122	784	285	show
1368471032031	140	764	288	click
1370917391858	126	350	28	click
1371870952021	97	277	432	show
1367362433728	103	931	280	click
1367747421697	135	815	61	show
1373134697358	81	600	299	show
1371239667779	83	23	485	show
1371602167607	77	848	276	click
1371503961200	121	987	322	click
1366833601680	149	320	424	click
1373259000753	41	268	395	show
1370978959829	79	57	248	show
1373594292416	111	523	461	click
1371007640008	108	309	103	show
1372114322963	46	405	377	show
1367512645476	130	870	49	show
1369217193581	35	173	479	show
1371698818075	119	229	260	show
1367613183514	54	74	88	click
1369764039715	82	277	375	show
1371763318513	39	674	399	show
1370482478935	96	713	82	click
1370428622775	56	205	64	click
1366795966973	113	193	305	click
1369461264546	75	839	37	show
1367992585606	137	663	469	click
1366404267405	20	322	104	show
1367315932851	114	108	60	click
1366908079612	81	183	401	click
1373373075161	136	65	130	show
1368886356794	91	921	37	click
1374124859759	132	143	350	click
1369873104551	73	576	106	show
1372347353343	12	687	341	show
1366699654347	126	872	43	click
1372470197832	51	369	152	show
1373136750630	142	163	338	click
1368357759126	29	12	409	click
1371093342754	76	412	89	show
1367823900869	32	40	480	click
1372329235379	109	69	4	click
1370741778562	10	992	245	show
1367886085400	51	734	251	show
1370908676790	141	150	2	show
1370325955399	70	574	105	click
1368628784785	2	258	88	show
1369925933737	58	270	275	show
1371355614884	6	685	310	show
1366460021537	117	928	320	click
1368734924140	44	604	307	show
1369590641437	37	401	165	show
1370514558445	2	779	319	click
1371205113208	80	338	119	click
1367308605506	64	902	323	show
1369379456282	74	244	310	click
1369099416589	73	894	158	show
1372007482831	99	61	111	click
1370428773289	108	425	35	click
1373751953093	150	743	318	click
1367268727299	87	505	271	click
1372140502353	36	242	440	click
1371189208461	5	749	278	click
1371270626569	113	799	285	show
1372989264623	65	471	37	show
1373657150598	122	557	420	click
1371397950157	100	318	39	click
1372951510879	2	311	267	click
1373344216312	14	451	438	click
1368084291356	84	490	446	show
1366824525634	117	998	274	show
1373676069595	35	213	401	show
1372504858394	108	774	45	show
1373291493739	93	486	16	show
1367217134328	127	665	184	show
1368462759422	74	641	497	show
1369581058021	21	800	119	click
1371506028993	129	238	34	show
1372195445238	38	263	93	click
1372214760496	12	99	133	show
1367528209614	149	854	431	show
1367975882868	78	656	443	show
1369032735155	112	351	469	click
1373615984981	132	448	452	show
1366433695211	64	2	326	show
1371286172739	73	373	128	show
1371805138367	40	913	454	click
1373953572098	11	286	247	show
1371300713415	111	601	122	show
1372216859200	100	518	109	click
1367521661735	107	843	272	show
1366926404617	134	418	319	click
1370063085531	51	32	461	click
1367655612626	25	259	393	show
1372405458878	113	215	419	show
1369569059178	30	451	465	show
1371461606422	123	391	171	click
1372049493903	39	184	431	show
1369628859109	23	646	287	show
1374166904805	105	375	143	click
1373347628732	31	215	364	show
1370555294147	149	51	72	click
1371725220460	149	695	334	click
1369625007950	21	298	183	click
1367121718028	113	527	36	click
1368101697445	116	116	246	click
1369344009785	17	426	71	click
1367895929850	2	239	264	click
1368610302129	135	305	247	click
1368051888231	135	633	98	click
1367812251781	6	577	278	show
1371649148217	9	627	335	click
1373049154624	139	577	123	show
1369084873813	21	306	289	click
1370656576929	47	176	179	show
1370968620176	21	174	85	show
1369898401147	120	266	284	show
1373066653075	16	643	474	show
1367576778403	85	163	28	click
1366933512990	145	143	430	show
1372828513083	121	632	467	click
1371589274458	74	167	53	click
1373590907370	95	401	454	show
1371023558231	85	233	363	show
1368581302258	103	432	146	show
1368681945139	86	427	246	show
1373874755797	76	620	85	show
1367364051297	6	405	361	click
1371022104521	22	457	120	show
1366381958841	122	121	429	show
1370960463934	8	522	214	show
1371828466248	68	375	13	click
1369124167691	36	999	80	click
1371686396452	8	768	304	show
1370029851156	90	782	164	show
1372495119977	136	367	108	click
1372634450785	148	733	166	show
1370211655416	105	777	229	click
1371796511456	137	140	214	click
1373676927045	57	347	426	click
1369604136587	124	380	42	click
1368110062967	106	425	304	click
1369121854432	79	401	452	show
1373783146656	101	887	324	show
1369922332538	25	259	351	click
1369674946627	145	309	343	click
1370665586430	85	648	3	click
1370918002218	82	742	457	show
1367277023961	54	375	252	show
1366488129892	56	767	18	click
1369571526146	109	706	220	show
1374185915156	126	505	426	click
1367497712103	142	217	392	show
1367562078457	11	222	355	show
1366523207635	132	609	103	show
1372328005187	11	92	397	show
1366533240294	78	225	80	show
1373851661347	23	624	448	show
1367422456207	118	868	123	click
1367981083404	111	721	186	click
1367439895845	40	175	230	show
1371981795506	33	897	267	click
1367765435529	133	157	96	show
1368343477874	143	900	463	click
1368885098019	22	964	115	click
1370266154892	54	903	23	click
1372918861151	96	117	373	show
1370576852916	125	575	49	click
1369374628131	104	818	356	click
1368071562016	149	187	173	show
1369424809104	6	221	356	click
1370640638039	22	899	483	show
1373424272605	31	789	184	show
1372025682118	87	5	3	click
1373025688056	68	638	392	click
1371229659745	125	675	275	click
1368165629828	58	359	233	click
1373747802066	58	440	380	show
1367508057688	28	940	5	show
1373424274055	56	24	230	click
1369904395450	136	868	143	click
1372610353155	114	981	416	click
1367189243424	39	220	278	click
1372050353528	139	586	325	show
1366708351797	66	86	271	show
1372284510437	42	549	196	click
1366483353893	59	614	1	show
1373279390429	78	981	206	show
1371226666627	28	723	363	show
1371379043083	39	564	206	click
1370205679032	135	111	194	click
1371091061348	132	878	222	click
1367787525348	76	783	127	click
1369991715329	137	89	437	click
1366746718398	114	809	19	show
1371233498956	18	720	159	show
1374104945742	84	440	80	click
1373882410225	150	291	489	click
1366343515719	72	796	183	show
1370431542708	74	688	420	show
1368399779044	40	764	119	show
1370814518309	71	190	59	show
1370460537775	87	483	215	click
1366684519746	150	873	351	click
1369601413887	2	233	205	click
1368086004577	38	618	404	click
1372599357370	45	550	208	click
1370095881555	68	564	66	click
1374163692494	106	897	478	click
1373794328137	61	228	349	show
1367972624567	126	40	169	click
1370115610051	77	740	293	click
1373549889852	5	632	473	click
1368619307586	4	202	450	show
1371769541411	35	813	325	show
1372301431249	117	751	415	click
1371840380720	118	912	375	show
1374173060076	60	631	395	click
1369192840106	126	713	333	show
1366850759518	89	421	105	click
1373506079216	57	211	278	show
1368517297456	127	424	201	click
1372891360384	16	58	403	click
1370458143600	118	665	382	show
1373387332484	16	901	135	click
1371378541835	64	951	454	show
1372915641061	70	511	478	show
1369629724415	23	120	233	click
1369177290980	145	974	259	click
1366647722966	17	462	164	show
1366785700631	34	412	470	show
1367868713810	93	170	33	click
1369295484064	122	497	64	show
1371495379485	97	988	398	show
1369969501148	79	326	38	click
1373688228645	54	721	371	click
1372776566401	146	250	322	show
1367975109867	12	548	147	click
1373269895831	24	48	266	click
1367344368143	42	291	127	click
1369756744219	149	787	465	click
1370382964403	41	16	226	show
1368641165002	121	270	296	show
1370466977685	83	609	21	click
1366846209506	75	812	262	click
1369119900155	20	494	302	show
1371556139529	23	792	298	click
1369983904369	43	928	392	click
1366630961946	108	490	357	show
1370306375560	103	183	410	click
1368125707772	23	442	137	show
1368678325189	40	737	156	click
1374041790794	12	260	130	show
1373843641292	26	872	397	show
1369336356440	83	439	448	show
1371822419528	16	435	10	show
1370805838761	30	622	483	click
1373450540385	86	162	440	click
1373379711086	124	524	88	show
1369575536561	64	44	310	click
1366749929322	31	416	155	click
1372823988355	113	201	438	show
1373563152243	133	779	141	show
1370842945706	46	868	327	show
1370502797346	125	749	38	show
1370379084427	109	603	27	click
1373388194315	3	318	170	click
1368594796646	74	141	141	click
1370161189192	148	193	51	show
1370329020458	33	825	486	show
1371758808191	140	103	500	click
1372517584874	40	68	256	show
1367044312359	31	327	326	click
1372466011009	141	752	473	click
1373787508053	60	723	394	click
1369295161617	142	811	151	click
1372666203166	9	438	330	click
1373680096984	135	347	405	show
1372873847793	142	531	53	show
1366550114112	17	714	290	show
1369853493639	146	685	305	show
1368674362030	38	350	220	show
1374109688433	6	668	72	click
1370920715516	43	173	185	show
1367556339441	64	481	262	click
1366403277239	60	896	175	click
1369458280958	2	807	300	click
1372863351575	65	478	170	show
1370794009145	122	761	125	show
1372823020023	52	979	139	click
1370052618463	57	408	382	click
1366877932465	49	223	7	show
1373541528472	134	816	422	click
1368739879172	63	861	72	show
1371677658205	126	667	54	show
1367168493285	15	500	326	show
1371744862212	51	191	493	show
1369530231639	143	75	4	show
1369607425265	136	397	230	show
1370647500322	124	344	279	show
1371191276511	109	309	34	click
1370896265727	43	527	101	show
1367181938038	100	43	429	click
1366560813755	70	439	237	click
1371199604238	108	561	164	show
1367949188350	50	963	112	show
1371264315697	149	367	47	click
1370775105253	21	682	109	click
1370415531341	71	403	46	click
1372883162236	114	520	412	click
1367092793862	89	472	326	click
1369793316313	7	357	449	show
1368168592194	36	851	283	click
1367193162821	20	551	441	click
1372291832736	60	13	345	show
1368486242108	126	450	455	click
1366535732657	84	219	224	show
1373966339299	48	539	445	show
1368531310204	21	10	328	show
1371657576042	99	706	143	click
1370880028562	95	575	121	click
1369408753657	65	70	79	show
1371899177624	138	511	379	show
1372902856777	95	559	303	show
1369075558463	129	214	123	show
1369093762136	72	495	283	click
1369931474691	53	352	368	show
1372151567642	34	321	57	click
1373790842389	138	873	26	show
1370647179043	93	917	57	show
1368708484878	144	758	104	show
1369642406468	42	812	244	show
1370930081673	69	815	431	click
1369426353615	41	122	409	click
1373013580055	13	776	192	show
1373283912742	42	92	454	show
1372459439263	63	438	278	show
1371198451971	74	785	498	show
1370968466820	57	952	248	show
1368541740717	81	471	123	show
1372484399216	19	507	394	show
1369514016796	22	569	368	click
1373886318307	88	767	179	show
1370504739182	129	726	180	click
1373013152366	107	752	386	show
1373778190831	43	21	420	click
1373714533778	11	75	150	show
1368000817830	116	407	184	show
1371743041069	123	264	299	show
1373290165516	81	775	260	click
1371856572685	123	845	192	click
1368941343343	145	444	144	show
1372966107388	42	505	123	show
1373958558575	136	368	375	click
1370719447725	145	911	394	show
1368556051978	149	688	449	show
1374181929658	32	281	217	show
1371295789128	23	694	23	click
1367673183812	62	784	208	click
1368652411607	82	723	443	show
1366566367063	81	356	123	click
1371973146818	72	43	242	click
1369463956444	141	435	434	show
1373209909150	105	513	79	show
1371218026012	49	407	69	show
1372499733128	127	86	498	show
1374203546067	116	162	164	click
1369663567975	42	63	201	show
1372565158956	127	359	346	click
1367132116989	144	653	34	click
1370443203331	32	598	276	show
1368916792159	135	567	255	show
1371192114350	106	371	198	show
1367370487395	63	138	104	click
1367778148161	145	2	273	show
1373493617522	71	269	255	show
1369809731980	97	156	262	show
1373235665499	139	819	463	click
1368736478168	34	511	307	show
1368952977557	142	540	387	click
1371830994678	25	582	40	show
1371029656916	16	638	473	click
1368731992877	56	148	416	show
1371739447757	137	634	274	show
1368258098492	94	180	72	click
1366512181453	54	651	83	show
1371146510717	121	516	164	show
1371949016853	21	863	64	click
1369047751609	127	827	264	show
1371906064105	18	404	409	show
1367605596790	25	904	196	click
1369342030501	122	705	351	click
1369579671670	97	553	252	click
1369133091065	3	483	479	click
1369519712681	18	22	19	show
1372984363556	50	225	1	click
1367639431984	77	584	125	click
1372157883124	117	964	171	click
1368910866069	51	410	366	click
1369834261467	70	358	434	show
1367999689444	13	796	262	click
1372709748049	79	459	153	click
1368420108364	68	137	429	show
1367120781035	87	928	318	show
1369930696210	120	534	24	show
1373056092529	97	919	109	click
1371379704294	38	452	119	click
1368637921886	51	414	478	click
1369595784476	137	551	450	show
1372878743543	23	191	192	click
1373301595197	117	973	204	show
1367527360110	61	300	409	click
1371356577039	141	397	74	show
1372889749008	145	572	21	click
1371362711122	6	627	27	show
1366470279319	67	961	218	click
1373701518641	86	720	151	show
1366704502974	17	55	116	show
1369252566622	146	882	205	show
1368339921181	85	355	417	show
1366610966096	37	21	491	click
1373206935945	138	698	460	show
1370251997660	112	572	335	click
1373465692181	135	712	385	show
1366933593208	82	291	327	click
1366649244499	108	120	166	click
1369771459755	30	805	365	show
1371246031532	37	878	412	show
1369530221393	137	313	83	show
1373774187153	145	443	404	show
1373359569315	13	641	134	show
1368067776310	34	323	291	click
1373795304288	7	109	152	click
1371741673347	107	662	12	show
1373687824967	59	711	349	click
1372399054153	115	659	233	click
1373904331314	9	201	410	show
1370429731421	34	271	125	click
1368145636567	44	967	225	show
1367357334631	19	184	295	click
1369252733486	131	691	167	show
1366795273335	71	384	89	show
1367047710891	89	848	232	show
1368752578117	57	512	338	click
1370593345238	83	411	147	click
1373947584264	7	998	362	click
1374103434316	46	367	121	click
1372923076059	4	705	396	show
1369589869216	37	533	421	show
1367452793555	9	625	371	click
1372677260757	55	272	47	click
1369410103306	25	48	455	show
1370670557534	73	810	153	click
1372531806613	108	860	133	show
1368292007644	103	448	265	click
1374002850147	88	480	390	show
1374186758927	70	626	276	click
1371938836841	93	693	461	click
1368523229300	46	633	404	click
1370656100345	96	705	89	show
1368672570327	29	304	477	show
1367939299637	17	974	217	show
1371063239383	30	406	490	show
1370806563504	70	975	239	show
1366562127077	52	756	263	show
1371528698142	53	120	125	click
1367671350925	6	310	296	show
1371512980212	141	355	458	click
1373716821311	39	187	185	show
1371899295401	128	915	408	click
1368727678708	145	44	494	show
1366463178600	113	423	429	show
1367022469742	38	344	492	click
1372499170079	7	970	223	click
1373429089900	27	647	435	click
1372208589066	52	239	254	show
1370948466011	64	899	228	click
1371754376864	128	156	159	click
1370190588561	91	160	360	click
1368586284351	57	391	425	click
1368410171750	143	997	337	click
1372117348505	81	671	167	click
1369686461841	54	281	284	show
1370488143493	1	299	444	show
1367784067347	41	863	82	show
1372710335302	122	336	329	show
1369942907134	44	347	278	show
1368805714244	125	182	109	click
1372193176147	17	884	474	click
1366605791110	124	66	41	show
1371230658427	127	388	216	click
1367345019891	49	486	244	show
1368398912636	70	365	150	click
1366986709246	32	227	488	show
1370272556635	65	677	197	show
1372869635294	10	606	409	click
1372296305240	33	723	467	click
1373794462426	15	69	380	click
1371484034339	90	254	172	show
1372517623130	87	99	68	show
1374158449023	98	735	112	show
1366833306906	80	490	151	click
1366615719682	90	148	446	show
1373270775683	134	350	403	click
1368716300770	48	537	244	click
1369660716646	51	775	371	click
1366858051956	150	604	469	click
1372803403451	103	513	377	click
1373819969404	136	874	205	click
1370692604548	130	838	248	click
1373676116167	142	675	225	show
1368841289417	133	178	452	show
1368022991501	56	130	202	show
1369628831278	118	972	56	show
1372659848371	82	425	398	click
1373201844248	78	775	106	show
1372781455169	65	200	2	show
1373661381902	65	645	78	show
1372881312170	119	126	27	show
1370475400587	46	884	26	show
1366777352111	112	885	408	click
1369467343462	26	595	467	show
1371898370888	146	159	149	show
1368722250799	123	580	279	show
1372920370052	76	179	74	show
1366931481941	61	672	179	click
1371798790729	58	457	456	click
1368177613874	53	837	7	click
1368525353829	44	558	220	show
1373430723666	57	339	318	click
1368385946945	17	861	350	click
1369951213076	24	994	364	click
1367061045227	115	517	409	click
1368528088882	125	594	81	click
1367736441846	15	404	282	click
1373402744175	26	111	442	show
1373296293288	95	267	237	show
1372363715636	79	856	392	show
1373620045741	55	409	498	show
1371118396617	122	32	246	show
1373151036049	7	340	389	show
1370527812857	64	222	214	show
1372791857798	110	500	384	click
1373184481095	91	475	208	show
1367406060237	27	972	477	click
1373781453079	8	740	267	click
1372029055344	39	515	141	click
1368337969096	139	179	227	click
1373354814465	106	178	151	click
1369718390619	145	970	100	show
1367286708961	29	818	202	click
1371029935623	104	495	485	show
1366979273063	118	853	376	show
1366970988392	34	747	79	click
1373119091720	117	936	93	show
1371606128884	118	666	9	show
1368688929382	3	449	183	click
1372142777944	144	28	303	click
1373984529137	27	556	460	click
1367020718775	123	560	301	click
1373127365775	130	532	461	click
1368685960485	89	147	229	click
1371559847465	7	565	216	show
1369354706351	131	531	214	show
1367831885129	146	835	327	click
1370736889497	139	455	78	click
1371747176255	143	920	305	show
1368569623594	142	935	148	click
1373348102752	61	662	300	click
1371496355084	142	835	25	click
1369576138901	36	787	147	click
1366784836743	129	4	219	click
1371774636985	59	491	362	show
1366705860513	95	626	291	show
1372601855443	80	392	411	click
1370109841953	145	897	126	click
1367434322498	38	983	227	click
1370535082727	40	933	440	click
1367021490757	57	223	120	show
1368801550666	109	612	378	click
1370018069971	100	406	370	show
1370663815629	57	636	36	click
1367262440427	10	575	320	show
1366659823787	24	425	112	show
1372762504691	94	988	178	show
1370111333942	16	633	217	show
1367967846557	47	424	492	show
1372980271274	24	83	103	click
1368578161092	78	155	476	show
1366650886153	78	804	332	click
1370933927914	148	25	454	show
1368424159788	133	600	227	click
1368431327349	80	340	162	show
1367925531562	62	224	25	click
1369735614269	31	501	209	click
1366473455844	68	779	473	show
1368532346142	148	303	226	click
1367637650986	121	526	112	click
1372535855040	85	37	179	click
1370242486416	39	97	434	show
1374083404935	129	945	206	click
1373725476900	96	573	119	show
1372621738815	110	62	45	show
1371722243168	139	694	469	show
1368889182013	35	678	8	click
1371201519317	74	464	327	click
1372302876836	38	108	40	show
1373791559924	78	717	232	show
1370662667128	22	914	133	show
1369133006960	17	783	310	click
1368818076843	52	469	329	show
1367909317596	97	119	185	show
1368795996199	25	118	424	show
1372458251672	25	758	84	show
1371033024402	89	768	265	show
1372591216462	23	266	134	click
1372446437512	132	539	103	show
1373179884949	33	77	474	show
1372346266821	119	942	109	show
1371950701450	55	268	316	click
1373942187463	115	480	467	show
1368019104728	87	692	129	show
1367934374100	20	576	114	click
1366932833063	65	221	378	show
1368305570604	64	353	470	show
1371165328180	45	156	223	click
1371946142153	144	336	59	show
1371529584484	65	35	237	show
1370770674658	29	532	228	click
1367161097535	118	736	393	click
1372382426780	19	357	129	show
1372630952562	1	504	275	click
1367437637715	5	488	380	show
1370456056683	145	725	238	show
1372759730285	38	202	83	show
1367058119156	4	661	499	click
1369883289265	119	745	287	show
1368060944140	32	669	374	click
1371086954085	149	77	311	show
1370921096396	85	492	380	show
1372611059602	64	866	401	click
1367856832931	41	561	110	click
1373108800479	135	923	428	click
1366436188023	47	59	309	click
1366889101360	71	96	446	show
1368914614499	110	95	211	show
1367620649191	105	797	167	click
1370150087953	144	267	138	show
1370920476305	4	435	55	click
1369894218502	66	231	10	show
1372982529244	85	88	460	click
1370892198677	122	714	339	click
1367658105989	115	650	410	show
1370364071317	108	445	34	show
1368943246242	121	219	399	click
1367410287593	53	278	169	show
1369607719248	109	358	421	show
1371177201229	144	501	467	show
1369850327148	103	917	463	click
1368498400600	34	299	481	click
1374013571670	127	600	95	show
1368886238289	146	917	475	show
1372131313371	91	807	329	show
1367193334342	136	346	157	show
1371289335167	44	594	192	click
1373466187827	70	664	98	show
1366474890129	50	621	478	show
1367881612042	64	496	280	show
1371291376136	90	706	277	show
1371219600528	52	66	485	show
1370614856526	11	123	368	show
1373320982630	145	186	304	show
1371325972661	89	848	58	show
1370781811084	68	103	367	click
1370416811677	13	231	313	show
1372281453080	116	973	208	show
1367650290730	6	760	374	click
1367173563625	137	682	252	click
1366565428658	49	632	500	show
1373130238844	91	598	283	click
1373663876661	114	930	324	show
1373528472959	138	76	429	click
1371439281378	64	711	237	click
1371352103970	7	661	256	show
1372608256231	2	198	213	click
1374012767924	23	330	16	show
1372391313542	100	944	463	click
1369358220848	75	601	60	show
1373301103237	73	77	407	click
1367822193143	76	326	107	show
1366472657690	45	929	155	show
1368211079663	74	789	260	show
1374171273775	74	471	473	show
1368419797957	150	477	443	click
1368564424135	33	839	340	click
1370881732279	120	325	452	click
1373405190599	79	441	207	show
1367731888264	70	375	488	click
1368287583710	20	111	174	click
1373816535655	61	837	308	click
1368651685776	147	708	113	show
1369198593680	45	943	226	show
1367267502870	35	105	41	show
1371091304844	44	89	117	show
1371428943378	42	907	190	show
1373301067957	96	650	497	click
1371831307025	61	949	182	click
1367960987437	28	84	350	click
1366589137082	3	182	135	show
1373761552991	36	534	499	click
1373829720565	84	317	67	show
1368929872489	105	436	74	show
1366705962968	75	437	148	click
1373808804912	36	958	80	click
1371038987612	52	508	420	show
1372487114142	86	260	350	show
1367622358753	129	347	119	click
1373589158137	117	122	216	show
1366901175727	112	691	271	show
1367712604711	78	264	20	click
1370133235755	102	815	464	show
1369898178535	56	687	229	show
1369885152044	73	205	385	show
1372621639900	95	208	363	click
1370285111825	138	36	293	show
1369175982705	90	901	434	show
1366683885770	124	838	46	click
1373593283935	91	27	14	show
1367710864717	70	852	51	show
1369678775183	25	874	376	show
1372462735977	86	465	197	show
1370945531316	4	1	471	show
1372586652469	35	710	26	click
1370404697262	71	434	346	click
1371032774149	91	746	319	click
1370159641840	80	662	288	click
1366828310735	41	897	4	click
1368193900456	18	412	193	click
1371565531732	109	243	98	show
1368026683591	63	286	286	click
1369329273719	48	781	131	click
1370940457124	105	377	46	click
1368458089092	90	680	145	click
1370627739987	68	226	4	click
1368737016295	7	167	208	click
1368237346207	64	178	375	click
1372607624502	144	635	309	click
1368991276490	10	813	227	show
1369244863360	54	700	39	click
1372422072340	49	910	388	click
1370561688807	69	308	23	click
1367861624626	26	510	394	show
1366367280515	142	739	197	show
1371728673588	109	57	219	click
1367757986416	121	581	397	click
1372495314792	57	677	361	click
1368127265174	137	786	334	click
1370443226331	79	539	445	show
1371603786448	123	920	27	show
1367787716891	25	232	434	show
1372483059886	150	609	207	show
1373640629744	88	429	441	show
1374002879894	6	94	179	show
1367701075866	94	572	243	show
1367629566378	97	85	14	show
1373171925823	116	820	486	show
1369494989508	67	570	25	show
1371655770466	59	696	259	click
1373948056261	131	968	116	click
1370372940988	48	246	194	show
1371102494618	101	659	111	click
1368367488816	106	1	206	show
1370741791715	143	670	464	show
1373295848277	17	29	355	show
1366590601056	36	876	148	click
1372675753320	37	44	400	show
1367866137099	40	80	100	click
1369066867467	55	755	214	click
1372232692149	9	464	299	show
1370932197316	114	645	9	click
1373114761265	139	516	500	click
1367839258143	135	441	371	show
1370364780495	31	742	482	show
1366606360628	63	623	479	show
1371221487658	136	557	298	click
1370014734705	7	697	129	click
1370045198004	124	445	374	click
1368614689756	81	192	350	click
1370357881856	93	53	266	show
1366523369788	32	180	362	click
1372744669107	125	20	108	show
1368972164784	113	835	436	show
1370990072407	149	104	2	click
1369273827752	94	546	271	show
1369935013158	84	503	283	click
1372629606660	24	768	207	show
1367800816202	53	456	39	click
1373305869642	107	954	500	show
1373202076187	138	855	37	show
1373142437705	39	232	205	show
1367292008251	91	411	14	click
1367489984828	41	325	465	click
1372153490518	103	550	442	show
1371133072005	21	573	314	click
1373326551561	127	678	200	show
1373127706151	8	156	498	show
1368220917805	139	994	22	show
1368826966905	15	891	263	click
1367015174668	83	436	365	show
1371958300405	52	592	215	click
1373905114390	62	206	477	click
1371198335543	121	979	396	click
1370332185281	30	50	379	click
1367113570332	50	31	88	click
1366918245770	24	691	491	show
1371933395972	50	943	464	show
1366508863866	6	294	40	click
1366533458911	23	20	347	show
1373343185617	101	879	147	show
1371535520980	84	368	338	show
1366343048286	150	88	436	click
1372560494736	106	575	311	show
1368425175825	79	865	228	click
1370743543610	92	464	137	click
1369046165036	9	712	264	click
1373208113411	101	625	238	show
1367474762405	68	663	23	show
1370847019467	138	518	464	show
1368301828869	147	62	311	click
1371863620721	73	455	187	click
1372517007676	48	887	196	click
1368347942946	53	139	172	click
1370569667825	65	638	109	show
1367815590097	47	530	364	show
1366679744988	144	795	172	show
1374036703581	82	447	410	click
1372319626085	137	75	343	show
1368154325174	2	983	171	show
1374026094768	119	341	73	click
1370922024145	147	469	66	show
1370874364216	134	133	56	click
1372718511651	22	152	110	click
1367417212922	38	521	284	click
1367287978236	16	649	471	show
1368476718033	133	359	318	show
1370084474416	120	195	85	click
1370447793991	141	389	4	click
1369352392948	37	382	364	click
1372380805560	47	664	241	show
1366700222388	101	421	111	show
1366905564998	95	188	191	show
1370492101831	48	398	379	click
1368231654172	79	746	80	click
1369096723913	79	112	118	show
1370460734948	84	760	54	show
1370988176183	112	894	10	show
1372983902087	2	870	151	click
1369538353298	49	167	324	show
1368358514840	108	487	485	click
1369689295296	84	55	258	show
1373900310267	142	155	92	click
1371908202056	100	698	297	click
1367456421842	121	719	470	show
1367973097007	118	789	98	click
1369704057735	2	539	120	click
1367516059829	130	342	373	click
1366743323982	38	648	12	click
1373396751052	41	31	362	show
1372894059941	63	340	392	click
1369542205931	83	139	492	show
1371558225353	113	649	60	click
1373600692070	120	901	297	click
1366420354347	32	22	422	show
1367729809083	38	956	468	click
1372064553906	123	496	253	click
1371113682862	28	719	160	show
1367771906927	25	309	330	show
1374197758296	113	740	454	click
1367787303478	30	907	20	click
1371600882938	90	26	474	show
1371965365301	106	638	465	show
1368433421872	125	431	81	show
1371817525120	26	771	299	click
1369022784956	31	422	168	click
1366568429650	109	765	420	show
1373184256930	7	746	431	click
1367323236958	10	483	251	click
1370167743617	24	263	472	show
1372778015459	11	70	421	click
1371396251691	117	649	438	show
1372833279400	88	124	422	show
1370173310376	50	661	366	show
1368615028523	47	943	365	show
1371858921466	142	518	113	show
1367932105021	5	164	367	show
1369811666499	28	836	449	show
1374069844092	30	669	2	show
1366907657799	139	676	210	show
1369738854812	24	818	119	click
1370883688287	7	117	322	show
1370974249438	34	105	185	click
1369316998355	72	365	451	click
1366428094416	85	302	438	click
1366975529651	89	339	308	click
1370006426303	97	706	1	click
1370399900382	80	288	98	show
1367774996590	81	980	91	show
1369476472516	78	120	412	click
1373917263600	123	933	117	click
1367907573190	96	384	443	show
1371174775135	92	896	367	click
1367362233561	65	926	387	show
1373927511947	61	869	172	click
1371652779190	21	733	35	click
1369046691797	45	741	494	show
1370688515927	145	24	9	click
1369245025020	69	699	438	show
1369581831052	28	503	177	click
1373096430115	114	672	220	show
1368085566269	20	451	151	show
1373620416719	16	513	432	show
1370330892690	96	94	220	click
1369644665503	146	920	311	click
1366928409715	76	226	301	click
1370845179360	52	253	21	show
1367098543763	54	242	499	show
1371314069798	26	936	483	click
1369543226713	6	889	457	show
1371587049469	104	506	175	show
1372423207912	63	193	477	show
1369010585159	125	478	305	click
1370187299902	16	132	121	show
1369882538141	126	887	58	click
1368847260070	145	301	383	show
1369642318970	47	104	218	click
1366699681308	34	652	227	click
1373811660877	1	726	87	click
1368544735197	137	362	266	click
1371098176747	137	604	138	show
1368755664202	53	867	205	click
1370195000025	21	366	444	show
1369171743397	90	641	296	click
1369217160206	35	569	495	show
1366634806985	116	478	271	show
1372512728876	58	124	78	show
1372591003281	93	452	336	show
1373744761680	14	630	225	show
1373475518980	17	473	230	show
1371826927761	115	737	342	show
1372799969937	39	682	382	click
1371930232099	136	237	224	show
1369008841619	3	551	469	show
1373761578032	53	484	134	click
1369084786540	62	447	296	click
1370497700185	79	247	162	show
1369919190175	117	926	359	click
1374128546422	103	699	497	show
1368642113924	8	660	131	click
1373764101835	18	780	417	show
1366664851289	119	681	487	click
1367524213174	12	216	399	click
1369523780192	142	853	178	show
1372186286004	105	122	41	show
1368007425849	18	104	133	show
1369411222669	62	943	485	click
1367262219709	87	666	293	show
1373821375526	35	597	417	click
1368948164393	100	556	456	click
1371213950665	149	99	2	show
1373661658978	15	199	496	click
1367671091190	23	426	147	show
1368315921578	113	929	444	click
1367312956186	37	761	233	click
1371421579449	56	689	418	click
1369443894246	84	913	159	show
1370632772813	69	786	3	click
1369481172793	136	339	469	click
1367722377336	124	539	473	show
1369578919025	18	139	111	show
1367359525397	3	179	335	click
1373209027770	118	634	206	click
1367162650058	51	580	141	click
1372930199584	18	277	335	click
1368566342773	42	262	248	click
1370970085434	136	537	381	show
1371863876992	87	381	266	click
1370412358838	24	292	258	click
1373118965220	1	987	30	click
1369596614097	70	223	500	show
1371526129187	114	338	472	click
1371858268265	77	949	142	show
1367891171178	41	230	222	click
1368527231926	76	844	318	click
1368393129259	70	686	467	show
1368892527628	69	358	472	show
1371865942106	118	976	422	show
1367874478484	36	190	432	click
1366484493473	55	347	446	show
1366749091767	13	870	1	click
1371067047596	3	299	78	show
1371138524965	77	39	231	show
1369542929505	93	532	462	click
1370061467806	55	130	191	click
1367984604020	59	725	380	show
1373633303501	76	242	193	show
1366428728573	26	630	267	click
1372814592328	114	851	90	click
1366748037252	14	870	404	show
1369895413942	93	98	428	show
1367290426136	116	167	35	click
1367960730682	111	704	21	show
1367304767994	94	652	455	click
1366573067506	25	38	179	click
1374003988926	37	909	19	show
1374119119881	87	212	321	click
1367573704705	134	641	480	show
1372809954979	23	517	306	click
1371921625497	113	52	493	click
1370606495543	44	160	500	show
1370490404203	14	400	230	show
1369568201374	82	228	490	show
1370552493344	126	339	224	show
1373368413965	122	477	77	click
1370597384142	15	640	364	show
1371858773999	117	412	416	show
1368193467495	128	600	373	click
1366930629114	116	452	25	click
1368517741362	31	807	309	show
1372355222070	33	247	113	click
1373442009944	95	452	313	show
1372202091094	120	386	271	click
1371756641827	135	839	63	click
1369458487064	60	866	327	click
1369872752796	107	659	495	click
1367465821482	44	888	405	click
1369881281544	44	670	189	click
1366617730581	47	471	301	click
1370724102868	4	830	13	show
1370173849261	51	67	235	show
1373775199157	37	51	417	show
1373478402022	24	297	17	show
1372594134770	85	630	340	show
1370442235910	94	917	423	click
1369605934437	56	397	465	click
1372840327620	132	600	79	show
1372771810010	133	840	124	show
1373954959423	97	743	320	show
1369936485432	73	807	231	show
1371773502819	78	614	394	click
1369751592109	44	882	174	click
1370678996275	44	754	176	click
1372092185034	125	397	453	click
1368969399635	82	138	79	click
1372012039105	44	965	32	click
1373877989623	118	447	356	click
1372512468028	66	718	316	show
1373559689676	83	795	216	click
1368373116192	78	923	379	click
1372655508580	132	448	418	click
1371307303112	141	769	448	show
1369644830286	14	598	242	click
1373511358243	49	199	179	click
1372367141271	143	949	273	click
1373835725334	25	855	454	show
1367377168968	36	895	473	click
1369501180376	15	30	431	show
1366628046402	4	945	109	show
1371488600679	79	401	178	show
1374024804489	146	358	68	click
1370149651861	144	554	74	show
1369246214748	69	43	297	click
1371290601807	123	858	419	click
1371611876286	12	809	166	click
1366869524167	94	37	158	show
1367266983705	38	607	119	click
1368500936868	108	9	215	click
1369800520051	58	393	432	click
1371591448039	118	960	299	show
1367263414411	8	205	494	click
1372858166269	120	838	466	show
1368139419007	140	972	283	show
1369183600277	33	536	255	show
1373263376781	85	667	73	show
1371454350401	47	623	7	click
1370130964572	75	472	258	show
1372311116047	45	215	291	show
1368607409978	26	144	101	click
1370883361668	134	212	6	click
1372053729414	48	972	50	show
1367478278370	18	807	91	show
1373069624622	5	975	83	click
1366809105412	74	588	302	click
1367774872128	18	833	66	click
1369557771862	28	914	387	click
1373204049516	114	330	161	show
1368758210128	7	868	19	show
1373305603571	133	544	369	click
1370941473012	25	620	41	click
1369560719969	50	721	70	click
1367988197398	102	351	490	show
1373449634746	86	359	266	click
1367330701296	139	491	245	click
1368967917258	12	759	80	click
1372680754159	31	981	3	show
1366729463884	109	938	459	click
1368315845607	67	534	319	click
1366464599667	97	164	259	show
1374023918441	120	324	15	show
1369841930894	79	545	323	show
1371221407865	118	998	27	click
1373421351561	3	321	249	click
1366934279206	135	47	27	show
1371946065900	145	454	28	click
1371193911621	91	760	223	click
1368981112152	122	339	248	show
1370015989845	8	598	129	click
1367468877634	74	725	34	click
1373419063066	58	24	65	show
1373899149559	106	533	306	show
1373395354534	46	956	402	click
1366522623865	114	967	124	click
1372805108370	82	388	136	click
1371284083900	39	860	489	click
1373019752556	111	621	94	show
1369779844049	56	195	281	click
1373975841543	43	259	406	show
1372113288592	3	257	248	show
1366372299735	149	381	241	click
1372360403460	8	306	381	show
1367008478013	88	64	224	click
1367978308217	120	912	224	click
1370887723494	45	717	53	show
1367062809175	123	884	42	show
1370202018654	146	201	303	click
1372780602226	90	64	59	click
1368723702264	61	917	168	click
1367116249135	77	562	188	show
1367607367292	103	957	480	show
1367182447016	120	265	438	show
1371792273601	30	98	398	show
1367196087302	83	81	120	show
1371027144001	90	931	390	show
1370244408288	4	112	295	click
1368717553364	113	962	30	show
1373819555648	30	625	208	click
1373457324131	131	802	475	click
1366406575455	104	529	435	click
1368536315322	131	575	433	click
1366390955839	83	935	408	click
1370880036691	125	339	475	show
1368107648359	134	914	397	show
1368902623632	5	770	246	show
1368794618613	58	722	198	click
1373640586859	116	335	307	show
1367902260919	19	623	196	click
1371169968031	65	833	74	show
1368254149168	137	310	8	click
1372626217761	66	696	84	show
1373088545548	8	975	190	show
1368501592625	101	174	119	show
1372015988987	97	167	207	click
1368482167741	50	348	15	click
1370025467330	81	239	164	show
1367100334507	101	562	489	click
1369036611766	19	431	453	show
1369939615523	75	841	261	show
1371694920767	28	269	304	click
1369058658563	52	254	264	show
1372374373254	132	176	257	show
1373032949237	57	522	202	show
1368719112762	117	176	107	click
1367887695511	136	832	9	click
1366648166458	142	794	481	click
1371188432517	52	977	207	click
1371766021724	143	745	137	click
1370125753340	28	196	7	show
1368098732151	51	745	350	show
1368946808558	32	543	453	show
1370859072690	146	356	214	click
1368728582889	100	287	499	show
1371573458848	122	974	223	show
1368253903555	129	750	341	click
1371016627265	56	534	494	click
1373145961646	37	329	368	click
1373177128907	32	942	46	click
1366824137669	15	87	462	show
1366739302075	53	150	59	show
1371424702463	150	469	119	show
1367295501914	53	831	131	click
1370255537790	80	220	21	show
1371716686865	100	132	222	show
1370894984103	10	275	161	show
1372986502020	113	23	99	click
1372430067656	19	810	291	click
1367001014323	20	993	327	show
1370991622394	102	596	27	show
1367648240619	136	421	121	click
1373170736238	58	44	408	show
1369361944922	128	385	241	click
1367877631422	28	310	332	click
1369223551833	109	915	416	click
1373503105551	73	490	413	click
1372333057904	39	273	79	show
1368152506202	63	145	320	click
1366815002307	15	953	151	show
1370063850923	131	256	244	show
1371186132779	18	344	96	click
1371790847734	49	955	228	show
1367842212136	102	6	389	show
1371868125111	147	283	293	show
1366836709422	64	292	165	click
1370947829561	29	153	307	click
1371074815342	57	870	6	show
1372224758826	45	919	2	click
1367038871854	49	973	495	show
1370465230548	79	884	400	show
1369939730627	144	670	261	click
1370097915552	134	148	23	show
1371607539630	24	241	452	click
1373918266820	81	790	360	show
1372167223556	14	898	25	show
1368111253640	3	370	136	show
1374179623677	79	109	5	show
1366523587015	108	404	305	show
1370805292091	98	523	352	show
1370695286383	21	34	116	click
1373557553344	96	420	277	show
1372810524656	13	702	250	show
1370744279565	44	477	488	click
1367606719765	133	836	112	click
1369413527234	113	751	348	click
1372460416819	55	299	375	show
1370863479867	149	265	434	show
1372221642633	132	9	63	show
1370039982741	6	697	334	click
1374102300354	18	922	400	show
1371635183279	119	718	4	show
1373805907082	117	457	1	show
1367092561706	22	684	376	show
1373874022559	8	756	351	click
1373411012137	105	911	424	show
1370620233918	34	519	190	show
1371055294708	135	531	123	show
1367309559106	114	624	69	show
1372058195293	22	746	405	click
1368194746405	90	992	123	show
1366837272008	112	256	281	click
1372347763766	94	488	356	show
1366526557932	74	529	31	click
1371191031916	101	486	21	show
1374165365859	23	663	155	click
1372862402554	109	995	94	show
1370087531915	38	806	346	click
1373844606659	102	245	336	show
1374070829695	24	742	222	show
1372090669098	14	583	29	show
1368550040815	124	502	20	show
1372474470008	54	247	461	click
1373979484619	67	574	214	click
1368007391346	98	783	419	show
1373497277170	3	20	148	show
1371811598633	116	714	458	show
1371111237920	1	929	190	show
1371121264231	107	491	138	click
1373097198764	6	910	393	show
1366999816317	135	505	203	show
1373374159899	60	226	322	click
1373046828876	1	469	108	show
1367309900679	43	580	13	show
1371619307199	43	390	383	show
1367853279077	103	468	41	show
1369392109181	47	212	216	show
1371619055566	143	415	379	click
1370154106138	132	752	433	click
1371311118964	51	849	411	click
1372476483282	6	813	218	show
1368923989768	2	302	239	click
1370077838168	31	689	304	show
1372479002086	134	489	210	click
1372189971510	57	555	123	click
1369243242795	57	928	192	show
1369103163661	98	775	51	click
1369693235882	18	316	26	click
1373414726506	67	275	160	click
1372832658135	61	159	17	show
1370137344724	108	934	288	show
1366526104558	48	274	390	click
1372600030903	119	385	170	click
1371537521203	68	88	471	show
1372219520254	114	913	174	show
1370276921228	91	488	206	click
1371432366259	150	382	93	show
1374200057915	72	302	492	click
1367227770562	114	32	6	show
1371702566154	148	523	21	show
1366668233846	43	834	154	show
1373215898681	86	85	203	show
1371096052014	129	189	201	show
1371817141488	118	117	131	show
1373941353411	50	840	299	show
1371526543284	90	846	263	show
1374145226654	125	3	316	click
1369445660905	23	614	114	click
1372372750273	17	921	158	click
1367192864406	122	218	293	click
1371783345483	43	262	68	click
1370745328613	6	41	369	click
1369412635177	75	857	10	show
1369556409807	9	15	83	click
1368960250531	66	951	124	click
1371921350733	112	260	120	click
1371676449756	126	822	45	show
1372913355495	18	636	3	show
1369379033821	32	352	422	show
1373014689017	12	748	75	show
1369992098646	62	1000	154	click
1366417227728	4	762	163	click
1368824594456	130	689	493	show
1366438301023	31	900	371	show
1366456231701	74	599	250	click
1371564476090	109	423	300	click
1367201423281	140	138	21	show
1371152426306	11	520	353	show
1371022184612	107	554	191	show
1367096538249	59	343	185	click
1373036083795	67	315	307	show
1366803825311	61	542	167	show
1366669541768	74	262	252	click
1370009652096	75	477	196	click
1371593486852	95	222	344	show
1368158195391	81	37	374	show
1373611397171	150	538	480	show
1373462066306	49	258	111	show
1371467534432	138	910	319	show
1368272109531	128	617	368	show
1367158879092	22	289	342	show
1373232512164	76	1	161	click
1367685480678	30	785	294	show
1368584118001	99	555	1	show
1372919022663	17	844	349	show
1373404281147	130	643	243	click
1374100164043	50	699	207	click
1372699225038	17	53	389	click
1372841441870	61	657	83	show
1368341184869	131	51	353	click
1369450408405	3	738	337	show
1373889509667	23	606	139	click
1368673600085	115	783	405	click
1372168897503	96	977	208	click
1369902753892	66	826	215	show
1368722861111	79	620	346	click
1367214199466	12	823	45	show
1368748759115	130	388	437	click
1373977729632	101	393	371	click
1371159128322	95	72	84	show
1373605529745	103	197	139	click
1371694316505	20	79	488	show
1370887728693	116	51	425	click
1373765123804	3	305	413	click
1370286278114	124	615	325	click
1369246517033	117	531	12	click
1367503414579	40	172	119	show
1368341081848	10	629	349	click
1370851071896	4	846	113	show
1372070841068	147	925	440	click
1372905403368	27	840	444	show
1372212093698	72	257	108	click
1373007921208	56	456	160	click
1373930050705	125	779	287	show
1371838924116	105	897	466	show
1372696286749	133	474	76	show
1373134641889	135	616	232	show
1369337269435	99	135	88	show
1367943170619	90	806	44	click
1366924271826	68	577	174	click
1373721539957	48	759	304	click
1366482016394	36	46	71	show
1370057431850	73	358	51	click
1367062054481	85	655	384	click
1373254897291	112	935	22	show
1369647920208	128	834	364	show
1373059278173	61	763	333	show
1366618263233	124	323	431	click
1366898682944	12	873	107	show
1370749586732	5	559	96	click
1367026255550	5	695	196	click
1368318923408	93	544	45	click
1372232015710	139	864	212	show
1370145672610	59	358	160	click
1366764249423	141	980	289	click
1371752461484	110	757	489	click
1367588693509	103	635	496	show
1372305313666	118	616	241	click
1368021060575	67	473	452	show
1372003223595	56	242	434	click
1373149710909	98	271	285	click
1373139488000	40	424	191	show
1366624008794	44	280	469	show
1369781880731	108	512	48	show
1369662928041	1	10	40	click
1369903082799	31	475	209	click
1366801980398	71	62	97	click
1372368730788	108	42	58	click
1371912578209	40	770	302	show
1371227076110	93	984	37	click
1367023917326	89	987	294	click
1371249652824	150	426	300	click
1372882149461	42	720	179	show
1372840288832	143	841	98	click
1368963175562	125	666	353	show
1373067875037	24	597	137	show
1366735419339	51	43	286	show
1368718526826	112	336	187	show
1373674746320	147	776	177	click
1369145162889	9	753	106	show
1372929676341	71	877	304	show
1367821623995	74	897	409	show
1370714347111	9	825	185	show
1374164095626	146	447	250	click
1372921689459	147	515	380	show
1369050745242	100	567	121	click
1373600042545	80	102	95	click
1367566246976	147	843	238	click
1371901416130	136	42	117	show
1370187845959	79	10	67	show
1369920269960	92	703	233	show
1368642132936	39	535	302	show
1369260567890	7	850	300	show
1366840089249	40	19	462	click
1369727294342	83	209	194	click
1372388590076	140	61	60	show
1373093272397	116	871	284	click
1367151726276	25	783	26	show
1366797188533	27	559	57	show
1367722064746	67	496	403	show
1372014358399	29	456	431	click
1369416901960	138	435	497	click
1369367548566	129	579	434	show
1366378895061	134	376	369	show
1370848434137	24	791	483	click
1374091454348	66	949	364	show
1372545913549	33	670	232	click
1373997643838	87	206	499	click
1372775996212	138	613	135	show
1368392711521	123	770	318	show
1371612584264	109	335	130	click
1374069255113	35	136	353	show
1371987454821	13	881	431	click
1373063089417	111	970	338	show
1373663222368	94	207	169	show
1368502965683	108	291	393	click
1372453737026	128	982	334	click
1374125370287	84	501	34	click
1369625401855	145	132	266	show
1368540726651	54	223	96	show
1369288273233	39	53	464	click
1366592906454	86	837	309	click
1370248916974	72	608	385	click
1371205159790	116	479	475	click
1370927348055	81	303	144	show
1373030893774	50	258	190	click
1373774222209	52	421	256	show
1369141131545	63	672	397	show
1367879469025	80	163	397	click
1372397541383	30	875	1	click
1373933386781	41	566	74	click
1371353729209	81	600	462	click
1366743523756	59	681	487	click
1372683829871	40	776	396	click
1369746198896	82	98	201	show
1366665068536	41	869	273	click
1369824020374	5	407	94	click
1367973103793	94	955	267	click
1371721388600	118	807	499	show
1368491702853	42	680	494	click
1369089342261	23	342	225	show
1372288986817	150	549	177	show
1371006757870	110	408	21	click
1369028481765	41	891	135	click
1366773263020	29	231	310	click
1366410997192	82	77	141	show
1366473355014	19	153	360	show
1369349027694	120	903	493	show
1366504602888	74	799	162	click
1371610454947	35	47	72	click
1369334732870	77	923	456	click
1367091526336	111	890	324	click
1373534645665	33	804	347	show
1370376732532	101	773	412	click
1373628481272	16	168	189	click
1370506260452	124	471	42	show
1369491363919	108	855	242	show
1373295380111	128	396	89	click
1366703664432	5	88	394	show
1372583887694	49	624	202	show
1366360648815	117	140	133	click
1370575253160	14	432	375	show
1367619189814	138	126	353	click
1366359145743	127	774	86	click
1373284345770	62	602	417	click
1372942945793	102	318	15	show
1368030398388	25	608	210	click
1368549290845	25	974	195	show
1367646294995	20	933	452	click
1368011666827	126	643	259	click
1373982553354	122	977	60	click
1368643170812	117	485	268	click
1372461856212	139	98	481	show
1372198842700	99	516	435	show
1370343142657	24	560	452	show
1372096292686	13	769	263	click
1370958703176	114	122	152	show
1368226452131	52	211	347	show
1368461377872	56	294	416	click
1370267597881	39	405	2	show
1366998274518	42	678	59	click
1373936659561	58	758	330	show
1371968663882	142	924	483	show
1368281540886	61	890	173	show
1366881611218	3	298	372	click
1366347952083	148	273	435	show
1368530080349	78	931	115	show
1370669536746	2	860	140	show
1372983479951	119	991	217	click
1366423790153	98	110	101	show
1367141950705	73	302	272	show
1371907406088	64	374	362	show
1371513597690	103	228	426	show
1367824511882	8	129	154	show
1372889907473	21	979	346	show
1372363331196	44	880	225	click
1371001328216	124	551	308	show
1367054651970	77	163	247	show
1371709556096	148	767	396	click
1371266071565	146	979	396	click
1370721481961	101	814	471	click
1369623544232	33	718	53	click
1371862476893	86	127	493	click
1369979689064	103	626	54	click
1367826598394	68	310	296	click
1370128100943	6	918	64	show
1367207117347	55	198	292	click
1366582392157	35	125	296	click
1369636567276	110	711	385	click
1366493109506	22	252	479	click
1373537295747	35	380	255	show
1370338415249	88	427	456	show
1369872311491	10	512	169	click
1369606464311	138	701	54	show
1367845390593	134	714	219	click
1367413784681	140	698	2	show
1369292266667	150	758	472	show
1368674585059	59	934	400	show
1369033455445	97	120	254	show
1370981441090	45	238	143	show
1371145888720	33	832	425	click
1366451427316	75	287	330	show
1368842493167	64	110	234	show
1373060925910	22	891	361	show
1371220069743	135	333	221	click
1372373118272	52	412	490	click
1367169369996	116	615	277	show
1369317426672	94	963	302	click
1368490711466	96	290	9	show
1373180514124	2	141	33	click
1371590210481	83	450	40	show
1368531495746	63	753	116	show
1373917640415	99	9	291	show
1372898262251	37	961	224	click
1372766406933	14	609	458	click
1370006218036	114	30	420	show
1369001705222	128	590	214	click
1374185881636	41	571	270	click
1368178215447	29	818	419	show
1366663888570	84	1	237	show
1372899946506	65	216	321	show
1367273778159	138	126	301	click
1369187875300	106	263	295	click
1368704061607	24	714	403	click
1372013761346	48	140	389	click
1367284787461	149	873	371	show
1372455392762	79	804	342	show
1369834947528	127	752	471	show
1366813111706	114	126	186	show
1369994861725	111	692	60	show
1368398476544	116	582	107	click
1370746447087	139	337	86	click
1367914512785	45	827	495	show
1371731402657	65	365	428	show
1368044511534	104	481	53	show
1368499562446	98	170	317	show
1370123207355	141	521	460	click
1369567274857	90	750	258	click
1371554476513	128	570	165	click
1369363516687	80	435	274	click
1368564597909	53	340	422	click
1371875690514	94	819	138	show
1370775847441	73	290	250	show
1371248583028	144	669	82	show
1369368008596	149	578	2	click
1371224816540	24	240	338	show
1366819234012	57	7	431	show
1371200370913	25	838	488	show
1369507097359	132	566	213	click
1366808837591	78	521	376	show
1370388673155	39	770	56	show
1371718750752	127	889	156	click
1372831870750	90	817	365	show
1371653003327	143	741	310	click
1370707674235	96	728	285	show
1370320933422	114	605	443	show
1366566369449	51	582	149	show
1369910279978	44	114	458	show
1366491088415	74	167	383	click
1368318629744	14	850	357	click
1371361476675	104	568	435	show
1371997085258	143	96	284	show
1371630279818	122	100	264	show
1371386421284	80	519	241	click
1370813134794	73	832	363	click
1374186011336	71	720	402	show
1373553902371	145	329	50	click
1368666060521	13	830	408	show
1368249488059	14	404	232	show
1371631573228	32	369	114	show
1370109559238	134	783	193	show
1373888503107	132	119	244	click
1371378493674	9	974	320	click
1373823066684	147	114	90	click
1372505614572	28	936	311	show
1368611393371	21	248	450	show
1369882945651	66	791	259	click
1372939170368	93	815	343	show
1367031046616	128	42	201	show
1370077836056	29	404	24	click
1373632766235	96	893	359	click
1369798312588	1	1000	62	show
1371776165472	14	747	439	click
1366517130568	76	308	480	show
1370086376190	53	353	48	show
1367730288237	46	266	419	show
1371751371425	37	152	335	show
1374108382332	74	195	415	show
1367111159372	117	101	132	show
1367017293164	127	326	85	show
1373471941185	41	980	229	click
1370354233272	44	321	113	show
1371023560016	55	551	500	click
1370497773075	33	107	383	click
1370016446996	53	898	228	click
1366624103148	10	636	326	show
1368883173258	53	546	366	show
1372579742134	141	122	100	show
1372234480614	47	808	269	click
1368571269100	98	999	415	show
1372134026853	108	842	13	click
1367251861171	2	909	429	click
1370252775336	133	799	110	click
1369561219968	150	445	187	click
1366394902275	31	977	242	click
1373565717294	147	324	357	show
1366498396190	83	404	312	show
1369087741509	53	43	347	show
1366347287296	119	167	434	show
1371197026507	88	848	54	click
1367180997444	72	565	35	click
1372806261321	43	781	209	show
1367082011092	71	744	246	click
1372614815716	81	421	299	click
1369590840204	68	324	63	show
1373677958534	44	844	282	show
1370001868531	51	252	284	click
1367218747535	58	589	492	show
1366729515657	95	913	355	click
1371206201564	127	680	482	click
1367797872154	4	357	159	click
1367117836331	21	480	331	show
1373006790870	11	596	343	show
1368284133964	37	542	142	show
1368883907026	8	36	207	show
1369908677339	54	846	279	show
1367796409546	77	193	308	show
1373456685409	121	106	264	show
1369200642142	16	755	387	click
1371192503206	79	953	471	show
1366628657329	22	436	22	show
1366944622616	43	855	67	click
1374195702087	32	117	238	click
1371538700157	53	456	348	click
1368521026336	37	90	391	show
1373214560077	33	697	245	show
1371143626338	128	788	351	show
1366613271755	87	915	164	show
1369939312729	4	695	233	click
1367787705815	131	963	431	show
1371052307457	125	340	185	show
1372068628985	85	310	314	show
1367696255331	77	515	85	show
1372694693041	127	146	95	show
1373336717249	139	951	413	show
1372391101428	38	848	461	click
1371988156591	24	185	481	show
1366755372943	55	796	402	show
1369654154854	121	54	96	click
1372475320178	36	579	215	click
1370686994160	18	721	465	show
1367098482153	39	525	425	show
1366684134922	128	7	166	click
1368631065831	51	959	33	show
1373408343159	3	865	183	click
1371700298544	135	582	399	show
1373159117878	85	224	324	click
1368689117524	139	696	241	show
1367321716068	4	328	370	show
1367092428938	71	951	347	show
1368430786511	97	506	435	show
1374056563627	123	692	265	show
1371006542550	11	547	463	click
1373482002084	107	929	250	click
1368297551267	90	312	343	click
1373033841863	60	899	64	click
1370663518734	102	678	419	click
1371468636328	127	173	151	show
1373286526709	22	517	76	click
1371906458046	104	534	163	show
1371403782119	148	616	295	click
1367863566615	74	285	348	click
1371324379217	70	375	403	click
1369344601965	71	30	120	click
1373118710828	23	86	11	show
1366441267624	95	368	417	click
1368297315139	12	430	345	show
1373978127472	44	230	332	show
1370713924790	95	687	39	click
1366835495959	24	788	397	show
1373494595215	24	414	355	show
1366898511358	69	520	246	show
1373814505296	21	471	20	click
1373038962412	16	599	158	show
1367047108870	61	821	116	show
1368519231937	101	352	281	click
1369119416109	150	341	300	click
1368576313037	121	708	331	show
1373824471011	67	367	313	show
1370294067334	57	289	99	click
1369740426137	115	469	308	click
1368976537239	125	746	75	show
1370045068647	68	991	417	click
1371821559742	142	617	446	click
1372725698566	111	956	433	show
1367897448827	58	617	246	show
1373643159080	17	636	350	show
1368545527701	32	295	386	show
1367618200885	7	234	284	click
1367361394807	10	780	144	click
1371368374922	145	474	211	click
1367146726378	92	514	429	show
1371791805367	18	688	400	click
1371319283471	134	528	475	show
1366491754553	36	827	257	click
1367382513441	73	441	86	click
1370092276829	74	895	271	show
1367961876417	81	130	262	click
1369669067682	46	852	202	click
1371372714415	8	98	295	show
1366412603787	3	163	402	click
1373258502107	19	889	200	show
1369100665456	56	291	184	click
1366995455177	21	611	314	click
1369733320025	87	237	329	show
1369019813950	125	910	271	show
1371517690444	140	905	243	click
1372183866665	47	422	424	show
1366850386513	41	938	429	show
1366452600623	8	717	210	click
1370353386908	86	238	39	show
1369366474973	13	157	298	click
1370352279511	117	238	69	show
1371268805073	106	632	118	show
1368489943349	77	219	283	click
1366958488956	133	721	483	show
1367009296184	91	540	459	show
1367034482828	133	656	408	click
1372554533101	41	316	117	click
1369015459508	42	441	174	click
1370964480253	14	261	28	click
1370214221114	123	878	379	show
1373754865505	26	276	380	click
1373972878126	87	20	113	show
1367066063966	117	10	81	show
1373280722930	128	561	383	show
1367473253092	50	196	55	show
1367053614207	32	812	96	click
1369223112057	5	431	321	click
1367912658550	21	418	456	show
1369105775541	24	5	168	click
1372321181173	52	476	225	click
1372258731376	103	588	265	show
1369775889191	100	778	271	click
1371604464497	113	133	166	show
1371472367062	71	459	185	click
1370339485394	150	257	440	click
1371489532102	61	861	422	show
1373983485956	64	950	162	click
1373806163819	13	864	20	click
1367248688456	150	287	28	click
1370765007714	26	71	207	click
1371082936736	149	759	210	click
1372076344180	53	840	484	show
1368020610543	128	947	384	show
1370476981062	15	870	444	click
1366691628467	132	117	17	click
1370400603915	105	554	475	show
1374180077090	29	404	393	show
1370894245207	53	173	102	click
1366719644845	87	621	462	click
1372071247611	87	734	440	click
1366528135097	30	590	127	click
1372146609837	15	975	227	click
1369870497178	73	493	162	show
1369239783251	19	670	488	show
1374083137504	49	795	11	click
1373017007969	73	553	213	show
1372956805661	134	152	24	click
1371539307670	44	267	474	click
1366993431201	13	34	294	click
1368249955854	64	702	198	click
1370438350622	67	311	314	show
1373637291647	91	318	381	show
1370087735696	21	338	180	click
1369682369058	26	129	217	click
1372701709150	47	388	441	click
1371282560554	93	737	327	show
1370006759972	4	898	51	show
1370781079972	47	65	86	click
1372500956907	37	563	281	click
1371338947161	110	814	58	click
1368730847668	63	780	142	show
1372153554002	119	541	363	click
1371440714250	19	949	183	click
1372944039157	33	408	39	show
1369514820358	75	165	446	show
1370521870827	145	602	250	show
1368531165767	82	473	119	click
1369871332093	131	943	488	click
1373173083419	96	470	349	click
1372176911976	124	723	207	show
1372320816294	79	220	379	show
1367044589250	3	366	298	show
1367015169212	141	733	87	click
1369749499916	2	139	197	show
1373252613529	109	721	91	show
1373636452652	42	154	225	click
1369202716878	69	992	451	click
1369343532462	1	774	127	show
1367960793679	88	123	481	show
1372422861089	136	70	468	show
1374161992154	93	293	397	click
1366762122438	112	983	194	show
1372872161120	23	476	239	show
1367889426227	28	467	178	show
1373908028808	84	712	306	show
1369336276021	3	785	223	show
1373200106206	89	996	45	show
1373135170028	59	107	440	show
1371486309761	46	399	369	show
1368920624949	80	391	73	click
1372209981696	41	517	61	show
1369448968544	2	790	322	click
1369697099294	21	994	464	show
1371656536845	137	445	201	click
1370422613943	10	585	281	click
1373636806600	18	345	153	click
1373605251096	130	202	486	show
1368206353942	9	415	359	click
1366724663550	89	358	469	show
1372384265786	9	642	270	show
1369835268473	31	937	147	click
1371118342181	66	951	111	show
1369942144625	105	324	235	show
1368519088352	26	370	56	show
1367009446074	22	970	114	show
1366655087953	110	775	143	click
1373606123403	136	697	287	click
1368182598002	17	723	16	click
1371456892078	31	177	37	click
1366799413767	12	560	129	show
1369278306187	4	407	185	show
1368864155337	130	498	336	click
1369423073952	142	160	190	click
1374033185436	149	944	117	show
1369377288925	59	245	66	click
1367212294841	84	783	492	click
1370674291461	90	556	129	click
1367884404058	112	706	23	click
1367338617665	28	527	6	click
1366755505942	29	88	244	click
1373442978519	62	522	253	click
1370102957018	140	859	162	show
1373564844336	18	959	123	click
1366443825390	90	381	349	click
1368901026025	70	973	225	click
1370816238274	84	638	253	show
1367392718058	105	721	318	show
1373932959754	44	295	483	click
1373988600056	88	601	291	click
1373651364256	34	462	216	click
1369199366816	147	643	491	click
1368775817695	77	12	252	show
1370150060202	79	830	404	show
1367785682399	27	942	301	click
1368334434962	86	733	77	show
1371427665180	103	342	377	show
1371694593200	114	757	146	show
1374176193502	51	12	375	click
1369926457815	75	394	216	show
1371214185334	95	978	320	click
1370400411704	26	16	139	click
1369774852794	3	866	384	click
1370416981330	13	191	284	show
1369027063591	40	243	478	click
1372317815902	99	645	88	click
1367074805454	150	354	113	show
1368122379325	36	180	83	click
1370655587659	118	662	57	click
1369162380295	8	179	164	show
1373477368989	76	866	1	show
1368182302585	110	750	311	click
1370612004882	85	385	132	show
1373479978865	148	828	36	show
1367036774027	128	620	114	show
1371658777850	145	259	394	click
1368251727680	8	674	176	show
1368925693018	34	292	424	click
1366801162366	86	462	209	click
1367635142572	149	20	397	show
1370979910435	41	262	224	show
1368573024375	53	319	350	show
1369956891385	84	943	155	show
1371182160723	48	259	473	click
1369233488148	105	416	396	click
1367280595401	82	345	370	show
1368646822755	37	200	278	click
1367164028562	66	513	326	click
1368294309858	45	778	386	click
1369813373596	81	496	490	click
1372148029615	117	262	342	show
1367037149186	58	824	283	show
1372345234361	114	569	345	click
1371387931801	51	319	270	show
1370105632881	64	697	488	show
1370791711482	60	243	150	show
1372788447312	42	534	195	show
1374150202138	30	25	145	click
1369699105076	4	554	396	click
1372244803755	59	710	360	show
1367816708009	129	562	274	click
1374026859709	2	373	87	click
1367938121524	97	306	50	show
1368858541673	48	216	457	show
1370085905028	36	164	402	click
1370865028217	146	217	464	show
1372350607248	42	396	472	click
1372801249438	19	747	178	click
1371622729943	114	622	440	show
1371772495443	118	170	229	show
1374201779086	125	701	79	click
1366735044009	61	701	456	click
1367940007233	80	986	152	show
1369560141668	55	279	371	click
1372970192435	38	278	258	click
1373632122051	51	700	377	show
1369052380714	12	100	139	click
1370329901063	95	779	488	show
1369425109616	24	623	494	click
1370930074830	129	354	74	show
1367673954722	82	471	87	click
1367331041623	82	620	160	click
1367678855745	67	722	390	show
1369842836962	47	505	145	show
1371709768292	27	112	16	show
1368238190526	72	832	90	show
1368389510010	14	354	387	show
1369566066458	82	810	357	click
1371724888755	31	366	269	show
1373006416468	63	322	462	click
1372400104374	22	392	190	click
1371850187568	98	649	206	click
1370920420268	14	784	173	show
1371445601060	94	975	235	show
1371983988467	72	974	212	show
1370438095184	119	472	159	click
1372816539631	22	918	479	show
1366975691800	30	878	354	show
1372258170736	149	821	385	show
1371148019100	88	614	26	click
1372761318960	75	400	425	show
1370312766351	97	28	126	show
1369391212789	89	776	37	click
1367576173990	77	29	245	show
1370707286878	16	632	250	click
1374153667262	94	914	273	click
1369556167209	76	704	306	show
1372534357571	146	741	406	show
1368187495540	32	734	157	click
1373079398672	86	6	12	show
1367806212056	135	430	287	click
1369008820244	46	837	449	show
1371256102074	92	810	222	click
1368474987591	141	108	23	show
1371932476570	146	252	459	click
1367746791403	115	145	202	click
1366808214243	72	73	357	show
1368173673255	83	66	403	click
1372298348360	66	223	391	show
1373897224533	22	643	259	show
1371588837944	88	726	241	click
1371113467557	13	614	137	show
1371827357156	50	514	448	show
1370577807354	46	405	82	click
1368795456865	93	549	62	click
1367010878436	109	85	260	click
1371965683055	127	898	425	show
1368321613216	57	135	371	click
1374194842955	122	302	203	click
1370406964195	46	418	174	show
1366623113295	50	960	477	click
1367943320043	8	192	416	click
1371638048397	131	593	229	show
1366758071587	44	269	5	show
1367038336882	33	294	404	show
1368765734353	2	542	4	click
1372801195200	107	514	357	click
1369740480464	138	926	307	show
1367731785939	89	199	22	show
1366835239768	124	317	394	click
1369658542558	140	438	150	click
1370569442907	130	12	323	show
1366644464561	57	652	464	show
1371139046019	108	178	478	click
1372762755529	112	402	362	show
1369305384172	51	556	24	click
1372215851786	87	683	402	show
1373383726246	91	226	474	show
1366879679472	82	472	185	click
1370478267515	127	361	301	show
1371545790171	133	871	36	click
1370736412989	94	978	198	show
1367651487606	65	657	337	show
1371083834220	65	402	240	show
1369155448653	117	48	342	show
1368682246691	46	857	434	click
1366862897684	113	981	291	show
1366955158922	104	159	488	show
1373889581013	94	261	120	click
1368140522016	60	584	316	click
1373510319455	19	960	79	click
1367142185059	118	10	442	click
1373312155308	142	12	249	show
1370943758250	54	317	337	click
1369535188460	126	293	36	click
1372647157360	79	732	149	click
1367431872363	6	1000	392	click
1372361185249	92	942	162	click
1368774522988	66	839	246	click
1371758500653	91	193	342	show
1371806453905	133	805	118	click
1369982390495	136	904	154	click
1371966858039	45	955	65	click
1368485983108	36	472	188	show
1371813891466	53	878	485	show
1369622193872	15	109	368	show
1372562766246	67	240	324	click
1368800903637	56	670	120	show
1372430149461	90	14	257	show
1367383630011	51	844	282	click
1370441519906	23	29	437	show
1372185184733	14	992	238	click
1368796559934	122	403	308	click
1373402416214	68	112	491	show
1372355776644	131	436	105	click
1368861963682	29	542	175	click
1370894123163	2	476	252	click
1373351626628	7	911	462	click
1369211128464	97	801	340	click
1373670384190	27	201	370	show
1366350572417	61	494	152	click
1373955870570	73	508	187	click
1367620599228	78	153	364	show
1367349645819	86	327	157	click
1371877575709	70	372	19	click
1367812802048	3	6	409	click
1368777660779	51	476	197	click
1373676434420	37	655	28	show
1372401368620	118	533	110	show
1372305316459	97	653	258	show
1371945445959	138	740	95	show
1370950443935	124	365	50	click
1373676901687	113	713	380	show
1369683714510	112	674	69	show
1369182382478	34	498	422	click
1373698689350	48	501	268	click
1372247162019	36	14	492	show
1370163582351	6	222	358	click
1373451493907	98	706	333	click
1366463596511	93	919	60	click
1372273713240	105	911	464	show
1370547691824	77	219	24	show
1373153129194	118	862	144	click
1367428242366	30	587	95	show
1371880624221	66	878	319	click
1371716337224	115	385	402	click
1368776462617	25	914	392	click
1372753245858	107	558	137	click
1372949166246	32	439	323	click
1366785791068	133	400	427	click
1373067140836	92	244	113	click
1366862273683	113	3	123	click
1371928664773	17	433	256	click
1373744743346	71	295	196	click
1372410288169	75	311	174	show
1366562660154	34	837	202	show
1371302633340	73	829	361	show
1374129989105	121	833	106	show
1370542763304	58	321	370	show
1368674997838	56	666	493	click
1371087172629	43	415	193	show
1370542104272	78	527	95	click
1366344791335	26	30	61	click
1373128923273	85	997	493	click
1372181419413	47	461	375	show
1373147929495	3	371	434	show
1369390132174	89	490	244	show
1371582559377	36	343	215	click
1371873793447	66	849	464	show
1368055235796	146	133	71	show
1367615600332	132	55	16	click
1369054038676	70	523	263	show
1366843941556	78	520	69	click
1370625072978	139	470	375	show
1373454343598	120	339	458	click
1372345053161	65	882	296	click
1371837609744	2	526	352	click
1371679503443	125	788	17	click
1369082654905	60	547	352	show
1371836937862	79	399	291	show
1370263118000	15	304	246	click
1371916159937	135	763	299	show
1373549964149	133	728	50	click
1368455833243	2	981	235	show
1368522290848	27	652	70	show
1370327639533	33	850	25	click
1366673778765	119	12	277	show
1369407353690	65	612	366	show
1370505818264	81	771	270	click
1368255565435	23	162	485	show
1367169177356	37	550	193	click
1372425392925	126	574	371	click
1367661617924	45	495	469	click
1369181414578	60	773	381	click
1371825754665	13	211	367	click
1368938396057	49	33	23	click
1372331662571	43	668	380	show
1371346730129	45	36	274	click
1370170793698	139	313	54	click
1368437487980	45	782	171	show
1368761586608	143	610	221	click
1367003576053	28	899	142	click
1368854758876	86	867	64	click
1372292853782	129	146	112	show
1371557368240	127	302	140	click
1366543313447	141	820	335	show
1369980834478	113	710	196	show
1372950111495	89	728	98	click
1370842513520	100	797	282	show
1367783142074	30	180	164	show
1369442834814	94	302	56	show
1369548466352	31	254	486	show
1368656338717	114	552	249	click
1373248914088	103	232	357	click
1372809576951	38	497	346	show
1374116762635	117	337	416	click
1368531578770	20	408	188	show
1368030605999	116	352	299	show
1366907869634	148	445	418	show
1367732138247	126	393	103	click
1368182586426	111	467	145	click
1368759620001	4	279	401	click
1372163541140	113	61	461	click
1373747201119	74	403	39	click
1374202245168	75	835	340	click
1371271315548	39	313	136	show
1367732614923	142	680	119	click
1367992483208	48	970	181	show
1371822481883	57	406	6	show
1373617131486	29	945	133	show
1366950693795	101	543	52	show
1371695542313	69	350	71	show
1372088463559	71	485	399	show
1370154381890	104	991	310	click
1372394248552	87	137	282	click
1368303408484	66	708	36	click
1367524374349	94	784	159	click
1371547556819	65	193	89	show
1372651050743	73	246	119	show
1370650795693	81	774	49	click
1368788964181	116	190	318	show
1370677590804	22	407	429	click
1369350076670	5	418	145	show
1372454415312	129	574	138	show
1372473189739	77	402	185	show
1372849971805	140	858	52	show
1368991126260	113	456	489	show
1369881801018	41	622	249	show
1367963317017	74	421	459	click
1372163270346	122	32	193	click
1369933478242	131	513	87	click
1368356765838	2	731	209	show
1373092323429	8	310	462	click
1367966949253	144	511	140	show
1371579710946	147	570	78	click
1373643848781	13	933	91	click
1369587407940	73	26	114	click
1372552710380	22	585	238	click
1372951449958	18	793	7	show
1374138644233	64	640	254	show
1370809654810	78	590	415	click
1366777084697	59	820	396	show
1373087862003	44	196	440	show
1369930681111	100	485	132	show
1367519634985	69	463	35	show
1371298463052	137	831	281	click
1373698729117	94	509	388	click
1366537933394	120	798	86	show
1367025386291	10	654	363	show
1371778715799	99	552	479	click
1371499063145	125	871	64	click
1366688717004	63	806	223	click
1366492672311	96	888	155	click
1369814994382	1	394	256	click
1373168043775	75	864	382	click
1366789853135	65	513	477	show
1373648889914	107	600	77	show
1370455150537	75	33	88	show
1372743172490	72	362	73	click
1369340771653	51	593	38	click
1368554325856	122	797	324	show
1371123177661	52	460	423	click
1368344022833	84	644	190	click
1366700503133	86	76	331	click
1373010835907	31	167	494	click
1366939152644	32	350	401	click
1366351634127	64	791	172	click
1366531243244	149	883	270	show
1367501439641	46	614	92	click
1367125958944	100	684	9	click
1368884588086	42	102	167	show
1369271849470	37	201	176	show
1367685502257	16	249	146	click
1369796313843	53	966	483	show
1371821760601	74	986	57	show
1370197613939	73	344	391	show
1371530843656	45	703	27	click
1373713845205	106	873	117	click
1374126810373	113	354	112	show
1370406417173	48	165	378	show
1366915968186	129	542	344	click
1372079670765	112	905	53	show
1373986550674	113	489	123	show
1369447289107	126	798	309	click
1373631662224	21	217	494	show
1372481583038	20	479	8	click
1367330311931	63	382	434	show
1373042803630	20	162	218	click
1369039791864	97	344	104	show
1368702195727	57	600	484	click
1371540417106	55	847	245	show
1371925402504	116	135	329	show
1370332946561	1	282	44	show
1371423912402	58	290	263	click
1370499166134	19	223	10	click
1370050170538	57	42	397	show
1366698751184	50	733	161	click
1373968078366	5	608	10	show
1367415826542	128	854	113	show
1369436620636	127	510	235	show
1373851207010	121	441	282	show
1369790996966	116	370	219	click
1369518002405	4	757	294	show
1369128687417	97	879	10	show
1367141548947	150	695	490	click
1373424312315	71	440	113	show
1372234311042	65	302	312	show
1371182860037	88	408	479	show
1371892180826	93	31	416	click
1373864855223	17	732	336	show
1369056807678	59	71	446	click
1372883576850	68	691	246	click
1373500276777	23	39	1	show
1370910266715	59	130	100	show
1370682864618	109	834	323	show
1370159329265	64	990	491	show
1370598884460	3	979	235	show
1372328944981	66	723	136	show
1369490247246	6	825	316	show
1370102472748	133	665	1	show
1373700302951	74	45	407	click
1366677679774	18	586	367	click
1366455939457	1	239	301	click
1366688041194	143	612	28	show
1368135504999	119	423	334	click
1369188808831	3	666	469	click
1373213803423	114	475	450	show
1370619003173	114	193	272	show
1368317830667	142	596	199	show
1374115097398	109	832	221	show
1369711727585	75	806	386	show
1371142921305	63	600	59	show
1369809262379	150	420	220	show
1367724702284	7	731	5	show
1372819033229	58	665	477	click
1368640305136	133	333	338	click
1373052978237	100	198	126	click
1372284225069	80	432	165	click
1369946613039	81	334	80	click
1366732038303	134	645	374	show
1367193389954	79	51	350	show
1367331796443	111	190	446	click
1373365430547	105	297	419	click
1372477237134	73	727	222	show
1368788353368	23	43	121	show
1371811828668	85	938	215	click
1372367141678	12	480	167	show
1371543262468	94	430	369	show
1373589601134	133	925	173	click
1370606547591	145	443	107	click
1369572647361	139	941	458	show
1373960910148	10	762	135	click
1370769303955	64	120	436	show
1367956080208	79	803	380	show
1371983711938	108	314	27	click
1368521087601	133	794	480	click
1367049273610	13	46	121	show
1374038036062	116	771	233	show
1368878007595	84	945	11	click
1373832026498	146	826	418	click
1366392138697	55	971	314	click
1372742737744	25	97	157	show
1367927303283	32	535	114	click
1371295908401	38	83	272	show
1368293197920	118	840	172	click
1369679769955	82	622	90	click
1366929734336	70	350	167	show
1369872249130	58	660	97	show
1372305840035	37	715	62	click
1371399027387	44	983	116	click
1370612273234	141	235	305	click
1369513093174	75	302	101	click
1373245564586	139	431	72	click
1372267215696	85	287	173	show
1368356838920	128	144	471	show
1368515887033	84	493	85	click
1372990408343	33	457	143	show
1371911406416	57	520	311	show
1372398901102	83	115	355	click
1369417098404	16	839	461	show
1372210581519	21	472	341	click
1368320061401	27	451	66	show
1373646924113	46	416	209	click
1368215543976	81	10	239	show
1372961355868	146	454	260	show
1368467743268	107	41	19	click
1366999238256	83	262	6	show
1369953852469	103	498	499	show
1368210294011	123	544	362	click
1367469209582	81	510	414	click
1368356452866	16	463	417	click
1366721419112	51	917	323	show
1366823590957	82	547	158	show
1370123185483	14	182	461	show
1370242138589	148	541	341	click
1373216556097	85	119	451	click
1366953878437	47	528	252	show
1368566362908	125	125	443	click
1370796433195	47	760	315	click
1372407168095	116	820	8	click
1366875570437	40	121	36	click
1368571488936	18	359	453	show
1368062522499	98	699	63	show
1369852691756	36	215	439	click
1368542829316	146	967	138	show
1373339787478	139	924	339	click
1372234262952	142	413	276	click
1369951958424	148	920	350	show
1369076254784	73	26	441	show
1371870412108	113	776	179	show
1369463403988	68	593	280	click
1373356071905	90	738	497	click
1372564882034	105	297	157	click
1367803086690	102	452	149	click
1367786887923	20	89	260	show
1372821727862	86	796	374	show
1370109227525	90	600	382	show
1369547555641	2	466	90	click
1369508404181	109	154	41	show
1367887031062	27	843	71	click
1372366555612	29	212	369	show
1372622382281	126	895	459	click
1371444977672	141	611	396	click
1370446092169	96	902	185	show
1371492338046	27	156	456	click
1367747365303	14	882	444	show
1367430765782	109	763	105	show
1372389986765	49	8	367	show
1371687870420	122	621	357	show
1370744521095	67	600	444	click
1373647881065	41	282	154	click
1371971621950	29	256	201	click
1369341297555	139	768	22	show
1371985505727	32	401	351	show
1369396024578	58	545	341	show
1366546539150	117	842	386	show
1372123675953	137	551	95	show
1372260816096	62	421	179	show
1371622733596	64	542	450	show
1373556354460	1	566	84	click
1369758121956	131	894	363	click
1371858042538	6	442	304	show
1373144311747	17	795	351	show
1371942261262	2	807	290	show
1369678845954	35	465	249	click
1367232763086	127	66	301	show
1367513647791	27	736	68	show
1366846226300	46	892	269	click
1369475515477	22	338	96	click
1366641552244	150	972	167	click
1371610716875	124	61	23	click
1366943132652	149	421	437	show
1373502113051	90	584	495	click
1367720766330	83	670	110	click
1373574687232	49	104	316	show
1366497619939	71	477	63	click
1373623168313	103	964	272	show
1369283745982	142	267	399	show
1367921168683	15	654	432	click
1372203632577	22	37	209	show
1369497815232	5	858	174	click
1373592843713	1	980	480	show
1368596988667	99	404	39	show
1373077264121	147	676	2	click
1367672636368	44	376	82	click
1370039940222	134	386	114	click
1366650236563	54	44	80	show
1367079383097	102	839	115	click
1371191189420	111	57	157	click
1367234451560	13	173	459	show
1368416312085	49	834	11	click
1368918786338	82	26	443	click
1371754352817	87	504	110	click
1372392102566	142	541	106	click
1372590565406	101	41	136	show
1367913665117	37	728	399	click
1367840671071	30	332	192	click
1369241773990	119	735	417	show
1370724575415	32	677	491	click
1371369908884	53	931	338	click
1369084080256	141	419	58	click
1371663383257	136	985	177	click
1370470806886	69	53	93	show
1367516412806	130	805	381	show
1367529659784	56	998	117	show
1372400550296	81	145	180	show
1373821895103	11	213	147	click
1370005891465	102	426	36	click
1369457493915	1	787	273	show
1371723214298	72	515	464	click
1373689413117	91	975	401	show
1368464666290	75	105	192	click
1373293612025	74	831	26	show
1374136345830	6	69	374	show
1370605188238	27	112	457	show
1368472729035	106	752	392	show
1372909033367	37	429	287	show
1367584914629	32	576	2	show
1367753073746	64	636	25	show
1368197395170	88	66	82	click
1368298284425	70	132	268	show
1373825147863	144	95	461	show
1373774255765	129	702	298	click
1366850701924	115	280	298	show
1369316448008	69	524	477	click
1370230416202	142	179	150	show
1374061925587	69	212	430	show
1372320589101	6	542	313	click
1370344159658	133	440	339	show
1369664758424	70	313	421	show
1370280136125	140	210	263	show
1373410701122	144	524	495	show
1372804150044	36	369	494	click
1366450718833	1	144	15	show
1371416105181	147	240	91	click
1373390735207	67	620	384	show
1367206022528	67	752	366	show
1370374955003	150	544	82	click
1366667300998	115	151	312	click
1371703821655	92	390	197	click
1367163485900	124	224	124	click
1369855645309	23	513	89	show
1369025047964	147	809	337	show
1368243848024	116	35	76	show
1367246691554	102	713	347	show
1369091945272	40	325	489	show
1371589291289	41	752	182	show
1372288060364	96	455	427	show
1366370369637	148	43	148	show
1367673620317	138	432	350	show
1369365151262	40	335	258	click
1369610623667	11	539	109	click
1370733727674	83	960	71	show
1367422949973	5	436	420	click
1372790461558	12	780	433	show
1372912640781	112	543	59	click
1366668505874	132	938	314	show
1367184930621	63	305	382	show
1366618325735	78	167	372	click
1368495205714	9	964	303	show
1373291408019	27	912	461	click
1367791598756	50	32	140	click
1372994585915	60	856	422	click
1373585890169	127	99	53	click
1369999447617	125	374	279	show
1371785893992	24	410	50	show
1373457251969	78	992	298	show
1371942269900	9	116	259	click
1371236881408	76	290	314	show
1372191433476	102	911	415	click
1373697906588	34	845	45	click
1371559118945	58	694	470	click
1371951377262	114	615	44	show
1370427531629	7	696	306	show
1373157629382	146	131	45	show
1366866639162	78	601	270	click
1370776183826	127	590	151	show
1369272184382	76	386	146	show
1368017840339	69	672	147	show
1373906653084	100	396	252	click
1370722683334	54	652	318	click
1369471780291	23	761	76	click
1368917830633	129	929	312	click
1372584403783	38	538	45	show
1367369509459	61	673	207	show
1367581666743	43	443	127	click
1369449768296	97	545	107	click
1371228876901	35	148	410	show
1372389876653	61	247	281	click
1372205870991	103	511	19	click
1368976338836	77	512	196	show
1373180318438	6	540	91	show
1366988978276	140	879	30	show
1373246309541	93	146	127	show
1372361635531	48	881	50	click
1370031053969	51	906	117	show
1373790664159	34	75	189	click
1373444459129	14	50	183	click
1373249128172	145	955	361	show
1367203952308	117	497	28	click
1370067204916	133	144	306	click
1369246319184	141	274	182	show
1371728839767	60	671	208	show
1369391615122	102	768	147	click
1369270617274	20	106	433	click
1368948801578	114	33	379	click
1374051811470	140	260	101	show
1373628746170	96	217	91	click
1367385836040	121	211	436	click
1366533885454	89	57	428	click
1369483329216	118	861	196	click
1370829596225	53	630	97	show
1373023195933	26	838	245	show
1373420569964	59	27	271	show
1370205964418	150	750	169	click
1369874230761	86	717	285	show
1368224844177	94	950	126	show
1370623481924	82	563	219	show
1372262204085	59	601	23	show
1370692552358	124	972	19	show
1369528356672	145	243	121	click
1369549296648	136	848	123	show
1371742707146	77	763	338	show
1371221871398	2	847	358	click
1370405565200	64	547	48	click
1370303687827	98	75	249	click
1368035057340	101	710	50	show
1366593173480	105	770	301	click
1373098477572	42	664	230	click
1368315909605	98	795	495	show
1372928895495	41	865	25	click
1372910283346	36	736	114	show
1371592886866	50	761	252	click
1366574023696	132	309	205	click
1372794969389	133	981	342	click
1367150238749	69	946	305	click
1367368588391	116	270	352	click
1371809605449	71	246	122	click
1372987808500	107	552	473	show
1372240915774	132	948	10	show
1369496757204	72	525	32	click
1373234302990	7	620	188	click
1371833413485	120	978	411	click
1370528865937	27	329	248	click
1371595927713	87	369	474	show
1368837721365	27	469	217	show
1370690424410	143	416	187	click
1368127566747	25	449	48	show
1371796799155	114	31	155	click
1366831417249	77	572	325	show
1370696273763	124	11	476	click
1368299024995	133	507	443	click
1370771906720	118	440	239	click
1370313902237	51	407	476	click
1367690426113	7	298	430	show
1366592656887	7	861	463	show
1371944289839	38	850	34	click
1371535153350	81	933	124	click
1367335596323	52	437	396	click
1367658776374	68	796	59	show
1367089988141	3	341	395	show
1372387819679	123	790	345	click
1369254420135	141	906	360	click
1367636957391	138	666	123	click
1367094051200	118	113	208	click
1369525724259	17	519	428	show
1371908909123	55	246	12	click
1373069939926	92	27	235	show
1368361390726	66	331	404	show
1367308780005	141	409	51	click
1373417027600	72	912	454	click
1371652029660	147	383	364	show
1367913651158	104	976	246	click
1367575327807	101	258	294	show
1366946362713	102	646	357	show
1371421238133	73	239	256	show
1367041383639	126	841	44	click
1374079528198	26	869	50	show
1370112285821	14	813	273	show
1366518441214	103	785	194	show
1369823989472	128	780	47	show
1366772705956	79	953	435	show
1369237275990	105	643	140	click
1367876769458	15	612	355	show
1371707793017	64	783	112	click
1368859274765	89	889	18	click
1369292738123	6	824	4	click
1367195545083	137	461	305	click
1367437353697	140	648	63	click
1368088580208	68	338	338	show
1371011824779	132	172	55	show
1368550833646	56	550	425	show
1368581261245	111	524	383	show
1373173612452	76	344	111	click
1368263361932	54	267	45	show
1366926330334	42	876	372	show
1369543523994	147	645	142	click
1369098577246	43	818	306	click
1372168349444	65	684	234	show
1369415047670	99	699	386	click
1370770634709	116	702	448	click
1370494173138	67	140	261	click
1367106537080	144	503	201	click
1372944717304	138	538	276	show
1371685979637	141	356	258	show
1368841772000	54	408	63	show
1370722558746	75	749	486	click
1369490063950	101	116	39	click
1368162978317	143	955	84	click
1367652004308	86	893	369	click
1368313882078	54	342	340	show
1373008921348	41	592	159	click
1373870084504	38	585	468	show
1370260345359	103	920	250	show
1369482289726	143	432	101	show
1372038373253	131	650	355	show
1368326062249	74	986	445	click
1366934420019	115	670	152	show
1368940611593	22	836	7	show
1374089662662	141	218	485	click
1367849979381	146	730	482	click
1366958930412	136	813	450	click
1369699664666	51	316	62	click
1373812774883	100	700	340	show
1369199044843	104	588	53	show
1373488824872	8	4	120	click
1373080907311	130	720	135	click
1372358751162	29	58	409	click
1369329790050	47	577	199	click
1371017483105	83	433	257	click
1371461138226	98	182	33	show
1369907559745	17	659	476	show
1366827949467	137	528	305	show
1373259282563	32	980	397	show
1373475026079	115	215	329	click
1371044914966	26	744	381	show
1370074584401	57	294	439	click
1372788508822	63	752	252	click
1373170712363	105	885	194	show
1368011690144	109	857	296	click
1368456831661	44	549	103	show
1371917664657	44	129	47	click
1369380421315	50	270	206	click
1369541578960	68	476	131	show
1371104499170	100	532	454	click
1367195928449	53	615	379	show
1368324297233	138	248	186	show
1373031485977	78	267	177	click
1373189752331	28	56	493	click
1370407489685	128	838	44	click
1370448458336	73	706	64	click
1370977873428	6	962	253	show
1374070361778	105	627	238	show
1368991352026	102	795	371	show
1369506109951	38	36	167	click
1372363954265	53	702	415	click
1368018276892	70	985	149	show
1367923824124	79	137	148	show
1371397332667	120	639	237	click
1373504909371	115	246	388	click
1372756552101	40	336	483	show
1373894714755	117	901	88	show
1371761883602	34	713	361	show
1367047736240	59	283	258	click
1373613015203	78	68	464	show
1374029607260	112	926	234	click
1373792754611	97	428	3	show
1369341230609	94	954	110	show
1371792603846	71	561	434	show
1369669023966	100	682	279	click
1370997474607	48	260	421	click
1371308778853	134	778	249	show
1366999775551	66	40	258	show
1373124361961	120	945	139	show
1371590587764	8	99	136	show
1367659453470	127	319	389	click
1373779365154	101	390	120	click
1373399011664	3	650	2	show
1372034182477	22	16	61	show
1373859592430	41	304	15	click
1373606533892	71	910	325	show
1370985420023	35	18	302	show
1366769082142	146	363	385	show
1369144880963	69	366	304	click
1371437244407	107	66	107	show
1374060379617	70	151	500	click
1367930819778	63	290	475	show
1371118971738	141	102	390	show
1366748270729	94	408	256	click
1369051707608	87	585	437	click
1368662607308	48	507	289	click
1370063275297	14	564	171	show
1371359820614	107	505	83	show
1367718786945	137	548	319	show
1370467151776	44	253	434	click
1366866997086	24	612	91	click
1372591029868	75	331	222	show
1370651790963	105	955	281	show
1369844662610	93	459	333	click
1371899243910	107	384	485	click
1373621003195	63	525	290	show
1371896429388	14	358	83	click
1373932215866	22	761	429	click
1371918759612	46	647	167	click
1371259919984	19	857	216	show
1369455845376	57	626	33	show
1369832746088	125	124	190	show
1370674723959	29	945	342	show
1369263262344	86	826	411	show
1370303220010	75	972	246	show
1370111002236	79	402	417	click
1366648552152	115	56	110	click
1372046284047	1	665	40	show
1369333301482	61	604	127	show
1367391719184	46	332	232	click
1371249366181	30	623	410	click
1371592704109	95	175	36	show
1368612286922	148	904	64	click
1366810160996	126	737	386	show
1370279696083	37	601	120	show
1370790887352	125	7	287	show
1369137081371	82	675	127	show
1366875493177	147	405	261	click
1368144329989	93	205	371	click
1371992704694	128	449	383	show
1373882584491	77	960	203	click
1370199459156	48	489	17	click
1373446475310	144	403	476	click
1373970936228	150	181	47	click
1373794166007	25	871	13	click
1371011621189	68	34	62	show
1372363564865	87	76	393	show
1369008999515	121	415	439	show
1369598280420	32	286	13	show
1372034445415	103	489	449	show
1369049585528	62	98	263	click
1370652794107	72	32	94	show
1368299795987	104	698	245	click
1370690103050	92	124	301	show
1366716955820	148	443	20	click
1368696443722	109	90	139	show
1367656838047	73	318	156	show
1370727101448	83	789	112	click
1369615807738	28	352	229	click
1373320790942	72	935	1	show
1370142705084	20	737	147	show
1368972763551	106	282	39	click
1373477859976	69	816	435	click
1367909635108	91	720	240	click
1368582575211	49	808	162	click
1368760133073	137	430	202	show
1367527975663	112	131	279	show
1370668258255	55	309	433	click
1369549804878	40	688	268	show
1368485155411	139	75	223	click
1366707823278	106	862	225	click
1373049245325	56	475	108	show
1371069258955	144	84	137	show
1372637039262	97	400	376	click
1367586458535	55	466	364	click
1372246804550	148	397	159	click
1372380853033	82	456	336	click
1369586264758	67	772	334	click
1367087867490	32	579	93	click
1372881474273	22	953	393	click
1368463550460	142	890	417	show
1371779817989	100	491	206	click
1369567936563	114	52	91	click
1369804403900	64	6	106	click
1373522723690	17	52	199	click
1372156339953	17	992	281	click
1372392988469	135	191	146	click
1372462473449	34	315	388	click
1368246534552	34	674	112	click
1370472821937	44	735	475	show
1372932747106	43	947	304	click
1371995001869	112	616	86	show
1369310724547	38	392	226	show
1368646036520	95	644	257	show
1371199232264	22	683	161	click
1366467777719	5	176	145	show
1368035175299	50	989	202	click
1373036933383	85	701	314	show
1370189149912	20	536	18	click
1371168911057	125	765	160	show
1366633177633	12	250	249	click
1372359163465	96	95	50	click
1371137539166	7	730	85	click
1367548049889	90	851	70	click
1371542286598	62	448	86	click
1368572307057	19	511	164	click
1373523479102	77	22	24	show
1370776813302	134	412	340	click
1370292124115	27	865	41	show
1373810590104	144	570	490	show
1370583546959	11	271	423	click
1368632277740	43	499	106	click
1368939183883	58	623	261	click
1368221769938	98	650	65	show
1372576142971	132	263	463	click
1369870408158	111	18	143	show
1370416517230	2	839	371	show
1368875957399	84	268	210	show
1368139052832	43	153	110	click
1371604288965	62	305	211	show
1367866663247	65	800	69	click
1371737516443	130	499	397	click
1368782824511	113	803	416	show
1366426214257	59	246	254	click
1371089059993	112	459	257	click
1369003446966	47	50	226	show
1369275596863	80	560	162	show
1370407164015	146	469	109	click
1373824977488	80	710	138	show
1370491161269	42	31	311	show
1371186814004	29	778	173	show
1367652936233	139	11	177	click
1368295953441	2	240	427	click
1368300785159	8	716	313	click
1373328672078	70	181	398	show
1372421817171	65	474	390	click
1369016547133	126	519	180	click
1371959320240	116	119	243	click
1372944176145	143	626	420	show
1367004447513	37	781	199	click
1368456913315	68	637	398	click
1367625926564	52	327	480	click
1369219936033	97	108	309	click
1371239643409	148	427	6	click
1369805914538	63	353	322	show
1368722715151	145	456	495	click
1372766457846	53	340	95	show
1367128134212	140	461	301	show
1368364074492	68	467	331	click
1371526110243	17	796	3	click
1372432691258	124	724	283	show
1367012918292	16	657	9	click
1374054995898	111	987	465	click
1373033188722	56	819	467	click
1367861103412	71	59	81	show
1370585805740	77	357	235	click
1371167325730	146	359	220	click
1370469867760	124	532	312	show
1371060959193	115	626	97	show
1371448194254	27	179	378	click
1372796238552	112	772	358	click
1372293997229	1	499	377	click
1369781201453	30	377	33	show
1373416755818	25	835	341	show
1370583351780	67	914	243	click
1370528279588	6	125	305	click
1371165675693	79	766	17	click
1367620619774	82	39	443	click
1370529853229	28	220	224	show
1372287115661	143	828	192	show
1370259958782	4	448	184	click
1367731208314	41	616	188	show
1366682689883	91	75	128	click
1370855974454	15	949	12	click
1367582704693	37	950	315	show
1372108562203	131	56	346	click
1368163831937	8	253	469	click
1372787191272	91	758	110	show
1369677677583	76	5	450	show
1371860603295	129	189	470	click
1371257029327	13	902	198	show
1372173231278	77	784	352	click
1368147698360	59	695	194	click
1368530104177	147	971	472	click
1370030055495	27	944	60	click
1366450625423	101	940	392	show
1370767071820	34	897	493	click
1369236703710	105	276	163	click
1370738098835	64	655	17	show
1368919453314	45	535	253	click
1371968001742	91	260	133	click
1366524211913	113	557	45	click
1370660377764	14	860	466	show
1366475337289	71	214	230	show
1372710391272	141	479	442	show
1371507969406	73	53	36	show
1372116552786	4	108	118	show
1367923411149	129	802	162	show
1368834731856	140	360	123	click
1368831312531	5	962	4	show
1366823970456	20	589	340	click
1373658615274	27	412	383	show
1367164308319	16	932	489	show
1367399725762	24	577	189	show
1370940330094	17	931	207	show
1372354146637	37	888	47	show
1373116679506	95	568	434	show
1370649403805	53	795	294	click
1370549596976	90	643	66	show
1372691169964	30	940	382	click
1370199516203	143	446	182	show
1366351582120	131	30	367	click
1366532627838	15	765	254	show
1373309114376	87	622	51	click
1373624762005	49	674	138	click
1373842113019	13	815	229	click
1367168105485	33	880	185	click
1372062351616	26	824	42	click
1366641851558	65	57	173	click
1368318148193	35	315	412	show
1374020882546	24	105	331	show
1366463112119	67	33	259	show
1367065626249	99	976	203	click
1370840555235	54	629	29	click
1371837401520	66	241	160	click
1372483075035	109	763	177	click
1367913228754	145	330	286	click
1369895800489	95	144	475	click
1369891547719	19	602	171	click
1368276755155	14	794	276	show
1366725159629	113	491	446	click
1367256922439	33	12	66	show
1369527358774	111	110	392	click
1370142034247	126	428	395	click
1373600552774	64	249	153	click
1374166717798	13	11	332	show
1371700965874	100	14	86	click
1370851940232	75	991	60	click
1367168189067	73	127	313	click
1371471619343	47	157	345	click
1367241063027	44	141	127	click
1367140018805	88	389	392	click
1366587619804	79	706	22	show
1369527260916	120	227	150	click
1371584667333	116	171	279	show
1373213077309	93	17	193	show
1366843972399	147	803	116	show
1368275165771	114	981	444	click
1368763338342	107	778	422	show
1373442351426	115	201	472	click
1373435969986	30	837	364	click
1373708480311	17	851	388	click
1366593987374	1	455	224	show
1368142908123	43	123	500	click
1369132464807	42	551	142	show
1368284423487	134	803	327	click
1366457042791	73	706	494	show
1368006660763	93	23	48	click
1369249816662	144	491	142	click
1371622659684	133	10	36	show
1374053405597	96	835	88	click
1367728804872	94	361	338	show
1368320687533	9	974	56	click
1368943962031	82	973	183	show
1373312213339	11	706	107	click
1366913695955	113	845	43	show
1366815976848	18	718	198	show
1369831313485	8	961	368	show
1366494252430	120	589	68	click
1374139202909	71	685	450	click
1370081978505	11	879	352	show
1367820174319	77	50	175	show
1374044974633	2	456	85	click
1371901358116	37	207	158	click
1370662863732	139	328	128	click
1371500382074	11	497	245	show
1373974886610	150	690	166	click
1372487121803	3	20	171	click
1372646865286	9	143	24	show
1370965227865	5	820	26	click
1370293899622	31	121	198	click
1372236952378	24	132	143	show
1374035145763	116	684	463	click
1373148962837	70	868	377	click
1369277572572	71	161	497	click
1373200080601	107	489	432	show
1371121656577	59	158	84	click
1372315668481	139	902	352	show
1370765473732	134	59	12	click
1374023271065	113	348	286	click
1370378744584	63	161	212	click
1371388704860	46	499	185	show
1366722217384	116	596	336	show
1367244009677	16	142	1	show
1368330457269	141	983	177	click
1370891105396	102	675	420	click
1366425909494	53	493	306	click
1369879894590	84	125	281	click
1371794134240	115	271	315	show
1369524819188	15	561	273	click
1369552292787	79	957	96	click
1372890409659	29	688	331	click
1372746231159	135	903	96	show
1372080970494	21	638	343	show
1372922673378	121	520	453	click
1372597122485	29	176	304	click
1371143102938	126	675	442	click
1366368906330	34	914	56	show
1374204057598	51	386	18	show
1372320657383	141	736	174	click
1367697088692	90	696	42	click
1371138782186	146	849	434	click
1370634976407	93	533	141	show
1369209977920	53	775	494	show
1368383650400	40	901	487	show
1366514716167	41	52	55	show
1367256708907	87	822	384	show
1369006044077	59	12	36	click
1368919165050	78	604	467	click
1371006149539	81	853	471	click
1370220997818	124	120	306	show
1368709873992	49	364	261	click
1368187181805	121	79	122	show
1372593409790	92	837	468	show
1368987482462	97	18	228	click
1368812342247	90	537	441	click
1373525174389	139	598	222	click
1373004582322	61	245	242	click
1373873646162	139	190	455	click
1370595491922	76	189	428	click
1368072516799	60	206	220	show
1368623355376	73	76	352	click
1368246502181	12	483	73	click
1374120178275	62	761	488	show
1371189219639	33	298	437	show
1372426345428	65	874	358	click
1368682548947	32	640	182	click
1369411402274	98	219	122	click
1368493353520	53	975	259	show
1366567586625	40	463	285	click
1368542120124	81	915	462	show
1373093255019	8	664	3	click
1373057877817	108	235	203	show
1370257740889	123	26	66	show
1371942389401	91	20	454	click
1370194056413	135	874	457	click
1373529067467	24	70	267	click
1369080097738	1	671	320	click
1371762769695	12	356	347	show
1369992599728	21	332	378	show
1370973478255	35	835	254	show
1370401092766	135	24	83	show
1368107692486	57	51	63	click
1369903399011	125	911	444	show
1368262740933	55	559	242	show
1371678874760	124	538	37	click
1372218377676	145	787	232	click
1369039821171	42	448	108	show
1368706563432	52	784	313	click
1367318068045	92	865	129	click
1367647413041	117	517	101	click
1368459326766	146	862	64	show
1373904190631	129	749	124	click
1369203066869	55	978	9	show
1368958561150	86	8	304	click
1367889115547	146	64	267	show
1373325649195	111	206	420	click
1370052095379	43	465	323	show
1372233277206	130	254	353	click
1369230887774	80	412	220	click
1373589832600	11	27	139	click
1372308623149	74	620	177	show
1373436506706	64	753	202	show
1371384605939	116	569	24	show
1370055859677	5	618	304	show
1371677597807	79	995	290	show
1367471947787	75	202	479	show
1367030950553	55	957	157	show
1368637211913	11	750	51	show
1366410552332	95	526	343	show
1366510987822	118	325	11	show
1366577351220	72	224	318	click
1372512974563	56	492	464	click
1370125196909	124	394	161	click
1367814047412	138	56	369	show
1369285979956	64	377	334	show
1368345691109	71	803	269	show
1366925003669	9	466	172	show
1368916115390	136	304	150	show
1371427295262	106	169	86	show
1368544185970	19	82	479	show
1367944516343	32	955	135	show
1367057030864	33	407	109	click
1370501625965	39	407	21	show
1368145343508	31	724	304	click
1373524350690	116	23	392	show
1370310223586	42	976	248	click
1368491215286	91	657	18	show
1369446756453	148	874	125	click
1369659477469	114	322	304	click
1373486038130	53	330	136	show
1370756548640	39	222	461	click
1372346792041	73	602	372	show
1372523252920	17	516	114	click
1374096396651	109	746	146	click
1366686574314	119	543	97	show
1368409325749	20	88	253	click
1371271663929	3	734	122	show
1371933552903	37	950	404	show
1373006200343	27	531	314	click
1371495945375	136	437	368	show
1368479108862	117	752	282	click
1370058991916	74	103	139	click
1372924726027	1	836	101	click
1367577445449	70	540	364	show
1370164704046	100	662	126	click
1369468422303	66	318	433	show
1367015719666	115	65	440	click
1370133324877	4	253	307	show
1373603236527	105	938	231	show
1373728598873	126	949	122	click
1371855296446	133	57	45	show
1372756897581	51	505	179	show
1367586180746	1	816	481	show
1374116137692	111	405	273	show
1370541619213	127	839	248	click
1372511039916	38	672	325	show
1372804430380	14	856	105	show
1370221399783	97	905	380	show
1373087908718	76	570	122	click
1371428373690	136	293	435	click
1371632742690	124	982	17	show
1368687636499	20	476	165	show
1371567692962	45	407	389	show
1370152353897	91	793	424	click
1367697864507	63	753	244	show
1373937907982	88	141	113	click
1371204033557	98	329	273	show
1369531126114	35	902	372	show
1372057823026	147	667	492	show
1368445714815	105	968	232	show
1368905736951	121	900	240	show
1366858332262	111	420	394	click
1370501906752	103	621	44	show
1373364776087	100	827	159	show
1370872192980	68	484	271	click
1373301467008	134	302	365	show
1367911924927	35	164	80	click
1368537581840	8	988	58	click
1367709722096	132	691	334	show
1369626456682	112	683	323	click
1367525078203	123	906	431	show
1370391356249	92	83	365	show
1367323684183	88	951	165	show
1369790785169	143	656	184	click
1366951909707	65	600	153	click
1368646799802	8	79	31	click
1367300826664	20	764	11	click
1369016819407	59	857	416	click
1366691021708	129	930	497	click
1369845750955	30	996	19	show
1372879919294	133	435	475	show
1368211104985	3	773	470	show
1368636589854	70	764	466	show
1367037411009	87	301	348	click
1371156116706	51	779	405	click
1368912649752	42	239	395	click
1367877550584	28	871	263	click
1367195059220	34	133	427	show
1370231829842	46	658	259	click
1367286040031	34	399	175	click
1370257786792	150	97	2	click
1370998270386	44	16	339	show
1366500660601	34	607	233	show
1370148647492	16	213	485	click
1366342525508	44	763	311	click
1373939817181	51	168	67	click
1370318016668	101	867	6	show
1368634082169	126	376	44	show
1368165022444	39	502	341	show
1370737342355	100	735	168	click
1371506947475	22	306	430	click
1371377996120	18	167	173	show
1367736188989	69	692	331	click
1371430658816	25	862	24	click
1367343204329	44	235	256	show
1371182431643	144	16	378	show
1368979017478	94	991	47	click
1370262056447	144	987	370	show
1368357341797	85	65	27	click
1369467050915	46	640	57	show
1369488164458	1	177	124	click
1368474862763	7	343	234	show
1371915797273	68	410	30	show
1366966400913	126	541	280	show
1366911176334	63	1000	335	show
1370482433420	76	827	75	click
1369472608732	99	132	357	show
1373910097404	98	942	39	click
1370995861723	146	206	154	click
1369754484456	137	827	413	click
1367410555745	91	845	244	click
1372095697798	49	609	466	click
1368531071356	100	907	149	click
1370824847060	94	560	407	show
1368488804517	109	970	85	click
1372970902420	122	884	41	click
1371213436394	131	527	221	show
1372508678865	60	559	442	show
1371493935067	41	153	335	click
1369991667307	137	613	90	click
1373641937417	139	670	306	show
1372164980025	91	985	83	show
1370560740303	73	292	388	show
1371996104746	113	62	430	show
1371894984383	57	675	429	show
1372024204668	99	632	78	click
1368499798297	39	436	419	click
1369939592780	118	946	294	show
1369509096491	77	859	15	show
1367320073752	119	950	62	click
1373505435037	57	576	233	show
1372619180650	77	383	37	click
1373310030483	121	214	104	click
1371736731233	80	258	418	show
1367845347718	82	778	140	show
1368213142632	60	484	457	click
1370935648899	134	474	265	show
1368190104272	113	558	132	show
1366427039261	150	577	445	click
1366515535847	146	738	499	click
1373647371039	46	345	190	click
1366794922678	104	680	440	click
1369821571214	77	465	410	show
1372081494759	127	88	441	click
1369527704344	10	7	37	show
1367055415737	126	988	270	click
1371267024208	77	593	297	click
1372312823250	80	685	101	show
1368632798923	43	632	30	click
1367327473836	63	460	111	click
1372562539781	96	774	333	click
1372557790345	145	17	257	click
1371057378812	142	887	48	show
1367126109655	51	378	339	show
1373113141609	53	194	246	click
1370382705590	109	293	195	click
1373949110507	38	707	74	show
1367250402260	32	791	2	click
1367410134875	101	240	422	show
1369722663462	33	225	441	click
1367716416818	135	408	80	show
1372899728251	103	287	63	click
1373161726176	94	346	343	click
1371172036368	98	4	210	click
1372207924361	87	307	93	show
1368834625124	104	192	470	click
1369811109031	44	164	380	click
1372692411222	14	34	468	click
1371626407309	85	947	415	click
1369378836738	20	538	370	show
1368702104599	122	509	481	show
1369895184914	69	445	349	show
1373409552707	149	256	157	click
1368345452138	115	465	159	click
1372197299019	110	688	349	show
1369343042795	64	336	386	show
1373130773263	128	553	27	show
1370809822088	56	252	420	click
1371784574265	108	701	357	click
1371166050572	73	765	500	click
1368545500797	41	864	338	click
1373175561381	84	812	147	click
1372997407934	122	600	349	click
1372479720532	105	188	128	show
1368259967343	66	605	242	click
1373763459285	106	51	64	show
1371170976179	58	488	386	show
1370891526744	120	386	140	click
1369127991083	84	962	215	show
1374015222577	9	168	333	show
1366350035386	131	626	390	show
1371070018166	25	881	12	click
1366559590362	101	436	408	click
1369129042656	110	88	168	click
1374027584936	114	455	468	click
1373902104790	1	618	262	click
1370965548854	94	496	230	click
1372602546370	22	384	71	show
1373099898096	127	974	210	show
1367119007160	78	886	256	click
1369548380394	87	430	334	show
1372265834352	24	776	109	click
1368409091341	22	764	162	show
1373312956654	38	413	300	show
1367692535568	143	17	232	click
1372428527826	110	626	495	click
1370270972158	59	317	141	show
1370353273670	57	696	247	show
1372338545619	73	114	264	click
1372858666221	146	747	392	click
1368260597863	27	967	123	show
1367676181818	134	646	299	show
1370306093331	65	462	197	show
1371664664826	12	860	454	click
1370958069232	84	979	127	click
1371226047061	78	923	460	show
1367805183963	66	989	275	show
1368498240277	10	471	48	show
1372911071830	101	122	351	click
1369068604001	148	582	451	show
1372610839125	97	652	5	click
1374200097826	67	724	103	show
1372633258538	66	401	63	click
1368662753127	133	218	173	click
1371093110171	23	818	364	show
1367443015255	129	393	373	click
1373282989323	133	225	101	show
1371671011583	3	172	69	click
1369534173688	117	893	104	click
1368948292329	94	508	380	click
1367726019919	31	600	227	show
1371711259629	111	706	191	show
1371093220703	33	792	158	click
1373767857180	133	574	392	show
1368223780908	93	849	95	click
1372177520988	14	141	284	show
1367630450944	68	977	119	click
1368537871141	11	569	346	click
1366775234918	100	584	357	show
1369999510082	113	370	185	show
1366434800423	145	421	374	show
1367918400259	12	870	159	show
1366944051904	11	853	128	click
1370785609427	122	108	108	click
1367809923483	110	855	464	show
1369750002352	134	156	27	click
1369559957664	21	99	282	click
1372693797150	102	346	189	show
1371405568741	26	873	170	show
1369838144151	47	845	311	click
1368945016882	2	43	436	show
1366718406752	123	682	344	show
1367558790927	107	942	353	click
1367627899385	127	726	231	show
1373262058048	19	681	401	click
1372717361342	50	540	161	show
1372000357244	89	482	489	click
1368272636556	54	252	141	click
1368155170288	101	471	139	show
1368373674923	9	455	478	click
1374094498658	119	83	327	show
1373153902453	130	980	448	click
1371705993974	55	955	33	click
1370752060869	105	582	97	show
1371297822218	95	60	344	click
1370661069765	54	783	402	click
1373252295880	51	829	313	show
1372775044872	125	151	290	show
1373428894808	97	765	20	show
1368417772145	29	801	37	show
1368101695733	116	96	255	show
1371128025834	16	839	152	show
1367280769115	29	723	305	click
1369152604471	8	714	365	show
1370974103918	101	206	214	click
1371412394239	91	540	155	click
1373734344402	80	973	98	show
1368793433959	150	950	193	show
1373653661648	81	721	300	click
1373448871239	92	166	418	show
1372005540308	54	622	444	show
1366591583296	45	523	232	show
1368062157828	16	448	427	click
1372390284428	68	535	27	show
1374175742979	91	233	172	show
1370378476651	39	534	311	show
1369499191961	5	47	411	show
1371046978379	42	266	426	click
1368242494571	129	591	1	show
1372178205465	142	468	419	show
1367041244868	38	903	376	show
1367498829305	125	896	438	show
1369302831464	120	406	377	show
1373866151187	12	126	485	click
1372269230841	85	470	18	show
1366393005734	18	35	76	click
1367981433793	68	940	346	click
1367275765035	72	649	484	show
1370351710956	20	616	416	click
1370279359516	101	32	23	click
1371157009038	48	808	275	show
1370057477303	15	741	133	show
1368189308087	51	915	49	click
1373181557862	68	454	186	click
1370312392881	141	701	58	click
1371274236807	38	310	9	click
1368776850617	23	544	241	click
1369366646952	103	259	473	click
1372774388600	72	865	145	show
1371422379494	57	387	447	show
1369373177791	119	130	203	click
1370435490270	39	617	486	show
1373105197422	135	534	139	show
1367919293462	44	284	321	show
1370697554699	85	769	473	click
1366705446379	20	63	181	show
1373286159424	94	926	496	show
1372295757304	116	755	114	show
1369457173626	114	446	142	click
1367803240992	67	708	492	click
1369122171996	115	289	72	click
1373982877621	147	241	477	click
1370697657355	81	444	375	show
1368210990150	48	586	138	show
1368201124481	60	924	400	click
1368396998054	104	890	282	show
1368506075713	4	687	422	click
1372777144890	130	336	89	show
1366786601732	62	809	312	click
1366843329628	58	593	161	click
1369313229219	33	105	203	click
1373836851809	145	576	470	show
1370428982616	92	866	53	show
1373103950345	19	593	366	show
1370105972366	77	446	327	click
1373920375362	146	535	482	show
1370207516761	84	92	251	click
1369580329520	56	943	237	show
1369063804158	82	463	268	show
1371218135851	16	946	170	click
1369207503680	100	422	319	click
1367439287617	76	809	184	show
1369721080773	62	858	138	show
1372851813175	107	22	195	click
1367363896109	83	206	86	show
1368265445159	49	280	435	click
1370357707762	146	383	52	click
1368827054658	51	637	323	click
1371244496145	138	601	143	click
1369945210891	14	629	60	show
1366446234998	121	638	248	show
1369236534791	23	322	494	show
1373585046827	111	535	178	show
1373497286142	16	979	466	click
1372555217030	98	311	113	show
1366372649650	93	408	200	click
1366799071073	119	143	251	click
1369390684411	82	662	370	show
1370922911100	136	604	152	show
1373836326176	77	317	238	show
1367309205161	109	365	383	click
1367176990627	30	37	182	click
1368611148252	61	433	463	click
1366579847329	72	297	69	click
1368285170567	137	989	284	show
1366377777093	68	744	184	show
1370013645534	132	266	184	click
1366364750367	105	154	424	show
1366518501998	18	499	392	click
1368235277686	52	959	322	show
1369821974475	44	397	313	show
1374185259337	134	998	35	click
1366586481548	106	479	426	show
1369168479815	140	863	459	click
1373182698599	62	933	349	show
1366847158395	83	133	337	show
1369894588343	15	572	103	show
1374196266622	79	9	35	click
1370694207706	108	332	380	show
1371207656103	134	76	406	show
1374086629820	27	949	18	click
1369761800112	84	418	456	click
1372766988881	24	389	277	click
1373385710089	150	932	464	click
1370740996936	7	145	141	show
1370702760554	141	794	389	click
1372204163523	32	472	427	show
1370062768995	63	911	160	show
1366801850024	109	253	196	show
1373011498463	132	391	364	show
1373249675609	127	654	111	click
1370247504537	81	687	146	show
1369674977474	5	514	155	click
1373341066650	32	260	179	show
1370617030065	52	112	417	click
1373909523555	26	896	158	show
1368627277330	149	314	232	click
1373608625612	135	292	452	click
1368718725863	97	982	122	show
1366802893249	97	438	280	show
1366466206255	93	152	152	show
1367528189218	71	931	209	click
1368702938670	95	247	146	show
1372942258238	134	271	431	show
1366469219152	72	461	495	show
1368459788298	114	973	144	show
1368292439539	34	72	106	show
1371258277300	100	987	8	show
1369928014706	46	898	476	click
1368531470694	64	565	300	click
1374113914384	65	407	380	show
1373810354331	34	858	453	click
1372256522139	129	576	344	show
1372589689999	128	610	84	click
1367370056088	79	423	354	show
1371925829978	126	755	344	click
1367522872941	30	139	1	show
1369197121535	96	209	259	click
1370650994595	137	984	346	click
1370648441009	138	965	437	show
1373854946660	139	196	180	click
1373821444132	13	40	357	show
1371978819948	14	887	2	click
1370872035445	62	385	496	show
1369543463255	137	27	458	click
1372963757962	150	676	175	click
1369842942392	129	114	114	click
1369242331647	3	173	463	show
1374093729295	74	298	345	click
1368358875200	141	242	204	show
1370100249609	123	405	410	click
1373022249522	14	585	16	show
1369109654111	42	815	452	click
1367674524605	90	892	92	show
1373333982938	19	783	92	click
1373306938305	8	902	308	click
1371684952787	82	435	158	click
1366438753539	1	808	129	show
1368044406486	89	147	124	show
1373751010583	80	5	24	click
1370987154928	56	963	402	show
1371603974641	114	446	235	show
1369531062249	12	249	69	click
1374187124096	141	490	199	click
1369376835882	97	113	165	click
1369312456873	70	574	72	show
1368023505953	7	191	71	show
1369877256859	30	729	481	click
1367361388898	46	728	3	show
1371056321265	121	321	251	click
1368349206372	16	575	89	show
1372920506825	70	99	270	show
1371398167847	9	365	18	show
1372416882735	15	716	119	show
1367374214134	59	672	340	show
1373463959522	55	16	347	show
1370212539328	64	402	178	click
1373005143775	24	204	240	show
1372181234670	116	348	309	show
1371001181021	111	687	361	click
1369141650978	105	9	186	show
1373612948874	140	173	156	show
1366538622641	94	49	418	show
1367284388687	7	604	423	show
1370371290692	50	704	432	click
1367428086098	93	800	90	click
1371873486848	84	929	463	show
1373444642542	137	219	326	click
1371835158805	129	732	194	show
1371732648242	112	930	272	show
1368551863609	130	914	365	show
1367362157856	120	745	111	click
1366812445790	50	944	219	show
1369270502192	131	403	491	show
1366760184441	137	845	40	click
1373187615360	131	938	273	show
1371685327102	146	239	45	click
1369932940685	44	691	463	click
1370044276118	128	994	340	show
1369420066217	127	610	201	click
1369221924460	14	601	321	click
1371628029406	95	649	392	click
1372990047211	43	516	485	show
1370714601647	48	20	92	click
1372449611296	94	495	437	click
1371474288297	33	554	375	show
1372641200648	30	914	321	click
1373527777083	115	48	310	show
1367608079865	94	298	289	click
1371139129055	73	988	311	show
1370164959202	74	876	278	click
1371425197684	107	341	192	click
1366805994709	22	136	57	show
1366567834100	39	296	436	show
1366663860023	102	708	342	click
1372315318817	144	787	138	show
1366689089645	20	90	84	show
1372079963016	3	812	479	click
1371330300505	18	120	247	click
1370908344410	34	138	463	click
1372483659763	82	62	407	click
1371166837185	101	747	53	show
1371987581894	132	41	225	click
1372891608771	66	467	172	click
1368803756618	4	914	127	click
1372061664088	142	578	52	show
1370835145012	123	206	325	show
1373626803968	18	749	296	click
1368105365740	38	336	154	click
1371833125154	43	434	54	show
1367580307215	118	715	91	click
1372660343968	33	596	144	click
1371141751707	32	151	89	click
1373160774530	133	292	45	click
1367606532002	40	576	498	show
1371705274543	149	214	5	click
1367057566876	133	471	230	show
1369408876253	128	266	153	click
1367274774727	120	859	338	click
1369403169313	31	289	173	click
1367728458233	101	206	191	show
1368633839948	130	775	273	show
1373934376723	57	453	392	show
1367711987116	97	964	467	click
1372129541549	132	890	226	show
1370689618045	16	584	278	show
1371272205085	5	478	493	show
1373653773385	64	117	387	show
1368325155644	67	859	379	click
1366414388955	66	357	486	show
1366527628848	64	600	87	show
1372561055715	20	511	105	click
1368818784044	30	559	250	show
1368724095465	91	82	330	show
1367939724071	20	111	436	show
1372696794233	19	216	206	show
1372177209301	99	642	386	show
1367114730087	148	802	422	click
1368544607313	92	603	398	click
1369876529469	53	570	379	click
1369962470846	129	357	161	click
1366575847348	146	39	457	click
1372267225025	88	449	3	show
1371617618626	1	988	41	show
1373325521643	77	815	341	click
1373175168583	131	815	344	click
1366978137921	78	89	352	click
1370643877869	131	988	441	show
1370477095498	101	828	173	click
1366886907074	41	216	269	show
1371114527907	146	704	306	show
1368575091191	114	87	462	click
1368769636218	130	888	103	show
1366629089737	105	156	204	click
1369246939467	107	497	403	show
1371162407198	82	290	158	show
1374058899727	146	375	485	click
1366676951769	47	901	62	show
1366353872903	18	522	98	click
1369291292188	3	837	236	show
1368631853288	110	134	416	show
1369188559783	37	585	274	click
1370542371204	90	945	135	click
1368222307599	20	804	486	show
1371921451233	106	181	491	show
1370620704679	57	811	463	click
1369074933919	141	856	46	click
1368134100352	28	315	452	show
1366560414478	45	190	273	click
1373470686994	6	978	461	click
1370441216567	114	270	7	click
1374085830231	96	68	315	click
1368406170575	123	740	75	show
1371799921449	1	41	29	show
1374195728557	35	75	216	show
1372855963968	72	922	2	click
1369957727105	46	762	433	show
1366531695295	39	365	206	show
1369034249379	67	907	215	click
1366895673043	73	490	227	show
1373681172542	135	540	368	click
1368174087758	128	343	127	click
1366662507845	61	822	185	click
1369401920409	135	285	248	click
1366396968117	3	307	141	show
1366436947289	123	617	393	click
1369723186727	15	650	17	click
1373962346312	4	199	106	show
1372905313199	57	599	173	show
1367909839323	95	217	188	click
1372410749311	117	768	196	click
1371258117363	88	705	7	click
1372365037144	35	930	145	click
1373076386308	15	48	242	show
1371183549370	56	186	350	click
1371439067321	137	881	308	click
1370659911618	122	14	218	show
1369362434745	37	729	263	click
1368774115904	13	165	308	click
1369008911823	82	13	390	click
1373836134880	53	191	45	click
1371360861262	134	703	421	click
1373654487242	22	106	246	show
1369051092248	116	654	445	click
1366776172480	124	305	64	click
1369600586349	101	534	498	show
1368656781639	40	571	136	show
1368385126123	128	245	159	click
1368092185875	142	479	290	show
1373158453444	46	566	421	show
1373463630680	135	202	347	click
1367188236902	118	573	32	click
1373632754174	45	733	349	click
1368487083175	138	541	480	show
1367294771394	100	52	42	show
1369099670273	83	762	99	click
1371871954380	14	665	478	click
1370489596882	131	741	363	show
1368825686773	57	448	449	click
1372945935312	10	728	150	show
1373852273495	73	278	190	click
1371433241343	146	51	110	click
1370875973684	97	661	290	click
1368535059166	102	134	236	show
1368747511515	21	510	43	click
1371818445012	30	430	212	show
1367131003721	74	771	207	show
1366859438786	63	565	328	show
1367827879413	106	425	420	click
1370974559539	22	564	62	show
1368649317884	122	425	392	click
1366592434323	22	847	171	show
1371458999064	139	844	278	click
1371009648615	95	603	38	click
1372714201674	133	467	462	click
1371739065406	93	141	319	click
1367358062990	20	188	13	click
1373199961388	136	294	396	click
1373422330548	74	679	420	show
1372141943324	146	105	125	click
1372076087943	6	274	261	click
1369039017915	118	94	467	click
1368385818925	131	45	271	click
1368591258426	98	840	341	show
1371466502110	114	87	213	click
1367287582075	128	851	86	click
1368216423862	98	677	212	show
1370170526966	126	190	290	show
1371806217748	41	76	326	show
1366913721092	67	865	13	click
1368307308842	67	857	232	show
1371493053072	130	67	441	click
1374184804402	69	507	11	show
1366936233369	31	556	386	click
1366438076040	144	483	354	click
1370370576259	119	978	20	click
1372755842395	47	474	184	show
1371000324871	51	985	20	show
1371530857041	137	174	151	show
1372573573398	121	431	472	click
1370668987883	30	868	11	click
1370268962684	74	817	333	click
1368490537523	73	743	407	click
1366690993098	96	798	239	show
1372209843713	133	59	305	show
1371607888082	95	961	133	show
1369167984510	56	256	306	click
1366828647401	28	950	37	click
1372768602882	84	780	59	show
1370881870110	96	117	420	show
1374127351873	93	821	402	show
1368734691970	12	150	262	click
1368738808644	122	307	414	show
1372783858828	78	866	478	click
1370155277503	91	781	476	show
1371836300694	23	204	499	show
1368152149222	70	264	72	click
1371940607570	29	527	158	click
1371756884179	38	399	442	click
1368742022387	2	595	199	click
1370314967821	79	71	39	click
1368626062193	28	227	259	show
1367268780727	33	314	417	click
1367187917230	99	134	12	show
1368827332699	21	801	380	click
1370150945984	107	284	106	click
1368105235130	87	618	119	show
1367872586235	15	716	249	show
1368039039036	61	537	332	show
1371840455762	113	837	187	show
1370397819003	91	762	38	show
1372578782490	6	708	140	click
1371575155346	58	285	137	show
1366940246287	38	485	451	show
1367903604766	63	673	245	show
1366723574939	36	552	285	click
1370174891846	28	311	205	show
1373361405938	63	956	439	show
1374081076465	102	244	135	show
1367873116701	49	220	361	show
1369336841856	136	624	279	click
1370587558731	98	267	495	show
1369658398089	45	754	296	show
1373377646409	41	798	24	click
1368106914628	123	617	244	click
1367278724525	135	35	403	show
1366838923562	63	76	413	click
1366955393881	63	26	258	show
1368376113167	7	150	460	click
1370372083504	91	235	176	show
1369187970861	129	197	200	click
1369074241073	103	459	117	click
1373779478595	85	755	195	show
1369413040295	86	719	2	click
1371068095657	130	399	151	click
1373602340217	74	760	462	click
1368473447562	149	272	387	show
1373256354353	47	697	395	click
1373711194377	52	985	427	show
1368996907175	148	417	319	show
1368722702973	141	691	33	click
1370035522705	24	535	342	show
1369638708320	95	55	399	click
1367682397010	149	336	203	show
1373321670664	119	690	123	show
1369628118205	109	883	403	click
1371139867340	77	960	75	show
1373996243671	54	818	295	click
1373095197828	68	439	4	show
1367338939232	150	650	134	click
1371874361386	43	350	414	show
1369955364404	111	50	477	show
1370955298759	93	707	95	show
1373660325756	27	758	91	show
1373610214619	125	291	467	click
1367995021845	142	722	184	show
1372566245120	27	587	284	click
1370008421301	70	421	323	click
1370441426312	2	37	209	click
1366648409882	10	570	202	click
1367276944506	111	415	140	show
1372925751072	109	809	7	click
1374079715382	32	663	133	click
1373752949912	125	995	107	show
1369002265287	120	657	430	click
1367729013490	146	892	361	click
1369188127349	129	560	5	show
1373074660466	65	871	213	show
1366666662538	41	96	33	show
1370145074654	28	198	34	click
1368546069812	95	318	391	show
1367514323607	129	141	154	click
1370285128116	68	965	119	show
1370702683218	53	967	295	click
1370325739623	15	610	337	show
1368812851120	10	375	488	click
1372775756869	20	819	468	show
1369216759092	119	396	205	click
1371611953158	109	431	149	show
1366451475223	147	989	475	show
1370856720713	43	933	61	click
1367840736572	74	866	63	show
1369842600456	66	789	110	show
1367944143371	140	944	275	show
1371832104023	1	300	158	show
1366969159406	85	89	341	click
1368108613583	123	565	145	show
1369605134038	97	623	6	click
1370462345027	45	797	366	show
1373100111062	127	911	404	click
1372540464307	135	20	76	click
1372094352285	47	418	441	show
1370602337202	101	231	44	click
1369460465961	42	210	398	click
1367979278517	121	725	180	show
1373020663021	4	818	444	show
1374018395871	1	996	349	click
1367899094638	60	75	422	click
1372176966727	74	667	453	click
1372538279277	130	444	221	click
1367736629277	138	981	274	click
1370105460735	13	40	27	click
1373111918218	119	806	71	show
1371061245199	95	28	119	click
1371532932967	97	714	207	show
1372580906360	111	218	3	click
1367797232975	54	907	173	show
1370406309022	144	956	454	show
1372752708301	69	851	370	click
1371878026287	72	836	80	show
1371991535111	50	949	61	click
1370887856972	49	486	120	click
1369560117577	51	859	34	click
1366508524918	17	713	261	click
1367086558823	89	177	174	click
1371907656106	23	33	344	click
1373133680319	95	211	53	click
1368317418321	144	861	55	click
1369967255095	21	7	19	click
1367824811644	71	945	95	click
1366948526039	22	711	267	show
1372777316155	144	528	404	show
1370416100753	109	303	307	click
1369307862539	113	366	299	show
1368583033701	147	756	145	show
1368798538920	8	660	438	click
1372808410658	131	480	423	click
1370642815407	11	969	386	click
1367032608722	10	73	99	click
1370406928341	47	637	194	click
1367421517213	104	89	348	click
1373494329965	16	659	331	click
1369253881130	88	28	25	show
1369135017920	130	142	109	click
1369363555012	69	574	309	show
1372031914375	117	984	40	show
1369109349232	145	716	191	click
1373504576471	36	961	481	show
1368126866485	97	184	462	click
1367925066673	74	807	423	click
1366400316365	139	337	383	show
1366947598525	28	940	29	click
1369040078955	142	173	447	click
1371467428972	16	885	241	show
1367125828229	54	340	247	click
1369059142638	66	989	230	show
1373732822693	10	392	82	click
1371385946692	125	22	499	show
1369036767231	1	557	77	click
1371866957563	17	30	6	show
1369078451397	88	75	377	show
1367720822128	103	176	201	show
1369719412404	101	589	23	click
1367417449585	7	880	430	show
1370737608927	57	286	106	show
1368593374284	148	256	109	show
1369846450814	114	905	105	click
1373107510992	15	585	135	click
1370806892686	13	723	13	click
1368730385721	56	837	355	show
1366820689787	1	383	411	click
1370539727477	84	854	87	click
1368872433852	45	667	40	show
1367612403954	40	758	25	click
1367572866642	28	108	33	show
1372317097752	103	288	15	click
1372871625165	58	61	205	show
1373388546501	98	149	90	show
1370697863128	31	192	474	show
1373951081664	89	926	376	click
1368715542310	4	424	398	show
1369372815357	78	484	60	show
1370974853913	129	119	9	click
1369990348229	74	308	361	click
1367853026249	42	625	44	click
1373863476185	44	190	320	click
1373354748367	133	72	454	show
1372911907221	144	630	487	click
1372705668195	25	279	238	click
1372694998036	19	372	209	click
1371540478502	117	788	49	click
1374160754714	128	463	191	show
1370847951577	119	27	254	show
1368164799605	103	210	151	click
1367704475452	147	687	396	click
1371216765823	147	189	256	click
1372826452729	138	295	459	show
1370823635983	80	937	135	show
1369843285971	84	633	172	click
1373404068701	40	763	195	click
1372662167964	107	600	214	show
1367710999263	72	544	404	show
1371426995305	68	912	84	show
1370064370206	133	100	172	show
1372710798066	54	952	457	show
1371017364712	45	568	486	click
1372787292069	35	583	62	click
1367155281712	111	5	409	click
1368119723791	28	630	158	click
1370793058905	17	600	136	show
1367330723334	88	837	485	show
1367189128359	24	935	110	click
1369812007133	50	212	16	click
1367358979781	53	623	330	click
1373356939051	46	681	226	click
1370364227345	35	952	337	click
1369317019182	110	196	319	show
1373000793244	9	603	56	show
1372663431763	100	805	392	click
1372768788983	138	565	117	show
1366386640009	61	942	323	show
1371289223631	39	345	412	show
1368770779567	114	438	178	click
1366996045043	47	119	256	click
1370149313903	137	993	77	show
1372641843803	81	974	371	click
1367960569571	29	534	163	click
1371023810102	140	343	376	click
1372861988473	101	967	427	show
1369534642515	105	849	357	show
1369205579941	137	686	37	show
1369498806312	29	860	397	show
1368416655828	90	195	112	show
1372208135796	66	838	16	show
1371634232670	132	583	34	click
1372430142588	130	249	212	show
1368620672709	85	91	486	click
1367349963644	27	213	321	show
1370701930350	112	367	5	show
1369969855601	53	171	97	show
1372988859269	115	638	32	click
1371416028297	112	39	259	show
1369472323322	43	785	120	show
1371476976665	138	301	231	show
1372651623944	139	639	329	click
1369971934947	6	731	231	click
1372332702517	7	800	359	click
1372973644628	22	594	298	click
1369155446480	57	100	402	show
1369922745739	29	674	472	show
1373969893657	140	465	324	click
1370135452137	5	133	168	click
1372639704469	115	714	67	click
1366535960104	13	938	165	show
1372370200344	38	965	308	show
1367751700661	2	255	310	show
1367847375573	85	256	270	show
1373229178148	66	657	398	click
1366477737819	42	686	73	click
1373957270882	133	125	231	click
1370981955139	30	829	204	click
1373694680574	42	515	334	show
1370007073094	90	510	451	show
1368903539827	126	707	117	show
1373370050851	120	149	87	show
1371572153890	39	930	46	show
1372682784759	141	576	79	show
1370330261842	64	33	172	show
1367151829284	37	518	467	show
1370546268509	31	348	91	show
1371960681537	16	265	419	show
1369526172487	68	432	303	click
1374173508250	40	764	60	click
1368604949873	145	539	183	click
1367927003440	111	11	267	show
1367113206680	68	879	15	show
1366357303561	146	497	394	show
1367126271931	9	623	87	show
1374179735406	80	946	205	show
1368282577373	68	783	324	show
1369231689282	44	460	27	show
1367447388562	140	687	218	click
1367580177543	54	861	447	click
1369354249193	133	289	262	click
1367900362842	48	439	219	show
1369354071896	82	288	420	click
1368706796946	130	463	190	click
1369200142949	36	470	272	show
1366747377533	77	616	396	show
1370573037564	12	101	414	show
1371804525014	32	270	396	show
1372464717299	71	356	77	show
1371198195824	56	609	388	show
1373493648309	72	59	240	show
1366689448167	38	230	463	show
1366473556451	150	556	32	click
1368172703666	1	132	206	click
1366680486955	24	187	258	click
1372711629972	70	251	380	show
1372074364430	36	212	269	click
1373824657593	22	888	243	click
1367580606777	50	951	169	show
1368810132541	46	312	163	show
1368975015320	78	181	297	click
1368502441464	26	646	1	show
1373069433215	84	132	264	click
1368029270851	78	860	41	show
1370668245413	31	245	403	click
1373670958903	96	65	412	show
1370840382333	69	707	104	click
1372767173721	31	560	36	click
1373074430165	132	272	323	click
1368258397980	96	872	403	click
1371970352723	30	189	213	click
1368816351062	60	16	300	show
1368532921223	54	680	280	show
1371415218073	132	11	45	show
1368926151869	81	468	175	click
1372019649236	92	301	388	show
1370335666363	108	606	446	click
1369373063744	19	388	281	show
1373461306182	68	259	155	click
1368109315727	95	217	297	click
1370364395070	89	15	304	click
1371545197316	14	494	436	click
1374160802760	49	810	200	click
1371416732356	35	366	314	click
1370534290643	135	391	341	show
1371362697234	42	826	298	show
1366967882661	26	983	385	click
1371233448502	51	946	366	show
1367181362264	31	639	438	show
1368442831601	96	775	58	show
1373015803303	53	680	54	click
1372318665399	17	523	349	click
1372105578593	73	248	25	click
1371055350825	118	313	246	click
1366826992038	115	711	266	click
1366689242001	131	404	142	show
1368469182327	43	654	264	click
1371427808717	107	816	449	show
1373426624441	88	83	390	show
1366882237482	16	642	208	click
1369713873396	97	110	220	show
1370959906932	107	335	99	show
1366630298580	137	783	435	show
1371826405367	41	625	366	click
1370516507972	2	499	388	click
1369131037349	50	22	205	click
1366414803392	131	708	319	show
1369928624067	51	938	208	click
1368478114592	52	223	110	click
1373344436415	98	333	102	show
1369850294946	125	930	175	click
1373136441519	72	991	427	show
1369762786852	87	625	295	show
1367634188204	12	249	231	show
1368369528680	110	980	167	click
1374197134669	37	948	352	show
1368522399121	100	448	3	click
1373517142345	91	171	488	show
1369847566042	131	212	102	show
1370067735265	111	464	242	click
1367448167604	73	55	91	show
1367970989660	9	847	141	show
1368512505488	113	181	397	show
1367795509568	21	642	457	click
1369945145959	133	658	292	show
1372629749509	13	215	357	click
1368217641390	69	561	143	show
1373108598823	144	680	217	show
1370249480734	86	371	468	show
1369243634881	10	674	279	click
1369360925115	112	684	192	click
1369820516217	38	912	454	show
1367719983604	147	832	282	show
1373978644525	116	196	80	show
1368043480713	54	801	4	show
1369586061897	65	811	465	show
1373188814161	91	915	88	click
1371155477537	44	722	269	show
1371914065338	58	905	30	show
1370448602774	103	615	236	show
1371487101277	40	981	182	click
1373228323385	107	89	493	show
1373040575688	80	235	187	show
1371409304167	18	349	254	click
1367589003617	117	588	109	show
1371230719020	103	133	96	click
1368266615888	55	94	416	show
1368206101073	75	386	386	click
1368194358980	125	579	6	click
1373832258456	127	242	417	click
1366760690981	110	920	62	click
1367612491733	15	763	30	click
1371480206578	63	292	96	click
1372156431709	15	942	477	click
1373857308525	29	533	273	show
1373039612764	81	122	327	click
1371967470866	135	5	133	show
1373988191882	110	883	453	click
1373881657393	92	38	458	show
1371141141256	20	484	310	show
1371456570534	92	633	125	show
1369872883825	103	630	321	show
1370619192942	86	807	304	click
1369831170813	105	840	96	show
1369568901491	134	338	289	click
1368053329836	12	716	176	click
1366963280292	147	55	24	click
1372142463601	95	782	299	show
1369870233375	105	360	171	show
1369027165809	95	398	293	show
1370407556214	73	153	14	click
1370923578801	124	27	448	show
1367675350396	29	413	91	show
1370228877907	125	439	493	click
1369186985988	146	800	360	click
1366896873344	132	507	25	click
1369672656482	7	455	308	click
1369094607232	40	220	135	show
1372644171168	138	174	426	show
1368893161523	93	948	153	show
1372488439254	74	327	113	show
1373934867882	28	100	476	click
1367789797471	101	504	113	click
1369550031583	12	17	463	show
1373673207915	140	279	13	show
1366930269077	26	652	439	click
1366527234149	70	711	24	show
1369170643168	75	892	342	show
1371287701782	53	193	173	show
1370986980897	37	534	72	click
1370635123131	149	669	315	show
1369135859473	39	552	349	show
1373993550009	124	849	236	click
1374090713927	7	53	89	click
1373849825380	5	62	493	show
1369540588715	103	855	356	click
1366552867028	86	434	200	click
1369249739945	136	184	56	click
1369716069343	36	594	249	click
1368645789434	107	155	356	click
1370559375574	123	62	447	show
1367952641649	95	91	42	show
1367133726478	101	864	481	click
1371700122198	52	176	478	show
1368294010138	91	314	463	show
1367459856048	58	226	458	show
1373688499955	49	975	129	show
1370276071668	107	228	351	click
1368308350428	55	949	181	show
1367951413424	59	457	196	click
1373397906952	2	429	122	click
1369969263561	30	263	498	click
1369026028777	70	58	69	click
1368036790721	34	889	181	click
1370843992971	105	696	203	click
1368967888870	10	135	373	click
1369053596822	127	962	220	click
1372354324240	147	762	379	click
1366740574425	73	940	337	click
1370297877874	81	978	99	click
1371189472162	99	363	141	show
1369537587734	32	886	444	click
1371821758754	24	513	424	show
1373983692281	128	157	342	show
1366988247484	67	247	391	show
1369323286778	17	619	412	click
1369760985447	122	314	312	show
1373591930748	34	550	252	click
1366621253022	131	706	198	click
1367138626033	6	185	128	show
1367663766845	42	837	354	click
1372494702683	133	447	274	click
1367252609813	69	829	148	show
1372542956250	20	215	68	click
1371178259530	32	233	451	click
1371850407069	90	587	19	show
1369219952544	47	611	372	show
1373943100252	9	126	301	show
1374199883037	85	941	103	show
1368659435389	147	483	84	click
1372814668623	122	676	247	show
1373586936130	60	922	124	click
1373909760242	71	721	235	show
1373532071922	21	502	449	show
1369738772130	126	425	45	click
1373211235988	114	878	271	click
1369371244135	16	241	196	click
1370890256758	65	327	340	click
1367703140223	121	303	285	click
1368513207881	117	198	195	click
1366918930868	85	488	42	show
1370464657878	101	526	293	click
1369796847568	44	552	162	click
1368807907532	121	770	401	show
1372431787167	95	481	376	show
1369554664654	106	609	56	click
1373796569371	105	773	235	click
1366925575209	140	314	186	show
1369210570333	78	419	384	show
1371809653795	60	736	470	click
1370673723543	57	710	427	click
1367314444281	143	809	322	show
1370819880852	51	812	434	click
1369382982348	25	616	172	click
1374036352689	64	145	42	click
1370381646661	76	320	441	click
1372223968706	135	882	98	show
1373582870274	99	150	47	click
1373421753457	40	412	27	show
1370134752863	148	797	492	show
1373770108418	97	603	149	click
1370098908406	7	26	45	show
1367812244941	81	687	190	click
1369617765820	87	824	201	click
1367058060147	91	719	263	show
1367548600083	30	569	463	click
1370674885877	93	768	308	click
1366697624008	61	12	238	click
1368799842089	51	865	333	click
1372080461228	8	467	374	click
1368661630250	53	799	163	show
1371577573758	38	157	251	click
1368504459667	134	616	352	click
1370035798415	83	685	342	click
1367917849816	139	437	263	show
1373562008771	101	759	27	click
1369107568396	120	189	372	click
1369490744133	29	158	382	show
1372048203968	103	61	417	show
1371566386653	50	36	5	click
1366558050795	58	520	408	click
1373232555934	17	605	41	show
1371753193679	145	241	43	show
1368202941456	149	973	323	show
1366588001035	87	393	272	click
1372218974044	147	359	275	show
1369160432509	133	14	47	show
1368035849562	97	553	160	click
1373036688163	44	533	227	show
1369265038325	98	805	345	click
1372415586700	98	765	139	click
1371111262933	61	952	465	show
1369859229937	28	64	63	show
1369026354436	116	432	41	show
1372759662697	49	477	420	show
1367295189250	40	962	336	click
1373238048998	36	860	462	click
1367283138909	5	497	38	show
1371912251282	13	822	153	click
1370043354982	150	737	103	click
1371771211317	58	541	499	show
1370150963261	77	991	367	show
1369728085005	61	950	91	show
1374141349318	37	62	87	show
1367021107481	146	227	499	show
1368265304187	136	838	347	click
1374036428987	84	107	257	show
1367834733885	27	96	224	click
1367601525752	27	639	415	show
1373581042944	140	887	40	show
1369828774179	143	582	222	show
1366814612536	115	285	434	click
1369039414693	102	612	326	show
1367964599553	6	333	142	click
1367611605850	24	240	7	show
1370377916776	14	734	228	click
1368128333813	44	811	499	click
1370079846880	56	857	120	click
1367038782613	113	233	137	show
1369547308724	150	810	190	click
1367076456997	8	574	70	show
1368599208940	68	395	245	show
1366736687999	68	967	448	show
1367805630096	36	13	339	click
1370760678063	32	900	310	click
1372655026188	83	624	309	click
1370634792797	56	561	212	click
1370598259813	63	644	471	show
1367503097807	52	983	401	click
1369935427356	48	6	118	click
1367096568029	19	58	187	click
1369281008780	123	448	404	show
1371335358645	121	104	239	click
1366457788479	145	387	258	click
1373254751157	149	97	322	show
1366354661112	1	443	196	click
1372120175615	77	272	132	click
1372384110581	58	594	429	click
1370669642962	53	270	410	click
1371664329796	16	157	436	click
1370853453211	31	746	311	show
1372186022436	50	765	396	show
1368802096491	129	471	224	show
1371730305564	142	973	255	click
1373272551025	136	622	333	click
1366934068686	53	977	10	click
1366421425740	10	145	5	show
1366536315686	36	272	102	click
1368840865932	34	685	123	show
1369701495622	145	880	351	click
1371554755976	57	223	300	click
1370512723743	4	445	355	click
1372136091412	90	493	13	show
1367885174318	82	415	311	show
1368390160096	35	535	148	click
1370462991153	38	772	145	show
1369146266512	40	174	130	click
1370982041429	83	370	448	click
1372254783848	146	826	188	click
1371013093250	146	190	248	show
1372652222222	55	937	18	show
1373859969984	123	529	316	click
1373082341853	108	688	241	show
1371000211016	7	875	421	click
1371195437902	122	449	313	click
1371036032840	9	165	69	click
1367914260721	119	248	159	click
1366438313007	25	202	273	show
1367833113700	125	381	292	show
1369233709898	5	707	138	show
1373953905557	46	966	7	show
1370443561049	58	560	405	click
1373399512130	95	993	404	show
1372776696030	117	231	335	show
1372002814691	150	247	92	show
1366811073850	149	203	415	show
1368320231463	106	639	246	click
1373494227675	122	659	454	click
1372105950078	36	808	425	show
1370945723470	33	574	308	show
1373986382785	106	405	107	show
1370453599109	52	290	237	show
1366570455990	15	823	193	click
1373744871427	23	56	408	show
1368383690389	24	707	175	show
1367861812039	92	10	234	show
1370583209090	105	540	238	show
1371959090458	140	47	475	show
1372016623154	80	483	325	show
1367148514257	57	663	226	click
1370335381463	59	687	38	show
1372410353804	113	694	10	click
1373010745296	98	981	154	click
1367073637665	73	163	468	show
1367329475700	97	652	52	show
1366365086396	71	316	22	click
1366371155598	82	631	63	show
1374093822291	108	403	236	click
1371915846733	111	13	466	show
1369891529827	110	698	389	click
1366632778444	77	836	473	click
1369688120148	92	934	204	click
1367847929884	48	295	275	show
1372155799550	140	697	105	click
1367030824725	66	287	462	show
1368703987165	121	26	376	click
1372663554444	4	600	74	show
1373921241770	53	929	68	click
1370157627029	55	99	420	show
1370910065055	33	696	350	click
1373817924494	15	379	151	show
1373086612141	51	272	120	show
1369426278798	11	47	474	click
1373515236472	31	779	197	show
1372459810732	33	363	459	click
1370325411552	14	478	30	click
1373010510425	116	326	393	click
1371584293308	106	167	261	click
1368211801217	44	525	5	click
1368056589390	64	761	73	click
1374121809967	86	954	257	click
1371331772466	148	927	466	show
1370090577158	112	26	384	show
1368989393304	149	285	132	click
1367875380495	96	424	477	click
1371664405650	90	266	490	show
1369416868783	18	879	232	click
1367924643509	15	990	487	click
1366665990475	34	990	424	show
1368108560547	62	701	116	click
1369299162263	138	503	185	show
1367043702127	127	956	438	show
1373166710670	48	448	109	show
1374177062978	46	370	84	click
1372003192459	78	739	399	click
1367329245528	149	55	382	click
1367741737471	47	824	192	show
1368570871894	62	340	303	show
1370819509594	93	224	5	show
1370653421786	34	535	261	show
1369072358647	70	176	59	click
1373136008121	128	541	373	show
1368907634970	53	746	59	show
1372876745750	83	728	347	show
1374196008196	39	95	168	click
1369075818745	45	7	24	show
1373237815459	24	835	498	show
1367170236357	66	412	317	show
1370956594215	59	421	477	click
1367856322904	70	437	18	show
1374032475510	130	12	473	show
1373354963866	20	799	125	show
1371020824707	118	670	93	click
1370004746064	138	39	396	show
1370850609289	109	356	114	click
1368998559553	143	673	155	show
1372984306822	103	672	60	click
1371084654655	100	552	402	click
1373586761451	38	703	430	click
1371184476299	106	328	407	show
1372789113520	102	710	336	click
1372025637376	22	406	497	click
1374193707067	29	834	260	show
1367438858737	22	807	486	click
1371450283423	119	270	116	click
1371014281570	21	644	433	click
1369638455403	14	809	481	show
1371961026006	131	184	99	show
1367061680818	113	371	408	show
1367983963461	145	784	142	show
1371912583911	126	493	244	show
1367258802591	55	183	133	click
1370120035271	35	72	156	show
1373846345596	40	88	322	show
1369327421180	112	658	48	show
1370838024439	83	350	305	show
1372066683833	124	637	129	show
1367353004048	71	233	394	show
1371486275864	130	294	385	click
1367035149693	66	424	131	click
1374062687043	118	733	283	click
1370805577925	22	831	334	click
1370492474033	74	685	213	click
1372875403996	99	287	42	click
1368171208108	15	776	151	click
1368350088122	47	30	65	show
1370201314800	46	718	227	show
1369244485375	77	158	456	show
1369953023671	27	680	79	click
1367172680265	40	425	14	click
1371506551373	131	551	284	click
1370527429858	69	479	127	show
1372658765234	84	1000	88	show
1369297448603	89	860	460	click
1368698339024	62	866	406	click
1371584603533	102	864	409	click
1368738853237	136	783	171	click
1367226334687	3	307	73	click
1371527253267	26	147	428	show
1372813443647	66	231	446	click
1367220505188	34	268	495	show
1369532459781	133	923	454	show
1368943647385	63	721	426	show
1372815213879	6	474	389	show
1367667485373	115	418	242	show
1370425876751	34	985	465	click
1370319258392	80	960	488	show
1368014440751	48	313	431	click
1371854357986	138	50	382	show
1368980791201	100	745	311	show
1371482004723	42	697	241	show
1373255278999	123	598	357	click
1373576702791	97	254	414	click
1372589503339	137	262	385	show
1367576102924	103	996	43	click
1369725072013	8	832	110	click
1366498646137	58	170	6	click
1369771743463	1	452	246	click
1372014330431	20	970	410	show
1368723032499	132	346	381	click
1366868619721	101	25	366	click
1370521948098	140	677	221	click
1373041976095	115	765	87	click
1369238819124	50	696	68	show
1366802202237	9	694	290	click
1369382654891	112	911	176	show
1370083627860	14	823	256	click
1367222639028	112	511	83	show
1371528475346	14	778	122	click
1370173171077	98	818	124	click
1368677340100	140	117	339	show
1372537307677	7	887	275	click
1368716946477	133	351	284	show
1367184912289	61	774	375	click
1367599552991	40	211	325	click
1369486921127	31	122	216	show
1368210897955	144	483	358	click
1373571961943	135	419	177	click
1369103828279	120	969	321	show
1370806722219	148	211	400	show
1371070598340	100	499	249	click
1373364502776	14	102	397	click
1368313076189	63	997	400	show
1372554245102	1	228	435	show
1367721964994	12	878	376	click
1366855497014	28	123	497	show
1372269602009	68	830	96	show
1373157617945	53	93	100	show
1369064459631	40	54	377	click
1370559088293	128	306	112	show
1370455684192	62	796	446	show
1370480696608	126	62	251	click
1367054706746	51	963	47	show
1368979352903	27	772	399	click
1371468517068	42	168	376	click
1370919694545	40	866	83	click
1368909700396	52	794	16	click
1373948250332	100	473	140	show
1370322998181	19	647	247	click
1370983610675	121	863	350	show
1373979956613	6	695	414	show
1369873807906	22	847	384	click
1372124703981	66	288	101	click
1373189822492	80	920	413	show
1369668205836	137	998	403	click
1368730808934	65	447	60	click
1370316334890	96	108	29	show
1369787221792	31	462	106	show
1368397514857	29	498	384	show
1368117662421	98	659	12	show
1373573400212	104	624	66	click
1372771517024	24	805	248	click
1369630226190	146	99	212	click
1372293534146	117	393	313	click
1371924618813	104	378	268	show
1373794174639	148	995	386	show
1367006519724	82	357	7	click
1371921084770	64	418	375	show
1366436467708	47	557	76	show
1371439709565	102	389	489	show
1371823744454	124	267	146	click
1367558574575	120	929	16	click
1373931727772	146	650	124	click
1372708551014	37	188	491	show
1372771869629	90	611	398	click
1367598569532	67	975	348	click
1368909472164	73	43	421	click
1366990026096	77	189	459	click
1369235057629	78	577	174	show
1373846992010	7	436	187	show
1370265974550	110	841	312	show
1368172769528	40	806	24	show
1373875597320	54	780	330	show
1372403635766	84	888	339	show
1373609983575	72	736	96	click
1373058054374	86	928	223	show
1371740620891	91	746	260	click
1371422155729	100	270	296	click
1368994079471	143	719	79	show
1372491730788	71	882	325	show
1366661448334	33	843	224	click
1367718021849	86	800	206	click
1373295052408	122	303	65	show
1371757236277	29	508	198	show
1372725931582	100	956	425	click
1372073229579	95	916	358	show
1373717992707	28	587	409	show
1373535975366	142	949	276	click
1373732527181	123	144	7	show
1374176433686	56	357	51	show
1366872494152	146	640	109	click
1372569397808	72	783	116	show
1372110600473	71	386	305	show
1369835249061	20	27	422	show
1366394249022	44	593	399	show
1367246521089	66	199	204	click
1373071016819	99	223	46	show
1371051825538	79	347	341	click
1373955864536	139	845	321	show
1366437410390	144	362	396	click
1367159702767	96	505	218	show
1373295584361	90	544	253	show
1367321384975	20	446	260	show
1372342137763	85	10	318	click
1372324249029	128	605	100	show
1370675005793	106	609	89	click
1371869146560	87	571	409	show
1367278647579	102	34	235	show
1366978951475	73	599	252	click
1367620249961	99	479	474	click
1370596516451	7	359	488	show
1373226148026	120	745	301	show
1369603139314	81	624	197	click
1371429384557	111	287	458	show
1366380287418	84	279	435	show
1372243538699	58	142	322	click
1369404144927	126	758	383	click
1371391476103	22	905	60	click
1370661111663	124	993	308	click
1372859697833	14	594	50	click
1371685531506	1	945	432	show
1370226330326	2	828	288	click
1373262150432	80	259	276	click
1368369198024	13	61	270	show
1370476810654	95	613	84	show
1369787769757	18	468	50	click
1367488382397	25	873	425	click
1373229826944	115	185	499	click
1372482438822	84	318	412	click
1369148367553	63	804	64	show
1374133984855	90	516	205	show
1367283296732	14	417	451	click
1367432883852	103	344	190	show
1367779607705	117	550	96	click
1367899913472	148	556	323	click
1369687256301	138	860	199	show
1370628159536	94	63	68	click
1370667803854	94	933	144	click
1371147034591	62	454	477	click
1370141720717	140	446	153	show
1373767490088	57	913	74	show
1372089368836	50	597	150	show
1372180821097	123	263	126	show
1367268601058	105	985	302	click
1368203495644	49	463	86	show
1369501342360	144	888	275	show
1371984440730	46	124	173	show
1369611980740	4	335	135	click
1368701674109	119	975	331	show
1368465460797	74	456	9	show
1368398594938	37	527	101	click
1372240979402	138	232	224	click
1369889212898	148	824	345	show
1373945928556	74	108	316	show
1372419938535	94	825	55	click
1371327925312	91	778	424	show
1371451054237	121	496	338	click
1369323060771	32	606	480	show
1368446666873	88	961	462	click
1368601767286	102	204	228	click
1368785341671	71	537	380	show
1374045330132	49	393	175	show
1371451208758	33	182	389	click
1367052823496	60	783	436	show
1370649991547	34	504	117	show
1371598056801	91	617	108	click
1368204458378	6	964	12	show
1368971718254	27	72	312	show
1366478525726	113	414	29	show
1370978808202	82	117	243	show
1371099619563	122	986	19	click
1369948768680	11	15	207	click
1372903997081	107	543	169	click
1369466473485	137	683	164	show
1370542318680	40	105	131	click
1367928463708	143	142	198	click
1367330135214	63	260	174	show
1368317985473	29	431	491	show
1366438726356	128	213	201	click
1372773175437	83	731	150	click
1367384262140	34	517	260	show
1369438853483	145	333	87	click
1370585401716	46	752	429	click
1371757943385	142	633	370	show
1373341168656	145	738	485	show
1373372389801	43	675	84	click
1371609114393	45	28	269	click
1370040232527	67	714	44	click
1367662905519	56	739	226	show
1371529763156	133	659	397	click
1371980450837	13	908	174	click
1366745404024	98	879	331	click
1371285244119	99	400	213	show
1370859875759	135	298	104	click
1371503487147	82	281	496	show
1367197073658	35	572	166	click
1367949942575	123	882	273	click
1372162498817	117	370	185	click
1369281130540	63	376	35	show
1366938376484	144	611	16	show
1368733525433	124	599	158	click
1367753858208	69	209	294	click
1370640822348	130	859	332	click
1370080351624	139	663	413	click
1369739170193	33	729	471	click
1369574723636	95	330	104	click
1373937415817	113	488	24	click
1371271691805	139	324	166	click
1368714791974	16	890	486	show
1372168053928	64	690	313	show
1371272115436	25	279	386	click
1366948104651	2	143	277	show
1374054257498	38	60	72	click
1366979683820	109	923	446	click
1369966620296	68	727	337	click
1370116457838	111	526	291	click
1373925055263	137	363	19	click
1372667560418	142	647	149	click
1369111662449	116	739	382	show
1373943906045	62	65	373	click
1369847254060	63	431	91	show
1370836477694	116	430	285	show
1372063708339	80	313	378	click
1367435384880	52	44	428	click
1374156128651	51	108	58	show
1371988853232	74	962	494	show
1370114501083	118	408	424	click
1366415228002	37	205	421	click
1369863754051	99	110	131	click
1369675308938	144	641	266	show
1366389897988	111	98	493	click
1373850004672	101	600	148	show
1369406966172	127	227	4	show
1367520037542	146	417	458	click
1366856076854	57	690	478	show
1371933554953	114	727	441	show
1366463892543	63	870	278	show
1369333928786	77	876	66	click
1371519636759	120	219	84	click
1371899218761	34	269	450	click
1367504807908	51	450	493	show
1370765279387	106	599	273	click
1367368392347	137	751	318	click
1369709210843	33	424	3	show
1367356125459	46	178	487	show
1370679043763	16	573	241	show
1369635634789	68	465	60	click
1373773636711	50	640	494	show
1371508768003	29	742	402	show
1370044098265	143	617	442	click
1370884704001	140	8	266	show
1369225129901	131	162	324	click
1373535371115	150	300	446	show
1366399058778	128	874	453	click
1373020033702	21	941	316	click
1367485350505	49	570	146	show
1368130633197	54	680	426	click
1371768662099	67	687	92	click
1371893793481	18	158	409	show
1368905191632	4	905	463	show
1373769402421	122	261	326	click
1373571778149	78	2	378	click
1367646938480	33	635	23	show
1366533940494	101	131	85	show
1373693642073	79	865	123	click
1371035585148	85	717	93	show
1373474209015	54	396	27	click
1371498611216	9	690	154	show
1368814881773	95	825	8	click
1371877841037	21	233	320	click
1366482933542	72	147	372	click
1370655688327	11	751	57	show
1373554201683	69	604	456	show
1367724250052	8	620	381	click
1368354785061	13	133	357	click
1368379940893	17	466	296	click
1369311096813	120	61	318	show
1368044422530	64	57	276	click
1371133101279	117	639	374	click
1373490240561	50	118	40	click
1368293366016	79	699	291	show
1372506488316	12	190	401	click
1373385453984	102	337	271	click
1370730614649	99	157	140	click
1371810696854	1	399	68	click
1370721325085	126	333	41	show
1372576420276	140	225	339	show
1373150097098	14	899	172	show
1372914585271	99	638	257	show
1373385671491	108	141	156	click
1372512277584	82	40	394	click
1369702853591	22	461	390	show
1370944138406	125	393	127	click
1373825736506	82	484	263	show
1371766943508	33	131	167	show
1371801002293	13	866	438	click
1373366696431	123	388	88	click
1368845779745	23	865	286	click
1366853976568	88	533	356	click
1373457987225	68	23	330	show
1371947879645	36	380	296	show
1367938252426	57	559	209	show
1369748801074	141	558	359	show
1368576341679	47	664	450	click
1367793768191	7	436	214	show
1371922586325	143	850	277	click
1373174515826	106	780	96	click
1369321245998	79	934	40	show
1374006999997	20	309	119	show
1370096564385	54	290	335	click
1372187370988	13	56	247	show
1368308230116	38	107	330	click
1370466543884	138	321	118	click
1371729090348	1	405	64	show
1374042547151	80	621	457	click
1367000760578	139	6	254	show
1371264923290	1	456	86	click
1369331708091	44	613	184	click
1366681018770	118	474	375	click
1370042707283	27	680	12	click
1366899438623	50	743	372	click
1373536641637	13	265	292	click
1373105205778	9	330	98	click
1368525287597	59	72	127	click
1370944879778	29	772	36	show
1373138269146	14	796	108	show
1367196109786	117	711	263	show
1373697440295	92	586	130	click
1367118458961	126	823	13	click
1369446224674	4	242	476	click
1369085886919	36	351	89	show
1366916204556	123	846	470	click
1370514407309	137	348	349	click
1371673560843	48	671	283	show
1366943369627	9	340	155	show
1370176443530	109	459	468	show
1371082825145	78	82	330	click
1373067141869	92	27	164	show
1369745368844	150	165	463	show
1370867811734	20	658	484	click
1374161706292	94	464	237	show
1369572636184	19	714	412	click
1368304304304	75	391	144	show
1366530320844	27	102	69	show
1373264882978	87	537	243	show
1367668679098	11	299	487	click
1367118171384	40	754	359	click
1369396233640	28	543	238	click
1368031761839	92	832	63	show
1367744458531	12	669	63	click
1371990765467	143	664	79	click
1368580444352	34	638	64	show
1368199835434	132	185	290	show
1367368283579	117	46	286	click
1371334150016	76	436	348	click
1367570710680	48	749	56	show
1369322404850	63	510	487	click
1374012036048	9	293	150	show
1373087838000	37	315	422	show
1368962656890	22	951	410	click
1373326308124	68	43	302	click
1372862643119	72	157	335	click
1368444432160	3	687	53	show
1371106267127	111	857	111	click
1368332526342	99	46	8	show
1370786985314	30	850	109	show
1369535233710	143	732	48	show
1373066294163	5	715	205	click
1367487402553	101	370	186	show
1371004721589	58	788	390	click
1367830086179	1	724	471	show
1370873105520	89	657	50	click
1367207839852	101	115	272	show
1371292398700	126	74	27	show
1370519522447	146	610	418	show
1368242721320	112	969	62	click
1369547840768	5	478	27	click
1369590121049	25	261	372	click
1368973556664	136	853	175	show
1372367590984	138	157	352	click
1368295537121	20	959	230	click
1369354784050	9	585	223	show
1370263344572	53	326	455	show
1368772279780	2	983	248	show
1367917630497	71	925	62	click
1368217852015	72	566	282	show
1369406174725	110	698	217	click
1370699770394	46	177	345	show
1369929856778	59	889	347	click
1371605207098	94	745	188	show
1370057663607	6	297	202	show
1372046962895	63	401	229	click
1368395096933	90	654	29	show
1369251915538	104	396	341	click
1372818544118	4	7	154	click
1372029880820	80	98	312	show
1371771233098	144	75	139	click
1371005468734	11	934	322	click
1373150688132	90	470	46	click
1369608662244	134	873	267	click
1369452012089	68	444	132	click
1372883887352	119	348	134	click
1369599385313	9	677	493	click
1371858589291	45	515	58	show
1371321124539	42	531	379	click
1370442058263	75	669	186	click
1371592961707	70	391	225	show
1369668440049	52	713	432	show
1373669449545	70	310	499	show
1374126694040	79	826	456	click
1371858802422	62	881	334	click
1367164528720	103	923	446	click
1373311111542	14	885	463	show
1371936037044	71	350	446	show
1370291424675	134	40	490	show
1367607172928	27	545	470	click
1371464978129	32	944	216	click
1370404646686	18	230	55	show
1373545673553	133	314	500	click
1369175821957	138	307	365	click
1372692366107	21	679	476	show
1369003554065	5	151	77	show
1371530889061	62	396	211	show
1369603670742	88	733	48	show
1367272309726	134	998	436	show
1369418191291	121	453	165	click
1374059734749	94	222	28	click
1371842486067	92	650	223	show
1369532504435	29	652	95	click
1368902070484	38	630	264	show
1367334857292	108	159	296	click
1367619781548	73	425	197	click
1374027872327	1	535	85	show
1366817602285	100	975	15	click
1371007381979	26	803	25	click
1367101498635	109	956	386	show
1371160410802	53	480	360	show
1370683539171	101	112	159	show
1367282777806	3	338	340	show
1369805708011	149	693	8	click
1372990978995	150	965	243	click
1368923173379	45	20	284	show
1366712329810	41	789	405	show
1373102928706	24	520	463	show
1367380773338	62	992	9	click
1368605110920	32	253	485	show
1372973392362	33	828	338	show
1366909329180	63	232	494	click
1367550143172	63	797	232	show
1369531191023	117	372	256	show
1368904137407	52	134	54	show
1367708026218	49	487	97	show
1369791496017	115	700	207	click
1367302982955	128	385	27	click
1373168972105	47	561	363	show
1374051333759	138	812	333	click
1370599770859	79	847	245	show
1368723277072	8	768	385	show
1371014095999	52	254	485	click
1366948284340	102	402	273	click
1369456447862	138	174	89	show
1372178977192	126	320	308	click
1373858666007	119	89	368	click
1366375116348	143	786	388	show
1373315284865	82	878	39	show
1372148416107	143	684	221	show
1367586497377	94	759	98	click
1370424799192	4	450	300	show
1374032583033	76	320	256	show
1372560456398	91	105	80	click
1372894621119	130	351	329	click
1367940659820	124	434	163	show
1373713540608	79	705	283	show
1370261275647	121	394	103	show
1374141509112	87	127	497	click
1368056063767	106	791	102	show
1373406081096	18	542	231	click
1368434635914	137	304	8	click
1369421688889	126	827	136	click
1367097706307	33	359	325	click
1369608849054	115	73	133	show
1372027031638	70	674	128	show
1370199684824	104	3	188	show
1370907600262	113	266	64	click
1370681751801	71	277	139	click
1370940011761	129	680	380	show
1370631782078	138	432	365	click
1367171752536	16	128	467	click
1373993533923	142	975	43	show
1372367644680	58	722	344	show
1373124981737	88	478	207	click
1366447635407	53	330	95	show
1369348791319	133	42	92	click
1369912047824	106	605	434	click
1370675795545	89	25	146	show
1367288895673	11	569	374	show
1373044599622	92	294	92	click
1367430978012	44	598	494	show
1369095527721	28	567	168	show
1369370053803	54	491	496	show
1368294619891	135	536	157	show
1366933782003	50	932	123	click
1371517488413	53	504	62	click
1366606692201	17	573	327	click
1369752492878	144	826	102	click
1370433030825	93	19	175	click
1372319997359	93	923	428	click
1369291587333	21	557	266	click
1367030123934	115	601	264	show
1370977260836	33	51	311	click
1370418941032	1	196	36	show
1372416679023	27	611	239	show
1369171553499	99	703	189	show
1369309165993	11	477	112	click
1373212672983	145	620	433	click
1372723975724	87	914	224	show
1368360719780	76	87	131	show
1367340372327	124	938	358	click
1373541314829	124	289	307	click
1367551991536	127	973	97	show
1371877307935	30	97	491	show
1373691980134	94	547	216	click
1372859053742	114	196	177	click
1369178611830	63	833	189	show
1368315743293	97	378	155	show
1367183918224	114	624	456	click
1369578586652	101	787	362	show
1368165078794	44	870	12	click
1371177755164	85	873	489	show
1370194390383	7	399	481	show
1366571821464	71	447	104	click
1371015208786	6	364	265	show
1367885413255	63	904	307	click
1366969590972	69	785	416	click
1369501402748	54	792	70	click
1371414896566	44	163	5	show
1366851000329	96	503	151	show
1371808564075	33	361	191	click
1367806507883	89	784	404	click
1369760749587	13	769	85	click
1372940910107	85	35	81	click
1373271279050	143	941	50	click
1367740829563	72	108	500	show
1367963380958	54	571	317	show
1367257158422	123	113	270	click
1373022563884	84	273	13	click
1373737437424	77	278	77	click
1370814117230	110	222	13	show
1367995098479	107	805	126	click
1366563575919	40	817	80	show
1373813541971	104	452	332	show
1369434618780	14	510	56	show
1369342686547	113	495	110	click
1368118281253	44	360	232	show
1368615947940	62	179	182	click
1366498031489	107	713	3	show
1370659301551	91	255	490	click
1372220772394	64	582	203	show
1371011563551	2	714	326	click
1370639966628	91	853	386	click
1367080970225	147	170	179	show
1367428457820	20	219	276	show
1371522513340	88	269	39	click
1367513050708	3	919	247	click
1369914115833	14	977	472	click
1368406854586	99	299	8	show
1371879776638	130	946	29	click
1372323957771	14	827	30	show
1370040312340	95	806	101	show
1368528858607	48	477	46	click
1367557456737	9	718	335	show
1371559328424	47	412	267	click
1372431864745	19	395	199	show
1372822800661	9	347	29	click
1370884615864	74	97	329	click
1368248561949	135	228	354	click
1371797757841	119	784	494	show
1369393624887	117	985	46	click
1371354199810	138	473	310	click
1367493146693	27	643	79	show
1373754286894	6	261	142	show
1367613476311	51	301	103	click
1372912054248	64	886	225	click
1372144760597	97	158	116	show
1368120052317	84	280	429	click
1368553185742	82	331	133	show
1372032851856	127	162	256	show
1367661691272	9	938	231	click
1373739905391	9	109	18	show
1370492285997	64	2	154	show
1367500487861	92	255	190	show
1369867065140	124	926	423	click
1372064947518	92	926	452	show
1368933144525	69	120	206	click
1371017325760	70	362	178	click
1367100271334	146	294	277	show
1372731878825	30	476	88	click
1371311673023	11	783	129	show
1372599697723	24	962	66	click
1373798995770	55	457	410	show
1370021636052	55	195	328	show
1371768917723	36	868	321	show
1373738833764	131	98	171	click
1372519002684	25	652	464	show
1370444154535	18	723	223	click
1370368861510	53	594	376	show
1373874166870	133	635	318	click
1370390098800	111	489	259	click
1369126297566	64	900	66	click
1370660775479	19	165	36	show
1369723227255	92	17	429	show
1373686183712	60	214	107	show
1367647925891	108	154	470	click
1369538008162	61	342	167	click
1373547095744	7	970	247	click
1372592436820	89	188	495	show
1373125520872	131	628	298	show
1369673264899	19	207	164	click
1366438633849	113	840	248	click
1372499316247	89	41	170	click
1369515941477	15	611	81	click
1366712346050	9	237	483	show
1372418946921	9	925	271	show
1371972358147	142	435	385	show
1369429985722	50	819	391	click
1372166121330	131	528	373	click
1368333068862	147	641	395	show
1371918098699	14	57	362	click
1371963520506	73	133	145	click
1372118988012	31	723	479	click
1372042176374	31	728	143	click
1372235119811	65	148	173	show
1370725433594	22	929	440	click
1373469202936	49	169	248	click
1372090335436	143	784	281	click
1368017397240	49	64	141	click
1369691528002	15	641	208	show
1371448585474	39	919	50	show
1367237049621	1	52	308	show
1367227228431	145	769	397	show
1369979337473	138	24	236	show
1367944474517	116	650	437	show
1366650737503	13	972	350	click
1366684149390	143	959	171	show
1368262869655	55	126	102	show
1371450122411	47	323	252	show
1373142946979	114	422	300	click
1370882657206	74	50	51	show
1368042291507	86	722	134	click
1367410745843	13	771	171	show
1369793439815	31	577	139	show
1370061304219	11	24	146	click
1367670103899	9	928	483	show
1371296194156	135	546	2	click
1370398508815	31	279	160	click
1372575041695	150	735	81	show
1370980458609	16	355	169	show
1368290001807	108	831	75	show
1369783553622	62	375	100	show
1373843805757	93	852	109	click
1368716658481	109	377	82	show
1370475127050	130	985	450	show
1372353298203	86	307	54	show
1370619284720	105	333	171	show
1373991880464	4	74	425	click
1366544222478	20	692	310	click
1368740316837	108	321	84	show
1372602511176	81	42	320	click
1372570642930	95	999	258	show
1371002229760	106	775	15	click
1372188106679	31	532	50	show
1373738044695	101	139	139	show
1372592046355	78	611	222	show
1372352427830	112	678	207	show
1373654623691	63	718	368	show
1367540622531	61	111	302	show
1366902951737	6	727	63	click
1372435974330	19	394	272	show
1370792168244	149	42	128	click
1368801483400	38	499	90	click
1370130472334	47	604	477	show
1373160111316	6	948	71	click
1370465769382	56	189	7	click
1373028671918	124	535	273	click
1370214269184	95	263	181	click
1369000177636	31	840	119	click
1366612755988	126	37	483	show
1366845072749	85	21	341	click
1372577101661	31	26	64	show
1370341742698	57	266	64	click
1372359003497	140	629	423	show
1369145262707	69	194	112	click
1371289879421	84	393	37	show
1368272300363	20	672	209	click
1372037556773	11	406	238	click
1368464895816	83	196	370	show
1368624769066	64	342	428	show
1370414039823	118	485	90	show
1371354368828	18	349	388	click
1368571099258	67	601	458	show
1368147044345	145	719	318	click
1372786465599	118	565	486	show
1372317082658	126	798	314	show
1372438254591	119	503	134	show
1370095817819	25	904	183	show
1373929299104	23	809	434	show
1372199433027	150	212	422	show
1366557410238	67	124	118	show
1369015205848	89	232	102	click
1370901895823	46	973	444	show
1369357361075	17	10	321	show
1372422745415	80	807	363	show
1371434647907	148	914	11	show
1373012968709	27	580	168	click
1367014735864	147	4	232	click
1373383073813	26	206	454	show
1372329501968	121	979	442	show
1371885032406	54	371	276	show
1373066904550	47	776	379	show
1372869884527	148	574	34	click
1373269985076	16	907	76	show
1370211761138	96	59	225	click
1366839384167	81	601	457	click
1368951881617	93	503	181	show
1369930093727	37	450	391	click
1370584591924	19	50	139	click
1368087425170	52	350	369	show
1369529663362	82	124	46	show
1368101092999	47	545	433	click
1373236181135	133	239	1	click
1369109508796	41	93	361	show
1371223424404	31	189	491	click
1371704390983	75	946	376	click
1369278499184	39	745	211	show
1369388994606	4	13	379	click
1371045606560	44	302	41	click
1368483310559	88	323	216	click
1373462793319	84	911	481	click
1371380790907	12	989	129	click
1369386856968	33	926	177	click
1373969186492	115	500	466	click
1372963194094	93	300	125	click
1369711938284	71	637	81	click
1368217753741	21	62	195	click
1373415022344	33	815	265	show
1373254990371	54	313	5	show
1372985222109	91	187	368	show
1367338967117	49	439	6	click
1368492767336	21	818	470	click
1373657141009	58	86	266	show
1372667345483	42	772	398	show
1369152355539	40	353	475	click
1367773644772	11	424	246	click
1371818888700	56	112	224	show
1368232053244	63	314	185	show
1367580387656	107	995	344	click
1369571317338	141	907	175	show
1370206014218	116	269	394	click
1369001608388	124	689	409	click
1369761471231	95	901	464	show
1366661960686	17	358	99	show
1367714230654	90	526	157	click
1366683050622	150	707	346	click
1373733151592	12	192	30	click
1373054135354	2	438	162	click
1366374041136	89	629	57	click
1372224826441	101	835	312	show
1373705115872	3	821	120	show
1370992512166	95	946	171	click
1366819292816	145	330	317	click
1374092524911	76	137	493	show
1368955215493	128	94	71	show
1369891807440	64	322	210	click
1370313869278	107	494	303	click
1368067310520	29	619	491	show
1372196816907	101	64	296	click
1370523254299	73	527	307	click
1370009223686	79	177	130	click
1372161250183	94	138	304	click
1372080776994	137	660	161	click
1367002401765	50	729	141	show
1368767111438	6	812	248	click
1368753393664	61	685	421	click
1372372613059	150	184	355	show
1370327705499	118	58	362	show
1372670591239	117	381	479	click
1370897718396	63	100	463	show
1368336356864	30	910	499	click
1368563805400	32	969	305	show
1366439240822	146	635	400	show
1366571246963	19	313	498	click
1367465212582	30	979	42	show
1367400293184	13	969	206	show
1368294041742	110	676	380	show
1370019253207	18	532	424	show
1367918489887	135	491	74	show
1370514904285	114	948	215	show
1369346726358	128	254	377	click
1372331292215	61	947	419	show
1369955843348	38	674	393	show
1370047165946	128	549	259	click
1368627747922	69	517	372	show
1366811427177	91	64	103	show
1371840857308	16	678	290	click
1370733814084	82	692	215	show
1369697917157	125	231	494	click
1371006534716	26	909	206	show
1369920644298	36	214	444	click
1374017395305	93	412	44	show
1369220196528	81	696	424	click
1370750858511	76	172	167	show
1370602523018	89	410	284	show
1367208310790	144	51	167	show
1367114757090	24	956	53	show
1373675928290	96	294	292	click
1369665370441	127	436	14	show
1366702559928	128	648	445	click
1366520469584	131	119	71	show
1368532072745	27	511	478	show
1367857452209	129	493	48	show
1366707555905	24	399	144	click
1369600656207	20	753	285	click
1367591602984	22	426	360	show
1367508805238	94	234	436	show
1370578524705	64	910	209	click
1366442009822	130	392	6	click
1370485297053	94	999	428	show
1371594127304	28	800	341	show
1368963999466	15	413	147	click
1366343489088	13	33	155	show
1369879051564	42	267	281	show
1370380105368	136	240	90	click
1371720923507	111	927	225	show
1370868279912	9	941	472	click
1369075476999	126	697	205	show
1370465425848	91	981	235	show
1368791240213	29	175	336	click
1366987189620	127	149	303	show
1371019883770	15	626	141	click
1367322583366	127	780	280	show
1373108194105	13	519	199	show
1371771812768	100	234	494	click
1369254597502	133	721	154	show
1372474291283	26	553	71	show
1367547805334	51	667	456	show
1369326426725	12	157	60	show
1372473667174	35	928	52	click
1372089330616	126	130	364	show
1367189515217	14	693	277	click
1366385773004	106	199	24	show
1370758790484	95	839	225	show
1369803774316	29	729	230	click
1367994808011	112	928	366	click
1367643733187	4	686	274	click
1370761382121	105	603	162	click
1367205337066	87	669	31	click
1370446445747	55	296	361	show
1373358243739	72	119	368	click
1372740481127	9	586	171	show
1373004927487	56	910	189	show
1366701564348	134	686	451	click
1371080726983	81	987	335	show
1368766184550	4	343	458	click
1372735325583	25	688	388	show
1370445313781	127	866	405	show
1370621407836	44	139	260	show
1372758696606	65	468	289	show
1370683694242	107	993	320	click
1369903815745	60	618	422	show
1372125624883	67	821	121	show
1369346620872	93	364	445	click
1374163271254	84	887	116	show
1371732264927	81	228	174	click
1371823139146	80	78	64	click
1368857512207	30	986	2	show
1368543700545	64	760	170	click
1373468613416	134	254	369	click
1371070147807	61	277	129	show
1368011828039	92	111	404	click
1371526385763	86	346	350	click
1370524779989	20	165	212	click
1371392932114	73	899	174	show
1373603564200	53	411	324	show
1368303851641	71	506	365	show
1370907737179	17	642	101	click
1368196194794	137	888	404	click
1368669916877	123	13	317	show
1371388701569	44	920	149	show
1370071317010	25	330	111	show
1368241198698	95	915	271	show
1371015952115	114	232	235	show
1370769991264	112	871	448	show
1370550452934	112	929	161	click
1373233254115	137	760	493	click
1371113533222	54	544	446	click
1374172284793	93	48	423	show
1371105836870	21	443	305	click
1370917494800	122	218	434	click
1368152765481	63	535	107	click
1368950738009	98	977	318	show
1370386506521	113	904	488	click
1366733420695	72	128	310	click
1374102166615	18	955	88	show
1368132807706	61	238	414	click
1368675718039	79	431	155	click
1371697759488	14	17	459	show
1368094335802	57	113	116	click
1368076832051	78	72	490	show
1367190827673	59	520	414	show
1367976921242	56	901	316	show
1367763363709	141	624	74	show
1374100370539	123	224	145	click
1372639069473	26	645	183	click
1369659457141	4	688	397	click
1367412974406	97	594	254	show
1367188131188	104	386	175	show
1367750019077	76	263	421	click
1373371693837	111	830	271	show
1369126347443	27	357	463	show
1372769671902	136	914	380	click
1373052717129	3	325	81	show
1369991428772	98	911	198	click
1371910640569	123	890	301	show
1367551093604	147	291	410	show
1368676179177	86	494	51	click
1372684817711	19	411	495	show
1371531180149	21	35	57	click
1369224631497	145	558	207	click
1373213503139	16	418	425	click
1368688310869	109	72	246	click
1369780400209	11	241	274	show
1372366912888	104	174	126	click
1370727733496	132	357	484	click
1373258861337	71	150	370	show
1369566769773	107	543	334	show
1371761791940	75	295	177	click
1369448698125	139	494	353	show
1367229275152	6	85	299	click
1372251328563	110	264	371	click
1371492762529	30	819	46	click
1369910122853	77	643	459	click
1372539004728	59	688	334	click
1369303650162	10	975	2	show
1370603904268	113	816	349	click
1370174588066	95	875	348	click
1369391221010	73	249	423	click
1369203445679	47	965	93	show
1372998182844	119	650	134	click
1370293020663	112	459	248	click
1368060457770	57	991	235	show
1374149369541	136	389	18	click
1368268396309	63	268	393	click
1367601616583	71	845	411	show
1373695789010	88	507	168	show
1368598328993	145	359	371	show
1366540310548	2	670	478	click
1368291549715	36	352	246	show
1373575389060	56	433	309	show
1369880920438	148	824	90	show
1370109914352	25	237	3	click
1370869369891	63	187	192	show
1370717273196	112	306	363	click
1371480259687	36	878	454	click
1372970944250	1	551	209	show
1373463509784	4	748	329	click
1372535317528	87	806	316	show
1368275570904	108	561	61	click
1368303628036	136	381	356	click
1372099671080	143	97	158	click
1372376850740	43	801	304	click
1368546385824	72	693	182	show
1371597145224	94	795	346	click
1373696945552	83	149	1	click
1367794268853	18	390	75	click
1373983295880	136	602	269	show
1371731853684	10	393	22	click
1368694059516	136	523	420	click
1372961329060	1	870	324	click
1370642525610	79	826	455	click
1373083921662	40	424	109	click
1373051761770	6	414	385	show
1368859152164	139	851	235	click
1369708479347	14	718	4	show
1373912024663	77	67	480	show
1371060298013	115	609	136	click
1373530157207	104	881	70	click
1371335202457	145	442	14	show
1370421660103	91	589	417	click
1373428997036	121	411	429	click
1369220469006	71	348	18	click
1372065647810	54	877	94	show
1370087432989	35	362	314	click
1369900409341	64	59	153	click
1366927958972	148	408	235	click
1368440532704	128	202	169	click
1368358902448	39	115	290	click
1368755645752	148	388	296	show
1369308524488	102	931	327	click
1371699926762	85	683	93	click
1369013647341	3	833	53	click
1373616430765	8	108	378	show
1370134693588	102	6	162	click
1366590772100	73	219	111	click
1368475622344	79	919	45	show
1371769173356	150	248	205	show
1368571545768	47	947	252	show
1368387760834	90	196	327	show
1366715332683	49	23	349	click
1366476586604	94	329	394	show
1373066024027	73	834	8	show
1373399291103	101	512	325	show
1373174787641	43	530	332	click
1367579582060	101	780	472	click
1372520759851	86	955	237	show
1369886156955	35	128	212	click
1369321912775	23	341	283	show
1371610769579	48	466	112	show
1372787638909	115	885	29	click
1373704798283	106	989	161	show
1371119980098	2	576	445	click
1371363403575	128	498	210	click
1372638801215	57	992	262	click
1366988859984	85	673	160	click
1369848304576	45	643	169	click
1372120056900	118	32	325	click
1369573440909	110	99	133	click
1369822542375	12	119	361	click
1370668172488	88	328	315	show
1369776956954	136	958	483	show
1368289298545	53	473	296	click
1370116283019	136	955	2	click
1373227680079	20	701	492	click
1368732684453	11	421	496	show
1372051372319	118	772	404	show
1368586950334	39	87	16	click
1371448350454	23	17	380	click
1367540244389	22	341	197	click
1372501336417	123	465	285	click
1372379657110	70	291	305	click
1371543649248	96	523	221	click
1366520687428	75	944	23	click
1370257304910	127	121	302	show
1368043256700	106	172	444	click
1366512909664	53	931	212	click
1370289552568	56	741	35	show
1372685065974	69	738	329	click
1368968376847	44	283	362	show
1372127824408	143	232	282	click
1368968901697	127	999	416	click
1371058956326	119	558	36	click
1369257597389	112	371	449	click
1371325417579	85	110	49	show
1368224183703	17	560	181	show
1367301534647	65	290	488	click
1367640080970	64	64	140	click
1372861261620	92	976	100	click
1372495941667	102	564	156	click
1367392058276	33	702	271	click
1367328801445	120	987	495	click
1367737398414	131	710	465	click
1368745278393	131	908	124	show
1368335981443	118	202	431	click
1373074673555	2	905	448	show
1374018838676	98	604	51	show
1373177812780	132	396	337	click
1368475763768	37	871	87	click
1367990077088	29	439	422	click
1374046713828	50	475	230	click
1370223050580	146	741	196	click
1370037221694	35	385	230	click
1367074669321	136	232	38	click
1368983212795	86	413	405	click
1367561908891	112	897	167	show
1367214241977	19	522	282	click
1372078934676	71	858	245	show
1370426500316	87	247	489	click
1371329468658	24	157	254	show
1370460307714	60	54	117	show
1369497298608	91	479	35	show
1367598868275	42	667	258	show
1368639895261	8	772	188	show
1369600086769	93	351	17	show
1373220292887	84	366	9	show
1367950870536	40	275	324	show
1366783886872	25	71	472	click
1373876357888	92	691	329	click
1372349751177	66	532	51	click
1371863014723	122	865	83	show
1370212831645	146	331	106	click
1369806687871	122	148	89	show
1373027325199	122	468	322	show
1370093185066	123	638	488	show
1371690119415	34	432	438	show
1369122828118	69	416	306	click
1371710637269	100	987	349	click
1372509010400	95	628	372	click
1372274119962	65	96	20	click
1368155653461	8	102	297	show
1370804650506	36	865	450	click
1368865185296	26	316	150	show
1370610893140	8	196	15	show
1369915079345	122	443	420	show
1373413608943	15	890	86	click
1371437468650	71	323	242	show
1366917123891	21	715	490	show
1368132978457	56	529	312	show
1370366059166	102	969	65	show
1367558038133	54	551	378	click
1367232025940	22	108	249	show
1369844343525	12	454	444	click
1368240895083	125	680	148	click
1367585059576	59	51	303	click
1373013833869	120	724	332	show
1366696547702	147	351	355	show
1371891559949	13	869	187	show
1373468552039	24	258	173	click
1373972811120	142	507	220	show
1373751743426	45	299	341	show
1372130731308	89	991	415	show
1372245777710	132	325	494	click
1370634939814	137	381	344	click
1369374901839	43	679	161	click
1366784463091	12	733	391	click
1367407965084	34	78	175	click
1372359557512	40	722	268	show
1367552692250	15	1000	332	show
1372581912591	10	773	349	show
1371893064852	4	447	106	show
1366407559997	115	169	398	show
1369323594777	145	855	379	click
1374183282930	116	621	258	show
1367567858389	17	374	438	click
1366792785955	131	905	342	show
1370595428712	95	965	106	show
1366386720083	133	475	428	click
1366560310831	89	636	122	click
1373143969064	58	266	32	click
1372492906049	76	847	398	click
1373065712682	131	737	62	show
1371069107909	17	672	168	show
1369465674278	72	253	36	show
1368434794151	4	298	451	show
1367375888287	149	244	165	show
1372465388977	131	7	369	click
1369923146061	80	165	455	click
1368764895065	58	390	125	show
1370092965173	125	798	344	click
1371713951293	107	834	88	click
1371529132537	61	139	96	show
1367275777484	129	296	409	show
1373927932600	97	885	419	click
1370767571417	48	159	232	click
1369077468103	80	981	303	click
1370201753862	108	937	290	click
1373367276212	63	379	268	show
1368561754389	16	699	351	show
1366740420929	57	880	155	show
1371596237934	1	442	462	click
1373963434533	117	174	120	show
1371639267896	135	756	366	click
1372830977782	80	66	484	show
1367631742139	33	806	217	click
1374075887990	127	504	188	show
1373644728720	108	522	470	click
1370658015083	49	346	183	show
1368171502589	137	907	367	click
1366710457348	129	380	144	click
1371795197506	135	182	101	click
1368171348410	100	809	184	click
1366899916652	17	509	471	click
1368148933615	86	743	334	click
1371801562691	106	718	297	show
1369073043509	56	259	139	show
1369343948650	74	197	147	click
1373672468707	55	402	117	click
1369056571795	31	521	246	show
1371750044314	117	241	406	click
1373536991991	1	638	300	click
1369950559580	139	497	129	show
1369512882142	27	939	338	click
1368199086597	11	51	24	show
1366463074845	118	826	22	click
1371751323065	99	304	464	show
1371813866064	53	956	104	show
1372246750117	108	864	198	show
1372339464971	75	599	100	click
1370389873118	118	80	396	show
1370677748568	72	269	493	show
1369917408653	133	302	434	show
1366412696785	77	357	361	show
1367661978402	49	337	136	show
1373281130097	146	228	95	show
1370898251812	82	171	52	click
1371583912334	133	298	268	show
1374062405400	68	565	341	click
1373120841684	117	19	281	show
1372813003381	75	764	248	show
1366838063392	79	249	225	click
1370805902028	66	838	129	click
1371813431287	36	814	45	click
1368605233392	80	283	19	click
1368960838103	11	301	277	click
1374108212498	61	853	293	click
1373478904519	45	532	46	click
1371539689997	137	244	377	show
1373268908306	7	689	435	click
1370162010198	102	568	11	show
1371230564094	89	965	419	click
1368857269262	8	40	92	click
1369299357114	68	730	102	click
1369578513067	29	441	364	show
1373068467504	44	313	39	click
1369823673049	95	772	101	click
1369693376007	123	518	259	click
1369640362197	87	445	260	show
1369015451660	42	932	8	click
1371494021499	33	206	110	click
1367474363766	37	220	238	click
1368702449778	147	755	151	click
1373080079449	20	726	313	show
1368145528060	92	247	99	show
1369123682594	137	953	315	click
1367831559243	22	204	294	show
1373819547929	69	905	464	show
1367742173193	22	783	175	click
1374132058357	144	912	150	click
1371729550517	22	714	123	show
1373843400212	32	167	290	click
1367184834783	26	944	216	click
1368340894572	128	120	224	click
1372176374813	8	24	15	show
1373962238254	132	576	365	click
1368953439648	6	859	208	click
1369792964811	146	897	417	show
1368675560598	64	660	402	show
1369184891377	104	613	422	click
1370077040987	114	909	80	show
1372404739282	7	157	31	click
1367128748163	106	711	292	click
1367967383474	64	413	479	click
1366804880004	51	442	77	show
1373776881321	81	516	462	click
1373646913332	4	862	148	click
1373508176441	65	307	245	click
1369210758189	33	376	10	show
1369205561616	45	90	140	click
1373580631039	20	287	466	click
1369270734859	19	49	366	show
1368516981539	65	719	138	click
1370566795962	120	418	133	show
1367684685883	131	815	498	show
1373721696771	96	520	471	click
1371178544685	80	624	68	show
1370382595801	124	557	377	show
1368255082570	126	539	78	show
1370003133209	98	830	140	show
1372210224982	46	715	139	show
1368843662388	43	114	272	click
1369020253652	3	995	310	show
1371462545960	141	56	155	show
1371998785589	100	34	56	show
1368173217461	119	272	494	click
1372204283765	69	894	482	click
1371303710022	25	789	474	click
1373599078110	144	401	480	click
1372962148924	55	180	272	click
1367957763609	74	797	63	show
1370421289413	125	886	259	show
1372558871350	53	882	110	click
1371944169898	33	684	364	click
1372457683538	122	509	227	click
1371601554421	84	170	43	click
1374118413823	137	332	455	click
1370032367264	122	367	445	click
1368778055392	139	333	357	click
1373712185763	112	219	139	click
1371553453135	9	783	389	click
1367781246399	110	895	349	click
1372977732477	18	422	127	click
1373951965412	68	577	242	click
1371041831066	14	113	88	click
1370461925519	22	127	401	click
1374162853686	72	276	305	show
1372158109828	85	899	236	show
1371284666963	139	981	433	show
1370367684976	74	569	253	show
1373713214575	5	788	112	show
1372106843677	129	126	419	show
1367057887808	17	561	61	show
1368687057390	106	923	447	click
1371847046907	93	573	292	show
1367537093609	106	334	3	click
1374028353944	73	72	47	show
1368442539031	58	310	465	show
1374140676373	33	561	198	click
1368835372396	9	91	429	click
1368312900748	146	885	478	show
1370881556715	149	634	37	show
1366425690817	66	594	272	show
1370333250503	42	666	345	click
1368817484021	13	343	34	click
1369521644542	122	744	247	show
1369157685396	62	319	155	show
1371143366137	129	188	23	show
1372141918680	125	877	116	show
1367022733057	83	772	86	show
1373806326598	53	818	281	click
1370722623797	81	368	457	show
1366542298319	140	864	386	show
1373541941093	63	1000	34	show
1372562113459	125	190	218	click
1368071853235	150	54	69	show
1370222934972	101	184	99	show
1374059771819	74	122	264	click
1370258241713	94	222	319	show
1367551544737	122	83	107	show
1372773573990	87	534	451	show
1371742222608	116	492	55	click
1367567542751	91	700	452	click
1371795140308	78	477	385	click
1372095629441	13	322	189	click
1369699016850	29	562	60	click
1368221847279	77	958	109	show
1372891822516	137	337	360	show
1372896078155	36	338	272	click
1369203985274	89	489	439	click
1367958552734	147	959	328	show
1368329653899	14	332	216	click
1372068289525	72	773	294	click
1373733295137	66	91	448	click
1373698538491	35	814	431	show
1369984449311	91	102	4	show
1367322059315	111	837	225	click
1371739634200	15	285	500	click
1367354011905	127	744	219	show
1369961637141	73	225	5	click
1371277930903	55	15	7	click
1372103440465	99	167	303	click
1373301819404	73	798	162	click
1366548933230	135	238	220	click
1368797850238	141	873	36	show
1372875453948	99	19	374	click
1373079042395	22	379	141	show
1369427243679	150	144	33	show
1373635089712	46	867	442	click
1370295649918	118	854	444	show
1368865761399	53	33	450	click
1370069520350	116	162	126	click
1367555243007	42	809	72	click
1374043803167	131	269	235	click
1370284529140	25	244	240	show
1369700066013	10	199	349	click
1371690318819	2	444	332	show
1371445113533	11	989	327	show
1368032680944	8	386	275	show
1366893007112	130	637	291	show
1369272992301	136	874	25	show
1370545069580	114	346	288	click
1367898411331	48	782	226	click
1368946947416	94	599	399	show
1372452976194	48	717	451	click
1366628069759	84	890	148	click
1372668990718	77	326	42	click
1369199765055	92	365	281	show
1368635429674	94	718	139	show
1374073650429	117	594	490	show
1371013587585	13	207	301	click
1370499153520	89	788	269	click
1368024527730	88	450	213	click
1370474732166	130	260	44	click
1367357803584	102	860	83	show
1371985221119	99	87	80	click
1369001836454	107	654	229	click
1366502084524	130	85	210	show
1371360755781	65	408	196	show
1372908346674	137	981	357	click
1366597256621	61	470	398	show
1370253973669	92	593	399	click
1373074556867	113	491	290	show
1367201339015	106	401	451	click
1369260375909	36	476	306	show
1369930531780	103	358	494	click
1368365709907	62	316	357	show
1370056001893	97	227	223	show
1368564274877	31	134	187	click
1366777878647	103	442	416	show
1368287727624	24	23	75	show
1366354691693	91	934	308	click
1371576259155	122	875	319	show
1366755083491	44	256	79	show
1373410679454	23	456	13	show
1373224925155	3	801	233	show
1368005894010	132	406	222	click
1369031976180	111	46	290	click
1374132127602	70	679	100	click
1373809127665	83	721	35	click
1370194150114	10	708	338	click
1374033478610	104	25	188	click
1374146478253	135	518	459	click
1373833713007	76	779	224	show
1373836967526	36	488	216	show
1371465093913	133	804	347	show
1371804162098	37	919	378	click
1373412192485	98	798	255	click
1373028763308	38	416	348	show
1369806652306	147	894	479	show
1372872757419	34	455	196	click
1371296870115	138	288	464	click
1368730443316	148	588	475	show
1369749483598	143	889	122	click
1369880555071	13	566	112	show
1367455844514	26	153	48	show
1371283477917	49	364	232	show
1373133798888	40	345	91	show
1368294584736	43	406	249	click
1371481422201	107	243	121	show
1370565428508	17	427	5	show
1374104630743	18	399	189	show
1366579600520	147	390	315	click
1371489203085	60	163	311	click
1369122378225	149	619	245	click
1366899586032	12	492	177	show
1366363610180	10	769	425	show
1368521290293	3	878	231	show
1369733937427	49	731	182	show
1371324486615	142	626	332	show
1372265371482	90	205	374	click
1372000749392	55	577	138	click
1367870834182	72	859	157	click
1371832590314	40	339	295	show
1369918932284	2	882	273	show
1369460650250	64	520	446	show
1368523633587	39	679	218	show
1368847781843	113	443	154	show
1371263700086	99	390	479	click
1372122463229	80	755	61	click
1372397712243	115	347	140	click
1369115345561	33	490	275	show
1370490107036	53	901	333	click
1371523188620	87	886	61	click
1367702937899	11	959	332	show
1367473522545	10	639	328	show
1371814355091	51	97	472	click
1371664955352	76	22	311	show
1373446604667	48	389	385	click
1368207050299	109	400	430	click
1372582440206	42	920	229	show
1372878847802	7	780	465	click
1371291683339	63	448	151	click
1370119042168	126	290	191	click
1368489208506	121	983	215	click
1372348575385	21	167	120	click
1367518930717	76	572	327	click
1372103891428	25	504	269	click
1374058532905	141	498	283	show
1369161452122	106	949	474	show
1371552874727	61	164	65	show
1369935747175	104	721	210	click
1373432127513	147	455	30	show
1367065732235	38	614	249	show
1368387400436	137	954	190	show
1373201124883	115	548	440	show
1373288709715	78	916	276	click
1367859224328	131	560	307	click
1366356145642	92	86	156	click
1370160659855	63	293	236	click
1369280425479	90	136	31	click
1370144899369	28	754	128	show
1373971517336	62	430	341	click
1369423431648	63	571	448	click
1368229814620	119	220	242	show
1371141843721	127	467	169	click
1366849698100	121	954	365	show
1372685941735	91	593	59	show
1370154304922	74	3	377	click
1372501172643	99	528	16	click
1373441965013	26	247	448	show
1369646414992	115	874	409	show
1371301978429	46	678	389	click
1366748727301	100	942	415	click
1367784170701	43	748	329	show
1373907291939	100	704	104	show
1367427753347	52	228	201	click
1373507680024	111	559	471	click
1369777557442	43	904	195	click
1371781007269	30	428	145	click
1367826489954	12	323	47	show
1369014826362	83	88	25	click
1373991143338	16	561	193	click
1368460479417	128	937	140	show
1368373771727	85	986	181	show
1369770016362	64	585	14	click
1370233255043	7	711	172	show
1370431452790	39	706	379	show
1369264957793	67	43	386	click
1366578063453	80	44	72	click
1367386116594	58	971	115	show
1368977506251	45	291	356	show
1367294934782	32	92	340	click
1372634033909	29	107	245	show
1371400861205	43	189	398	show
1367540860000	71	996	171	show
1371113514492	66	553	27	click
1373002669987	7	184	144	click
1368322338539	9	783	492	show
1369596262169	108	833	117	show
1366422081032	102	935	388	click
1370725423371	27	501	281	show
1369141813062	114	300	230	click
1367486262894	69	395	272	click
1373459074665	97	297	226	click
1371559326479	121	670	346	click
1370724734177	115	114	448	show
1369508121232	31	50	310	click
1370984041052	126	331	258	click
1373527173285	25	975	447	show
1368306678844	1	140	7	show
1371613342635	78	896	168	show
1373250520258	12	883	147	show
1371466578835	90	236	419	show
1369972058713	75	250	313	show
1372929574536	108	831	288	click
1368104206939	38	645	461	click
1373961802034	106	235	96	click
1373742547590	70	634	11	click
1368983698634	94	919	415	show
1367059459803	4	174	284	click
1367319463137	110	658	432	show
1372377483767	89	909	167	show
1373910073074	11	331	445	click
1367862720285	28	624	124	click
1367516105768	20	239	181	click
1370621757358	112	441	331	show
1370677832370	122	612	312	click
1373842235296	10	805	291	show
1373455468685	89	348	44	click
1367020020164	82	907	466	show
1370273275541	44	639	419	show
1369032345717	38	20	225	show
1366343030853	113	597	242	show
1369677917409	40	202	41	show
1373779934820	49	696	491	show
1370180604101	70	569	345	click
1372991179118	61	529	318	show
1368436801241	132	934	498	click
1373230641512	103	147	93	show
1368114641235	22	779	156	click
1370352184557	102	204	288	click
1370153871897	13	963	283	show
1371383087477	17	742	242	click
1372372174221	84	890	247	click
1368086477118	98	561	108	click
1374111564041	21	589	174	click
1366695421975	46	333	407	show
1371038219766	135	687	485	show
1369785496067	58	590	487	click
1370820541199	86	215	386	click
1369259606860	37	366	273	click
1370897435603	94	939	440	click
1371337233468	149	78	453	show
1370081691258	113	500	209	click
1373822823900	109	558	309	click
1371662973928	141	940	39	click
1369172160544	149	401	328	show
1373938961045	115	133	435	click
1370414214036	148	845	318	show
1371324985478	128	335	139	show
1368261039246	104	593	236	click
1373846708574	140	982	17	show
1366841429739	4	270	182	show
1374144080075	25	249	41	show
1374199592036	14	5	174	show
1367538634163	149	845	238	show
1371219690139	136	93	400	click
1373117808583	107	245	475	show
1371037417320	13	572	113	click
1367904805963	40	24	319	click
1368405259830	61	571	386	show
1371633674456	24	915	68	click
1372068127055	149	210	307	show
1372839482468	37	768	431	click
1367246496380	119	487	386	click
1372375500528	7	320	9	show
1372814795268	66	158	431	show
1372031752155	132	350	393	show
1370216780830	63	618	423	click
1368897320062	147	410	163	show
1372148497649	137	752	354	click
1370168593090	143	298	11	show
1371892678646	61	431	455	show
1372836458410	54	342	393	click
1370692801171	73	859	383	click
1370553373782	64	281	260	show
1368433869285	91	244	293	show
1372726275776	1	836	174	show
1372087831616	118	224	244	click
1373859743649	108	82	358	click
1368778729288	101	303	360	show
1371694313455	31	613	303	show
1368594340898	103	3	131	show
1367978027754	118	708	221	show
1373509280803	75	373	356	show
1371015277694	24	681	387	click
1369222335492	110	726	337	click
1369166762011	60	375	427	show
1371392624833	96	89	120	click
1367598137847	122	520	377	show
1373784718272	81	881	294	click
1369162692096	67	896	90	show
1366502541506	22	188	232	show
1367648577061	76	660	272	click
1371150483087	32	800	307	show
1373257571634	59	25	439	show
1373177350204	72	542	137	click
1369198768658	95	949	145	show
1372608504954	120	830	429	click
1370804272972	58	40	326	show
1373487634270	55	339	11	click
1367759063426	113	84	71	show
1370157966383	31	663	213	show
1369188831284	108	597	446	click
1371415139454	42	508	437	show
1367963095228	61	479	352	show
1367243663988	51	495	68	click
1370244188666	147	535	54	click
1373167001243	2	884	282	click
1370338961462	32	448	393	show
1370843609084	113	92	70	show
1369611064791	41	30	330	click
1368413092836	8	278	479	click
1371546330194	40	611	310	show
1369063905688	67	530	369	click
1368054843643	54	96	244	show
1370079807023	10	777	109	show
1366805279765	91	748	458	show
1370121848091	108	147	143	show
1372082480327	61	225	281	show
1370825831525	78	250	262	show
1370940569348	2	944	77	click
1367724924380	87	652	193	click
1368983568676	117	907	31	show
1372311029513	10	703	273	show
1372154032983	31	743	428	show
1368718171444	59	200	378	show
1373675560406	34	206	22	show
1368571633334	67	36	435	show
1370035391554	109	541	165	show
1370612352560	102	685	377	show
1369514785702	98	239	170	show
1367353147701	11	912	213	show
1372937232712	90	697	100	show
1367776311727	143	695	414	show
1366733634892	81	874	192	show
1368746603109	66	551	219	show
1368409441207	107	323	316	show
1369146241005	29	850	250	show
1369355038047	70	820	465	click
1373391120515	108	964	384	click
1368288658586	16	894	109	show
1366813781483	21	77	303	show
1366799607878	75	636	84	click
1367939570195	92	137	214	click
1370229534476	88	351	335	show
1370472072391	62	58	266	click
1372000054739	36	191	263	click
1368382694811	68	567	332	click
1371844902456	81	463	378	click
1366553343593	83	320	117	show
1372922699881	31	811	227	show
1374019788096	115	146	289	show
1369820178918	52	137	254	show
1370924427789	16	592	195	show
1368403046671	70	837	475	show
1373127357684	71	220	164	click
1367594376777	7	236	47	show
1367327065854	131	661	218	click
1373272684456	53	677	466	show
1371876883063	48	67	345	show
1367861941085	105	701	77	click
1370586057017	24	961	394	show
1368159829856	61	787	369	show
1374143741020	71	516	298	show
1368852049323	76	86	469	click
1369245811029	48	354	79	show
1367903197257	89	104	31	show
1366608673583	66	937	86	click
1373084041653	72	367	16	show
1368203948269	32	124	402	click
1370964967868	50	32	481	show
1369710316819	5	272	324	show
1367393732296	123	238	457	click
1368716042599	76	286	489	click
1371005151615	124	545	371	click
1369021304689	32	146	251	show
1372011204574	67	55	183	click
1370177953169	139	762	462	show
1369462114614	32	683	138	click
1372257620399	134	385	191	show
1373001844152	76	52	127	show
1371616910298	80	659	64	show
1367839110107	25	434	474	click
1371164973693	76	635	488	show
1372870070895	107	412	473	click
1370088321101	19	998	170	show
1371642046350	13	735	450	click
1371661722432	89	211	353	show
1372681587542	125	114	324	show
1369688704487	26	881	148	show
1367260383593	70	971	386	show
1371627547091	103	622	56	show
1366590726002	134	915	260	click
1372027706509	1	450	50	click
1370504499285	12	133	128	show
1369405926273	138	275	205	click
1372703776509	64	494	228	click
1373684058830	11	993	484	show
1368973117955	136	385	397	show
1372091419700	87	834	82	click
1368664717831	144	27	414	show
1371144176386	10	456	348	show
1368076932153	56	760	487	click
1374003534026	144	870	443	show
1368362380517	48	39	490	click
1368681696245	10	63	353	show
1373233098037	7	131	97	click
1368610696496	24	383	134	click
1371255288686	22	347	301	show
1368179921150	13	416	498	show
1371281029737	86	500	319	click
1373193003654	105	584	69	click
1373367004636	3	197	363	click
1368342364931	39	58	11	click
1372902373510	86	689	207	click
1366775035883	126	561	354	click
1366353155017	56	804	191	click
1368016497356	60	747	339	show
1367815249209	116	696	430	show
1371817431463	141	974	90	show
1366797478158	41	134	329	click
1368396238297	73	482	242	click
1369851164321	115	853	65	click
1370338636268	102	185	128	click
1369113412257	36	494	251	show
1373611575359	24	962	101	click
1372628781266	149	532	334	show
1368336371633	98	213	406	click
1370515403272	103	388	281	show
1371494231802	97	448	399	click
1371281363560	68	647	227	show
1371644659263	124	716	78	click
1372642698312	46	176	242	click
1367299162140	119	969	86	show
1366733982554	145	75	209	show
1371765297204	62	855	339	show
1366574967924	38	55	437	show
1368677586185	134	131	358	click
1367774988157	25	201	32	click
1368911977682	26	778	330	show
1373628578616	29	64	224	show
1368272052959	99	863	169	click
1370580655053	11	993	154	click
1370701297165	100	200	380	show
1366600385346	140	697	493	click
1367509090553	37	307	103	show
1369682905106	114	412	282	click
1368415704357	44	49	274	click
1367671697377	115	884	223	show
1369827057407	141	304	336	click
1371749774188	68	227	335	click
1370460476114	13	278	56	click
1367710556848	127	690	383	show
1368663296454	46	460	53	click
1369013688895	112	797	171	click
1367224595539	132	208	153	show
1366760023759	13	362	485	click
1369332239560	45	105	255	show
1371397483412	121	522	350	show
1367847158636	118	637	273	click
1367296293938	125	565	304	show
1369264859417	150	183	365	show
1371664347228	76	81	20	show
1370470846534	121	756	465	click
1368072061446	93	765	298	click
1367793213917	56	118	11	show
1372117969166	34	900	188	show
1368271991611	19	597	212	click
1366796534875	106	418	462	show
1367598577903	1	977	390	show
1369336459892	134	720	384	show
1366968199826	109	565	407	click
1370134349007	11	691	181	show
1366351734521	24	952	177	show
1373617126891	102	554	401	show
1372042848645	15	89	287	show
1372531338176	124	609	6	show
1370847506571	39	164	423	click
1368189235098	83	748	443	show
1371692026440	55	38	498	show
1369239683949	77	361	474	show
1366976527527	7	826	129	show
1370056820543	148	876	263	click
1373037188582	67	867	298	click
1368364321511	132	22	42	show
1367522592448	4	737	354	click
1372895852061	79	162	499	show
1368741998964	122	554	280	click
1373694401166	95	769	432	click
1368272036531	24	351	141	show
1370673711863	141	174	270	show
1372582124347	22	183	365	click
1367410454192	83	823	70	show
1373874641273	1	481	242	show
1367673092495	43	184	407	click
1368702741456	94	127	47	show
1369649014675	101	385	30	show
1369689401586	95	665	139	click
1373227409446	11	806	199	show
1366879843494	102	461	52	click
1371320340381	59	330	336	show
1370318989464	71	464	451	show
1367237150797	13	6	68	click
1371683228608	136	251	208	show
1370829776303	135	64	64	click
1373549625877	100	96	43	show
1371053050076	13	74	371	click
1369565766895	71	78	27	click
1368975255885	116	905	53	show
1368686683418	86	330	242	click
1372507178283	18	966	245	click
1373410355611	8	978	274	click
1369837074430	2	138	5	show
1370699843058	66	621	471	click
1373986825669	25	437	204	show
1369603242346	24	246	432	show
1369913317422	5	68	257	show
1370519591961	140	837	230	click
1368854085147	138	178	417	click
1369190743924	18	622	469	click
1373800207574	54	814	25	show
1372422616524	114	833	454	show
1372352342378	2	734	317	click
1373805722823	120	726	158	show
1367164995511	34	428	262	show
1371834353444	108	874	286	show
1371930363291	92	71	411	show
1371257212055	26	349	440	click
1368353037674	135	217	428	click
1368433552773	103	547	67	click
1370371164242	150	415	255	click
1371126309705	63	732	52	click
1373929148778	19	564	377	click
1372771744807	140	629	195	click
1369284752245	67	966	317	click
1370915466057	98	360	235	click
1368210187482	60	324	354	show
1368101884222	56	115	355	show
1369578351063	80	655	349	show
1373673458128	62	707	79	click
1373183721681	131	615	285	show
1371634529043	127	941	55	click
1369191225778	147	940	289	click
1368320855880	28	802	152	click
1370887219599	66	373	234	click
1370491919662	89	828	284	click
1373062964955	31	547	216	click
1371132208504	129	465	444	click
1370408966225	3	549	384	show
1369835038475	68	325	97	click
1366643735895	76	364	464	show
1369431000967	84	95	283	show
1368936950425	104	384	478	click
1374107462744	103	96	49	show
1366703422850	94	397	472	click
1371086857048	83	14	288	show
1367894811552	86	112	470	click
1369402471325	103	633	439	show
1366420621383	59	221	24	click
1370745021236	6	811	136	show
1372464940120	106	410	200	show
1369384128888	62	946	26	click
1367598297043	74	650	348	click
1370822929615	15	769	64	click
1371941394215	65	343	293	show
1372767839888	86	431	334	show
1369747839184	106	77	412	show
1373165626633	81	605	464	click
1369041824178	43	197	229	show
1373804950776	140	196	254	click
1372642134022	35	152	369	show
1366400103963	98	823	414	click
1366351158036	99	740	276	show
1372640307438	118	580	146	show
1372738498202	85	997	438	show
1369092642508	76	764	399	show
1369893861353	45	71	67	show
1368209164996	117	663	102	show
1370090169852	127	232	165	show
1370908977116	149	465	209	click
1366777940641	3	701	210	show
1368677353925	106	660	19	click
1372345339935	52	639	295	click
1368622206767	29	932	438	show
1368101785929	47	50	60	click
1368506221928	57	408	374	click
1370461597995	56	70	88	show
1372193206157	125	703	64	show
1368551229657	84	513	376	show
1369514569505	145	732	261	show
1367225040187	131	437	116	click
1367900381040	44	157	452	show
1370948565234	32	110	143	show
1368986575553	7	791	453	click
1373126323857	100	52	188	click
1369979634640	25	494	80	show
1370036679976	22	646	331	click
1372478791137	109	610	109	show
1366377871366	80	832	400	show
1373263307402	94	662	174	show
1366877108305	63	846	236	show
1373070265859	21	3	271	click
1370072304384	123	153	401	click
1368475576472	10	24	305	show
1367630500483	142	943	205	click
1366791322912	118	173	344	click
1367775756810	49	983	364	show
1369113959757	20	610	494	click
1372909499478	124	663	471	show
1372677906539	130	821	470	click
1370966698912	9	642	458	show
1373336680776	28	766	74	click
1369467967518	45	924	65	click
1373557655469	134	906	455	click
1368130761919	83	862	402	show
1373350391621	106	553	64	click
1370158412945	61	841	32	show
1371222796140	146	907	388	show
1373769274996	10	595	298	click
1370547506614	114	845	89	show
1368818599253	121	635	291	click
1367926218052	21	98	151	click
1374101898116	60	753	196	click
1372293350921	133	939	471	show
1367916306310	135	499	373	show
1372811033816	97	638	228	click
1371583651732	21	619	442	show
1372205481823	135	192	121	show
1367955217923	128	428	131	click
1373811808823	146	494	314	show
1367524052604	37	609	269	click
1368300391882	76	302	3	click
1372352189926	83	587	28	show
1370384384240	39	298	278	show
1368074443082	46	151	444	click
1371194448065	74	211	249	show
1372182081227	6	826	44	click
1368201442374	117	301	147	click
1373881124771	57	414	79	click
1370612363142	52	602	373	click
1372860478418	32	81	411	click
1373086238002	98	959	86	click
1369477118462	73	701	363	show
1367625666702	3	876	408	show
1369968495544	55	810	209	show
1367660903495	122	201	246	show
1374068018930	75	123	154	click
1372973921516	147	555	168	click
1368656434026	76	318	63	show
1368211555404	34	247	354	show
1366409058197	34	466	441	show
1371289996141	129	182	271	click
1370796561218	49	638	229	click
1370682532367	88	990	390	show
1369833451085	58	747	73	click
1373231731266	79	996	85	show
1372662992099	36	340	221	show
1370981298009	137	12	37	show
1369923471354	101	489	119	show
1370598870626	128	880	185	click
1371916752807	50	629	383	click
1371569694203	52	759	318	click
1366710598006	144	43	499	click
1373540808385	72	210	3	click
1368100866232	83	401	277	show
1367693149463	95	797	108	show
1373218638816	33	270	366	show
1366357523620	34	638	135	show
1369407947680	133	296	78	show
1366939540483	57	369	38	click
1373652010175	35	908	366	click
1370432409088	66	410	266	show
1369378193680	125	638	411	show
1369265111183	69	561	139	show
1370474923027	102	825	224	click
1374129248667	7	198	349	click
1372348303290	112	334	167	show
1373676296853	37	71	36	show
1367182385262	20	486	164	click
1373176471692	24	469	425	click
1369174024494	51	547	302	click
1370799654713	36	325	199	click
1369218171566	144	438	362	show
1367205188404	76	219	45	click
1368084448300	60	165	209	show
1368278405511	129	978	47	click
1370544234842	31	264	364	show
1367798922462	76	15	11	click
1372258580714	126	52	7	show
1366542624727	129	909	41	show
1370424799878	80	255	361	show
1371177178483	113	709	497	show
1371688243624	118	588	418	click
1371002409557	82	554	212	show
1368804040985	127	787	348	click
1372051618708	25	753	315	show
1366945191276	102	172	438	show
1371750062783	74	714	109	click
1372152968121	62	775	357	click
1370063319091	34	972	5	show
1366695151714	97	719	432	show
1374056827080	84	263	321	show
1372073285753	37	860	29	show
1366553526682	48	966	408	click
1372675107623	56	381	59	show
1370521287927	61	115	480	click
1374023664465	32	74	339	show
1367884649548	44	533	474	show
1368582722316	109	230	42	click
1372055676980	85	180	292	show
1373728666165	140	652	221	show
1370143326439	76	164	292	click
1370561548752	146	223	454	show
1373357438136	100	203	62	show
1373492806419	56	347	467	click
1367278195846	56	177	226	click
1370710663104	10	541	499	click
1366897208873	119	494	22	show
1368637197424	44	108	451	click
1369821236555	53	607	418	show
1372462329689	148	239	335	show
1370816356000	69	919	185	click
1371059608447	75	472	274	show
1367003449418	8	377	146	click
1368711652786	131	663	322	click
1371297786609	99	160	449	click
1369059708659	20	813	231	show
1370562284129	58	965	497	show
1366731989297	19	415	240	click
1369807184039	19	288	129	click
1368559006603	61	807	255	show
1368515927965	6	356	77	show
1367633962297	59	512	146	click
1369556142954	62	467	101	click
1366621007580	62	229	356	click
1367735143906	32	719	296	show
1367777001505	84	639	333	click
1367543547290	76	748	13	show
1372833825347	22	776	91	show
1366976597579	102	609	192	click
1370949514608	86	842	346	show
1373342590583	29	25	361	show
1373832284398	111	828	263	show
1370375799480	104	430	171	show
1367043128277	75	62	46	click
1370416601910	141	332	41	show
1368146708261	104	379	360	show
1366837789741	24	418	481	click
1370388400516	28	224	27	click
1368655223849	76	213	215	click
1366459918378	150	606	353	show
1371111637887	66	283	332	show
1366665177758	94	987	383	show
1367970921273	29	836	89	show
1372386994613	115	466	468	click
1368403385903	109	8	94	click
1372700267155	37	26	449	click
1373606603327	50	684	332	click
1372763466494	124	336	8	show
1372741920105	138	325	213	show
1370302901482	89	73	181	click
1373156833009	55	112	387	click
1370431900200	136	209	48	click
1366576684381	34	986	56	show
1370967237169	94	879	167	click
1372841622108	111	163	201	click
1368755572069	74	42	361	click
1367956945217	113	181	147	show
1366451891276	26	384	104	click
1368650460779	58	652	59	click
1372652692701	114	474	364	click
1372172595152	141	458	467	show
1369605900529	6	425	114	click
1373757135668	117	886	170	show
1369319108161	60	36	31	click
1371890432606	126	815	293	click
1372363777361	52	997	34	show
1370398870248	46	832	459	click
1373228621502	67	607	141	show
1370429636907	148	942	205	click
1366536098735	44	974	29	show
1372102565143	24	804	6	show
1370186665467	36	864	185	show
1366416920349	36	96	427	click
1372641936607	73	571	428	click
1373816360924	122	891	29	click
1369322874048	116	439	59	click
1374085422245	75	16	325	show
1371928683877	25	609	476	click
1368122695419	83	163	19	show
1369680369650	145	922	141	show
1373161311018	47	756	490	click
1373905749235	53	776	344	show
1370350244756	61	832	169	show
1370974621331	9	300	31	click
1368999033750	102	474	356	click
1371078286485	10	313	459	click
1372413869174	80	812	145	click
1370098792682	84	596	379	show
1373123408873	150	372	369	show
1369014921338	25	75	228	show
1372504589440	122	810	306	show
1367035612383	3	207	329	click
1372924199197	121	626	324	click
1373915103377	113	79	77	show
1373389153650	3	697	437	click
1367916226156	111	699	147	click
1371998638004	48	722	320	show
1366538589077	78	250	388	click
1368811338988	50	121	133	show
1372178332927	57	107	381	show
1374173037516	114	894	295	click
1372410242723	47	948	271	click
1373568294379	52	435	402	click
1367889258373	77	363	107	click
1370964935084	118	418	479	show
1368669612319	59	377	401	click
1369014225068	108	603	49	show
1366900492106	28	788	293	click
1369205414971	100	611	204	click
1373466429535	101	479	21	show
1370574562945	12	599	360	show
1372501991486	96	21	58	show
1371748815977	145	174	369	show
1369224705932	58	482	431	show
1371927443352	65	306	217	click
1373862771662	45	544	440	click
1371578901945	20	734	193	show
1370944048441	132	751	375	click
1367985493968	34	965	444	show
1372297382231	63	916	227	click
1373818913489	18	338	20	click
1367608319616	10	488	415	show
1373719349798	92	879	19	click
1369018854174	102	381	406	click
1373066292122	103	140	86	click
1369820999648	11	318	302	click
1367155411455	68	178	9	show
1366458854868	150	405	164	click
1366515954203	71	831	138	show
1373647469447	50	786	420	click
1366877598799	88	552	224	show
1368939077263	60	293	99	show
1374181471147	132	163	298	show
1373749281227	122	836	79	show
1370070077723	32	999	271	show
1366358587174	7	554	197	click
1368525872891	6	408	57	show
1371476753820	35	528	363	show
1367730593069	84	78	446	show
1368905084102	121	401	228	show
1369908924586	19	580	493	show
1371832375480	85	279	418	click
1371588352210	137	992	179	click
1367750305988	124	388	415	click
1370106045996	148	546	266	show
1372373088054	27	826	10	click
1367316589872	141	431	494	click
1366574521720	52	935	158	show
1366855373685	59	73	50	show
1372884761742	100	162	182	show
1370688489389	59	450	394	show
1373002543459	90	541	274	show
1371666234637	83	378	423	click
1367103631232	148	596	410	click
1368395679255	116	276	244	show
1373180196126	13	505	454	click
1371605227461	121	327	354	click
1367198301528	149	312	256	click
1369260948119	119	801	489	show
1369233614658	125	251	4	click
1370100403322	3	635	253	show
1372533754723	78	434	199	click
1367292577790	113	741	60	click
1373276494388	96	516	121	click
1372553585215	86	723	295	click
1370816883863	144	42	298	click
1368477590434	56	645	177	show
1374164184947	131	758	211	click
1371303130566	143	69	405	show
1366564114183	9	401	48	click
1369928752962	82	900	167	show
1368233164082	93	832	109	click
1366736197615	55	503	467	show
1369469005744	138	287	479	show
1367703491551	83	795	341	show
1368867348070	38	771	332	show
1366745935458	60	957	195	show
1369733220180	123	577	325	click
1367001580015	3	864	141	show
1372522836363	18	652	420	show
1372129987167	55	794	206	show
1371927107689	12	402	301	show
1368671288222	43	859	406	click
1367420505320	82	454	188	click
1366885193643	64	147	398	show
1367953818132	28	1000	429	click
1368152761849	123	919	147	click
1370858807632	118	726	46	show
1372771022750	99	904	118	click
1372187448250	32	959	328	click
1366413608607	120	709	491	click
1366570455394	79	614	308	click
1367656290915	135	197	422	click
1367439062068	123	8	419	click
1366996061159	139	116	359	click
1367063385906	140	435	153	click
1373159232905	108	963	102	click
1371802946325	68	140	92	click
1369461789006	58	802	411	show
1373734597045	123	818	157	show
1369556261009	60	995	305	click
1369281978906	10	224	233	click
1370991199356	39	708	114	click
1373464148012	89	9	479	show
1374093020977	66	165	498	show
1366993587884	132	566	311	click
1367270474687	128	801	274	click
1371647010595	84	988	148	show
1372285908671	32	202	382	show
1372997969256	127	211	217	click
1372033185284	65	545	88	click
1373616345088	47	16	287	click
1369663987446	15	737	350	click
1371014309346	82	757	413	show
1372480495961	99	19	274	click
1371613101482	15	962	175	show
1372006499115	136	443	282	show
1368244949224	80	155	491	show
1367869743389	93	538	185	show
1369326968311	124	423	180	show
1367172684019	76	793	352	show
1370668529814	94	935	14	click
1370716782258	143	942	355	show
1372156133432	39	57	433	show
1369177822601	145	105	282	click
1372084445744	104	357	307	click
1370433958295	58	360	63	click
1372853633984	133	11	45	show
1367786840682	92	549	136	click
1372294820733	17	110	144	show
1367435982087	80	331	425	click
1370323089187	29	775	435	show
1368681543217	48	703	414	show
1367112512258	92	773	258	show
1370124454801	33	834	159	click
1368015242015	1	403	17	show
1373664430428	62	267	211	click
1371077240740	46	683	74	click
1370119277058	31	577	170	show
1372729258031	81	422	315	click
1370423230903	20	272	262	show
1367615143075	88	293	271	show
1372817129353	80	973	257	show
1373199816998	53	902	184	click
1372676372977	12	740	228	show
1368492176249	147	22	307	show
1373981902287	101	486	299	show
1371290394218	98	609	315	show
1371323235037	78	792	481	show
1369399606136	83	161	64	show
1369844583164	35	118	422	click
1372136001336	114	408	467	show
1373115639312	121	825	404	click
1367411398094	28	790	403	show
1371187174128	60	363	223	show
1366568837818	106	148	483	click
1370448545827	87	756	375	click
1371184819628	94	586	113	show
1367939791805	15	668	154	click
1373694423562	53	35	165	click
1371481021848	4	90	20	show
1370158011197	56	603	304	click
1368342553809	149	940	356	click
1369955613480	24	482	61	click
1374118261944	44	82	460	show
1368360529815	116	726	140	click
1368273666306	62	199	51	click
1368066893383	25	41	354	click
1369184089979	7	618	59	show
1373043567088	46	566	51	click
1366489059777	66	572	216	show
1368544627951	116	994	203	click
1373285820003	15	715	214	click
1366425906917	12	830	154	click
1369193487819	141	687	211	show
1368163214141	123	510	347	show
1371724846216	97	782	43	click
1366573999685	2	609	91	click
1368106013658	84	901	271	show
1370048425079	139	669	268	show
1368441319063	110	227	94	show
1367801654187	26	602	290	click
1373735570642	90	444	48	show
1373662116871	29	106	326	show
1367759606481	101	783	118	click
1369404872465	149	385	64	click
1372206295808	48	548	231	click
1372507453456	124	123	278	show
1367920959733	82	239	235	show
1367182526667	107	210	433	show
1374120587561	22	669	41	click
1372988717155	48	206	234	click
1373392193066	107	190	445	show
1368261338678	67	513	387	show
1371918760904	69	106	13	show
1367438759109	15	23	427	show
1369927152469	21	821	39	click
1368842796061	149	232	169	click
1369590416700	53	583	332	show
1372848627890	43	766	234	click
1368543295543	109	263	4	click
1371676159471	58	372	403	show
1366494842184	61	254	487	show
1373860763867	69	772	348	show
1372575892686	106	487	93	show
1373856139854	116	725	354	click
1369385973022	112	83	15	click
1369321548676	38	885	171	click
1368202048466	94	807	121	click
1368342081235	73	107	428	show
1367392820779	58	403	227	click
1370317228981	43	898	253	show
1370213609155	113	446	366	show
1367457302338	80	667	341	show
1368436314437	115	107	160	click
1372694459494	129	313	320	show
1370024431475	75	370	312	click
1371993065370	113	317	18	show
1372864044282	71	755	303	show
1370953443862	123	49	422	show
1370987298473	67	795	321	show
1366358833164	58	686	141	click
1366561076213	68	440	234	click
1372799143016	33	587	186	click
1373414205325	138	195	254	click
1372407026680	53	981	466	show
1370360013765	145	704	444	show
1370781939676	90	743	313	click
1371141235626	58	860	199	click
1373451772267	133	69	292	show
1368124185611	105	395	457	click
1368786774703	2	31	467	show
1370977103599	96	790	485	show
1368325643770	62	303	278	click
1373552753473	136	160	49	show
1372323600477	137	841	464	click
1370573534008	103	108	309	click
1369065918098	37	303	402	click
1372768902280	10	736	181	click
1367947679626	35	615	276	show
1369984773219	35	421	426	click
1374166109713	91	112	183	show
1369094713057	148	399	333	click
1370170642031	55	924	199	click
1372787473795	150	843	137	click
1368790545499	148	342	322	show
1366882270330	54	277	316	show
1369185167695	99	313	58	show
1371118741294	42	225	70	click
1368459546170	142	829	23	show
1370722273281	81	546	345	show
1368644131213	91	389	67	show
1368857978503	54	382	439	click
1370793831242	46	734	252	click
1366640346512	20	357	85	show
1373377073109	45	102	229	click
1368935387626	101	309	115	click
1373713882870	122	805	286	click
1370262841738	67	252	270	show
1366574446265	119	117	446	show
1372422711489	9	561	114	click
1367350118448	69	88	119	click
1369854835956	121	468	417	click
1371194157201	54	415	234	click
1368355210922	123	856	202	click
1370980425417	129	831	75	click
1367495483972	74	958	89	click
1372248655854	5	215	409	show
1372565185475	128	388	365	click
1373961507080	138	722	272	click
1369267602500	3	80	385	click
1371007251525	10	148	452	show
1367528982036	34	487	386	click
1368719651929	50	150	141	click
1368538528161	122	658	324	show
1369195439358	58	740	240	click
1367239645022	112	471	498	click
1369299979793	114	431	325	click
1372598230710	99	307	221	show
1371333556674	43	80	116	click
1368034924399	48	232	7	click
1369143998471	73	673	41	click
1371084671206	29	898	324	click
1370640597847	128	1000	55	click
1368206095535	150	382	50	click
1373181054583	106	833	157	show
1373273458442	23	883	302	show
1367237283462	40	195	280	click
1367041702101	5	876	253	show
1366417925605	2	318	243	show
1369716118825	80	851	81	show
1368652426332	77	152	177	show
1372066387286	106	300	46	click
1368695815932	110	187	456	show
1367141299965	11	232	8	show
1373682658397	1	249	435	show
1370193117237	126	321	7	click
1369937946615	143	355	324	show
1370710763378	143	704	389	click
1370289825739	75	488	19	show
1374043971412	15	6	493	click
1368363340810	134	760	125	show
1366590601879	122	404	80	click
1373961679998	146	810	324	show
1371753181001	77	845	172	click
1370482853542	82	117	112	click
1371143290599	104	414	308	show
1372015116848	47	744	151	show
1367274845417	50	514	499	click
1372892994667	28	999	60	click
1369649934177	139	237	339	show
1371182258267	95	361	239	show
1369885387744	63	779	448	show
1371079258709	121	385	270	show
1373926052596	107	689	149	click
1369555213626	113	852	487	show
1372523787856	8	733	406	click
1368937953975	94	327	12	click
1369203043697	50	663	60	click
1371323977374	137	16	388	click
1372949837057	150	845	400	show
1370041016897	98	74	285	show
1368313042244	11	742	121	click
1370829058077	73	437	359	click
1371193063933	30	646	439	click
1370593204528	72	566	500	show
1370437317637	55	995	468	show
1374056246260	46	320	461	click
1367811809691	44	763	24	click
1368218756647	144	972	407	click
1371698623949	104	861	25	show
1372440816283	112	848	410	show
1368885477543	135	317	239	click
1369286302416	29	556	52	show
1371633169645	120	10	298	show
1370094568264	33	550	194	show
1368822736337	121	230	467	click
1369795991534	58	469	466	show
1371526227097	67	558	363	click
1371632458577	145	309	447	click
1371281806058	103	482	400	show
1372951790880	9	286	52	click
1368474333388	150	130	301	show
1369591129866	69	652	167	click
1370215709681	74	574	472	click
1373968169539	144	805	187	show
1374098573586	133	787	297	show
1372722494615	79	708	466	click
1369117294614	36	256	44	click
1368274104197	57	453	413	click
1371505511611	12	786	388	click
1367839992689	141	410	490	show
1367003622187	141	836	301	show
1366783300789	38	879	72	click
1369573453493	26	536	390	show
1367493527536	51	490	148	show
1367853540552	145	669	412	click
1369270155365	95	852	293	show
1368894081896	41	388	317	show
1368397688529	97	368	474	click
1366638922254	11	522	10	click
1373390200580	48	434	468	click
1369930374121	24	247	205	click
1366546767812	68	793	341	click
1368708567179	147	330	222	click
1371404143452	147	522	161	click
1367876678381	103	338	93	click
1368861099022	30	121	16	click
1366653946654	8	310	315	click
1370557370984	34	185	62	click
1367347075013	6	989	250	show
1373553222337	15	382	345	show
1366451830121	100	436	408	click
1369365130752	119	526	6	show
1367139783042	65	601	77	click
1370409699225	45	425	81	click
1367120543372	100	105	277	show
1370116973153	94	490	41	click
1373990724035	97	66	114	click
1370960763928	125	973	427	click
1372740390856	26	735	74	click
1372401792772	81	480	122	click
1368250490200	11	217	444	show
1368062815429	141	494	292	show
1367502293798	93	448	76	show
1368192507548	67	722	271	show
1371889610186	25	594	267	show
1367377603785	79	622	429	show
1374175985761	141	266	361	show
1369807051174	91	76	334	click
1370885117886	116	242	218	click
1374104906404	144	203	193	show
1374204226825	104	764	190	click
1371174521140	95	383	142	click
1366878263360	14	259	348	show
1370027395623	41	644	312	click
1372300250402	7	894	37	show
1367764932518	12	471	39	show
1366936447098	42	299	100	show
1373421819548	4	849	455	click
1366350464200	142	584	228	click
1368818597947	79	828	372	click
1367433385502	46	831	165	click
1368393365120	120	819	246	show
1373172096885	144	776	132	show
1368712909295	106	237	55	click
1370185299425	13	659	388	show
1371086876718	20	705	336	show
1372092633798	126	327	13	click
1367717100795	72	582	277	click
1373883625759	90	513	321	show
1369431714522	39	863	471	show
1370727486818	139	366	453	show
1371600188780	31	754	86	click
1366700382631	93	492	482	show
1370842785971	56	61	470	click
1368815079681	124	310	169	click
1371944051144	114	319	252	click
1368052754819	63	181	186	show
1370642037585	104	963	313	click
1370497525479	127	848	134	click
1367861805057	146	885	62	show
1371735578269	26	5	197	click
1369230011127	136	110	70	show
1373733978246	103	956	110	show
1373645548721	145	343	352	show
1368342723212	49	693	371	click
1373560289167	27	997	252	click
1373549354982	46	129	157	click
1372599985589	91	58	451	click
1371860381677	132	990	197	show
1371449602410	11	930	385	show
1373169211006	140	30	422	click
1373859104335	113	993	392	click
1370820440981	26	540	241	click
1371964682447	67	689	484	click
1368951250069	56	543	446	show
1366467470353	120	270	251	show
1372353077460	37	367	464	click
1366685174967	51	789	403	click
1369625243888	63	443	207	click
1368569160701	48	229	39	show
1371700720333	83	627	284	click
1372791343419	2	144	118	show
1372009098910	127	699	170	click
1372806832256	15	184	20	show
1370394204764	86	194	420	click
1366852763791	86	989	40	click
1369554648187	22	105	408	click
1372304194547	34	997	81	click
1371263705433	52	705	409	click
1368802467076	93	834	20	click
1372687683848	73	256	262	show
1368378248249	26	771	361	show
1369876896119	68	918	356	click
1372454504612	126	686	170	click
1367772885060	97	594	229	show
1367667882653	103	203	75	show
1368892733307	33	739	405	click
1370610377128	44	489	174	click
1368262119802	65	591	333	show
1370234649207	20	338	433	click
1369402873142	82	491	369	show
1367985035467	8	634	405	show
1373619827290	7	807	463	show
1367388381776	92	945	12	show
1366929700111	126	206	48	show
1369300294768	12	342	416	show
1366832447326	74	169	244	show
1370932533503	35	523	135	show
1372244738264	139	504	396	show
1369294545632	28	349	164	click
1366690306817	7	602	80	click
1370107377790	22	685	157	show
1371402499849	125	535	345	click
1371210663438	64	415	66	show
1368298604037	117	753	137	click
1369276608123	11	774	103	show
1366525553023	21	678	60	show
1371291827437	59	636	82	click
1372850659555	107	197	133	click
1372201634915	70	981	201	show
1370296568849	124	620	189	show
1369979012878	26	644	433	show
1371527689107	1	363	309	show
1369601349098	91	510	474	click
1372433490610	116	727	35	show
1371517956485	58	514	287	show
1370294309990	109	991	18	click
1367431835986	110	939	381	click
1369762942453	86	990	499	show
1373155126412	87	3	395	click
1369455182917	5	949	263	show
1372296432548	24	862	433	click
1370731064598	130	750	242	show
1371307093895	142	644	137	click
1368868193207	68	948	491	show
1369598926599	1	281	231	click
1368638084471	143	27	190	show
1368117214200	18	434	288	click
1369351661255	69	299	48	click
1367369268933	26	863	361	click
1371893833694	85	477	213	show
1366620776176	84	794	362	show
1372397351428	132	158	192	show
1367822053273	78	638	408	show
1374001108798	111	135	246	show
1368658121304	77	387	472	show
1372310446109	64	332	159	click
1367923918876	8	9	355	click
1374092578180	74	301	328	show
1367070484361	133	19	4	show
1368394497661	39	99	487	show
1368942480895	139	942	6	click
1373568493961	7	420	88	show
1370690250122	9	925	27	click
1367056485099	24	290	4	show
1372073312908	98	960	141	click
1367116837227	61	937	14	show
1372641707541	140	357	473	click
1373102872205	146	347	343	show
1372257118968	90	639	350	show
1373931129886	47	338	494	click
1367310716901	38	393	381	show
1366963981007	78	947	248	show
1370821902296	90	617	89	show
1368358365339	7	735	22	show
1371359520395	4	423	477	click
1372612663434	1	790	447	click
1367047761056	137	61	305	show
1367181192381	67	905	403	show
1371948454338	26	907	330	show
1370590506830	1	62	360	click
1372302450973	120	281	245	click
1369527805049	26	436	9	click
1373133428255	38	21	141	click
1372494861152	64	31	41	click
1373977647442	36	537	186	show
1373945101879	35	861	296	click
1372988860438	21	564	450	click
1374032675848	54	599	258	show
1368353836978	18	500	399	click
1372468073161	96	870	310	show
1373772301939	68	586	394	show
1371301699150	138	845	292	show
1368952860724	145	706	231	click
1370729262095	57	523	466	click
1368874016998	24	4	42	click
1370656237483	111	830	21	click
1372644809593	67	346	437	show
1369363134315	147	209	87	show
1371732737827	111	873	472	show
1372170897633	118	762	384	click
1367646922449	10	879	428	click
1368283808766	82	798	479	click
1366982073145	88	455	208	click
1369882120041	148	443	417	show
1371857530849	49	51	295	click
1373140594408	128	92	119	show
1373281072369	60	363	265	show
1372390670081	138	568	488	click
1369152410528	67	556	183	show
1374128099101	119	376	84	show
1372731209803	35	269	5	show
1371965932581	86	15	234	show
1369211356507	128	645	69	show
1367055428416	114	847	74	show
1367932517876	149	73	478	show
1373081767314	101	887	364	click
1366924428836	60	534	467	click
1371118796184	69	147	440	show
1370218833437	113	304	403	show
1371695157406	56	786	382	click
1367120690172	68	427	434	click
1369244469230	34	788	143	show
1373348318472	24	461	251	click
1372346363294	17	828	261	show
1372469698759	28	501	61	show
1368310048348	7	942	102	show
1373289258574	4	25	399	show
1372148314114	131	860	167	show
1368600452393	8	64	420	show
1366777887960	140	543	374	show
1368514048447	77	813	195	click
1370229728120	78	355	58	click
1369834667836	3	556	155	show
1371969522197	43	677	340	click
1372900142298	19	843	254	show
1372323618707	93	98	442	click
1371205331932	101	68	493	show
1372057036829	35	667	439	click
1367914985948	82	632	45	click
1367962156662	6	149	142	click
1367416242770	132	737	491	show
1370049327690	43	986	268	show
1374050557954	5	535	363	click
1366595575461	121	290	44	show
1372408514220	91	159	229	show
1368306313164	120	125	460	click
1367849645012	148	526	471	click
1371864860499	84	950	1	click
1372933873136	35	515	482	click
1370569444811	23	139	59	show
1367215394775	87	427	325	show
1368126201900	69	278	52	click
1373694453387	73	921	124	click
1373189741354	48	550	470	show
1366489941687	9	283	125	click
1366867890836	24	42	66	show
1372587151759	59	664	132	show
1371931233888	28	369	220	click
1368652466702	26	511	84	show
1373650775014	140	380	59	show
1373245990533	119	29	262	click
1368965685423	44	686	443	show
1372959697297	88	449	184	click
1370555597687	81	492	148	click
1373504271560	145	105	452	click
1372387029903	104	637	467	show
1368852049916	146	629	168	click
1369836480169	8	429	486	show
1370485202173	83	987	177	click
1367523073980	6	858	22	show
1372861928733	126	332	248	click
1370408679300	117	648	233	click
1372467083303	111	485	496	click
1369042478455	101	541	213	click
1372160654373	40	472	339	click
1371688369273	45	185	198	click
1373568763440	95	855	464	click
1373788361229	63	277	355	show
1368980404421	22	981	310	show
1370783035070	137	384	383	click
1368455030362	127	11	277	show
1374022299108	18	513	178	show
1371145452294	5	411	238	click
1373785168305	106	636	484	click
1369051537845	36	199	137	show
1370761473200	104	532	93	show
1366599346956	1	372	77	click
1372828862940	86	517	223	show
1373984606237	28	765	467	show
1368177985000	53	504	427	click
1370876412108	32	95	129	show
1371437672728	61	81	221	show
1370779855617	39	508	25	show
1370260126835	15	280	244	click
1368745807180	33	846	491	click
1373041731744	71	312	350	click
1368011972668	26	945	496	show
1368727324606	132	295	414	show
1373836041142	110	864	58	show
1368176395303	3	238	130	click
1370225742469	9	56	499	show
1367205673492	61	305	45	click
1368652481085	39	99	494	click
1369808462633	82	311	180	show
1373517997028	36	350	18	show
1372851905130	81	483	196	show
1369118944348	63	67	448	show
1371813719978	25	659	147	show
1372840558310	143	231	313	click
1368416915215	34	830	303	click
1366846356404	122	869	362	click
1369159158939	64	317	450	click
1366694921750	130	631	108	click
1372352251460	37	731	320	click
1369270982970	148	660	379	show
1369804129810	1	855	255	click
1368617680151	142	294	201	show
1371065049308	91	811	450	show
1370817725870	133	790	262	show
1373372952933	122	88	367	show
1370368812831	112	213	224	show
1371543251595	37	121	388	show
1369608282066	97	494	390	click
1368672629617	104	95	456	click
1369860101066	91	3	347	click
1371681357810	45	66	17	click
1373367875033	48	940	342	show
1366609116488	4	900	336	show
1367913307966	101	687	299	click
1371195352484	139	698	483	show
1366409653679	13	809	251	click
1369851978568	138	950	35	show
1371317588725	148	663	217	click
1373736395927	28	612	147	click
1368584373740	149	264	278	show
1373143992304	123	160	209	show
1372585605672	97	346	41	click
1368302358379	54	152	379	show
1368382000370	105	505	344	click
1367368891275	96	771	10	show
1373592814698	107	49	188	show
1368124983845	9	196	223	show
1368031749348	19	195	58	click
1369230262152	82	838	445	show
1372017228488	99	819	112	click
1370904866802	112	513	414	click
1372940965534	1	495	342	show
1371145666085	35	398	394	show
1369799862306	2	885	289	click
1370582505151	120	478	426	click
1371256533657	137	443	204	show
1372213929272	23	689	45	click
1367027134760	142	957	315	click
1371760117475	70	498	400	click
1372651890016	114	237	355	show
1371187315737	9	689	409	show
1373473817456	70	493	181	show
1370478871617	130	350	335	show
1371399032233	29	805	458	show
1368939889203	25	1	374	click
1370405196460	16	834	475	click
1372135835568	146	282	256	show
1371467232821	122	125	311	show
1366401658225	62	234	344	show
1372721815404	121	981	452	show
1370784085136	115	523	207	click
1367503896749	100	317	471	show
1367262027348	57	916	398	show
1366853260943	81	63	282	click
1366759062312	70	337	75	show
1367447896394	143	848	333	click
1367765253824	58	425	362	click
1371192245497	76	830	410	click
1368862086899	19	929	369	click
1371490645017	116	323	289	click
1371178887183	74	494	227	click
1368505068981	134	961	346	click
1369173019955	4	826	404	click
1367179410874	69	986	476	show
1374076344799	124	746	260	show
1369319420264	118	867	244	click
1368118710508	73	422	236	click
1373356720618	107	451	234	click
1367210365230	24	695	387	click
1366787099949	32	582	32	click
1367662264326	72	122	149	click
1374081865124	68	136	181	click
1372285382665	48	532	137	show
1367796572471	12	331	8	show
1372148495397	33	126	227	show
1368384099831	40	621	444	click
1367637507392	117	777	237	show
1373733000896	104	198	337	click
1368135571776	128	50	440	click
1366681228400	103	751	219	click
1370608765665	67	731	408	show
1370242762448	25	492	141	click
1367473656746	20	537	193	show
1369404283230	57	16	460	show
1370729383732	40	881	272	show
1366435817152	28	813	465	click
1369442002944	4	616	136	click
1373583333014	33	906	368	show
1373988227713	134	359	55	show
1371244562170	75	989	265	show
1366422907082	117	659	157	show
1368385470015	123	706	309	show
1372984808059	22	914	361	show
1370131038914	105	557	265	show
1373532211135	120	975	6	show
1369747790474	33	351	419	show
1366586782046	52	428	66	show
1366856757018	86	436	157	show
1373859736414	4	758	373	click
1370133442074	121	843	223	click
1368110479391	147	283	339	click
1372163063860	79	54	398	click
1371964752587	130	85	12	show
1371192885945	15	925	8	show
1369364432244	137	46	228	show
1366561409216	27	617	6	show
1368971724479	141	932	323	click
1369967707561	46	644	95	click
1367521104879	21	232	470	show
1366888430393	109	841	264	click
1371423182987	36	964	14	show
1370330578002	150	76	320	click
1369233956574	111	491	119	show
1366694544310	80	428	99	show
1369216109872	8	822	425	click
1366640055338	32	840	314	show
1372731548961	19	192	442	show
1372070690704	30	949	421	show
1369795977237	29	796	111	show
1372400500506	25	547	386	show
1369537380189	26	17	152	click
1373155736534	148	482	188	click
1368068237223	86	15	168	click
1373499807462	32	767	321	show
1367003615450	137	994	16	show
1372463545619	133	285	160	show
1370574665784	131	115	287	click
1368254108093	98	477	310	click
1367321609193	51	663	366	show
1371104957843	57	898	375	show
1371397100699	72	841	343	click
1373367906783	77	850	385	click
1372456627418	4	694	230	click
1370379099030	78	763	38	click
1370159201167	145	398	451	show
1372448797454	12	43	366	show
1370958726199	125	36	236	click
1367788797897	53	257	188	show
1369387196370	124	276	12	click
1370361653880	56	863	209	show
1373916310951	88	230	36	click
1372771505427	38	422	153	show
1372606642186	103	481	443	click
1367907524103	127	936	338	show
1373629607571	46	76	425	click
1372306156650	101	491	184	show
1368146274514	11	674	332	click
1368516705336	35	801	72	show
1371624271232	42	300	162	click
1367185557479	5	711	293	click
1372627838606	130	396	471	show
1368240713612	50	759	227	click
1373431269345	150	1000	353	click
1374108390954	56	298	225	click
1373178949669	42	916	385	show
1369391815661	109	571	376	show
1371199843104	130	172	287	click
1369889743252	127	236	101	click
1372505649935	90	714	478	click
1367022453728	23	542	287	click
1368480975675	14	127	179	click
1366673343816	82	891	81	show
1366713865758	92	137	411	show
1367664248663	143	908	93	click
1372695938716	20	384	245	show
1374005066332	92	41	329	click
1372489271659	35	618	476	click
1368261180372	20	25	101	click
1373150261845	48	44	317	click
1366874102807	40	775	481	click
1372813767797	69	245	440	click
1369730015557	12	342	409	click
1368703704355	82	980	459	show
1366707487844	129	12	91	show
1369940877720	30	915	212	show
1372320795687	70	985	50	click
1366510120974	134	501	21	click
1367060827009	5	288	334	show
1367239175851	104	931	228	click
1374003084122	102	923	433	click
1369625243439	91	47	260	show
1372451606543	123	275	100	click
1367124746989	137	614	447	show
1373319562959	71	494	349	show
1367082465430	1	236	239	show
1368662427743	103	883	185	show
1370774222488	47	114	78	show
1368017448159	20	705	418	click
1368831922191	135	818	121	show
1370217529541	126	659	67	show
1371151484639	6	749	275	show
1367880869670	48	869	442	show
1366514304797	79	470	432	show
1373929286020	48	197	353	click
1367768269416	125	891	320	show
1373906929221	98	283	313	show
1366553219728	18	786	272	click
1369111097466	95	799	93	show
1371033197860	20	83	117	show
1367381706277	114	312	47	show
1373420389947	83	647	428	show
1367269234678	149	258	499	show
1371228898623	103	171	279	click
1371034439064	79	561	357	show
1374060607378	137	903	115	show
1366705831289	79	219	267	click
1370069403884	131	112	115	show
1370056185644	26	413	457	show
1367738138600	68	330	229	click
1372395551234	86	427	192	click
1368421698386	127	392	55	click
1371392213959	21	514	380	show
1367402032769	69	197	26	click
1374061244743	48	394	36	click
1371978015492	44	503	396	show
1372773322157	114	118	133	show
1368897199978	47	649	42	show
1370661229866	15	812	79	show
1373331913858	117	749	234	show
1370495643515	37	649	71	click
1368792330973	85	1000	83	click
1371894920351	73	121	330	click
1372850336669	93	605	423	click
1372937046601	94	443	101	show
1373111832625	47	150	30	click
1373299201935	73	506	336	click
1368056909771	133	214	409	show
1370507637941	80	788	185	show
1372476957595	52	508	408	click
1366877222033	43	695	233	show
1373502127497	53	946	461	click
1373452229512	78	207	288	click
1371534248947	40	698	420	show
1372070767209	56	232	214	show
1371460528017	86	396	244	show
1370828278951	97	367	255	click
1373888558310	95	834	129	show
1373004475657	118	824	253	click
1373711677124	59	834	318	click
1371479551210	100	307	237	click
1366771686835	2	387	214	show
1373205579281	115	841	432	click
1369930827208	129	743	326	click
1366817539681	115	521	242	show
1370084544027	53	811	190	click
1370094344583	76	26	478	show
1370421009576	75	504	187	click
1369287692957	131	60	72	show
1366355385052	5	69	465	show
1373448148556	141	296	7	show
1369868903915	62	32	74	show
1368131815749	131	149	478	show
1366559166035	94	461	18	show
1367038807242	75	15	216	click
1372427366442	139	503	158	show
1367785710895	139	61	232	show
1370862237598	91	874	359	show
1367930741448	101	414	264	click
1369225819612	72	620	452	show
1370517036794	100	712	464	click
1371310912010	83	207	297	click
1372762199296	41	851	266	show
1372181810776	140	557	111	show
1370109365905	118	977	132	click
1369494221415	126	647	337	show
1367494349282	150	203	327	show
1373787514445	88	275	92	show
1373708741332	5	80	462	click
1370904533355	89	142	347	click
1372292047180	34	867	181	click
1370569229921	13	425	394	show
1366665185542	12	608	131	click
1371827848358	90	866	366	show
1369526765205	38	151	158	show
1368526802399	84	889	8	show
1372724514264	76	625	432	show
1366845005584	85	125	389	click
1369354200060	119	678	247	show
1370328197452	84	862	257	click
1368357150850	93	517	423	show
1368977481643	12	498	458	click
1372960207996	121	234	461	click
1367509932769	99	962	296	show
1371008429040	131	599	408	show
1373804888860	144	919	255	show
1369099898492	144	824	233	show
1368597882848	131	425	321	show
1373345139944	13	949	135	click
1370707327913	140	647	416	show
1372840691324	83	603	490	click
1368831905891	106	476	226	click
1366902663026	34	232	383	show
1370399878314	13	518	222	click
1367619205192	94	467	366	show
1369161706427	26	988	201	click
1368744354165	50	694	166	show
1368623448829	54	134	404	show
1367567003247	99	824	217	show
1368626657980	65	499	21	show
1371756961159	126	424	399	show
1369028019317	80	579	64	click
1369030426379	47	396	145	show
1367822128820	12	10	183	click
1370038008655	25	75	161	click
1367035867663	91	396	494	click
1368961063364	148	302	141	show
1369701329472	60	906	81	show
1373057436796	35	968	336	click
1369482416366	97	231	419	show
1373190319586	40	925	92	click
1372927139594	20	522	340	show
1371763148828	12	411	354	show
1366924108803	106	193	154	show
1372248633649	36	46	285	show
1370885366489	112	163	500	show
1367298731317	105	726	321	show
1367422550146	16	870	347	show
1368419433243	144	70	223	click
1368164369117	102	874	409	show
1367843540426	83	800	28	show
1374085483031	104	291	78	click
1371796131738	109	467	131	show
1366582844207	67	871	90	show
1371773433560	73	799	477	show
1374168195733	21	440	108	show
1366841337096	68	534	149	show
1368992212018	112	162	262	show
1367355248155	14	730	420	click
1370969949178	146	653	244	show
1370133077603	6	926	22	show
1369815519070	128	549	444	click
1372808446439	1	522	195	click
1368242569536	96	138	330	click
1369721956711	11	106	164	click
1368132623222	48	659	139	click
1367519603812	43	185	77	click
1367247876337	76	11	210	click
1366420645581	5	6	354	click
1367524879115	148	253	340	click
1369700693154	60	948	346	click
1372821017712	55	708	435	show
1368804570635	75	953	381	click
1366748473551	119	703	299	click
1372809052841	94	787	497	click
1368944630434	149	60	250	show
1373832406034	120	140	278	show
1369656014388	9	31	65	click
1368268622575	17	566	154	show
1371535902221	113	609	289	click
1371694884081	139	125	158	click
1368098680226	75	314	184	show
1369714893621	8	330	368	show
1374066305967	52	280	102	show
1369983432313	45	390	117	show
1367695593251	9	112	128	click
1374145726583	46	269	497	click
1369224606096	21	582	434	click
1371569632589	20	331	317	show
1367800804919	102	170	332	show
1372919561070	23	549	37	show
1371460348954	47	825	203	click
1366782879783	6	953	239	click
1370666193455	45	679	18	show
1369137920789	4	292	194	click
1372435300076	101	713	43	click
1371168222692	16	565	397	show
1373343403553	105	206	12	show
1373658129383	139	554	3	show
1368109984688	63	993	178	click
1372877866773	136	721	463	click
1373143120837	129	813	404	show
1370489089420	15	817	208	click
1373976675228	53	55	442	click
1367461172216	139	352	261	click
1367891370632	106	754	174	click
1369654664855	13	185	45	click
1369381231628	22	170	78	click
1367350528059	14	142	272	click
1372055184980	42	499	106	click
1372567169593	146	893	281	click
1372580038376	142	828	252	show
1368342259092	138	942	314	click
1372155498887	53	340	208	show
1373061359563	93	733	197	show
1366666022799	17	376	147	show
1366454165251	7	186	168	click
1372418183041	15	633	18	click
1373436205707	141	102	122	show
1367806764038	44	279	98	click
1368169480862	98	986	182	click
1374119698274	68	801	291	click
1370201334710	45	972	253	click
1367580498605	110	405	264	click
1372175550208	138	874	125	click
1371526757105	62	919	343	click
1366425793943	56	275	214	click
1372378053320	150	869	470	show
1368493493291	6	814	213	show
1370475999216	18	847	163	click
1369840146319	100	874	364	click
1368069313398	101	974	106	show
1371964157834	1	915	466	click
1372256107388	100	536	309	show
1369115885359	88	214	59	show
1370318805475	132	34	56	click
1372635945303	20	858	377	show
1368101015927	110	35	340	show
1369057546492	126	682	249	click
1369320379352	31	745	317	click
1367409485726	93	156	82	click
1370321334948	51	202	215	show
1369041737374	94	450	179	show
1373858304767	50	735	20	show
1369401526523	35	702	341	click
1373314169038	94	484	184	click
1371462953852	90	935	231	click
1372791380874	47	350	72	click
1372422282784	103	73	146	show
1368274124343	53	459	109	show
1366573553977	74	521	50	show
1368260805496	30	765	402	click
1373990393483	120	413	437	click
1372105761525	104	981	105	show
1371299315832	119	706	453	show
1367496933169	53	491	194	show
1366645443679	107	225	183	click
1373250225164	131	886	486	click
1367100599398	66	727	222	click
1366713724619	137	799	453	show
1371782423233	130	502	358	click
1368894117617	119	646	319	show
1370439196892	35	258	36	click
1372172857823	65	905	381	click
1374192029393	22	142	220	show
1372620819664	103	726	433	show
1368382787559	92	595	236	show
1367089560663	80	122	58	click
1368010229203	130	781	224	click
1370756619717	138	225	50	show
1370784267846	71	73	256	show
1371357402213	98	23	392	click
1372364655363	20	793	315	click
1369288555217	50	880	345	show
1372766522700	64	122	236	show
1374065707747	68	925	480	click
1373281651084	64	110	143	click
1366435372594	101	191	28	show
1374100567273	133	574	393	show
1373210001836	94	1	141	show
1371821994772	75	285	84	show
1371758243100	62	800	428	click
1369574383104	134	710	456	show
1367466622594	46	901	229	click
1369958032488	6	382	105	show
1372244971031	85	990	150	show
1372924886221	58	27	57	show
1371727941356	50	146	379	show
1372448863793	46	524	392	click
1370718343154	76	631	435	show
1371182197056	33	675	416	show
1367317327463	46	138	243	click
1366660528123	42	976	89	show
1368045707831	46	73	332	click
1372500377619	3	598	347	show
1366816647320	141	789	150	show
1368319364648	143	708	165	show
1366762395721	92	742	266	click
1372518761645	66	665	364	show
1370122675685	48	594	443	show
1372029596044	53	731	395	click
1368097045553	149	881	495	show
1373901166398	38	711	37	click
1367144031593	143	47	315	show
1369928239860	113	829	165	show
1369141308655	33	932	340	show
1367045979247	27	968	106	show
1366718013205	124	747	221	show
1369138126318	19	116	195	show
1370316899789	49	724	154	show
1370379144690	77	529	432	click
1369299374600	58	973	40	click
1367547244067	138	132	475	show
1371548453354	68	406	221	click
1369200828544	128	492	431	show
1368834536778	68	681	117	click
1371338312241	107	104	258	show
1372927084588	38	173	320	click
1368119288941	150	488	113	show
1369717812001	33	59	123	click
1367814104120	137	749	398	show
1370119567940	50	888	235	show
1367277489697	135	715	329	show
1368878450812	91	215	315	click
1369927591947	52	840	16	click
1370768723756	107	373	300	show
1367039143840	117	889	368	click
1367200966873	65	593	365	show
1371559941783	34	227	410	show
1369981678602	2	181	232	click
1370000738008	73	690	36	show
1368626434082	1	543	241	click
1371766219848	43	446	179	show
1369305999282	34	3	40	click
1370958398547	25	508	164	click
1368857941894	5	564	282	show
1372103413018	9	828	237	show
1373236896172	38	586	45	click
1373078256972	32	142	124	click
1369966322479	139	232	75	show
1371861458841	131	239	50	click
1372362097941	108	289	142	click
1372074162691	147	136	40	click
1367715299997	94	677	162	click
1374050115656	122	869	366	click
1367047205590	94	134	149	show
1373837704234	108	774	39	show
1373962011676	143	233	414	show
1368588379891	53	11	159	show
1373463321133	33	100	110	click
1368041081718	27	507	77	show
1372687749856	19	525	300	show
1367365156266	2	369	166	click
1368876684356	7	744	65	click
1374029126082	26	938	85	click
1367437705988	119	814	436	show
1373896357369	112	163	397	show
1373284505982	9	808	485	show
1371642781414	14	949	364	click
1367596587820	75	116	13	click
1367413425184	148	334	361	click
1370568319136	61	417	179	click
1367673465002	94	490	318	show
1372504628390	24	166	248	click
1370850122112	140	920	250	show
1369158298987	134	751	256	click
1368420587676	130	179	81	show
1369222561398	87	614	120	show
1369358819390	122	948	166	show
1369891877059	110	321	439	show
1373063901829	8	875	403	click
1367922089628	54	456	276	show
1368905464633	91	130	426	show
1373371632926	18	40	199	click
1368493640205	109	149	38	show
1369336247235	8	203	133	click
1369084090757	31	702	10	click
1373241456318	95	485	63	show
1370449339077	36	477	165	show
1374135016103	52	364	43	click
1368136871644	131	84	231	click
1366386196639	106	384	272	show
1373196540480	79	314	413	show
1368539430977	63	593	373	click
1368903574877	79	850	256	click
1371061638429	17	207	458	click
1371395083004	44	362	51	click
1371323649287	84	424	16	click
1370863280416	37	436	437	show
1371122527914	71	132	167	click
1370337821940	82	426	308	click
1371809675868	128	447	47	show
1367635938185	150	405	427	click
1370790713773	95	982	134	show
1373498000032	32	784	112	click
1370046176892	14	630	101	click
1372120207434	46	149	444	click
1368100866530	120	246	277	click
1373364957522	145	805	41	click
1369748296035	39	313	335	show
1372058499221	30	664	110	click
1370819335900	138	746	3	click
1367097321227	53	746	337	click
1372752271233	83	248	336	show
1369912950832	81	308	225	show
1371586399761	60	225	204	show
1366462174246	90	37	371	show
1371205504569	118	423	352	click
1369954368732	75	106	23	show
1369959702124	117	917	15	show
1368674004679	83	176	64	click
1373139239714	73	373	12	click
1373665516815	8	962	414	show
1367022149733	81	473	337	show
1373606575514	116	657	229	show
1369097409454	120	833	394	click
1372984766488	27	428	257	show
1372414371330	89	91	106	click
1368467443602	68	537	181	show
1371582590460	52	762	495	click
1370689691493	40	268	260	show
1367180639786	45	363	144	show
1373507560107	8	231	374	click
1370397652967	19	935	401	click
1372426880345	55	755	318	show
1366562540277	61	41	13	click
1371349110889	13	83	391	click
1368125038903	52	815	284	show
1366480519815	73	720	105	show
1369207064775	145	234	440	show
1370495210020	31	692	67	click
1371029203603	142	280	74	click
1369844401311	18	51	481	click
1373801669337	64	774	222	click
1373210596102	39	990	299	click
1373743406386	86	177	401	click
1366952948092	71	950	159	click
1370994679738	21	933	393	show
1372739049734	23	970	338	click
1373680940471	147	478	286	click
1372268587914	97	881	331	click
1372577064279	120	354	101	show
1373502094504	138	477	27	click
1373432739740	80	52	280	show
1371454853523	81	272	95	show
1369285028482	139	725	164	click
1366853614675	142	332	27	show
1373699313520	55	312	335	show
1371582802880	48	193	408	show
1368987578786	140	910	435	click
1372285954230	132	713	101	show
1369548921699	135	242	421	show
1373842759376	144	879	434	click
1371601098557	15	439	246	click
1371090471522	86	846	88	show
1369824453553	121	498	366	click
1373225006354	149	853	206	click
1370786111292	97	441	75	show
1366521019539	80	450	410	show
1369400716658	34	546	350	show
1369022046453	54	776	425	click
1370095124511	7	298	132	show
1370218121498	44	260	137	click
1368076605184	106	635	118	click
1370702139345	14	612	404	show
1372679696804	134	236	190	click
1370199573098	58	961	8	show
1370460849466	81	478	147	click
1372991074169	76	207	249	click
1370030327760	43	534	21	show
1372137309197	42	512	265	click
1373462735630	63	799	491	click
1370686921572	46	854	304	click
1372672928562	111	266	300	show
1371335007070	103	524	440	show
1370976340162	69	110	499	click
1372074048798	102	553	186	show
1372305244602	22	607	441	click
1371969309476	5	89	346	show
1371938061617	46	276	275	click
1368259420095	102	778	91	show
1368058581708	127	141	402	show
1371176167562	146	344	355	show
1371224244811	27	537	352	click
1369937766877	107	77	35	show
1374159002529	5	563	155	click
1370365264393	136	123	351	click
1370275081312	57	566	428	click
1367916541098	118	392	283	click
1367666176510	66	890	445	click
1373175196090	127	261	21	click
1370819124852	31	916	43	show
1372442121828	77	636	397	click
1367416240549	147	511	206	click
1368383682025	79	283	315	show
1371208093078	90	362	129	click
1370049516841	117	707	181	click
1370344532691	49	742	191	show
1373538654585	32	204	255	click
1371433390363	114	804	185	click
1374146246009	123	911	367	show
1368073605981	51	502	299	click
1370759662118	85	833	13	click
1368007635897	98	13	338	show
1373929990486	132	496	197	show
1366384617255	17	417	223	click
1366863490137	134	986	16	click
1368473975664	142	110	70	show
1372861227831	143	263	390	click
1371747735455	94	877	394	show
1366370799480	58	873	464	show
1372382575730	16	448	9	click
1371636069850	64	182	322	show
1372892379953	125	389	187	click
1370557443242	135	429	211	click
1370907435695	55	16	336	show
1371394290937	137	744	330	show
1372508990374	90	228	130	show
1372320660943	112	277	278	show
1367768433430	57	114	490	click
1371107522388	53	412	306	click
1367634680742	42	304	425	show
1369831948356	139	450	143	click
1366483374080	53	327	204	show
1374016843350	47	978	298	show
1369232021857	90	109	20	show
1369166248061	67	609	473	show
1371638881014	44	475	258	show
1366452777300	97	3	156	click
1369712673367	17	487	32	click
1373692157219	11	174	225	click
1368031856980	87	133	481	show
1368358487470	80	935	371	show
1368064632217	120	749	465	click
1366948602304	32	716	319	click
1373600229902	4	574	16	show
1369192119679	18	393	454	show
1369224879714	43	104	174	show
1369391570594	16	183	362	show
1371622842773	20	886	34	show
1371866450402	109	418	493	show
1367250007323	131	535	356	click
1368297573005	65	796	208	click
1367233671401	22	995	177	show
1369612706138	121	569	451	click
1366825601930	144	473	100	show
1370574045114	56	766	29	show
1369034902157	124	803	120	click
1370080041981	137	75	339	show
1373989995479	137	263	179	click
1366631119558	148	234	304	click
1374192449215	62	428	246	click
1366639574139	30	653	116	click
1367197332079	33	487	60	show
1369180955632	92	850	41	show
1372698660304	16	962	458	show
1366779151260	34	643	469	click
1366362679951	30	385	287	show
1368023576014	142	344	158	show
1371315660386	34	431	460	show
1367981873500	13	985	106	show
1369946053593	135	221	149	show
1367769526826	72	366	439	click
1370593106196	126	600	436	show
1370879908939	11	325	459	click
1373857493801	73	749	211	click
1373396303631	12	665	483	show
1368623950727	38	736	196	click
1372161119251	103	876	283	show
1370337258235	85	14	157	show
1369511193717	126	528	363	click
1373835249109	36	464	87	show
1370990431670	14	529	31	click
1371927616134	145	943	32	show
1368309640517	101	481	295	click
1373819137485	30	854	377	show
1371982818550	143	159	498	show
1371395592698	57	727	425	show
1373097557176	138	207	317	show
1369499186103	144	405	99	show
1373581935975	24	868	255	show
1366625239304	142	196	249	show
1373621194794	84	96	442	show
1368053739937	93	692	132	click
1370513620703	82	338	326	click
1373297388664	119	168	301	click
1370019208561	145	126	42	click
1368452949714	46	348	68	click
1366995207701	69	907	306	click
1368536798753	16	168	118	show
1373443325428	11	26	217	click
1369932149989	64	234	388	show
1371996645325	51	679	419	click
1373898588546	53	442	480	click
1370149287551	81	162	240	click
1369050143863	82	5	480	show
1371765228597	118	461	349	show
1373282480507	88	361	143	show
1372316670498	147	628	349	click
1367454367841	110	70	132	show
1371284259267	63	930	425	show
1368856120136	135	847	333	show
1372780875544	40	830	277	show
1368613508410	20	797	467	click
1368874700170	129	733	301	click
1366507656206	100	660	183	click
1369015102457	54	39	145	click
1371561601133	81	958	259	show
1370793358049	75	881	439	show
1369845706817	20	672	380	show
1370645123129	141	226	259	show
1368427592311	120	889	491	show
1367742536539	60	966	163	click
1367259450746	128	16	99	click
1368874138586	61	345	462	show
1371179267575	85	29	88	show
1370777148549	122	758	465	show
1368136693503	84	562	160	click
1371674223989	39	986	146	click
1368577171312	59	543	317	click
1367110566759	149	487	19	show
1366618536610	148	838	392	click
1370262605446	4	411	121	show
1367979699334	27	968	378	click
1369652392503	115	171	113	show
1373651510812	26	332	125	click
1372904715173	114	651	372	show
1372202885950	123	978	140	click
1371621384169	95	549	430	show
1369184383733	105	904	382	show
1371070758870	1	65	94	show
1369091177948	133	480	321	click
1372009195140	128	901	84	click
1370784238887	121	955	383	show
1372605599079	111	895	343	click
1372544567846	128	848	199	show
1369007306907	33	455	103	show
1373448791685	1	115	251	click
1371245554843	2	30	342	click
1370026411959	37	331	386	click
1370977730192	50	521	408	show
1366886775445	114	384	197	show
1367082670233	77	270	262	click
1371691659025	136	215	470	show
1369243688066	8	562	262	click
1373117617779	9	654	367	show
1367433144211	30	383	159	click
1371537860785	85	557	474	show
1368907687059	57	999	440	click
1370345646923	106	947	450	click
1370803127874	59	827	201	show
1367455242434	76	386	472	click
1367744526453	1	312	457	click
1371068572319	123	254	116	show
1370519008819	122	153	410	show
1372784839481	116	661	39	show
1366672980748	101	877	212	click
1373064873465	13	118	37	click
1372378274057	96	609	49	show
1368425408644	121	674	368	show
1373504472243	52	331	461	show
1372105579203	114	572	370	click
1372193404002	11	167	39	show
1370386191515	51	158	82	click
1370029926551	108	63	281	click
1368362999033	65	234	151	show
1369188067535	131	943	213	click
1373630314880	130	222	416	click
1370303610791	84	107	471	show
1373819766921	97	415	75	click
1372840713299	25	43	267	show
1368435006266	98	250	67	click
1368124223021	148	493	382	show
1366717452668	15	659	316	click
1373388494562	74	172	456	click
1366469282760	66	588	419	show
1371342319812	97	616	436	show
1372260639500	72	404	391	show
1369889886027	93	508	2	click
1367068657352	93	453	290	click
1371171788232	130	706	335	click
1366702831500	146	619	352	click
1367722769696	40	103	495	show
1366810266323	14	312	279	click
1369746355053	108	870	346	show
1373771775853	37	770	39	click
1370120961213	10	976	283	show
1373591355992	116	791	154	show
1370603918466	111	818	129	click
1368417131263	19	361	148	show
1367255290080	137	144	299	show
1366804790209	10	440	364	click
1366968755204	61	992	109	click
1373118861626	21	314	347	show
1373299902450	36	453	237	show
1373377982919	107	531	303	show
1369444532094	34	821	1	click
1370050341968	99	420	69	click
1367162269075	83	705	158	show
1373831886009	133	487	211	show
1372265972998	44	937	140	show
1369047677634	47	274	223	click
1369088569785	50	38	145	click
1366419622615	101	840	59	click
1367804745651	117	293	379	click
1371332618319	113	575	244	click
1371548714178	86	780	422	click
1372781060611	50	948	441	click
1369594415259	33	988	209	show
1373740988728	36	902	399	click
1369215624665	34	341	170	click
1371775106697	40	400	371	show
1366793424997	126	465	62	click
1366538728555	78	308	435	click
1371642550004	11	902	471	click
1373025227009	91	385	120	click
1371480983641	22	428	379	show
1371969284364	22	529	175	show
1372903334432	138	519	269	show
1370706406960	101	692	499	show
1372396656562	90	729	421	show
1367019932426	137	150	381	show
1371513185455	9	630	326	show
1373095085562	127	504	59	click
1367942452139	91	409	374	show
1370625781575	134	288	69	show
1368640118003	67	640	269	show
1369013644900	148	931	457	show
1367263760564	89	191	314	click
1367666466336	1	440	343	show
1372807304318	3	631	108	click
1374151609055	99	590	279	show
1369188127168	103	396	116	click
1368940886308	129	137	411	click
1372176632321	57	937	176	click
1368417342190	123	153	77	show
1370276556619	53	498	191	click
1370871644442	56	153	197	click
1370821933615	6	838	36	click
1373036077788	31	67	282	click
1370244828017	139	458	28	click
1373777252839	40	434	492	click
1369356305227	50	134	200	show
1370738942016	20	198	229	click
1367940735752	25	240	471	show
1369006740219	95	983	457	click
1368179481824	31	275	221	show
1373146110869	124	181	315	show
1371487535174	50	437	380	show
1370760287458	146	738	451	show
1367327575386	10	203	458	click
1367049679456	46	382	103	click
1368614255327	109	964	128	click
1370019121856	73	359	298	show
1366689231083	144	295	270	click
1372907975868	112	167	66	click
1369746906524	114	758	52	click
1370988716333	55	704	86	show
1369605957731	35	509	209	show
1371404777187	70	804	312	click
1368759378105	97	260	87	click
1371440555754	119	458	341	click
1371252177972	115	771	177	show
1373424758446	49	952	252	show
1371734250098	80	515	111	show
1369039123254	23	192	18	click
1369060560078	69	415	225	show
1373987362388	127	768	425	click
1366880694003	68	876	83	show
1369211930647	2	2	415	click
1370348935891	102	482	17	click
1373382847478	57	33	144	show
1372592472668	82	15	375	show
1366806007392	102	16	123	click
1373232840450	4	998	321	click
1372889783101	137	656	369	click
1370169285437	12	321	163	click
1372222757301	92	258	111	click
1368032562484	22	325	58	click
1368705687211	109	389	124	show
1368420439559	115	592	93	show
1370383629250	147	980	324	show
1371271299394	52	297	242	click
1366805825463	109	899	156	show
1374176031573	57	951	213	click
1370571553132	145	41	74	show
1369746702514	146	775	57	click
1371138230276	104	701	29	show
1374184158760	21	453	222	click
1368069630549	71	987	262	show
1373794612367	2	835	305	click
1373349652939	146	358	206	click
1369438558616	54	852	18	click
1367463577162	47	122	29	show
1370115632228	58	83	226	show
1372259258713	31	51	196	show
1372716602347	110	156	268	click
1369188316196	35	172	13	show
1370389414757	84	465	8	show
1366433547766	108	125	388	show
1370996929106	28	480	440	click
1367261784691	54	846	170	click
1370535627755	71	645	220	click
1371890800226	102	848	472	click
1368541885825	6	130	77	click
1370470335095	22	201	12	click
1373186507557	28	719	110	click
1368404296723	133	373	356	show
1366842657409	58	197	329	show
1370844572785	104	62	452	click
1366371411671	61	207	205	show
1366728169080	116	444	253	click
1368525941074	63	31	479	click
1373303371156	19	553	330	click
1368655470195	124	755	493	click
1369493763428	52	338	376	show
1371817752978	23	684	107	click
1373874414555	28	601	359	show
1367605541904	1	790	411	click
1372836701691	115	808	165	click
1367156146780	7	837	368	click
1367653796538	58	943	465	click
1372829672957	147	117	194	click
1372827674461	12	649	80	show
1367614036701	146	750	253	click
1370756961977	125	861	220	click
1373972810251	71	586	262	show
1371052161661	47	887	441	click
1370400479867	103	156	388	show
1372520908583	66	709	405	click
1370403765251	117	943	362	show
1369873360360	47	540	175	show
1367889804168	100	307	122	show
1373886092981	84	294	333	show
1368479351685	52	151	415	click
1366535293396	30	340	368	click
1367689020115	114	970	384	show
1367774811579	137	565	480	click
1366885750340	106	523	183	click
1367149060395	73	179	254	show
1367270298801	147	291	450	click
1372943555359	33	308	191	show
1368393723887	65	995	263	show
1369809346583	14	152	21	click
1367157661773	121	278	116	show
1373884288604	10	524	179	click
1370155133919	96	496	253	click
1369285619058	23	924	137	click
1368215251416	88	910	306	show
1369983651849	120	817	346	show
1367301756394	142	347	104	show
1370990476383	72	348	301	show
1368203197981	147	171	140	show
1370064142848	32	116	262	click
1367343936338	113	276	269	click
1370385267967	27	917	301	click
1368512115880	113	894	115	click
1372823173658	12	682	272	show
1369025212992	87	660	218	show
1369348600248	10	689	449	click
1369843442633	40	181	255	click
1374008869478	89	416	10	show
1371786986577	94	86	465	click
1367367122457	55	106	321	click
1370854366137	123	251	68	click
1369971990251	42	425	256	click
1369849517975	15	403	494	show
1372303766103	99	559	98	show
1369627343963	5	200	46	show
1372146557700	79	689	445	click
1369205501110	8	85	472	show
1373620732734	101	299	436	show
1367480728584	49	983	259	click
1367507912508	101	479	258	click
1369765178222	150	373	466	show
1367787172653	74	308	82	click
1373707079242	119	576	153	click
1372725614252	127	275	84	show
1373654673235	44	310	158	click
1370948749514	30	719	463	click
1367722201120	64	612	191	click
1367347446429	59	371	70	click
1370365789002	56	211	114	show
1373879864785	77	700	97	click
1372045875593	32	418	149	click
1369865972841	15	940	271	click
1370491963475	77	155	286	show
1372048564442	78	688	445	click
1369463291344	150	452	112	click
1373930283326	75	901	57	show
1372753913359	98	535	352	click
1372898283984	40	743	30	click
1368958541579	145	645	396	show
1366910641142	101	452	104	click
1372531047044	94	666	25	show
1370587128050	21	182	500	show
1371416115945	35	537	252	click
1371075487692	125	318	383	show
1366585134249	75	796	134	click
1371879765502	126	633	49	click
1369018427882	50	437	82	show
1372259776506	87	890	111	click
1368207442968	85	98	75	click
1366762825964	57	759	429	show
1368960194005	96	835	142	show
1368515151998	46	163	247	show
1367073346367	98	522	387	click
1367040298876	143	575	234	show
1370216577577	105	188	2	show
1371057522684	47	479	377	show
1366768752408	8	599	270	click
1371134989763	47	268	89	show
1368659129892	51	141	248	show
1368587011008	114	780	195	click
1366600185127	70	556	68	show
1370737427755	66	236	29	click
1366610132311	11	116	437	click
1366740982633	96	486	191	show
1367120781901	47	856	18	click
1367062361630	127	172	13	show
1372214686932	57	966	33	click
1371314246806	102	986	400	show
1373276287619	85	708	142	click
1369068099699	86	497	26	show
1366808632857	98	3	414	click
1370336230457	94	440	294	show
1372009938829	15	906	123	show
1372934031281	43	576	226	click
1373675387120	57	500	437	click
1372826984156	57	662	42	show
1371757161208	41	111	154	show
1366689282982	56	373	6	show
1367625849882	67	184	435	click
1369490066075	64	146	260	click
1372714662364	27	802	222	click
1366916143127	21	102	290	click
1373101737544	112	328	110	click
1371406151133	129	152	167	click
1369676402798	123	59	184	show
1374008426504	11	141	131	show
1372189514377	120	621	43	show
1369941105014	48	566	497	show
1369548943663	60	336	210	click
1370953439757	14	117	360	show
1371858519557	19	131	205	show
1372788721589	120	336	69	show
1367858776583	129	508	289	show
1370721452761	24	842	38	show
1369749782582	38	324	79	show
1369507045394	88	917	237	show
1369723268549	73	675	225	show
1369494364488	139	509	357	show
1372116640666	14	839	156	click
1368955757239	50	166	86	show
1370906488259	149	477	75	click
1370710562981	95	556	115	click
1372606083283	107	595	211	click
1366605993734	32	813	447	click
1373134414137	80	71	131	click
1370240925118	83	852	465	show
1367918336415	44	780	134	click
1367318428012	95	643	347	click
1367795507361	73	514	364	click
1370035838949	33	517	392	show
1371620994155	145	1000	469	show
1370169986669	121	110	162	show
1373204921614	84	800	157	show
1366912872897	73	160	417	click
1366867575299	67	182	201	show
1367672685946	145	947	84	show
1367574553043	144	876	410	click
1368133723319	63	8	450	click
1373047630002	97	76	247	click
1371958378361	137	705	199	show
1371503695984	62	428	56	click
1369191633413	72	358	141	show
1367048056041	17	423	60	show
1369245529715	55	581	120	show
1368654314223	10	574	165	click
1368975744633	138	429	293	show
1370294500555	89	263	479	show
1371324595282	6	202	43	show
1368207408744	23	867	311	show
1373811850976	57	603	485	click
1368156392836	20	132	353	click
1370012623975	124	334	154	click
1368352820963	40	829	367	click
1371149824993	72	644	327	click
1369491794255	95	997	210	show
1370848392710	77	437	217	show
1366930617475	114	612	3	click
1367903862974	131	892	450	click
1370260632049	23	172	62	click
1368707937355	148	944	408	show
1369106576614	128	420	117	show
1369719281393	131	609	497	click
1366420027577	139	666	430	click
1371414472338	35	645	157	show
1366423291389	139	772	71	click
1367390129498	29	962	381	click
1367886534290	21	676	302	show
1368834966225	54	664	87	click
1366999695065	116	905	63	click
1369801054904	147	678	430	click
1369846231275	78	337	280	show
1372650684272	104	178	94	click
1373487271440	62	430	353	click
1367128719932	103	893	155	show
1369792242677	14	715	329	show
1370132389161	126	806	193	show
1371452562247	84	495	370	show
1367465252627	33	145	390	show
1373937432936	105	573	449	show
1370884521233	146	1	142	click
1366960417176	136	51	359	show
1369442875156	56	267	264	click
1372841424430	74	139	389	show
1373255438293	57	590	232	show
1374147600980	146	370	276	show
1369618602156	124	386	476	click
1370417429218	31	151	426	click
1370864751156	139	545	105	click
1367252382584	79	956	44	show
1371117731774	28	359	328	show
1372623533710	110	74	381	show
1373936164566	123	512	303	show
1372431726629	46	547	88	show
1369277939341	127	651	215	click
1369976096115	24	982	86	show
1366448380965	82	538	111	show
1373540635206	38	837	153	click
1369313813307	34	5	484	show
1370699562370	126	967	151	show
1368457321572	84	247	282	show
1368084488197	123	725	305	show
1366776344522	88	599	251	click
1371600519127	110	992	56	click
1369785206267	113	733	140	click
1368899976674	105	795	389	click
1372535636793	85	350	312	show
1369320646946	92	889	334	click
1370966354457	95	712	414	click
1367160199783	10	181	195	click
1370782448762	1	803	108	show
1367567853884	90	933	408	show
1371851852357	10	578	163	show
1368756460001	112	847	94	show
1371768812424	79	555	307	click
1366587490362	1	344	404	show
1370981809178	18	948	140	click
1372776378466	58	641	488	show
1366525889531	114	941	123	show
1367621059387	112	820	412	show
1367450959968	135	641	71	click
1367065666005	5	134	23	show
1370318338782	82	112	77	click
1372689195357	89	985	59	click
1370727765881	128	163	292	click
1368656871271	76	999	224	show
1369470189652	132	718	307	show
1368830549683	2	129	91	click
1370116078155	57	147	167	show
1366902617815	75	496	442	click
1373715279829	65	8	160	show
1373047851263	95	680	73	click
1371668927759	144	892	376	click
1371000485170	135	120	51	show
1367370884421	18	181	250	click
1372182050344	86	350	265	click
1367453632003	130	722	137	show
1369907858956	112	475	146	show
1369517481412	103	927	110	show
1370455018645	139	992	245	show
1367744715917	56	971	241	show
1367518960860	10	77	387	click
1371095880996	60	894	46	show
1367117049443	132	640	322	click
1372439097846	76	534	298	click
1368655024697	67	486	3	show
1370047743197	72	825	118	click
1370272263253	140	301	364	show
1370722170802	62	432	30	show
1366561346977	56	523	413	show
1370571155057	93	937	191	click
1368279258747	15	260	396	show
1367996380117	105	883	282	click
1373543520456	105	126	170	show
1374101641983	23	117	131	show
1373965316453	20	199	228	show
1367261097019	79	922	430	click
1373969765703	3	139	402	show
1368985980610	48	573	236	click
1367670552454	144	133	151	click
1367172450034	83	539	89	show
1372650112075	4	785	326	click
1371126118721	102	306	327	click
1374108487198	128	981	178	show
1369399136362	7	589	183	click
1370024615201	109	376	493	show
1368491145821	70	767	32	show
1369323202781	146	791	409	click
1368903220555	72	911	349	click
1367173566900	99	395	184	show
1373082258520	88	603	80	click
1373857855752	29	568	21	show
1371557938291	70	275	323	show
1373765316463	119	834	366	show
1368502860728	21	713	114	show
1369582125772	17	624	467	click
1369349343192	95	500	454	show
1372874114406	40	315	335	show
1369420793031	34	246	172	click
1366438315362	27	395	34	show
1366833731158	32	776	473	click
1373438148837	55	770	252	show
1368948826584	32	983	135	click
1368955089192	37	147	455	show
1366423857626	20	587	494	show
1366411252814	81	246	193	click
1368434959410	62	990	448	show
1373431532160	130	500	152	show
1366687301388	2	14	42	click
1367475284616	138	456	245	show
1369706704432	129	22	84	show
1372716781602	76	146	217	show
1371722403400	113	733	150	show
1373973224434	24	591	264	click
1366410671342	92	810	386	click
1367609840415	30	311	296	show
1368967869593	148	983	236	click
1366797029361	19	839	59	click
1370279862964	1	259	178	show
1368434351011	27	210	479	show
1372903725370	128	640	31	show
1367169929449	42	667	74	click
1372304124912	26	433	214	show
1368790679255	7	101	212	click
1372127694485	102	419	163	click
1372379332161	133	447	424	show
1372772286059	74	325	253	show
1371331198478	34	843	179	show
1367318866565	49	735	393	click
1374183222581	28	684	245	show
1368469262836	74	612	112	click
1369351729315	49	380	117	show
1371701842341	98	4	318	click
1374101079786	150	305	212	show
1372305715828	2	707	344	show
1370989625682	120	466	389	click
1366806796809	114	656	379	show
1369454232270	17	559	158	show
1370106425728	19	792	479	show
1367191103591	77	341	229	click
1373315006179	70	399	266	show
1368838339627	123	446	320	click
1367107278287	70	802	311	click
1368621075378	132	339	449	show
1373192166592	31	398	202	click
1373019216352	28	911	360	click
1367792614708	47	719	89	click
1367464920345	60	345	210	show
1366570094047	58	532	363	show
1368793773655	138	707	288	show
1367571468199	148	600	463	show
1369709224607	2	988	482	click
1369545873885	60	337	369	click
1370122816296	34	130	200	show
1368919894086	88	813	459	click
1370358173334	99	602	129	show
1366343296085	83	912	297	click
1368173828469	119	568	398	show
1372542828790	71	319	255	click
1370935863040	45	211	264	click
1372368979885	90	734	52	click
1367284661228	110	121	192	click
1366945306017	97	667	206	click
1368589050028	26	882	386	click
1369503356581	71	298	8	click
1367255261294	120	263	57	show
1371310892638	113	968	304	click
1366909801706	91	629	184	show
1372630011517	87	577	106	click
1370870062880	13	597	338	click
1366808602322	2	167	56	click
1370792813272	52	428	282	show
1369387329534	95	158	270	show
1369557901884	6	614	53	click
1371044831889	129	486	278	show
1369959678027	131	454	455	show
1371174171699	37	930	49	click
1371816905017	19	719	17	click
1372070649114	100	82	458	click
1373786641076	128	742	456	click
1372578235680	79	317	321	show
1372457016440	11	759	216	click
1371374941105	130	838	446	click
1371382950804	12	205	247	show
1371195506651	60	262	274	show
1372920080150	69	148	350	show
1367537329726	75	271	113	click
1371236692401	41	142	158	show
1371891548291	137	703	77	click
1368506399487	87	898	363	show
1366964114227	36	89	376	click
1374058162898	87	176	400	click
1370165051722	2	625	325	show
1373697516564	92	743	195	show
1374081770611	96	948	206	show
1370851923951	126	149	20	click
1371134150674	15	576	492	show
1367463055929	128	463	260	show
1370180684670	22	702	394	show
1367273329875	99	581	353	show
1370600333366	127	67	226	show
1369732466344	45	255	66	show
1372339871932	22	776	393	show
1371039238334	76	822	161	click
1369095816766	85	790	121	show
1370233037447	90	74	102	click
1373325960432	102	253	133	click
1368825037565	97	592	228	click
1373157721324	68	503	309	show
1367944573599	118	388	52	click
1371731241277	90	247	416	show
1373154211801	96	370	457	click
1373206357449	134	223	26	click
1368818133078	149	19	265	show
1367405191235	18	316	371	show
1371490076638	145	229	37	show
1369706813432	78	138	450	show
1371431778939	31	826	306	click
1371759152530	69	97	31	click
1366766462410	105	679	94	click
1370152475622	117	300	157	show
1372864712835	11	304	459	show
1371580911764	9	154	207	click
1369203772269	137	202	406	show
1368221945360	72	513	109	show
1367677769058	132	809	162	show
1372659329671	16	197	294	show
1368334979920	41	79	269	click
1373607549970	138	955	136	click
1369624729662	74	917	103	click
1367061661107	59	527	452	show
1369577762943	33	607	484	click
1371304504576	77	235	159	show
1369953065060	57	262	132	click
1371253140339	50	647	79	show
1371225057032	35	120	371	show
1368017021115	114	931	339	show
1368757513710	39	40	395	click
1369333013647	76	292	219	click
1369356570787	57	718	400	show
1374029371122	100	143	337	show
1369663714912	112	993	449	show
1367585052018	89	276	121	click
1371012048392	33	592	78	click
1366549355666	130	233	305	show
1373713298427	107	625	441	click
1367116364321	142	771	91	click
1371990086710	140	553	28	click
1371595053890	7	899	492	show
1373238110049	92	489	444	show
1368208654685	9	544	379	show
1369474849457	98	408	84	show
1371972501465	54	183	291	show
1373797285047	82	275	220	click
1366855557255	135	677	410	show
1367327795031	87	425	457	click
1371505622724	59	999	58	show
1368710232761	134	830	75	click
1371636270566	26	779	210	show
1368739357197	81	725	459	show
1371056222841	52	469	285	show
1373741058560	9	566	195	show
1369716246129	88	480	476	show
1368511019418	2	905	427	click
1372706189933	147	155	399	click
1373661556019	100	80	149	click
1372186541085	47	831	87	click
1373098030422	52	735	47	click
1372017669871	20	460	214	show
1371709871096	18	241	180	show
1373211735211	46	648	337	show
1372551874982	16	358	14	click
1366687106786	108	987	443	click
1369877260273	5	693	320	click
1371686563190	74	408	55	show
1373969409034	142	961	137	click
1368602969604	111	810	66	click
1368468350183	7	988	299	show
1373736598074	51	699	135	show
1371888544643	48	711	76	show
1366452362537	132	374	195	show
1370912908169	45	510	457	click
1373985329256	114	243	234	show
1367490847227	41	900	16	show
1368785192543	84	871	302	show
1369944803684	41	131	177	show
1369624881810	33	835	229	click
1367428782672	122	35	196	click
1370016988308	126	992	377	click
1367243139764	104	42	11	click
1368498200478	88	218	468	show
1366477188616	13	602	170	show
1372641659920	27	588	424	show
1369613124367	101	344	315	click
1371632993270	94	261	448	click
1368326038719	85	59	101	click
1368793496834	1	611	247	show
1370447508590	19	939	213	show
1372188466536	122	12	34	show
1367662579712	14	358	358	show
1367510884619	1	306	386	show
1372195039146	55	58	388	show
1367163941062	40	533	168	show
1370646264045	86	812	6	click
1369575163002	93	126	453	click
1372800033426	18	834	58	show
1372215919451	41	363	409	show
1366808191634	29	71	91	show
1373801786830	79	608	59	show
1374184583514	47	517	324	show
1367353198715	104	405	139	click
1369648360932	38	298	469	show
1368587146363	120	946	306	click
1370330330094	119	89	266	click
1369604866675	31	699	60	click
1371586432507	95	615	431	click
1373688375580	30	463	93	show
1366863048970	143	202	496	click
1372704160599	85	187	380	show
1372255563313	8	791	75	show
1369399502549	117	955	49	click
1374193846230	13	400	112	click
1372888065825	69	240	114	click
1369212545377	114	394	399	click
1373812694658	51	687	366	show
1367922052918	62	548	186	click
1369348668213	106	57	33	click
1373670146029	4	541	359	show
1369718176821	130	628	460	show
1366749336634	91	140	79	click
1370422034184	86	616	200	click
1367901463652	7	865	100	click
1367035753576	40	443	477	click
1366709299089	22	562	333	click
1374176565971	95	984	189	show
1368543097301	67	256	405	show
1371986534811	75	946	473	show
1368883178297	47	335	245	click
1373449187004	109	926	14	show
1368074924459	130	817	154	click
1370122359574	116	741	113	click
1371172139687	150	412	357	show
1372561758049	27	320	222	show
1371451516008	46	31	496	click
1371503623523	18	741	242	click
1372824791709	55	111	215	click
1372181560178	62	505	236	show
1369853684070	86	334	6	show
1369793308293	134	484	445	click
1367058899498	75	842	219	click
1368780543978	79	871	86	click
1369095255845	120	377	278	click
1368189478013	21	992	336	show
1366893049184	95	469	111	show
1372706846956	55	849	309	show
1371665053769	50	169	114	click
1369905991174	126	101	214	show
1370306185147	20	751	12	show
1372276229664	45	98	136	show
1373546133898	16	698	497	show
1369554057723	122	148	222	show
1372849399969	33	971	2	show
1371771313285	125	215	57	click
1367582259645	47	595	100	show
1373298859251	35	64	242	show
1373727002987	114	891	396	show
1367862375222	78	908	433	click
1373187053208	64	379	116	click
1371310621071	76	400	350	show
1369390753671	94	103	125	show
1369338304595	124	702	115	show
1370394287186	111	197	383	click
1369472709837	120	804	296	show
1367700075920	119	181	473	show
1366569613595	104	27	364	show
1372471847545	59	760	255	click
1367092531867	33	969	16	click
1373373290012	20	599	191	click
1373474436880	19	304	274	show
1371824992968	121	739	21	show
1367237484771	119	705	347	click
1366703777274	8	848	270	click
1369539842271	113	158	367	show
1370105306271	147	811	139	click
1366674085482	150	1	193	show
1369696857278	96	439	338	show
1369347287201	43	629	275	click
1372958669096	141	27	243	click
1368186842379	107	461	436	show
1373389813534	24	186	187	show
1373084154865	27	852	380	show
1367322914779	9	535	346	click
1374122282531	71	193	290	show
1371985993168	14	862	415	show
1371122461069	25	575	490	click
1371024257136	81	305	434	click
1373891369624	66	279	134	show
1371771355864	8	768	271	click
1374082419000	111	651	13	show
1369552070535	46	787	197	show
1368700557935	88	437	495	click
1372685272184	109	477	149	show
1374072091929	5	351	340	show
1370534412605	116	218	137	show
1369627428686	99	374	443	click
1367212778339	110	59	104	show
1367423313920	28	968	193	click
1368822727215	34	80	320	click
1372571203042	148	760	194	show
1373217813095	55	836	1	show
1374030698465	23	594	315	click
1366905356712	96	959	406	show
1367971396396	41	321	96	show
1368603363087	32	8	370	show
1368651200795	136	114	106	show
1370360232939	81	87	388	show
1367669853367	130	271	297	click
1371176563074	6	979	166	show
1368565167669	47	279	193	click
1370159830056	5	429	158	show
1373619843076	150	279	420	show
1372175806527	136	473	392	click
1369823695081	109	844	184	click
1373815501625	105	457	407	click
1367361562826	123	75	334	show
1370064450657	29	769	216	click
1372122638612	1	34	488	show
1370934931804	98	41	45	click
1370505943084	18	275	183	show
1367591594721	88	358	249	show
1369320865100	120	515	452	click
1368227140111	123	879	370	click
1371810033163	30	850	401	show
1370285108375	72	69	268	click
1370075211156	88	257	459	click
1366470969888	134	454	192	show
1372420420551	23	836	63	show
1369234130349	116	654	110	show
1372599090456	90	642	223	click
1368705423945	125	521	21	click
1372573684971	110	61	433	click
1367280200602	69	686	402	show
1372294110340	76	221	27	show
1366351487377	33	339	461	show
1371367615213	129	756	281	click
1368812205517	36	431	408	click
1373808099369	127	281	30	show
1370495274983	33	425	336	show
1370915605942	145	741	128	show
1368677792294	29	523	32	click
1368088680770	101	900	444	show
1368402893807	130	396	246	click
1370522877923	108	769	185	show
1373399239522	49	442	10	show
1372156895119	143	545	124	click
1371451864773	35	525	494	click
1366568952334	87	678	298	show
1370196190016	82	780	75	click
1367651068291	108	357	314	click
1369657567287	26	679	190	click
1367886987252	16	160	48	click
1371457790520	31	250	332	click
1368753168382	65	906	357	show
1368884277145	89	482	296	click
1371800488871	108	914	158	click
1368097772908	124	939	399	show
1373582253138	34	450	401	click
1370192608295	84	153	404	show
1372349871820	133	13	322	show
1371378771795	124	333	190	show
1371251231822	2	51	160	show
1367048771191	7	76	217	click
1368875482369	41	500	35	show
1371148511783	65	757	390	show
1367408446482	68	950	187	click
1369546756958	126	690	233	click
1371525692752	21	369	393	show
1373778308501	78	567	227	show
1368705221473	143	555	315	show
1368482149756	85	81	347	show
1368339415478	108	557	386	click
1373889501589	58	969	225	click
1371773843152	45	192	63	click
1366832256272	53	303	415	click
1372898070970	64	148	212	click
1369133273150	130	832	296	click
1372686357985	17	42	277	click
1367917380285	15	998	381	show
1372888413446	87	967	110	show
1372482558234	95	720	476	show
1369419109359	118	343	155	click
1370027695283	64	373	5	click
1371481023558	111	495	298	click
1366868434344	109	282	469	click
1372361228092	52	727	92	click
1371964804282	139	726	211	click
1367763124620	42	672	116	click
1367698868194	47	565	386	show
1367872795944	148	925	402	click
1369854680108	24	24	83	click
1369418502234	130	449	76	show
1371016378676	25	717	156	click
1369519685982	56	487	444	click
1370357342627	118	724	495	click
1368327613739	129	711	396	click
1372721328693	142	431	162	show
1372628412436	47	465	304	show
1371458182833	135	645	7	show
1372341512121	110	272	356	click
1371817657035	96	105	76	show
1369408412267	140	197	83	click
1373970178364	52	615	106	show
1373254308178	71	272	432	show
1373270103856	52	874	304	click
1367436864330	96	839	47	click
1368104710065	67	883	440	click
1366562588281	109	318	240	show
1366869577437	117	82	328	show
1367323210926	73	978	445	show
1368898778961	24	127	243	click
1369979663247	36	709	27	show
1368581653321	62	393	331	show
1367737886490	93	579	134	show
1373882153318	97	381	441	click
1369471942292	2	412	435	click
1369312614413	10	864	251	show
1367557416340	80	910	163	click
1371165688842	43	947	164	click
1371379834965	82	617	53	show
1371770432982	59	129	259	click
1366527033838	139	609	335	show
1369148984145	135	924	406	show
1370622644573	146	519	72	click
1371402421975	115	405	163	click
1372350469143	90	423	214	click
1367076222437	7	512	22	show
1367627091124	29	954	486	click
1372798834718	88	199	307	show
1373691687321	84	935	87	show
1371560708780	55	834	139	show
1367114242994	121	308	432	show
1368863181181	42	20	82	show
1371197431941	79	410	141	click
1369369982340	80	383	69	click
1367381203404	100	624	191	click
1369864533756	42	154	325	show
1367714750705	18	310	288	click
1369099567107	10	719	455	show
1373549179337	77	909	353	click
1368384842385	20	873	493	show
1366448351121	4	374	302	click
1373252268858	107	39	125	show
1367858774939	125	793	445	click
1367218792338	52	280	353	click
1370104131923	17	143	230	show
1373547094250	106	480	233	click
1368771661227	15	316	453	show
1373642709347	74	517	138	show
1371497061755	69	793	94	click
1370156461417	19	70	291	click
1370115925428	83	583	346	click
1370772610644	115	598	471	show
1368564684508	146	889	278	show
1371755620691	141	390	475	show
1366618863016	124	290	494	show
1369899186700	35	310	415	click
1371053092799	107	516	480	click
1372002909994	27	370	395	show
1372786271133	79	131	474	click
1368217654680	48	319	132	click
1369380724636	114	277	7	show
1366610932278	141	40	60	click
1372353867983	33	745	161	show
1371518032236	10	794	358	click
1369752138605	111	491	304	show
1371732846726	64	253	295	click
1373215199422	13	800	32	click
1372444543187	81	994	116	show
1369895734031	93	613	356	click
1373256811650	68	272	282	click
1366879641824	11	539	468	show
1367218594600	52	492	451	show
1373426342929	81	402	480	click
1368669321191	39	984	62	show
1371544516228	87	629	298	click
1369561786267	126	487	200	show
1370532149111	150	486	145	click
1372004720770	103	304	457	click
1373698713410	147	802	468	show
1372444296431	45	11	396	show
1368675517201	12	699	389	click
1374123604887	48	2	430	click
1366659361579	124	217	478	click
1373112426181	149	23	263	click
1367563724414	30	387	428	click
1369141695882	56	953	12	show
1373137297186	25	593	13	click
1368689661690	121	730	251	click
1367713175340	22	713	387	show
1366863985667	142	619	355	click
1370498159205	111	598	133	click
1371412971057	27	759	150	show
1366856595353	95	248	461	click
1366796098398	70	41	169	click
1373504109591	43	708	75	click
1370956242316	45	641	159	show
1373762752876	72	715	77	click
1373929151413	140	280	435	click
1370912158531	46	639	396	click
1370036661400	28	366	62	click
1367919875695	103	281	367	show
1370685222636	109	617	225	show
1373269732230	131	630	500	click
1366412096374	47	407	264	show
1369531930626	20	523	37	show
1368503495291	105	611	231	show
1371501893161	34	555	338	show
1367565637358	102	624	130	show
1370757125575	102	621	417	click
1373043397510	77	232	227	show
1370876932700	6	76	248	show
1370536961410	110	834	466	show
1366993248441	149	399	247	show
1368949402872	12	739	383	click
1368136930011	30	819	238	click
1371289903208	61	860	431	click
1370871152394	56	819	248	show
1369553175382	111	290	183	click
1369571851319	11	358	323	show
1372202598845	107	146	363	click
1366720689955	35	351	11	click
1370907490830	44	222	61	show
1370805104169	114	911	241	click
1367107094765	36	566	466	click
1367212358425	121	283	215	show
1372505844985	115	266	267	click
1369992408641	35	724	492	show
1369864144297	124	369	350	click
1367376240449	136	57	419	show
1371814268401	56	723	55	click
1371254599870	123	373	79	click
1369244200226	86	456	307	show
1368042894882	32	29	182	click
1370045811514	42	231	299	click
1370568198259	137	114	184	show
1373033210173	124	714	389	show
1367710197608	40	615	39	click
1371390147509	70	474	53	show
1372895912372	139	523	438	show
1369037472055	11	541	212	click
1367077748137	105	445	474	show
1370309721416	130	967	348	show
1370205045682	92	787	199	show
1371255404992	63	914	17	show
1371947821696	7	578	102	click
1372521201533	64	927	388	show
1367920192738	97	307	241	show
1366957867634	82	913	31	click
1371283900768	94	273	387	show
1367686199791	87	373	18	show
1370051889172	18	243	225	click
1370160050362	73	657	447	click
1368082423050	90	599	278	click
1366355126633	45	966	499	show
1372909568795	86	924	169	show
1371458706364	5	889	88	click
1368116963504	68	144	173	show
1367530844840	36	617	497	click
1370374961695	91	226	430	click
1371274291353	57	968	229	show
1367217434877	148	929	176	click
1373524224987	125	393	61	click
1366575575500	75	456	394	click
1371849746907	117	764	58	click
1366414890639	3	300	103	click
1374171208328	98	759	96	show
1372053025614	100	466	265	click
1367463221367	101	129	382	click
1367133204759	149	91	231	click
1372208505031	121	322	101	show
1373811868784	77	143	409	click
1372166096114	137	259	206	show
1369736787481	93	158	313	click
1372916757591	119	605	225	click
1369731384581	66	686	39	click
1371233703926	29	95	386	click
1370175668187	83	664	429	click
1373362906503	114	12	165	show
1369083906791	78	929	86	click
1370224898531	143	72	362	click
1372121111959	56	75	115	click
1368967957166	110	176	25	click
1373104456427	32	327	34	show
1368325472203	10	495	79	click
1371647252972	42	605	495	click
1367127569327	28	966	184	click
1368955528682	94	525	69	show
1370995655734	130	713	185	show
1370789638525	132	723	449	click
1370829779197	132	920	472	show
1367310975045	99	506	53	show
1372806188547	130	311	273	show
1373738111736	118	283	251	show
1372687085815	84	611	398	click
1368992414208	138	665	344	click
1371494209346	42	742	171	show
1371712936126	135	817	454	show
1372278796849	35	523	344	show
1368974743641	19	886	166	show
1372351580224	90	700	357	click
1373883739088	87	812	441	click
1368423753778	128	524	130	click
1367612436915	67	18	326	show
1372637118413	39	115	366	show
1367958462908	45	994	200	click
1372491489166	97	948	229	show
1367629093574	59	375	96	click
1367851263141	82	108	38	show
1372703485364	125	283	288	click
1370522520946	3	491	458	click
1369372963874	18	945	456	click
1371973934825	5	393	59	show
1367210736894	70	114	32	show
1371211198831	31	250	75	show
1370982473789	39	898	286	click
1372503196454	116	273	496	show
1370466763271	72	668	412	show
1367072440063	81	906	279	show
1370670693589	131	913	150	click
1370324009446	111	269	206	show
1366908922151	78	517	352	show
1372172109103	122	187	34	click
1369373138834	86	382	124	click
1371160529905	117	86	398	click
1367060659167	5	750	242	click
1370848894081	103	566	272	click
1367153033672	118	888	169	show
1369097520595	94	727	313	click
1369360918583	91	682	398	show
1370635680923	64	911	316	click
1368818230706	53	409	374	show
1369325925517	148	449	481	show
1373327254265	29	159	130	show
1367804233888	34	710	179	show
1366671268252	93	53	458	click
1370939243619	76	586	138	show
1372249194940	28	512	165	click
1372436766561	52	728	380	show
1372766504927	31	813	189	click
1370521248203	22	164	89	click
1368197304833	112	199	134	click
1372969653817	58	856	310	click
1371613193873	45	471	397	show
1372102611157	126	788	423	click
1372985974842	141	950	86	click
1367131596944	35	513	381	click
1369176309174	37	45	470	click
1366553117964	148	427	99	show
1368366891827	85	741	316	click
1372693440640	59	227	313	show
1373641256778	146	998	53	show
1371565989205	7	770	123	click
1369965603319	93	222	185	show
1369457800811	57	715	306	show
1372654890031	92	864	108	show
1369845696716	46	150	6	click
1367666756632	62	413	125	show
1367239225136	42	14	190	click
1370485516229	109	634	171	show
1373815285049	2	897	418	click
1372474303223	12	848	229	show
1373987888439	49	902	104	show
1369237335079	80	619	160	show
1373394571003	16	12	75	show
1367040224889	7	534	91	show
1366697242789	99	88	362	show
1373299022223	129	613	85	click
1366728518811	149	226	365	click
1370042632793	103	53	83	show
1373991001117	96	111	287	click
1371743614722	89	627	338	show
1369996151985	105	825	247	show
1371128630779	91	596	217	show
1371996438459	15	513	261	show
1373297704550	74	959	272	show
1373784243624	68	907	143	show
1369677300156	59	537	76	show
1371280721571	126	422	151	show
1370009886697	21	594	4	show
1369456868662	115	589	363	show
1372429503261	74	61	241	show
1369821753929	64	539	409	show
1373331348118	85	218	348	show
1372493570927	50	490	180	click
1370193862215	36	680	191	click
1370683248675	19	466	307	show
1373451702646	14	157	178	show
1368356465531	79	664	423	show
1367715763996	19	208	16	click
1369173551463	19	361	307	click
1368388564490	134	130	111	click
1371387185104	124	708	137	show
1374000223760	4	226	296	click
1368558571588	103	439	484	click
1371792214182	50	375	177	click
1369508788874	32	545	40	click
1366831129458	97	581	190	click
1368482839594	53	650	34	click
1370105748126	69	988	11	show
1368306491342	150	113	52	show
1369442452199	84	983	129	click
1372555894707	149	172	23	show
1367334472215	113	580	441	show
1371714116389	40	268	437	click
1373287111229	141	875	378	show
1370128816277	7	751	167	show
1374099343068	95	511	50	show
1366509430697	116	312	236	show
1370069228863	81	71	471	click
1373008870172	12	195	112	show
1369490352341	113	410	228	show
1368471927938	144	294	359	show
1371371509418	53	234	400	show
1373373553448	17	575	195	click
1368965621487	120	39	355	show
1370956611674	110	64	256	click
1373870342073	20	867	218	show
1371820039697	103	576	234	click
1371387349199	108	20	228	click
1373657052643	66	32	11	show
1368804254284	119	189	283	show
1369518188146	120	3	292	show
1370715510463	27	627	208	show
1370002022627	89	622	276	show
1367890104112	49	188	354	show
1372766023262	95	163	389	click
1372315192928	57	992	237	click
1370968759032	2	456	365	show
1369834492164	130	655	198	show
1368316126127	38	185	186	click
1366717684435	143	688	69	show
1372972511642	122	787	145	click
1373761201622	10	615	232	show
1370552791487	122	360	77	click
1371121625485	113	643	261	click
1367642835708	55	160	16	show
1367611218592	129	888	493	show
1368965310064	15	500	262	click
1366473664035	55	393	457	show
1367133315718	136	808	90	show
1367630827004	5	585	278	show
1373584352512	27	879	287	show
1372800041748	104	80	206	click
1370319888535	127	520	447	click
1369081876688	11	781	81	show
1373061691092	80	594	229	click
1371645683931	27	5	217	click
1367801345819	80	834	275	show
1370973011203	58	323	320	click
1371709561943	39	362	430	click
1373767187001	80	481	64	click
1369370663740	25	326	206	click
1367207760690	126	139	183	click
1371640614110	141	30	401	click
1367472325958	51	392	56	show
1370688114905	42	703	152	show
1371111042637	89	655	178	show
1374095794930	123	319	399	click
1374112930888	9	534	152	click
1367604588080	119	77	151	click
1366439913084	61	573	286	click
1367446071237	120	80	395	click
1369800961396	101	181	493	show
1368917565910	71	716	52	click
1368491009196	30	1000	113	show
1369031037768	126	162	213	click
1373303194754	41	25	27	show
1374127235455	63	919	357	click
1367778897932	28	684	365	show
1374048350461	2	773	34	click
1372911130958	31	482	162	show
1367617680639	109	210	422	click
1372916988409	106	527	137	click
1372638324578	85	15	301	click
1372195203415	97	739	105	click
1370973220732	86	496	467	click
1369739262741	115	28	167	show
1370821787179	112	319	392	show
1368120298860	146	838	43	click
1372222089861	112	77	266	click
1369237079078	52	103	169	show
1372438905771	29	604	277	click
1370833197502	29	637	128	show
1368639606806	113	843	402	click
1370101660810	52	326	359	show
1371952214225	7	143	102	click
1370913317683	107	402	324	click
1370897082717	41	9	485	click
1366522896840	61	981	132	click
1371744085585	145	116	494	click
1369620296973	89	104	430	show
1367658052345	103	191	180	click
1367797510485	110	554	20	click
1369426568254	7	217	473	click
1369934254184	127	115	260	click
1373558728019	144	268	377	show
1372886990429	123	628	376	click
1372700422993	48	686	180	click
1371331024326	43	676	199	click
1371792980429	142	801	154	show
1371208925962	144	711	300	show
1372542019392	101	171	402	click
1367733539933	97	223	282	click
1366573235489	119	978	403	show
1372362110300	121	123	232	click
1367944990028	7	862	186	show
1372182838736	136	709	173	click
1368558070623	117	8	337	show
1370407092054	3	906	144	show
1370666535965	150	761	413	show
1368509070135	32	330	416	click
1371545753808	63	54	474	click
1366856163375	137	200	5	show
1373661739887	55	486	437	click
1367118927512	110	144	192	show
1367536714257	127	42	258	click
1373280587512	42	317	379	show
1374131267015	24	378	64	show
1367830506209	134	883	138	show
1373217675226	39	86	400	click
1370928604528	107	761	282	click
1369582310197	84	815	222	click
1373261832913	131	295	465	click
1366425152111	61	565	441	click
1368204923786	3	879	461	show
1371801506513	99	971	355	show
1370205734730	71	250	367	click
1372683741157	98	910	193	click
1367102247733	120	395	345	click
1369292605230	121	982	56	show
1372183301380	96	558	12	show
1372308143124	140	634	452	click
1373753894521	125	268	122	show
1367542051733	47	324	342	show
1370027035597	97	194	25	click
1367624306191	1	901	185	click
1368206686524	51	446	109	click
1367586862383	40	651	191	show
1373924393483	146	900	432	click
1370994229948	81	975	201	click
1373134782837	52	525	344	click
1371784488350	124	52	339	click
1370991739989	119	214	434	click
1371637859463	17	868	13	click
1368115166592	18	496	185	click
1373087597050	102	437	94	show
1368365854152	35	189	5	show
1370189258084	116	465	480	click
1373790540054	17	649	56	show
1368082294917	99	251	192	click
1370635891344	95	519	80	show
1367820722798	130	887	413	show
1367572788128	27	52	476	click
1372624209485	137	245	29	show
1371738986293	147	701	149	show
1368583058403	22	665	15	click
1369646085773	119	52	349	show
1372573521953	112	394	29	show
1367568666613	138	942	93	show
1368708429879	108	14	59	click
1367547174340	93	286	104	show
1367395775054	100	2	432	show
1367878987101	89	890	431	click
1372745883468	132	140	164	show
1366864996000	59	304	256	click
1368734434491	92	508	285	click
1366782115993	43	641	230	click
1371305764679	15	505	483	show
1371442062375	15	360	216	click
1370933438917	8	106	291	show
1370448418733	106	954	283	click
1369735606781	99	179	315	show
1367949630503	117	331	452	show
1368612190223	74	625	107	click
1373354985062	5	988	376	show
1368023016451	101	509	191	click
1368908477215	106	950	144	click
1373540805273	144	342	162	click
1373367539092	129	86	69	click
1370793687168	126	154	453	show
1370063632516	90	504	370	click
1368006820803	31	101	116	show
1373255358653	99	391	102	click
1368559480710	63	33	480	click
1373475520493	72	595	470	click
1371129297387	33	338	451	click
1367039254894	115	502	179	show
1366620430069	77	884	425	show
1372694849859	60	498	232	show
1371661985913	24	823	255	click
1367147344305	81	342	392	show
1371687468900	120	784	311	show
1370020198374	99	518	45	show
1366449482667	17	320	233	click
1367774519989	87	727	417	show
1366627851605	88	198	434	show
1371798542736	50	811	212	show
1370251076919	138	209	21	show
1368772267090	144	705	195	show
1369599343849	28	342	465	click
1373312245412	118	287	99	click
1367464848932	72	7	365	click
1366985658234	98	722	377	show
1370344987298	41	679	246	show
1372313280343	61	82	125	click
1373431818452	52	74	431	show
1368567254434	130	347	40	click
1371046200095	121	548	190	click
1369121946615	112	469	216	click
1366439860588	53	303	412	show
1371248483108	44	478	290	click
1370732186169	137	826	225	show
1369026699148	91	730	274	show
1370414264975	6	643	196	show
1367532046065	133	770	411	click
1371020310525	148	477	151	show
1371296175951	112	828	297	click
1368298275736	145	532	432	click
1367076800231	99	873	323	click
1374087569084	123	529	292	click
1372662343707	30	566	161	show
1366983661432	84	788	368	show
1371372646207	86	156	236	click
1374063410431	45	616	225	show
1369350590417	123	278	484	show
1367132385819	56	165	290	show
1368193059090	47	898	228	click
1371346877661	10	59	215	click
1373505268709	62	808	410	click
1370506707865	19	704	222	click
1372215777149	34	393	392	click
1369527664572	78	735	475	click
1372520547350	80	579	349	show
1368044207258	103	188	462	show
1372777845665	60	206	88	click
1367747222724	41	967	242	show
1367803633864	94	903	133	click
1367621661041	95	193	22	show
1371093275142	106	32	450	click
1373876713118	123	108	469	show
1371440259143	47	170	173	click
1368705610800	101	943	98	click
1370728616063	7	83	340	show
1373996253256	1	479	199	click
1369315441767	74	309	5	show
1370664237792	116	783	24	click
1367213317322	82	511	404	show
1367385486721	136	238	316	show
1373906966291	73	538	255	click
1366500640504	47	567	276	click
1369478877522	78	642	165	show
1367971740888	104	514	62	show
1374089563968	126	962	479	click
1370833473907	115	46	220	show
1373248765041	51	83	430	show
1373274178672	29	782	24	click
1369308429967	100	577	146	show
1366910169262	150	152	280	show
1369709941145	143	763	342	click
1366528686174	39	931	23	show
1367685963929	5	923	61	click
1370863182838	58	775	448	click
1372876040511	111	946	169	click
1371564075283	132	290	352	click
1372663278078	115	30	410	show
1372905478501	135	722	72	show
1368636884182	111	681	337	click
1373700123032	125	117	120	show
1372674362690	48	932	413	show
1367564552214	25	449	178	click
1372599225337	37	666	155	click
1371101507341	140	7	328	show
1368882808497	16	544	41	show
1368876856972	68	211	367	click
1368686750976	125	210	469	show
1367063737345	24	914	196	show
1372602671878	116	988	98	show
1369081586453	5	529	246	click
1371772471225	93	406	41	show
1370075210629	61	593	264	click
1371703509596	52	309	137	click
1369516292010	121	895	397	click
1369371682898	102	115	410	show
1366515016382	55	304	418	click
1369594656215	122	156	334	show
1369533128622	65	650	211	show
1367933616324	104	697	154	show
1366454823679	50	972	156	show
1369994808550	150	818	447	click
1367534334210	32	492	348	show
1367532188232	76	464	247	show
1367767803798	145	873	265	show
1369923915198	104	58	413	click
1371336678677	132	971	103	click
1371784324902	94	832	390	click
1373953373716	96	174	444	show
1368927519827	32	499	5	click
1367560640733	136	282	88	show
1368647929904	49	605	252	show
1372580034926	16	392	81	show
1369250428654	148	875	293	show
1369804289031	71	172	290	click
1367713399231	80	593	164	show
1367520191550	90	77	40	show
1366406470401	115	102	169	click
1367829059237	49	800	155	show
1371868701674	147	438	274	show
1373068664795	131	26	117	click
1371299419053	136	343	307	click
1366563962540	1	448	299	show
1366811027154	44	395	146	click
1369074557453	136	931	92	show
1366516659681	100	298	408	show
1372068050441	122	94	230	click
1366909406371	97	236	360	show
1372633323805	4	588	107	click
1366628187598	107	339	211	click
1366909707716	133	635	316	show
1367835295283	74	481	429	click
1372964649599	45	327	454	click
1372457465553	35	685	189	show
1368598945475	39	212	67	show
1372646968666	19	719	434	show
1370858895113	14	645	399	click
1370364255512	105	607	98	show
1370972850322	12	94	479	show
1371365727702	59	539	4	click
1370887805474	28	628	321	click
1371655182229	108	214	214	click
1370812942084	101	855	174	show
1372498838182	4	745	277	show
1368062680100	66	739	116	click
1366476342618	47	727	223	click
1367034209184	144	104	289	click
1366880476476	41	245	101	show
1374021071802	30	835	375	click
1373054890980	127	215	217	show
1366666230827	22	955	394	click
1373477107745	47	683	216	show
1368057747400	132	158	432	show
1369197874693	91	765	191	click
1372995697416	45	129	473	click
1371663789906	83	279	41	click
1373156419503	136	894	142	show
1373549150304	88	18	197	show
1371792722548	52	718	407	click
1369120836649	111	981	336	show
1372390879098	128	990	34	show
1369638437760	77	434	141	click
1373885429464	121	551	318	show
1372429860184	114	699	397	click
1369035820330	148	109	490	click
1371814494295	44	162	312	show
1368353970533	141	7	248	click
1371472435124	41	654	464	show
1368156524367	77	298	60	click
1370557065981	127	352	411	show
1371555889503	148	735	358	click
1367756205305	101	180	213	show
1370241100402	46	674	228	show
1368800465861	125	461	335	click
1371098168664	55	777	395	show
1368101701434	22	628	20	click
1369814155523	27	253	134	show
1370683261002	81	330	28	show
1369011186051	144	184	170	show
1368378436641	65	621	38	show
1374161745245	11	791	327	click
1373154816724	6	38	291	show
1368005746559	145	497	80	show
1369048844778	104	779	149	show
1369066656683	26	434	370	show
1368049663699	149	701	178	show
1371438941876	52	611	21	click
1372451498158	43	485	387	show
1374163378659	116	222	62	click
1370661552038	103	982	435	show
1372349969177	47	396	51	click
1368484583818	62	736	465	show
1367096360282	24	600	335	show
1372681692843	85	989	15	click
1371589070294	69	45	467	show
1372482493125	78	738	414	click
1373526550075	25	283	478	click
1367337246812	142	407	471	show
1369013798245	142	900	366	click
1372206633035	140	423	374	click
1374079384749	136	914	16	show
1371651200580	101	153	215	click
1367199415168	45	70	61	click
1367480193966	45	314	294	click
1370804780794	31	200	311	show
1373961752214	131	189	123	show
1372522813492	50	916	55	click
1370775226457	109	902	189	click
1371921166689	108	144	291	show
1368618721128	73	432	2	show
1368396439118	8	931	27	show
1372754064930	149	487	120	click
1367718655559	112	599	122	show
1371004670216	88	182	353	show
1371358355463	27	747	183	click
1369311461713	150	812	252	click
1371585769681	3	92	237	show
1367447208001	31	791	72	show
1368882005345	77	628	226	show
1370412009279	21	641	176	click
1372919508163	58	83	169	show
1369510267734	96	549	343	click
1367040362257	83	42	306	show
1370052754688	109	303	3	show
1372644927182	83	810	245	show
1372739622560	72	145	447	show
1369766732408	35	160	54	click
1367229720710	89	436	341	show
1366777404083	43	716	393	show
1372041029186	51	517	446	show
1372270802763	33	362	48	click
1373320900373	40	614	17	show
1369828760606	141	864	310	show
1370690608989	82	834	391	show
1370335099069	47	929	457	click
1366809736957	24	622	261	click
1367152283025	35	509	7	click
1374119650368	62	133	468	click
1371488981351	7	448	260	click
1373280127857	117	279	29	click
1370271201480	102	959	349	show
1372412630415	5	532	388	show
1370662714167	19	858	76	show
1374154412676	1	401	12	show
1372909903238	47	153	359	click
1369988483231	115	615	194	click
1366822912789	98	650	132	click
1367783930784	20	52	1	click
1367900075105	95	810	259	click
1369984303104	116	68	340	click
1374171152916	99	179	114	click
1366608578496	110	166	445	click
1372943860126	104	676	323	show
1372358620855	125	799	185	show
1369505312131	124	145	205	show
1366975363808	137	454	278	show
1373130749397	47	694	1	click
1368411640219	43	572	301	click
1369736336169	4	405	54	show
1369890331063	61	887	375	show
1372281629511	81	25	378	show
1369892739916	15	45	419	click
1371546529410	47	79	212	click
1373793969033	89	224	191	show
1372625047010	119	615	209	show
1370667602780	135	253	73	click
1368186565630	82	844	353	show
1369936164776	147	647	212	click
1367642992699	69	91	430	show
1366705502012	132	301	93	click
1366834202024	58	137	232	click
1366682774764	69	105	63	show
1370655017716	13	382	125	click
1369570475144	116	599	386	show
1368245653102	8	4	376	show
1367982705054	99	244	436	click
1370168109773	66	577	43	click
1369879245620	100	622	436	show
1371942304674	96	93	405	click
1373430033014	76	52	421	show
1368438673227	76	692	23	show
1371055499407	126	239	254	click
1373275152283	11	653	169	show
1371400330402	9	536	288	show
1369286595811	141	479	334	click
1372802302613	84	225	328	click
1368318913986	113	37	383	click
1372301667395	24	642	423	show
1367544140756	122	932	354	click
1372073789389	71	243	319	show
1372897587842	61	47	184	click
1370823341706	105	260	457	show
1369958337475	68	390	106	click
1372924880427	89	984	76	show
1369253322492	75	511	62	click
1370555257596	114	397	190	show
1369691369661	63	663	423	click
1373183827551	59	559	221	show
1370577927242	89	633	491	click
1369255629873	10	718	382	click
1370460552373	4	662	32	click
1369865512390	70	313	215	show
1366389767980	16	940	236	show
1366387290356	54	778	307	click
1370868528659	96	652	56	click
1366876698450	79	933	53	click
1372737372323	149	3	216	show
1368743185945	11	458	243	click
1369101112165	45	167	194	show
1374198399709	125	23	179	click
1367227158860	84	190	289	show
1366475929097	140	632	26	show
1366896452174	9	482	347	show
1372478118731	60	678	21	click
1373098438187	87	553	371	click
1369620361635	5	518	172	click
1369697990052	82	643	25	show
1367859273331	146	473	71	click
1368849205800	77	242	416	click
1373419389363	31	349	283	show
1372155933723	124	841	404	show
1372221711202	67	796	149	show
1371472418757	89	433	291	show
1371309670682	127	636	467	click
1369363505162	11	864	432	show
1372907772797	22	523	381	click
1373507774868	133	638	350	show
1368547988779	47	5	321	click
1368261190342	143	551	390	show
1366965243298	25	942	132	show
1368542735948	9	838	242	click
1373019201167	25	651	254	click
1369738341570	16	64	55	show
1367745628450	83	472	110	click
1372024730533	59	67	114	show
1368553255605	115	841	96	show
1367098238925	3	391	118	click
1371862055617	88	683	283	click
1373798966460	121	783	166	show
1373883288386	49	661	123	show
1369988333423	96	847	7	click
1372833252200	58	867	343	click
1372965812141	12	604	442	click
1369675934540	35	307	353	show
1372760888069	120	590	414	show
1369725052715	119	160	371	click
1373795518984	23	107	238	show
1369500793087	85	788	493	click
1371575876519	124	342	209	click
1371370123096	122	65	4	click
1372689954145	129	669	500	show
1373750574107	70	617	195	click
1372349671411	29	624	483	show
1367212206849	85	787	217	click
1366638088125	117	387	266	show
1372937106927	35	900	103	show
1371336063806	108	259	147	show
1373523814034	11	836	187	click
1368870333339	62	126	439	show
1368419509268	118	665	135	click
1371892082232	53	785	88	show
1366470851333	138	609	83	show
1367032400305	57	502	292	click
1367682902875	108	256	50	click
1369702594795	14	643	8	show
1370687184001	40	346	74	show
1373881722186	104	644	304	click
1371494749535	142	843	345	click
1367470331201	84	596	29	show
1374015664579	58	900	65	show
1372979918429	12	165	357	show
1372533934999	72	639	379	show
1367973546085	148	48	56	show
1371665594859	8	629	353	show
1366498813467	79	818	409	show
1372324887061	90	124	101	show
1372003922465	67	856	226	click
1366645871419	84	864	320	show
1371262776618	85	246	151	click
1366697415634	56	268	160	click
1368659946060	53	131	240	click
1373500859913	13	879	164	show
1367308203686	1	504	176	click
1373791154834	73	534	151	show
1370808369339	24	482	197	click
1370487867521	109	240	14	click
1366522167903	21	502	445	show
1367852957202	139	154	161	click
1368992080377	96	722	140	click
1367152913835	116	869	316	click
1368860106495	37	430	202	show
1369279290517	6	267	41	show
1366924086532	3	293	64	show
1371535968396	134	742	430	click
1373155964552	70	728	65	show
1368502331326	2	394	271	click
1373949786811	41	77	130	show
1369127779097	32	978	272	click
1371417050570	2	667	21	show
1370707194575	110	250	347	click
1372164382575	7	426	191	show
1371359509347	53	206	179	click
1368681685794	123	70	417	click
1373935611760	97	802	265	show
1371434323648	16	161	438	show
1367316777734	65	778	134	show
1372356279633	129	177	265	show
1373446768740	130	379	125	click
1368672475650	135	185	169	show
1374055516993	146	503	4	click
1370238544417	34	401	143	click
1372566588236	45	565	178	show
1371336363994	101	979	2	click
1373624956246	149	704	208	show
1371783360090	61	976	36	click
1366841588551	22	766	23	click
1369468223279	108	382	474	click
1368179666558	35	28	173	show
1370850345801	35	380	468	click
1369287611944	142	703	290	show
1369416887686	84	653	279	show
1370542311324	135	983	49	show
1373656683672	105	655	58	show
1373417519436	18	861	226	click
1368068129595	141	529	394	click
1366890395492	79	508	300	show
1369326384079	125	535	79	click
1371751617979	45	743	386	click
1368997841073	82	545	235	show
1369841241513	141	770	380	click
1372960749960	84	116	202	show
1367145772153	16	685	388	show
1373328088594	104	729	116	show
1368720649121	147	385	171	show
1371291984160	5	645	257	show
1373205720840	57	543	436	click
1369811192743	97	487	435	click
1372258654032	33	899	499	show
1368863207183	73	754	360	click
1371334260014	35	258	117	click
1373723821018	73	836	421	click
1366489433075	141	410	231	click
1367811106940	91	178	143	show
1368183965104	146	672	338	click
1371107993266	139	819	435	show
1372229528860	73	136	196	show
1370261195473	131	930	5	show
1373872100052	128	120	84	click
1369556084765	111	142	163	click
1366827072374	148	327	186	click
1372375667714	38	749	30	click
1370664018047	57	673	72	click
1367115018352	123	499	454	show
1371933715427	51	126	348	click
1371346343452	1	19	399	show
1373383704221	59	398	212	show
1369730605330	117	9	75	show
1372026866092	80	666	210	show
1371940599545	36	331	196	show
1372637207272	133	843	148	show
1367353035639	32	298	206	show
1369319175985	45	957	379	click
1372802487134	43	848	396	click
1371226674231	114	592	324	click
1372950522882	140	268	361	click
1374139988701	98	907	462	click
1372994133837	76	660	381	show
1367010028673	98	851	435	show
1372633181880	21	736	207	click
1369119578310	6	412	10	show
1372817880064	137	13	5	click
1373740619119	98	373	39	click
1373668338635	22	492	19	show
1369057217558	72	441	144	show
1369603346051	137	825	11	show
1373444122805	7	205	308	click
1366917204987	56	12	309	click
1373111394620	25	145	134	click
1373800607561	124	517	336	show
1371505212362	4	205	227	click
1367057339789	137	240	148	show
1370180548730	42	291	328	click
1369839363142	59	451	105	click
1366808213970	17	611	360	click
1370442032822	63	183	80	show
1370647474930	105	900	441	click
1367411623630	40	832	385	click
1366544310037	40	608	381	show
1368182276211	42	287	425	show
1370469781842	33	648	338	click
1367030752107	88	677	246	show
1370360372959	148	318	422	show
1367431705732	71	477	372	show
1373341274190	136	436	326	show
1366786358974	33	863	374	show
1368258825414	115	772	12	click
1367328348825	96	897	138	click
1368912512092	127	380	414	show
1366915699625	54	963	53	click
1369538801156	40	738	216	show
1371277800368	67	225	283	click
1367370178948	134	425	234	click
1372625487132	18	817	141	show
1370722783158	15	817	405	click
1370486232334	96	703	153	click
1370443839168	96	526	482	show
1367673087172	77	589	429	click
1367775703764	117	625	175	click
1370708227153	113	43	443	click
1368021527234	4	308	104	click
1368652988593	123	27	289	click
1370920982518	47	5	482	click
1370335403502	38	942	3	click
1373844651173	42	964	166	show
1370025173026	126	709	393	show
1367460236554	37	341	121	show
1373196442866	127	61	82	click
1369405927476	40	609	354	show
1369801791827	54	360	318	show
1370655026808	41	187	179	show
1368210660477	95	123	85	show
1369073482525	5	180	387	show
1367790383645	114	710	96	show
1368459491565	25	759	497	click
1369618213954	54	477	454	click
1367366239325	12	737	492	show
1371985767421	73	991	308	show
1366902224425	139	373	147	show
1368287453489	39	805	185	click
1367247104121	148	963	157	click
1366467128016	57	509	245	click
1374182109622	5	404	382	show
1373726351688	23	343	460	click
1370231916390	18	310	281	click
1372744927228	108	174	313	show
1369182084704	25	553	87	show
1371134083479	16	68	257	show
1367762277713	72	142	117	click
1366784044413	123	610	474	click
1370618358153	87	453	460	click
1368254041336	35	155	164	show
1371073419101	26	610	110	click
1369263835598	27	416	232	click
1368232159096	40	142	4	click
1373836349024	120	241	235	show
1369449092765	120	338	4	click
1374127449384	14	437	29	click
1371416756227	77	437	62	click
1373186745473	46	109	345	click
1370363778365	77	154	40	click
1369162940870	37	539	326	show
1370959139159	56	764	412	click
1371645292665	42	131	474	show
1368871531679	71	393	445	click
1371480127223	98	171	485	click
1368007316039	107	894	145	click
1372451470380	148	403	310	show
1367249922936	143	527	449	click
1367904354570	80	355	399	show
1368043500129	12	387	418	show
1371543075787	29	78	233	show
1370247837599	46	596	42	show
1372611114507	115	593	239	click
1373749785902	119	874	181	show
1368115124213	20	710	342	click
1370131838668	79	939	258	show
1369485056589	142	111	208	show
1368947296790	131	738	143	click
1371902328838	28	19	325	click
1368633406548	86	369	267	show
1372559356429	132	140	165	show
1373007768389	17	759	61	click
1373126174446	77	660	166	click
1371805519205	115	648	221	click
1368769633940	15	410	99	show
1371920711398	125	826	235	click
1370424327004	100	893	255	show
1368299967283	141	522	125	show
1372891595016	118	152	460	click
1368667080976	119	847	106	click
1368694439039	83	133	169	click
1368884393979	118	802	352	click
1371120580166	138	658	408	show
1366502901231	117	729	328	show
1366902525777	69	21	9	click
1372553841897	59	322	175	click
1370454442566	92	316	192	show
1366395459540	45	841	433	click
1370517527277	131	244	497	click
1373641203420	90	70	80	show
1374006269893	60	78	50	show
1373697283525	38	966	121	click
1372780869670	74	11	157	show
1373159550426	40	25	385	click
1368155814447	24	633	216	show
1373904228129	111	982	379	show
1367063189193	124	705	56	show
1369705752869	71	278	374	show
1366856497810	5	263	459	show
1369322191339	116	995	84	click
1372106971101	112	677	346	show
1368976492697	32	25	69	click
1372279484826	97	725	167	show
1372846384866	22	954	243	click
1367556163036	115	300	345	show
1370211861854	27	873	263	show
1368679920107	101	635	440	show
1367529495344	76	774	364	click
1366643005698	81	593	205	click
1373677144975	23	999	25	click
1368585444543	71	895	478	click
1366625822434	10	804	338	show
1368813926623	3	427	303	show
1370717412172	82	783	84	show
1370518468998	120	872	115	show
1371863819561	83	622	267	show
1372223213415	41	11	400	show
1368224034702	28	617	178	show
1373532046982	105	955	360	click
1366483173862	88	782	69	show
1373673674765	111	261	82	show
1367427284240	17	407	163	click
1367396622393	93	955	106	show
1372910841645	145	547	331	show
1367033737835	91	546	48	click
1371899142174	91	857	251	click
1369347965966	79	560	277	click
1366900829650	36	929	405	show
1369186733146	34	134	309	click
1371284442146	15	309	408	show
1369181244406	8	622	58	show
1367295759147	148	599	215	click
1370546443762	90	566	347	click
1367969352584	31	226	186	show
1367258415591	43	153	177	show
1373099107796	122	823	220	click
1366388361770	56	899	79	show
1369513048217	130	428	418	click
1372144311444	72	484	392	click
1367759434558	28	261	491	click
1371141411062	149	84	442	click
1368061448206	72	290	433	show
1367034376315	98	805	111	click
1369090790307	118	728	408	show
1367312281630	43	524	304	click
1373729189782	92	615	23	click
1367391947809	37	42	370	show
1370204757997	25	963	192	click
1368408394625	134	548	474	click
1367655941475	107	210	26	show
1367338564832	125	933	355	click
1368852852365	99	467	220	click
1370389645750	124	217	39	show
1373353942227	15	711	251	show
1371276047910	50	260	230	click
1372701295426	141	880	364	show
1368822086389	127	761	493	show
1371353474908	143	120	121	click
1368379219117	51	583	38	show
1374179717567	107	840	131	show
1366999767419	120	895	16	show
1369780051875	54	145	462	click
1367619211824	115	999	194	show
1373576019506	127	499	112	click
1372375780417	41	488	319	click
1371895532540	123	526	226	click
1372249133116	60	21	295	show
1370935854799	15	394	429	show
1372106168656	94	123	306	click
1367412268266	78	601	450	click
1370549586429	60	275	156	click
1370238469780	47	905	98	click
1368945909790	121	663	35	click
1370145163278	91	292	341	show
1367655647491	1	243	334	click
1369425177537	114	645	71	click
1368977608917	53	882	234	show
1370884774442	22	526	29	click
1371960451093	84	111	272	show
1366920630748	137	448	99	click
1366605230157	84	710	183	click
1372913001238	131	76	80	click
1373007717112	138	524	419	click
1368294129651	93	973	31	show
1372369248954	55	758	109	click
1368746845694	69	146	62	show
1369940678641	40	54	137	click
1369572718128	96	990	437	show
1370042675649	132	363	205	show
1366442452163	131	324	105	show
1372879377614	148	361	303	click
1369267239011	133	666	233	click
1368547138712	76	165	362	click
1372569990228	33	562	460	click
1373061712228	72	519	253	show
1370396063136	138	14	105	show
1367318087116	53	364	278	click
1368771401733	33	218	366	show
1368935908418	54	907	465	click
1370111542144	95	143	144	click
1374143066853	38	882	144	show
1372167591140	56	602	322	show
1373955373224	25	63	498	click
1371078230159	135	396	481	show
1373962701405	92	224	370	click
1368393690936	17	862	81	show
1373080748358	125	727	29	click
1372474589787	116	102	381	click
1367191011982	137	525	168	click
1371493832205	126	823	196	click
1369299208065	147	21	482	click
1370951041936	7	370	427	show
1373141106136	81	75	393	show
1370407063272	24	921	233	click
1371624913767	46	293	324	show
1369737624967	75	605	81	show
1370735822892	121	23	6	show
1371745392434	130	609	260	click
1368249407514	44	478	134	show
1373930041687	63	464	138	click
1368732753914	20	460	223	show
1370657366126	122	791	316	click
1367008807819	102	831	194	show
1373969703384	20	321	317	click
1371984184960	116	294	287	click
1366869542410	74	175	102	show
1371288871666	49	679	351	click
1370233757762	11	173	17	show
1373548730624	56	997	480	click
1370136127554	87	449	120	click
1367589069958	138	456	172	show
1373878730598	23	23	401	show
1369770741333	58	383	102	show
1366772961347	22	104	428	show
1369427911694	96	489	375	click
1373017688758	23	177	68	show
1366968789967	20	378	55	show
1366953789467	111	796	28	click
1371388530253	55	700	12	click
1374134554464	8	617	398	click
1367304166769	84	147	282	click
1371555216548	146	923	25	show
1366349551996	120	506	156	show
1371460085156	76	272	219	show
1373568626112	150	763	120	show
1370189848627	83	849	28	show
1367124339938	128	301	75	show
1373047802920	149	926	263	show
1370115718405	144	332	335	click
1367007168032	23	392	313	click
1371558608850	24	631	470	show
1368392741025	114	579	54	click
1369486888671	28	631	397	click
1367696260218	24	812	321	show
1372026802864	105	68	142	click
1367591076716	131	14	441	click
1372359629789	36	782	273	show
1367421952419	46	73	53	click
1370170194916	86	897	365	show
1367856284488	18	772	445	show
1367700849423	128	928	64	show
1370898653332	41	635	446	show
1369563213812	106	815	243	show
1367655747644	96	942	478	click
1373593268128	111	139	464	click
1372517953650	89	370	441	click
1369162024512	118	99	288	click
1369989089288	126	102	427	click
1369546332796	118	326	103	show
1367577914699	123	302	354	click
1372876725219	81	990	2	show
1367396553636	87	321	226	show
1373145979782	88	126	377	show
1367687428944	143	428	44	click
1373648040496	32	129	109	click
1366434536041	75	123	453	click
1372788744806	67	798	456	show
1371702462656	83	719	387	show
1367496741837	78	976	443	show
1373750302847	144	657	62	click
1372890153607	113	970	335	click
1370997103867	101	796	474	click
1370017107486	56	475	17	show
1372047423916	98	436	445	show
1372005972284	129	913	20	show
1372972269511	87	372	286	click
1371337300880	60	855	416	click
1369685939531	83	778	486	show
1366576256269	130	95	147	click
1371551952897	52	859	419	click
1369630502085	8	290	268	show
1369557439128	138	957	456	click
1369476289658	86	580	270	click
1367084164751	75	851	207	click
1369682409281	25	264	251	show
1368753167017	144	33	206	click
1371454927978	67	428	323	show
1370934550061	80	805	327	click
1369903428124	18	662	411	click
1373046172488	42	41	491	click
1372802035735	47	800	214	show
1369160390657	38	554	10	click
1368776942546	96	221	190	show
1371485377902	43	837	473	click
1371423472132	136	474	229	click
1369687770610	49	934	286	show
1367764107951	39	121	402	click
1371496075049	95	285	270	click
1369078402716	100	612	4	click
1367634925992	32	171	457	click
1373160998339	60	330	143	show
1372809455884	77	634	64	show
1370851243222	126	584	162	show
1372566855331	131	800	383	show
1371692517166	3	453	71	show
1367840043208	139	849	340	show
1367515959481	112	644	43	click
1372420712556	86	385	209	click
1373830068163	70	755	351	show
1368404629204	116	898	204	click
1367827438387	54	559	291	show
1366907517385	127	902	450	click
1371292269498	6	590	305	click
1366651322409	30	475	245	click
1368306172848	115	448	429	show
1373924270739	95	592	75	click
1368721642474	4	91	25	show
1372552920283	137	846	97	click
1366507488072	62	629	471	click
1367202246075	40	328	495	show
1367816861203	66	210	321	click
1368216410561	42	543	446	show
1367612221343	29	910	220	click
1368908554944	52	736	241	show
1366423696407	2	715	203	click
1368848007280	23	897	364	show
1366457330166	81	262	410	click
1369168910548	87	620	496	show
1371174448112	131	506	146	click
1369587616334	58	443	171	show
1372034067791	144	95	6	click
1368171553243	55	126	172	click
1368817328635	85	196	281	click
1366415605571	74	724	326	click
1372645154878	72	600	99	show
1373220960904	122	717	348	click
1366580070982	82	215	191	click
1368049976695	77	449	480	click
1367398581631	122	271	431	click
1370448511040	54	494	230	show
1369472753921	32	775	300	show
1373672072967	1	831	434	show
1367980741788	123	531	288	show
1374085315827	65	123	2	click
1367782176727	87	256	217	click
1370497325260	69	109	104	click
1366351442067	115	950	406	show
1370525867616	65	312	148	click
1372758276210	44	544	91	show
1366990372225	66	441	67	show
1371603174303	3	221	133	click
1370780666744	67	718	46	click
1368479800529	91	936	430	click
1369982205127	22	498	90	show
1373521088588	22	72	371	click
1372658243658	122	405	365	show
1366441899195	7	821	47	click
1367054004279	57	214	369	show
1366505270688	147	850	115	show
1369977398016	133	480	91	show
1371494855031	103	299	385	show
1368397218209	43	731	322	show
1369128954200	11	36	197	click
1371128393452	129	290	64	show
1368925148684	104	351	480	show
1368251627753	106	661	176	show
1371964415944	137	692	335	click
1373665742370	140	4	195	show
1367394100611	129	21	22	show
1370590092176	71	975	312	click
1366710810759	123	671	133	show
1368014457667	126	335	126	click
1370502879443	116	400	77	show
1367391061798	14	993	487	show
1372910755353	124	708	466	click
1366859533432	3	336	441	click
1368836110011	105	22	196	show
1367779328885	120	267	473	click
1368625208719	19	155	201	click
1369091189106	124	606	176	click
1371333982540	150	117	335	show
1367138683507	112	622	336	show
1370839273080	10	67	204	click
1372536266182	11	463	55	show
1370111964858	64	563	398	click
1367417105945	101	15	45	show
1372177615215	43	114	95	show
1374085140182	71	911	253	click
1370491927135	3	314	249	show
1370547483292	124	139	323	show
1371855922931	5	808	462	click
1366791072333	50	263	442	show
1371910095415	113	926	384	show
1368833683039	137	160	291	click
1372792994961	105	556	449	click
1372696429402	148	109	457	show
1367866453335	103	775	164	click
1370668861673	37	251	255	click
1366907748103	74	100	478	click
1371255354866	111	106	264	click
1373299248420	134	682	251	show
1373650871055	101	869	88	click
1369016366190	2	611	182	click
1366804158789	127	191	260	click
1366952162905	83	350	81	show
1366628510951	27	876	329	click
1370947700474	54	300	85	click
1372445281781	60	785	380	click
1370596294003	90	267	54	show
1368003048175	19	413	335	click
1371076514684	64	218	459	show
1368029792657	63	895	74	show
1370464533275	64	245	393	click
1371415004103	7	398	300	show
1368821818616	142	376	347	click
1372916058217	86	147	150	show
1370842593126	10	143	232	show
1367606061103	106	209	64	click
1373175995528	39	965	305	click
1368368851106	12	529	492	show
1370588995749	144	349	462	click
1372228225217	39	795	65	click
1369626916746	50	530	154	click
1369191467673	65	404	457	click
1373013587023	7	203	406	click
1370448695669	27	304	360	show
1367411194442	118	70	424	show
1368281181464	115	506	54	show
1370530275920	4	571	135	show
1372893626746	72	397	111	show
1367572377470	110	857	303	click
1369021626144	14	579	206	show
1371897654819	128	31	396	click
1373044677846	47	739	69	show
1367111409712	98	98	447	click
1374021888469	57	772	343	click
1371051411761	96	217	33	show
1373700358836	93	225	25	show
1373233569181	73	251	193	click
1369336928279	98	343	37	click
1369304774507	76	15	189	click
1367391386520	122	617	156	show
1372799007265	99	945	224	show
1367212532231	34	283	357	click
1371202415402	21	163	263	click
1370153857055	112	329	87	click
1371045016898	83	328	236	show
1366493811249	132	656	316	click
1370499777416	80	600	134	click
1367661517266	63	168	94	click
1370125382965	85	207	3	show
1370238147768	150	991	138	show
1369829527144	124	512	147	click
1370178161812	81	923	423	show
1369568063699	115	343	208	show
1372588029893	75	839	167	click
1370836324926	23	372	427	show
1371462122658	91	624	158	show
1373049959945	117	143	325	click
1367672749103	144	825	385	click
1371833095826	40	512	257	click
1374180835337	114	93	370	show
1366436420868	2	748	16	show
1369433654206	138	127	349	show
1373549989777	123	126	384	click
1372841260204	114	9	440	click
1371806883159	65	744	234	show
1368502484425	23	763	230	click
1369967612370	115	561	389	show
1367631625219	111	129	318	show
1368125551974	140	536	241	show
1372974637680	129	322	491	click
1372957919088	110	423	465	show
1374199591456	128	792	364	click
1367353877952	5	867	437	show
1366354688974	108	716	347	click
1372773937510	146	602	387	click
1371012867894	11	177	78	show
1372132889486	5	851	493	click
1366741416443	31	74	374	click
1370721914908	74	732	208	show
1370197435867	113	155	460	show
1371882120888	107	156	433	click
1366441410976	48	809	202	show
1366602357629	70	417	257	click
1369403398992	85	253	405	click
1372829213532	5	494	278	click
1370989476175	44	812	349	show
1370594379327	84	898	481	click
1368168021081	50	787	386	click
1369422596094	77	693	227	click
1367343979475	4	958	378	click
1372880389965	37	174	89	click
1368806361502	87	485	340	click
1369798974538	99	383	377	click
1368009344212	47	993	321	show
1372236406160	79	276	2	show
1373616767715	91	924	288	show
1371179268923	144	491	101	click
1367104896926	81	303	420	click
1366792767320	56	847	474	show
1371932948612	118	960	17	click
1368670805478	5	114	476	click
1369691624897	72	164	469	click
1368293055094	96	772	116	show
1371648324671	67	137	353	show
1371033147383	7	569	319	show
1371854099514	134	457	138	click
1369821807478	64	996	182	show
1370616862507	82	175	487	click
1370078146120	13	212	342	show
1371970441667	85	612	321	click
1373336053876	94	149	348	click
1370149335724	96	58	378	click
1370170806377	55	275	107	show
1371637042272	30	282	448	click
1368063593583	80	89	322	show
1373804107284	88	871	23	show
1373494598765	58	676	433	show
1373895098684	109	415	424	show
1370353957884	111	852	154	show
1368272512104	112	302	183	click
1368911734855	112	398	101	show
1374038237983	57	234	361	click
1368533092098	112	387	314	click
1368009420354	62	103	5	click
1371917843887	72	88	266	click
1370416233049	105	549	360	show
1373403044316	101	614	499	show
1369447987329	76	670	7	click
1374003632347	5	640	225	show
1372638146371	116	219	403	show
1366434524610	83	106	496	show
1367539584049	13	418	272	show
1371775414288	135	372	172	click
1369677493864	144	135	316	click
1372382521730	66	569	277	click
1369174578821	35	110	279	show
1373193153856	104	229	368	show
1369748278844	2	865	167	click
1371428635531	59	426	256	show
1366505464166	35	34	113	click
1369008952808	89	97	98	show
1371220714936	142	606	158	show
1374181180026	77	691	3	click
1368209185873	102	981	475	show
1367444236998	56	25	17	show
1371805689083	96	464	124	show
1368134748681	30	245	475	show
1370356782532	4	626	312	click
1371919217527	27	341	473	click
1366436445918	80	825	278	click
1372800980516	141	72	500	show
1369128901187	61	629	307	click
1370724123582	135	610	321	show
1371836788622	18	843	320	click
1372038079463	3	34	107	click
1372137965552	47	452	95	show
1374070806023	60	89	466	click
1367884467653	13	17	304	show
1373733257314	76	146	291	show
1368936625178	37	596	285	show
1367616605838	1	573	38	show
1370977741517	138	307	367	show
1370972995946	70	579	187	click
1373315592237	29	885	204	click
1368154080302	5	235	421	click
1369214073356	16	249	375	click
1372310763575	24	349	151	show
1367027976161	128	47	190	show
1370875092109	79	31	230	show
1370905286920	142	515	101	click
1370133638046	9	5	146	show
1368554185791	86	752	167	show
1368692777678	146	155	455	show
1373529739973	98	818	78	show
1369145486108	71	727	116	show
1373007181629	132	597	323	show
1373860262752	41	388	204	click
1370841870160	67	226	380	click
1368739641263	57	901	177	show
1367059671756	113	794	241	click
1369067343019	77	864	270	click
1369480872278	65	316	430	show
1371001403753	29	279	30	click
1371890106047	28	714	159	show
1373261183818	122	916	128	click
1367015409176	114	811	391	click
1369768584686	81	81	442	click
1367996839621	103	817	101	show
1370939042029	115	476	325	show
1373527865653	29	569	283	show
1369013887816	71	353	29	show
1373356160912	57	120	447	click
1369637322592	143	940	3	click
1367750080024	77	927	428	show
1369067250635	44	852	391	click
1366665399921	112	605	452	show
1369003638104	56	780	124	show
1372122031274	87	461	179	click
1374117405815	104	300	117	click
1372346052313	26	98	110	show
1369429368084	101	389	33	show
1366702631926	137	12	282	click
1371769913266	150	659	159	click
1368482047439	84	995	324	click
1366679214379	73	954	279	show
1371255571169	62	737	113	show
1372621043808	77	350	364	click
1371321644638	12	676	383	click
1372328928804	105	359	99	click
1370764815198	134	224	273	click
1372999746382	80	614	234	click
1370134681959	91	561	155	click
1367999247844	105	789	464	show
1369832609148	147	867	52	click
1369538124892	57	129	104	click
1366936531419	16	115	280	show
1366962793341	125	741	293	show
1366903243643	52	61	395	show
1373168620905	129	514	72	show
1369363430153	73	256	475	show
1369317937046	94	139	369	click
1366656739422	20	621	3	show
1373549416032	88	325	293	show
1367424227083	142	93	206	show
1372260891378	110	410	58	show
1366494132463	59	214	374	click
1371084135696	131	147	368	click
1372014010353	146	164	441	show
1371786330326	48	946	106	show
1370430975361	115	736	252	show
1369377933112	82	96	211	click
1372909919495	107	168	242	click
1370072394426	79	749	47	show
1370628028626	121	47	146	show
1366739991495	70	298	11	click
1367027479609	98	215	142	show
1368038755449	86	116	415	click
1371915133900	39	751	70	click
1368099453558	104	798	427	show
1370848922028	146	193	454	show
1372556246398	96	811	10	show
1373973519765	74	545	478	show
1366350351457	96	834	136	click
1369398313785	35	675	55	click
1370664144035	73	955	1	click
1370701135012	11	485	162	click
1372593365350	47	149	378	show
1368261875619	66	61	120	click
1369286098031	49	640	380	click
1370961997146	148	834	21	click
1374090348491	78	962	334	click
1369604961847	107	922	471	show
1371349000154	84	447	109	show
1369091333318	70	55	125	click
1370528873247	27	984	265	click
1368370244756	87	706	209	show
1371059422178	59	649	459	click
1371228649971	12	699	37	show
1368727678519	99	412	20	click
1366859595718	32	983	351	click
1370579707371	96	215	477	click
1373193475019	113	780	446	show
1372104292354	141	988	339	show
1367973764341	55	404	476	click
1371758055693	123	862	93	click
1366811361127	48	794	331	click
1371505745788	87	755	195	click
1373453525371	30	484	66	show
1371924114129	94	787	121	click
1366589994417	145	553	336	show
1367150253707	126	93	401	show
1367656214205	115	573	293	click
1371200041110	33	28	220	show
1374148224021	10	690	107	click
1368647863179	88	54	164	click
1373027876097	19	891	275	show
1373508284419	130	44	405	show
1371829693605	64	256	93	show
1373727703650	127	275	22	show
1367324202141	36	100	118	show
1372912593459	27	519	135	click
1369312197440	41	418	480	click
1366458743847	146	622	351	show
1372013463715	142	540	211	show
1367446313922	148	887	401	show
1373931402412	44	12	420	show
1368137217806	12	670	437	show
1369633663841	141	199	34	show
1368396746054	101	188	174	show
1370673352468	45	709	160	click
1369725487624	103	572	51	click
1366509425861	28	38	393	click
1368389139698	42	543	247	click
1366387115654	83	555	138	show
1369398042590	115	871	162	click
1372102244743	93	49	492	show
1368203928186	15	499	156	click
1370327549115	7	759	135	click
1370875399355	33	44	300	click
1370164095170	117	609	18	click
1373859615282	86	16	151	click
1371005970670	123	220	366	show
1367242864672	73	371	257	click
1373700587007	5	899	3	click
1366746906128	119	928	444	click
1366788284311	49	8	135	show
1368798838575	107	111	452	show
1372298065850	57	302	72	show
1372514551646	82	181	120	click
1370795319033	122	766	68	click
1369641746142	126	8	415	show
1371678610777	137	62	452	show
1369757402882	113	568	259	click
1370064357319	66	332	197	click
1373538978106	6	327	384	click
1372612516529	125	122	1	show
1372564622847	124	628	319	click
1371952282236	60	383	347	click
1372583259529	145	755	130	show
1370504891290	17	245	23	show
1372811393550	116	175	377	click
1367135357114	25	178	151	click
1373946251023	62	114	214	show
1366429431996	127	560	174	click
1370281186774	54	90	294	click
1372456431052	144	636	378	click
1372621459970	14	290	186	show
1368629688894	128	519	151	click
1368329664267	111	534	248	show
1372757190956	70	108	470	click
1367400492218	135	788	376	click
1371913485440	132	99	202	click
1366892283041	109	436	195	click
1372861795785	121	720	426	show
1370257967752	132	939	409	show
1369042914994	143	884	86	click
1368138142619	115	733	94	click
1368488422926	1	167	179	click
1373040221544	11	491	301	show
1371040135186	115	506	245	show
1371885428668	112	54	235	show
1372651596631	134	751	151	click
1371777413752	43	226	193	click
1366446635479	9	584	208	click
1369054618861	119	530	74	show
1373468542514	54	297	77	show
1372183990201	55	674	417	click
1370548019159	120	688	221	click
1373886949607	9	161	203	click
1372608650286	61	412	381	click
1372241677546	60	241	15	show
1370679576059	61	718	15	show
1372746889430	144	292	50	show
1368925504885	76	415	170	click
1368479554528	100	914	457	show
1367287500635	64	27	166	click
1371529606315	38	669	80	show
1368721985027	20	859	79	show
1372755094063	55	161	84	show
1370001066522	11	89	11	show
1369801148543	92	805	324	show
1371869830375	50	976	26	show
1368187163536	102	221	255	show
1371458835078	117	245	76	click
1367536862514	142	186	125	show
1371128600712	124	375	376	click
1372759205595	72	984	275	click
1370155083161	51	299	164	click
1368412111982	128	771	60	click
1372444840007	57	777	93	show
1369037339350	76	600	172	show
1371979465339	143	507	308	show
1368142335599	21	444	497	click
1369199245753	68	546	418	show
1371735096365	75	516	392	click
1374057207739	36	621	156	click
1368528822311	54	247	194	click
1366797193302	36	600	297	click
1370914563717	132	85	392	show
1368229355225	87	767	254	click
1373616543259	98	436	4	click
1366948867584	64	776	178	show
1373214549602	150	913	457	show
1367011928232	127	854	443	click
1368980279358	49	224	180	click
1366658239684	37	863	130	click
1368015055325	52	146	473	click
1374061738540	74	842	264	show
1368303322531	114	471	478	show
1366782719869	73	703	109	show
1372134659489	132	976	111	click
1371825803687	25	169	212	show
1369905882959	128	865	80	click
1369986595474	69	971	320	click
1371687345995	59	443	476	show
1368544119278	47	347	76	click
1373182907056	33	108	242	show
1371669069635	103	196	127	click
1370547630966	68	733	391	click
1373153914571	33	223	34	show
1370207104142	105	591	288	click
1370647379858	93	377	19	show
1371519885177	5	615	168	click
1370755117765	78	398	107	click
1370587164274	13	542	217	show
1372035295900	32	843	436	show
1369803568912	69	103	29	click
1370948717269	33	375	489	click
1373207991420	46	145	403	click
1367780500178	12	989	194	show
1367315435662	74	719	83	show
1370366916424	48	314	455	show
1370071867426	101	155	413	show
1366499870152	79	613	279	show
1366763900195	28	962	190	show
1373020473553	144	894	439	show
1366867342931	128	863	133	show
1371736007868	63	809	430	click
1367287156654	107	962	12	show
1371858976890	93	263	69	show
1372179435197	125	932	475	click
1371367600990	90	263	202	click
1369713964264	146	698	190	click
1373695056443	44	604	125	click
1371907935118	25	815	407	click
1370945567907	114	387	128	show
1372610808378	88	283	180	show
1373338491513	133	934	257	show
1372624370796	141	61	473	click
1369294308765	2	552	478	show
1366844085188	56	422	24	click
1369383791903	144	426	19	show
1369646024936	149	230	84	click
1369222769328	118	231	148	click
1369796043189	20	463	249	show
1367020700907	81	749	365	click
1370464141930	100	956	45	show
1373827830025	16	194	167	click
1367892656405	58	560	127	click
1373206974986	91	992	181	show
1373019551495	5	953	466	show
1372219234094	102	84	492	show
1371768789029	113	543	104	click
1368413816461	46	92	19	click
1371527387978	61	707	417	show
1373452776073	24	431	123	click
1369384736371	63	383	128	show
1373408309690	4	426	72	show
1367202618603	61	15	327	show
1367050037545	98	228	176	click
1367547024110	10	425	269	show
1366858277282	104	975	206	click
1369039594497	109	322	230	show
1367984619836	43	937	428	show
1370459399919	44	547	48	click
1367027810753	50	5	317	click
1367825829548	138	211	149	click
1366641757417	112	608	238	show
1371749809678	117	984	234	show
1370779398122	127	886	127	show
1373549949846	72	584	292	show
1367503813369	107	399	278	click
1372315527522	113	361	31	click
1374026252528	10	608	147	show
1368169125973	145	868	448	show
1371824723601	9	610	57	click
1368815891894	44	683	217	click
1370461900312	113	783	416	show
1367838045769	105	327	200	show
1367457260845	114	111	210	show
1370619318165	49	762	444	click
1371613031344	85	934	287	show
1367846464702	11	941	132	show
1372875980997	84	633	67	click
1373630430960	9	115	11	click
1370735502785	94	846	459	show
1371283522219	138	782	17	click
1367661608197	11	944	345	click
1373062130466	27	841	71	show
1371834461504	113	85	134	show
1367782544514	125	776	258	click
1368797860764	57	569	370	show
1369025986196	116	685	413	show
1369138579941	45	776	146	show
1369127760618	47	917	273	click
1368233291602	108	64	94	click
1371354287850	53	50	312	click
1369952975715	119	590	270	show
1368781179366	46	650	292	show
1366945798352	117	47	411	show
1371997018448	33	277	263	show
1372224716547	77	288	383	show
1373844069839	108	595	336	show
1370146083390	34	115	201	click
1370730327057	21	316	354	show
1368545803727	138	696	433	click
1371466577068	136	139	390	click
1368919729309	122	302	230	show
1372550830658	50	367	333	show
1367627623966	118	232	202	show
1370565884158	19	949	163	show
1367016592465	119	666	200	click
1371943626143	26	170	45	show
1372977624125	5	722	301	show
1372216759942	128	632	264	click
1369982963273	28	80	203	show
1370275773613	45	26	398	click
1370184101230	41	93	294	click
1367787325787	31	642	52	click
1369188335020	75	899	406	show
1366949286323	119	753	83	click
1370324826293	108	682	119	click
1369382819786	39	843	408	click
1367624483506	26	104	131	click
1370861994175	80	669	393	show
1372304787545	17	102	202	click
1372019470875	129	1	58	click
1371040323833	83	620	410	show
1372580456041	12	60	60	click
1368759346561	149	83	108	click
1372172475679	109	342	92	click
1370276998263	71	385	347	show
1372328000084	127	843	209	show
1372919329205	51	140	298	click
1371453749724	86	924	147	click
1366727271868	13	362	433	click
1370573121890	112	766	466	click
1367224279512	55	559	310	show
1369781616446	146	270	106	show
1371461590952	129	39	473	show
1372746728272	111	412	497	click
1372220352756	135	793	347	show
1370044191660	141	354	112	show
1369909887300	28	463	183	click
1373296245263	141	876	236	show
1372925434330	38	932	313	show
1370063503822	58	73	406	click
1370867787839	82	156	248	show
1374009444706	76	683	9	click
1368993993685	6	926	131	click
1372146639026	79	630	161	click
1373121540913	52	778	61	click
1368811686116	48	662	347	show
1367060680211	100	398	235	show
1370914417384	69	698	467	show
1372249910247	120	298	490	show
1367347459741	132	406	104	click
1373639505345	147	57	229	show
1370599872147	6	743	61	show
1369985534271	38	69	252	click
1372356071256	11	291	27	show
1369717007847	139	779	337	click
1367727121948	76	908	468	click
1373723613622	59	929	72	click
1371307637423	131	718	359	show
1373581283135	127	719	391	click
1369848415969	143	441	491	click
1367347559880	89	220	351	show
1369625379641	131	82	47	show
1371032112807	48	774	123	show
1371058147482	9	966	369	click
1371666881875	103	837	311	click
1371853881028	123	311	323	click
1371421159983	39	724	132	show
1369122888067	27	850	50	show
1367292620111	94	312	268	show
1367542848598	107	508	200	show
1367637265206	145	463	139	click
1370865655521	39	515	228	click
1371563657533	145	253	413	show
1371951279859	67	131	330	show
1373809427937	21	477	445	show
1370457255320	95	199	452	show
1372336216821	141	931	460	show
1369058426990	73	462	314	show
1369336725948	36	126	487	show
1372523700751	110	597	156	click
1373372589738	100	18	169	show
1372306041882	46	52	191	click
1370117540568	14	354	371	show
1368870991619	92	250	353	click
1371897305986	38	772	337	click
1369709203384	21	741	464	show
1366718428867	30	63	281	click
1372098848634	100	242	174	click
1368758241091	46	696	235	click
1366848981888	91	112	187	click
1368160801975	45	189	322	click
1370568544510	38	772	459	click
1374036876198	52	206	341	show
1370212038719	144	498	379	click
1369913360420	17	87	235	show
1366892555500	89	76	292	show
1371063943465	5	689	99	click
1371952121098	82	64	146	click
1370980517778	48	235	247	show
1373299880777	116	416	381	show
1368027190625	81	296	212	show
1369110365607	95	845	313	click
1370564107669	134	677	36	click
1369710999814	31	639	50	show
1372907311914	108	403	255	show
1367516591521	120	671	439	show
1366817209802	8	30	474	show
1368645971991	67	782	116	click
1370201673494	6	402	167	click
1369836337790	51	340	319	show
1371005609716	32	865	97	show
1373368976465	49	132	16	click
1370097320999	39	205	287	click
1370069316352	8	390	393	show
1372478339470	101	539	355	click
1367227959992	148	868	197	click
1369257574371	109	561	77	show
1371524193553	57	460	417	click
1366850065133	59	386	36	show
1370665774697	90	888	256	click
1367125394519	130	74	290	click
1368636120147	122	937	30	show
1371001403640	134	288	389	click
1369942227489	20	282	145	click
1374159057981	7	533	236	show
1369161193796	28	548	225	click
1369039168278	122	68	412	click
1368608167001	132	621	94	click
1368344975221	113	767	491	click
1370803650184	59	718	184	click
1373380505573	13	576	336	show
1366523069690	48	169	303	show
1371972904150	19	92	281	show
1368991890610	112	954	212	click
1366797573124	36	483	132	click
1371321323911	111	322	9	show
1371601168114	84	17	13	click
1369579283760	103	497	479	click
1370595349353	40	193	436	click
1368355607990	78	775	300	show
1367879612818	77	976	2	click
1372455631726	111	982	309	show
1368936422993	96	305	54	show
1372374998471	95	136	140	show
1368817919665	140	283	302	click
1366484451101	110	619	344	show
1373153787838	79	86	288	show
1373985024966	76	538	284	show
1369290854909	3	650	185	show
1368169956191	69	479	44	show
1367672457233	12	407	369	show
1371333353239	98	636	158	show
1369135577162	119	458	244	show
1373409364829	75	113	448	show
1367759653420	6	304	115	show
1367959675666	49	723	396	click
1369662769320	93	956	381	show
1366386022630	88	920	286	click
1366859542751	63	327	69	show
1372182664071	140	767	109	click
1372356885934	146	17	346	show
1369071251084	126	950	154	show
1370042301562	30	482	157	click
1371036585395	98	710	180	click
1367700394692	66	205	422	click
1369278095037	67	658	260	click
1367199923706	143	942	49	click
1369414350937	137	898	313	click
1366830014867	48	450	412	click
1373753777680	22	754	152	show
1373794082758	40	701	290	click
1368080532513	68	628	212	show
1371266171414	62	89	244	click
1373142299901	52	608	204	click
1370580942409	141	649	249	click
1366417673708	104	177	275	show
1366355647404	14	538	441	show
1371887752864	103	227	111	click
1371358062105	102	1000	279	click
1370283497363	30	878	52	click
1371939698404	6	165	461	show
1368662670709	30	767	472	click
1367429671754	110	112	290	click
1369843173125	2	418	223	click
1366628660256	93	412	499	show
1368247894395	28	555	250	show
1373531830455	16	552	256	click
1373287009214	21	927	484	show
1370401830226	26	207	148	click
1370707458051	138	946	233	show
1370855587305	60	849	308	show
1369552891015	96	495	400	click
1368821779583	52	108	81	show
1373273662106	58	70	412	show
1370403302306	23	40	308	show
1372074544886	95	466	192	click
1370390379483	63	382	446	click
1369096793769	58	153	203	click
1367125404104	27	800	127	click
1371139550818	102	785	433	show
1369239470418	118	473	460	show
1373362542374	100	555	450	show
1367839209518	10	411	11	show
1373902955406	50	803	265	click
1373392672239	88	221	251	click
1372772768007	1	376	430	click
1372410941642	45	659	133	show
1367277938825	119	690	227	click
1368284872453	70	877	202	click
1368236710293	109	734	313	show
1369378630405	63	284	16	click
1369569325849	108	170	388	show
1367185433172	37	691	159	show
1368435283468	95	526	140	show
1369893851305	3	574	398	show
1369449477657	149	151	81	show
1370734445407	72	797	193	show
1367208405183	24	796	464	click
1371673967355	27	63	284	show
1368917604287	72	197	227	show
1367020131308	134	691	490	click
1372242240240	141	25	173	click
1367297021766	86	947	328	show
1366644237073	150	432	338	click
1372484618830	82	984	350	click
1372248743516	74	34	28	click
1368812558098	56	709	421	show
1368165654534	51	919	401	click
1374178910198	76	735	128	click
1370909354257	123	347	437	click
1371284100458	45	561	487	click
1374070561126	144	182	153	click
1370150513210	66	800	97	click
1372910150657	145	364	460	click
1366779186732	26	343	217	show
1369642354423	20	641	400	show
1372239887888	124	895	209	show
1372032940233	78	305	111	click
1371564153162	56	73	19	show
1369142969318	79	762	205	show
1373007898272	47	248	220	click
1367557798947	78	807	421	click
1372714934616	126	900	490	click
1366962414426	31	764	70	show
1370712967831	23	971	183	click
1367265947066	67	287	354	click
1372307119980	105	550	228	click
1371629354561	73	296	139	click
1369918000780	132	98	372	click
1371242186275	48	605	290	click
1368502182630	27	413	480	click
1371378560634	7	595	286	click
1366694801724	86	415	458	show
1370097949503	109	196	227	show
1373774901961	74	845	116	show
1370221367251	141	197	233	show
1366950259539	16	723	132	click
1370043103387	16	394	79	click
1367807521712	94	212	183	show
1367955691292	47	314	375	click
1367684062437	63	922	388	show
1371722230887	31	969	78	show
1372171493610	35	547	2	click
1372396116970	117	693	112	click
1374100294345	137	390	175	show
1372453049610	102	392	349	show
1370683341461	108	498	296	click
1366805532089	87	271	460	show
1373854846088	41	129	322	show
1373456072751	84	57	494	show
1372111926296	119	947	351	click
1371687701805	147	331	173	click
1368132293459	63	596	136	click
1369177552791	40	176	81	show
1371259634630	26	166	8	show
1370319372362	58	873	165	click
1367833983869	19	723	67	show
1373065110402	150	267	334	click
1373293569133	90	798	7	click
1368920376304	7	43	138	show
1366695399376	125	927	155	show
1370711767922	141	162	456	click
1371904282689	132	252	277	show
1371661019322	68	262	77	show
1372817860812	44	454	163	click
1370139412478	125	369	26	show
1368842099943	90	94	201	click
1368075239167	90	978	221	click
1370933812957	95	74	338	show
1367135682293	100	236	295	click
1370458296806	51	863	356	click
1373499378795	42	754	245	click
1366528153745	24	956	83	show
1373952389476	139	835	352	show
1371477883066	20	552	243	show
1369687313913	38	941	270	click
1373218421097	68	427	206	show
1367172411372	73	365	190	click
1372670443367	76	4	123	show
1372542004824	55	529	360	click
1373832349781	108	902	498	show
1366805302993	16	910	187	show
1372030603517	78	147	267	click
1367514238858	29	856	241	show
1372342044753	67	419	375	show
1369187903449	42	418	205	click
1371592655668	11	139	249	click
1367890285886	44	782	39	show
1372030321469	118	134	220	show
1369815080594	65	453	448	click
1372594283462	94	365	227	show
1372622425693	1	936	286	click
1367583638952	8	851	412	click
1371444903490	123	27	403	click
1369381795834	144	27	42	show
1371461157111	57	835	470	click
1368948588041	117	510	450	click
1369279912777	121	306	430	click
1373466657846	17	454	388	show
1370488247890	30	222	250	show
1367524663628	20	834	281	click
1372384996992	124	599	387	show
1368745132232	65	871	130	show
1372018432487	150	571	195	click
1371650478975	31	859	276	click
1368060143523	49	994	319	show
1372910147800	20	143	372	click
1373136667277	65	973	114	click
1371754344104	51	435	143	click
1369645576841	127	319	462	show
1372868101562	30	60	270	show
1372843258883	48	609	24	show
1370571676739	123	425	355	click
1369375843516	87	188	486	click
1373407039016	101	606	473	show
1367542986165	145	52	40	click
1368777617293	62	984	158	show
1371672113732	109	711	429	click
1366698879002	125	152	339	show
1371989375789	54	567	403	show
1369449814910	30	141	268	click
1374069409519	15	840	479	click
1368999306027	86	243	220	click
1367436957720	2	726	236	show
1374199699294	6	938	234	click
1373682597850	65	742	32	show
1368139942594	83	427	36	show
1373936899596	97	720	167	show
1369496097560	28	648	415	show
1369456965922	48	358	346	show
1368419347855	9	331	114	click
1371663588459	133	499	422	show
1371226386739	96	170	492	show
1370395125212	68	83	193	show
1366467691385	92	864	87	click
1368476086960	88	295	496	click
1368923418421	114	528	319	click
1367747565264	123	675	408	show
1366358990104	11	492	398	show
1372404501524	44	508	216	show
1370935600482	84	312	466	click
1367751728035	53	770	492	show
1371235653423	84	253	85	click
1368381237297	102	569	41	show
1367419699510	29	248	119	click
1368094306818	49	884	480	show
1366596375209	114	89	271	show
1372771045432	99	707	235	show
1374003228523	94	296	11	click
1369027455035	120	489	357	click
1372494834102	84	400	126	show
1372664304174	122	824	416	click
1366386498603	94	714	20	show
1372365602274	13	841	440	show
1372322200957	51	843	23	show
1371333734635	92	39	75	show
1368093621748	69	681	79	click
1369379454023	6	20	406	click
1369428122921	90	223	219	show
1372078317913	56	9	16	show
1373842788943	76	899	57	click
1371010521937	51	31	113	show
1366633743558	71	70	376	show
1367548742275	7	193	71	click
1367258627632	74	575	27	click
1373411499674	21	92	120	click
1367083019334	39	620	280	click
1369062197379	2	641	370	click
1367903915710	147	689	235	click
1368417358280	118	508	69	click
1369397194308	87	8	332	show
1373175094207	109	833	34	show
1368403092558	131	584	265	click
1369938679988	133	543	391	show
1369511688655	131	521	225	click
1366716544412	63	359	316	click
1368855341664	79	966	136	show
1367475542692	119	411	294	click
1366372395992	137	530	280	click
1367261979528	44	664	376	show
1369017355500	34	895	491	show
1367792436895	63	547	386	click
1371610236456	83	165	266	show
1366460482268	38	346	72	click
1373463407102	26	894	75	click
1366501965800	59	813	200	click
1369251450733	88	382	206	click
1370941672492	70	477	311	click
1373250904507	125	170	429	click
1370419191052	138	54	13	show
1367972932477	83	575	21	click
1367614279407	147	109	152	show
1367517751393	122	777	168	show
1373919012905	112	662	130	click
1367664545851	40	259	80	click
1368834381500	118	698	112	click
1373648490047	70	347	196	click
1369174764132	22	184	153	show
1369415084935	59	598	299	show
1372015526327	88	873	432	show
1368115117322	95	606	1	click
1373799259620	75	720	465	click
1372932235732	137	137	361	click
1374109954930	102	237	454	click
1368818861073	32	589	497	show
1371198587478	94	493	277	click
1368767786318	89	559	403	click
1370749560930	64	795	26	click
1372169062739	21	710	399	click
1369825366309	52	929	3	show
1370044144262	8	725	354	click
1370921367878	143	482	246	click
1370696916945	3	164	348	show
1373490422442	23	965	479	click
1367528924168	57	105	413	show
1370187393071	140	747	340	show
1373856816246	26	360	235	show
1369883383140	117	928	488	show
1367071868857	21	382	140	show
1372121464544	140	929	239	click
1372481023932	138	577	302	show
1371069490111	134	4	425	show
1368000553885	137	280	407	click
1373255062382	141	1000	495	click
1367557206266	120	612	376	show
1372359944083	8	39	420	click
1367365417395	19	368	329	show
1367181601529	31	509	417	show
1372217358025	102	226	328	show
1373445343131	73	996	417	show
1366904191725	23	134	288	click
1370383788581	83	561	50	click
1368195160515	65	428	377	click
1370331035457	16	671	95	click
1367613251585	114	190	184	show
1373947662164	82	355	441	click
1373469558871	50	831	47	show
1370168973415	86	928	477	click
1370159994161	58	418	363	show
1366663762066	61	26	170	show
1368636594182	111	809	31	show
1373259099132	137	101	381	click
1368772630824	47	465	312	click
1370851147888	105	264	105	click
1367792536543	4	566	121	show
1373447373357	85	396	323	show
1367900706855	15	535	250	show
1369054649230	7	146	424	click
1373865040189	111	69	199	click
1370640191728	133	262	282	show
1369687909281	86	206	105	click
1371613829832	17	90	311	show
1371511914339	19	619	142	show
1366766920292	74	587	496	show
1367805162873	133	202	130	show
1369714709855	147	489	168	show
1371495382754	89	555	324	show
1372047289084	24	615	98	show
1366932773991	55	361	71	click
1373263168884	14	285	108	show
1373492738949	106	878	212	click
1372153255636	93	188	354	show
1367095085689	14	375	287	show
1370806198140	128	37	100	show
1367351553778	104	556	128	show
1368648740247	117	926	287	show
1373132715833	47	777	457	click
1367943457851	3	742	400	click
1368651413160	120	739	72	show
1367550106624	5	379	45	click
1369364680091	17	963	158	show
1366844764023	27	371	72	show
1369637020899	117	298	126	show
1371293334082	117	64	239	click
1372150664245	124	661	164	click
1368342695596	113	826	423	show
1369570322673	108	745	123	show
1368854654678	85	447	303	click
1370622408128	49	59	452	click
1367956198460	26	969	189	show
1368587822564	51	238	482	show
1372669698032	94	683	414	click
1373274992572	52	59	90	click
1371407450192	70	674	136	show
1371028604335	98	983	136	click
1371126543330	107	75	183	click
1373400751207	99	762	500	show
1373979488614	115	550	81	click
1368309908061	120	812	383	show
1370333498997	84	797	185	click
1367091008289	106	988	184	click
1372511312455	80	207	81	show
1371560321972	132	389	295	click
1370137157787	91	718	421	click
1372837140469	120	198	167	show
1372907789381	127	391	38	show
1369537068459	69	281	252	show
1373483032551	50	343	384	show
1372617895615	72	960	56	show
1370953358166	52	403	329	show
1369627348846	17	70	129	show
1366672710457	117	593	112	click
1370485993856	90	146	477	click
1369977103537	116	95	61	click
1371859041183	6	577	304	show
1373100597812	106	879	260	show
1374079808775	36	679	1	show
1366664791867	104	513	380	show
1368037242736	97	685	18	show
1368631914529	63	281	282	click
1370906203243	86	280	469	show
1371823050667	39	399	187	click
1370254805996	107	176	484	show
1370320244808	28	994	172	click
1373380363873	30	488	329	click
1369383223068	91	143	210	show
1367232770293	79	240	317	click
1372305110139	96	131	255	show
1371416683219	124	492	179	click
1367916821791	41	819	213	show
1373921720291	123	542	47	show
1368072216450	62	341	252	click
1372981284260	97	841	408	click
1370310524213	7	365	232	show
1373555839130	56	408	18	show
1369151210776	18	433	332	show
1374129909793	4	8	56	show
1370347723861	36	518	156	click
1369991620497	95	969	124	show
1371216068014	34	876	427	click
1371187702370	26	678	269	click
1371141664417	130	968	62	show
1371938179005	141	25	193	show
1372594807505	37	401	235	show
1373412532579	134	318	171	show
1370807413206	95	139	76	show
1366394056238	140	583	80	click
1373907128682	118	906	465	show
1370412385067	139	673	279	show
1373012968175	27	600	420	show
1369670558349	122	520	49	show
1371619455927	120	522	160	click
1366992038507	35	204	109	click
1372217852707	77	782	367	show
1371862327680	115	258	117	click
1366749365493	117	161	236	show
1372076112282	97	993	311	click
1368798863728	22	11	310	click
1367982839630	118	593	65	show
1367190574657	92	543	286	click
1372704896539	51	207	271	show
1372129460670	118	160	379	click
1373338698660	101	517	367	click
1371574436362	144	611	275	show
1371266132298	112	606	217	show
1366391137952	150	696	90	click
1370789309543	89	502	318	click
1372684971329	47	984	465	click
1373480325577	140	786	71	show
1366807188283	114	867	303	click
1369440573413	105	413	199	show
1370900587586	35	617	475	click
1367883371264	130	146	439	show
1371145958133	105	927	413	show
1370699954598	14	756	252	show
1368505458405	81	201	287	show
1372132448159	107	299	400	click
1370115963271	60	907	331	show
1370532593189	127	431	256	show
1372273361206	1	902	102	click
1366519179871	74	376	204	click
1368530392432	81	475	144	click
1367290977327	63	50	178	click
1373447419589	30	229	18	show
1372561083782	113	795	232	show
1373215197546	54	936	106	click
1369428045547	121	552	168	show
1370462629425	2	849	56	show
1372474720752	58	75	82	click
1372288253849	108	475	116	show
1372798580466	30	866	242	show
1369589489118	58	450	259	show
1367881396093	91	481	334	click
1372174718942	44	956	306	show
1371208555288	29	77	278	show
1373607446325	148	431	334	click
1372508563346	125	616	181	click
1368597502217	141	22	95	click
1370431041983	136	473	98	show
1372270749318	96	279	69	click
1373901925938	38	185	231	click
1370774349919	105	652	65	show
1372460798953	43	960	347	show
1366486624586	27	157	315	show
1368402035882	18	244	381	click
1373601002896	118	160	38	show
1369489861098	137	225	438	show
1369156059616	63	907	100	click
1371239388640	78	228	89	click
1370524599770	113	942	265	click
1374077414002	11	867	212	click
1369760914090	87	888	283	show
1368174923925	17	537	198	show
1367084242363	44	972	405	show
1373582795958	28	749	41	click
1367362902996	44	471	135	click
1373936930089	21	497	315	show
1370704801489	111	334	247	show
1369729001358	82	222	334	show
1374133774348	42	654	41	click
1369575781653	19	21	244	click
1369241210147	85	856	392	click
1370852627719	125	699	39	show
1370263307622	149	892	287	click
1370358804008	5	7	27	click
1371874446233	77	27	481	click
1366952639659	4	145	142	show
1368710402119	44	318	360	show
1372845684502	46	914	303	show
1366346176587	145	741	290	click
1371240436415	30	959	382	click
1371470498979	17	571	256	click
1372271553881	9	429	59	show
1372739941116	9	15	262	show
1367821125436	72	903	321	click
1370475719978	20	683	189	click
1368839261186	102	352	351	click
1369067813545	10	98	165	click
1373971737786	85	481	48	show
1368118024427	36	351	481	show
1368158622872	42	151	314	click
1366383566017	52	250	48	show
1367383678820	124	518	26	click
1373288242505	28	213	308	click
1372073195035	100	915	383	show
1371357006231	7	507	399	click
1366542635089	68	199	441	show
1372298281241	124	210	375	show
1370774975182	41	156	239	click
1372848355898	111	74	64	show
1367547105282	30	423	190	show
1373164486071	100	430	156	show
1366971320913	37	650	267	show
1370594418393	141	125	29	show
1368629730937	73	459	459	show
1366913231681	35	892	14	click
1370370807421	53	122	230	click
1369639647791	106	313	201	click
1368159272409	122	885	104	click
1371253503075	20	177	464	show
1371670628341	15	503	231	show
1373128769573	76	215	175	show
1369466174019	16	405	343	show
1367622332708	118	644	120	show
1373089765883	12	763	179	click
1366661944655	148	480	297	show
1368046069113	97	361	60	show
1371602769223	49	333	192	click
1367003844933	113	290	116	show
1370945271588	68	931	65	click
1372082626970	97	261	198	show
1371023740868	82	22	71	show
1373185643608	119	656	101	click
1369061956584	36	87	109	show
1370130144655	133	894	134	show
1370499311650	81	836	44	show
1369500671974	141	986	373	click
1372321636659	110	482	307	click
1371541118359	27	269	451	show
1374102717814	47	416	404	click
1370922106011	66	795	365	click
1371102898432	32	593	457	click
1370810775627	17	590	193	click
1366905879415	88	863	156	click
1370088552323	132	943	300	show
1370449112632	15	789	462	click
1373324811597	37	878	411	show
1371714231902	22	595	113	show
1373459359043	84	174	65	show
1370309991337	15	572	92	show
1366838515495	148	442	149	click
1368113899468	128	27	472	click
1369834326831	127	783	101	show
1371703718904	61	850	498	click
1369415094350	37	827	412	click
1368469350937	139	736	475	show
1366459619917	51	80	471	show
1370358978964	82	631	343	click
1371786408580	54	609	283	click
1368586077812	71	817	244	show
1372371949449	134	791	424	click
1372706552391	119	810	196	click
1369247809633	138	969	53	show
1369055207178	125	467	374	show
1366576635268	60	92	339	click
1366511494110	76	80	31	show
1366622607132	10	452	432	show
1371828975232	106	224	437	show
1366758234241	76	374	222	show
1368938108049	26	518	178	click
1367413230903	124	104	103	show
1374037048668	122	850	2	show
1372668754308	27	513	257	click
1369769315724	118	819	320	show
1373541602721	62	503	429	show
1372122764617	85	900	272	click
1369407508234	90	873	237	click
1371216194901	77	201	477	click
1371563524628	76	299	221	show
1369311267602	14	507	350	show
1372173267427	121	730	190	show
1370711319425	60	733	262	show
1370290296710	106	769	144	show
1373293361730	91	829	140	show
1372737928393	92	440	111	show
1372643067582	111	620	179	show
1373286815334	72	91	335	show
1372944126174	84	426	244	show
1369259026153	138	173	239	show
1372450626081	106	623	109	show
1370271312729	39	114	441	show
1372479127077	39	176	152	click
1369087921538	12	974	223	click
1372069003102	79	569	242	click
1373133537629	79	223	229	show
1367643584604	9	830	380	show
1367671262418	61	165	291	click
1370039283811	34	375	179	click
1370481751137	121	481	396	click
1371925289974	99	319	152	click
1372057840327	79	254	377	show
1369897423833	99	491	323	show
1371124828154	32	445	341	show
1366615951689	103	750	370	show
1367300358111	117	100	320	click
1370232944282	95	409	210	click
1372989426386	110	734	200	show
1372007747736	133	802	212	show
1371501816279	102	838	82	show
1372212431745	35	414	338	show
1366762773836	26	873	456	click
1371474055384	102	424	122	click
1373837668914	133	775	178	show
1368466832280	123	975	385	show
1373914652401	33	25	339	show
1368283138058	32	889	222	click
1369231060126	77	20	148	show
1372276004996	39	103	243	show
1372404450356	33	74	97	click
1367122540830	79	229	223	show
1366889716735	52	891	31	click
1367655562940	85	660	463	click
1367517785100	85	234	266	click
1370704142855	119	595	248	show
1369369595857	102	482	456	click
1371283163780	56	317	187	show
1366898407203	25	396	71	show
1370042775306	99	829	462	show
1366444066154	101	316	324	show
1371287342188	29	734	247	show
1373782832177	6	269	376	click
1366866819141	5	490	352	click
1369362840802	112	505	35	show
1370768791235	116	697	154	show
1369481455591	84	321	371	show
1371437914682	110	485	394	show
1374150842869	66	42	42	click
1369978318577	76	244	188	show
1368771066249	96	195	104	show
1366865976250	68	829	35	click
1373998230580	34	118	69	click
1366401677979	110	88	288	show
1367873934480	87	282	351	click
1368112235870	107	390	63	show
1366347368848	91	940	97	click
1373408903036	81	99	367	click
1370999577574	82	748	169	show
1373560398734	54	99	132	show
1367257351179	135	385	327	show
1366628295192	4	200	154	click
1372925334395	136	732	374	show
1371606177951	21	302	323	show
1373235221706	94	46	466	show
1372238302002	124	144	391	show
1367651719236	67	561	99	show
1372215528179	23	712	139	show
1372118050012	21	836	87	click
1368429355536	38	370	402	click
1373316339445	43	766	62	click
1369159922994	110	228	106	show
1367033135306	80	860	110	click
1366839888747	81	92	13	click
1366785136827	35	918	205	show
1369418375830	66	382	56	show
1367714537513	30	502	328	show
1369498847101	27	792	179	click
1371187166931	99	608	373	show
1368110827814	128	343	104	click
1366929986925	119	112	179	click
1367213663598	2	867	186	click
1367165862991	83	770	363	click
1366519173937	7	668	12	show
1370673784554	128	827	198	show
1372576577358	23	776	138	show
1370554802236	110	409	144	click
1366431711379	119	444	487	show
1369355705625	25	115	177	show
1368418476669	78	130	234	show
1369652587817	108	597	490	click
1370356559263	85	404	113	show
1366652306968	139	986	324	click
1366466023196	139	949	47	show
1371339960155	109	844	451	show
1370186538277	69	418	285	show
1368290246039	100	839	438	show
1370891806947	41	867	394	show
1373601926059	88	488	456	click
1373114246762	82	469	248	click
1367514521497	29	851	378	click
1368990321097	46	434	201	click
1369422527957	12	766	340	click
1369869163625	46	169	412	show
1373930151157	10	683	348	show
1370124787288	23	478	153	click
1368342296952	24	700	446	click
1372331797087	124	268	244	show
1369505612915	88	442	6	click
1366822768337	47	741	303	click
1369043753044	16	870	464	click
1373001569693	49	812	489	click
1371130574211	45	635	494	click
1371455172711	103	685	364	show
1373874025654	116	842	64	click
1370959593022	105	54	424	show
1367556216070	132	918	31	click
1368192629327	134	403	190	click
1369877462385	66	572	177	show
1373481552326	76	159	129	click
1369401533671	26	326	200	show
1371740451046	59	929	209	click
1369321345786	101	232	322	click
1372518457925	69	658	291	click
1372956631319	123	82	135	click
1370316971426	62	947	133	show
1373380910263	67	40	386	show
1367513614771	21	424	73	click
1369624819533	103	188	47	click
1371991122267	67	480	356	show
1369353584339	4	470	156	show
1370550169923	145	481	491	show
1374093263780	147	856	318	click
1369126407881	93	265	134	show
1370662324512	44	873	481	click
1369830208831	27	388	130	click
1367079685722	76	919	57	show
1366486794067	93	568	64	click
1371124905041	90	644	223	show
1367737100999	55	473	461	click
1366470558995	140	575	418	show
1367730540681	118	334	302	show
1366682930059	118	692	231	show
1371683342139	79	457	492	click
1374006869812	8	126	40	show
1373366239005	138	596	153	click
1368988479878	50	626	78	click
1368679357820	24	729	376	show
1370932139700	14	92	197	click
1370244507519	112	587	163	show
1366727212761	99	747	76	show
1369244578710	48	34	280	click
1373084769907	123	902	445	show
1368197523462	149	656	142	click
1367132996441	12	46	247	click
1369574005873	43	932	314	click
1368628715516	120	971	249	show
1374023705965	81	663	310	click
1371133540936	90	794	456	click
1367406930771	115	924	439	click
1366385909061	67	287	246	show
1370464218055	125	839	328	click
1369567036345	135	826	147	show
1371182666897	69	617	1	click
1368979371610	3	476	6	click
1366455226690	48	614	416	show
1369062503506	34	57	403	click
1368704824966	89	665	103	click
1371413529669	7	44	42	show
1371422299438	100	362	59	show
1366446601845	24	20	430	click
1372863736944	73	770	238	show
1371515380746	35	732	93	show
1370620820213	129	472	17	show
1370811016985	18	968	353	show
1368506388537	107	767	92	click
1370824354806	45	777	414	click
1366645143507	106	717	1	show
1371719875031	21	89	349	show
1367216110286	138	140	185	click
1366737623782	16	922	88	click
1369276102314	7	131	77	show
1371241551288	19	908	399	click
1367295033347	79	884	293	show
1367707240637	63	358	295	show
1368752085379	14	966	465	show
1368556128924	34	173	155	show
1369521438071	41	44	156	show
1367768325675	27	504	327	click
1367317931646	69	78	398	click
1367749724494	41	373	409	click
1372728043120	34	796	1	show
1372475127423	141	342	463	show
1374176977201	4	103	450	click
1372633698131	22	871	422	show
1370573409650	106	860	114	show
1373276386141	107	605	425	show
1373193398263	145	390	132	show
1368880375113	52	341	338	show
1367780707673	136	103	50	show
1372828528095	128	670	181	show
1367746971532	19	940	169	click
1367171811981	8	323	457	click
1366573127797	112	477	233	click
1374050625058	13	909	402	show
1367871538640	69	69	245	click
1374081951772	92	440	101	show
1370342149120	14	329	495	click
1367742483390	130	279	383	click
1367192298454	123	342	111	click
1372157565936	65	210	443	click
1369066528619	128	466	203	show
1371879705102	20	331	431	click
1370882979886	95	206	443	click
1373334432020	117	225	400	show
1370951884461	58	510	122	click
1368101061306	26	480	348	show
1368714306323	38	718	296	show
1367414250673	39	751	77	show
1369843005266	92	55	372	show
1370696107305	94	741	470	click
1373317943490	144	958	138	click
1367837033947	62	918	494	click
1369757054769	102	857	194	show
1369619282007	86	286	405	click
1367612519728	38	239	248	show
1369320778178	68	907	112	click
1371600224245	87	393	271	click
1373936660339	58	265	61	show
1366413017176	97	166	104	show
1371880489964	30	802	96	show
1371638609618	137	508	398	click
1368895183446	43	278	404	click
1368902243435	135	1	333	show
1372206264913	83	712	298	show
1368242529710	41	836	18	click
1367953514632	146	666	151	show
1374092003429	128	723	265	show
1373703411739	72	764	224	click
1370012032701	121	668	105	show
1367749476676	78	9	51	show
1368541221367	72	698	140	show
1373056220231	143	777	479	show
1371051244886	43	912	57	show
1372798946880	61	27	117	show
1368182695198	147	421	422	click
1370735060351	5	815	168	show
1371670028841	86	563	237	click
1371342061197	99	418	216	click
1370579452781	58	572	127	show
1369174372989	102	904	336	show
1371087990266	150	442	128	show
1370329951862	131	88	28	show
1367437470008	89	516	152	show
1371561054227	107	580	384	click
1373198363191	71	800	350	click
1373347870969	129	420	487	click
1368676899976	129	791	110	show
1371742240535	68	641	224	show
1371785786161	71	267	255	click
1367946457492	64	854	179	show
1367959803795	96	56	92	click
1372284722997	90	502	385	show
1372554511122	50	151	468	click
1367663893947	99	345	45	click
1368241130573	35	157	345	show
1372980919065	72	641	465	click
1373526194087	118	822	203	show
1371830655724	10	779	296	click
1369764674492	38	625	385	click
1373063509665	76	632	23	show
1372513428174	77	633	425	show
1372984575375	72	867	5	show
1370999373264	60	933	336	show
1370425615322	37	169	249	show
1373409415476	57	293	202	click
1373667935032	127	200	416	show
1372809012827	85	612	168	show
1371124763494	136	924	397	click
1371064277205	46	852	75	show
1366494609543	74	713	214	click
1367503345625	56	455	16	click
1372393036302	132	187	58	click
1371013840100	138	840	50	click
1373840462532	13	290	454	click
1369978891299	75	713	251	show
1372560247388	38	207	139	show
1367386425397	36	865	36	show
1368937627931	77	671	448	click
1368664141340	91	111	91	show
1370175517803	62	144	355	show
1370015379924	85	968	234	show
1369038019763	74	86	342	show
1367995131173	39	261	127	show
1366585977843	121	34	277	click
1372860833572	93	835	212	show
1369724768829	59	500	176	click
1372906445327	96	337	271	show
1368710627349	44	287	474	show
1366634613233	100	910	307	show
1372397101583	110	283	28	click
1368465375068	12	844	15	show
1371710600963	106	703	147	show
1372890165862	144	816	447	click
1373919404222	71	623	457	show
1370911901188	125	591	261	show
1370702545945	23	801	366	show
1369859143016	144	568	176	show
1367424418827	101	268	345	click
1371400739168	124	400	401	show
1369261294808	48	166	318	show
1368145153278	131	354	159	show
1367021844644	57	887	171	show
1369256544977	131	312	79	show
1369880858306	103	332	355	click
1369992238116	119	746	322	show
1367569487584	7	988	304	show
1370192875721	32	525	467	show
1366531143193	40	405	480	show
1371186721263	23	891	285	click
1368420598623	120	1	495	click
1370631798310	127	372	298	show
1366512638784	82	706	117	show
1373101562424	36	461	87	show
1368013003541	35	550	39	show
1371849058674	90	881	479	show
1366833529920	8	64	171	show
1367794106280	55	345	255	click
1369970959724	34	357	497	show
1369739390021	55	277	266	show
1374178102963	103	44	292	click
1368948831313	58	582	66	show
1372635568583	27	258	403	show
1373107524375	142	516	413	click
1368029789621	10	399	398	show
1369520378161	130	160	89	click
1369994887494	62	733	327	show
1368731995636	134	90	34	click
1370638286288	85	862	30	show
1368244730008	79	694	260	show
1370688600722	37	765	423	click
1371280947569	4	889	153	show
1371719080376	69	595	235	show
1370527197028	61	224	351	show
1371582904691	129	132	378	show
1368264488489	91	552	281	show
1368452055341	23	600	368	click
1369198020881	86	322	390	show
1369182514303	53	778	71	click
1368630142923	4	871	340	click
1370736322549	68	717	468	click
1371835328008	4	145	399	show
1370469280921	52	602	378	show
1370525652558	146	403	385	click
1370550701177	44	313	257	click
1371392587365	117	893	254	click
1367087219809	14	932	239	show
1369621391234	147	695	499	show
1368138778676	108	389	244	show
1366662667709	117	758	412	click
1372862493343	117	53	211	click
1371290670881	109	510	364	show
1366890298829	3	505	472	show
1373064813409	120	67	170	show
1366474034438	55	388	493	click
1368588008787	127	818	140	show
1369140429578	58	645	269	click
1367435273469	16	307	464	show
1371649449493	27	24	97	show
1370904034625	129	95	397	click
1368588450562	129	73	478	show
1367770917392	27	330	493	show
1371309685025	50	824	208	show
1370615866758	19	954	47	click
1367005823021	56	832	350	show
1367569322793	108	164	454	click
1371916750803	100	371	85	click
1366925757637	25	581	48	click
1369989132768	121	544	212	click
1366915771693	126	261	331	show
1366550855881	144	65	283	show
1367495656537	133	920	124	click
1369414755101	88	889	100	click
1369593653507	132	49	424	show
1371205964325	29	549	208	show
1373941244653	118	459	127	show
1373872920708	143	556	454	show
1368514183472	138	186	9	click
1367359029931	13	642	348	click
1371270424653	133	164	334	show
1368581162490	114	647	227	click
1369698697844	80	635	211	show
1368028651093	70	584	473	show
1366434206742	27	917	460	click
1367975249768	33	883	218	show
1370464483111	141	278	493	show
1370814215176	129	432	277	click
1366409423770	63	736	208	click
1367154691016	94	529	256	show
1372960504731	136	28	298	show
1370194946435	78	427	134	click
1367349892523	53	509	9	click
1368670987553	142	547	280	show
1370080073237	58	516	62	show
1373574083394	44	709	353	click
1371521117320	129	497	412	show
1373901038924	139	507	5	show
1372036044358	22	43	497	show
1370442232402	58	132	456	show
1368064152217	71	703	409	click
1368993887868	87	154	498	click
1366449232010	73	285	26	show
1370912034500	74	691	288	click
1372740951142	124	15	230	click
1369788096847	28	659	373	show
1369206425449	14	250	259	click
1370673713222	115	966	327	click
1372055665054	42	62	120	show
1370139721143	78	791	159	click
1369915935343	120	23	107	show
1368004892004	43	900	143	show
1369289066808	124	563	170	click
1374024344824	126	138	120	click
1367675932261	24	437	147	show
1369752474676	11	799	199	click
1366622820231	140	8	471	click
1366516063925	143	684	314	show
1373780289475	51	937	385	click
1370691485777	82	644	241	click
1372914356588	28	273	44	show
1369794762909	140	334	235	click
1367623828929	148	576	323	show
1367508276651	5	208	141	show
1368095946196	142	76	135	click
1370380437095	80	746	133	show
1374172164031	103	50	67	click
1372979351648	143	120	497	show
1367335378354	72	400	328	click
1369574567134	144	261	499	show
1374189275734	124	312	27	show
1369312973835	136	486	121	click
1372915625219	4	264	122	click
1371016914964	85	942	108	click
1373452057472	88	167	345	click
1372884955089	112	911	110	click
1367282538037	32	6	51	show
1370585833444	87	743	19	click
1370239750865	58	25	189	click
1371834947312	92	404	186	show
1373002869122	117	579	387	show
1373416500459	137	146	435	click
1373346995485	138	494	485	show
1367861423488	21	915	281	show
1368803249664	74	895	175	click
1371109086464	150	502	279	click
1372465259348	126	999	392	show
1368658945155	58	900	41	show
1372104090282	79	419	402	click
1367306714806	119	701	318	show
1372924412327	46	35	224	click
1369792148117	107	212	487	click
1371658147732	100	1	220	click
1370373589346	23	508	165	show
1366645808506	1	46	390	show
1372282445294	48	86	306	click
1370376300835	15	884	435	show
1367174170046	122	929	422	show
1367726461151	140	989	385	show
1367560530227	72	501	92	show
1371046402845	130	770	290	show
1372797573612	72	950	305	click
1366460898460	89	469	394	click
1367705453155	92	187	318	click
1371751485817	110	606	50	show
1373879441513	6	755	203	show
1371196015496	95	33	19	click
1367978527171	81	993	134	show
1369062971262	35	844	338	click
1369146247541	13	632	36	click
1371856609862	19	889	338	click
1372933913445	91	322	144	show
1366558766367	82	267	325	show
1370479935585	80	648	160	click
1373225463122	65	654	215	show
1373452395349	40	903	268	click
1373522471157	12	609	309	click
1371842254830	23	737	420	show
1372351160528	118	15	75	click
1373970152291	116	733	419	show
1371832515563	53	133	486	show
1369559512048	104	177	271	show
1369787457122	129	594	239	click
1370069424107	7	384	111	show
1373370973345	81	325	264	click
1370620794309	4	855	135	show
1368682970656	10	354	20	show
1369562956331	57	984	22	click
1366642534288	71	604	89	show
1366375077892	79	363	295	click
1370247508155	52	719	128	show
1372025177409	27	264	5	click
1372277407189	59	501	337	show
1367143103705	71	547	381	click
1371479304395	37	456	186	click
1367270409849	46	626	22	show
1368327433786	84	826	138	show
1372346942274	104	415	309	show
1366698711223	71	631	92	click
1370810361204	49	147	407	click
1366517709181	33	264	355	show
1373348313876	116	85	176	click
1373056568109	19	401	228	click
1374186418273	51	63	282	show
1369101679952	68	503	101	click
1369537783754	94	468	334	show
1372439308851	118	416	330	click
1373200739091	121	514	56	click
1369184720954	49	188	35	click
1369302103173	114	204	477	show
1369108614497	102	942	262	show
1366809897219	28	925	211	click
1366417416926	96	501	364	click
1368336135340	23	428	223	show
1372290888753	83	254	441	click
1372348178295	30	383	366	show
1371826257687	59	460	196	click
1370826879687	127	177	197	show
1368770289275	18	662	140	show
1368549281377	1	472	305	show
1368524343943	129	498	12	click
1373495119115	58	337	306	show
1371718057252	73	888	197	click
1368559526599	42	762	95	click
1372937409910	38	955	147	click
1369632203613	52	773	312	show
1369481620564	15	775	229	click
1367880309125	102	756	461	click
1373348487922	46	152	198	show
1367143678182	122	991	9	click
1371548103435	110	377	275	click
1373443073434	112	916	248	show
1367628865413	124	141	28	click
1371878563756	103	883	288	click
1372987841337	64	307	261	click
1370978351347	118	559	486	show
1367823019910	120	573	267	click
1373403161284	7	237	484	show
1368777450464	136	546	16	show
1373987807735	24	924	12	click
1367312339517	83	502	154	click
1373960851181	115	293	495	show
1370255606876	83	935	186	show
1370903478970	6	653	262	click
1373291298452	41	117	422	show
1369249539948	93	954	70	click
1368098906013	119	592	7	show
1370637698955	3	404	428	click
1371216947562	62	340	56	show
1368779241556	39	338	458	show
1373530747913	47	195	361	click
1373187458681	20	586	486	show
1371702350785	142	482	420	click
1368539066732	9	168	176	show
1373718807034	20	645	270	show
1367722154160	72	596	299	show
1372895269952	74	13	298	show
1368964541732	93	207	57	click
1369576183730	132	634	292	click
1369473016854	141	875	460	show
1371916008614	89	943	207	click
1367029409765	36	629	457	click
1367752937651	46	475	31	click
1368378944078	9	254	33	show
1371610193044	29	704	152	click
1368863715476	57	139	247	show
1373530048142	64	443	316	show
1368063519340	43	716	466	click
1370674015375	49	321	494	show
1369504842660	52	783	320	show
1368668527242	90	153	177	show
1370106627579	34	600	427	click
1371394572565	54	178	175	click
1372820371431	91	903	365	click
1373614999715	23	674	129	show
1369917994247	119	191	80	click
1369555672959	91	33	4	show
1366357663621	67	979	38	show
1369268672866	59	2	145	click
1374101676615	10	916	183	click
1368314418166	97	822	251	click
1373522760529	144	468	302	click
1369938623985	4	9	320	click
1371534887944	98	456	442	click
1374093444400	95	524	347	show
1372430437773	134	711	19	show
1370815088879	44	636	442	click
1372445698278	101	465	247	show
1368931631571	48	478	57	show
1372744144398	126	998	273	click
1372544948944	74	575	293	show
1368766477573	103	740	184	click
1366389963745	101	418	32	click
1368142778775	139	933	174	click
1368826595543	8	603	123	click
1366847082448	75	712	355	show
1372303039996	29	284	127	show
1367862170021	71	278	461	show
1370914124311	5	765	30	show
1366776267508	7	9	108	click
1371301108004	74	437	216	click
1367367907817	35	883	372	click
1369165802720	2	507	499	click
1370987723880	62	909	44	click
1366489574370	46	405	482	show
1367285242780	102	947	369	show
1369737726319	136	692	206	show
1371239912542	93	205	426	show
1368344339353	43	250	445	click
1372986719968	83	974	197	show
1369385404842	74	477	191	show
1373305919944	126	570	346	click
1371550845246	84	391	263	show
1372371254966	149	225	115	click
1367575488994	42	540	439	show
1373740819773	30	291	242	show
1369928138650	46	991	41	click
1367296654461	137	594	236	click
1368801983428	102	697	116	click
1366885764014	40	975	168	show
1368383292387	35	146	363	click
1372997793122	12	606	323	show
1368346786149	129	475	260	click
1366446364040	70	559	277	show
1367560444130	72	170	473	show
1368474280672	44	170	359	click
1367946855114	138	122	150	show
1372025336689	124	126	430	show
1372521333417	106	951	420	show
1367719277397	122	819	175	show
1369969287447	22	92	1	click
1369990513786	110	966	114	click
1368935966234	36	673	213	click
1368223081308	39	277	418	show
1373163605203	99	876	30	click
1371959848480	132	427	364	show
1369117353407	123	833	251	show
1374119014785	15	184	9	click
1367643697074	46	847	255	show
1370531466940	33	226	355	click
1373052858807	37	265	413	click
1369108823387	149	4	154	show
1369072140162	112	591	407	show
1373451010386	64	898	6	click
1370153798225	84	881	257	click
1368990074894	48	841	441	click
1370177764141	141	557	293	click
1369939272274	20	382	266	click
1368174439235	1	310	126	show
1373804187317	11	288	50	show
1371088929293	86	914	255	click
1368987183050	140	810	101	click
1367421107484	80	356	215	show
1367824015881	63	811	131	click
1368901908632	40	63	357	show
1368742800676	132	2	84	show
1367987478089	88	249	344	show
1370236914971	24	583	210	show
1367289596977	150	157	36	click
1371240434963	49	785	489	click
1370642847854	12	174	417	click
1369497970699	138	268	121	show
1369769644573	133	253	162	click
1373850538884	62	762	165	show
1373341804017	22	732	333	click
1369129804529	3	912	162	click
1372672252824	116	181	14	show
1367067508960	109	644	67	click
1367914152594	58	405	125	click
1369236134461	52	806	134	show
1367477303128	79	710	319	show
1371551496084	65	673	19	click
1367964258238	142	372	16	click
1371103762972	131	427	7	show
1369546647247	109	397	283	show
1369502878704	126	631	90	click
1373249878757	71	399	500	show
1368114918000	92	374	347	click
1370517520925	126	431	178	click
1369437447018	141	204	298	click
1373862872488	106	611	303	show
1372014306612	120	49	390	show
1366929840168	80	409	39	show
1371038253290	25	435	234	show
1373126180340	81	721	222	show
1372065491743	112	624	422	click
1371185563462	135	800	335	show
1373339396701	145	267	153	click
1373724543771	116	840	480	show
1370423653477	70	21	241	show
1368897539393	130	524	67	show
1370359331095	26	875	56	click
1372084776414	132	636	1	show
1370400306535	89	672	280	click
1374142240168	59	190	304	show
1372121608210	35	346	196	show
1366907007481	36	735	283	show
1372532271140	30	326	168	show
1366677644468	123	220	335	show
1371455539448	104	748	64	click
1373156719632	39	708	139	show
1371360620708	1	705	371	show
1373567059565	105	419	89	click
1367210617370	122	183	156	show
1373573106796	54	141	208	show
1370704309836	36	627	229	click
1368518463746	84	215	483	show
1372398404212	124	655	226	click
1371467869604	93	220	37	show
1373427194450	95	884	92	click
1373071437292	94	283	268	click
1373681363502	127	982	82	show
1367705255935	133	560	256	show
1369082497238	50	660	363	show
1370331154038	15	725	230	show
1373313885828	114	496	80	show
1372067282869	15	44	9	click
1368561163788	146	489	28	show
1371344106676	63	603	23	click
1368228307390	82	839	56	show
1368093150091	72	845	198	click
1373467102844	63	9	284	show
1368124735082	42	362	172	click
1368512698976	73	399	218	click
1369205523737	31	106	53	click
1373624516691	145	52	76	show
1368143143256	67	636	222	show
1371632756113	8	593	418	click
1369108875136	4	370	82	show
1367990661338	145	768	183	click
1373693333070	130	490	7	show
1371007675600	82	902	268	click
1371402111388	125	431	48	click
1371800095665	92	30	275	show
1373145990120	80	242	295	click
1372215427909	35	771	18	click
1370235784437	71	828	302	show
1368727903860	90	589	447	show
1370307017986	100	384	136	show
1367597399143	126	807	271	show
1367705640968	77	712	54	show
1371266297429	55	616	39	click
1369960290439	138	935	73	click
1368858182524	91	514	19	show
1366680702419	144	771	223	show
1373876923401	92	143	211	show
1373767738592	49	624	135	click
1371017607193	150	964	27	click
1366625154700	12	240	261	click
1366530010310	127	521	303	show
1368725156496	80	587	8	click
1371283875177	137	967	384	click
1373108535120	114	471	244	click
1369068659630	42	617	193	click
1373123769212	82	483	43	show
1372586081792	112	10	352	show
1368238637848	90	894	287	show
1370126493497	9	888	67	click
1370275718932	87	27	256	show
1372303178428	50	992	217	show
1372594131503	92	156	234	click
1368356995911	76	347	384	show
1373626672674	85	177	449	click
1370802497494	68	1000	60	click
1369832460226	58	405	28	click
1368520194137	82	71	77	click
1368066594705	93	709	94	show
1371544885557	39	305	297	show
1369290237565	129	122	32	click
1372615669688	86	588	307	show
1369880066190	128	467	110	click
1370415562792	122	832	81	click
1370726364850	145	66	91	show
1367044821998	102	784	345	click
1373294159213	75	114	131	click
1372698469980	38	933	246	click
1373129545188	123	844	35	click
1370509737250	85	710	157	click
1373834785321	103	432	211	show
1370027035321	10	354	61	click
1371042499007	20	314	50	click
1367899035789	36	161	442	show
1373219180271	143	308	458	click
1368060387948	103	118	302	show
1370688064100	3	807	451	show
1367314516181	66	214	332	click
1369092070404	2	103	172	show
1366600564725	29	656	294	show
1369741523148	95	321	60	click
1374115996807	71	337	282	show
1373342831721	39	841	96	click
1370950671995	36	656	456	click
1366489782013	22	740	40	show
1371201410310	125	884	397	click
1369071786809	89	186	5	show
1371539657138	133	555	170	show
1369230207950	136	316	89	show
1369884400825	100	904	188	show
1369810873955	15	155	339	click
1367944413227	49	825	397	click
1372620508500	128	632	81	click
1372575911499	73	950	226	click
1373461282664	16	747	495	show
1373372935197	139	75	352	click
1371014788139	10	952	474	show
1369604659434	98	627	111	click
1367122988068	38	788	453	show
1367726055301	27	102	314	show
1370835920844	111	114	142	click
1368873705589	18	706	6	show
1370927689747	45	110	300	click
1370821112708	78	978	434	click
1368525355657	108	244	47	show
1370665923244	72	816	134	show
1371646350971	28	709	204	show
1370027074449	125	687	358	click
1369064668255	77	719	445	click
1367262240630	46	286	211	show
1372068460088	57	393	194	show
1371905452950	102	98	44	click
1368224839424	55	230	369	show
1371329670899	10	620	156	show
1373261900447	80	777	56	show
1369248098904	145	190	60	click
1367629387377	26	498	349	click
1371611308300	79	294	340	click
1366728713015	71	491	274	click
1372803185325	60	186	217	show
1373061676877	29	504	184	click
1369476840735	97	262	247	show
1374007968210	48	640	336	click
1367097096303	107	217	43	click
1373116186108	129	107	447	click
1371138167661	85	48	119	show
1372797143841	135	649	130	click
1373317348736	7	330	359	click
1368914900312	87	554	75	click
1366618571893	79	79	319	click
1371825885313	99	658	438	click
1366414982315	2	793	123	show
1373094048964	20	492	423	click
1370884353850	96	214	107	show
1369534328092	106	587	211	show
1367343751751	71	966	98	click
1366469883947	106	400	162	show
1371487840386	129	814	492	click
1366819066455	39	916	231	show
1370197276756	145	627	285	show
1368504850652	127	971	120	click
1369179678932	93	998	242	show
1371383481404	7	259	295	click
1372920615218	109	762	353	click
1367709429748	77	490	105	show
1370090030208	112	925	280	click
1371673068371	15	614	62	click
1372424376177	32	174	383	show
1373374041700	4	875	109	click
1369275945563	18	852	317	click
1374013638431	24	91	39	show
1368395729820	127	435	186	show
1367671871205	128	666	81	show
1366414366463	71	979	273	click
1373596879012	22	280	451	click
1373036429860	25	735	170	show
1373967692711	51	215	285	show
1372634346474	85	6	219	show
1367532536593	139	74	338	click
1373826766934	52	468	19	show
1370786015274	130	268	95	show
1366375008872	131	555	468	click
1371576091608	8	631	405	show
1369179960771	150	827	220	click
1369660128247	140	844	78	show
1366809121629	12	916	287	show
1372780953020	16	468	300	show
1371955976132	74	858	349	show
1371637785247	64	628	360	click
1370537438295	15	948	471	click
1369698668507	40	770	385	show
1366685047392	44	960	310	click
1369554620128	102	772	498	show
1367644686971	15	112	91	show
1368380566102	69	394	200	show
1370198314034	32	431	231	show
1371923244586	14	91	210	show
1372311523234	12	451	301	click
1367906659032	38	823	422	click
1366625131590	86	284	98	show
1368327528743	50	79	306	click
1367724702450	9	95	449	click
1371308113109	44	287	263	show
1373678690703	50	312	266	click
1372871211861	13	980	476	show
1372921969979	54	802	131	show
1371335688231	94	587	15	show
1368474119794	120	62	161	click
1369761217328	42	306	388	show
1366356721030	41	823	290	show
1367756115013	87	693	22	show
1370191638172	52	65	385	click
1367185525132	64	721	177	show
1370882414657	57	105	102	show
1370860601334	113	314	189	show
1369229141823	110	703	458	click
1374038343353	80	278	134	show
1370292072103	64	839	274	show
1367673679278	43	239	433	click
1368535330801	135	314	451	show
1371849621007	72	383	77	click
1369404867965	64	431	359	click
1373694476944	105	907	292	show
1368200606379	115	329	334	show
1371965591525	82	122	293	click
1372407722937	103	264	270	show
1367709356095	21	538	6	click
1367295523545	138	477	483	show
1370592568680	36	36	258	show
1370166630730	76	861	188	show
1373636298161	84	352	343	show
1371893971763	74	637	24	show
1366853998646	99	542	477	click
1368778621328	120	675	95	click
1373592778708	64	279	349	click
1368288218901	62	795	500	click
1366650278105	141	763	487	show
1370042018757	64	570	105	show
1367507381240	138	489	433	show
1367492495740	129	916	345	show
1369977916094	55	871	20	show
1369955080885	103	718	66	show
1374077214448	71	739	460	click
1368597293341	37	975	313	show
1368267855987	59	200	348	show
1373781917598	130	608	232	click
1366425776162	13	291	252	click
1373202417204	52	911	317	click
1368302063219	77	540	249	click
1369411547894	25	856	251	show
1369198221428	85	827	38	show
1373820242698	128	788	439	show
1368663417880	10	62	236	click
1369429767342	32	719	491	show
1366431993600	81	974	366	show
1370982463317	36	112	225	click
1370546841579	28	267	128	show
1372403781517	126	778	440	click
1370937580386	40	248	378	click
1374151159731	11	700	221	click
1367169716813	86	922	245	show
1369937366410	128	129	43	show
1368670708907	11	311	294	show
1371781272445	110	504	83	show
1373193594625	31	550	442	click
1373928196007	125	494	319	click
1372564915990	137	175	404	click
1368553638138	77	435	400	click
1370770580358	8	571	252	click
1373640528233	5	555	278	show
1369313719111	41	462	58	show
1366345906207	54	877	118	click
1367587546065	74	507	500	click
1372062792608	28	613	345	click
1369262866337	123	55	240	click
1370515706880	135	401	187	show
1373080816650	42	270	289	click
1372420888039	43	358	214	click
1366571707098	74	43	349	show
1371255473146	60	676	13	show
1370305096930	145	41	396	show
1367007930537	21	719	90	show
1367656337558	104	417	112	click
1370398468083	116	714	355	click
1372847966187	26	399	269	show
1370877421517	70	253	204	show
1372855028996	111	484	313	click
1369778387039	17	201	193	click
1372767751960	20	65	493	show
1371841649392	40	892	384	click
1373944788532	52	93	399	click
1366787660221	11	763	148	click
1369971872682	75	462	124	show
1372485109175	8	885	364	show
1372068867243	132	79	99	click
1369786738405	81	514	101	click
1368308192983	148	754	225	show
1367234123906	4	934	66	show
1370126973670	74	858	242	show
1371740552672	19	885	187	click
1372179094104	109	797	103	click
1370611808897	18	408	336	show
1369888985410	57	156	112	show
1367132074494	127	678	283	click
1371445591498	139	416	275	click
1371455298798	84	253	238	click
1367865644873	120	540	466	click
1373959649346	135	205	169	show
1369480949455	92	93	280	show
1368018873359	65	289	40	show
1371173056995	42	846	7	click
1369688991440	83	537	92	show
1366706131865	26	470	299	show
1373468858380	88	816	443	show
1373927395670	150	394	340	click
1369047955523	134	133	441	show
1368026375299	95	485	349	click
1373128037720	4	746	112	show
1366819456896	32	546	236	click
1367353990449	19	56	418	show
1370722714521	111	40	319	show
1372232543328	70	68	26	show
1371591864257	90	959	488	click
1368825813357	5	658	88	click
1371761655615	42	427	248	show
1368490169046	39	478	321	show
1373598960930	60	223	471	show
1367552611043	120	154	336	click
1373745098136	103	245	280	click
1373292203306	130	50	95	click
1371125237538	37	689	136	click
1372828508293	138	318	272	show
1371003140923	61	152	214	show
1370382366887	11	488	496	click
1366903446479	130	900	210	show
1368047890641	31	935	400	click
1366821345152	45	523	201	click
1373972482552	144	268	171	show
1367030099651	79	553	446	show
1373423630633	47	118	212	click
1370042742327	64	485	181	show
1370810921501	73	983	112	click
1373395828254	16	703	53	click
1370893098994	120	397	286	click
1369941438034	100	701	297	show
1373744244618	96	37	340	show
1368019748174	63	679	311	show
1371289266807	33	114	467	click
1367371848608	1	945	385	click
1369720378062	51	626	427	show
1373827823284	90	321	304	click
1367195581984	76	580	327	click
1372695602901	109	3	24	click
1372012458955	72	304	337	click
1369860709142	62	954	479	click
1368391502227	139	952	460	click
1370673659681	102	322	149	click
1366376314092	12	140	169	click
1368232872642	130	894	476	click
1369478719831	3	41	126	click
1370854152929	83	525	250	show
1371343464520	60	268	149	show
1372712835480	83	284	65	show
1369539605730	77	275	193	show
1372759379380	98	267	67	show
1374031647291	117	616	35	show
1373209504958	11	147	153	show
1369385768216	52	590	400	show
1368707939325	69	551	306	show
1368640120488	79	982	335	click
1374109146812	1	628	352	click
1370098008042	82	669	425	click
1368430444488	61	388	408	show
1369612016824	55	45	444	show
1366861367282	124	254	261	show
1374186523493	87	516	493	click
1367819697265	108	896	75	show
1368967572806	56	235	391	click
1371444247560	100	198	62	show
1367488559066	94	88	314	show
1373153983222	145	250	199	show
1369375299144	27	309	183	show
1372917319852	141	82	6	click
1373548701082	107	700	422	click
1366359459139	51	637	259	click
1366683795913	101	312	490	click
1374133170419	130	282	15	click
1366874002610	76	548	95	show
1372688816066	145	514	234	show
1367208944187	64	597	5	show
1369481822563	45	468	491	show
1366739451905	38	994	447	show
1369711792381	38	735	368	click
1370692941898	32	257	445	show
1367016960595	137	675	58	click
1374057220373	147	766	221	click
1366992448871	139	346	82	show
1370868150818	24	896	167	click
1371556493784	128	152	59	show
1368566643200	149	550	174	click
1368377063662	38	2	205	show
1370473882157	144	593	448	show
1373514964813	14	861	329	show
1369063815202	80	750	239	click
1369686218469	75	837	297	click
1372177977452	4	223	253	show
1373482846152	106	436	232	click
1371213788206	103	646	483	click
1368238263097	100	915	487	show
1373283051270	95	562	257	click
1369972928251	36	47	404	click
1371308643196	47	951	77	show
1367880266332	143	296	293	show
1366440143743	96	36	369	click
1369272237431	44	836	271	show
1367159982949	40	850	228	show
1371749210714	21	487	34	show
1369541617095	90	938	494	click
1374184842631	33	328	458	click
1373930234370	27	999	194	show
1369402672177	55	806	180	click
1373004615737	57	417	389	show
1370209725678	119	18	242	click
1367525092043	31	894	84	show
1372963878700	65	262	75	show
1373062568111	10	142	118	click
1370533497857	131	396	277	click
1372987701312	32	945	48	show
1370838974189	10	878	245	show
1371562110236	34	286	340	show
1372079529023	61	801	251	show
1372121068737	11	546	439	click
1367779268590	1	2	324	show
1368561335456	27	501	292	click
1367934658507	84	628	206	click
1373898546080	25	82	18	show
1370344004252	39	718	254	show
1367139427144	134	329	377	show
1369443523099	22	747	84	click
1367697171895	71	734	254	show
1369497799248	120	574	29	click
1368922687449	101	730	256	show
1368222014920	35	93	366	show
1366582737451	131	709	365	click
1369446717443	139	341	492	click
1373582163619	13	26	249	show
1373158548915	102	833	117	show
1370760325139	3	678	4	click
1367130782250	82	839	20	show
1367194119329	126	640	323	show
1368138815051	22	394	148	show
1368339785325	85	904	342	show
1369052006508	135	287	248	click
1371492487091	57	242	320	click
1371884168245	125	442	80	click
1368725431312	92	208	491	click
1370561311289	147	777	59	show
1367059940136	18	269	305	click
1372935447435	123	398	483	show
1367348333112	145	296	133	show
1370945515017	30	798	125	click
1371276417736	55	88	330	click
1373587694481	102	864	288	click
1372530268123	52	159	167	show
1372050910055	18	298	247	click
1369547344240	93	374	39	show
1369821711987	14	892	43	show
1366654404738	10	471	151	click
1368712837436	40	416	302	click
1374049041230	138	749	38	show
1372011973414	117	791	19	click
1372555685593	93	865	474	click
1372874130727	62	76	170	click
1368907084292	146	57	371	click
1368381880840	45	222	354	show
1366917215316	55	213	47	show
1368176315261	98	273	162	show
1370916273397	92	581	5	click
1370151142853	132	721	261	show
1370324695556	89	712	444	show
1373584128760	62	727	75	click
1372273494853	32	479	202	click
1367246137966	130	43	21	click
1371011069332	11	815	350	show
1373741913511	129	410	146	show
1374128138910	2	587	142	click
1369510756678	78	379	343	click
1371213033378	77	589	366	show
1371372715877	20	246	205	click
1369953417157	119	732	474	show
1366737943811	110	948	142	click
1371601973077	130	285	274	click
1371331757103	121	679	355	show
1373269138996	62	185	83	click
1374152559623	85	61	410	show
1370288017431	6	476	448	click
1366878388453	75	73	15	click
1372493323191	95	124	485	click
1372686986243	129	95	153	click
1370168759773	11	933	219	click
1373414382927	9	700	219	click
1372082711824	142	666	320	show
1371116581858	113	601	217	click
1373147378209	15	628	233	show
1368158469383	75	513	189	click
1366994222360	62	135	372	show
1369124737266	30	356	187	click
1373177430150	112	130	234	show
1371374451854	46	977	48	click
1370762759091	23	444	406	click
1367351919917	106	280	262	click
1367377109351	2	413	182	click
1370951134636	85	560	399	click
1369263873277	127	95	93	click
1367431850109	12	795	346	show
1373150800453	100	167	304	show
1367912675768	112	115	424	click
1373866199574	26	617	83	show
1369711525617	25	596	35	show
1371801087563	149	926	417	click
1369704861445	84	356	321	click
1367155939009	75	318	229	show
1372011671520	42	869	149	show
1367057223862	128	134	6	show
1368847507362	18	666	451	click
1369166997292	6	878	413	click
1372799449018	67	640	235	show
1366712269938	79	141	383	click
1373543801527	49	553	56	show
1371422128441	72	633	74	click
1367643812054	60	216	486	click
1374145641997	48	955	235	show
1373354251646	46	430	266	show
1367587879231	47	542	172	click
1367108177686	20	107	445	click
1372832987791	52	697	287	click
1373444613274	12	182	416	show
1370966005799	8	288	53	click
1370018522617	114	426	20	click
1372962624753	70	987	338	click
1370107170285	86	820	415	click
1371973507459	124	88	300	click
1370747984375	140	843	316	click
1372138257288	4	458	346	show
1368474937446	118	211	485	show
1371905245551	71	498	139	show
1367742301443	67	922	483	show
1371195085911	118	425	440	click
1371079865879	24	936	264	show
1372496166414	63	453	429	click
1371897679745	51	399	371	click
1371467116137	73	27	251	show
1371558826886	34	955	220	show
1370704316770	102	887	352	click
1371402252310	18	362	443	show
1368249364641	97	800	59	click
1369035207678	102	789	180	click
1372689217700	86	396	145	click
1371063341339	109	997	170	show
1366877985475	131	393	90	show
1366425056626	139	465	365	click
1370244754274	5	348	415	click
1369361543760	128	204	25	show
1373728994802	57	306	372	show
1370189464080	115	806	45	click
1372376385976	92	35	334	show
1369648522098	7	935	450	show
1369807039411	128	535	169	show
1371499165697	41	772	282	show
1368930294726	114	642	423	show
1369911505845	98	279	355	click
1366663361971	145	542	386	click
1367349525691	112	251	274	click
1368429869174	48	155	70	click
1372379555901	24	973	117	click
1372243526766	81	892	414	show
1368999504088	5	111	231	click
1367016253698	120	266	25	show
1370752860577	123	346	458	show
1368868159057	149	553	446	show
1372313764847	141	288	348	show
1373460766774	23	633	94	show
1373139382865	56	452	220	click
1367999528292	16	438	140	click
1373264965398	17	129	223	show
1374029035527	46	622	221	click
1369142941694	54	367	446	click
1370561724948	69	9	258	show
1372579793822	79	204	468	show
1373147133061	130	311	441	show
1368809166933	103	293	267	show
1369059726928	31	748	458	show
1372025480641	36	136	150	click
1371976412776	139	89	320	click
1366729129871	96	737	357	click
1370031719029	82	870	43	click
1367261857194	35	520	430	show
1369752554959	41	842	458	show
1371127196933	115	130	366	click
1368129408660	126	432	137	click
1366398591399	80	428	286	show
1372124609098	135	456	196	click
1373721622282	36	156	243	click
1369263343743	92	260	443	click
1366619783966	118	638	207	show
1372222548624	131	502	341	click
1370017083391	70	309	72	click
1368794572363	1	627	271	show
1370908057630	16	937	368	click
1367005326401	119	377	419	click
1369395734154	42	534	37	click
1370013248629	47	828	66	click
1366725361778	88	403	417	show
1371429870965	10	68	12	show
1373986610727	125	671	177	show
1367172069699	107	993	226	show
1367240912687	146	694	208	click
1368510408205	63	605	415	click
1371820019376	67	356	251	click
1372275642708	64	521	423	click
1367161436813	53	816	496	click
1366436805950	40	9	484	show
1373420579093	23	770	220	click
1370208918314	86	62	273	click
1369456228505	23	717	50	click
1370004890063	54	517	151	click
1367828026767	120	678	50	click
1370067528518	140	576	8	click
1368381770341	141	219	325	click
1370973563869	131	200	358	click
1370449071967	60	488	156	show
1369947737969	102	210	489	click
1373942722818	93	439	282	click
1373392658859	32	235	264	click
1373506641684	64	23	48	click
1367402016605	66	374	338	click
1368871406326	95	885	410	click
1369724877817	94	679	21	show
1369106180868	29	582	237	click
1366581419357	119	482	208	click
1368869951364	26	663	334	click
1368067232020	76	74	60	click
1373488870772	45	949	258	show
1368753805278	27	779	117	show
1366517226354	25	111	460	click
1367275289721	8	832	294	click
1370483098111	90	944	407	show
1373003033847	12	494	401	show
1373344776338	4	535	17	show
1373647443996	134	720	156	click
1373809261474	114	635	489	show
1367800462502	74	307	296	show
1366529927912	120	569	88	show
1371935654855	124	441	454	show
1373518201370	116	629	126	click
1370916059517	85	668	113	show
1368755780682	99	306	65	show
1370032249594	149	278	70	show
1368543475544	48	821	192	click
1373709120707	113	252	251	show
1370534838613	45	375	438	click
1370644779795	62	589	110	click
1370304133959	13	851	23	show
1373688346512	64	82	105	click
1370859845856	114	566	20	click
1370546380720	109	993	308	show
1370202075488	44	697	384	click
1368173871330	136	586	210	show
1373177852083	17	176	183	click
1370115387312	76	186	480	show
1369772684978	61	879	165	click
1371209268863	150	644	327	click
1371024338515	57	463	86	show
1368939070477	34	736	403	click
1369165168951	18	277	228	show
1366628100968	73	191	114	show
1373280848817	56	212	179	show
1366519926537	18	661	424	show
1372130400632	126	819	148	show
1366426501767	19	971	132	click
1367970068759	2	540	74	click
1371317815475	21	513	351	show
1368870535220	111	456	268	show
1369828056168	35	702	286	show
1369829352763	3	279	232	show
1374008866951	104	815	328	show
1366880919201	135	57	288	show
1373616988447	32	905	135	show
1373529105299	86	999	75	show
1372590043745	18	124	167	show
1366967315816	84	662	302	click
1369639441871	121	562	248	click
1373151555991	31	178	259	show
1373617231324	144	112	60	show
1372698297873	1	961	463	click
1368741836613	5	637	52	show
1367430122994	92	838	349	click
1367550165011	98	979	409	show
1369949873723	48	308	443	show
1371257961554	43	532	250	click
1372687608663	66	325	93	click
1368012299307	65	825	235	click
1370737606087	39	395	173	show
1368848564431	45	842	373	click
1373863615495	85	256	34	show
1372814920652	16	446	140	click
1372624406380	120	673	287	show
1370031495282	93	24	311	show
1369084318229	103	147	118	click
1370979468647	27	598	400	show
1367769327338	137	879	236	show
1367089388979	144	903	235	click
1366735040887	13	955	262	click
1372714915094	39	908	78	show
1370589512686	93	43	233	show
1367099540321	30	813	367	click
1370775413497	9	506	483	show
1366976469288	76	70	306	click
1372920261302	143	667	105	click
1371015851058	6	355	66	click
1372658859253	63	998	213	show
1367716731847	138	477	70	show
1367357435547	74	276	96	show
1373078542181	57	622	338	show
1369865273184	45	442	14	click
1368915894090	64	885	472	click
1366713666993	68	46	378	click
1373931539349	122	71	289	show
1369635371097	78	419	458	show
1368379899802	113	973	264	show
1366511382211	128	926	195	click
1373577244942	96	324	52	click
1374131138705	53	105	338	click
1373901619892	30	782	362	click
1372235403284	4	219	354	click
1372403959825	113	148	156	click
1372362421332	113	277	281	click
1372803896637	110	888	66	click
1371780131716	19	21	22	click
1371433008548	149	631	118	show
1372447258144	77	157	385	show
1371622048592	133	916	20	show
1369032377437	85	971	330	show
1367312474067	128	792	121	show
1370735755080	103	305	334	show
1368546053580	22	268	280	click
1372979366662	125	675	308	show
1372208914502	58	369	138	click
1370058389150	3	763	246	show
1371584798927	43	233	248	click
1367361480725	99	256	36	click
1366368508935	97	681	458	click
1369589070877	24	948	334	click
1369499139907	119	225	181	show
1367384054538	21	133	478	show
1369280024040	91	541	446	show
1371722126532	62	269	341	show
1367716070570	70	757	375	show
1369179585004	35	535	178	show
1371794266530	146	413	326	show
1371771094200	77	995	210	show
1366774764587	132	335	231	click
1369930652301	66	761	247	show
1368540835201	128	42	400	show
1372327743865	10	545	35	show
1366965567367	141	488	77	show
1372579884312	32	627	292	click
1366776210955	111	417	185	click
1370755268379	137	6	185	click
1368822932797	94	906	44	show
1368869110291	25	650	41	show
1369358972974	93	97	156	show
1371589822388	47	483	69	show
1369819503576	130	312	67	show
1367104756056	111	243	489	show
1367983575208	101	451	25	show
1370638983442	96	661	98	click
1373235785508	146	114	89	show
1373093478328	22	726	227	show
1372948471024	2	304	390	show
1373977517536	91	547	494	show
1369690098655	61	306	147	show
1373846290842	24	427	171	click
1372189140472	54	782	184	click
1374006487497	76	26	51	show
1373777901015	17	993	143	click
1370604431667	147	727	42	click
1367971534464	68	876	71	show
1371394414298	100	239	4	show
1370864322561	120	697	306	show
1373268646826	103	62	444	click
1370569543572	20	885	499	show
1370464131680	58	113	418	click
1367524699294	74	958	139	show
1368085646401	84	232	31	click
1369703380255	145	517	404	click
1368394829897	123	866	52	show
1373975327361	20	235	193	show
1372455095842	138	475	35	show
1369453536582	84	207	479	click
1370441842036	39	559	177	click
1372849698253	27	675	125	click
1366443160036	22	27	61	show
1374082861230	66	410	326	show
1369627421278	134	779	487	click
1368196537548	140	679	380	click
1369350077821	107	832	313	click
1366510310879	98	338	76	click
1369230170781	24	541	480	show
1374001895340	132	185	2	click
1367950317166	49	891	190	click
1369923573780	28	562	95	click
1367145637666	121	309	202	click
1366380571375	96	436	165	click
1371920821143	14	993	13	show
1369222911300	72	135	225	show
1371812060900	53	900	255	click
1369782663288	82	855	138	click
1366404274286	100	630	188	click
1369170924761	17	522	483	show
1372702294727	87	149	118	show
1370484958946	115	38	361	show
1373638163464	128	704	388	click
1366408555076	28	450	383	click
1366761446694	81	65	479	show
1367752615086	99	27	275	show
1370087212764	65	282	191	show
1368859465154	80	74	145	click
1368817156872	103	546	329	click
1370975279434	71	550	359	show
1371979149196	40	65	449	show
1368560020881	93	323	377	click
1368328144372	126	965	428	show
1367313110325	3	429	124	show
1367956004279	81	469	215	click
1368441759267	11	332	162	click
1368962851178	102	606	366	click
1369202131686	42	278	176	show
1373568606156	109	513	340	click
1367524386457	81	474	64	click
1368390983002	39	408	321	click
1371615458820	89	702	128	click
1372384504109	131	500	79	click
1372294718218	3	509	107	click
1369450121849	50	505	69	click
1370188395206	89	236	114	show
1368973862527	88	111	207	click
1372689697154	62	705	80	show
1370513877114	26	810	91	click
1367428140721	123	250	309	click
1372146520698	33	732	178	click
1373508974518	2	834	427	click
1370533253618	78	592	213	click
1373068955309	112	969	157	click
1374058146507	30	708	459	click
1368535216967	116	434	116	show
1367651598439	139	34	226	show
1372386072813	33	259	224	show
1371127835435	137	862	336	show
1368211346716	48	924	215	show
1372638553278	125	274	315	click
1373115798461	63	581	376	show
1369576803101	65	810	30	show
1369244122006	80	446	452	show
1371037542103	95	492	265	click
1369107176025	127	765	13	show
1368781635232	24	292	104	show
1372068755300	90	134	386	show
1370414875918	49	95	314	show
1369299151565	65	648	472	click
1373825050263	130	759	174	show
1369776561781	20	847	417	show
1369580138945	125	262	268	click
1369544399423	79	339	34	click
1373294003886	16	260	447	show
1370580913571	142	966	155	show
1366734846132	88	611	21	show
1367048562762	64	265	430	click
1367652938235	1	268	447	show
1368531312210	70	986	120	click
1368743243406	131	79	484	click
1370989637657	124	990	293	show
1373008852754	13	862	223	click
1369332850377	134	980	1	show
1369091947934	144	957	364	show
1366684331692	17	63	382	show
1368881812901	1	925	28	click
1369633938840	91	218	211	show
1368788557421	42	379	188	show
1367594164849	43	762	342	show
1373217639683	134	539	180	show
1366351787948	139	106	412	click
1371343205714	98	336	151	click
1374018869911	72	100	29	show
1367106259786	49	592	387	click
1369531468228	18	761	278	show
1369339299777	121	413	134	click
1370679496783	90	100	210	click
1371786294383	139	787	304	click
1369228680845	124	605	165	click
1368715776811	135	403	31	click
1372254694474	38	610	142	show
1366589491117	71	457	25	show
1368439600450	34	250	73	click
1366748553648	94	277	71	click
1370366171247	145	239	356	show
1372624566323	70	716	394	show
1373303095528	21	153	3	click
1367136694744	37	197	116	show
1367180245454	69	346	422	show
1369873397344	112	266	230	show
1368172698035	27	941	53	click
1369860385488	34	994	468	show
1370140402631	63	322	138	show
1373983632875	54	992	121	show
1366976201186	44	982	66	show
1372162629507	90	515	492	show
1371867206743	64	771	435	show
1370954232521	91	277	147	show
1368539900344	41	183	295	click
1370223562310	77	437	426	click
1367632274802	76	120	303	click
1368728755209	63	219	141	show
1370422565122	98	279	132	show
1372777902866	138	862	147	show
1369254932077	20	965	351	show
1372805580884	40	74	469	show
1371318955969	128	330	346	show
1367968533296	8	799	314	show
1368064644954	110	411	185	click
1366462083725	70	708	51	show
1370906610366	63	187	131	click
1372170732135	69	198	62	show
1370820790045	92	3	89	show
1373100782050	123	843	100	show
1366505498389	23	830	27	click
1367034969272	70	966	500	show
1373429235848	24	692	253	show
1369909580392	49	264	407	show
1368971092781	120	828	328	show
1372370319009	85	704	425	click
1368286352907	70	181	191	click
1374164040401	63	447	316	show
1372962790390	150	805	469	click
1374015697239	70	627	147	show
1370391428130	118	265	318	show
1367620532012	117	722	171	click
1371403427760	34	984	321	click
1367479729731	14	339	291	click
1367066561177	138	743	193	click
1372242157263	45	867	208	show
1371279050204	82	86	230	click
1369818351810	13	178	209	click
1369376944571	56	827	113	click
1373786547491	46	333	186	show
1371642313245	125	650	406	click
1369156774473	30	147	333	click
1370439129590	148	87	93	show
1373384921148	47	507	151	click
1370239763852	89	685	12	show
1373137023650	77	583	170	click
1372338470133	25	933	80	show
1369709057127	76	972	41	click
1371963430767	87	266	62	click
1373965750308	141	643	104	show
1367774308668	80	638	157	show
1367313893133	88	50	444	show
1369538761808	95	467	178	show
1368664254830	73	678	290	click
1371931296475	11	70	498	click
1371265349649	83	121	304	click
1370420420787	147	477	122	click
1372073257072	88	851	474	click
1366640595770	109	87	331	show
1371217701336	40	448	157	show
1369122208438	125	962	389	click
1366379358641	31	590	221	show
1370516115040	61	859	13	show
1370903762953	146	214	456	click
1373873285047	150	138	15	show
1373068223886	121	540	239	show
1366567264277	58	43	76	show
1370971913992	14	215	313	click
1370276140669	6	34	271	show
1369874762202	145	275	225	click
1368281994730	136	920	317	click
1370069020354	70	789	198	show
1367500390234	101	247	329	click
1366786402352	36	409	184	click
1372428392736	61	513	373	click
1366933160196	132	422	429	show
1371646592882	41	317	489	show
1372022220557	29	138	69	show
1371899626402	122	450	2	click
1371595438122	54	156	40	click
1374058362878	29	139	365	click
1368570166757	101	571	427	show
1368877180670	27	659	91	click
1369389728380	125	562	216	click
1368872366544	67	495	428	click
1373892286351	21	501	241	show
1367212843849	96	47	163	click
1369820539411	31	612	205	show
1370924757008	137	218	310	click
1366379253246	105	832	29	show
1368331883137	83	672	329	click
1368254152338	126	757	236	click
1366487152058	31	977	442	show
1370268277532	144	946	457	click
1368404271709	139	639	373	click
1373522895449	97	741	365	show
1370149141099	45	53	198	click
1368454882114	12	974	433	show
1371867193585	125	531	333	show
1369905437817	143	722	185	click
1370126606153	44	256	427	click
1374044042856	98	252	309	click
1373530995952	53	693	16	click
1367158464353	133	169	426	show
1367043752217	124	376	124	click
1372507073662	14	103	350	show
1372654608641	34	666	202	click
1366998722159	52	98	247	click
1370750331472	37	854	34	show
1370203831926	67	628	238	show
1367273443639	34	404	435	click
1372192587395	124	640	163	show
1368149856495	42	218	294	click
1369413838514	43	825	112	click
1373248683087	89	236	3	show
1372800870785	146	985	239	click
1368729186775	111	412	322	show
1372660925097	21	259	157	show
1370660251757	149	79	409	show
1373471765272	3	258	295	click
1372076381873	115	75	381	show
1367558980661	58	529	417	click
1372967848992	23	404	11	click
1367441087643	137	427	255	show
1370746232305	127	670	117	show
1370274760492	128	830	186	click
1367840522428	53	77	108	show
1369725702994	80	547	478	click
1373107274125	133	473	107	click
1366985317704	96	447	159	show
1373961814918	79	133	412	show
1368437585301	14	491	292	click
1367080075969	30	158	188	show
1370399679538	16	438	245	click
1371662234058	132	254	128	show
1366730957142	48	175	110	click
1372860019486	37	731	52	show
1366765913609	46	378	437	show
1366747490595	140	594	169	click
1370830897139	19	145	173	click
1370391471277	141	517	498	click
1368578505949	92	124	256	click
1371762325887	25	741	276	show
1366700209001	16	39	176	show
1371733351448	13	69	348	show
1367760975252	141	487	458	click
1368271902775	14	220	37	click
1369678768391	4	34	212	click
1369127175428	119	967	266	show
1368049501735	124	669	209	click
1370809615959	46	454	466	click
1370899164270	97	766	75	show
1371438397837	137	434	170	show
1373763881292	6	118	204	click
1371645075530	94	341	259	show
1372597368145	121	867	324	click
1369658568391	77	983	184	click
1374177227804	47	60	99	show
1373167131340	86	319	411	click
1373233430283	144	862	277	click
1370384515968	139	952	83	click
1366413166769	21	902	376	click
1367530605280	88	780	383	show
1366417147433	102	142	402	show
1368173363890	47	788	72	click
1367879672356	104	905	287	click
1367668371321	116	909	100	show
1367864066103	70	82	207	show
1368606728949	135	53	391	click
1372240242119	42	508	495	click
1368298475232	42	721	125	show
1366404808870	47	393	207	click
1369890819809	66	562	328	click
1367014763130	96	27	310	show
1368875237203	38	165	448	show
1371406510806	10	25	370	show
1367944188209	66	930	327	click
1369291249736	107	604	8	show
1368319365026	96	809	60	click
1369419100700	95	474	69	show
1372145464116	101	826	345	show
1366459113052	73	678	8	click
1367165247286	42	412	4	show
1367445621289	99	554	70	show
1367832822760	82	638	181	show
1369161724271	16	104	179	show
1370813943585	42	688	172	click
1370810629979	81	594	126	show
1371192332378	133	824	276	click
1372929266421	110	447	162	click
1371019115483	131	111	26	show
1366936546367	58	716	161	show
1367218667397	78	323	101	click
1367996059067	11	394	121	show
1368312085561	36	633	199	click
1366925054048	31	611	82	show
1371802525062	107	962	91	show
1371609343313	110	120	29	show
1370434194162	41	981	249	show
1367429084476	114	274	267	click
1370809280658	98	503	436	click
1369344107474	22	808	425	click
1374060054647	132	3	318	show
1372408138793	43	587	200	click
1369384196822	7	218	386	click
1368146209961	113	907	136	click
1368160274650	40	627	159	show
1371080381786	87	809	392	click
1366614646596	7	574	321	click
1366623083624	69	530	371	show
1373537416771	41	845	91	click
1367377840417	144	832	229	click
1369635208865	12	649	152	click
1368514214670	1	971	294	click
1369815275225	69	528	44	show
1366701322433	119	972	353	click
1372399007015	31	508	239	show
1372029387443	122	690	306	show
1374085810877	121	110	22	show
1367796673607	102	833	71	click
1371076082264	21	871	383	click
1371684522449	94	667	59	show
1370521174962	13	368	141	show
1367202433884	61	670	62	click
1372240003540	124	607	313	show
1373756841672	135	242	64	show
1368820186268	87	321	197	show
1368385235656	40	504	249	show
1373266331841	69	231	404	click
1368017180992	102	184	45	show
1368459418228	31	667	451	show
1370971313027	16	769	123	show
1367675500520	100	484	236	click
1369300152580	90	465	455	click
1372834824249	13	292	403	show
1366962814598	73	565	356	click
1368913014312	80	106	399	click
1372821490555	20	786	222	show
1374004374624	74	326	451	show
1366349801561	59	487	297	show
1369038673087	59	665	318	show
1367090069763	96	72	2	show
1373903742307	120	321	416	show
1373993236781	63	628	396	click
1373453889763	43	327	43	click
1372756948816	38	446	364	show
1370192681904	119	386	248	click
1369975219510	1	399	188	show
1373965669955	66	311	71	show
1368554000771	130	248	174	click
1372981532786	147	231	182	show
1368357703217	89	35	118	click
1369566660316	37	21	443	show
1370632871822	131	686	347	click
1372705483705	19	512	407	show
1373757744516	122	649	435	click
1368578880419	1	895	405	click
1372175288890	101	280	263	show
1373658804090	35	537	214	show
1370915277592	7	489	65	click
1366429190131	102	37	185	click
1369668962307	103	256	2	click
1368101297925	121	966	111	show
1368003246240	136	523	402	show
1371758326344	129	377	369	click
1371299993961	14	233	432	show
1371051685181	146	904	148	show
1368695930870	140	442	145	click
1368902291303	58	495	357	click
1369396585909	150	325	404	click
1372538912813	116	135	320	show
1369905601354	76	96	178	click
1369847195352	90	108	70	click
1370241960897	143	219	41	click
1373900725740	82	428	407	click
1366828511407	104	722	246	show
1367157421950	27	195	290	show
1367272155623	4	147	316	show
1372805687785	123	770	344	show
1367600458328	121	402	71	click
1372152766013	97	895	169	click
1367596685335	83	492	356	click
1369763511817	38	411	183	click
1368176683764	88	223	172	show
1367922820955	97	548	10	click
1367194751775	136	63	292	show
1370857648541	61	368	87	show
1371280400680	139	432	371	show
1371231231319	141	935	142	show
1373062068685	35	159	466	show
1372774479628	87	678	142	click
1373850348128	113	621	355	click
1372025071545	35	209	108	click
1371891219903	112	725	324	show
1372921449241	115	793	360	show
1367275042956	73	539	311	show
1370979971761	53	372	37	show
1367887290480	52	609	115	click
1368324594783	63	118	264	click
1371039788067	30	114	450	click
1371337065037	124	458	465	show
1368756524236	138	812	363	show
1366694464748	60	731	290	click
1369750147253	103	788	197	click
1372728967533	58	93	231	show
1368457940872	94	956	44	show
1372914010673	21	375	221	click
1372336815731	146	292	268	show
1373021232783	104	33	463	click
1367987860823	27	571	20	show
1368453903131	54	759	285	show
1366837297993	30	308	244	click
1367747798513	9	560	251	show
1371116060946	21	341	381	click
1370712457744	110	52	315	show
1366817963915	125	299	144	click
1373329629215	18	596	116	show
1371196652776	114	148	135	show
1370941521684	145	956	271	show
1373985898418	134	813	19	show
1368519289331	38	698	485	click
1372077560070	132	106	387	click
1367286978699	146	836	442	show
1370167978172	1	909	156	show
1371416301835	51	280	62	click
1371314449593	137	493	213	click
1367042029031	104	696	420	click
1367044684827	22	341	30	show
1370201920526	90	520	80	show
1367388864805	143	46	59	show
1371726079002	97	441	195	show
1371321105574	27	894	285	show
1369699216690	2	27	233	click
1370556876598	95	853	249	click
1368597865080	56	517	335	click
1373268957612	4	850	461	show
1366557531879	145	500	174	show
1373658466438	149	477	455	show
1372899816372	25	835	426	show
1373863932984	61	403	339	click
1370089035027	118	314	200	click
1370723973457	104	31	171	show
1372253654208	46	86	26	click
1370717012489	63	344	65	show
1374088261764	150	977	422	show
1366571074944	10	231	192	show
1369954429321	73	217	109	show
1372904747014	141	47	463	show
1370873020333	119	132	216	click
1374003710077	48	786	461	show
1373838447658	102	744	124	show
1371573801660	87	3	159	show
1370999918643	44	389	379	show
1368118206511	108	665	3	show
1373508414359	114	992	43	click
1367585354764	138	95	236	click
1367791768809	59	134	204	click
1372469279349	26	513	382	show
1369296294392	72	356	479	show
1368583818741	100	95	165	show
1370319550324	58	638	211	click
1372262927292	110	113	453	show
1371086701928	100	249	239	click
1372563861484	100	839	355	show
1368670196341	48	409	91	click
1372827325358	4	648	478	click
1372913785592	44	886	306	show
1369236726734	60	231	274	click
1369345506918	78	355	456	click
1368570822619	87	911	474	click
1368243939534	143	759	144	click
1371671075564	75	315	450	show
1370301177110	134	40	185	click
1373748419379	121	422	240	click
1367385862272	120	700	266	click
1371652309560	96	929	38	click
1373818630743	102	853	318	show
1371003352596	45	689	176	click
1366596095348	4	403	151	show
1373515126362	116	512	486	click
1373508892867	113	917	19	click
1369648464204	86	888	363	click
1371800026510	24	595	220	show
1373388923171	46	521	210	click
1371542768489	42	319	279	show
1372925847278	23	25	430	click
1366571347440	83	103	385	show
1372833926303	56	781	24	show
1366769341669	79	677	393	click
1373253408468	65	625	287	click
1371343029662	67	785	269	show
1370398818304	52	620	419	show
1371709415437	93	378	436	click
1369555128044	49	742	211	click
1372641352922	105	109	154	click
1372667802953	22	108	153	show
1370195106289	69	953	406	click
1371536695694	48	819	396	click
1373662732986	115	842	9	show
1372119875372	65	311	431	show
1372411096908	42	654	235	click
1367682695141	125	126	480	show
1373391958221	11	376	476	show
1373815169174	43	726	385	show
1366882779523	54	303	100	show
1368937902120	139	406	251	click
1366567882233	52	502	98	click
1369586176628	3	622	492	show
1366479102150	131	425	328	click
1373938062569	40	937	483	show
1369447017738	100	387	85	show
1366664494319	97	729	293	click
1373507729851	144	576	418	show
1368803962720	37	379	368	show
1371150955276	4	743	193	click
1366799647919	79	762	326	click
1367378849862	56	206	131	show
1368778983635	19	935	319	click
1373033898182	89	163	276	show
1366342550328	105	382	399	show
1371704564330	35	84	343	click
1368371505537	43	980	27	click
1373235776904	143	485	420	show
1366404663849	106	919	349	click
1369951896709	59	470	251	click
1370454163529	86	698	65	click
1373112104087	143	606	103	click
1369033216665	127	103	39	click
1373471458996	113	679	309	click
1371362914419	90	965	413	click
1367259192508	150	158	490	click
1372621230882	73	571	469	show
1368132079143	138	708	58	click
1367263660087	7	27	498	show
1372590732836	4	429	89	show
1371592140728	96	285	341	show
1369031711394	11	967	53	click
1370820365257	29	987	281	click
1371618445715	73	275	420	click
1368171136872	65	277	356	click
1373371436792	10	454	207	click
1373836247931	56	7	380	click
1372826368022	64	721	267	show
1373459575108	60	783	178	click
1372657005623	113	236	129	click
1368971767312	54	434	116	click
1366348411971	59	814	61	show
1370454302095	149	283	192	click
1368802292193	117	92	196	show
1373850027866	111	554	80	click
1371937238316	3	663	299	click
1369348541183	141	177	312	show
1366497126019	19	135	185	click
1367106707494	12	649	300	click
1367559391071	6	460	411	show
1371211579025	127	780	207	show
1372037284645	96	827	275	click
1372989365114	87	728	451	click
1368755036745	6	250	147	click
1369198131443	11	227	157	show
1370447812016	104	580	495	show
1367764112468	67	375	155	show
1368221748872	120	795	59	show
1368106094520	103	60	382	show
1373311496048	84	244	191	click
1370466879132	51	727	421	click
1369805315852	105	152	178	show
1368834620480	150	191	246	click
1372590322894	114	87	276	show
1371402372023	95	965	392	show
1370595086466	15	207	245	click
1373545943919	26	966	428	show
1371838849589	127	644	441	show
1371132838197	21	968	43	show
1368417630143	52	123	434	show
1370828813454	96	714	407	show
1368784639181	101	194	89	click
1370137779129	118	721	234	click
1366997087055	77	601	448	click
1373675254333	97	724	187	show
1371397131095	41	147	79	click
1368964735641	100	471	46	click
1372576922269	114	225	430	show
1366988914743	104	683	100	show
1372092186605	59	423	6	show
1370535096081	69	868	231	show
1369114171241	44	486	394	click
1369580541219	125	972	327	click
1370290027520	14	847	41	show
1370654524155	108	482	484	show
1370525401840	123	659	58	click
1371895398229	92	614	379	click
1372153236994	75	619	397	show
1372451465349	82	892	309	click
1370421924968	101	620	270	show
1369093718629	94	938	314	show
1370725854460	14	184	24	show
1372108859998	93	687	230	show
1373467916398	57	672	415	show
1368238677745	141	634	331	click
1367892760417	3	134	325	click
1366684579332	110	34	16	click
1372164128345	141	423	192	show
1367025615372	94	907	469	show
1372194219364	46	486	218	click
1373482402755	143	518	62	show
1371596522916	149	597	63	click
1366409884212	71	998	121	show
1372242104402	150	954	449	click
1367703189847	53	809	114	click
1371040443861	1	163	299	click
1366543165062	9	996	204	click
1369872117485	138	706	162	click
1372153174981	57	976	178	show
1372465399664	37	697	183	click
1367978427065	90	664	20	show
1369076679385	61	557	380	show
1372357309372	74	945	290	click
1370113936512	15	820	89	click
1369670258162	10	209	18	click
1369360771568	101	161	318	click
1372010699853	56	228	329	show
1373072350911	50	881	474	show
1366425345260	147	688	188	click
1371435095663	115	36	146	click
1372379138790	77	399	301	click
1370316125665	147	871	175	show
1373974274379	76	503	115	click
1369432195957	20	500	154	show
1371955596340	80	218	308	show
1371023346128	3	935	59	show
1373122832186	72	1	401	show
1373782290782	115	616	478	click
1370909940458	31	108	178	show
1372467077734	61	324	499	click
1371301587215	137	573	431	click
1367297805545	38	649	474	show
1372295220371	46	468	200	show
1367091491855	30	138	183	show
1373600177844	58	840	19	show
1369448061056	71	938	75	click
1373551585730	60	387	494	click
1372950703569	57	581	28	click
1372874333716	49	12	199	show
1368695877777	11	232	31	show
1373561836357	95	906	26	click
1373749651744	97	470	312	click
1370553302504	126	964	282	show
1371896298509	111	673	52	click
1366590803877	17	516	464	click
1370173537016	142	759	460	click
1368234942966	12	676	395	click
1368227930495	74	930	20	show
1372357422875	99	514	305	click
1369148663287	100	837	81	show
1368140117415	41	319	409	click
1368181174224	74	105	166	click
1367944157700	117	762	67	show
1366681115847	81	808	324	show
1373323239179	149	142	406	show
1373548100462	145	717	452	click
1369749026334	61	25	355	show
1371221219335	116	238	145	show
1367156177018	25	67	111	show
1369995130504	49	970	42	click
1366797410538	103	96	58	show
1368072127704	39	67	338	show
1368386388307	18	260	389	show
1370861524894	4	631	215	show
1373134007497	149	643	63	show
1373094534769	39	885	187	show
1370742641203	133	76	88	show
1369464891006	37	108	493	click
1368668293497	4	718	231	show
1367760792372	34	1	394	click
1369267933662	22	328	160	click
1369783708635	99	20	364	show
1372705718833	75	7	142	show
1371779055660	43	599	39	show
1368607472749	106	344	257	click
1372526027754	7	476	264	click
1373449628288	65	154	68	click
1368866994966	64	536	494	click
1373140268701	36	411	212	show
1369505697949	117	341	404	click
1373886722902	1	37	427	click
1374125908754	96	95	25	click
1370805820507	71	43	311	show
1372499861548	141	138	251	click
1369284986571	121	941	110	show
1368623223249	104	841	437	click
1372547220324	81	208	368	show
1369793537539	82	264	425	show
1372465787126	107	724	262	show
1369515038547	74	227	1	show
1369805098593	144	919	313	click
1368325010741	97	551	4	click
1367572894724	149	345	43	click
1371598217637	71	420	200	click
1367095200281	69	616	475	show
1372494063908	138	957	219	show
1372156367731	74	680	230	click
1369557022264	88	939	411	click
1367234950625	111	502	196	click
1372147708775	26	22	458	show
1371488538198	137	215	57	click
1366848910539	38	373	458	click
1373365158101	137	739	77	click
1373459914154	104	211	337	click
1367290696412	62	327	42	show
1371912827051	135	623	355	click
1368826395710	88	406	5	show
1370763333822	121	565	63	show
1373419613718	25	120	382	show
1368072048845	66	295	408	click
1369764825291	48	683	152	show
1370415403623	88	476	347	click
1371168019735	116	860	173	show
1368736009348	1	716	128	show
1373042102154	29	547	342	click
1372454189581	40	715	30	click
1372413997670	133	155	443	click
1368328236315	45	36	252	show
1371159634448	137	927	123	click
1370591211032	78	5	437	click
1373554517414	26	232	128	show
1367008731115	136	282	384	click
1368006576635	94	997	98	click
1368201848856	125	29	70	show
1373909037920	79	425	370	show
1370002031029	94	517	341	click
1368323493737	135	42	265	click
1373756318454	139	841	228	click
1372968198383	148	125	236	show
1370733989198	11	827	415	show
1367017701062	123	11	412	click
1366897513622	85	16	115	click
1372412158519	133	760	395	click
1367769286502	90	994	64	click
1370058776487	32	657	225	show
1369408631565	149	281	294	show
1371333372374	42	906	249	click
1372315115800	147	232	200	show
1370905234059	38	553	457	show
1371308168755	95	793	240	click
1370447706739	65	864	346	click
1369315937515	133	695	169	show
1373808767207	100	700	138	click
1369224554415	60	737	259	click
1371540492479	68	457	235	click
1368824678494	15	600	283	click
1368976268727	50	776	206	click
1372416927576	84	204	270	show
1372258494281	44	533	180	click
1371963315597	94	924	29	click
1373793948740	125	705	486	click
1366993223486	18	687	234	show
1373657109279	9	425	377	show
1369134618629	93	472	330	click
1367583774890	22	52	282	show
1368814075651	78	39	312	show
1371708876482	110	1	58	click
1373322421618	76	218	305	click
1371423167391	65	147	123	show
1373697773481	27	944	397	click
1368049354746	116	303	313	show
1369907714396	77	889	21	click
1366743221785	149	254	476	click
1367428765743	41	80	114	click
1371270096536	125	257	351	show
1368731745080	146	371	280	show
1372409620838	130	319	443	click
1374072295139	132	143	24	click
1368460016545	38	113	62	show
1368657556155	46	828	151	click
1366397219336	105	112	39	show
1373922318095	44	132	52	show
1367861630703	75	517	42	click
1367825425015	105	621	137	show
1370270062387	58	249	195	show
1366547150704	30	264	496	click
1372469751815	149	964	113	show
1369946688250	109	841	147	click
1374017693792	61	123	122	show
1368512439853	143	402	461	click
1370204116976	24	87	61	click
1370154279634	65	537	193	show
1367115135320	109	41	285	click
1372414888641	73	101	159	click
1367842503940	126	416	223	show
1368375382010	90	165	392	show
1369212191406	45	476	49	show
1370016985650	99	467	111	show
1372930421181	80	986	139	click
1373688625572	40	794	371	click
1370936480088	70	179	209	show
1368631247004	89	490	214	show
1374182227757	86	298	38	click
1371486461873	44	25	455	show
1370753206853	76	212	382	click
1367526515883	70	194	129	click
1373902172788	62	908	47	show
1369566272680	34	302	168	click
1367072308786	99	937	440	show
1372123090641	28	948	164	click
1367013149393	17	16	259	show
1367358405863	4	857	408	click
1374062074258	64	165	341	show
1367667198824	16	849	49	click
1368908649997	33	138	468	click
1370339867222	31	533	288	show
1371120178477	18	1000	438	click
1368500510153	94	177	323	click
1372432071192	103	400	176	click
1373840260055	112	236	391	show
1372164469296	3	503	270	click
1373842598081	107	171	166	click
1369835161001	27	491	162	click
1369060018734	80	366	358	show
1366372581612	45	935	178	click
1371938787407	87	818	362	show
1373666568979	142	280	95	show
1367223501632	122	34	342	click
1371256041035	136	856	80	click
1368504334677	27	870	251	click
1367611043807	147	94	362	click
1369516430694	104	111	402	click
1370887136273	13	687	160	show
1368372284953	65	127	334	show
1368986147219	23	805	291	show
1368642650775	81	459	77	click
1370378956967	9	838	161	show
1371630339590	124	488	451	show
1374031722158	132	886	198	click
1366384446110	38	513	208	click
1370951536888	50	112	88	show
1367404896902	72	573	293	click
1372643817130	73	683	280	show
1372443100664	24	702	78	click
1373882338033	17	48	494	click
1373424364063	54	423	441	show
1367175483214	14	297	97	show
1371052277403	53	293	343	show
1367711602798	144	983	404	show
1370159173627	13	523	443	click
1370443381531	16	631	404	show
1366922072681	82	352	282	click
1373319362687	91	954	28	click
1371249296757	59	692	369	click
1369704552078	39	456	174	click
1366838599833	66	528	26	show
1368548272742	132	375	208	show
1368198874080	94	950	458	click
1369254239861	92	908	385	click
1366713401512	147	950	76	show
1374019386561	119	314	122	click
1368461186358	10	733	463	show
1370796633991	21	954	112	show
1373639963365	10	72	4	show
1369818775213	138	813	194	click
1368619354420	144	622	281	show
1367756501391	37	556	351	click
1372058963632	91	727	365	show
1368073844571	55	608	178	click
1372395894251	121	527	37	show
1372932417026	45	20	440	click
1370151983511	134	251	178	click
1368555001111	50	616	229	show
1371876392926	95	165	177	click
1368831136031	8	314	400	click
1368829204144	117	151	416	click
1369711960877	43	92	15	show
1370192347247	8	313	350	show
1367171388203	110	627	433	show
1372898505253	33	493	244	show
1372020753475	64	667	349	show
1367575106374	93	384	329	show
1369037729607	99	582	352	show
1370616085396	148	333	495	click
1368641423833	74	551	474	click
1374071253130	149	602	391	show
1367557510139	102	240	191	show
1373549552228	67	343	221	click
1366722160150	87	957	264	show
1366428847476	92	220	233	click
1371284344282	65	677	90	show
1370546147040	75	39	39	show
1369017530209	117	19	330	show
1369492221790	57	20	447	click
1371955405271	83	167	19	click
1372537574934	148	184	370	click
1370361201399	22	680	447	show
1369355702680	9	220	166	show
1370062769959	19	872	305	click
1371170131159	111	356	45	show
1373507805320	44	1	25	click
1367311339492	104	541	76	click
1370174524621	50	555	278	click
1373424479273	27	928	299	click
1370798280912	59	855	17	show
1368890146661	104	164	358	click
1367296599021	41	948	177	click
1368959216802	71	479	86	show
1368861386607	82	328	383	show
1372653385206	89	720	291	show
1371782598045	62	164	376	click
1367405510659	124	367	297	show
1368255437442	45	469	133	click
1373289836547	17	648	166	show
1368232540348	13	249	359	click
1366365005461	112	448	161	click
1371990974855	42	965	96	click
1371448199840	39	697	425	show
1368093368524	128	219	418	show
1366769274057	52	992	149	click
1369973291158	118	202	376	show
1371855287949	60	500	353	click
1367497903517	39	290	451	click
1371926270894	110	286	286	click
1369193050633	72	895	497	click
1366472451610	108	791	301	click
1370566842047	71	650	243	click
1369604021412	117	490	132	show
1370072834348	116	208	100	show
1372778624721	149	184	152	click
1370566321838	42	89	100	show
1371384519905	122	855	206	show
1367995104731	81	140	159	show
1370526797837	60	674	126	show
1367148230721	131	622	332	show
1369573284199	129	511	356	show
1367953200006	101	618	114	show
1371101656448	31	591	122	click
1374039390074	36	665	346	click
1371161666289	74	53	114	show
1373199778025	118	424	479	show
1371000243570	132	420	92	click
1367270973936	39	354	145	show
1366813671330	57	34	465	show
1368542920915	46	325	324	show
1366804076382	125	966	162	click
1366633114809	71	973	234	click
1369686556501	114	611	153	show
1367465062869	48	594	118	click
1367163972258	70	549	101	click
1373659637893	32	35	202	show
1373828936988	115	484	61	show
1368912007103	93	749	428	click
1372266780685	66	439	253	click
1369194570234	93	332	33	click
1372106026172	4	481	197	click
1367185465223	66	137	486	click
1370470363932	119	398	15	show
1373377776121	113	826	218	click
1368569507272	71	774	27	show
1366408698056	38	208	199	show
1371952640900	31	212	141	show
1371434563643	122	877	469	click
1373543391926	89	781	29	show
1370993811326	48	212	330	click
1370385694913	127	539	208	show
1367357411862	37	987	91	show
1373220710427	100	263	124	show
1368798659116	86	575	396	show
1372405686427	3	388	273	click
1368166548271	131	969	210	show
1367848836574	19	369	349	click
1366437740270	104	226	330	click
1369567889876	12	707	6	click
1371602459658	5	65	408	show
1367116126595	115	383	271	show
1371194949000	23	164	91	click
1369878643392	25	482	248	show
1369929194877	83	369	269	click
1372309972940	36	780	161	show
1367093597113	53	119	219	click
1368056954050	4	987	164	show
1370177466724	14	891	2	show
1369368548357	142	225	313	click
1369225049208	13	910	485	show
1370176351020	93	241	30	show
1367544137054	118	810	227	click
1367987244860	48	813	195	click
1373285077898	103	473	289	show
1372069075250	68	759	124	click
1368361850099	89	316	355	click
1367195724687	125	604	241	click
1373872694229	46	459	110	click
1370869857108	134	989	358	click
1372871727208	14	473	479	click
1371370890169	99	675	236	click
1371334780641	121	980	65	click
1368756803286	8	963	221	click
1368412517379	141	624	76	show
1371848833368	60	360	47	show
1370326552056	80	891	251	click
1373378252872	96	858	312	click
1366426299641	96	466	280	show
1370223065337	24	756	444	show
1372843677740	49	652	49	show
1370604303890	145	174	42	click
1366559850403	63	363	496	click
1367948430090	137	108	81	click
1367637157221	91	829	119	show
1368776691470	1	162	118	click
1371113139043	57	213	488	click
1370747767888	86	684	118	click
1371241676152	144	268	106	click
1367429052865	28	383	384	show
1368671585227	47	66	224	click
1366453363947	103	20	123	show
1367114367406	60	714	454	click
1369048056689	80	458	24	click
1368700706471	13	742	267	click
1371076357672	146	326	174	show
1369788095621	15	991	143	click
1371120645116	29	527	366	click
1366416473473	63	629	25	show
1373176037195	17	269	145	click
1369224092711	102	731	2	show
1367603557919	119	12	236	show
1370902731358	134	270	191	show
1373725269850	51	855	112	show
1371682759981	101	779	88	show
1368484066094	105	202	106	show
1367376928128	146	556	74	show
1370298872197	104	581	316	click
1367116866052	150	174	300	click
1367456733812	42	865	354	click
1367266217516	17	554	275	click
1373140053557	137	235	36	click
1367812572926	25	42	358	click
1370069399382	100	692	335	click
1367177505171	3	887	195	click
1367024077384	91	909	72	show
1367846402520	146	143	9	show
1368869803086	83	408	403	show
1367450787406	137	329	122	click
1371817263861	108	574	212	click
1370753309605	94	776	290	click
1370934531036	56	845	337	show
1367512482004	67	358	46	click
1371323386636	17	615	141	show
1367517716954	61	500	205	show
1367902503951	131	729	70	show
1373315851914	84	815	348	show
1371744337633	147	584	19	click
1368576036942	102	686	23	show
1369885819106	90	723	205	click
1371886707771	48	448	88	show
1367266125878	122	131	2	click
1369937633615	115	328	80	show
1373831223485	12	111	309	show
1366518340707	110	650	304	show
1366375535263	76	399	249	click
1369962752518	37	921	399	show
1368693990410	112	43	196	click
1367124740954	53	760	34	click
1369699453434	132	382	15	click
1367529422459	6	709	103	click
1372423389285	11	103	342	click
1370692123135	11	657	207	click
1372648435504	5	194	75	click
1372546808406	88	284	358	show
1367065221204	106	841	84	click
1370103463084	30	659	83	show
1372102371574	119	132	127	click
1373686384060	12	165	364	show
1372282859294	83	520	212	show
1371064418117	107	207	110	show
1368697989575	30	76	48	click
1370307114789	98	60	260	click
1369018849264	67	207	341	click
1369610611790	118	78	197	click
1369328161103	42	312	240	click
1371662977499	45	111	85	show
1372583419558	24	855	109	click
1373517389970	91	323	415	show
1373678046164	38	28	481	show
1367195188163	74	476	71	click
1369161450230	16	72	49	show
1374048983135	50	442	335	click
1368757854745	20	183	149	click
1370016828007	27	386	58	click
1373954300085	17	5	446	click
1368378995999	92	923	175	click
1373932213802	127	679	391	click
1367712069862	150	80	416	click
1366689436232	85	695	85	click
1371800813139	106	916	489	click
1367039048734	38	904	29	show
1372076244125	91	15	70	show
1372462906652	73	774	164	click
1370922045496	66	518	124	show
1368080826815	100	491	321	click
1369684577582	34	895	240	click
1370230860259	43	958	114	click
1373754169607	117	272	20	click
1366835100906	138	820	225	show
1372964041572	150	531	325	click
1366538379916	80	448	97	show
1372184532071	143	745	335	click
1371724639414	8	946	499	show
1369922725068	37	118	203	show
1371452139471	22	670	114	show
1370282137054	139	404	372	click
1367951265833	103	561	157	click
1367010406541	12	747	272	click
1367613099174	130	539	89	show
1373675010930	149	642	267	show
1373788210150	65	589	293	click
1369887037886	56	141	278	click
1371100313847	4	457	154	show
1367092876132	5	53	171	click
1369741543651	61	259	340	show
1372874496450	29	584	327	show
1373486300619	72	371	282	click
1368997102030	78	169	247	show
1370982206671	91	442	52	click
1370819565571	17	423	286	click
1369814445059	145	550	328	show
1373348673912	139	134	269	show
1371851635998	144	346	451	show
1369002379158	46	257	75	show
1370540604351	74	880	206	click
1367396357863	17	467	280	click
1369345134328	122	589	464	click
1369689543234	5	484	215	click
1367601594154	45	583	232	click
1369784073845	57	407	20	show
1372370214205	139	322	187	show
1369046806352	125	647	236	show
1373939599573	61	144	211	click
1368537655777	98	291	300	show
1370260905325	59	888	293	show
1373891002525	5	529	458	click
1373544859152	50	484	165	click
1374127221625	101	19	385	show
1373192773528	122	222	174	show
1368494756595	81	351	80	click
1368550220019	5	925	124	click
1371317028710	30	266	147	show
1371734309191	135	529	23	click
1373679865237	100	401	188	show
1367681230767	77	350	387	show
1370370613484	72	594	457	show
1370449724225	40	922	231	click
1366404838984	4	637	196	show
1368450842052	40	42	430	show
1367375090456	94	366	15	click
1367316212634	46	835	91	show
1370533399564	111	836	186	click
1370657156955	16	999	65	click
1367487042148	83	694	495	click
1366626535652	91	977	237	click
1367543522322	59	961	67	click
1368050205100	148	804	405	click
1372052807122	2	509	117	click
1367993398099	62	765	344	show
1370722200426	17	829	359	show
1372809935956	52	745	81	show
1369615968799	111	501	496	show
1371667740221	15	388	39	show
1370803943632	88	807	91	show
1370953962332	7	276	374	click
1370633091725	119	590	154	show
1368863839311	45	280	423	show
1368688540199	71	405	408	click
1371992343014	141	883	253	click
1373707321594	26	668	281	click
1373643525724	103	861	307	show
1373199589428	70	17	441	click
1369374144120	92	74	401	show
1373270341307	62	710	173	show
1373360009493	86	698	169	show
1371692595141	10	548	21	click
1368479776936	148	591	445	click
1369862609694	1	666	186	click
1369711587135	5	341	45	click
1370232847262	88	417	442	click
1371356037723	65	39	179	click
1369569166828	14	189	358	show
1369274422683	39	692	129	click
1372741528214	85	391	139	click
1372771066441	66	986	233	show
1369888704303	107	433	429	show
1367152745094	125	630	38	click
1373706939979	123	295	385	show
1372104316820	133	365	447	show
1369510999167	110	53	420	click
1372535510922	75	374	394	click
1366418451095	9	304	104	click
1373405634286	80	206	225	show
1368721887213	79	226	215	click
1366976217147	110	186	39	click
1370533739594	4	897	449	click
1369211386312	112	860	458	click
1368003626890	8	832	180	show
1373667751491	87	131	489	show
1366509808876	36	183	254	show
1368376396699	88	77	136	click
1372920030189	19	623	319	show
1370719531007	34	912	14	show
1368805447252	144	246	221	show
1367341913259	123	736	392	show
1370268141166	137	818	139	click
1368374603559	96	941	330	show
1373036431132	49	350	312	click
1368898600923	41	376	104	show
1370386773162	85	483	128	click
1369727501160	63	285	423	show
1373650495004	7	461	392	click
1367907483836	69	498	447	click
1373222197696	47	898	496	click
1371922024216	89	925	188	show
1371055368555	33	858	99	show
1373053076438	55	621	89	show
1370759301233	48	179	13	show
1366840459745	80	60	259	show
1367424537033	46	437	125	click
1374162620790	63	83	262	click
1373027965769	62	355	255	click
1368378960297	127	798	485	click
1367211941190	68	776	30	click
1372719949667	115	488	73	click
1370108074310	80	303	197	click
1369822973533	140	499	68	show
1368595646173	135	83	265	show
1370638746098	51	989	445	show
1372296826491	116	838	69	show
1373792784450	144	18	32	show
1370093179485	132	414	411	show
1370938521687	140	50	22	click
1373464180494	140	629	60	click
1368524199645	55	240	369	click
1370215563561	123	431	109	click
1371003897027	138	277	5	show
1368013615379	61	331	124	show
1371584460000	75	883	135	click
1366713171891	7	343	220	click
1367509742713	20	520	40	click
1372487233476	126	616	308	click
1373947719917	80	471	363	show
1368695796799	120	402	473	show
1371867388296	54	257	422	click
1371968104254	134	14	236	click
1373191588980	52	566	373	click
1368571840939	109	965	410	show
1367563517391	28	540	434	show
1374109329436	90	968	313	click
1372124537971	134	869	400	click
1369229778313	25	748	248	click
1366764589980	11	630	87	click
1370645656942	38	648	158	click
1373952101598	148	94	312	show
1372518692622	77	945	227	show
1368152049736	46	473	19	click
1367519285365	73	810	467	click
1369216567956	126	170	461	click
1368372432684	147	763	53	click
1370788415550	17	219	147	show
1366602449877	98	128	41	show
1372333253625	88	449	402	click
1370606335274	147	390	459	show
1369367012626	58	526	88	show
1368457384931	130	896	68	click
1370942615685	7	577	413	show
1368458779392	70	261	301	click
1371557670548	10	829	390	click
1366934368973	62	944	65	click
1373255763794	31	611	346	click
1370686825549	149	419	277	show
1373941461520	138	160	450	click
1368687810257	100	406	275	show
1369127407902	14	400	365	click
1368301605513	81	926	431	click
1368072749785	19	264	393	show
1366495307171	103	57	1	show
1369907834550	36	714	312	click
1367967529836	147	63	443	show
1372972811377	81	628	430	show
1366423988702	109	53	266	click
1367950075812	20	282	371	click
1374164080056	86	987	149	click
1370063607682	94	159	461	click
1373691670184	9	1	135	click
1366593115681	53	231	268	show
1370599131728	79	915	113	show
1371933918778	147	802	55	click
1373597802332	109	67	92	show
1367550694195	53	781	254	show
1369131338995	59	805	322	click
1372053353444	142	869	313	click
1373550469377	27	570	60	show
1370061455342	54	161	240	show
1373425455533	14	933	109	click
1368273067853	44	91	440	show
1372389970238	63	429	370	show
1367536206257	101	585	54	show
1374024332493	33	913	9	show
1369415942789	143	936	275	show
1373792589047	148	493	103	click
1371743085304	28	549	244	show
1369058738032	121	576	349	click
1368526815515	131	374	422	show
1371392973250	12	523	445	show
1368698041383	26	132	88	show
1366659210183	36	607	289	show
1373034372781	7	536	217	show
1369088934747	123	216	44	click
1369466222058	12	520	328	show
1374011457740	95	205	443	click
1370870908732	18	929	137	click
1370301720182	51	880	78	show
1370280254690	106	922	138	click
1368662982596	87	265	451	click
1371884389207	120	651	198	show
1368226600794	70	173	53	click
1372782743380	42	964	389	click
1373260296143	61	521	174	show
1373607165856	104	196	150	show
1367844886839	68	399	436	click
1369834349742	137	331	244	show
1371285976983	121	501	67	click
1373559321453	8	557	118	show
1367222800164	149	92	86	click
1371605876471	122	554	391	show
1367439147288	41	941	333	click
1369413806864	130	695	11	click
1370462805013	79	949	392	click
1367866020874	116	458	234	click
1369728217882	148	140	321	show
1370838424588	35	808	418	click
1368562927629	14	929	355	click
1371119522931	134	935	331	show
1366994650083	60	358	74	show
1373992347898	22	926	248	click
1370875603814	64	260	340	click
1371290209166	150	388	26	click
1367592014754	58	5	79	show
1372079114332	7	745	236	show
1368872724634	134	294	309	show
1369117095855	71	157	129	click
1369407711965	21	690	78	click
1367724876971	93	470	344	click
1371066174009	11	635	282	click
1368165423727	32	325	140	click
1366503029592	76	745	447	show
1368379511524	130	902	247	show
1368194864931	49	430	120	show
1374143378088	68	916	20	click
1366950595730	139	556	479	show
1366383066843	126	447	135	show
1366578876617	113	235	382	click
1372313517835	27	764	201	show
1369278195859	65	759	143	show
1368870018695	74	183	51	click
1367203129867	111	547	271	click
1372028037639	99	384	117	show
1373930835706	76	79	208	click
1370288702378	77	797	188	click
1366932151984	146	890	349	show
1366840064053	51	728	2	show
1371884346729	34	539	440	show
1366398778103	72	567	10	show
1372799842061	59	87	172	click
1368063701386	36	533	138	click
1367678979116	102	423	95	click
1369855320252	56	519	130	click
1371618004120	146	270	406	show
1374021873994	46	625	319	show
1367985514740	64	220	277	show
1373997298620	136	41	169	show
1371084267638	100	324	438	click
1368977698742	128	771	231	click
1369291336932	32	523	292	click
1367768375384	8	788	421	click
1367107921123	110	328	59	show
1371666055855	45	588	61	show
1371066015777	79	331	203	show
1366930562940	104	686	114	click
1370045602809	24	752	213	show
1372699022201	98	998	404	click
1371512320956	130	570	455	show
1372866536432	38	65	284	show
1366709375246	34	543	150	show
1370857114008	4	175	401	click
1368062678015	107	994	295	show
1367314908299	136	80	77	click
1374174851793	109	289	86	show
1371686574041	141	91	384	show
1373349717070	123	618	205	click
1370271435212	90	198	196	click
1369231789411	5	927	331	show
1373235284339	121	508	63	click
1367158892815	141	964	5	click
1367209718107	141	120	267	click
1371807223646	72	806	317	show
1373289552566	17	695	142	click
1370992267272	20	849	239	click
1371870205289	146	299	466	show
1368866735420	117	634	203	click
1374084207114	78	967	77	show
1373977602519	29	409	157	click
1371300541544	20	266	221	show
1372399327701	42	395	206	click
1368077686140	75	74	111	show
1372701314520	114	20	18	show
1366454147087	59	81	191	click
1366636968530	18	89	275	click
1367215305716	59	934	151	click
1366390102963	107	357	205	click
1367099496414	83	919	432	click
1368431180511	27	378	431	click
1373663418418	50	538	289	click
1369275256168	6	832	332	click
1371459212302	39	644	96	click
1368461685129	148	282	59	show
1370588823360	130	238	361	click
1368478414362	30	89	423	click
1367300767816	19	895	45	show
1367850820967	76	807	274	click
1372860420803	105	407	450	show
1369489233264	42	162	80	click
1370904994515	117	554	18	show
1368895497831	6	787	189	click
1373019894406	122	276	418	click
1373868540812	46	668	240	show
1373651477394	51	565	437	click
1367403116403	18	800	70	show
1373909705223	135	596	487	show
1366651064951	30	929	101	click
1371066764215	150	456	414	click
1367533802482	146	687	61	show
1371582426050	101	8	168	show
1373939587307	52	732	24	show
1369894494230	40	719	45	show
1367793228378	2	464	194	click
1373009482723	128	263	225	click
1368618610445	77	504	50	show
1368466474209	63	575	400	click
1373888392362	65	39	181	click
1366527635695	27	772	276	click
1367839819185	17	709	292	click
1366669149427	4	266	418	show
1367216729757	50	728	166	show
1373425517429	34	788	67	show
1373180097411	133	971	430	click
1374068341322	5	205	421	click
1368353420536	37	140	484	show
1369441017144	28	250	235	click
1370769029406	21	128	22	show
1370661876076	119	22	475	show
1371828126806	145	720	111	show
1373721751264	107	469	235	click
1371592307734	1	811	458	click
1372736993488	33	555	228	show
1369871135518	103	357	59	show
1367076191160	44	686	376	show
1369507953009	24	369	391	click
1374141238189	8	514	170	click
1374069001585	67	682	483	show
1368416365210	143	593	341	show
1370891747323	90	362	324	show
1373350843547	63	962	307	show
1368994083206	64	794	106	click
1370411407202	35	269	222	show
1374104198133	93	1000	42	show
1371548903512	137	12	13	click
1367935094576	129	315	401	show
1373401425774	87	696	340	show
1366535674414	55	83	281	click
1368014295831	10	675	194	click
1366353671861	40	282	471	click
1373609225036	30	59	422	click
1370135331735	120	437	8	show
1372627496534	3	876	4	show
1369645931524	142	692	83	show
1373169153606	5	775	300	click
1374016217912	88	551	48	show
1369453526720	122	110	28	click
1369913832456	19	21	234	click
1369016894944	139	361	115	show
1372089739843	42	282	427	show
1370576405820	52	393	240	show
1373305387693	98	433	209	show
1368947998354	50	378	359	show
1373023694221	125	127	177	show
1370604821484	62	645	153	show
1366705835578	92	85	349	click
1367279750989	63	683	415	click
1370679752665	77	672	339	click
1370741354848	8	516	377	click
1367444427257	80	511	246	click
1374153137735	2	52	359	show
1369977152075	62	271	192	click
1367814138813	5	850	175	show
1367510685836	95	559	206	click
1367262581947	4	580	3	show
1372372674060	15	559	198	show
1371717372555	89	423	64	click
1369670421811	116	194	423	click
1368187261604	77	163	464	show
1366477243237	51	946	168	show
1373145221917	12	276	82	click
1372401370532	85	594	454	show
1367722366374	147	191	435	click
1369376433096	75	474	168	show
1369190577155	14	282	372	show
1372959073436	40	989	74	show
1367403393664	47	445	7	click
1373011180852	81	593	399	show
1367750535755	93	11	243	click
1371294437260	77	627	14	show
1373988906535	62	825	6	click
1371334780107	22	826	37	click
1371958373564	59	34	231	show
1373813844083	51	304	241	click
1374140526230	57	879	435	click
1369435351857	111	29	301	show
1369827010506	93	423	440	show
1369838552272	17	154	63	show
1367327624723	36	910	365	click
1371865978290	105	620	242	show
1369495152984	125	977	140	click
1370545857863	132	259	357	click
1372572069532	106	260	62	click
1370733974901	123	75	274	click
1367566432234	143	163	116	show
1370056509635	115	831	69	show
1372528552118	72	315	477	click
1372690539014	59	865	381	show
1370420260215	74	159	91	click
1369280760614	129	425	54	click
1367031896831	82	98	199	show
1371905417534	100	785	173	click
1370640694742	61	114	279	click
1371797378795	136	541	145	click
1373611953284	48	474	51	click
1374103702563	98	443	471	click
1371647467077	66	486	330	show
1368503325530	88	957	481	show
1372848408255	74	442	494	click
1371314551364	132	882	128	show
1366661572433	143	230	46	click
1370429487729	18	240	57	click
1369630466708	65	547	423	show
1371380927174	81	788	82	click
1373403994677	53	805	51	show
1370268375953	130	20	432	click
1369074394876	106	881	474	click
1369929467256	85	557	222	show
1372749764995	148	651	182	click
1366469978370	1	679	311	click
1367339690727	101	824	285	show
1371013202740	94	813	27	show
1367649898355	69	475	341	click
1370513103263	115	943	98	click
1369098167773	140	112	407	show
1368434464498	31	811	118	show
1373635235293	27	261	62	click
1369864047730	54	934	142	click
1368539088168	44	206	145	show
1370519176308	32	818	444	show
1372604815466	84	180	394	show
1369167303881	53	394	23	click
1368798794742	64	791	45	show
1366946100680	2	283	407	show
1373989991100	46	653	243	show
1367285233350	135	612	368	click
1370990060285	150	713	285	show
1369408162014	98	106	178	click
1366818447609	123	105	385	show
1366715891368	111	371	321	show
1367453365057	58	408	388	click
1373692156203	109	375	49	show
1373621900095	29	416	186	show
1370185184490	128	945	433	show
1369920840948	139	879	249	show
1366409843388	57	800	11	show
1373082766415	129	583	133	show
1371305449499	131	869	258	show
1373220102574	42	949	224	show
1374203448985	97	579	348	click
1371877993770	83	907	79	click
1367471295683	85	579	487	show
1373794324084	53	320	464	show
1372845353718	125	625	344	show
1372171471304	21	479	225	click
1366422000297	106	650	165	click
1371479332400	37	349	400	show
1370291112026	137	225	45	show
1373933816671	61	721	428	click
1371847029827	37	477	42	click
1368095895537	57	349	398	click
1372750167271	94	319	186	click
1369091259570	149	574	183	click
1373654239698	5	498	2	show
1367923341243	12	109	238	click
1367026048476	22	34	298	click
1367786248281	55	611	259	click
1371390398592	137	931	326	click
1372524506967	87	161	221	click
1370738632404	101	83	376	click
1369204419747	95	845	63	click
1373876278575	145	670	102	show
1371945741793	119	124	490	click
1372615595799	47	78	488	show
1373361974901	28	674	484	show
1370738923275	147	284	288	click
1371215685670	122	145	67	show
1366926830064	37	549	430	show
1370623528569	5	452	489	show
1372400014877	128	180	57	show
1367404776825	70	761	32	click
1373032904050	150	773	461	click
1368637289055	1	448	220	click
1368656046318	5	755	400	click
1370679217493	51	552	485	show
1373987229819	86	682	275	show
1368947495402	55	268	291	click
1368612711034	48	819	459	click
1368254827240	148	338	172	click
1370820944371	57	884	312	show
1373054076353	23	639	103	show
1369505753657	134	290	102	show
1372015256716	66	464	309	click
1373485856042	12	485	497	click
1372382433568	69	480	78	show
1366595409483	134	763	351	click
1371564591915	50	932	65	show
1371897679298	31	1000	53	show
1368694077620	12	92	365	show
1366761577582	12	51	413	click
1367308376979	66	768	406	show
1369715039867	123	59	132	click
1374053346823	104	213	484	click
1366628461560	89	598	254	click
1367236709724	143	568	498	show
1369189652410	27	898	435	show
1370380866973	94	483	371	click
1373587717385	94	54	36	show
1369039297981	49	914	369	click
1373955266207	42	330	309	show
1367223868985	93	401	125	show
1372257204608	58	578	311	click
1366593655317	63	639	386	click
1368867975937	46	473	275	click
1371760949864	137	421	404	show
1367348164997	126	793	381	show
1373411258119	84	65	137	click
1372602334959	128	179	391	show
1374183067057	124	679	466	show
1371792671747	43	675	289	click
1374066404264	111	453	182	click
1366725731152	82	344	288	show
1369862423111	73	912	425	click
1370272250512	84	752	330	show
1366383247138	110	772	61	show
1367204101186	94	961	314	show
1369782757162	140	38	137	click
1374146974667	112	469	257	show
1370601262040	93	86	91	click
1373302583588	43	77	283	show
1368489885163	21	89	152	show
1371398618016	8	167	68	show
1374185510929	52	953	81	show
1372602835767	5	709	52	click
1367138044936	99	28	107	show
1373985127274	103	719	314	show
1372377047195	123	580	384	show
1370285958171	116	36	320	click
1369724967356	125	203	43	click
1372287041301	45	795	37	click
1373436159722	56	197	499	click
1371335139784	148	190	257	show
1368391886231	133	348	218	show
1371799215565	112	160	233	show
1370122316550	63	589	100	show
1372329853186	148	477	134	click
1369443323837	45	252	101	show
1368741045769	120	970	452	click
1372243571008	44	428	129	click
1369225346829	49	852	230	click
1369431421972	94	414	273	click
1371347813840	1	635	170	click
1372176188459	106	814	59	show
1366716323752	127	885	493	show
1368958584164	11	1	318	show
1369661750341	81	605	373	click
1369582701683	103	905	112	show
1369643622486	100	560	403	click
1374101215695	89	39	116	click
1369957920045	137	629	452	show
1368433179280	28	659	123	show
1367250259809	24	112	406	click
1367713719432	117	978	324	click
1372825798404	100	722	328	click
1367484069631	53	522	372	show
1367303276497	119	177	114	click
1368939584463	126	313	239	click
1367463326954	1	425	495	click
1370213656684	35	226	359	show
1368179735340	110	557	421	show
1374165551287	43	974	261	show
1367043499968	62	191	238	click
1371553839383	120	259	258	click
1370950910798	83	423	14	click
1374125071700	2	259	57	click
1369420227150	115	887	311	click
1372359304782	144	405	220	show
1372709612012	47	93	201	click
1366699119220	26	191	167	click
1367218504511	43	938	57	show
1373931526484	76	162	427	show
1372710861770	32	971	270	click
1366808121337	64	689	332	show
1369617041825	137	531	279	show
1372066554189	4	376	292	show
1373540337560	147	969	354	click
1373239129367	142	130	76	show
1367423127000	103	781	25	click
1368809514354	31	128	9	click
1368353202766	9	640	443	show
1368012217959	11	327	280	click
1372816144942	68	313	499	click
1366561763007	53	121	306	click
1366967337547	127	311	134	show
1369567146223	36	309	335	show
1372009415339	15	589	328	show
1371195512415	32	834	119	show
1370734992276	25	188	395	show
1368361430435	108	424	418	show
1368441231405	80	500	15	click
1369220916357	53	680	368	click
1369998813485	53	437	201	click
1372832424234	107	77	365	click
1368423265922	109	210	427	click
1366396358485	59	600	412	show
1367362703505	128	309	338	click
1366452197090	144	795	262	click
1367397388827	118	182	417	click
1367507059232	32	992	230	click
1369664376063	40	3	225	click
1369648775904	56	275	289	show
1367179464404	26	343	112	show
1374035511061	42	964	495	show
1372129529031	93	514	38	click
1370197208857	95	258	51	click
1374160483571	24	263	44	show
1370027722884	16	711	12	show
1370047538234	80	977	13	click
1369972177306	59	459	244	show
1371463199322	57	466	53	click
1371505912145	43	728	283	show
1372766492528	37	184	220	show
1372189081212	16	906	354	show
1366351369620	110	399	324	click
1373084838853	123	895	241	show
1370856279000	9	393	456	click
1372166250325	143	612	84	show
1371527058556	125	688	19	show
1367798915970	132	989	390	show
1370524029383	144	12	171	show
1369569474777	47	878	310	click
1367745713122	120	237	347	click
1366999248153	148	691	428	click
1368602634146	135	800	414	show
1366991993067	36	388	292	click
1368439713670	39	159	269	show
1369964792311	25	76	275	show
1367287051583	148	64	133	show
1368362845492	109	137	35	show
1369353949843	45	8	159	click
1366365616688	130	373	460	show
1373306395132	82	539	233	show
1373789142732	125	421	56	click
1372005895591	113	84	157	click
1369084034380	149	763	114	show
1369429484028	148	167	79	click
1368502231331	66	7	85	click
1369929709934	8	47	327	click
1368416928455	12	657	138	click
1374006863277	113	953	390	show
1371096515056	108	166	243	click
1372224801236	36	382	269	click
1367238080179	32	160	356	click
1366853349236	36	945	342	show
1370302860866	90	361	159	click
1368421309792	118	548	272	show
1370184769637	12	205	266	show
1367403732706	15	736	49	click
1367984056845	76	394	340	click
1368423285511	150	576	481	click
1368792538160	138	806	443	click
1372577062350	82	724	361	show
1366813222011	83	548	66	click
1367538508856	58	975	281	click
1366943749527	102	446	479	show
1368212239476	49	823	264	click
1369590087573	148	183	301	show
1366462175698	57	1000	417	show
1368134799544	146	280	79	show
1370476907475	33	699	264	show
1370547353135	42	280	38	show
1372411722543	126	410	396	show
1368257231762	37	48	153	show
1369448031859	1	762	318	show
1372886151019	134	644	355	show
1366889855496	5	821	284	click
1368654352157	32	286	178	click
1372369346036	149	446	193	click
1368855165745	98	909	256	click
1374178936425	101	564	118	click
1369616740871	103	491	313	show
1374013727233	13	155	147	show
1372201566801	99	406	325	show
1373999728379	78	977	137	click
1372960613636	15	873	336	show
1366415342823	6	674	327	show
1372408565868	35	945	416	click
1367018277919	68	63	426	click
1368662351146	121	462	381	show
1373655970718	60	13	477	click
1368981887406	139	16	189	show
1373196204259	61	811	119	click
1366726210637	52	910	497	click
1369004319470	43	704	255	show
1367262670117	41	552	330	click
1369556071291	82	397	393	click
1368617028474	26	680	494	show
1373895242980	19	710	303	click
1370755084582	106	648	348	click
1371395685494	131	144	51	show
1370150814559	111	828	460	click
1367057153695	1	991	51	show
1372911362500	112	443	449	click
1370577631582	142	753	304	show
1367491019059	71	226	490	show
1370825311624	97	377	323	click
1370583608796	106	72	31	click
1370857365479	73	503	271	click
1367565247752	112	169	473	show
1371015305163	42	681	87	show
1371016413217	38	207	265	show
1368677902352	74	626	262	click
1367318621291	39	443	489	show
1368740195848	95	649	345	click
1366771446394	40	159	396	click
1371210644179	78	204	25	click
1372729477649	32	188	105	show
1369379782169	29	744	61	click
1373901238224	132	80	324	show
1372870769962	15	161	375	show
1369517699435	101	664	239	click
1372102220315	8	66	426	show
1367209655429	141	546	52	click
1368894992753	96	627	394	click
1367118429966	106	543	57	show
1371964473154	116	314	253	show
1367380978277	63	894	234	show
1372876065455	3	370	131	click
1374177283473	5	281	179	click
1369770547930	46	720	154	click
1367905876688	2	737	429	click
1372007485416	58	779	117	click
1371109525846	31	955	478	show
1370747785914	119	645	301	click
1373359949566	114	155	455	show
1372916439363	9	139	184	click
1372508226406	94	554	204	show
1370267565920	130	34	320	show
1371029756565	67	310	87	show
1374011036351	113	621	108	click
1369505288335	126	530	172	show
1371476051728	115	575	495	click
1368478921171	28	337	387	click
1373731733959	104	642	172	click
1367879145890	126	412	136	click
1372396388003	76	236	425	click
1367892946480	68	139	82	click
1367225782290	36	250	358	click
1370953583129	15	413	207	click
1371613138899	88	829	411	show
1368103387407	136	901	423	show
1369004407475	131	575	334	show
1366467749730	99	866	277	show
1367669453810	52	757	47	click
1371886095939	12	297	78	click
1371767241201	52	54	389	click
1368002388548	88	832	470	click
1367874598749	130	335	332	show
1374093121552	90	220	150	click
1372982978217	28	518	355	click
1371011930826	127	349	150	click
1369055260904	46	799	188	click
1369750598424	13	244	378	show
1371824247420	79	937	290	show
1368421982967	141	784	19	show
1366893351955	5	996	165	click
1367818868399	122	517	273	click
1370407938664	94	226	275	click
1373972565483	14	280	366	click
1369388314371	136	465	159	click
1370983280305	47	563	428	click
1372340227742	148	586	313	click
1372542224447	30	901	223	show
1373377955693	42	222	394	click
1368260792642	45	237	492	show
1372179738080	137	554	135	show
1373783127434	39	165	483	show
1370427158166	107	786	8	show
1367892456583	40	769	186	click
1368344410154	20	365	399	click
1373934358684	134	220	458	show
1370896690016	90	429	41	click
1369006381645	46	401	117	click
1366865184557	33	762	298	click
1368849167192	64	942	358	click
1369004968201	126	959	235	show
1371949090273	99	783	328	show
1366504245179	47	370	422	show
1369391440673	36	741	287	show
1367247696929	30	344	471	show
1370843218690	110	915	94	show
1373923389245	30	832	192	show
1366805341097	99	538	492	click
1371819212962	74	214	128	show
1368858059758	56	789	17	click
1366915421397	107	939	131	show
1366831416644	28	743	165	click
1372559193074	45	941	340	show
1370144909187	54	817	225	show
1373386377738	150	634	234	click
1369386401961	52	825	16	click
1372516725683	36	327	202	click
1370660636567	30	93	55	show
1367719681242	73	587	411	click
1367162978973	98	205	75	click
1373200504185	69	807	250	show
1369936646477	45	443	1	show
1373386807653	27	73	452	show
1368316977294	105	876	286	click
1369364162747	127	936	214	click
1372961016264	137	162	52	show
1371021672367	93	470	290	click
1366848059135	86	653	345	click
1366915975279	73	62	90	show
1373676397862	112	325	164	show
1373412518803	138	3	117	click
1371966807171	92	365	387	show
1371129800616	52	670	55	click
1368758422014	95	248	8	click
1371167694082	22	479	177	click
1371728413460	141	935	217	show
1367648890165	94	43	429	click
1366625820828	23	820	424	click
1370942853411	65	34	209	click
1372162239989	117	482	59	click
1367767593122	37	584	3	show
1366846274950	59	906	216	click
1366945125192	139	28	116	click
1368113693762	101	568	99	click
1368374494984	60	237	252	show
1373644347279	60	805	247	click
1370650339361	127	326	231	click
1368543731094	64	470	371	click
1368628511430	111	357	122	show
1369893570675	109	175	85	click
1369091270179	43	59	172	click
1372739132104	141	86	154	show
1368846317345	118	603	5	click
1371831957695	139	143	157	show
1370311432070	108	525	405	click
1368662903030	18	283	10	show
1369227462110	143	353	250	show
1367120497571	134	141	408	click
1371282683866	9	929	83	click
1370924964455	75	259	220	show
1369459321896	26	254	267	click
1373573258132	124	8	454	show
1372936963085	81	263	208	click
1370300438986	123	41	148	show
1366472766928	117	458	159	show
1370662636384	84	229	340	show
1372278718057	53	135	175	show
1368770529163	57	732	267	click
1367803019695	11	112	83	click
1369913955581	130	128	251	show
1372871261292	48	370	359	click
1367707321279	19	69	245	show
1371120464450	122	551	283	show
1373286235492	69	353	357	show
1370381183456	108	149	388	click
1366398950786	35	751	232	click
1374010861950	73	891	352	show
1367808871800	114	917	495	click
1368064809964	60	714	51	show
1371217102221	26	899	30	show
1368870597467	67	833	211	show
1366872396389	116	199	453	show
1370096249289	113	447	424	click
1373268055604	71	303	248	show
1371598362020	13	859	308	click
1371651318711	93	870	39	click
1366395621852	75	887	254	click
1366873739560	61	111	226	show
1372532617936	51	951	385	show
1370908065841	3	613	187	show
1371239899439	13	249	471	show
1372520553940	118	8	387	show
1370856067009	44	148	304	show
1370363456780	97	411	104	click
1367900996835	138	690	98	show
1368368873051	59	772	200	show
1371306456286	26	687	88	click
1372129868436	146	316	286	click
1368433137556	122	625	471	click
1372212353327	44	210	282	click
1371225457854	18	452	41	click
1371034364562	94	773	95	show
1371756068340	46	995	118	click
1369846569315	16	78	64	show
1368653096788	135	536	294	click
1373482380780	58	173	93	show
1367080362071	50	335	474	click
1370185054128	132	99	155	show
1366570849991	29	365	442	click
1368992637046	49	321	317	click
1370757681742	120	14	133	click
1373491961856	102	918	8	click
1369981757658	53	761	64	click
1374149405591	72	890	35	click
1368658465784	142	717	304	show
1371868437312	5	584	103	show
1371043283346	22	181	126	click
1373720672511	20	805	394	click
1367256864585	119	560	311	click
1366548251411	136	680	92	click
1368068286158	129	56	322	click
1372623225198	124	118	322	click
1367250118202	135	549	31	show
1368433007611	14	68	209	show
1371997531738	40	627	218	click
1373721974295	58	257	184	show
1369777687248	9	673	281	show
1369665640848	54	351	204	click
1369294907454	8	7	314	click
1371821701923	72	603	157	show
1368276273265	53	193	378	click
1366976024187	21	803	172	click
1368446388817	10	322	289	click
1370239785379	118	449	112	click
1372261843263	129	258	197	click
1371178798550	148	412	295	click
1369327392417	16	446	60	show
1368727619130	108	303	49	show
1367420214364	109	214	252	show
1367642918707	130	345	339	show
1372127212583	3	283	361	show
1369271442596	143	711	177	click
1370097806686	48	4	357	show
1369491255301	113	803	59	show
1370966776089	35	473	225	click
1370023835958	76	451	456	click
1371539685563	39	533	370	show
1373173171169	59	10	445	show
1369266707699	123	477	80	show
1374122837272	133	71	456	click
1371095041291	78	878	54	click
1371823109170	131	970	126	show
1367192744179	71	267	22	click
1367761230425	63	751	98	click
1373282895830	90	336	456	show
1371234757153	82	259	86	click
1368206514093	122	587	494	click
1373102489876	47	444	353	click
1371022658484	81	999	173	show
1372318305824	148	444	465	show
1371844719392	43	781	24	show
1370036086810	1	950	122	click
1366926781134	78	512	379	show
1370891603770	83	362	63	show
1367884459779	147	873	327	click
1367407715669	102	935	454	click
1370775395566	48	722	466	show
1369647401273	114	110	184	click
1374193246628	138	906	97	show
1367922962468	1	106	135	click
1371669798533	129	423	27	click
1366821170415	100	249	463	click
1372904829898	2	233	407	click
1367525514153	18	415	169	click
1366987405810	12	150	222	click
1366632323888	130	912	132	click
1373675472723	101	678	17	click
1368086677744	2	124	248	click
1371060659353	96	599	36	click
1373952661775	148	150	494	click
1369729134757	128	122	357	show
1368884991752	85	263	326	show
1369954012611	17	695	36	click
1366686069551	149	918	106	click
1371870248371	62	983	140	show
1371788599968	110	739	299	click
1374156827252	70	191	79	click
1373693220842	70	790	424	click
1366361861976	17	612	291	show
1368746930071	140	754	126	click
1366646362756	34	500	330	click
1372987390783	59	547	133	click
1371345018226	20	841	309	show
1373612393756	27	163	488	show
1374039431050	44	506	459	click
1366973216088	57	494	48	click
1372460087137	26	521	3	show
1372537511697	99	769	70	click
1373654722911	117	570	397	click
1373180525535	135	672	410	show
1372394846210	28	781	453	show
1370199144237	45	325	213	show
1369255511139	139	5	411	show
1369488174298	34	351	432	click
1368045667618	114	96	437	click
1372098785099	137	100	258	click
1369795744603	103	890	23	click
1367237939645	75	694	387	click
1370910426285	102	95	380	show
1366487513754	11	681	115	show
1373584097621	126	164	449	click
1370986999227	126	56	439	click
1368057341461	66	267	386	show
1366744541262	1	66	131	click
1366456982717	120	230	482	show
1371951802087	21	109	148	click
1367108309466	80	116	378	show
1366446780676	65	811	156	click
1372916489784	105	208	496	show
1371216068917	136	607	498	click
1370771867803	128	171	376	show
1366544854538	102	390	285	show
1369103641889	48	923	431	show
1369163855232	148	617	306	click
1370440756336	14	315	81	click
1369501490678	15	271	363	click
1368906147195	43	84	410	show
1366440245448	21	327	172	show
1368130012271	138	386	181	show
1372009656054	80	332	140	show
1370336570948	24	526	79	click
1368966698313	6	254	330	click
1368021214427	76	861	170	show
1369989741132	78	671	441	show
1373626139637	123	347	428	click
1367010168767	45	296	37	show
1366641485291	93	608	431	show
1369890288224	121	353	324	show
1371259072038	150	360	233	click
1370871008818	34	485	153	click
1372310494685	40	429	101	show
1370843406864	119	522	117	click
1371819526918	47	800	262	show
1366440775193	122	22	281	show
1373942107559	75	826	152	show
1368707183052	123	217	48	show
1372316059046	96	287	460	show
1372043194777	48	340	327	show
1369904199389	60	539	166	click
1367537341507	86	613	413	show
1366613926782	89	150	43	show
1372153997188	55	133	204	show
1372270325658	52	980	194	show
1371547823325	143	825	462	show
1367264825657	34	751	399	show
1372541923514	107	372	236	click
1372124030654	119	99	218	show
1374102898562	80	855	210	show
1372176004827	40	868	194	show
1373489655195	15	589	202	click
1372957079889	27	652	124	click
1373278654707	8	875	110	show
1366847960937	40	475	431	click
1372575110939	64	118	421	click
1371794838692	77	259	440	click
1370212727931	45	616	214	click
1374083031308	22	951	77	show
1371166243124	132	589	28	click
1373228421782	30	152	374	click
1373971505138	16	105	21	show
1374135135174	75	809	414	show
1367224397607	88	196	498	click
1373807098201	30	234	147	show
1367517287513	138	443	87	show
1370119891018	44	456	465	show
1370399996120	1	530	130	click
1370934935933	61	282	301	click
1369993879812	71	10	386	show
1369514845019	108	879	453	show
1372327170253	25	697	187	show
1369902105684	136	167	52	show
1366596968987	127	939	394	show
1367259205995	135	930	50	click
1373058938461	109	807	204	click
1368369277337	69	823	321	click
1372456361275	56	618	243	show
1372599033730	96	866	149	show
1371243757449	4	327	307	show
1366614823365	105	428	355	show
1373098451450	19	150	138	show
1373597866665	26	211	148	show
1368038833235	90	51	34	click
1372787870479	59	559	351	show
1373012596084	61	112	164	show
1369398213720	63	825	89	show
1366532090727	119	456	269	show
1373034750217	44	18	129	show
1370330822650	109	452	94	click
1373086340451	130	54	491	show
1372266328584	114	822	90	click
1371566169491	81	345	430	show
1369345187077	20	662	326	show
1370263690289	109	557	388	show
1371333457357	53	89	34	show
1371983174511	50	680	237	show
1370542668740	120	395	220	show
1367449817070	140	152	137	click
1367046052992	58	46	51	show
1373527570185	65	449	408	click
1367716834387	55	530	362	click
1367448931041	89	857	156	click
1367142522925	81	349	390	show
1368604924170	56	211	256	show
1371443815654	37	469	10	show
1374157308336	2	923	96	show
1366935428736	52	472	197	click
1370064559841	81	428	130	show
1366359699687	83	513	354	click
1372447165001	129	327	334	show
1371189300138	112	857	269	show
1371278804837	19	501	119	click
1370007594459	25	569	212	click
1370320617023	141	274	434	show
1366855340378	114	713	5	click
1372816397463	133	952	86	show
1368516403607	149	969	496	show
1369755218034	40	362	175	show
1368173551261	41	493	37	show
1368774965026	92	782	42	click
1370164261472	80	587	19	click
1372334730512	93	637	65	show
1369925698112	118	1000	294	show
1369174103489	63	421	493	show
1372411278971	142	480	368	click
1371844194004	76	678	180	click
1369013629218	2	78	229	click
1369369592630	127	52	228	show
1372099107539	16	38	66	click
1370845210646	9	961	205	show
1367168830264	34	860	399	show
1366693539830	139	871	180	click
1367378478534	56	74	46	click
1370471893287	89	510	117	click
1371020409304	79	788	164	show
1368037150065	45	41	159	show
1371556665443	40	577	121	click
1372582872285	140	255	290	click
1366923603999	127	323	229	click
1374127280300	7	314	473	show
1368113554442	31	42	389	click
1367437777920	131	833	203	click
1367081044701	10	368	319	show
1371885699986	144	425	378	show
1369244538065	6	263	67	click
1373709339830	108	804	259	show
1371905005012	20	5	248	click
1372030066510	10	846	317	click
1372684276054	67	118	224	click
1367456763442	106	434	103	click
1367406170747	14	859	276	show
1367389269088	121	259	457	show
1371437653248	142	278	378	click
1370139845536	106	928	357	show
1373851513264	33	154	378	show
1368951495722	138	799	464	show
1368582412420	135	555	175	click
1371646674377	41	234	162	show
1370096784533	36	570	392	click
1366661525331	139	550	463	show
1371585235873	6	452	114	click
1373922803761	104	71	368	show
1366934894639	112	780	219	show
1373666065680	87	631	402	click
1372128828822	47	62	318	show
1369846267165	6	972	32	show
1367600991221	119	930	436	show
1367358934382	65	9	83	show
1367321257402	107	963	13	click
1369232763110	56	53	390	click
1369639260622	37	878	204	click
1368686358173	68	379	272	click
1367426634314	85	325	256	click
1366705466672	86	454	241	show
1369085631522	123	581	257	click
1368915684100	104	893	114	click
1368690129978	96	831	199	show
1373379679365	55	920	100	show
1372843991748	93	439	345	click
1368566793510	113	347	430	click
1367776505387	107	307	358	click
1368980875287	102	124	222	show
1371928295681	109	845	371	click
1371295215355	17	490	367	show
1373958716717	145	686	300	show
1367499995537	12	827	8	click
1366786576729	111	363	149	show
1368521156260	34	38	295	show
1372048311538	92	963	288	click
1372594288209	140	947	375	show
1367563198923	110	678	338	click
1373297070183	112	398	378	show
1372606062407	89	195	57	show
1369262834074	148	516	392	click
1366675304580	59	980	322	show
1370496532523	40	400	287	click
1371068567985	17	529	68	show
1372741924053	124	994	225	click
1373526373750	102	519	296	show
1371314930883	81	869	393	click
1370155685158	77	519	497	show
1367814194495	33	350	99	click
1370514386251	5	34	139	click
1368061799745	121	843	248	show
1372777134060	27	180	499	click
1372447979896	127	672	395	click
1372519712000	111	950	228	click
1366752834976	9	180	107	show
1370160556017	139	860	239	show
1368657445446	84	127	51	show
1366876330166	63	66	352	show
1370921689038	117	330	311	click
1366867690284	43	294	252	show
1371908717950	66	292	124	click
1373906687434	68	796	465	show
1366672014400	33	549	453	show
1372760709322	78	806	33	show
1368888931377	88	605	186	click
1371273008843	66	958	393	show
1367572697045	35	460	483	click
1370933201145	90	632	293	show
1372843759918	43	200	142	show
1368846534838	75	112	29	show
1372162833601	36	198	403	show
1369725105320	11	299	132	click
1368954220554	45	17	229	show
1370568670202	21	628	26	click
1369161081268	4	798	71	click
1373633244014	51	637	443	show
1368226244690	66	337	335	click
1368535555471	4	648	49	click
1372024103067	65	618	439	show
1373844404917	108	796	236	show
1369800376241	47	126	9	show
1368573482273	141	702	405	click
1366773724599	34	650	469	click
1373470457097	134	424	404	show
1367250309237	4	606	203	click
1370655474523	68	161	147	show
1368571476211	22	394	295	show
1368801813188	108	570	178	show
1370545590068	6	778	249	click
1367573194736	53	307	200	click
1370377318713	70	141	457	click
1366365798480	44	123	454	click
1370959369990	64	558	386	click
1370186210526	79	423	363	show
1371867586937	19	526	232	click
1371943783517	60	419	153	click
1367882546169	143	915	460	show
1367977959735	75	747	399	click
1367568541143	45	411	142	click
1368623380113	3	463	211	click
1371632186008	81	412	241	click
1371931795297	149	844	298	click
1367397337856	4	317	355	show
1370929134985	82	639	452	show
1369027467592	68	169	264	show
1373994387236	99	14	407	click
1369736406922	147	728	162	show
1370887906418	45	10	250	click
1367729158739	47	364	339	click
1367895191494	88	531	378	click
1371173289777	95	316	320	click
1369806050165	15	175	280	show
1367441916984	134	496	447	click
1366963876506	78	562	325	click
1373818493701	52	578	294	click
1371648248827	23	41	109	click
1366921218419	46	57	402	click
1373793811131	106	884	295	show
1373140374555	58	136	148	click
1371613771752	90	715	423	show
1370565307042	48	383	176	click
1372657801045	43	71	446	show
1366349762701	12	274	20	show
1372741039819	18	644	310	show
1373667131960	73	143	243	click
1370485061305	59	267	175	show
1373989949489	76	210	141	click
1369903262934	148	625	226	click
1373336812298	129	696	491	click
1372326791251	39	542	437	show
1367554588939	57	798	414	show
1369015527417	45	7	345	show
1367894133447	17	330	447	show
1367087524836	95	556	208	click
1368185104569	37	620	201	show
1371332372505	19	345	476	click
1373163048161	10	503	106	show
1368814916628	84	157	165	show
1366729572355	47	249	352	click
1370063519433	17	621	478	show
1371240426180	82	925	306	click
1369330879441	39	412	162	click
1372063536442	15	779	466	show
1367254237509	16	756	302	show
1372894611327	91	494	370	show
1371882803113	128	217	381	click
1372631675856	134	34	34	click
1371031868362	118	534	49	show
1373664126358	49	482	77	show
1369129005560	28	623	99	click
1369725908341	108	612	307	click
1372759860551	15	577	341	click
1369800388165	134	108	224	click
1371633950505	29	810	185	show
1373090088998	80	17	81	click
1368386835314	63	341	215	show
1367822235588	31	587	439	show
1368880765577	29	692	235	click
1368064653958	56	70	49	show
1370528209858	108	928	32	show
1373740130786	108	87	370	click
1369486238353	40	74	312	click
1367484349139	69	193	127	click
1370287633850	65	387	499	click
1366763721677	2	843	23	show
1369909548396	93	723	252	click
1367438797246	71	815	145	click
1366774066956	50	945	319	show
1369243526289	144	449	474	click
1368446465322	10	897	447	click
1367739546812	84	660	373	show
1371753462340	30	336	49	show
1367968014254	117	958	39	show
1373884630790	105	675	142	click
1366747714800	133	84	59	show
1370447509438	102	266	328	click
1370662067412	124	337	208	click
1369261057918	133	205	498	click
1371662389320	49	465	363	click
1368115762697	40	274	359	show
1368976617351	34	674	454	show
1370130641873	107	250	468	click
1367668002722	129	398	119	click
1369299234887	95	68	191	click
1368557778765	40	582	19	click
1372150349847	5	659	343	click
1369643619097	31	612	157	show
1374146002292	47	268	105	click
1370959030523	92	85	414	click
1373072677261	41	339	238	click
1372373368924	1	625	249	click
1371231546733	24	92	162	show
1374043820341	100	1000	424	show
1369138329529	1	713	140	click
1367438397845	13	427	46	click
1370619954173	134	692	331	show
1374027967246	21	222	238	show
1366589904500	100	355	270	show
1372792046096	3	4	156	show
1369898909119	148	412	258	click
1368043339129	40	175	431	click
1367590720839	72	829	487	show
1371299628512	13	494	409	click
1367451235402	104	501	390	show
1368524993383	58	827	294	click
1374063025745	41	921	148	show
1370972162921	87	677	150	click
1372588498090	121	479	153	show
1373221971342	106	292	308	click
1370135408030	81	217	455	show
1366618421869	84	120	98	click
1368809477750	119	868	254	click
1369577186427	132	437	135	show
1367966932500	51	442	371	click
1368966302518	119	68	93	click
1369386674628	103	56	210	click
1368660945011	90	35	25	show
1369218185742	38	263	237	show
1367564982386	41	945	4	show
1369764027210	124	681	17	click
1371558130856	38	395	474	show
1370620408351	55	823	409	click
1371215952213	19	56	87	show
1366690002229	133	401	67	show
1367057469549	144	639	177	click
1366981430012	70	546	444	show
1373925703813	43	390	477	click
1373192615958	37	513	487	click
1368247100773	130	130	140	show
1366931457218	39	72	269	click
1369565422672	71	410	332	show
1370491207778	45	934	489	click
1372969528776	102	543	308	click
1373739922472	24	561	198	show
1369004003587	57	486	349	click
1367708701863	149	336	345	click
1370764967406	107	255	301	click
1368354769134	122	222	453	show
1372778186165	13	824	275	show
1366681349726	88	290	279	show
1372054022898	28	92	370	show
1370327922798	11	620	30	click
1372516970630	123	93	256	show
1371737474634	149	23	170	show
1371279383840	69	645	228	click
1368126282038	96	268	61	click
1367760453019	114	898	412	show
1369296647749	85	117	43	show
1366810819467	29	665	131	show
1369075957438	58	746	391	click
1366780488241	77	203	445	show
1373748381759	11	245	118	show
1369288094526	9	985	127	click
1368638511823	103	449	14	show
1366862972360	50	241	305	click
1372710978764	9	10	255	click
1373291640186	39	666	216	show
1370212017101	84	979	24	click
1369504684883	69	15	459	click
1367069858210	124	410	263	show
1371242701917	71	39	441	show
1373421019857	66	917	427	show
1370512314651	16	333	293	show
1368556283939	48	508	84	show
1366362177942	133	542	221	click
1371938677184	131	259	353	click
1371480328641	143	980	463	show
1368698237500	133	583	500	show
1369164302205	36	666	91	click
1368264121130	135	764	297	click
1369297943081	27	691	17	show
1371899955773	89	874	86	click
1370885332040	54	189	49	show
1368982654976	18	740	205	show
1368937248759	6	783	448	show
1372911245992	89	235	363	show
1368535672885	23	862	497	click
1370490220974	129	951	302	click
1370833877160	96	835	276	click
1371808276408	146	547	320	show
1373649916637	21	580	340	click
1370929706238	100	282	378	show
1368258197673	144	97	115	click
1366656810606	105	849	76	click
1371883248074	3	250	396	show
1370847086962	67	742	5	click
1368845057732	99	86	437	click
1368050654057	139	21	462	click
1366741879360	100	180	441	click
1372967573746	86	181	165	show
1366988716547	66	447	321	click
1373003617423	38	930	436	click
1368776133357	66	356	122	click
1369825624769	73	652	384	click
1369404703391	75	811	90	click
1371801654554	6	57	294	click
1366470718489	49	369	155	show
1366453902920	41	446	429	show
1371754388664	10	134	316	click
1370867542083	93	849	33	click
1370997539563	105	629	135	show
1372691014248	84	242	62	click
1372774435391	14	125	427	click
1369203461912	14	199	19	click
1372140427432	68	716	26	click
1374102426970	118	851	246	show
1369176246961	100	698	492	show
1371162215512	60	265	207	show
1367001424591	1	442	48	show
1371168104135	93	346	367	click
1372749473785	91	336	81	click
1367180759781	85	238	251	click
1373210487965	59	542	356	show
1367561342058	23	977	407	click
1369685189232	141	196	131	show
1372004653691	110	781	427	show
1367516747416	39	576	430	click
1372543692057	124	46	69	click
1372514178258	119	279	497	show
1366977581444	90	481	150	show
1370090414275	10	510	330	click
1371580199431	129	623	213	show
1372561621581	146	158	344	show
1370563017386	84	572	49	click
1371810565851	2	502	141	click
1370498733541	36	155	389	show
1371558628343	29	691	448	show
1373941657822	95	479	131	click
1374157062680	28	648	83	show
1370739628721	120	95	203	show
1372916091793	24	597	229	show
1371033190954	141	280	488	click
1370229703480	150	835	302	click
1371481837220	17	55	229	show
1371919068394	45	176	130	show
1370749265081	133	19	124	show
1367315272505	131	605	203	show
1367704948736	18	906	460	show
1368987382763	73	133	64	click
1369787390806	101	186	460	show
1367195320419	18	481	251	show
1367351799369	108	188	312	show
1373688311983	48	57	198	click
1370801048869	28	299	442	show
1371713845531	116	85	476	show
1373267512995	111	122	114	show
1370023064080	141	192	208	click
1370781868888	75	650	268	show
1367668764118	99	200	305	click
1367639521131	67	316	400	click
1373662074148	136	824	34	click
1371366141014	81	150	166	click
1373795568729	132	875	283	show
1371480433364	82	917	429	click
1371666602910	120	741	356	show
1372906011908	65	842	51	show
1369934044690	48	565	164	show
1371927537506	73	801	494	show
1371432772348	23	51	422	show
1368856538977	136	202	174	click
1367329593854	87	464	165	show
1369558939710	86	185	397	show
1373221464454	50	17	312	show
1368718787666	136	554	420	show
1373823527250	96	864	316	click
1366478970103	101	818	86	click
1371786468871	48	960	105	click
1369193326584	71	428	45	show
1368855511688	86	820	15	click
1369803820745	150	224	441	show
1368933478662	41	999	436	click
1371324807790	112	695	237	show
1371320618483	68	311	127	show
1370758764689	29	770	165	show
1373132237357	141	744	97	show
1373807330224	70	124	485	show
1368785105417	65	727	280	show
1367534243957	37	821	218	show
1371565730923	22	124	297	show
1370010685277	88	741	373	click
1372689105087	2	449	423	click
1372481974968	135	673	136	click
1366425308120	41	65	115	show
1372075718697	73	164	479	click
1371322352815	96	432	40	click
1371916454978	125	309	146	show
1372804714812	23	770	434	click
1372925516786	68	374	230	click
1369125035802	130	77	194	click
1368108805413	125	955	240	click
1367333331318	3	654	17	show
1370661912125	106	2	233	show
1373640971312	84	593	347	show
1369184431046	91	111	177	click
1371848855006	133	686	215	click
1369356915706	125	921	475	show
1367198339800	100	528	253	click
1372488094445	35	730	167	click
1368399967200	105	268	444	click
1366781879571	68	998	123	show
1370963852483	21	670	65	show
1369590504226	3	606	44	click
1369835985224	76	486	500	click
1369122360788	147	972	138	show
1370786768958	111	627	142	click
1369196514772	48	66	347	click
1369554085741	116	936	172	click
1372236102202	83	847	79	show
1367090146829	59	827	70	click
1372444868266	108	212	403	show
1373963587161	110	365	372	click
1371933227891	103	629	399	click
1370491116614	28	460	290	show
1369785782374	47	757	185	show
1370563199636	24	674	244	show
1370530561874	66	408	165	click
1370267854673	81	578	385	click
1372680180338	132	680	268	click
1367278214867	57	298	198	show
1372322200776	26	171	314	click
1368145472778	7	613	281	show
1369570978174	150	380	322	click
1370314522083	92	581	207	click
1369747032833	32	107	79	show
1368513305723	113	520	417	show
1373830339780	102	841	497	click
1369862121834	82	491	239	click
1367730055688	148	642	366	click
1373706099505	21	211	243	click
1371453885234	124	6	286	click
1370049418165	2	510	178	click
1367890925059	115	239	486	show
1367351003433	139	702	152	click
1368372541043	36	941	459	show
1368663107005	138	853	278	click
1370093515695	33	925	381	show
1370714843775	147	92	416	click
1371600033756	147	65	359	show
1368160889148	144	387	434	show
1373837190216	97	613	472	show
1366703103587	17	135	282	click
1371669183719	113	543	433	show
1373518968759	94	417	207	show
1374130968471	26	623	283	show
1372149839517	46	474	80	show
1371773633209	46	211	180	show
1366997565831	102	212	22	show
1370183162568	21	516	346	show
1370215936782	117	836	220	click
1369139085208	57	408	207	show
1369278402249	69	158	275	show
1366764101196	20	701	205	click
1368493348917	45	342	166	show
1368271384295	84	57	405	show
1369352951779	83	708	251	show
1373617977183	15	26	147	show
1372226328532	100	334	413	show
1371048240876	9	215	224	click
1373425110490	123	17	293	show
1370392709906	74	824	42	click
1369558937769	93	120	51	click
1373733170070	130	606	244	click
1368990044759	40	709	37	show
1373265410558	66	614	48	click
1367319575971	117	635	7	show
1371626547574	21	376	180	show
1368579462574	3	481	123	show
1366649204502	46	682	295	show
1369659208736	75	270	341	show
1367195014129	58	87	158	click
1368813590912	77	395	50	click
1368715027915	124	28	136	click
1367198892614	136	653	121	click
1370349825909	60	338	114	show
1366922570584	65	957	68	show
1372182331745	121	180	350	click
1373962974954	36	480	208	click
1368264357678	87	79	110	click
1366380746456	146	629	60	click
1368456382915	13	178	235	show
1371190443244	70	523	219	click
1373351815316	64	882	213	click
1367728549939	4	962	253	show
1370862279728	6	629	77	click
1371377601263	32	801	339	show
1374044012900	113	166	79	show
1370616339618	102	546	431	show
1372103994346	81	336	152	click
1367991580070	25	620	225	show
1366519217367	46	103	331	click
1370068461591	106	274	119	show
1367015964752	59	282	274	show
1371052986400	19	708	324	click
1374138607775	126	971	201	click
1373527210361	40	855	59	show
1368706611169	73	498	31	show
1373483671567	80	722	31	click
1374192098113	41	472	180	click
1374125043740	73	863	106	click
1371044696242	150	92	177	show
1368055940154	102	686	434	click
1369054598460	110	854	282	show
1373049979829	123	876	263	click
1373353194589	88	220	119	click
1368275290313	124	826	6	click
1373631994845	50	697	312	show
1369459624709	116	620	426	click
1369930390666	82	153	34	click
1370050867075	107	862	292	show
1371339015078	77	654	357	show
1366689817168	28	262	192	show
1369304146776	147	738	80	click
1372043972013	65	615	358	click
1369559424303	86	772	11	show
1370345624731	26	743	51	click
1368119073705	123	975	377	show
1371520537598	34	535	244	click
1369197879727	86	84	204	show
1366711028983	149	449	163	click
1372841762955	63	17	205	click
1369108075095	87	160	189	click
1366345868778	90	367	425	click
1374159557599	1	850	412	show
1371370665342	112	277	427	show
1369177242062	71	284	111	show
1371482561856	107	453	380	show
1368853596000	82	947	123	click
1368636917164	112	413	341	click
1371717464449	49	314	230	show
1372803880964	53	505	244	click
1370045893586	4	166	257	click
1370335642485	38	304	419	show
1370508545716	20	216	148	click
1373765461041	34	88	204	show
1371654203405	142	208	194	show
1367574941567	143	239	36	show
1369613497532	86	225	28	click
1372338544026	125	14	413	click
1368657047306	13	409	245	show
1370190707834	130	520	484	click
1368570158174	51	443	321	show
1372531510939	81	954	57	show
1372683947700	63	147	145	show
1370833561808	115	459	478	show
1370047969329	122	534	342	click
1367971819436	59	132	445	click
1369228581853	67	723	377	click
1373791489436	90	985	328	show
1372654663055	45	41	395	show
1368858433993	143	126	412	show
1366858706621	54	300	203	click
1370400480417	21	149	384	show
1369030117188	9	485	64	click
1373557796735	133	905	462	click
1369016517491	96	315	83	click
1368487717228	56	10	14	click
1370879950969	95	939	195	click
1368120359780	82	769	33	show
1373944077308	120	632	460	click
1370355271689	30	346	30	click
1369795694539	102	841	89	click
1371099530845	142	525	64	show
1372449109637	11	935	369	show
1367905544663	80	27	425	click
1366393605750	130	102	1	show
1367320234758	150	359	395	click
1367874701330	90	710	410	show
1371375346502	37	244	126	click
1373778187431	121	881	482	click
1370725755195	13	973	6	click
1366451856032	87	924	51	click
1368794916782	78	700	408	show
1372052152465	20	872	26	click
1370654756311	40	732	481	click
1368858552502	12	760	180	show
1371988202631	114	435	235	click
1372186657272	104	122	205	show
1373091125446	7	969	289	show
1372016443162	45	940	371	click
1368054285181	52	259	369	show
1367432944918	55	459	435	show
1373196452698	136	973	125	click
1368586408693	93	33	166	show
1371927931761	113	192	63	click
1372688750899	130	470	332	show
1370027393613	53	258	94	show
1368995204591	122	561	115	show
1373010245344	50	390	129	click
1370847394551	35	766	334	click
1372413916535	29	809	175	click
1368555938040	30	934	337	click
1371801412634	22	146	230	show
1370574420673	125	812	256	show
1367945965675	95	561	332	click
1370353184114	105	569	305	click
1366421196328	128	126	183	click
1367542515896	140	311	211	show
1372153429235	44	934	2	click
1368358047113	147	384	89	click
1373003771536	3	39	147	show
1371590946881	120	447	491	show
1369064744737	11	998	104	click
1369345578515	9	623	328	click
1371125759705	34	676	86	show
1370084553801	30	9	300	click
1372174505086	11	780	189	show
1369519476207	79	642	433	show
1371308928006	30	890	204	click
1370770686558	20	959	120	click
1372299726957	27	250	100	click
1369047266637	119	602	372	show
1368293500572	139	198	8	click
1374084179171	140	486	392	click
1372014589415	130	656	280	show
1366792134481	72	504	447	click
1373457051893	115	667	24	click
1366515799232	129	153	70	show
1368830086177	87	721	384	show
1372302155441	131	845	357	show
1369536540479	82	656	477	click
1374187283560	97	820	320	click
1373097067281	50	341	235	show
1367111619977	91	484	371	click
1369901309855	27	576	184	click
1372923594387	96	611	255	show
1370766899334	123	539	183	click
1366644150705	47	947	100	show
1367318152868	52	55	497	show
1371349874100	5	839	28	click
1373894339811	53	902	159	click
1372974296057	36	675	213	click
1371465115244	4	629	95	click
1372225109141	79	335	469	show
1372445545269	133	620	239	show
1366667808894	27	840	91	show
1370538700320	83	379	6	show
1368757348517	91	515	98	click
1366528354111	66	816	217	show
1367520315800	146	800	62	show
1371018568801	13	85	381	show
1371668620316	65	730	56	click
1371981905330	17	242	241	click
1373705858108	53	800	406	show
1373968685416	115	296	386	click
1367693250349	149	58	437	show
1373897592354	35	1	234	click
1371813566009	144	496	264	click
1368358084118	59	618	474	show
1368160152617	129	800	160	click
1372925526193	98	268	215	show
1368627195630	8	661	483	click
1373159268461	51	946	231	show
1374057610887	45	340	110	click
1368597257546	1	14	289	show
1373377210531	146	804	320	click
1367550221442	148	944	84	click
1372151220130	76	835	423	click
1367110295677	49	668	349	show
1369082889807	27	910	215	click
1369875831151	131	365	189	click
1368455458674	139	16	260	click
1367022742934	57	868	441	click
1372186760599	28	670	202	show
1367424864277	76	63	476	click
1368601083310	96	378	312	click
1373548375604	120	561	228	show
1367397880324	83	860	396	click
1373028726672	49	518	368	show
1368365327705	72	858	208	show
1373102213171	145	132	199	show
1366646558706	3	851	139	show
1371602117966	125	539	272	click
1369573910202	126	936	259	click
1370249137073	16	131	82	click
1366469448536	1	708	311	show
1369627916492	13	424	136	show
1367855518090	22	832	368	show
1366359513427	70	478	336	click
1371547708338	6	96	341	click
1371856310052	110	511	252	show
1369035366311	1	908	267	show
1369874404625	85	800	457	click
1368570658543	80	638	185	show
1374028728761	103	990	249	show
1368304345455	72	277	143	click
1368035500759	12	429	265	click
1372173591881	107	891	490	show
1366649086202	50	313	151	show
1369698136699	101	890	105	show
1370672028242	46	191	322	show
1373149101072	137	817	129	show
1369655809259	138	494	171	click
1371720054032	97	867	151	click
1367652708838	146	932	219	click
1370368245355	21	776	23	click
1371530574510	127	291	138	click
1370136177702	124	674	136	click
1373466531012	95	928	310	show
1369064906713	90	212	194	show
1370961206127	84	170	317	show
1369355482473	76	609	449	click
1367729109906	60	217	150	show
1368425853207	123	254	330	click
1370728703473	31	212	373	click
1372877507876	87	89	357	click
1367888629954	28	910	306	click
1371140603727	44	892	106	show
1366798613615	113	208	125	click
1366747461827	44	767	446	click
1369027151019	104	47	361	click
1367907747266	109	688	467	show
1373512974384	21	56	286	show
1370427028264	97	465	63	click
1373047545177	19	125	307	click
1368027846294	5	566	193	click
1370003561833	55	727	27	click
1368013941070	128	255	432	show
1368144400991	119	408	242	click
1369638495461	69	19	225	click
1373715787439	48	371	206	show
1373028191834	48	516	112	click
1369725625597	120	813	442	show
1369043535361	46	30	379	click
1372600433819	87	91	232	show
1372109276808	82	893	182	show
1373388354591	42	608	313	click
1371258185138	18	888	24	show
1367785470787	120	318	65	click
1368873485064	124	163	443	click
1370046985132	87	684	146	click
1366680996979	125	250	475	show
1367115596817	11	145	204	click
1373709927286	79	815	79	click
1367251248786	4	526	289	click
1368563196936	131	437	9	show
1374088716333	63	274	349	click
1373751020267	37	181	362	show
1371164911172	113	93	309	click
1370517873989	47	401	337	click
1372726028687	60	773	212	show
1370594745325	84	901	488	show
1369914008102	142	305	432	click
1367729622986	106	808	369	click
1366659154509	78	40	122	click
1370921086982	15	648	228	show
1373252609070	131	958	491	click
1366911171559	123	907	9	click
1367502362552	40	287	128	click
1368296176809	104	901	191	click
1371896460031	35	181	475	click
1372257764127	89	319	36	click
1368598025484	31	634	419	click
1370882795461	52	923	70	show
1371371490940	106	655	395	show
1368915152044	94	502	278	click
1366417983064	16	612	430	click
1368438757657	109	891	15	click
1368229398047	79	190	354	click
1373150417786	60	434	343	show
1369679289236	49	475	86	click
1372286759074	53	992	124	show
1366587950800	132	560	301	click
1372595434564	24	125	32	show
1372234366133	17	751	3	show
1367336188002	116	991	473	click
1366863348747	141	259	94	click
1373115511260	145	715	469	click
1367436935466	17	646	478	click
1367849224420	115	434	207	show
1369890662394	26	903	1	click
1373645325922	43	909	92	click
1370764692487	17	647	130	show
1372219235300	142	87	456	show
1373040930148	22	558	141	show
1368857253410	36	634	265	show
1371588405811	72	748	218	show
1373672904850	111	257	385	click
1368682299153	4	400	133	click
1372593819405	116	917	256	show
1370692600923	14	922	183	show
1367249342800	122	141	462	click
1367212078982	127	492	112	click
1372843577122	43	912	183	click
1373279829939	112	403	269	click
1369642880875	51	111	29	click
1366844342708	70	994	236	click
1374190536185	11	914	378	click
1369488223153	141	496	54	click
1368331079962	87	921	440	click
1371548387872	12	426	130	show
1373165943119	22	940	142	show
1367157925086	41	511	312	click
1372116612132	44	273	467	click
1369087986837	32	175	89	click
1370540264144	32	586	317	show
1372476230625	73	215	257	show
1373275442756	7	469	487	show
1366527895532	21	969	70	show
1369161209515	25	136	13	show
1372027644398	140	155	351	click
1367846487963	10	301	336	show
1372944959189	92	653	31	show
1369270619570	15	770	294	click
1370880298288	2	871	469	click
1373699850076	110	558	295	show
1366467475859	89	415	304	show
1367648708168	123	206	230	click
1373741680902	2	847	143	show
1373266538440	146	617	322	show
1367656634581	98	65	183	click
1366389185821	139	289	240	show
1367925119290	42	2	55	click
1367535239442	38	605	463	show
1372052657396	95	966	97	click
1366976431054	107	521	252	click
1366745354250	34	444	383	show
1373036479110	113	527	261	show
1366935017348	144	863	285	click
1367954261895	131	496	279	click
1370471747817	78	86	280	show
1371147274980	44	525	252	show
1369732823987	74	271	399	click
1372283180427	86	824	130	click
1370456859168	115	666	360	show
1371849800680	86	342	80	show
1369018169351	44	760	391	click
1368377276302	116	966	127	click
1369993575704	23	411	495	click
1368473553007	46	524	76	click
1367892336503	93	882	329	show
1368549350236	43	70	182	click
1373428377972	90	825	353	click
1366427400535	135	586	145	click
1368809728473	21	855	244	click
1367477300172	34	583	96	show
1372140672743	17	178	448	show
1369877284468	76	429	22	click
1373566776364	6	510	465	show
1370721132220	49	365	25	click
1368319507727	13	48	23	show
1371813213733	124	272	258	show
1367453347710	149	739	465	show
1370459767964	133	113	158	show
1373803315166	131	742	139	show
1370037581695	88	973	320	show
1373995670165	112	278	338	show
1370787579855	116	501	460	click
1373462438757	43	359	295	click
1370697939917	31	780	90	show
1371674685844	77	754	98	click
1374097460806	96	161	439	show
1370879754924	6	882	14	show
1371593069587	17	65	225	click
1367562775939	139	12	272	show
1368806488536	58	927	402	show
1368041767122	148	634	405	click
1366818773229	69	206	173	show
1369129607038	146	908	414	show
1368158906356	44	147	44	click
1366379505517	58	259	252	show
1370701783930	61	608	367	show
1369068148167	128	604	229	show
1367261547078	94	80	385	show
1366620077736	58	238	91	show
1367584950741	84	955	260	click
1371781780473	61	996	215	show
1372362739910	51	255	364	click
1370897941118	56	983	165	show
1368440434827	19	401	3	show
1373123143121	119	860	327	click
1366973262973	8	363	266	show
1373287465894	29	922	195	show
1372200628212	129	566	207	show
1370335144855	48	964	343	click
1374007765298	65	427	65	click
1368131580666	122	493	163	show
1368923365056	149	503	195	click
1370714142621	144	725	147	click
1367031837789	42	168	216	click
1373873508952	10	39	431	click
1367979198101	91	985	270	show
1370654525342	36	326	25	show
1369657252229	17	466	450	click
1368165034153	103	610	446	click
1367000998531	2	114	465	click
1366541755593	71	433	282	click
1366551671908	13	577	170	show
1367191483021	13	421	464	show
1371931341274	72	441	132	show
1369540460772	11	993	479	click
1373522174892	80	944	224	show
1371468478361	5	477	255	show
1374153423145	126	591	58	show
1367028080656	121	457	102	click
1369330576469	44	639	236	click
1366436092718	82	935	357	show
1372512591420	82	52	266	show
1373466165996	35	110	435	show
1368996344000	49	173	114	show
1368273761826	1	441	191	show
1368521287735	69	326	198	click
1367124877026	50	821	97	click
1366371957460	29	379	311	click
1370294886719	99	239	75	click
1368967147981	149	310	73	show
1370254776891	41	119	77	click
1373132249765	103	388	247	show
1372599688198	120	547	218	click
1372877459253	90	886	248	show
1373193881975	27	250	357	click
1372475516745	37	325	370	show
1370390591204	61	836	167	click
1370679451750	126	92	129	show
1371593193493	101	231	63	click
1371902182102	42	355	158	show
1372374686235	98	74	484	click
1371655391311	45	957	309	show
1369548955439	129	960	485	click
1367156416638	80	811	355	click
1367736765904	103	321	236	show
1372449754867	74	330	337	click
1369476613873	109	1000	59	show
1367232599086	86	226	370	show
1370667342999	88	610	149	click
1371007940295	43	414	48	show
1373499052068	108	65	171	click
1372179892535	55	99	24	show
1373181517943	21	644	30	click
1367445892691	118	62	97	click
1372400308166	33	858	73	click
1366711686059	92	161	49	click
1371788740037	14	321	223	show
1370399356754	3	800	174	click
1371974201559	113	137	243	click
1368979256484	145	840	347	click
1373719536953	113	334	154	show
1368648374591	61	860	215	show
1372230549465	37	53	268	show
1369834759135	84	311	64	show
1370756927250	106	632	182	click
1369357843677	15	759	361	show
1368172069126	66	950	297	click
1369344896645	126	548	286	click
1366971621524	79	158	291	show
1368050416186	60	546	155	click
1367239125322	41	384	63	click
1370258626653	16	237	232	show
1367026164039	128	202	371	show
1367705186249	150	828	369	show
1369265521129	111	496	478	show
1370166756824	38	173	63	click
1373118885657	48	920	417	click
1371519383160	26	237	37	click
1374027228379	27	259	394	click
1372332508695	40	669	172	show
1367457865143	19	215	84	click
1367509199331	138	173	213	click
1369700382436	28	428	3	click
1367979331922	48	44	233	show
1368970633821	122	891	486	show
1373192299029	40	31	403	show
1370448184165	93	964	468	show
1368157564895	79	626	358	click
1368655059529	95	830	398	click
1366607442060	16	290	389	click
1370884530984	149	89	314	click
1371256649011	25	520	3	show
1366849328395	6	607	414	show
1367832731030	140	224	60	show
1367908085209	82	543	43	show
1373151957581	97	673	412	click
1368527794287	64	679	156	show
1367563975818	122	955	92	show
1370786826839	146	435	462	click
1371573524147	42	347	70	show
1374047408220	94	998	493	show
1368262412440	137	357	74	click
1369769934708	67	681	495	click
1374044553560	23	654	184	click
1367053311986	66	77	351	click
1372179348433	89	37	226	click
1368284084149	113	852	346	show
1369347441890	77	102	4	show
1371117688421	126	892	326	show
1372106119369	78	357	417	click
1373803586761	107	715	391	click
1373858920360	9	926	183	click
1369229450765	74	195	360	click
1367691306260	51	805	453	show
1372816115338	100	536	200	show
1368236478079	32	708	169	click
1368061747452	60	686	26	show
1367019288397	54	542	200	click
1371465658505	147	511	429	show
1366815417202	100	74	147	show
1367720579783	73	839	135	show
1373343364278	137	522	430	click
1372747897251	17	660	366	show
1369729042376	122	692	345	show
1368811608423	23	160	101	show
1373468507615	85	798	340	show
1368468709153	132	289	247	click
1368973206448	34	402	173	show
1368075346040	65	956	143	show
1372726934345	7	399	176	click
1367937066155	77	525	466	click
1366584093835	104	748	423	show
1369599659601	147	283	51	show
1370981296570	47	18	307	click
1367656104980	124	499	466	click
1371251101272	42	578	165	show
1370668281270	62	725	119	show
1374137058526	93	466	312	show
1369371698132	11	370	331	click
1367904393123	10	497	286	click
1367335318429	30	485	312	show
1373704351090	60	703	192	show
1370658493159	115	902	243	click
1373659683520	27	551	146	click
1368587080610	70	817	179	show
1371324955032	119	269	155	click
1373161304711	45	380	337	click
1368467833192	66	148	29	show
1370421961840	22	697	53	click
1372869156868	67	801	180	show
1372010539294	110	410	454	show
1373968629947	96	908	214	show
1372369027993	90	789	215	click
1373995274300	70	460	419	show
1372170337797	135	155	273	show
1368057728834	66	372	200	show
1368785091511	114	503	447	show
1372810667740	16	118	362	click
1373064872875	124	92	331	click
1373869613344	70	380	401	click
1372494458749	144	65	178	click
1367364601929	104	855	441	show
1367024228522	49	915	179	click
1373088546974	28	604	56	show
1373489224467	35	985	496	show
1370252496643	95	511	426	click
1366381757490	82	258	153	click
1374109957990	34	115	45	click
1366564808399	141	651	213	show
1371360851325	18	389	336	show
1373967733755	89	13	418	show
1369980399690	91	60	59	show
1366491822155	12	232	255	show
1373474546199	110	103	396	show
1371410877498	103	615	28	click
1367088550871	39	279	369	show
1370115948160	138	926	300	click
1371954906871	42	527	358	click
1373174839798	60	337	176	show
1371117842311	113	440	259	click
1371556165221	54	790	446	show
1372134876585	97	308	499	click
1372134074892	48	527	75	show
1369988533798	56	496	367	show
1369621403834	56	934	497	click
1369325877943	92	160	369	click
1367133584686	26	745	321	click
1370363495622	83	766	361	show
1371700397266	47	394	295	click
1372590467516	62	767	259	click
1367610063099	125	721	132	show
1366809299314	26	874	372	click
1367847488499	51	935	164	show
1371954241156	76	801	112	click
1373664954679	115	260	44	click
1370739240032	84	967	52	show
1369437038414	16	321	413	click
1373003322373	106	469	194	show
1371771538857	130	68	446	click
1368927138192	73	554	490	click
1372303215875	35	683	21	click
1367112310399	51	225	137	click
1367585216636	82	414	70	click
1367157682805	39	470	477	show
1369748981715	127	685	291	click
1367312014321	145	877	37	click
1373620730986	71	180	474	click
1366621547656	127	118	499	click
1370293850331	29	270	448	show
1367061344973	76	487	460	click
1366450048937	30	912	472	click
1367316713617	45	817	417	click
1370275420895	76	359	190	show
1367357394081	112	177	468	click
1370225254793	32	601	50	click
1366976330253	148	600	237	show
1366892842811	18	237	255	click
1373312833307	22	32	382	click
1366438527507	11	820	452	show
1372104034172	116	33	471	click
1368431985479	70	127	96	click
1368505588945	137	365	360	show
1373479706908	95	998	401	click
1372584089296	136	773	17	show
1371259605905	15	672	189	show
1369721699510	144	11	409	show
1374099795177	39	769	408	click
1372445802214	120	217	35	click
1373419210532	31	317	144	click
1367094631848	17	125	55	click
1374141864298	135	993	208	click
1369609267702	115	599	450	show
1370735163789	110	190	474	show
1369277567579	23	341	73	click
1368503847375	110	741	257	show
1366949459760	135	408	142	show
1370006570049	125	523	198	show
1368559355516	23	68	205	click
1372092716535	131	245	445	show
1371427778776	35	321	383	show
1368387810974	112	387	467	show
1367089159982	144	544	332	show
1373899593019	6	264	163	show
1372271414127	25	47	228	click
1366559001606	26	693	338	show
1372559201956	123	134	222	click
1369854393879	20	734	300	click
1370532337444	131	103	181	click
1367420005929	95	646	259	click
1372203458125	98	981	91	click
1372379820610	134	860	142	click
1372154878129	123	359	402	click
1368640790394	57	301	172	click
1369041625086	115	980	61	show
1368840471830	147	357	347	show
1371123697001	81	492	162	click
1370399811408	96	209	226	click
1373615776446	89	259	3	show
1373679181215	149	880	289	click
1369250591580	135	368	456	click
1372633299357	127	732	489	show
1372169755062	112	608	184	show
1367781162026	120	908	117	click
1370628519912	77	674	296	click
1373297735737	24	292	83	click
1370101446617	62	265	273	click
1367927921095	24	304	340	click
1367799439989	98	612	154	show
1369118576272	124	963	136	show
1367954018703	32	845	448	show
1372100258413	48	463	258	show
1371858265337	83	506	301	click
1369266014494	87	244	270	show
1371189591912	66	35	471	click
1369136359881	52	716	136	show
1371126196782	12	213	74	click
1371889421831	64	7	264	show
1372533129312	51	469	74	show
1372012049285	26	238	172	show
1369169709321	76	557	396	show
1370663041571	140	800	498	click
1371159436165	126	710	297	show
1371307246811	132	836	109	show
1370355066561	37	626	221	click
1369992695367	89	770	313	click
1371157502893	118	518	324	click
1372836009535	52	610	22	click
1370669901760	58	552	152	show
1369386187160	4	584	139	click
1368521975591	26	386	51	click
1372526002171	47	584	261	show
1369697910524	86	916	436	click
1372651923041	58	359	245	show
1368707716877	148	307	439	show
1366890649494	3	331	46	click
1368655454546	92	460	283	click
1373323818950	42	119	349	show
1373357400719	94	137	89	click
1372243377382	32	613	336	click
1366634703407	40	515	256	show
1373682583271	89	999	358	show
1367159881528	131	941	391	click
1367438237185	69	335	406	click
1366801312351	4	509	479	click
1372020255653	130	933	404	show
1373297113548	54	698	370	show
1372870355421	82	19	454	click
1367327382148	132	180	83	show
1366959494939	65	263	174	click
1367907716083	61	412	349	show
1369906227158	80	535	486	click
1368457889734	43	713	35	click
1369784641627	106	518	189	click
1369756313598	8	389	362	click
1369402137051	144	560	148	click
1369950538179	32	473	159	show
1367769205616	121	763	403	click
1368694722191	27	498	150	click
1367279661964	20	625	384	show
1368259544469	68	825	147	click
1367714325056	132	58	370	show
1371678974818	68	481	399	show
1367934725810	115	32	259	show
1373879714530	9	465	485	show
1367568967126	27	223	290	show
1373892063830	62	218	393	click
1366570372290	68	835	306	click
1371704625891	131	420	334	click
1369651060885	141	943	88	click
1372015993604	67	828	33	show
1369271429543	105	340	338	show
1367037374922	68	680	141	show
1366852152343	91	842	357	click
1373801258376	22	98	161	click
1370075227668	30	454	51	click
1366347688431	17	454	468	show
1367686466244	103	737	453	show
1374169455952	120	52	73	click
1367236430104	58	355	437	click
1371629371695	104	263	149	click
1368161629806	75	936	496	show
1371796688665	47	128	55	show
1371007345963	108	599	405	click
1369851024026	137	73	278	click
1366559654425	41	387	283	click
1367135726321	22	799	70	show
1370484330883	78	814	210	show
1368338512582	5	900	143	click
1372973660038	96	929	18	show
1373905984659	27	468	211	show
1366552441519	106	617	188	click
1373580098057	132	832	15	show
1370912067776	23	973	495	click
1371613313752	86	795	350	show
1372900481000	48	251	226	click
1369973214509	71	916	281	show
1369070049080	56	577	432	click
1372625642363	62	303	122	click
1366547431097	15	531	112	click
1373454596640	30	134	487	show
1373904093502	18	350	403	show
1369763227282	75	325	116	show
1367621583158	49	512	337	click
1372126779656	128	97	246	click
1368568274475	89	843	348	show
1368781057395	99	670	438	show
1370819789843	118	709	378	show
1370894065827	14	954	41	show
1373040675230	60	128	404	show
1371553120408	102	22	209	click
1372464510367	3	889	461	click
1371504432333	15	63	343	show
1370329255317	113	236	67	click
1370330265508	3	451	22	show
1367264573127	11	713	55	show
1369085052161	85	41	417	show
1371994689364	120	265	324	click
1371028148133	52	900	41	click
1374063043762	140	870	329	show
1368280115612	8	620	227	show
1373827824977	106	670	4	click
1367364679196	6	164	219	show
1371808375984	58	309	308	click
1368631258768	113	977	241	show
1371329345695	106	467	236	show
1367529163161	24	27	45	click
1369437698752	35	707	402	click
1374168610073	19	32	7	show
1371517949319	38	501	303	click
1368973960888	92	285	305	show
1370705143226	110	655	393	show
1368938756082	73	778	363	show
1368242712706	27	60	366	click
1368865123282	57	444	489	click
1369559800534	61	563	361	click
1369178306445	119	954	309	click
1373054146024	24	303	198	show
1372030101236	132	647	75	click
1367064183887	145	679	162	click
1371204447581	16	346	310	click
1371315303949	22	21	220	show
1370544449905	77	718	456	show
1368460041064	56	373	398	click
1371596772450	99	406	460	click
1367909642434	136	869	324	click
1368068740986	13	386	406	click
1374166052951	60	31	452	click
1366942655846	149	154	284	click
1368808556666	29	83	76	show
1366952367537	65	376	282	show
1372578854247	132	70	279	show
1371146954515	5	868	253	click
1374142943171	90	309	161	show
1367333950395	60	578	419	click
1366749297919	43	85	56	click
1367635863308	60	391	300	click
1372866259894	79	80	405	show
1368900406711	29	210	300	click
1372399500504	50	389	17	show
1372460290542	89	701	280	click
1369848354364	43	876	429	show
1373073441571	150	891	469	show
1369024137780	137	52	446	show
1372545726523	57	51	20	click
1371164456945	107	866	304	show
1371932853895	66	560	199	click
1367680260228	56	681	353	click
1366826695647	130	851	140	show
1372567131213	19	117	389	click
1372554131870	127	605	77	show
1368687665891	24	304	475	click
1367177285724	104	646	344	show
1371385610408	69	872	203	click
1366960831818	55	768	66	click
1368151413438	144	932	130	click
1369007880992	113	65	246	click
1370717336182	136	381	195	click
1370802001449	74	277	348	click
1371218015209	13	203	175	click
1373485781631	124	144	44	click
1371936986462	35	808	271	click
1366407072252	110	447	319	click
1367677241593	142	220	103	click
1371721853057	101	604	439	show
1368522013039	12	22	350	show
1373401986810	105	40	416	click
1367051574497	83	83	310	click
1367468629597	115	373	474	click
1371071913494	82	379	496	click
1367719156013	109	211	479	click
1369746445265	30	477	344	click
1369364924535	86	81	73	click
1373604244225	13	882	88	show
1366579346732	26	422	341	show
1367100017248	65	410	165	show
1370065876544	28	638	293	show
1370165995975	42	429	47	show
1373482512233	4	862	197	click
1367693931462	60	526	172	click
1372514914646	61	707	236	click
1372759098105	134	838	481	click
1372742422426	132	506	107	click
1372246993491	32	631	473	show
1368326911306	72	326	482	show
1372475527645	89	466	42	click
1368188973860	66	390	73	click
1372975440096	73	523	494	click
1373764173422	79	637	228	show
1374111160566	5	782	195	show
1370501866465	129	471	448	show
1366388733962	16	651	252	show
1366721770240	68	537	197	show
1372317175111	85	436	184	click
1367099913173	114	424	486	click
1371522804823	73	347	139	click
1370115155893	142	152	27	click
1372746242802	5	717	437	click
1371244865386	27	150	210	show
1370279700890	130	456	222	click
1366967802189	47	389	126	click
1366735062580	59	162	419	show
1368510446409	92	644	381	click
1370470714432	71	638	126	show
1366896113603	49	689	497	click
1367348912787	35	721	27	show
1373078661234	147	194	294	show
1371264576414	117	43	114	click
1373095531972	18	796	451	click
1366722143488	104	537	244	click
1368607411015	10	198	500	show
1374179815933	47	535	35	show
1369140197926	109	855	374	click
1372899288408	138	802	47	show
1368398895734	39	434	227	show
1367455823048	118	658	311	show
1368640855620	138	898	184	click
1373118295417	15	898	445	click
1371463604804	77	377	464	click
1374015939384	73	746	17	show
1368427062023	102	254	181	show
1368547907279	8	656	275	click
1368618547518	51	544	78	click
1373241994073	83	335	254	click
1373770450316	39	910	478	show
1373222039952	37	102	20	show
1367719391573	48	53	16	click
1373049045729	130	202	448	show
1371539326474	80	306	165	click
1368985692475	123	853	232	show
1373432811681	147	239	5	click
1369150435507	112	38	366	show
1373637002963	150	265	2	click
1367542202467	55	168	428	show
1367845733887	114	599	210	show
1372855364951	42	386	159	click
1370314571440	64	806	184	click
1373727504766	57	103	377	show
1366443523765	33	87	252	click
1366520569973	68	907	438	click
1371464488543	116	29	438	show
1373974143960	14	604	25	click
1371121847791	52	190	185	show
1372362722597	48	343	346	show
1367070166680	89	888	83	show
1369413304600	5	533	278	click
1370707257457	82	461	351	show
1373664075266	73	474	82	click
1367437882902	111	839	165	show
1368257089672	136	842	137	click
1372686804562	27	290	66	show
1367355937397	33	903	30	click
1373840659823	107	421	366	click
1367641430010	61	471	288	show
1370066071099	91	215	225	show
1372554494979	19	12	330	show
1373962076122	20	195	460	show
1369198692180	123	603	82	show
1369985991881	68	165	374	show
1366414338390	3	695	270	show
1371917334868	5	682	344	click
1368201905650	24	936	87	show
1370217288912	7	209	286	click
1374094588310	140	16	126	click
1369180147262	14	943	108	show
1366762845572	77	33	213	show
1370733212765	132	757	10	click
1366533388339	126	270	190	show
1373987611503	86	284	6	show
1367057303757	130	830	359	click
1366445830830	75	55	349	show
1372896305876	108	122	2	click
1367734054258	26	332	109	show
1366812404724	12	297	5	show
1369102531079	95	38	455	click
1366930036322	41	287	460	show
1366930199819	80	172	116	click
1371718651186	86	952	89	show
1371509851223	59	406	330	click
1371094383809	93	191	49	click
1369237149945	74	870	54	show
1367440007574	45	774	101	show
1367982036563	9	628	170	show
1369561732612	11	330	302	show
1367168059121	42	467	187	show
1366919969718	16	690	496	show
1373213389583	2	769	74	click
1374151213932	42	135	406	click
1370447101158	108	564	123	click
1367950628645	80	602	342	show
1370879052505	34	213	429	click
1372952505186	25	613	131	show
1368140773957	87	462	362	show
1371263835750	92	58	439	click
1367020941750	9	689	109	show
1371714961126	134	352	199	click
1366696679467	37	8	193	click
1371654230541	3	26	500	show
1373909345714	148	555	421	show
1368061141587	109	262	261	show
1367757233954	66	498	176	click
1368352963663	108	267	479	click
1366843869031	66	26	485	click
1371666631290	115	59	191	show
1368868506860	81	619	63	click
1372201033466	29	729	105	show
1370219259102	109	89	245	show
1372480839421	32	57	377	click
1370391210497	114	280	189	show
1369410929242	83	375	317	show
1371408805748	116	277	49	click
1372426464007	11	17	415	click
1372975491067	13	95	153	click
1366614108007	67	372	107	click
1370256204494	90	961	401	click
1366815108555	120	327	392	click
1370111527257	56	110	219	show
1373524020749	24	119	239	show
1372810580644	95	333	385	click
1373571291139	103	128	352	click
1368699560506	111	907	60	click
1372118361451	125	74	161	click
1366754371649	53	681	85	click
1367086352364	128	959	396	show
1370828923662	106	419	448	click
1368625279107	26	980	445	show
1370411975345	58	40	381	show
1373469637898	41	144	76	show
1372998678328	65	617	50	click
1372818989945	43	756	45	show
1370284838157	5	433	275	show
1372987730676	79	1000	41	click
1366696062831	9	477	366	click
1371613356014	15	160	325	show
1372640543000	123	300	411	click
1371347702475	46	866	131	show
1370125541407	115	377	287	click
1373402268495	101	561	150	show
1366773120802	130	221	207	click
1373696336129	41	2	153	show
1367497955594	7	912	349	show
1368425311740	53	47	176	show
1372948219603	67	536	209	show
1370227541996	2	4	114	click
1369354605371	75	134	471	click
1367183858750	74	658	258	click
1367670640674	3	969	121	show
1373208420911	89	18	79	show
1373413847487	144	646	267	click
1366446348616	38	22	174	show
1369543591461	16	915	41	click
1367772767619	110	601	475	click
1366666792312	26	331	277	show
1371176328536	93	652	22	show
1368725385482	14	421	452	click
1373530911922	29	126	424	show
1373936260269	9	950	190	click
1367232164034	23	362	176	click
1372537774774	116	614	124	show
1367006538800	112	840	161	click
1373235317656	87	903	169	show
1370196563391	13	54	493	click
1367444811776	23	44	444	click
1373973953696	1	974	278	click
1369199684097	130	11	173	click
1368061357182	29	305	118	click
1371984770024	26	591	137	show
1366747475836	42	250	199	click
1368450295461	17	130	472	show
1369243995197	27	264	415	show
1373913866585	2	386	43	click
1373662103668	68	109	372	show
1366645006745	137	212	193	show
1367470529236	54	346	132	show
1372156768816	117	291	44	click
1369705310441	96	564	426	show
1374182652031	39	240	192	show
1367529293394	37	800	478	show
1370515126595	64	386	148	show
1367917347082	103	953	287	click
1371741182897	142	906	366	click
1368219445652	119	909	339	click
1371233072000	102	154	206	show
1371343717801	145	539	141	show
1366704437273	120	131	411	show
1373255823644	130	50	88	click
1369100103171	103	935	277	show
1368532868514	71	805	29	click
1372550582958	15	12	329	click
1370638253804	99	725	293	click
1370524175175	60	405	24	click
1367449631825	5	475	327	show
1369390522355	37	127	343	show
1372740054677	57	169	211	show
1369428744781	11	275	446	show
1371747197808	113	595	36	show
1368047412448	61	777	155	click
1373791369783	24	360	362	click
1373001411517	56	304	38	click
1370544213128	122	521	184	show
1372519509302	55	114	105	click
1370065513386	18	331	45	click
1373300643319	18	541	39	click
1369418588044	53	269	91	click
1366870024548	16	336	352	click
1367176686234	139	329	415	click
1371406058753	121	33	254	click
1367225826220	36	179	191	show
1370456141075	116	433	479	click
1367693976340	120	399	258	click
1370390723230	105	993	26	show
1371240034496	82	765	484	show
1373070675819	3	596	53	click
1371987445387	136	545	62	click
1370513582642	61	805	81	click
1366690453396	124	560	45	click
1367463250954	91	655	237	click
1366548994104	109	927	225	click
1368268278184	145	934	383	click
1368514689053	122	140	163	show
1370486477557	145	603	338	click
1366391699481	33	251	292	show
1372261531696	84	851	51	show
1370653361939	30	408	61	show
1371571727038	87	597	41	show
1371128951219	84	207	255	show
1372758662325	6	209	138	click
1366834167025	27	807	212	click
1367666145954	106	579	98	click
1367344981313	22	592	163	click
1370572030415	95	835	225	show
1367308785395	97	690	270	show
1372598418452	145	862	134	click
1368169352327	52	269	465	show
1366775082888	109	916	11	show
1370366526798	15	307	202	click
1372222341994	14	612	222	click
1373525987302	28	272	373	click
1373955273193	100	836	236	click
1372070879677	83	89	233	click
1373709723865	7	655	334	show
1373248775907	98	104	427	click
1368113948891	130	299	148	show
1368309326245	16	401	116	click
1372167863460	149	567	39	show
1366922281399	113	651	465	click
1369522644205	7	579	202	click
1373764336581	13	944	422	show
1366370236803	104	462	267	click
1367485088714	28	709	272	click
1370003972610	143	805	109	click
1367370499309	131	276	8	click
1367859127245	93	590	367	click
1366659704528	40	188	183	click
1371470256259	122	907	155	show
1372684203348	105	859	134	click
1373431772427	117	377	348	click
1370402968296	98	435	477	show
1373297137560	42	21	482	show
1366893183618	14	477	273	show
1371037412313	124	889	29	click
1367114861558	65	596	493	show
1366981768469	41	209	144	show
1369944211145	140	706	225	click
1370490504517	61	636	315	click
1371108877471	44	144	201	show
1368788404020	51	674	412	show
1368364144495	50	292	385	click
1366613169560	148	850	236	click
1372188641176	60	146	49	click
1368385162795	121	166	236	click
1373134602832	82	484	202	click
1369182402306	65	858	449	show
1373264059572	103	215	176	show
1367922913269	45	76	178	click
1372684248227	141	259	357	show
1373034475028	63	117	220	show
1370921423756	9	446	431	show
1371952324292	104	141	462	show
1368785456581	150	680	410	click
1373479887878	16	195	150	click
1369363490824	134	534	128	show
1368006255600	65	148	234	click
1368642870971	141	212	274	click
1368844585720	82	328	422	click
1372486167627	33	467	414	click
1366965991549	120	446	235	show
1368720357806	120	50	414	click
1366825306229	126	731	324	show
1367653699070	70	787	480	show
1370119474626	147	299	108	show
1369128316203	123	949	250	show
1370372341754	24	636	117	click
1367901514340	120	507	234	show
1371524856198	130	287	334	show
1372760679311	99	858	465	show
1368881499046	20	835	434	click
1368208517948	13	780	110	show
1368082768155	91	371	392	show
1366523186419	80	649	317	click
1366929026794	19	152	101	show
1373873415843	135	657	26	click
1371329453494	25	8	126	click
1373950622179	42	324	148	show
1368014078970	65	144	95	show
1374149752173	74	422	266	show
1366479701058	116	919	258	click
1371995495771	76	450	386	show
1367856509207	148	837	397	show
1371846893645	142	568	19	click
1373870681756	79	736	365	click
1369976321860	43	130	155	click
1369099644571	1	47	254	click
1373676234340	63	395	103	click
1368000278767	69	860	372	click
1368128895033	12	331	189	click
1367285198598	42	719	387	click
1369432551772	14	989	22	click
1370476894074	36	402	364	click
1371094866518	117	620	439	click
1366788177770	115	465	77	show
1368473373114	75	31	203	click
1369192136794	47	570	491	click
1369794527015	139	849	461	show
1370971205708	134	25	378	click
1367550736080	20	951	162	show
1367275200653	126	809	345	click
1372159033204	15	197	477	show
1368651287244	54	398	67	show
1370439328634	121	70	138	show
1374011415742	57	677	408	show
1372471273820	103	67	168	click
1369875372957	102	353	238	show
1372481710140	2	515	28	click
1369366163075	82	72	309	show
1373318951373	13	950	412	show
1367433190258	24	717	250	show
1371667395305	80	489	381	show
1371558719593	134	39	392	click
1369835495854	18	686	95	show
1371047208192	39	368	94	show
1368242944789	99	862	478	show
1372533150061	10	795	210	click
1367951715251	66	29	170	show
1370243855994	17	248	170	show
1373420182336	124	726	449	click
1367995768022	108	924	137	click
1367740597298	35	247	465	click
1367624236861	60	657	336	click
1370492602727	142	249	230	show
1373412422960	130	271	45	show
1370590326454	85	589	110	show
1367691260562	145	301	320	click
1369336678729	108	30	158	click
1368902757633	82	165	38	click
1371920501447	95	694	253	click
1369785045100	54	928	97	show
1368247379509	98	660	218	click
1371829421856	131	118	154	click
1369208022068	27	540	426	show
1370995737232	135	900	386	show
1371105579984	111	398	23	show
1369670109659	137	686	81	click
1367068144701	3	571	267	click
1373769951222	61	980	464	click
1371966710375	52	297	118	show
1373218898678	16	13	204	show
1369225191056	94	432	215	click
1372566659311	83	923	53	show
1373815319302	41	425	229	show
1374085310127	8	988	74	click
1370327796015	82	189	414	click
1372553931510	67	440	52	show
1371643603451	67	802	133	click
1371712772914	97	292	108	click
1372380638962	46	810	428	click
1372396394794	2	569	380	click
1366863476507	109	394	101	show
1367799016736	59	761	31	click
1370654355114	96	311	44	click
1366737325994	24	23	190	show
1369136940321	109	303	296	show
1373216682827	147	804	239	show
1373583493494	97	943	99	click
1366574322644	62	490	404	show
1372413885247	12	132	414	click
1371791034820	41	806	283	show
1366851641789	74	370	482	click
1371714654721	96	283	314	click
1371157213540	140	913	467	click
1366907897632	88	840	344	click
1371181526870	79	208	1	show
1368160361864	88	17	351	show
1368163951434	147	988	135	show
1372420961465	70	236	432	show
1373619546734	137	945	419	show
1373967929369	17	339	155	click
1371057818543	27	3	295	click
1372197090581	111	528	341	click
1366752374051	93	819	308	click
1370365411145	85	345	462	show
1368977204474	123	467	170	show
1369128369813	59	553	2	show
1374127582301	75	935	144	click
1370557764879	107	472	332	show
1370914883788	96	923	136	click
1369544596174	93	576	82	click
1369625022094	70	612	304	show
1368380929110	51	111	362	show
1366795689938	33	988	299	show
1369444743366	54	859	251	click
1373196685725	9	159	386	show
1373691149364	126	487	425	show
1368240087213	22	256	481	show
1368629247502	64	845	118	show
1367283813609	96	342	380	show
1373968758865	148	121	84	show
1371281322387	145	176	111	show
1373337547861	144	286	113	click
1370104595328	129	164	248	click
1369498604959	48	392	217	click
1371860291111	97	781	248	show
1371392182723	144	210	148	click
1368632526009	80	311	337	show
1370682083017	82	84	322	show
1366740088888	89	895	317	show
1368050019295	142	163	344	show
1370092740583	106	833	433	show
1370920983949	131	403	374	show
1367397688622	121	331	153	show
1371159277318	47	140	107	show
1373372991283	148	640	306	show
1373557400552	63	865	100	click
1369668913956	68	339	492	show
1367434586298	104	657	280	show
1369067584551	24	805	259	show
1368271934547	112	309	374	show
1370141563519	43	409	142	show
1370296398187	36	795	193	show
1371989595556	19	163	47	click
1373822097617	102	891	314	show
1368079465392	15	883	282	show
1370144063382	115	689	498	show
1370455697042	67	180	81	show
1368099879148	130	891	64	show
1368022904542	2	111	186	show
1370392977133	33	295	350	click
1367297666962	43	10	310	click
1373968644515	23	593	403	show
1371464745685	116	775	329	show
1366952620177	13	577	480	click
1372446444323	130	246	342	click
1372483604645	81	451	493	show
1367974257090	109	428	335	show
1368069420741	131	11	245	show
1373465166396	50	321	484	click
1369097102283	123	732	67	show
1368843392364	33	327	230	show
1372180215008	50	172	463	show
1367880946124	112	313	386	show
1370464093285	101	953	238	show
1367982877998	116	945	115	click
1373235889020	85	691	208	click
1373175737649	116	205	467	click
1367102458616	127	998	413	show
1370983630072	124	80	485	show
1369542846234	107	788	386	click
1366539076151	139	478	75	click
1370794991912	129	517	22	click
1369104393182	127	192	357	click
1372046644652	95	488	274	show
1370783881694	98	929	462	show
1366475792122	63	728	60	click
1367617276286	59	576	489	click
1371480197836	143	994	456	show
1374171959592	108	369	130	click
1372333441355	145	180	452	show
1369767970098	117	942	58	show
1367413652800	34	474	180	show
1369890062579	133	817	413	show
1368051178179	50	850	1	show
1372782700447	109	370	246	click
1369160678096	66	618	98	click
1366457109913	116	611	197	show
1368946635663	84	671	139	click
1368916768010	50	814	454	click
1371307266392	65	973	131	click
1370378043327	145	261	60	show
1370040556144	79	241	218	click
1373209051187	86	725	363	click
1371591396633	63	629	109	show
1373804048436	5	86	339	click
1370329556561	92	882	387	click
1373983623638	107	327	463	click
1368190670464	142	697	377	show
1373686042929	108	954	383	show
1369535365400	42	136	382	show
1367035355407	1	439	409	click
1373083151023	44	167	214	show
1370423046108	38	219	448	click
1370947337696	78	211	360	click
1368599347892	126	73	139	click
1369974588828	14	451	363	click
1370955088701	144	307	253	show
1373555224242	70	43	371	show
1370610052822	53	444	127	click
1373818453261	108	539	450	click
1370164707698	117	790	310	show
1369506355478	65	231	310	click
1367233784336	117	252	123	click
1369526372952	59	79	39	show
1367637098827	124	337	362	show
1370103656290	150	728	82	click
1370767170520	95	82	460	click
1368747945557	127	666	151	show
1368019240316	82	775	53	click
1372252636550	59	721	350	click
1368483152544	78	579	459	show
1367931965968	143	465	351	click
1368611762973	28	147	350	click
1366583044117	47	759	498	show
1369989170512	58	682	290	show
1370671507436	47	908	284	show
1369508134164	58	920	356	click
1369063126430	24	134	189	click
1367487797278	105	600	115	click
1371609845432	137	527	334	click
1369005455810	9	976	405	click
1372637742683	108	313	441	show
1367796570229	70	370	244	click
1371915212325	80	898	48	show
1370182434704	50	559	383	click
1371148308598	93	450	105	show
1372131982623	7	639	380	click
1368824603948	79	926	380	click
1370785258290	52	690	317	click
1370497105852	144	738	153	show
1367828956859	70	955	339	click
1372989642836	130	650	302	show
1372469117254	48	964	136	show
1372204308776	22	733	246	click
1372748835018	90	878	190	click
1370196476587	113	547	148	show
1367696016009	145	91	465	click
1369409341652	104	13	100	click
1368174376561	44	254	228	show
1366657605192	146	517	355	show
1373536333507	101	871	317	click
1373433447696	92	774	231	show
1371048464006	16	242	159	click
1366648295281	81	481	355	show
1372657812551	101	626	374	click
1369310664752	100	188	425	click
1371405100601	79	536	427	click
1368999991686	130	107	402	click
1371146536021	126	237	371	click
1371711932388	26	56	41	show
1370397004591	142	52	46	click
1371832808233	94	452	310	show
1366661896607	2	544	204	show
1372922658066	146	621	80	click
1370713584779	127	492	459	show
1369115985042	52	723	140	click
1373672988776	101	645	65	show
1369889460473	30	176	135	click
1372500516713	119	319	363	show
1370958033009	26	748	320	click
1369089208239	28	668	286	show
1369339342080	131	433	86	click
1370183946419	87	279	292	click
1373026742655	3	920	322	click
1366688772191	44	960	91	click
1372528391935	63	777	2	show
1367571407552	37	132	327	show
1372305165724	129	286	267	show
1368563868516	109	164	259	click
1369590663898	7	825	375	show
1369333856995	44	407	104	show
1366733236709	47	616	137	click
1373586299756	64	177	137	click
1369239134684	53	810	155	click
1374039278303	93	288	100	click
1371371664057	63	896	12	click
1369012525379	59	599	392	click
1371963667289	115	512	152	click
1369375526318	35	838	267	show
1367516616586	90	879	81	click
1370603647314	88	765	270	click
1370285117030	121	445	233	click
1374177306334	54	990	86	click
1367928600940	73	14	307	show
1367262618781	45	698	399	show
1370326227124	32	482	444	click
1368184621976	142	590	182	show
1367270401345	100	512	424	click
1370584492070	114	447	299	click
1368397396760	46	419	287	show
1371426510080	110	953	213	show
1369764107745	39	314	249	click
1372345281209	60	650	292	click
1368133098565	95	760	51	click
1369748607767	107	860	164	click
1367551886587	14	883	56	click
1366355272949	149	777	130	show
1371165946004	35	758	47	show
1368217379354	26	15	403	show
1372056432662	101	29	156	click
1369429540348	113	241	459	click
1372133645347	88	604	202	show
1368073997913	107	815	334	show
1370240642877	115	923	288	show
1367025796543	142	523	167	click
1370893120500	72	74	124	show
1367118270561	48	939	250	show
1368805049912	70	115	413	click
1367968343735	39	791	104	show
1372217784455	34	478	12	show
1371783145393	34	109	69	click
1367543469153	46	289	59	show
1371815673367	110	77	350	click
1370621463577	122	107	408	click
1373361249665	149	251	323	click
1370897189689	15	793	225	click
1369102445495	71	547	19	click
1370464747888	53	656	470	click
1374070029446	134	444	72	click
1367105399504	25	699	98	click
1370279150087	126	787	442	show
1372368523178	61	372	151	show
1371842975898	9	637	310	click
1371907354491	43	965	346	click
1371986814476	135	63	357	click
1372892670579	69	36	201	show
1371671602617	31	427	17	click
1371110904572	131	940	394	click
1367945094063	67	466	476	show
1368568476317	16	321	71	click
1373386217762	113	277	427	click
1369883727203	34	722	493	show
1373858250806	34	50	272	click
1371430771866	99	38	48	show
1372400444092	103	141	159	click
1373310659778	25	388	355	click
1373523817772	7	581	444	show
1374009476376	40	819	47	click
1373034201228	122	466	185	click
1368224642225	42	978	286	click
1371685919646	26	440	185	click
1371657799218	15	291	34	show
1368206446732	146	679	450	click
1373450729667	13	813	273	show
1371260173701	93	587	311	show
1373804060185	88	346	278	click
1372008762956	146	221	289	show
1373546626255	46	824	476	show
1370729967499	15	319	206	show
1368213153255	78	550	247	click
1367151992404	60	300	256	click
1372873258577	146	30	125	show
1370078467203	86	919	416	click
1369802989278	90	426	287	click
1371180752175	105	79	50	click
1373107023113	120	445	401	show
1367970023751	123	673	340	click
1373089112100	138	180	190	show
1373734437658	53	371	264	show
1373584889728	86	28	210	show
1367969948149	127	373	237	show
1370330505402	2	764	361	show
1371775704222	79	39	115	show
1373204634249	60	746	201	show
1368788222398	53	682	21	show
1373906886433	32	416	334	show
1367193302193	14	164	378	show
1369700368689	137	883	1	show
1368532104674	13	711	113	click
1371757877152	149	695	280	click
1369599772731	96	131	299	show
1369564763540	133	562	283	click
1371032510830	107	107	184	click
1366514024902	106	231	433	show
1368540757711	118	483	84	show
1372008563560	93	55	218	show
1366547801958	92	435	101	show
1372326609640	58	496	341	click
1366789272645	3	315	98	click
1368040920120	130	382	227	click
1370512041764	125	466	324	show
1366703450340	99	201	138	show
1373687932385	103	30	407	show
1370330958290	75	58	294	show
1367828238426	100	734	270	click
1373385094967	27	757	248	click
1371593022734	84	325	5	show
1372661612311	113	449	80	click
1373234035494	115	615	200	click
1372738617285	92	305	165	click
1367620374777	85	34	484	show
1371174090639	111	980	56	show
1371206318411	137	836	57	show
1369095029712	118	857	416	show
1373804923576	114	651	351	show
1367378024042	78	338	404	click
1367511979358	83	112	20	click
1373773629597	41	840	191	show
1372605980629	13	750	131	click
1372055424887	37	14	324	show
1373625340352	106	292	140	click
1369430911851	138	539	101	show
1369944638915	96	573	227	show
1367218552856	102	618	76	click
1370111565895	104	330	415	show
1366859010525	138	494	95	click
1372403527940	140	8	464	show
1370391140874	120	399	193	click
1372030311150	41	833	102	click
1369106313293	132	97	315	click
1372153246643	18	128	417	click
1368388514133	37	346	366	click
1369928790338	46	89	49	click
1366642922166	5	175	49	click
1367829758018	9	967	201	click
1367776875410	95	8	318	click
1367603820068	57	622	448	click
1368188697085	104	529	160	click
1372621099209	89	36	294	click
1369165861222	40	645	394	show
1367166281758	101	752	380	click
1372097820253	62	433	499	show
1371614452068	110	445	44	click
1369055852772	126	807	341	click
1369124881032	6	213	231	click
1369600603787	90	459	234	show
1367272882402	123	342	125	click
1371566704646	20	444	152	show
1368156318455	137	440	86	click
1373550106197	6	338	287	show
1369287236055	11	773	174	click
1370861573405	21	52	252	click
1370616874615	6	211	386	click
1371189517493	119	385	7	show
1371797222588	29	814	173	show
1372049924424	91	929	112	show
1368715209390	126	636	190	click
1370735108351	126	743	335	show
1366525848611	101	92	96	show
1373399059611	48	408	116	show
1371472509486	150	85	410	show
1368388605759	3	981	70	click
1370040767184	114	627	14	click
1366728981408	71	655	233	show
1370663363910	7	326	360	show
1373968600533	126	881	53	click
1367753668729	111	647	118	click
1370687870868	70	441	282	show
1371268617317	86	937	138	show
1370500190636	114	32	54	show
1368523670326	56	176	393	show
1372609597566	55	36	38	click
1369546529059	46	9	420	click
1372732214660	62	248	8	click
1370597787419	11	958	17	click
1366611612802	7	518	179	show
1373624841890	119	154	128	show
1370685382342	1	713	75	click
1369950426850	48	314	103	click
1371846430142	128	290	316	click
1367343900075	86	939	141	click
1367553131319	130	46	85	click
1371892663104	146	46	35	show
1368673800822	104	485	59	click
1371353628239	148	303	254	show
1366470272210	4	881	331	click
1372132981620	81	368	361	show
1370838653250	84	700	126	show
1371884381464	104	243	140	show
1371505516868	61	768	180	click
1374159609801	15	680	228	click
1370860010914	110	885	150	click
1372673478219	62	69	440	show
1370777046919	139	65	468	click
1370282002612	59	712	105	click
1367724106738	79	226	320	click
1366449077536	105	169	316	click
1369021317671	88	804	42	click
1368986890354	121	254	224	show
1368932725562	71	758	276	show
1370085540238	95	819	482	show
1366595041330	99	894	71	click
1366855290879	74	281	213	click
1368385529386	79	236	313	click
1370178010264	7	715	45	show
1369485700471	53	282	32	show
1368905879597	47	544	36	click
1372779513398	57	802	245	click
1372262166038	87	141	464	click
1372267068397	59	89	77	click
1371752751011	31	48	444	show
1368348405422	54	510	151	show
1373987405210	75	154	319	click
1373086083318	123	402	44	show
1368165454511	100	44	161	click
1368337998614	46	945	2	show
1370545282901	51	369	285	click
1368040515104	52	266	411	show
1370711602066	51	742	54	click
1369404334862	38	567	365	show
1370253976257	46	969	336	show
1371668513614	71	790	412	click
1372915924584	87	886	38	show
1368466255227	74	871	264	click
1367707078409	134	594	236	show
1367297294792	125	465	373	show
1370638173397	104	321	134	click
1372381038507	135	450	343	click
1370802420168	102	86	180	show
1371149797458	80	709	349	click
1370832773437	104	452	127	show
1367944179661	102	916	497	show
1367315940068	124	635	306	show
1372807249571	5	47	46	show
1372799672412	109	242	474	click
1370850351064	122	550	21	click
1368686985628	42	36	451	click
1373335481907	19	37	405	click
1369693373964	76	665	285	click
1370507082613	68	522	494	click
1373573577810	83	348	302	click
1367370372137	47	286	291	show
1368269171315	139	539	285	click
1373068246690	97	32	291	show
1366838603225	96	620	288	show
1368518216710	12	646	340	show
1367117693956	19	252	404	click
1366755140680	95	752	286	click
1370715698839	70	240	320	show
1371591881617	112	851	184	show
1369640804378	10	12	310	show
1370508765299	69	207	366	show
1373130401348	17	109	170	show
1373526307184	132	943	194	show
1368120245438	13	414	198	show
1368786201750	44	711	103	show
1370156751219	144	485	248	click
1368264053084	28	531	458	show
1370048291940	30	897	25	show
1372716701053	6	596	402	click
1368280371449	45	111	179	show
1368083551544	23	504	176	show
1369477128870	52	988	183	click
1366825162857	120	211	412	click
1373742970768	43	773	117	show
1369314201178	79	717	50	show
1371759712328	136	718	48	show
1368581721674	49	781	386	click
1373939094349	11	710	484	click
1367712702055	51	420	407	click
1372982084200	58	816	130	show
1367977599906	73	729	194	show
1366410333937	13	707	122	click
1371578201561	106	630	318	click
1372680467693	121	192	421	click
1371387949957	95	274	194	click
1366824249212	125	387	429	show
1373042537851	147	812	10	click
1371648986661	96	805	388	show
1369299180790	62	38	174	show
1367430644460	73	919	346	show
1372368706727	64	354	434	show
1370576155162	60	783	416	click
1368255458687	68	427	29	click
1369057942148	9	48	128	click
1366424619330	105	544	370	click
1366862862606	29	72	58	show
1371291362797	149	853	359	click
1372300975905	88	579	377	click
1372834765635	145	935	171	click
1369568384633	50	313	259	show
1373800999567	59	887	401	click
1371555893604	34	725	475	show
1368919430430	97	497	201	show
1372645756187	139	722	407	show
1371070999332	133	298	157	show
1371202547637	88	288	418	show
1367795766421	139	987	65	click
1373207283341	100	966	323	click
1372652622074	19	18	400	click
1367289167542	73	916	335	click
1372966643826	120	167	312	click
1373932851960	103	419	380	show
1373584023595	137	401	285	click
1368245927453	22	196	34	show
1373341586943	141	741	237	click
1369999349121	84	83	269	show
1368716502593	30	654	260	click
1367026133154	19	594	360	show
1373673938002	67	955	45	show
1372828080313	2	571	212	show
1366772156770	121	757	490	show
1372151841360	18	433	400	click
1371953871221	19	250	30	show
1371156087277	97	444	10	show
1369575592273	22	663	22	click
1366717054529	26	406	440	click
1370636377137	115	738	430	click
1369615400487	90	159	420	show
1367179650933	141	776	192	show
1367496813732	55	376	311	show
1369585848478	130	985	353	click
1369287733704	47	669	461	click
1373411790143	53	508	198	show
1373311185611	147	353	53	show
1371886362230	63	462	446	click
1373836896211	83	110	122	show
1369770951193	138	441	410	show
1372662916149	141	462	470	click
1369429560959	124	240	338	click
1366989654553	59	880	373	click
1373535306763	28	306	368	show
1369771367873	34	259	97	click
1370282085724	90	649	167	show
1368725733051	41	510	378	show
1370749612314	128	640	45	show
1370026197032	126	899	263	click
1372365396374	27	296	222	click
1371408740692	112	848	308	show
1368902026369	21	765	340	click
1366653220493	110	435	347	show
1370489095219	113	143	235	click
1370381586757	101	236	347	click
1372215929411	34	914	99	show
1369934508840	122	576	140	click
1367120095240	82	680	352	click
1373236240376	126	300	448	show
1368855352569	99	260	446	click
1368870288789	1	890	285	show
1371319250330	57	79	249	show
1367067097114	118	734	462	show
1373189544298	109	924	129	click
1370382007897	79	19	481	click
1372280910271	65	123	338	show
1366598321813	95	909	460	show
1370613060910	59	200	72	show
1369967462581	145	209	466	show
1372645934534	141	439	481	click
1367295985155	76	587	188	click
1366547955297	104	236	230	click
1372263014861	45	45	239	show
1369030075700	21	292	339	show
1367025481435	90	95	432	show
1373003790944	102	793	486	show
1372238925406	65	740	201	show
1367439367412	93	618	429	click
1371857707493	147	26	284	click
1372400991235	45	29	335	click
1371565623951	49	634	301	show
1369855531980	80	774	193	click
1370933818104	69	696	27	show
1371129526437	106	838	407	show
1368865067135	106	988	465	show
1369307303014	56	246	8	show
1372276572634	67	965	273	click
1373068248684	130	379	38	click
1369210244373	17	976	300	click
1368268913279	90	402	171	show
1369931984351	59	68	330	click
1372981598359	13	162	213	click
1372666437575	82	519	474	click
1368708572242	42	622	402	click
1372442023857	31	571	120	click
1374180131731	124	85	27	click
1370199492886	138	789	245	click
1370734968338	69	938	412	click
1369977733836	91	125	49	click
1369252055799	141	93	69	show
1373708745960	95	112	333	click
1372894674248	144	935	252	click
1370640866219	34	754	140	click
1367289889085	24	965	307	click
1372383579060	69	10	421	show
1373351185583	141	448	406	show
1366728822369	82	655	228	click
1369566685293	139	206	218	click
1371240965147	72	242	364	show
1367453010641	124	405	498	show
1368444311658	77	158	431	click
1372441218586	27	322	336	click
1367235044964	5	634	213	show
1373765433731	107	738	290	click
1366907067824	116	486	87	click
1368550966431	14	904	481	click
1374038792609	133	999	257	click
1368682947365	72	984	223	click
1373851583315	58	442	42	show
1367245579635	13	470	45	show
1368197721997	68	850	229	click
1370150698135	54	569	407	show
1368853898613	57	401	104	show
1368165342045	69	142	251	show
1368793064738	131	327	446	click
1370437190262	9	937	239	show
1374017958885	90	561	229	click
1373633112780	145	419	428	show
1370851971186	20	753	289	click
1367779985319	114	166	446	show
1372071726269	9	615	491	show
1369418513565	16	623	302	click
1367633135995	71	778	195	click
1371351937481	149	194	367	click
1368792319201	110	684	380	show
1370836157183	95	882	240	show
1368980507491	58	277	12	show
1367725004508	115	512	444	click
1369948646894	83	840	362	click
1368174829410	136	688	370	click
1370208304718	22	929	365	click
1367276407039	90	687	316	click
1369959658357	109	584	486	click
1369992887776	23	469	163	show
1373777653880	142	281	98	show
1372292382171	70	515	271	show
1371660040935	97	728	456	show
1372159075164	61	767	169	show
1367609624782	148	607	44	click
1368267427582	8	734	9	show
1369184639690	69	741	24	click
1366805101825	71	741	313	show
1371275454857	14	377	17	show
1370100122032	91	372	287	click
1369111890140	24	730	134	click
1373356919289	137	775	304	click
1370487314320	31	890	131	show
1368473642783	68	172	364	click
1367501005500	7	733	281	click
1366666530198	109	573	157	show
1368188416378	80	321	162	click
1371825101803	118	861	403	click
1371869597098	67	630	135	show
1369932135033	55	352	103	click
1372828964535	118	410	186	show
1368196010767	69	908	403	show
1374132466823	145	861	366	show
1370247814043	147	523	307	click
1372539820304	24	447	245	show
1366632042306	131	29	169	click
1372999733336	42	234	110	click
1369630086704	54	924	345	show
1367321812878	139	409	60	show
1367098376332	23	513	225	show
1370944857311	78	774	400	show
1372320088783	117	685	235	show
1371598102468	106	815	147	click
1368141624506	12	563	134	click
1369608987892	38	521	192	click
1368135602926	3	632	307	show
1368045406584	59	701	288	click
1370113393231	22	279	43	show
1374202313281	84	828	224	show
1370534663494	68	724	360	show
1371048741396	108	226	235	show
1370810209471	94	846	321	show
1373493475473	6	823	280	click
1372325380412	108	323	397	show
1370193187546	49	390	208	show
1369397801435	40	645	282	show
1372259176226	35	385	26	click
1372476005764	7	24	475	show
1373898666561	5	818	353	show
1370150467536	113	16	496	click
1366674186667	42	348	7	click
1371267289681	5	987	270	click
1372271132416	97	119	105	show
1372190894027	5	369	496	show
1367814023270	110	808	465	click
1371558385435	149	935	100	show
1367502202239	74	913	213	show
1366459772027	138	321	90	click
1373284089300	112	303	123	show
1369102079803	57	498	477	show
1373241251021	67	227	431	show
1372549463045	63	865	261	show
1368363146707	88	426	499	show
1368128503990	100	65	363	click
1366737821389	18	92	256	show
1372991206960	106	274	422	show
1367886880309	88	129	81	show
1367129277077	19	219	3	show
1368660848239	79	236	348	show
1371534933799	111	367	394	click
1373238013802	145	713	81	click
1371536906610	23	648	456	click
1366605939162	97	367	372	click
1368129761986	24	465	179	click
1366508903359	106	857	16	click
1372264710412	93	326	219	click
1370706001288	40	313	77	show
1373626659147	49	113	14	show
1373245060275	82	583	231	show
1370129461862	148	651	444	click
1369442824406	121	588	222	click
1373141986562	27	716	389	show
1373139832773	109	340	94	show
1368327132795	120	135	157	click
1371246252974	16	679	42	click
1366691259583	138	548	187	show
1367867748006	111	734	14	click
1374046272194	123	779	270	show
1369037635000	122	127	186	click
1371035002766	116	376	238	show
1373217583590	115	312	311	click
1368050657038	148	568	394	click
1367719974867	53	619	49	click
1370913575509	6	358	44	click
1372051470549	62	896	154	show
1367096612072	113	441	199	show
1373136259019	11	813	79	show
1368033782665	54	175	108	click
1369862942036	44	619	369	click
1367960146203	111	296	90	show
1372145316020	91	295	259	show
1372154605184	88	858	448	show
1374091062129	98	142	188	click
1372213032043	47	882	328	show
1372846471372	73	309	434	show
1371485060891	29	943	199	click
1367043779326	76	187	187	click
1371098022874	33	804	119	show
1370054873541	53	668	118	click
1367122946829	58	792	100	show
1371536922816	4	700	311	click
1367872905834	144	99	239	click
1374087643871	87	10	337	show
1373555043571	131	448	144	show
1370071828036	38	479	199	click
1374016761654	81	938	243	click
1369056910061	132	710	236	click
1368957558606	95	58	430	show
1373595932068	97	948	38	show
1370619696197	63	3	317	show
1371491909877	75	138	104	show
1372549306598	149	32	368	show
1369175061688	94	946	377	show
1367324371559	136	722	7	click
1369946043138	128	817	335	click
1367798219017	39	645	113	show
1373791239357	99	924	305	click
1370865450691	55	139	370	show
1372912449663	137	840	472	click
1371711334353	81	184	343	show
1368583245340	145	723	93	click
1368186261063	31	138	462	click
1370113770595	12	295	72	click
1367570139170	17	588	347	show
1370863019751	133	329	459	click
1373687168280	39	135	35	show
1368674712682	146	219	93	click
1368285158787	141	671	281	show
1374002986250	92	619	214	click
1367763936552	94	512	175	show
1373359954371	25	485	200	show
1367129005415	8	219	495	click
1368908294629	78	688	474	click
1366649103708	77	29	370	show
1372600191851	8	605	361	show
1369820738943	89	419	118	show
1370075291829	4	701	406	click
1368733752763	7	35	280	show
1373453015585	88	465	357	click
1369618668067	13	433	148	click
1368595321999	91	556	172	click
1367841130275	45	322	195	show
1374093462052	77	119	236	show
1369088755949	26	262	255	click
1370421332150	85	221	13	show
1367829445003	37	90	357	show
1374080977381	150	703	374	show
1369224246755	128	290	24	show
1372848068635	29	256	265	show
1369521202897	94	482	461	show
1368934894611	5	284	42	show
1370799404906	56	807	431	click
1367077969478	32	482	407	show
1369526512619	138	401	90	show
1374184426991	113	116	60	show
1369599052783	26	700	124	click
1369516618818	88	300	73	click
1373357599167	50	558	190	show
1373220788704	77	753	197	click
1371691521577	128	571	2	click
1369428752516	121	686	51	click
1371156366142	10	274	30	click
1371357224554	101	694	267	click
1366651578209	129	722	174	show
1373606552914	142	540	375	click
1372563376601	60	195	162	show
1371391126284	143	282	159	click
1368353245144	100	273	349	click
1372113679370	46	210	436	click
1374147372418	26	255	367	click
1369837355604	94	601	483	show
1367368261521	8	598	160	click
1372203689267	129	956	41	click
1366635491043	49	971	65	click
1366433396521	57	387	37	click
1366390914306	72	464	23	show
1372453824620	123	51	433	click
1367030634197	68	361	183	show
1367161890886	59	43	288	show
1372408936432	144	359	16	click
1366806085543	57	442	268	click
1367096171884	107	708	159	show
1371221154011	63	375	186	click
1370521021486	132	869	420	show
1369425600051	150	495	93	click
1369212337987	79	832	108	show
1370925050032	141	182	348	click
1367288866869	110	762	125	show
1366732246319	26	846	186	click
1369746428480	2	228	178	show
1369644031837	103	644	274	show
1370960033014	141	85	34	show
1373268199569	39	936	88	show
1371332895132	82	114	278	show
1370507237340	82	896	40	click
1371494136645	20	879	31	click
1372492985749	65	869	440	show
1366555012845	26	615	406	show
1372555966055	132	241	218	click
1369552703013	16	894	65	click
1370178503382	7	51	405	click
1370542704991	124	37	228	show
1369656577955	119	780	35	click
1370530388473	52	388	15	show
1372367973372	74	902	337	show
1369516043607	113	541	144	show
1373424664348	82	518	264	click
1373764396923	145	693	453	show
1367289984605	135	858	275	click
1366619066008	105	807	158	show
1373813625630	69	752	155	click
1368970048637	102	383	327	click
1370165062450	31	511	331	click
1372820644357	19	917	426	click
1368333054521	102	166	328	click
1368565759270	28	524	148	click
1372436833753	29	82	111	click
1369627111352	103	155	90	click
1368204174471	91	486	110	show
1373099029651	20	873	172	show
1372092853002	1	282	407	click
1370398369926	150	804	18	show
1371119365957	90	788	335	show
1367272040502	48	176	368	click
1369691551215	26	444	430	show
1368396747975	37	926	26	click
1370129549271	25	172	453	show
1366905382172	12	828	234	click
1369913195587	59	445	156	show
1371838175062	31	734	320	show
1367311812121	104	687	142	click
1370647139044	137	493	379	click
1370843657165	4	337	122	click
1367392004733	31	631	298	click
1369852286268	50	595	325	show
1371656555930	85	176	249	click
1373882442800	24	508	112	click
1366493101553	111	203	57	show
1366782201442	135	607	44	show
1368785220331	76	395	341	show
1368757735220	51	244	437	show
1369086891343	34	148	186	click
1367699063520	51	72	252	click
1368347332850	102	793	414	show
1367988184579	45	417	193	click
1370604534882	100	157	411	click
1373543318102	20	386	54	click
1368446421928	23	760	470	click
1367179035560	147	70	269	show
1372199844018	34	22	394	show
1370912852500	21	617	378	click
1372084864550	86	69	137	click
1367554703969	56	195	355	show
1370866630218	79	748	302	click
1366847679293	54	338	321	click
1373071501743	112	812	299	show
1368131665324	38	515	363	click
1368451958566	85	42	369	show
1373218935550	131	246	468	show
1373911682769	62	776	132	show
1366993455749	114	434	255	click
1371550033893	32	145	63	click
1368076803853	4	381	117	show
1369609916881	92	116	360	click
1373170885393	148	95	3	show
1369477085254	87	920	150	click
1369470034675	105	937	435	show
1373771931107	31	517	453	click
1372497367702	141	271	455	click
1372170984345	114	689	101	click
1369046730813	115	753	194	show
1368780437502	89	870	174	click
1370894285908	10	119	65	click
1372282978593	27	761	26	click
1369612731585	125	253	332	click
1369231953363	115	742	212	click
1372464509355	71	217	204	show
1374073496291	85	932	67	show
1370800203635	19	307	105	show
1373580570929	64	119	264	show
1368903096828	94	889	384	show
1368964816762	75	140	295	show
1367302904867	67	801	146	click
1372535455027	80	969	183	show
1372418316483	84	948	213	click
1368817278205	57	516	357	show
1371376533876	57	782	493	click
1366938069041	90	716	45	show
1369482189537	55	292	355	click
1369479393002	143	341	280	click
1369191342962	122	372	25	click
1368286150349	98	358	59	show
1371370654368	37	920	193	click
1367672199236	144	975	321	click
1368766513959	103	294	157	show
1372983058257	32	762	312	click
1369207961971	43	21	6	click
1370859266966	101	252	352	click
1373462085978	132	533	251	show
1366634688199	98	917	419	click
1369367036544	116	715	235	click
1370497927634	104	554	92	show
1367944516134	119	596	71	show
1372281803053	70	676	498	click
1371822108899	117	302	33	click
1370786046581	90	2	291	show
1367038687931	105	227	346	click
1370517970851	119	808	267	show
1366562539809	58	230	139	click
1370359747543	48	590	421	click
1372453341690	57	411	499	show
1368904832560	139	117	38	click
1366873550384	128	388	264	show
1370655823234	39	545	486	click
1371841607448	32	515	460	click
1368397005814	73	233	49	show
1371792192902	2	678	426	show
1371409296089	112	51	316	click
1370711652838	66	426	134	click
1368748073653	121	620	220	click
1370036099970	135	456	141	show
1367404085647	141	973	246	click
1368181737896	129	211	53	show
1372030007338	70	528	314	show
1373503193185	98	744	31	show
1369487487760	118	91	146	show
1369896021641	92	902	490	click
1371115261842	93	602	168	show
1367045642609	48	219	260	click
1372612343379	65	690	402	click
1369053692091	110	661	210	click
1366631673022	87	661	53	show
1366967559364	61	834	274	click
1369854648670	78	597	421	show
1371081769026	101	45	363	click
1370874779261	45	717	106	click
1368471519481	12	420	493	show
1373395538366	32	825	468	show
1371324359434	48	748	166	show
1372925427258	104	327	94	click
1366953070110	49	203	56	show
1373941912713	25	874	230	show
1367299842992	79	954	34	click
1367203334890	4	650	71	click
1370863042553	130	728	451	click
1368025627197	79	49	245	click
1371512530720	122	460	483	click
1371600555336	23	625	250	click
1372976054166	125	202	262	show
1374145799993	2	91	266	click
1371909347565	41	150	325	click
1368291127882	117	693	139	show
1372868273056	108	578	226	click
1372355007321	43	1	149	show
1368681646184	15	701	177	click
1368221767556	41	223	415	click
1370591065782	14	76	355	show
1371799471493	35	195	298	click
1373783949514	93	172	64	click
1369993674081	28	785	394	click
1370304973604	83	938	227	show
1374017249416	77	986	61	click
1370434032925	136	243	314	show
1368900038704	114	688	315	show
1372054639728	147	857	271	click
1371087156162	148	719	496	click
1371606768479	80	776	474	show
1367014263651	96	4	215	show
1367851042409	150	157	194	show
1366372874842	21	774	156	click
1371505031669	148	642	233	click
1370675644135	148	971	500	show
1370000213931	46	639	451	show
1367712094603	135	427	181	click
1369112408456	93	578	79	show
1367910372113	95	194	495	show
1373994047309	26	972	239	click
1371849252337	83	976	7	show
1367302162951	64	902	445	show
1371022169469	65	155	45	click
1367027651235	13	480	463	click
1369419088202	91	444	341	show
1368380331075	56	454	227	click
1372857725029	143	839	336	click
1369836822848	56	476	417	click
1373602558203	4	972	204	click
1373825725476	59	980	107	show
1367442211413	14	681	266	show
1372659258909	36	184	109	show
1370531041428	16	233	310	show
1374071855598	120	407	298	show
1371940127686	39	402	239	show
1371493532440	6	840	274	click
1369101855099	130	204	253	show
1373549121750	75	992	139	click
1369049329451	25	949	420	click
1369588915268	142	881	149	show
1367595843750	38	540	207	click
1370002257541	11	878	172	click
1370983126851	67	148	435	click
1372253966099	132	710	53	show
1371618666400	101	71	385	click
1366468914059	66	436	85	click
1368372802454	53	344	102	show
1374110945514	41	402	247	click
1369057003531	57	532	495	show
1367046366094	127	431	438	show
1370588828025	4	239	423	show
1372006223439	15	668	419	click
1372030861872	142	154	77	click
1367084146940	89	742	75	click
1371516680567	71	570	333	show
1371897556299	131	228	33	show
1366704383144	53	609	352	click
1368523448609	63	243	489	click
1372009865854	3	349	17	click
1371861129449	75	287	335	click
1370995090849	2	957	220	show
1368253192579	14	468	487	click
1367580954106	37	602	256	click
1373923376843	126	431	499	click
1370011442471	117	844	454	show
1368049434334	54	239	481	click
1373827779188	22	752	496	show
1371804507924	118	176	249	click
1372108302289	30	150	147	click
1368445248631	103	700	388	show
1370921435822	24	435	67	click
1367053329743	47	836	49	click
1369705868341	141	961	396	click
1371584857747	108	133	165	click
1367235895577	104	453	16	show
1368152737873	104	180	443	show
1367767665679	16	344	10	show
1367303975692	130	119	29	click
1372468978739	5	20	319	click
1368388506052	44	199	430	show
1369210513841	24	603	315	click
1371737783728	19	650	255	click
1370557311503	85	32	440	show
1373293784840	13	157	430	click
1371106113164	28	902	105	click
1373776255834	4	386	60	click
1368514167889	10	430	298	show
1367167090149	93	604	94	show
1373937387014	76	101	331	click
1372867190087	130	624	8	click
1370450141280	49	963	396	show
1371475919037	43	401	441	show
1371448017736	9	641	429	show
1367323215362	115	936	412	show
1373471601463	36	922	324	show
1370985263027	51	383	300	click
1373349468019	65	980	43	show
1373148687769	65	665	452	click
1373391063110	9	17	452	click
1370840748503	30	592	124	show
1367703460317	82	624	128	show
1368409085130	6	238	411	click
1366532401815	106	607	339	click
1370570189090	29	310	3	show
1371873050744	99	492	484	click
1369599938998	144	656	41	show
1372769432570	53	457	141	click
1366838022752	3	717	70	show
1368643894816	107	623	169	show
1368335302970	60	390	445	show
1370576344006	110	717	195	click
1369012722251	80	968	334	click
1368877003773	21	581	166	show
1371071571173	136	506	44	show
1371490434045	35	876	357	click
1367457960114	106	315	418	show
1371251295558	147	2	334	click
1373627849396	19	56	233	show
1369733390359	61	117	308	click
1373259784110	112	297	451	show
1368952872029	43	514	457	show
1368024583877	121	123	381	show
1369547393494	97	780	449	click
1373706687796	65	497	207	click
1366401983782	150	833	159	show
1372470808054	75	714	321	click
1370302977286	21	585	39	click
1370580753690	109	469	477	show
1369123459858	39	719	15	click
1367974637740	95	561	138	show
1368265943027	54	286	67	show
1371453879571	100	466	76	click
1370802512748	130	383	181	show
1371892185084	102	280	327	show
1370019167816	74	128	174	show
1373936086969	140	885	15	show
1369779082770	77	282	50	show
1373232153789	127	427	357	show
1372028612322	132	896	53	show
1370415972504	140	127	16	show
1367181766309	98	262	207	show
1369261917365	34	129	110	show
1372124770671	150	996	388	click
1369047679818	12	164	161	click
1368566410775	50	617	210	show
1371248622930	50	765	291	click
1367568156507	40	280	422	show
1373598168920	131	827	351	click
1367044482369	7	863	375	click
1366930142156	46	114	38	click
1370534816427	55	732	236	click
1370542265239	35	714	84	show
1371777201924	88	10	267	click
1371396936230	102	344	168	show
1367606911351	73	998	234	show
1369865072734	135	792	294	show
1373616642054	60	846	58	click
1369790977344	137	549	81	show
1367495346509	110	810	100	show
1370406656806	88	803	313	click
1368416014726	120	726	371	click
1367481195984	12	269	107	show
1371965020806	14	995	61	show
1372493268853	75	518	158	show
1366645766784	136	49	433	show
1368897406501	23	385	455	show
1367577190554	75	80	196	click
1372751604858	4	937	279	show
1369024054970	33	396	392	click
1369715929241	98	706	164	show
1369008338268	7	910	80	show
1369091919832	13	834	59	show
1369435075704	42	714	200	show
1370774449203	89	423	362	show
1366599562722	124	80	303	click
1373245899856	7	310	460	show
1373166085252	147	189	185	show
1368098005592	72	734	169	click
1369978235051	106	292	339	click
1370664864248	112	510	442	click
1373978299870	17	993	479	click
1372689826303	103	520	201	show
1370521717870	141	452	252	show
1366955192669	97	353	16	show
1369284220500	131	323	213	show
1370279649059	26	379	56	click
1366556054447	64	933	481	show
1366720050546	27	945	140	show
1368158130015	60	80	160	show
1367823397509	41	918	442	click
1368518358925	58	999	269	show
1367546003051	83	608	53	click
1370010141760	134	48	418	click
1373170518332	99	4	344	show
1367742537450	4	622	370	click
1366913610065	90	197	355	show
1367935767170	147	607	450	show
1373762628466	88	847	56	show
1369596460427	20	704	427	show
1371466536935	12	232	493	click
1368688019152	6	344	462	show
1368723093232	57	210	318	show
1373619830876	52	449	411	click
1368631910044	93	693	115	show
1369466760283	17	184	431	click
1368810276825	34	649	461	click
1370316650829	84	529	43	click
1370556806298	149	676	352	show
1367140764962	80	860	317	show
1370170262392	50	551	146	show
1369414675529	65	503	263	click
1370337796109	44	68	280	click
1367981049262	45	515	91	show
1370585052261	136	815	333	show
1373387562988	149	501	112	click
1369386947963	123	181	64	show
1370700350027	62	908	364	click
1367514463092	86	599	273	click
1372521922193	73	638	316	click
1367820789722	5	467	164	click
1373785938670	69	135	490	click
1372049858341	115	291	439	click
1366612742750	63	677	135	click
1366443142929	92	380	471	show
1366588366828	41	303	121	click
1371044778789	150	862	308	show
1371494027006	111	493	69	click
1367540855869	144	641	60	click
1368722150950	142	989	283	show
1368465611840	110	317	467	click
1370106153057	124	489	209	show
1371265674588	74	9	163	show
1373149337787	104	404	77	show
1368341121141	140	349	455	click
1368470920393	90	394	357	show
1368357665128	23	863	106	click
1373518951825	105	162	298	show
1372151452929	126	855	320	click
1367414059600	21	274	133	click
1372164277746	43	65	4	show
1371790331052	148	168	339	show
1371327157512	24	987	351	click
1371450546813	68	889	232	click
1370561921865	11	798	249	show
1371349565160	87	486	366	show
1373973787279	22	277	308	show
1372341299184	126	713	412	click
1369072291796	72	718	73	click
1368973281173	137	320	322	show
1370623969319	55	127	153	show
1373594345502	84	291	206	click
1373145759573	1	830	295	click
1372237597758	114	264	419	show
1367593061999	147	533	147	show
1373144332740	107	178	462	show
1370236169427	9	132	59	click
1372737236121	46	897	57	show
1373229739963	105	38	425	show
1368664772723	109	805	344	show
1371608605765	104	56	311	show
1367132495672	56	639	244	click
1368463169222	4	273	418	click
1367238253025	47	383	81	click
1366933472181	52	177	415	click
1366912189652	43	7	370	click
1371174181506	127	966	237	show
1372308163290	104	897	418	show
1366479717047	32	986	294	show
1374162421727	27	760	115	show
1373464847943	1	849	299	show
1369042602819	127	971	301	click
1370751985472	102	575	282	show
1367338081515	95	288	112	show
1368918420063	143	821	94	click
1368474412654	17	407	258	click
1366720216973	104	335	215	click
1370440853680	74	367	418	show
1372623042313	142	563	218	show
1369121527197	12	221	103	show
1367888702723	136	9	25	show
1367289070842	119	482	86	click
1368692205386	47	603	45	click
1369358066053	89	310	334	click
1368971962835	90	147	193	show
1369451232441	24	753	292	show
1373808420853	64	925	424	show
1373326849119	150	688	251	click
1367659612559	64	419	248	show
1369834330600	145	959	497	click
1374048778555	133	821	46	show
1368720303094	99	208	186	show
1374095696593	123	972	40	show
1373128804862	80	242	92	show
1368565639102	109	43	131	click
1370491958180	96	348	131	click
1369054868023	48	944	226	click
1371063562525	27	319	172	click
1367184716187	102	224	143	show
1369617474107	85	459	322	show
1372795243585	123	265	267	show
1369365497246	63	585	228	show
1374059644270	49	897	206	show
1373912699630	72	719	417	click
1366881283724	24	124	279	click
1373887636114	75	144	72	click
1370973055795	92	494	192	show
1367684645120	142	833	163	show
1370904903725	113	541	157	click
1371180073157	75	932	371	show
1368532901129	32	326	281	show
1368141771895	27	792	24	show
1372766299696	117	16	82	click
1372922652857	73	70	106	click
1368595843065	22	895	248	show
1371131889979	46	730	72	show
1369128000466	125	505	41	show
1370800216567	21	515	348	click
1366859146019	142	458	321	click
1367846515167	102	949	202	click
1371277638518	19	413	87	show
1367222988509	119	723	251	show
1369699575480	111	673	154	click
1373792712252	74	310	114	click
1371044813558	26	541	289	click
1369930798451	42	604	36	show
1368102817847	116	867	288	show
1368225699659	27	472	444	click
1366598126303	62	587	465	click
1367994025567	16	905	138	show
1372636796535	69	670	424	click
1367303433221	76	711	90	show
1366812444474	109	607	325	show
1371785071891	39	460	162	show
1369846878170	137	70	175	show
1368619229027	62	848	352	click
1370764176842	83	541	354	click
1370799492968	51	401	483	click
1371755983631	16	58	120	click
1366389556584	106	983	197	show
1370322017070	52	520	487	show
1366461430215	18	711	131	click
1370845278024	131	996	169	show
1370524510636	145	454	334	show
1372067727472	86	487	96	click
1371692960520	97	80	165	click
1369151756955	120	976	104	show
1366648746351	80	530	34	click
1371160306160	40	693	170	show
1371595546919	34	61	8	show
1369139301997	61	114	69	show
1367456646507	120	380	237	click
1372838816853	65	834	119	click
1368893975529	67	339	444	show
1368791555289	149	131	43	show
1373922143098	142	856	399	click
1370076151213	106	38	108	show
1367033651851	28	684	2	click
1368944785482	25	198	31	show
1370996715940	86	621	70	click
1371067708293	58	287	487	show
1370123057174	48	956	319	show
1367061047776	122	298	102	click
1372600037282	60	987	422	show
1366690193871	10	151	198	click
1373167308139	17	795	275	click
1368198306344	71	899	293	click
1368269383919	22	145	346	click
1370477438566	4	588	145	click
1369288166256	38	80	472	click
1370592253129	25	396	206	click
1370984624860	52	87	235	show
1373700499929	96	662	245	click
1374135431870	28	927	93	show
1373836548992	79	394	227	click
1371370637929	144	867	14	show
1368800692094	20	919	348	show
1368440059028	139	979	80	click
1371259756569	13	241	336	click
1370602219087	91	105	129	show
1370636536664	78	108	423	click
1370382734658	139	711	378	click
1370737804336	60	774	69	click
1370522206785	116	160	38	click
1368310162793	12	657	312	show
1372944355203	7	204	491	show
1373427951814	97	872	137	click
1372800607401	147	752	134	show
1371410111053	72	282	114	show
1367958604274	136	918	410	click
1373276874308	16	13	68	click
1371174606185	110	754	7	show
1371419554361	49	43	47	click
1372272813533	110	692	421	click
1368197058844	16	810	258	show
1371745603825	13	91	265	show
1370394324805	36	296	289	click
1369687091898	93	276	15	click
1373752378075	49	41	416	click
1371658053420	63	335	412	show
1367833676962	90	310	20	show
1371993494557	17	485	118	click
1373138648556	13	463	275	show
1371545418621	97	133	216	click
1366908748393	135	562	393	show
1370413228257	107	329	129	show
1368917157455	31	647	442	click
1370911044270	14	465	161	click
1370364451426	128	896	156	show
1367526534339	95	575	102	show
1371259066222	116	741	370	click
1368985956412	114	211	2	click
1367737284410	27	182	85	click
1370518521318	34	532	431	click
1372311134702	97	52	7	click
1370899368779	36	567	231	click
1369933177123	128	741	468	click
1372340892612	109	645	215	show
1372506789614	58	335	391	click
1373393657648	59	24	301	click
1372511729560	43	316	496	click
1371462660712	147	160	457	show
1366568727368	73	366	369	show
1367564778618	87	151	279	click
1368152868264	58	844	35	click
1369176716184	142	467	193	show
1369684453146	73	612	189	click
1372290338047	97	891	296	click
1369065264647	92	841	484	click
1372391424182	9	567	28	click
1374127012399	60	300	418	show
1368629868596	96	762	240	show
1372747371419	138	270	247	show
1373038772423	102	447	384	click
1369594395300	100	221	402	show
1374125505688	104	113	52	click
1372477678039	7	173	26	show
1368548822962	135	170	301	show
1373360542913	139	549	412	show
1367214070656	48	830	254	show
1368999605267	141	33	496	click
1366979740264	76	987	82	click
1366729058850	59	838	125	click
1371175875130	50	333	372	click
1372267785627	14	163	63	click
1367862647120	28	648	242	show
1366360837602	47	697	481	show
1367863513608	110	444	274	click
1371643835821	148	489	463	click
1374100200335	54	227	80	show
1366826918619	105	668	331	show
1371710225718	73	104	367	show
1370171789176	70	403	499	show
1372189399914	52	125	36	show
1366779727845	68	96	228	show
1371548906547	16	483	89	click
1369959850709	139	80	196	click
1371386562807	145	363	341	click
1370194577946	140	790	75	click
1373800917383	12	300	355	show
1373065252927	11	936	231	show
1366879480093	111	793	269	show
1368487618905	40	981	67	show
1367025693270	112	858	152	click
1368284266652	70	152	123	click
1366807107221	42	839	375	click
1372893220317	35	602	97	show
1366689630765	116	607	444	click
1371404636476	102	303	477	show
1367963626732	106	936	16	show
1366855796095	5	78	332	show
1370285096214	2	448	451	click
1371437530171	80	116	148	show
1373370511179	11	409	79	show
1366453832975	122	615	52	click
1368332836941	30	27	229	click
1368946971468	33	329	235	click
1373199301992	20	110	32	click
1367100450343	83	829	224	show
1369591910710	108	203	231	click
1373161242138	133	363	154	click
1370175421221	69	236	162	show
1373328350962	130	158	332	click
1367465513796	103	881	127	show
1372425078572	68	199	326	click
1369045614276	140	251	398	show
1370415848585	74	913	191	show
1372282041065	8	387	353	show
1371177365883	99	923	221	click
1370135401237	47	987	223	show
1369935602131	85	692	48	click
1369980310503	127	280	174	show
1367427125114	42	427	402	click
1371995456585	23	839	60	show
1371719465166	21	72	240	show
1370789642751	18	416	402	show
1369051778482	119	205	381	click
1372051686115	142	85	364	show
1373496220383	18	467	122	show
1369920874920	61	14	101	click
1370004221021	99	956	40	show
1372651047034	22	197	222	show
1369056229940	115	605	88	click
1373832650778	104	161	374	click
1367182977800	19	554	248	show
1372163432845	128	122	143	click
1370204582494	150	958	3	click
1369367601440	22	585	181	show
1371698672110	100	179	290	show
1373748515014	130	585	146	click
1371954537712	70	669	108	show
1373345452944	125	556	365	show
1368332997763	127	265	416	click
1372738022624	129	840	344	show
1372307303277	144	154	424	click
1366510628004	68	744	482	show
1369507876529	16	135	91	click
1366720569846	98	391	10	click
1373984447568	88	273	351	click
1368212275258	130	877	372	show
1369977911977	36	543	223	click
1373254112334	85	434	110	show
1367391557101	95	589	91	click
1370485690029	83	54	217	click
1368376097066	62	531	435	click
1370717187470	76	678	178	show
1367584850708	131	972	47	show
1373712513691	146	846	252	show
1373871382993	97	538	469	click
1369687231927	76	438	123	click
1370241670739	129	937	451	click
1372952095225	135	909	497	click
1369110025209	32	287	346	show
1372311614324	35	856	34	click
1373861288882	114	173	463	show
1367886237084	83	288	108	show
1369233310506	59	920	171	show
1370038582296	127	550	185	click
1368763521346	14	90	325	show
1369438627876	90	574	53	click
1368439314054	57	695	121	click
1369496106685	3	448	59	click
1370614487883	134	800	496	show
1373853910417	129	220	475	click
1367646434708	41	101	386	show
1370290423271	30	96	351	click
1370039360828	20	304	425	show
1373042933095	114	97	166	show
1368256477007	104	945	331	click
1372411883383	106	362	397	click
1366837615021	149	193	289	show
1371400628794	40	807	17	show
1372641914569	16	789	102	show
1368960488210	143	603	324	click
1369410822824	7	98	330	click
1369914444889	22	888	464	click
1366975393506	118	843	297	click
1372903183474	3	962	324	click
1371395521576	75	212	442	click
1366456445456	107	859	235	show
1366636681099	5	659	388	show
1372622745195	1	981	137	show
1371670755088	56	81	92	show
1372784723934	68	57	499	click
1373757845308	84	458	92	show
1370805976713	36	46	306	show
1369171249847	71	131	415	show
1369371487656	100	843	321	click
1372523217207	144	882	98	show
1368274801004	8	849	408	show
1372723575451	118	749	158	show
1372785511459	12	40	337	click
1369266877561	27	35	279	click
1372586945393	43	102	146	show
1367426066073	47	745	346	show
1370995625704	104	142	328	show
1367646283885	141	98	451	show
1371048581809	47	668	97	click
1372376810387	84	989	134	click
1368247950500	97	6	203	show
1372737030987	146	960	294	show
1371038047192	12	465	83	click
1373688016583	71	9	64	show
1370882331923	21	761	209	click
1367884646549	20	706	34	show
1367285715484	107	362	199	click
1371364103465	2	270	58	show
1373130530862	69	524	465	show
1366621940944	141	853	397	show
1371158191697	71	515	352	show
1366689752720	96	843	360	click
1367914457890	108	453	37	click
1366861028532	51	148	4	click
1366777754161	79	155	135	click
1367659687368	136	476	178	show
1373713157640	69	155	25	show
1368642270660	99	34	325	click
1370483588125	67	148	476	show
1372362650490	125	586	460	show
1371284677644	59	71	158	click
1368348695058	5	111	461	click
1368086658911	28	995	229	click
1369721474613	89	801	475	click
1367205487728	127	302	226	show
1370040762105	18	51	157	click
1369666706549	71	162	249	show
1372641196900	87	956	84	show
1370115958036	70	931	298	click
1368351653965	30	13	478	show
1366935077519	57	830	87	show
1372420419011	79	998	175	click
1370000489085	44	513	367	show
1372142765194	132	177	20	click
1366796186225	118	159	446	show
1371490547079	50	715	248	show
1370158702944	1	360	348	show
1369154378350	82	730	20	show
1369644509099	120	554	212	click
1371378410973	58	342	496	click
1373836040623	86	728	418	show
1373084348317	75	603	496	show
1371605693554	44	808	206	show
1373156776086	5	595	315	show
1367215931436	25	858	438	click
1368002120344	60	407	169	show
1367822256652	33	438	388	click
1371581291338	74	106	167	click
1370409818801	67	663	43	show
1372093455131	55	193	120	show
1373652573995	90	716	106	show
1370817420686	73	464	94	show
1368410832947	46	533	347	click
1372136868717	5	464	331	click
1368519646953	132	996	367	click
1367496887648	86	40	50	show
1373293395215	148	312	441	click
1367926251821	121	724	383	show
1367118373429	107	602	167	show
1371916339919	64	786	283	click
1367573933217	89	401	189	click
1370677902211	110	462	192	click
1368339359664	68	703	176	click
1367884469984	67	201	47	click
1368804887348	100	68	317	click
1366635775049	41	240	475	show
1370674730098	54	483	90	click
1371036747641	24	742	103	click
1370207456931	90	46	153	show
1371591554627	23	771	11	show
1366840294842	133	529	175	show
1369791260516	40	810	361	click
1371986424041	74	594	248	click
1367696320450	6	439	292	click
1370727838788	138	642	131	click
1368428697166	65	586	388	show
1367847394695	104	586	280	show
1366366712805	141	589	264	click
1371621003383	120	326	357	show
1366904815193	3	657	328	click
1366990058510	62	617	419	click
1370927894903	135	284	407	click
1369371895888	83	386	466	show
1367903684258	64	451	159	click
1370247271000	97	432	72	show
1371398795487	138	385	271	click
1372015392680	56	142	45	click
1372322929412	9	524	273	show
1372928938412	98	733	300	show
1370119287958	69	303	273	click
1374038741568	28	635	41	show
1374193045255	56	743	23	click
1371902225692	134	867	84	click
1369417212795	47	790	453	show
1372941573573	95	373	9	click
1366746508635	123	798	145	click
1373636659450	15	246	364	click
1370740377697	17	665	137	show
1373616235707	13	504	3	show
1366581389667	8	747	11	click
1373832143283	79	825	176	show
1369042732353	37	978	435	show
1371637363526	113	936	58	show
1372245125901	39	314	436	click
1373559201150	53	675	14	show
1369215168994	13	65	376	show
1368755097358	140	396	403	click
1371273770248	63	904	110	show
1373658727497	13	625	175	show
1366774465387	35	107	235	click
1367567136407	20	109	278	click
1367743229758	87	784	158	show
1371253585772	120	818	47	click
1368878647729	104	338	165	show
1366849476375	59	643	157	click
1374056127177	68	57	83	show
1372336212613	61	54	81	click
1369982089976	126	406	107	click
1368621761899	65	348	373	show
1367928178144	63	306	377	click
1369250359542	19	700	162	show
1374136790641	59	780	185	click
1373036457380	82	109	300	click
1372424386344	76	343	351	click
1369576529344	62	960	245	show
1369265900658	134	364	404	click
1370759794253	92	380	308	show
1371001118666	78	139	188	click
1368976384306	8	936	308	show
1369612952552	47	597	149	show
1371074021690	81	16	138	show
1373784117661	58	309	165	show
1373523639497	63	499	415	show
1366917292249	63	414	367	click
1370668787705	66	267	271	click
1366773087121	85	500	454	click
1368305054237	97	166	144	click
1372763735283	130	135	11	show
1372561362027	8	472	6	show
1368385735053	110	15	308	show
1367603459719	126	365	245	click
1369431646311	41	292	336	click
1373112418593	69	565	58	click
1373897663828	147	911	349	show
1369053231221	121	596	223	click
1371446434703	82	516	284	show
1374104255750	38	93	200	click
1367528197024	70	379	16	click
1366956025966	81	675	128	click
1368061454224	121	739	495	click
1367700112531	12	802	454	click
1370851207726	74	623	10	show
1370870835778	124	30	452	click
1372169785026	99	542	281	click
1369854523848	88	353	146	show
1373716990902	120	374	165	click
1366574952658	100	323	386	click
1370708946945	83	117	230	click
1372858724197	106	228	442	show
1366438292766	60	131	180	show
1367093473903	36	461	354	show
1372047461286	41	37	108	click
1370514527432	100	371	239	show
1369898315040	23	324	334	click
1372270907177	15	838	332	show
1366394415962	4	300	212	click
1366469689325	68	117	377	click
1373941059508	82	746	309	show
1369198434049	103	622	121	click
1373771894875	32	195	393	show
1373788705310	55	288	331	click
1371366149118	41	201	301	show
1367632131457	137	115	37	show
1371620398376	103	646	82	show
1368552550100	132	705	190	show
1373579633467	137	497	476	show
1373395808661	136	772	22	click
1370343341453	55	326	338	click
1372609904685	91	158	467	click
1372673780376	117	200	167	click
1368394482358	83	284	452	show
1367774857120	79	437	210	show
1373299963081	76	497	118	show
1373359151809	11	288	374	click
1371778897537	111	343	213	click
1369524045179	126	75	397	click
1374030910654	36	322	320	show
1372168130722	105	692	244	click
1371971892120	60	291	18	click
1368447974063	51	709	407	click
1374050150758	72	124	162	show
1366903609153	113	119	269	show
1372520768820	101	688	471	click
1371009780541	49	430	480	click
1367261073253	29	511	246	show
1368553775366	82	808	144	click
1371378496331	51	112	340	show
1370975092483	95	285	488	click
1367974369882	138	708	343	show
1371990421721	77	32	176	click
1374154714128	115	585	134	show
1367997089798	87	390	74	show
1371810867059	124	239	227	click
1366633949651	57	724	427	click
1371826899898	64	354	427	show
1371796913682	114	848	297	click
1371831222618	71	158	343	click
1370553865988	39	154	83	show
1373563339129	136	330	154	show
1367451364848	67	779	46	show
1368410090291	50	138	349	click
1368081721760	63	31	409	click
1370101266743	88	573	242	click
1369173703226	22	7	288	click
1370049584068	126	142	480	show
1370938283643	71	587	93	show
1372147571620	97	729	428	click
1371402807076	41	24	474	click
1366532814942	122	204	265	show
1371762601399	140	621	447	show
1367433718293	127	541	223	click
1368582911244	43	888	312	show
1369076554355	145	571	130	click
1372647434114	127	598	381	click
1368791322193	63	701	256	show
1371098950735	135	761	476	click
1373778189230	16	93	31	show
1371599489118	79	816	137	click
1369441298442	68	234	29	show
1372549875272	26	191	290	click
1369679679778	90	193	310	show
1370165498446	15	547	258	click
1367738829394	86	954	24	click
1369883472637	118	174	391	show
1372275216273	28	163	379	click
1367993668132	90	356	205	show
1370594132297	78	935	8	click
1366782052107	67	28	221	click
1368543950371	68	849	429	click
1373234765829	64	739	235	show
1371864941797	41	185	442	show
1372009564573	7	333	251	show
1372545469886	18	207	365	show
1367358166448	122	34	310	show
1367915254648	68	971	278	click
1368038317053	126	490	101	show
1373864708564	136	764	474	show
1369369907306	70	84	406	show
1370474155423	20	34	265	show
1371543472568	46	66	73	show
1370234283214	118	512	377	show
1367848726345	122	920	411	show
1366960077348	116	644	452	click
1366596915082	80	846	177	click
1368046249636	63	867	1	show
1367914657509	15	360	434	click
1367124706027	1	619	341	click
1372562094390	24	123	266	click
1369648900953	56	981	155	show
1371795294895	149	951	474	click
1367121369846	130	549	210	click
1371836714201	39	412	194	show
1371243726247	46	337	94	show
1368626490702	5	436	379	click
1368180038174	104	766	228	show
1366595041624	108	728	89	show
1372394395637	100	362	391	click
1370853370214	51	877	385	show
1366771603036	88	360	296	click
1372037006400	98	536	102	click
1368102718651	127	916	327	show
1369156035813	89	576	97	show
1373133673961	32	278	370	click
1369109248856	148	9	309	click
1373362003480	109	199	181	show
1368719205884	122	627	47	show
1367698334586	105	256	194	show
1369131022552	89	746	368	show
1366810909565	120	932	328	show
1373817388399	56	1000	252	click
1367171126213	117	151	5	show
1367110778448	55	110	321	click
1367655850985	9	591	141	click
1371996027647	67	967	394	show
1374035874732	73	533	55	click
1367215632384	20	340	19	click
1373071280889	9	597	23	show
1373379688418	18	381	321	click
1367316597861	39	171	377	click
1369919051392	12	678	185	show
1372755406048	48	371	105	show
1369961330499	17	484	485	show
1366642690109	117	554	229	click
1369778504436	134	549	220	show
1368651309741	77	447	374	show
1366420036257	94	354	341	click
1369381181978	90	21	475	show
1371248120654	26	539	496	show
1367679646222	85	143	329	click
1374091207533	54	528	296	click
1369138183096	80	549	357	click
1372858448047	50	465	140	show
1372466935850	64	727	462	show
1369314925629	34	580	309	click
1368914368153	47	60	167	show
1372792490651	17	982	341	click
1373899632739	136	861	52	click
1372211665250	50	830	462	click
1371261008779	49	859	196	click
1370116348972	37	132	347	show
1368506244370	29	3	355	show
1372908708813	135	139	344	click
1369681425483	120	402	307	click
1373765701620	52	407	103	click
1366459708333	99	259	37	show
1367787651059	114	983	255	show
1370135777422	142	771	469	show
1371343139884	61	474	213	show
1371796881004	121	590	166	click
1372273412910	23	970	240	click
1371726715827	17	456	461	click
1369700349783	76	414	272	click
1373131534184	84	808	121	click
1371165976990	5	903	399	click
1368906008176	98	703	472	click
1370276167882	12	910	460	show
1373516965926	65	285	220	show
1368794779901	45	34	58	click
1370464876383	111	744	214	show
1373629708820	63	784	284	show
1373776793512	84	699	376	show
1368713641796	82	314	36	click
1371905119741	81	983	225	show
1373207560416	86	908	50	click
1374157149000	123	806	375	click
1369176277739	32	448	456	show
1371077352556	7	432	250	show
1368783419523	125	338	473	show
1372549383983	104	216	7	click
1372288440261	103	880	135	show
1369835685199	26	167	373	click
1366515494056	39	628	104	show
1372873947775	38	533	123	show
1368795502471	50	318	35	show
1370116663687	108	961	215	show
1366426601946	23	221	11	show
1370063256656	38	795	83	show
1374171706426	45	660	160	click
1367437540446	46	247	371	click
1374034725197	116	458	471	show
1368506561868	99	279	248	click
1368609455828	84	102	215	show
1374125196636	150	947	221	click
1368117104676	81	4	221	show
1373808934849	72	766	427	show
1370801382479	141	515	150	click
1370347131172	110	44	375	show
1372908828314	17	600	315	click
1372384024975	118	423	174	click
1372655768902	55	890	110	click
1366612166509	135	275	193	show
1371169028938	132	927	4	show
1366859004037	86	589	388	show
1372563186941	132	114	183	show
1371203207723	102	276	163	show
1373705749686	149	846	195	show
1370324656550	55	664	161	show
1373207047032	110	362	178	show
1373814518829	76	475	129	click
1368063570310	136	966	32	click
1371664412042	75	379	260	show
1369553855488	28	31	491	click
1366580692125	108	778	417	show
1370473025908	12	448	10	click
1370606773704	101	986	413	click
1370300909861	67	139	65	show
1370358743690	23	302	394	click
1372254030982	127	570	61	show
1372153283555	59	504	218	show
1370442915558	111	554	349	show
1368903523390	121	389	250	click
1373573018240	29	430	395	click
1367408142598	113	113	40	click
1369992097460	118	302	217	show
1369105026819	142	448	290	show
1371604579278	129	118	461	click
1366477025931	75	801	474	click
1369930123525	119	63	173	click
1373986305946	16	442	410	show
1371937803796	17	448	330	click
1372442023135	70	34	17	show
1373864221589	3	714	38	show
1371521070258	119	229	374	click
1367856052855	83	61	125	show
1367795758714	146	683	428	click
1373297907365	31	294	129	click
1371987526517	148	891	397	show
1369001774149	2	504	334	show
1368687720682	113	340	148	show
1369430232443	91	868	422	click
1373390992174	77	819	472	show
1371451711653	119	325	309	click
1370623209101	17	44	239	show
1369093155589	148	292	15	show
1369305613713	49	921	41	show
1371321284545	45	192	7	show
1371286857033	32	756	18	show
1372167284772	49	605	445	show
1369677767032	46	820	293	show
1373051037996	56	460	122	show
1372848385568	36	465	383	show
1368564709647	147	924	356	click
1371916417383	80	706	106	show
1370354071393	13	546	185	show
1373388099102	79	228	308	click
1369525651792	52	96	296	click
1369312177481	29	132	329	show
1371410863412	53	448	355	show
1368270168608	126	808	480	show
1368942698953	61	765	47	show
1366782644792	129	903	200	click
1367318537534	51	656	338	show
1372699096668	137	607	366	click
1370885862199	136	873	177	click
1373219070545	18	83	236	click
1369772862552	118	476	103	click
1373535111043	85	874	381	show
1371997903466	107	245	187	click
1373070090954	46	396	219	show
1373220595801	125	870	421	show
1366809429491	23	135	393	show
1369624888016	26	512	479	show
1368738959673	36	731	445	show
1369382416837	76	209	134	show
1373735315675	15	517	382	click
1370944538267	28	190	497	click
1371875253272	124	5	328	click
1373350152844	65	453	421	click
1368848922999	57	434	264	click
1372097629480	148	459	397	show
1371214367441	68	565	206	click
1369743419103	133	384	409	click
1369938222299	133	925	392	click
1369741452231	53	628	62	click
1372166000955	60	19	484	show
1373906853400	57	933	388	click
1368165512064	50	164	336	show
1373662018561	72	727	475	click
1372002706782	73	398	74	click
1372704710029	108	702	74	show
1369028563779	130	908	83	show
1368875974488	101	22	95	click
1370764524215	14	742	220	show
1366848693389	103	61	384	show
1368802282723	50	97	340	show
1373659334506	90	919	309	show
1371136266053	125	692	278	show
1370063669497	92	225	470	click
1367872083085	54	164	51	click
1369440303719	117	426	142	click
1373192895773	91	637	237	click
1374079814994	72	921	237	click
1371817304350	22	463	464	click
1370387964951	87	848	63	show
1367711634419	79	584	393	click
1368648691881	25	572	439	show
1367904335133	79	263	486	show
1370316383667	44	901	413	show
1367826739615	61	223	244	show
1368167740670	65	324	288	click
1368682013530	100	66	322	click
1369595300450	47	855	297	click
1370387943147	11	595	303	show
1367943812632	72	351	307	click
1372109750356	1	392	375	click
1372426386643	93	40	73	click
1371203069954	33	572	344	show
1372251343870	60	622	167	show
1370173584369	69	416	381	show
1372406599504	23	588	163	show
1369499158634	26	584	52	click
1367367566009	100	783	224	show
1366967234436	53	657	335	click
1370825333469	30	930	387	click
1367315305646	111	77	337	show
1374055989219	7	334	327	show
1367276425909	34	440	128	click
1370891072569	63	774	369	click
1368600214526	57	79	335	click
1373749884052	16	783	352	click
1371979238439	117	160	237	click
1366869027498	23	296	416	click
1373462967251	81	581	96	click
1372658980597	79	634	352	show
1370630017739	15	975	234	click
1369945775838	59	997	423	click
1373008940964	85	39	223	show
1368314774259	145	324	35	click
1374076138032	99	429	131	show
1371230836924	59	59	281	click
1372874453383	125	295	230	show
1371330143214	146	74	341	show
1369224779370	106	889	468	click
1373681857918	79	510	302	show
1373407788054	135	890	373	show
1367721930842	101	261	6	click
1371940630544	103	64	259	click
1372935419187	99	459	239	show
1372680695754	30	767	31	show
1372990266585	55	396	322	show
1372387793101	40	401	456	click
1367821047435	111	584	22	click
1370543498582	66	681	337	show
1374133716500	45	599	73	click
1371035824639	34	825	340	show
1370833332673	140	211	407	click
1369982727539	37	786	453	show
1369282526568	26	459	487	click
1368482674964	104	508	270	show
1372148170429	72	668	495	show
1369127074176	67	428	387	click
1371886721980	36	897	481	click
1372774007869	65	647	397	click
1368096161670	4	491	39	click
1369506770788	44	41	403	click
1368350430690	7	319	387	click
1373194927669	29	72	3	click
1368320248370	107	94	454	click
1367306553260	20	782	446	click
1366539461331	95	140	18	show
1367701042072	94	258	39	show
1367104732086	43	839	182	show
1366759783155	109	373	498	show
1374094101572	109	523	426	show
1369628927384	5	648	434	show
1367417276491	67	486	132	show
1371317827218	55	45	77	click
1373309748333	25	274	302	click
1370130566981	33	428	481	show
1369644178313	59	386	169	click
1368356486876	60	461	332	show
1367752285859	144	803	163	click
1369862561316	38	472	302	show
1369568590015	134	782	189	show
1373745425314	123	944	304	show
1366718475899	137	871	72	click
1370229474134	6	671	169	show
1373287026109	65	950	131	click
1369736172442	61	27	173	click
1374089965259	90	86	495	show
1368776905783	75	246	485	show
1366474331515	48	601	102	show
1373262573132	62	1	447	show
1367335372689	120	70	289	click
1367552385711	107	101	364	show
1370566359024	41	488	154	show
1369835196834	10	433	313	show
1374116702662	38	856	361	show
1367351279028	124	892	18	click
1370774555028	45	666	25	click
1372983548792	108	914	290	click
1370686428540	27	754	237	show
1372419354028	21	935	52	click
1367732301475	17	63	243	click
1367841938259	135	389	197	click
1367610400302	103	492	429	show
1370990613330	66	772	99	show
1371478775778	143	340	75	click
1372250078899	68	501	497	click
1373992988633	69	288	281	show
1369323855987	75	518	402	show
1367889258798	86	803	16	click
1372191736987	117	590	311	click
1371924166013	92	717	231	click
1373006103613	88	978	115	click
1367400830407	13	755	295	click
1374134219358	115	205	234	show
1368570474919	147	918	398	click
1367646388513	109	917	411	show
1370694673020	8	78	343	show
1370053503331	52	804	324	show
1366492009840	103	851	293	click
1373687754142	58	935	71	click
1369099867538	79	924	295	click
1372999367933	68	82	314	show
1368435922593	88	773	95	click
1370055964478	58	850	177	click
1372127606362	107	921	486	click
1369440793669	109	276	11	show
1373936427580	28	949	363	click
1368067775235	114	295	408	show
1373369837384	20	753	24	click
1367893489264	147	562	350	show
1368396433064	43	935	463	show
1366532018490	129	470	318	show
1367877750383	131	56	46	show
1374174301986	40	188	365	show
1370889143475	111	730	173	show
1371004191761	112	427	267	click
1372636210051	102	378	159	show
1373929340178	66	617	318	show
1372177176151	124	64	177	click
1371200397224	135	669	220	show
1367300437628	112	838	134	show
1373736422763	128	312	409	click
1369181066003	107	332	248	show
1367604430356	3	567	361	show
1373038530698	100	822	419	click
1371026180350	66	236	319	click
1366906377513	136	394	44	show
1373075378665	31	496	469	click
1369611293052	41	952	463	show
1366998723656	11	78	357	click
1369534576627	26	26	444	click
1367993971418	67	206	38	show
1372688258407	141	564	207	show
1372443710624	144	925	377	show
1367156560153	22	174	10	click
1371804519355	87	594	188	click
1370888985811	36	706	199	click
1371583757291	36	929	244	show
1369333360195	111	737	113	show
1372458621692	107	693	418	click
1369745637367	34	152	283	show
1372458012785	44	717	79	click
1366464620085	82	558	131	click
1373080062928	99	571	418	show
1373659112624	115	977	260	click
1368726352186	37	774	329	click
1367832582633	130	85	95	show
1371694711306	107	585	103	click
1371322939073	148	218	383	click
1370916345880	50	669	467	show
1369204506984	143	645	2	show
1372658377599	62	291	234	show
1368180136351	146	898	440	click
1372428656309	50	981	145	click
1367423292355	27	953	319	click
1372758429894	19	320	457	click
1373597524176	71	877	294	click
1370349605319	124	795	470	click
1367456787545	116	532	493	click
1367336834653	112	290	463	click
1366701613671	114	409	255	click
1371816320220	122	371	145	click
1371449083955	1	299	437	click
1371132610884	57	717	68	click
1370129981996	21	885	181	click
1368764650360	127	499	10	show
1369591361370	1	321	48	show
1373784446134	98	784	34	click
1370740866272	86	476	6	click
1373690290603	117	168	366	show
1369724333662	79	97	132	show
1372639329598	148	724	207	show
1369443242055	69	918	254	click
1367032371342	93	58	168	click
1372772877592	132	718	361	click
1367745935088	99	146	373	click
1373390743095	44	166	72	show
1366768929842	31	785	73	click
1369714334351	128	88	450	click
1368246824037	99	703	347	show
1368630885540	89	174	437	show
1369975861917	29	759	130	click
1366508237344	68	195	361	show
1368635121982	132	730	110	show
1373382582607	107	107	61	click
1370414470922	100	510	369	click
1366665390289	37	901	27	show
1368657402593	115	570	83	click
1372921115096	28	653	402	show
1368626857154	150	272	90	click
1368654075185	28	641	423	click
1372875249721	26	345	384	show
1369431838771	108	131	4	show
1369527125749	3	38	301	click
1369735709752	34	221	156	click
1370697984329	28	916	24	click
1370214963523	73	965	145	show
1372941013930	60	41	19	show
1371358305569	82	347	430	show
1369904602103	57	307	490	show
1372077066016	144	379	421	show
1373348917187	73	936	223	click
1370634901336	142	962	489	show
1367137825613	76	557	93	click
1369625310184	25	635	185	show
1369184334157	67	963	336	show
1369724138475	141	804	459	show
1369515718919	48	401	210	click
1366441820471	98	276	15	show
1370934614456	141	407	346	click
1369467794562	95	492	251	click
1372628694059	79	320	386	show
1367364832358	125	647	341	click
1372285807202	30	901	229	show
1368888212279	114	341	215	show
1370375541461	143	587	280	show
1367069373176	90	841	397	show
1369550605838	49	677	148	click
1368404319627	135	449	236	show
1373720368497	46	590	306	click
1369287371524	34	155	176	click
1366937424544	79	428	200	show
1371595561065	62	281	437	show
1372736232868	78	874	104	click
1373061790700	60	113	446	show
1373234750007	131	627	412	click
1368316230033	133	678	141	click
1367568940096	50	488	398	click
1371264003236	125	137	160	click
1372824603690	108	444	141	click
1372728685791	34	475	108	click
1367895300036	20	629	100	show
1367261452353	29	688	66	show
1372745031131	35	545	473	click
1369420789029	67	809	164	show
1369505221853	37	684	336	show
1373239340408	31	893	217	show
1374141466355	128	647	64	click
1368069168498	70	912	190	click
1368293092227	132	303	398	click
1370267194397	123	605	262	show
1367921325188	92	767	359	show
1370800227614	8	618	227	click
1370028911319	29	760	289	click
1366635512785	66	198	18	show
1366454847872	93	970	276	click
1372467311922	121	370	323	show
1367139903318	87	806	468	show
1371649165708	40	464	174	click
1373001988884	73	785	95	click
1373657092607	26	126	99	click
1368301202769	93	73	288	click
1371213390611	98	360	16	show
1367420861029	21	197	243	show
1367485184510	31	52	102	show
1367783035584	132	51	378	show
1373631643051	147	826	192	click
1371839676382	63	888	481	show
1372795456152	143	165	321	click
1369389414610	43	30	70	click
1370869782087	23	643	212	click
1372528837959	9	904	11	show
1372133764615	37	236	188	show
1373441539447	46	905	139	click
1368195063049	102	983	166	click
1371537965225	132	699	2	show
1374023048566	117	937	405	click
1366649916226	125	113	262	click
1373260672370	82	92	325	show
1368721949400	110	270	346	click
1366863427037	107	835	306	show
1370886097618	87	914	434	click
1372724226040	142	595	379	click
1371494041910	72	73	436	click
1367807377349	109	944	346	click
1371418356294	5	884	244	show
1370728752729	31	680	419	click
1372960246382	65	31	67	show
1373200517656	116	650	141	show
1368433017558	10	831	260	click
1371476775575	96	488	202	show
1369272490389	62	594	215	click
1372356563868	4	79	424	click
1368812466325	58	704	446	click
1369611931715	139	955	392	show
1369651451372	15	366	98	show
1367029775284	35	354	279	click
1368385280031	121	2	500	show
1366384396570	55	565	177	click
1368982899628	98	634	205	show
1373045894972	12	686	313	show
1372341588858	126	750	30	show
1368612468917	7	783	374	show
1370165381867	108	414	353	show
1371679419564	20	656	311	click
1372791944309	138	464	460	show
1373079096565	11	128	209	click
1368796081970	149	172	227	click
1369848105902	124	376	306	show
1373782947174	30	248	246	show
1368361052982	87	877	270	show
1369224931551	71	924	31	click
1367861204155	142	94	363	show
1370019098378	76	200	47	click
1369244507563	142	855	445	show
1371650421729	7	449	466	show
1373524695157	18	725	268	click
1368229999276	126	778	74	show
1373563036823	148	632	242	show
1366460417356	139	617	82	show
1373758090084	99	870	391	click
1371209114937	137	147	413	click
1372344514602	93	884	490	click
1368651041831	50	619	329	show
1368599719883	90	281	312	click
1369162640096	117	934	370	click
1373441406197	53	178	254	click
1367648726343	38	277	393	show
1369997532256	20	176	17	click
1368735719825	83	254	393	click
1374010122039	119	861	373	show
1369609881759	117	146	155	show
1367905012760	47	516	148	click
1371514570314	1	961	47	click
1368140118597	77	464	334	show
1371207821585	103	725	324	show
1373550694318	36	527	62	click
1373160320546	121	618	57	click
1373114043067	105	539	266	show
1368929348697	116	675	230	show
1369347841077	32	971	428	click
1368014410951	75	878	174	click
1373153365154	115	832	164	click
1372035417321	34	121	350	show
1367882584195	116	501	234	show
1369248776398	144	439	150	click
1370806469991	44	908	423	click
1373531048085	129	107	175	click
1368175107756	84	952	464	click
1372922417339	37	187	347	click
1370778817302	53	803	389	show
1370616944650	75	792	405	click
1373051162442	42	678	44	click
1372206119678	26	255	169	click
1370339147645	41	515	323	show
1369891609461	59	746	32	click
1371327586364	95	592	434	show
1371688015824	143	261	48	show
1369420365374	89	402	28	show
1367899242828	119	163	138	show
1368726311853	58	775	412	show
1368544016382	55	680	473	show
1371199259580	19	861	331	click
1372868836695	42	638	486	click
1366775606488	19	250	53	show
1368994995477	123	381	22	click
1372104605617	140	803	192	show
1371228941649	87	474	243	show
1370696558932	3	923	415	click
1369196297354	124	30	273	show
1372192183050	134	89	21	click
1373877886121	45	387	355	show
1370347512911	68	732	280	show
1372501791069	148	718	438	show
1369267494375	138	655	292	click
1368765758008	75	207	395	show
1372976509149	123	450	484	click
1371719505985	23	486	337	click
1372593365914	100	369	480	show
1368542442520	23	504	100	click
1371118482467	2	759	186	click
1367274655664	150	908	123	show
1370921707227	5	864	303	show
1372398360044	74	622	443	show
1368329426957	130	938	397	click
1372579905374	116	697	402	show
1367387565149	45	62	355	show
1369685378116	92	285	328	click
1367341015629	141	433	333	show
1373235672332	53	780	40	show
1371802917273	65	557	228	show
1373902798625	25	833	381	show
1370550891900	20	944	62	show
1367786556861	65	306	450	click
1368970330955	47	615	343	click
1373586679580	116	30	215	show
1370734456879	30	109	96	show
1367427591587	143	335	66	click
1370944573723	40	794	446	show
1368979852178	50	902	205	click
1373948830963	58	68	96	show
1371065737052	55	791	480	show
1367701974643	9	988	333	click
1368482562745	20	994	148	show
1369872605308	72	811	209	show
1373812741708	51	598	285	click
1367677564335	143	175	25	show
1372143426317	87	615	377	click
1373374693347	97	949	1	show
1373221780731	76	560	47	show
1368763950595	38	756	93	click
1366587768856	81	506	269	show
1369511075718	50	593	473	click
1370931781793	66	96	72	click
1367816604464	64	848	390	click
1371211689912	25	335	110	show
1370527679125	142	244	183	click
1368623724561	116	622	29	click
1370189792187	89	954	104	show
1367419841308	120	730	305	show
1371790029774	18	229	223	click
1372328869113	136	187	497	show
1369572931689	131	487	259	show
1371862860316	21	712	324	show
1371254142280	45	818	124	click
1366906121036	127	183	120	click
1371713065147	71	911	388	click
1372684643650	30	649	67	show
1372865660703	14	350	474	show
1369528172838	79	333	347	click
1366842549908	95	833	213	click
1373700379840	106	280	291	show
1370510992642	48	413	328	click
1371252392974	141	929	37	click
1371864751460	49	237	276	show
1368210284869	7	739	492	show
1367304624629	43	453	122	show
1374204399267	75	358	298	show
1371592664467	70	838	287	click
1366410384141	72	836	193	click
1369354630789	70	951	173	show
1368751639387	121	303	434	click
1368811151281	8	578	448	show
1372872372574	95	983	466	show
1369188475612	139	637	428	show
1370778812460	25	669	378	click
1368057872184	117	416	317	show
1366698506899	49	90	183	show
1367030648307	23	89	485	click
1372121457276	148	574	258	click
1370497864491	137	888	377	show
1368711473088	86	931	109	show
1373464987370	16	518	219	click
1373919858596	4	622	342	click
1367480342995	75	273	51	click
1372827038505	97	713	289	show
1367906936768	27	431	390	click
1368248141243	72	7	401	click
1373227540237	70	843	321	show
1372839035045	80	725	479	show
1372562979822	52	68	286	show
1367852110872	9	978	466	show
1369273773882	13	651	47	show
1369934391015	71	794	243	show
1368334734971	31	249	257	show
1368536803465	57	61	377	show
1368344800495	8	869	72	show
1371895933835	150	211	93	click
1371731134240	73	212	150	show
1366805628333	41	177	467	show
1368363010260	94	872	179	show
1369056692704	100	979	420	click
1369135111596	9	809	142	click
1374121482437	17	227	1	click
1367933594588	28	798	25	show
1368794059283	31	59	358	click
1367547769578	137	649	261	show
1370346365406	67	100	272	click
1373006822412	138	359	166	click
1370772463238	138	758	478	click
1368702468194	139	165	296	show
1369649250395	10	404	481	click
1371662372163	61	868	280	click
1371619775353	119	195	60	show
1367185931104	16	434	247	show
1371930297639	146	589	213	show
1366926911115	24	194	15	click
1366487815560	56	285	226	show
1367064090202	128	472	138	click
1367272171816	22	766	419	show
1371206460282	84	936	467	click
1372719384218	30	565	329	click
1371014758793	126	954	300	show
1370115772651	113	971	96	show
1368273656834	64	624	373	click
1371398514811	55	217	348	click
1369157844652	44	79	312	click
1372606992765	76	380	193	show
1367164028137	101	566	30	show
1373524954971	6	681	374	show
1366469620389	87	133	179	click
1371031707655	2	143	237	show
1366791160247	74	358	217	show
1372957538998	25	288	85	show
1368773117413	34	651	98	show
1371015493988	75	286	299	show
1370821996895	51	915	371	click
1370626094954	55	119	254	click
1368430003422	51	17	152	click
1366382989665	140	142	350	show
1373496069499	74	227	331	show
1373167604127	102	340	459	show
1366861334014	29	709	284	click
1370914018375	110	815	388	click
1371877520675	56	408	204	show
1370490305526	143	759	301	show
1373979893551	131	259	293	click
1372438823629	129	798	310	click
1371450162213	70	225	359	show
1373001477750	13	432	298	click
1370388206321	139	67	377	click
1367503286257	69	930	6	show
1370157032684	104	740	393	show
1374018231978	54	281	209	show
1372248719039	135	965	475	show
1368829621598	63	516	86	show
1372732004725	142	627	242	show
1366368640843	47	430	345	click
1367206026173	39	153	406	click
1366887497837	81	527	321	click
1366460915386	145	75	175	click
1371297560020	148	46	462	click
1373679971458	85	651	477	click
1366378901365	80	986	92	show
1371185051196	43	296	206	click
1369547835220	69	305	433	show
1366803471178	85	956	52	click
1374137300917	88	474	24	show
1366861147765	32	44	208	click
1373065269204	109	213	155	show
1366601762916	44	262	99	show
1369033683933	147	940	398	click
1373671085755	67	569	437	show
1372429894293	38	351	196	click
1371502907693	18	629	180	click
1370096901676	14	909	224	show
1370647462570	97	886	21	show
1366400572234	132	903	163	click
1370496897285	144	429	341	click
1373974506243	131	713	342	show
1366817024552	75	986	11	show
1367059597426	37	458	457	show
1367892058837	142	31	335	click
1369055559470	22	48	475	click
1367787020535	74	807	8	click
1367357632738	118	752	91	click
1370272733180	19	596	196	click
1372708175946	144	983	88	show
1369478797520	29	487	494	show
1370957867605	56	596	121	click
1370451933959	146	483	40	click
1372012580827	143	513	315	show
1371034460381	148	670	186	show
1373835716435	4	766	281	show
1368430401335	128	332	15	show
1366571387231	147	449	474	show
1370449191590	24	436	392	click
1369960139920	33	862	472	show
1367506558006	80	953	201	click
1371191595092	12	228	258	click
1369441032218	46	243	147	show
1369950158146	106	445	271	click
1368291553982	148	774	302	click
1368280111846	74	34	238	show
1373451757391	56	604	481	show
1371077783855	39	251	416	click
1372255117323	49	120	164	click
1367264976770	44	820	231	show
1366872141159	136	682	316	click
1371299385300	75	49	228	click
1372917817195	117	265	418	show
1370050294617	3	894	24	show
1373695858222	21	629	458	click
1366478840529	95	730	109	show
1374105989073	82	404	147	show
1368835516814	124	663	378	show
1367018997446	43	995	340	click
1374186311613	89	145	45	click
1369028854793	30	664	120	click
1370180873918	72	528	469	click
1368393575729	143	768	423	show
1370211365219	36	948	145	click
1368208594873	87	436	382	show
1367280008441	9	870	309	click
1366463157603	60	702	403	click
1372358341646	77	232	137	show
1367105639927	126	280	225	click
1371903988737	38	754	143	click
1373063854340	64	769	398	show
1369711129262	103	439	487	show
1370723636558	111	297	131	click
1374076830023	106	99	486	show
1371015841138	116	874	499	show
1373213122104	10	955	68	show
1373445802685	89	737	6	click
1369021263553	17	996	119	click
1374078283540	87	478	466	show
1368048760830	23	884	396	show
1371157134887	8	346	440	show
1366613378167	95	11	79	click
1370182941063	83	259	425	show
1371043998670	12	449	428	click
1373722428446	58	632	93	click
1371313132830	107	891	84	click
1368630429648	134	202	149	show
1373683938408	112	735	63	show
1373658506438	150	855	298	click
1368860075151	110	853	253	show
1369811706049	26	930	115	show
1370864926026	138	706	149	click
1367262067088	147	901	188	click
1367285967384	104	216	128	click
1366722409590	87	806	449	click
1366496829568	59	88	340	click
1373108614997	107	269	436	click
1369963546372	146	564	128	show
1370611477880	145	809	6	show
1369196062582	59	43	88	show
1371095377135	141	382	311	show
1371993500317	65	606	287	click
1367075482427	45	294	30	click
1371580189910	12	326	108	click
1367548599089	86	533	396	show
1369400161167	111	185	189	show
1368828632734	72	678	51	click
1370661881632	41	594	206	click
1366671039557	73	254	41	click
1366690375249	112	783	331	show
1368085270000	2	424	430	click
1366627669944	67	151	237	click
1368853441659	12	779	267	click
1374169356517	84	31	207	click
1368302681370	1	73	80	show
1366615476150	40	606	368	click
1371655150888	21	684	69	click
1369463609873	34	153	185	click
1370154560166	18	883	428	click
1369168751782	4	481	239	click
1368846183767	19	723	19	show
1370071816249	125	150	420	click
1369031865128	22	375	96	click
1373747433470	83	510	127	click
1372229697653	47	375	135	click
1368975664125	42	202	493	click
1372103527975	19	211	236	show
1366502076381	28	219	87	click
1367135856994	6	91	352	show
1371749565698	133	585	383	show
1372390402825	2	236	400	click
1367263843768	27	471	388	click
1366388827055	26	322	259	show
1367621453207	112	236	329	show
1371494281116	125	345	166	show
1370700328110	125	588	259	click
1373339064484	3	703	46	click
1367329801530	13	278	258	show
1367831862329	125	90	456	show
1372278631391	22	29	20	show
1371520161634	13	787	18	show
1373587577880	145	786	134	click
1373534557869	62	49	56	show
1370569001564	135	660	351	show
1366350802657	53	551	325	show
1370054045964	141	688	376	show
1371901978256	51	499	343	show
1366455493945	11	647	139	click
1369478903062	97	505	477	click
1369357349903	18	917	314	click
1369207490378	114	677	377	click
1370200694107	126	684	421	show
1367666365064	3	809	28	show
1369645049014	116	97	472	click
1373243920996	73	454	116	show
1369362010217	55	606	105	show
1367424932730	90	25	299	show
1374007504756	53	865	414	show
1369283467972	52	50	472	click
1368950558249	66	675	123	show
1367556455883	69	450	178	show
1372757544274	70	38	344	click
1369751828580	135	125	292	show
1367704812129	72	63	238	click
1369658103563	41	951	15	show
1372042455848	110	787	22	click
1368768296229	15	541	279	show
1368905048574	7	359	355	show
1370533283109	77	463	441	show
1367467967599	86	829	442	click
1367845370102	122	247	413	show
1371963272738	79	192	313	show
1367223343323	106	246	87	click
1369784816046	22	14	12	click
1373814031105	15	69	411	click
1373134285724	150	602	242	click
1370421332370	46	422	67	click
1369069366983	126	23	336	show
1373357338264	19	712	2	click
1373069405717	8	507	418	click
1368105039812	110	987	224	click
1369419493845	37	360	7	click
1366476962170	22	719	71	click
1372073831169	71	632	157	show
1372142115899	65	418	467	click
1371928887630	60	782	307	click
1366688711314	3	831	42	show
1373768194428	96	939	435	click
1368198654919	109	19	307	click
1370444859046	76	116	59	show
1366641300504	17	567	82	show
1371627077152	47	390	350	click
1373961391738	39	427	437	click
1373811461090	99	151	403	show
1367189210631	27	947	82	click
1374132346379	12	320	50	click
1367655251954	126	610	130	show
1366615305749	27	703	163	click
1373616475207	130	70	89	show
1366559355736	91	748	6	click
1369852763759	79	818	476	click
1372051300919	17	606	402	click
1366553464526	11	944	35	click
1371581751269	116	566	251	click
1368621440910	5	173	314	click
1371928210140	55	32	379	show
1371531775260	43	963	24	show
1372287166454	35	751	190	click
1367777553267	93	386	426	click
1369303969563	104	440	454	show
1371125869446	82	187	44	click
1367429381684	67	338	393	click
1371375049447	32	469	300	click
1372594695636	33	544	114	click
1368158386781	4	595	210	click
1368651798606	133	895	165	show
1371204903891	94	492	274	click
1368192302728	37	828	140	show
1368941444980	90	48	172	show
1371927082978	33	666	469	click
1366473197743	32	429	155	show
1367299261806	8	627	195	click
1370326867273	90	839	113	show
1373471279169	36	693	493	show
1370482192726	2	260	402	click
1372684283922	120	24	242	click
1370311128329	149	700	266	show
1371207566409	70	479	307	click
1372822786941	27	473	465	show
1372325855387	149	677	408	click
1370455712925	21	992	200	click
1373395477098	49	787	241	click
1369071631545	123	48	474	show
1369509157681	37	482	138	click
1373021300112	10	920	43	show
1373372012317	60	627	251	click
1373735675526	120	57	153	show
1368528952807	65	521	76	show
1370694214845	94	148	185	show
1373018484276	52	11	233	show
1373661503691	82	318	61	click
1373486951993	34	777	264	click
1367065696162	113	619	283	click
1366747502010	35	473	370	click
1368908194280	127	214	245	show
1368133801011	15	83	490	show
1367362131948	137	844	465	show
1370068027705	9	167	49	show
1371241781936	72	715	195	show
1370826793604	21	336	101	click
1371840566714	43	261	423	show
1373197206684	28	763	357	show
1368669859516	14	242	70	show
1371134923988	1	895	407	show
1372396572859	12	768	102	click
1373810681320	5	861	86	click
1373496371724	54	555	340	show
1368969650809	92	242	120	click
1369811307182	41	808	374	show
1372708008576	72	457	340	click
1368222875334	146	260	327	click
1374042975517	127	604	11	show
1373879713958	150	603	355	show
1366957894257	5	772	334	click
1369443106274	3	2	450	show
1373950594423	47	598	318	click
1369902966250	23	255	145	click
1366677971831	59	581	352	click
1372543080218	66	944	319	show
1370362989628	28	816	241	show
1370464867672	17	395	210	show
1368948431338	7	905	422	click
1368374013152	67	637	238	show
1368411125168	53	600	77	show
1369881351160	107	820	381	show
1366854062829	1	124	350	show
1369461120941	87	695	262	click
1373326838554	137	828	420	click
1370508712955	54	839	61	show
1367325021760	2	794	26	click
1367776645144	60	713	313	click
1372967910441	63	192	182	click
1370542079911	126	250	25	click
1367130929096	46	561	201	click
1371855000908	57	823	247	show
1368941448921	101	919	41	click
1370614578571	33	530	429	click
1369248220846	139	678	113	show
1369231861071	16	629	489	show
1368961186433	148	731	312	show
1366377497041	84	298	218	click
1366386010810	51	340	157	click
1367655139124	70	735	71	click
1367889847389	72	419	472	show
1372281935286	126	327	224	show
1366465955065	124	819	121	click
1371112196640	64	370	489	click
1372260241664	138	863	74	click
1372893525688	74	813	21	show
1370647769924	94	764	64	click
1374178374791	119	509	185	click
1371929189645	35	874	107	show
1372477784594	64	417	69	click
1366840628918	58	32	98	show
1371451393819	11	73	297	click
1371138224782	136	667	408	click
1366527997568	133	644	402	click
1373589749818	11	53	453	click
1370914816635	147	880	76	click
1368339955216	119	990	443	click
1373580843153	9	664	54	show
1368856658859	13	798	135	show
1371452706275	121	346	426	show
1371305597480	109	976	196	click
1373160793753	58	637	181	click
1367270718125	93	953	68	show
1369036932614	46	70	342	click
1368912439712	137	12	316	show
1372917221454	34	171	11	show
1366612960718	117	425	190	click
1371655972745	51	292	53	show
1366394333999	124	708	400	show
1371376806496	98	59	453	show
1370959085586	89	833	48	click
1371742757937	73	650	438	show
1368254653116	73	47	51	click
1369586685863	105	329	374	click
1366677168384	32	199	154	show
1368705453746	23	550	329	click
1368981074131	54	478	306	show
1370598165153	122	521	61	click
1370682677620	92	571	221	click
1371081784833	13	197	419	show
1366347117813	138	385	184	click
1370912398598	113	826	324	click
1369200992394	76	897	494	click
1372833391018	30	90	58	click
1371498532539	61	672	452	show
1370173616010	6	993	123	show
1367059156112	37	221	57	show
1373140618060	148	394	416	click
1370261934112	38	411	215	show
1368494197381	113	84	387	click
1367831627786	130	293	283	click
1367355642806	143	105	29	click
1373805247141	53	399	158	click
1371657163806	92	303	306	show
1373301875459	126	880	473	show
1372642336829	69	984	421	click
1366647991762	138	967	426	show
1368336750992	120	818	380	click
1373850877188	18	244	259	show
1373476963052	57	304	490	click
1373109223105	118	618	51	click
1370365191809	77	705	172	show
1368687637101	144	177	58	show
1373673268883	20	129	423	click
1372482382936	94	227	379	show
1373800013532	69	289	208	click
1370078746755	102	62	288	click
1366615601803	132	268	65	show
1371249830673	120	308	187	click
1371938282097	37	716	133	show
1370814363477	86	579	386	click
1370347494660	146	894	460	click
1371714334764	50	441	146	click
1368416046281	74	303	83	click
1371406327176	34	443	426	show
1368346939978	18	101	318	show
1373007044671	70	902	118	click
1370034572548	27	29	42	click
1370521362150	90	618	188	show
1368399428762	52	691	157	click
1367369768294	119	572	302	click
1367045241490	18	915	304	click
1366935619187	89	821	110	show
1373186162038	52	645	235	show
1368499264454	132	604	448	click
1374173546882	100	431	73	click
1373083460951	135	953	321	click
1366881387761	116	30	68	click
1371908001217	143	212	53	show
1371640805688	18	483	459	click
1370837566567	138	89	24	show
1368195502417	76	297	51	show
1371155090846	82	423	441	click
1371222107498	65	697	42	click
1368209118744	140	389	50	show
1372910713167	116	922	251	click
1373177488439	77	356	256	click
1367535177347	78	688	36	show
1368939701060	61	239	322	click
1372591766763	6	2	335	click
1368408440578	66	547	377	show
1367665143589	62	997	127	show
1368719301458	144	808	191	show
1369878985270	32	74	15	click
1369855604815	59	575	211	show
1366735421173	82	134	79	show
1368123594040	77	784	240	click
1367762643867	1	556	240	show
1370443931649	113	857	148	show
1371873734798	28	532	194	click
1373181261492	119	388	324	show
1372496829238	129	458	3	show
1373524291271	100	620	332	show
1372224439199	99	314	59	click
1367923456730	35	22	493	show
1368834988452	45	161	459	click
1370212646693	99	114	484	show
1367132038091	7	22	77	show
1373225866426	53	149	465	click
1368920043345	146	783	87	show
1372516703790	109	944	43	show
1367506454699	85	231	84	show
1371109126338	15	551	215	show
1366528167075	61	619	304	click
1372078237968	3	818	99	show
1371701210226	88	279	484	show
1368949493993	116	268	13	click
1369950917792	4	468	231	click
1367502318021	115	976	395	click
1373718703280	108	950	465	show
1368942303289	129	552	462	click
1369586090699	40	289	402	show
1366668942318	28	47	111	click
1368459504061	6	291	163	show
1368395105647	99	805	40	show
1373416183264	149	409	168	click
1368724533636	86	328	415	show
1373126481464	31	59	192	show
1368693484751	17	319	203	click
1366492901959	42	308	459	click
1366629042778	3	864	447	show
1366852859888	14	144	434	click
1370575627234	4	177	277	show
1372466243764	79	189	464	show
1372019901926	60	203	122	show
1367281656140	106	583	30	show
1369366329217	109	599	291	click
1367419121879	63	133	443	click
1369632725597	105	618	252	click
1374044921157	13	328	240	click
1369951734977	121	424	387	show
1373448976669	15	91	370	show
1371067320201	60	307	145	click
1367805183060	49	106	467	show
1367431014258	43	53	416	click
1369359338355	122	210	249	click
1369969722883	10	206	211	show
1369389865042	41	24	109	click
1368559889845	40	593	331	click
1369321117966	74	195	340	show
1369642694070	19	377	98	show
1368587969000	83	304	43	click
1369651541350	24	18	133	click
1373036684381	36	592	48	show
1368802657137	150	432	272	show
1368961465650	107	928	145	click
1367109471352	50	812	254	show
1371016966266	78	84	232	click
1373734961661	114	982	441	show
1369328895806	49	377	370	show
1367548296400	92	985	166	show
1372918116608	55	396	67	click
1373420125208	104	116	321	show
1367278151329	88	634	305	show
1371690194085	38	868	237	click
1372676054872	19	138	131	show
1367201449821	100	923	44	show
1369113835479	79	623	491	show
1370797759416	72	394	302	show
1367386683693	113	489	476	click
1369748758055	142	776	175	show
1370119215133	90	450	94	show
1371698331574	64	935	49	click
1369464779656	57	940	43	click
1368676990212	24	394	124	click
1370797116969	147	746	4	click
1372540510671	7	438	110	click
1366607814300	114	287	343	click
1368566288455	92	312	410	show
1366445533694	28	149	316	show
1369506239019	26	670	317	show
1367135095342	13	693	245	show
1370373290716	29	85	341	click
1370349068849	137	408	318	click
1369246107105	136	288	445	show
1372933345748	29	582	11	click
1367279223570	80	511	490	show
1371221885202	26	335	146	show
1373783345406	42	322	69	click
1372833621819	39	545	192	show
1371065202635	64	526	141	click
1373240813164	92	276	500	click
1368720400162	92	460	432	click
1373579059856	145	103	220	show
1371533904195	85	467	298	show
1367501764715	77	95	359	click
1370909391712	85	421	394	show
1369554017969	126	510	23	show
1368503125315	122	627	412	show
1372202926154	146	94	264	click
1368695463156	45	930	229	click
1367887661158	48	803	325	click
1371791301769	16	927	299	show
1368939385471	110	32	191	show
1367061663750	116	864	191	show
1370133081206	124	894	417	click
1371106239260	27	264	470	click
1373978722457	36	849	44	show
1373076206049	13	245	216	click
1373844571747	100	217	454	click
1373763921389	12	974	460	click
1367945241074	34	83	79	show
1368532653530	99	766	19	show
1373702558835	89	415	139	click
1373339256729	68	490	310	show
1367912536587	106	121	274	click
1371600477454	2	234	328	click
1373195820793	125	997	121	show
1368651103877	3	661	190	click
1371550356315	142	432	292	click
1372983049466	3	941	348	click
1366764739555	33	152	145	click
1371156227071	17	973	319	click
1367863552299	56	444	110	show
1372322304528	14	20	295	show
1372462359040	137	268	69	show
1366648272931	114	826	149	click
1372007074377	115	316	382	show
1370714054091	71	746	152	click
1372888339445	103	86	70	show
1370653303249	83	8	363	show
1368483237838	10	875	182	click
1370689046603	118	320	403	show
1370396787005	52	453	318	click
1368467164398	30	270	161	click
1367798332406	36	874	96	click
1369275470771	127	243	189	show
1371940756602	136	728	463	show
1372731867814	145	160	295	show
1370307108470	90	178	242	show
1366570988479	123	309	284	show
1370191414614	140	101	184	show
1367423244959	65	197	397	show
1370309381545	43	346	357	show
1367899335471	18	418	207	click
1371964888941	43	522	222	show
1371360008278	136	831	347	show
1366762819300	147	529	452	click
1373552733633	42	897	456	click
1368328393024	135	989	228	click
1369191501728	36	902	335	show
1367011034273	135	758	344	show
1369202052132	37	621	337	show
1370746325758	52	565	42	show
1369849133009	150	325	488	click
1367055860880	29	273	324	click
1372803361456	131	134	317	show
1367536191763	135	494	499	click
1368899039911	111	646	265	click
1371344109645	83	38	313	show
1370934309494	141	866	207	click
1373175769909	10	867	306	click
1370353927968	81	302	15	click
1369911959720	5	248	72	show
1368131069244	72	881	135	show
1372472501219	122	274	148	show
1366968347691	55	904	38	show
1371690549254	65	256	147	click
1373157539497	105	192	13	click
1367733796753	108	907	441	click
1369483829311	57	951	62	click
1367672664406	38	867	194	click
1370241575441	61	658	72	show
1366931310267	120	703	194	click
1370938487316	56	987	25	show
1372745369412	84	150	254	show
1370336811902	129	714	64	click
1367032651182	95	201	354	click
1371087147648	18	192	412	click
1371028758143	46	932	479	click
1369007253188	57	832	416	click
1372084183457	74	286	149	show
1366878161526	110	797	288	click
1371869359029	107	696	303	click
1368415723360	75	689	267	click
1369579185725	81	815	246	show
1367268610145	37	342	78	show
1369317269780	8	405	189	show
1369000985239	10	528	76	show
1367909065546	9	454	481	show
1366835629153	132	849	177	click
1369508257875	131	703	136	click
1369480646414	16	767	312	click
1369419359366	127	587	223	show
1367948889130	96	69	20	click
1368007169665	126	53	380	click
1369830190232	9	515	197	show
1373269079751	118	742	472	click
1372608089592	12	307	300	click
1371465860191	111	480	176	click
1368472157588	46	420	20	show
1368787418034	73	774	496	click
1366533742192	5	690	213	click
1367165135631	26	264	419	show
1367813570837	57	24	81	show
1367155208003	81	544	168	show
1369102231027	18	440	409	click
1370585170870	99	226	356	click
1369137701970	41	781	19	click
1369920332523	104	822	396	show
1373508805566	78	451	264	click
1372641883208	106	237	364	click
1371438038133	118	565	39	click
1371008679291	48	992	188	show
1370144954701	74	915	19	click
1371197193831	27	295	135	show
1372967127246	48	417	186	show
1371814117080	97	44	91	click
1370478713217	43	729	267	show
1367817552268	128	65	450	show
1368859963972	133	45	353	click
1369189207760	96	379	363	click
1366688307531	86	476	153	show
1370023555509	143	46	43	show
1370935588109	147	359	336	show
1371369628521	90	209	39	click
1366721902297	119	404	162	click
1367847025701	44	984	133	click
1371380026031	130	901	189	click
1369061936564	72	423	245	click
1373839030978	98	871	500	click
1367596810346	120	540	324	show
1371977914221	18	929	131	click
1371122908153	14	963	253	click
1366582154817	49	369	205	show
1373635052242	59	787	360	show
1371383500496	1	896	178	click
1369624739906	41	149	133	click
1369013191708	37	586	321	click
1369337698544	25	585	414	show
1373643816567	118	700	455	click
1372305451579	98	497	386	click
1368666434794	130	960	352	click
1373110937576	85	184	82	click
1371901316958	44	39	223	click
1372867248130	34	986	409	click
1374000180873	147	230	310	show
1372746909364	79	422	419	click
1369732073377	74	102	305	show
1367196605760	12	343	259	show
1369574211209	71	669	401	click
1371132104444	134	156	20	click
1369180557915	116	218	358	show
1369860653098	55	30	422	click
1370569595590	17	42	413	click
1373819765471	75	276	117	show
1373453342872	58	384	196	click
1367831527650	117	211	242	show
1374187907804	26	918	267	click
1374012031782	81	646	438	click
1373283982855	1	82	13	click
1370504567151	94	286	178	click
1370032302389	93	754	388	click
1367537726553	55	665	17	show
1372675141029	39	408	461	click
1370685990915	115	709	220	click
1374193099817	39	899	31	click
1370444382312	17	904	286	click
1369496995691	50	245	253	click
1368565554421	57	85	283	show
1368640326404	113	466	87	show
1372661858653	30	487	429	click
1371875448648	12	217	262	click
1372575291096	6	713	15	click
1371375364070	97	493	312	show
1372396433931	10	513	164	click
1369667477915	65	101	381	show
1368852908990	24	889	353	click
1366439010606	68	314	304	click
1368532015220	27	753	142	show
1371026821661	95	878	355	show
1370283782426	73	388	485	show
1370178677327	35	105	107	show
1367666882205	28	167	170	click
1368631309223	145	919	364	click
1374133894568	55	592	227	show
1371652742027	75	952	385	show
1373188741670	140	607	435	click
1368730316337	4	589	59	show
1373023011017	51	700	368	show
1367840015695	4	594	170	click
1367153118733	39	642	465	click
1369767797737	27	35	459	show
1371015652462	119	37	195	click
1367348506950	41	727	345	click
1368450813591	11	659	73	show
1370478559543	83	723	36	click
1370739177341	138	897	390	show
1372782768043	137	718	357	show
1372606666118	74	924	296	show
1369714489362	98	44	164	show
1369117129502	122	979	67	show
1366399572407	36	625	498	show
1367103199455	61	849	467	show
1370326639203	76	641	443	show
1372358943088	134	409	497	show
1372908771258	122	734	172	show
1366794208405	2	655	39	click
1368870827199	73	443	194	show
1370356139662	116	545	206	show
1372855989038	20	869	170	show
1369746754749	105	755	80	show
1373725107971	148	686	475	show
1370865484978	65	725	321	click
1369639475159	51	85	93	show
1367871360448	109	184	486	click
1372289611803	97	508	282	show
1367939315111	116	60	23	click
1372545720466	127	287	68	show
1366893322749	129	875	280	show
1370198880020	134	814	153	show
1366535304073	34	808	221	click
1369176569491	22	939	438	show
1373238303847	10	210	68	show
1368521887335	57	873	385	show
1367659349767	148	509	251	click
1370107997458	79	990	145	show
1369684312627	131	418	304	click
1371621301808	15	17	463	show
1369040137689	106	760	484	show
1366467363691	115	992	445	show
1367477590961	32	635	303	show
1373890604853	50	718	210	show
1372385441938	73	457	55	show
1373525151917	61	411	436	click
1369424455327	66	132	167	show
1369405467246	43	956	305	show
1372696908496	21	989	401	click
1372606078047	95	906	304	click
1367527155717	141	50	382	click
1368150889661	119	944	42	click
1370923714159	138	127	334	click
1371358078177	133	509	78	show
1367881329599	61	856	36	show
1370373074629	12	810	442	click
1370675516224	77	951	5	click
1370359596850	26	294	272	click
1371333538546	82	177	318	show
1366527199878	61	577	83	show
1372637308977	14	810	342	show
1370345384112	89	494	431	click
1368247340017	77	984	209	click
1371353069293	35	231	362	click
1373651800364	15	815	496	click
1372181654960	86	150	351	show
1370391177148	89	299	80	show
1368091803203	49	354	453	click
1368880175769	24	614	169	show
1368814557907	94	879	376	show
1369333573192	67	81	89	click
1367269990046	148	694	489	click
1366733329603	28	514	246	show
1370317200283	131	389	129	show
1374066062529	60	139	321	show
1372821778604	26	251	317	click
1366681458905	146	110	336	click
1370133860131	115	152	464	show
1373252799774	27	449	309	click
1367039734031	141	508	327	click
1367878734070	102	761	393	click
1372200658829	134	917	205	show
1372920792542	96	412	369	click
1370930527954	75	686	436	show
1372719593771	9	596	80	show
1373594112575	40	620	267	show
1367085533104	127	495	84	click
1373027429490	25	51	459	show
1373661103471	82	722	104	show
1366987225077	96	85	488	click
1370761034636	101	272	287	show
1371476964257	73	72	70	click
1369320657099	134	433	197	click
1371928898498	74	388	274	show
1368479079953	13	411	27	show
1367121674418	44	233	410	click
1370829471518	131	982	314	show
1366549181786	50	263	256	show
1369779961240	150	558	329	show
1370388885282	51	805	262	show
1373664840173	4	553	41	show
1373508372716	90	371	389	show
1370173399294	86	892	357	click
1369520750594	100	394	131	show
1369100890686	82	653	328	click
1371931977829	92	370	248	click
1367913394365	73	915	446	click
1372015162617	59	131	246	click
1372654920668	118	558	43	show
1373247976914	118	12	288	click
1368191842482	145	576	450	click
1366647726326	7	717	461	click
1370988698040	125	400	192	click
1374149470435	94	79	270	click
1368007929299	51	850	22	show
1373336055701	137	305	218	click
1367400364573	84	670	407	show
1372411614795	60	2	109	click
1371100684657	68	790	96	click
1372863983540	37	115	64	click
1373472505340	135	288	79	show
1368954961967	116	148	495	click
1372651569293	1	680	88	show
1371558759622	35	295	58	show
1369981891150	115	691	37	click
1369433046936	39	129	482	click
1371141462788	58	251	382	show
1370259023196	15	292	91	show
1371850089317	33	30	294	show
1367334243881	107	275	29	show
1373184837113	27	92	452	click
1368546820946	49	169	302	click
1367676898957	145	630	257	show
1372687047841	113	521	23	click
1371832066188	143	460	378	click
1369977083952	106	163	240	click
1368234832974	8	778	97	show
1370412733314	71	434	330	show
1369053115243	101	413	417	show
1366836949098	6	272	192	show
1370173650710	144	578	26	show
1372198953822	51	469	296	click
1368704747103	132	311	115	click
1372252852604	31	58	137	click
1370511379351	105	612	285	click
1373957284002	117	597	115	show
1368168097011	145	674	420	show
1371746265640	106	357	104	show
1368108073007	131	233	410	click
1367117097644	112	308	230	click
1366708056521	145	733	107	click
1367828676281	6	984	354	show
1368712733087	68	715	274	click
1368235044814	69	635	12	click
1372728023661	43	289	339	click
1373213188927	114	661	155	show
1367592924041	117	93	76	click
1368870057406	92	129	22	show
1372678514529	19	379	302	show
1367090982766	123	187	160	show
1369075908774	114	277	251	click
1371489866799	101	167	139	show
1368500227478	49	85	62	show
1372339735734	31	937	74	click
1371219965349	91	308	36	click
1367827298379	121	647	425	show
1367041460090	55	913	188	show
1367561865256	82	82	213	click
1372725429849	95	141	321	click
1369588408103	121	827	349	click
1367925846567	34	76	3	click
1368399969823	62	621	307	show
1371709385043	92	168	326	show
1371573218253	11	956	333	show
1370426712066	41	141	417	click
1368182487365	133	502	182	show
1367023460847	31	899	128	click
1367214834911	23	731	69	show
1368970377185	75	526	99	show
1373422080557	35	118	187	show
1373635229332	130	933	182	show
1372458239777	36	610	268	show
1366479361497	45	381	277	show
1370825664683	8	136	92	click
1372106562669	39	344	355	show
1367245236783	127	892	36	click
1370722686498	143	682	453	show
1366542965493	124	433	106	click
1366967828046	128	881	220	click
1370015290628	81	654	406	click
1369429926601	114	352	446	show
1372960068499	33	463	365	click
1367611041451	134	945	47	show
1371040327756	57	204	136	click
1367850922853	66	97	301	click
1369330083079	148	682	431	show
1373252121344	27	743	289	click
1372491230871	4	691	250	click
1370204620050	48	27	25	click
1373488164697	102	184	160	show
1369045456133	103	362	214	show
1371353617536	137	614	167	click
1366800529336	75	723	171	show
1369190884322	33	319	317	click
1369697548914	77	686	109	click
1373167913477	16	27	203	show
1373100221328	13	396	39	show
1372646016277	86	133	239	click
1372956529726	31	463	149	click
1371027118753	113	473	116	click
1372119172341	35	866	496	click
1367512722657	69	517	27	click
1373056537418	66	680	158	show
1368985107344	142	326	51	show
1366405221439	128	561	302	click
1368963955410	125	397	466	show
1371689302592	50	213	65	show
1368167644936	50	423	171	click
1367969321883	46	11	386	show
1372958621148	47	374	90	show
1373510894593	32	845	166	click
1368050683947	62	686	214	show
1373328526056	66	615	430	show
1371800945855	44	122	183	click
1368953448458	132	87	91	show
1367170156056	68	869	455	click
1372526335996	139	223	419	click
1366577194937	53	83	182	show
1372949948459	2	331	319	click
1374122302355	128	214	461	show
1369099283551	72	434	167	show
1371846937033	110	316	170	click
1367642288971	101	647	40	show
1370601553239	21	707	354	click
1373105102603	11	641	2	click
1372081604731	100	160	332	show
1370678834881	99	684	104	click
1371113209768	145	534	396	show
1368778459388	46	354	363	click
1371200424382	52	222	53	show
1369248124444	123	799	469	show
1374050997903	100	212	424	click
1371153920166	65	404	244	click
1367308573652	83	920	371	click
1371602193867	55	844	259	click
1369198052773	149	455	452	click
1372670609019	117	941	74	show
1367990668699	104	708	119	show
1373783904226	45	602	387	click
1374134720567	85	635	286	show
1370217083258	99	695	223	show
1372603335689	45	27	467	show
1374107656468	41	310	223	show
1368909344797	109	340	86	show
1372513112027	8	61	362	click
1372607864043	93	999	163	show
1371851818633	78	186	247	show
1372243741554	99	244	325	click
1373356207662	77	133	421	click
1367894142123	55	902	109	show
1366752124786	21	294	318	show
1370259451992	33	498	49	click
1369644939333	132	841	155	click
1366566290047	98	227	203	show
1371028449185	17	643	205	show
1370778372674	26	979	168	click
1367969097231	127	262	486	click
1369660751676	55	656	123	click
1370646722940	5	789	283	show
1367356726579	102	799	244	click
1368961309255	70	561	303	click
1371213083790	58	258	250	show
1373575878485	100	490	474	click
1370785059308	94	918	120	show
1367519873123	94	894	24	show
1373009410275	37	920	383	click
1372294087576	135	249	382	show
1368549877977	124	474	456	show
1371913450324	53	20	345	click
1367141452935	127	312	285	show
1370122982679	79	113	154	show
1368229281036	49	694	298	show
1368492249086	72	69	357	click
1368658371386	119	240	25	show
1371113367335	85	621	210	show
1369902925869	21	741	261	click
1371652734740	53	207	298	click
1372386838806	84	65	466	click
1372900796244	5	279	182	click
1371025335084	67	509	241	click
1370547646356	20	639	473	click
1370627081920	86	159	368	click
1373508088556	76	485	240	show
1366963212617	18	410	348	show
1368559982087	50	931	480	click
1370303821480	64	632	233	click
1366409336361	87	541	352	click
1372548696084	56	845	136	show
1368404507145	16	402	349	show
1367287919970	70	227	440	click
1373468714960	19	659	17	click
1369454244338	139	933	313	click
1370361898136	59	750	198	show
1373509461827	55	6	489	click
1368633880969	145	461	211	click
1366922149413	114	842	286	show
1369737922687	29	151	197	show
1373066808467	90	224	437	show
1370044272712	150	703	195	show
1372641107703	142	772	495	click
1372040857926	47	466	464	show
1371275953505	131	195	127	show
1366505461695	11	444	2	click
1368538983767	25	644	372	click
1371625042541	62	518	263	click
1371357316345	142	770	117	show
1368583537441	62	751	292	show
1370326296226	69	845	37	show
1370966870826	59	401	401	show
1369528676470	81	972	24	click
1373284559031	96	932	357	show
1371904909949	61	543	37	click
1366389421239	123	412	221	click
1373354378723	138	144	483	show
1373138009298	51	28	172	click
1371375007644	107	241	258	click
1372210554934	36	533	413	show
1371094121872	120	62	250	click
1369763434278	83	709	165	show
1371572065573	25	917	32	click
1370337915349	119	593	215	click
1369233766980	1	976	263	click
1373051590146	67	369	321	click
1369002022201	86	452	494	click
1373831696674	40	885	210	show
1367382528177	137	237	447	show
1367202182696	15	947	57	show
1373661752317	76	222	452	click
1367959376073	149	877	289	show
1373589233236	65	625	252	click
1373384442264	25	660	399	click
1369159307321	89	160	47	click
1371110675104	112	111	347	show
1367605295505	4	816	331	show
1371721885704	42	941	78	show
1370956437927	34	21	477	show
1369362779846	76	806	228	show
1371568616925	60	240	381	click
1371304985522	46	523	11	click
1372862864619	98	746	269	click
1373205949771	8	94	424	show
1373845761854	87	866	72	click
1372201736590	61	14	53	click
1367190406352	56	96	139	click
1368417955341	146	942	248	show
1371658097652	116	281	355	click
1370167149987	114	316	414	show
1370455911623	37	547	66	show
1369840008434	35	664	315	click
1373366692114	67	82	406	click
1369439689200	65	657	479	show
1372454971664	47	329	126	show
1372533290078	48	92	124	show
1371260055146	122	36	259	click
1368448221342	33	599	28	click
1371426380544	43	793	60	click
1367773670867	130	876	433	click
1369932706261	12	811	398	click
1367865015454	125	458	287	click
1373295011913	11	252	87	show
1369220269789	18	493	158	click
1368871861702	23	17	79	show
1368051824041	118	173	419	click
1373530609249	4	10	493	click
1371988991810	150	693	469	click
1372061138291	101	902	409	click
1368235772541	114	709	321	show
1367631231687	7	444	256	show
1368967952362	77	839	319	show
1369104662084	127	843	256	click
1366437130866	72	24	352	click
1370817507984	106	182	167	show
1368567360539	26	352	55	show
1367842765640	110	746	266	show
1368066842017	34	398	365	click
1368785324334	114	427	461	show
1368893975154	146	532	480	click
1369582095954	95	637	211	show
1373599226749	65	300	372	show
1370734317037	92	756	434	show
1367872849083	101	118	373	show
1369280364450	103	766	89	show
1372614529320	112	246	43	show
1373932266248	35	874	141	click
1373655189208	44	624	354	click
1368196387479	54	348	305	click
1369959179317	57	597	25	click
1371370581329	78	80	173	show
1369725863244	102	243	330	click
1371733587911	136	890	326	click
1368873337875	2	504	353	show
1371313461886	80	188	146	show
1372113810324	61	380	416	show
1367038272903	109	223	32	show
1367303479012	138	420	491	click
1373432717531	36	438	430	show
1372360467239	103	373	454	click
1371327082148	77	366	99	show
1370923884867	24	397	392	show
1367523658097	39	163	157	show
1372377237463	150	597	197	show
1371086460342	98	419	130	show
1372461677606	119	719	219	show
1372456616044	103	854	73	show
1367641550385	101	556	308	show
1372071187280	127	60	343	click
1368849271641	74	167	221	click
1369536688686	111	131	126	show
1366934239188	12	210	429	show
1370110835235	91	890	456	show
1372265836956	118	628	100	show
1369234302236	84	625	56	click
1370956171540	140	799	208	click
1370645554204	150	939	31	show
1371982439884	19	702	141	show
1367696954444	91	841	253	click
1372165233825	82	406	5	show
1368824464620	10	114	477	click
1367946327108	59	565	401	show
1367528637635	124	680	88	show
1371758620182	122	251	176	click
1374093043575	4	252	313	show
1370481412769	51	729	77	click
1370407320047	65	587	265	click
1370414995731	9	609	235	click
1371007745224	121	741	127	show
1369558043459	12	583	476	show
1373126249104	10	413	38	click
1366551437477	18	617	185	click
1373628684716	87	561	299	click
1373359842935	107	71	120	click
1367593227015	23	129	167	show
1371762268769	6	666	269	show
1367842523939	83	539	397	click
1371872640287	135	149	69	click
1373837511096	48	573	144	click
1372827017627	11	693	338	show
1372125310708	140	346	227	click
1370795760396	148	778	10	click
1372728849092	97	148	415	show
1373712228611	34	778	388	show
1371116097177	109	759	466	click
1370960809023	90	840	485	click
1371179211481	132	326	157	show
1366708954854	107	711	9	show
1374085506637	123	998	283	show
1368168855942	23	165	104	click
1373026780435	124	589	237	click
1373598662310	49	957	123	show
1369173249970	88	420	469	show
1366972201663	108	387	77	click
1372559136572	39	299	434	show
1370488335524	50	534	100	show
1369118776379	71	153	419	show
1371507813550	45	661	79	show
1368376010925	84	143	316	show
1370088900936	145	780	480	show
1367108333688	54	605	428	show
1374069877767	100	373	119	click
1368586018848	39	376	396	click
1367864493330	126	506	22	show
1369624299106	62	401	369	click
1372490514982	45	522	74	click
1370525229216	42	334	440	click
1366504685144	41	600	199	show
1371320137461	1	859	254	click
1372388831027	8	392	182	click
1372618122950	23	605	91	show
1373824666454	118	352	449	click
1366544889039	89	747	42	click
1371681783988	48	814	455	click
1369312292934	112	219	165	show
1371563389148	100	502	247	click
1372793108147	72	687	353	show
1370065675869	133	810	189	click
1374130174290	101	862	468	show
1372041868242	148	71	91	click
1369550328244	147	332	223	show
1366550642200	123	45	79	show
1370889574772	113	383	349	click
1370206921054	54	362	73	click
1370535990518	21	310	453	click
1373650214473	7	723	441	show
1373026916109	36	370	71	click
1372707564027	73	408	105	show
1369358498735	21	749	322	show
1373698650864	74	823	432	click
1372146717424	96	299	143	show
1371387119958	124	757	293	click
1372107426408	88	286	369	show
1372086054229	96	898	265	show
1369370614383	49	291	102	click
1368736337086	34	509	283	show
1368250688070	8	161	252	show
1371359352219	115	856	52	click
1371941122688	6	251	128	show
1373564090160	8	101	195	show
1371050046081	106	195	82	show
1366760549203	120	110	416	click
1371745746012	103	394	73	click
1371578897602	101	385	76	click
1371275717434	110	92	64	click
1370207746559	115	373	153	click
1368757845226	44	854	178	click
1370514578586	124	651	407	click
1371036843798	116	91	266	click
1373595164849	61	785	334	show
1371326336257	75	352	79	show
1366413223641	135	337	295	click
1369351393723	107	301	170	show
1369086604357	78	222	338	show
1368147977088	113	982	206	show
1373347159342	55	299	467	click
1366877733920	57	203	115	show
1371689587872	45	261	118	click
1370201105266	77	201	320	show
1372307603879	69	653	397	click
1369839949358	43	588	95	click
1368269713679	124	312	315	show
1368751188753	78	130	495	click
1373109228552	58	501	246	show
1371234419504	114	190	378	click
1369537148013	54	514	452	show
1371281018008	46	358	153	show
1372548209442	150	235	281	click
1369480837171	26	155	228	click
1373557330118	140	765	207	click
1368596613908	47	227	122	show
1368524179309	44	233	267	click
1372048128957	113	747	51	click
1366387463046	40	898	455	click
1369719983026	147	709	3	show
1372078208674	119	179	243	click
1366705440138	3	545	381	show
1371954208042	107	342	185	show
1367814094502	38	995	491	click
1368135560656	112	695	219	click
1367279912407	34	196	221	show
1369605805036	148	636	153	show
1367886546041	81	806	251	show
1367574777994	141	266	398	show
1373461816720	122	306	92	click
1372159258557	1	536	398	click
1370873989755	54	851	192	show
1366905545805	30	844	294	click
1366595510729	56	204	169	show
1372620050886	104	734	320	click
1372333051283	99	862	437	show
1366563270322	132	403	108	click
1366678494532	63	750	241	click
1372072601512	133	277	350	show
1368665466061	127	432	243	show
1368619126135	86	681	147	show
1367366031636	150	888	248	show
1370120675932	58	475	4	click
1368837362395	123	37	423	show
1372389537660	102	60	165	click
1368147919203	16	934	319	click
1370762892572	147	914	102	show
1367171360785	126	84	97	click
1369601583189	131	510	130	click
1371609996067	43	922	394	show
1370266432009	89	800	157	show
1373722207379	127	654	349	show
1366802088949	143	770	240	show
1366381260332	65	384	308	show
1368609185086	45	55	24	click
1370956211971	73	509	315	show
1372276733270	46	895	78	click
1370444019656	23	981	461	click
1368325338627	97	548	485	show
1373817203720	83	921	138	click
1366440765758	98	825	298	click
1368766494167	27	543	263	click
1366700901871	111	825	318	show
1368537490161	27	515	183	show
1373802691485	142	525	82	click
1373922674871	84	807	454	show
1367604697366	87	124	449	show
1366450770077	72	124	86	click
1369283509533	101	385	484	show
1366384672958	144	433	153	show
1367006250776	8	621	204	click
1368139166694	111	955	325	click
1373859964077	116	850	57	show
1369005414621	142	482	270	click
1371644362780	77	13	249	show
1373789327189	19	610	183	click
1368949563880	3	263	172	show
1371613577934	15	49	409	click
1373798742787	13	366	5	show
1370217569009	13	649	126	show
1367045481360	124	873	451	show
1369374452794	12	464	174	show
1370213372395	56	517	46	show
1369191830939	43	239	393	show
1373559655353	124	78	255	show
1370786443632	42	96	353	show
1366694151479	60	995	230	click
1371821940776	129	116	439	click
1373732444392	62	440	392	show
1368809575227	114	506	101	click
1369614522253	74	631	272	show
1373658733020	18	980	353	show
1371961892421	85	581	388	click
1370429597916	101	482	65	click
1366741513035	97	422	23	click
1367469382884	79	333	407	show
1370278712746	78	944	377	click
1373118658684	143	837	350	show
1369565972818	6	343	130	click
1371586035921	26	494	250	show
1368622838052	133	882	469	click
1369458118336	23	197	221	show
1372401830396	109	552	278	click
1371283403320	138	623	438	click
1373562295512	77	96	129	click
1372707788766	17	1	228	click
1366709226241	64	878	145	show
1373748705450	37	112	52	click
1366538520679	79	658	302	click
1371307386288	140	979	227	show
1370130313628	112	581	302	click
1373393257468	33	303	130	show
1371584458961	43	297	130	show
1367416088576	79	885	300	click
1367628308485	40	796	164	show
1366548623977	113	990	313	click
1368788162639	24	460	180	click
1370987702130	133	397	260	show
1367949295280	124	951	21	click
1368149188913	136	447	466	click
1367382761742	140	540	474	show
1368481577672	28	435	465	click
1368798118313	1	346	267	show
1369240428323	10	31	271	click
1371794368680	116	444	458	show
1372282071100	124	76	197	show
1369406344177	98	684	257	click
1367697793584	103	301	21	click
1372079987427	149	2	448	click
1373788647993	80	926	172	show
1368028728047	112	500	263	show
1370933730148	22	776	429	click
1369511192509	123	318	125	show
1373849164623	28	356	472	click
1368486452814	132	425	314	click
1373148879678	80	427	63	show
1367715752476	55	405	324	show
1367020057064	88	93	483	click
1371746842335	149	858	471	click
1370279892776	30	546	337	show
1366594895862	18	886	355	show
1372074200064	7	195	160	click
1374120957811	33	449	480	show
1373099042188	104	498	254	click
1369184185788	72	421	140	click
1367539427283	45	776	490	click
1367581277793	94	129	439	click
1367663837331	33	511	431	show
1369087998998	38	246	115	click
1367140875969	109	945	152	click
1371246495621	84	933	33	click
1373020881968	41	404	30	show
1371193738710	78	830	362	show
1370682322360	31	25	408	click
1369916464441	44	323	421	show
1373610107525	17	239	258	click
1367354188979	3	807	205	show
1371907292078	120	698	226	click
1369529547162	129	431	266	click
1373744686423	41	466	277	show
1372380578467	107	887	381	show
1367191287375	71	495	109	show
1372110255509	88	526	139	show
1372016108275	25	283	351	show
1370644314273	105	102	413	show
1367971701400	115	831	153	click
1368679915676	119	191	377	click
1372536480196	30	69	106	click
1370442200461	57	365	296	show
1367986008804	147	139	175	show
1370493777559	49	925	306	show
1372645416487	72	589	464	click
1368379904970	92	338	488	show
1370369085205	44	818	404	click
1368819624725	127	211	76	show
1368610982153	83	919	176	show
1371057640821	65	147	265	show
1368236175122	41	803	92	show
1367614321311	40	897	412	show
1369159674664	46	540	471	show
1366469446102	8	263	253	show
1367032099103	150	158	256	show
1367307581873	31	2	106	click
1367905814874	81	234	369	click
1369251030861	20	750	352	click
1373527031637	27	352	95	show
1372535144012	125	878	408	click
1366848422360	56	784	366	click
1370335166396	130	954	22	show
1367632921647	109	904	196	show
1371991513469	7	958	359	show
1372788658538	62	848	75	show
1372259517808	117	838	212	show
1370562213062	15	276	29	show
1368791374828	40	995	191	show
1372262036506	118	788	145	show
1367271118746	123	965	435	click
1370694975637	7	424	404	show
1373767764085	49	172	267	show
1369128248989	95	570	398	show
1373607314915	69	391	203	click
1372137902172	32	109	433	show
1367663409059	132	506	229	click
1367407118220	8	342	220	click
1371209918794	32	892	412	show
1370946270877	23	906	354	click
1372156010520	136	677	256	click
1369107819620	14	155	129	show
1373710641334	33	924	461	show
1369719419424	30	612	122	click
1370124554360	42	869	24	show
1371388273262	89	612	383	show
1372875109376	10	120	420	show
1366532912279	77	550	417	show
1367383589148	106	157	387	show
1368113447402	77	198	403	show
1372482115159	74	223	17	show
1372009343890	71	796	481	show
1372905497433	111	3	427	click
1372523521659	104	503	460	click
1368435198566	137	877	37	show
1369391264321	128	616	285	click
1368546790241	52	168	353	show
1373703435122	93	879	209	show
1366919219705	141	734	60	click
1367819031872	54	367	87	click
1368403722539	136	55	391	click
1368542322547	48	414	118	show
1372595457442	129	610	460	show
1373084142156	37	586	470	click
1366474230222	138	705	258	click
1369751886199	27	434	145	show
1369854616827	148	242	225	click
1366891254100	56	588	195	show
1374057813850	60	374	385	click
1367048716962	145	110	30	click
1368900397898	1	820	425	click
1370837008761	22	435	24	show
1368079120748	107	601	252	click
1371520742237	143	318	249	click
1366550943014	139	883	190	show
1367648696571	103	231	388	show
1369448536414	111	242	421	click
1373038300590	112	399	102	show
1374107246772	55	179	256	click
1370673671469	79	207	324	click
1370549558428	58	857	468	show
1366488921851	108	704	5	click
1366376187162	109	475	163	click
1373662835815	7	415	216	show
1366379619050	132	39	149	click
1368850997557	37	163	421	click
1368188748420	19	264	105	click
1371245830921	32	567	105	show
1371174290049	78	912	327	show
1372157697283	27	444	143	show
1372101297270	103	65	206	show
1374037380027	113	685	486	click
1371082060376	53	86	186	click
1366599998344	134	850	263	show
1366749991470	37	786	401	show
1367818037504	135	992	357	show
1370643346546	56	892	211	show
1372427470949	70	737	229	click
1373958837514	44	233	353	show
1373819421030	114	649	232	show
1366557872608	142	194	17	show
1373298854085	106	880	327	show
1371191529344	43	142	105	show
1372375469707	101	426	192	show
1370405367863	149	665	10	click
1367689513603	147	595	211	click
1371624595666	47	471	294	show
1373553642672	121	751	326	click
1366423292471	107	13	196	show
1370310830853	95	942	109	show
1370082412717	87	975	232	click
1367936696723	114	988	98	show
1369114006614	55	512	311	show
1366843598932	117	257	260	show
1370373943832	11	494	418	show
1367188967790	115	387	435	click
1372934926880	108	490	120	click
1370759931641	31	845	120	show
1366766192006	53	87	18	show
1366862214237	120	897	434	click
1373646160506	123	333	112	click
1369404091223	54	108	303	show
1366478806155	109	86	433	click
1370659098524	135	162	498	show
1366479166652	83	932	306	show
1373158534794	143	112	455	click
1371535278378	40	780	414	show
1374189384964	57	888	481	click
1371814630385	114	290	455	click
1368305345030	79	981	106	show
1367657714463	95	956	142	show
1370009568997	66	744	408	click
1367380004270	30	511	214	click
1371812212248	83	285	64	show
1370481112230	20	488	379	click
1370986381477	32	65	119	show
1369376632321	25	587	484	click
1371585654386	129	195	397	click
1372017509626	63	252	43	click
1369560916672	62	716	455	show
1371840577533	30	770	193	click
1374042633550	1	668	138	click
1371392524082	85	592	403	click
1366588912194	84	587	178	click
1366380856216	150	916	200	show
1372888620391	38	817	391	click
1369263757097	2	254	418	show
1368554836170	119	135	329	show
1370253068389	92	721	90	show
1369789251145	127	773	309	click
1370081870194	133	388	225	click
1373185386725	6	645	289	show
1367570528763	132	316	425	show
1372832142530	73	593	487	click
1370610076037	98	569	370	show
1371833370321	20	189	288	show
1369807241643	77	861	43	click
1373705406969	46	178	23	click
1370970003715	126	269	159	show
1370571519218	79	677	54	show
1367831021695	30	481	9	click
1368833175341	98	440	77	show
1373720644040	29	989	428	show
1371013181537	145	134	460	show
1367232213410	112	392	33	click
1374147765583	117	167	375	click
1371968183129	35	257	242	click
1373027613986	115	234	143	click
1366871500813	135	22	113	click
1368756456430	145	585	63	show
1367575021509	82	301	327	show
1368063542758	7	571	14	click
1371042908852	93	426	263	click
1372948353527	118	160	143	show
1370269425938	101	428	276	show
1368917479293	56	611	30	click
1371210775578	39	985	50	click
1372656843057	82	44	167	click
1373084844487	136	963	54	click
1372838752222	94	311	59	show
1368556565714	27	301	90	show
1370441653214	108	390	232	click
1371885941687	8	707	87	show
1369702848747	12	774	462	show
1367365774443	65	413	197	show
1368125069183	121	65	484	show
1369826111180	103	972	431	show
1373913792159	122	401	492	click
1368487543921	41	609	238	click
1369784607615	99	909	433	click
1370793649573	117	348	7	show
1367002740886	19	827	92	show
1371375454768	73	908	182	show
1370397901681	133	877	335	click
1367211411347	82	143	48	show
1369947080891	125	76	443	show
1373497948679	143	241	304	show
1369850993835	126	289	330	show
1368830104883	136	723	176	click
1373713401085	115	797	213	show
1371705524505	14	316	195	click
1368259342830	88	655	395	show
1369396088264	143	227	316	click
1373294936340	150	824	31	show
1367040093037	96	740	333	click
1367930964376	23	861	432	show
1370997524136	124	553	4	show
1371726336574	58	252	107	show
1369202947533	129	301	414	show
1370319705649	3	426	58	click
1367209799659	42	144	41	show
1367367890708	96	898	234	show
1366694235352	18	647	407	click
1373181317042	41	721	346	click
1367607111646	141	417	44	click
1372255912809	3	833	93	click
1367413463312	124	292	325	click
1369623667714	108	238	135	click
1368356427452	92	588	332	click
1368250808983	4	307	201	show
1367275651274	62	916	338	click
1370112495421	6	470	478	show
1368183543332	64	766	450	click
1369181208367	68	28	488	show
1368241483932	87	126	384	click
1367384130795	79	185	234	show
1368681489395	77	110	267	click
1370941902000	146	152	388	click
1366534429834	46	302	78	show
1374097086566	64	459	379	click
1370729058645	91	715	453	click
1371845982785	103	956	150	click
1373291835258	137	892	289	click
1373469916943	121	515	96	click
1373521996977	78	518	425	show
1369792582558	81	162	443	show
1373797410213	136	868	75	show
1372547014264	25	431	167	show
1367858481165	134	296	212	click
1373296078382	65	99	22	click
1372386770965	108	964	323	show
1370424934791	124	727	174	show
1366771652485	16	139	298	click
1367973301318	120	674	66	show
1373379847236	69	62	47	show
1367629808744	57	865	265	click
1370293009629	34	572	366	show
1370337598674	12	421	436	click
1371125706128	129	335	233	click
1370438786531	130	681	273	show
1367145668234	116	22	71	click
1367701049215	99	180	177	click
1368199684736	61	518	171	show
1367066000029	19	25	191	click
1367329799731	30	874	390	show
1367685821796	114	500	101	click
1373316389342	91	61	248	click
1367082230873	75	589	38	show
1368421099512	149	594	91	click
1371046874049	99	768	427	click
1368408813609	147	859	253	show
1366539566266	150	581	409	show
1369747087598	19	800	225	click
1369796588421	37	875	416	show
1373664486632	16	124	18	click
1372376616595	122	582	340	click
1368788211759	104	507	300	click
1373183886675	32	444	36	show
1374058175554	45	301	369	click
1372926313618	146	267	151	click
1374054083219	64	398	210	show
1369499812959	84	44	284	show
1371091019228	68	933	374	show
1372902980868	92	917	386	click
1369460680986	47	488	305	click
1368249089871	113	200	497	click
1369886268081	21	136	196	click
1366803193338	145	500	405	click
1371042477314	45	124	84	click
1369147207350	24	915	4	show
1370626357801	63	168	142	show
1373784644493	68	781	282	click
1368472741508	64	446	24	show
1368092642238	99	424	150	show
1370396042200	80	828	79	click
1369847904419	116	983	262	show
1369512009500	70	64	55	show
1370498938003	49	344	327	show
1367691518044	86	152	278	click
1370659788314	139	374	195	click
1371283035961	12	260	208	click
1370640726035	86	606	356	show
1372469057229	122	694	475	show
1366554747099	121	695	171	show
1371774684523	56	526	27	show
1372576052356	35	221	384	show
1368293583491	45	601	330	click
1370921853231	96	89	117	show
1374126481704	28	302	417	show
1370595391945	66	166	341	show
1373029804206	133	579	140	click
1371662950273	67	305	438	click
1373607646555	66	7	129	show
1367175369701	48	240	424	click
1372300312046	117	261	312	show
1371479493646	17	424	423	show
1373469714788	78	552	469	show
1371787937816	39	973	446	show
1368923323433	112	803	378	show
1370010205615	124	578	55	click
1370374145797	81	727	481	click
1368291729346	135	212	461	show
1372035090412	60	274	32	show
1368366382546	136	560	351	click
1372154810749	43	167	209	click
1368384525777	3	962	451	click
1368679376532	136	801	121	show
1368125689623	30	23	348	click
1372668177380	4	263	421	click
1368304304428	117	661	431	show
1367550041712	147	533	445	show
1373708554329	35	750	151	click
1369422623198	34	40	121	click
1373311229999	16	232	247	click
1373038811083	79	955	430	show
1368946433303	150	769	84	show
1367825184652	26	267	22	click
1372478928438	61	181	276	show
1373684532766	23	589	314	show
1366885780826	131	262	487	show
1370949001755	85	3	284	click
1373026950117	19	350	398	click
1373139315324	51	340	342	click
1373767757973	76	52	12	click
1369961950638	55	61	188	show
1372131557094	102	483	225	click
1366361562642	91	761	23	show
1373116364641	88	126	250	show
1370729183532	105	281	279	click
1367732032443	15	228	311	click
1369271004958	129	752	379	show
1368389198419	70	382	145	click
1368460142669	88	319	485	click
1370291930219	43	359	255	click
1372269981124	25	240	280	click
1372872278958	110	493	409	click
1370579356970	49	202	32	click
1373059809949	6	449	21	click
1366737097250	31	297	467	click
1368960961178	139	30	423	click
1369243043338	40	127	491	click
1371019400188	150	975	135	click
1368780840886	28	6	38	show
1372234316516	102	825	164	click
1370790343027	28	154	275	show
1371987543017	136	914	261	click
1370489088490	16	123	262	click
1373305207404	69	200	425	show
1369473563159	16	843	146	show
1373575282814	71	83	378	click
1372742889975	82	662	403	click
1369366864053	105	489	231	click
1372398513846	145	57	46	show
1371221692104	48	874	62	click
1372559448919	111	888	76	click
1368452013490	128	963	268	click
1367734809120	73	558	302	click
1368295584174	119	312	295	show
1368767447452	44	87	476	click
1368208717898	48	765	116	show
1369797146412	64	283	337	show
1374024374544	133	124	417	click
1372464183843	31	59	306	show
1372519805504	150	610	406	click
1370555440790	87	29	133	show
1372222656292	128	751	235	click
1366990651349	34	957	263	show
1373794610441	138	390	107	click
1371901622046	18	767	248	show
1367129365310	46	378	492	click
1366974833014	34	266	193	show
1368992964758	118	984	311	show
1373654282665	17	374	213	show
1371219425803	8	611	207	click
1371696872128	50	483	484	show
1369464890152	125	519	268	show
1372752315235	135	840	299	click
1369922008222	149	842	348	click
1369514475018	149	589	85	click
1369240300420	6	647	409	click
1373226311668	87	240	162	click
1370491911504	44	621	40	show
1370902109024	14	104	224	show
1372807009852	94	320	394	show
1371311481392	17	996	281	show
1368484615920	3	876	232	show
1370490509215	128	123	289	click
1373483907305	117	299	195	show
1369070610681	19	595	418	click
1366451151146	87	439	37	show
1368297945341	73	753	265	show
1366819981092	86	177	426	show
1368863277799	48	220	373	show
1372637923506	77	636	165	click
1371951495705	123	812	77	click
1369306138017	10	748	234	click
1370291715041	122	255	258	click
1366998730116	72	426	290	show
1371996737183	91	624	430	show
1366649785542	99	797	17	click
1372720391136	122	630	163	show
1367199198210	23	410	356	click
1373854950232	142	446	243	show
1372568903487	12	561	460	show
1372659294582	13	225	61	click
1366916586179	60	216	208	click
1374026935314	95	750	177	show
1368699401420	119	781	420	click
1371452316881	2	456	428	click
1373549193198	127	782	84	show
1367931958932	134	640	57	click
1372330060024	29	615	331	click
1369723918412	83	997	206	click
1367285205687	90	600	215	click
1372677970546	82	879	489	click
1372020150061	64	280	243	click
1372034807346	44	209	330	show
1369367401706	84	510	402	show
1367927383062	27	332	325	show
1373694875791	37	353	248	show
1371523576263	58	962	232	click
1370232189131	132	461	443	show
1370495573616	6	320	214	show
1369493143311	138	788	158	show
1373565766398	86	672	493	show
1373121847847	92	298	279	click
1367450387267	35	242	86	show
1370356080537	61	852	314	click
1366560080217	43	793	265	click
1372551056500	40	169	322	show
1371288308654	19	553	142	click
1370386653549	16	737	491	click
1370468039865	38	6	113	show
1370992322276	86	557	213	show
1368132124554	43	969	15	show
1368652591682	74	287	220	click
1372483824849	55	341	223	click
1367835281355	147	425	7	click
1370841233844	58	653	256	show
1370934415789	23	745	203	show
1367283043914	7	352	217	click
1368821879451	106	886	148	click
1371063182775	49	754	97	click
1373150460940	66	892	12	show
1368466197955	17	687	60	click
1369758855248	4	780	23	click
1370806021534	135	43	81	show
1366768895925	81	913	150	click
1372210617448	38	316	32	show
1370743233252	74	404	442	show
1368847408830	138	297	175	show
1373197770854	27	275	379	show
1370462295526	116	153	158	click
1367612590217	15	695	236	show
1372105719791	105	484	373	click
1367702801500	106	281	22	click
1370947941347	11	862	400	show
1370207321579	29	955	110	click
1373729998343	57	643	274	show
1368067533192	9	148	285	click
1370550589941	8	178	179	click
1370640185597	35	392	218	click
1370755138305	3	607	162	show
1370850861910	30	502	352	click
1374049072406	132	690	400	click
1367148422722	11	214	488	click
1372764998620	150	682	107	show
1373302519208	111	44	85	click
1370827445098	18	112	482	show
1373083510816	111	440	124	click
1371420819635	32	319	422	click
1369215365958	98	912	426	show
1368935922754	90	326	25	show
1367816055648	110	489	495	click
1373087369784	53	734	394	click
1366926889269	6	929	64	show
1372077324897	32	819	462	click
1373450255175	42	676	413	click
1373343649858	58	493	383	show
1366424503060	59	3	335	click
1372983693952	97	470	352	show
1367125787003	147	230	14	click
1372481747140	146	599	112	click
1373562369491	110	616	4	show
1368413608507	57	332	57	click
1371891123533	30	185	355	click
1371442486029	117	85	151	show
1373510139775	19	176	388	click
1366522756182	112	899	239	click
1373288248759	56	537	433	click
1368532752548	114	170	222	show
1366392945361	96	113	326	show
1368676189136	111	240	134	show
1367361611530	2	681	209	show
1373078683654	48	890	51	click
1370014922571	95	614	236	click
1370675078868	26	522	283	click
1372818919910	35	717	351	click
1374075707383	114	617	456	click
1372714748735	60	475	62	show
1373117280788	49	538	23	show
1368582716518	58	92	281	click
1367374737802	80	489	128	show
1371790700171	71	158	120	click
1367447371708	54	451	360	click
1366361145672	22	593	333	click
1369753814641	147	212	354	show
1372720585885	139	405	358	click
1367955452385	133	629	80	show
1370275018788	109	125	423	show
1368430504182	100	543	440	show
1367197957259	135	559	482	show
1371402789371	79	911	449	click
1372105981556	113	108	334	click
1367187727640	8	415	177	click
1373930961620	85	306	228	click
1368382422513	140	117	236	click
1366417942194	110	229	177	show
1368740941348	18	860	194	show
1370302696854	86	397	27	click
1367411770831	128	370	405	click
1369602924879	68	24	5	show
1368531045711	57	753	102	show
1373422826722	57	827	484	click
1367749779335	104	344	383	show
1373738114964	47	310	256	click
1371190124189	47	324	122	show
1372736698560	92	509	474	show
1370673745958	85	325	496	click
1373704466275	109	713	261	show
1367183164826	34	73	137	click
1368650116798	46	112	183	show
1369756206884	86	570	333	show
1369387526106	97	863	497	click
1369605026773	143	725	282	show
1369685239308	129	847	324	show
1368394417256	141	809	402	show
1369352412065	10	658	246	show
1370497548375	34	418	74	click
1371511245623	65	44	212	show
1368569883152	25	331	407	click
1372922164821	85	842	368	show
1372967241607	91	803	74	show
1372916742533	111	482	184	show
1367044828415	25	893	130	click
1368742727437	8	770	118	show
1369477235451	121	399	145	click
1371188250596	23	212	152	show
1368918454034	116	351	243	show
1369407591210	28	518	421	click
1367418352089	76	499	97	click
1371783116827	100	477	86	click
1368667280758	57	376	139	click
1373252359733	134	774	368	show
1369806295310	118	264	323	click
1370354766208	136	648	196	click
1367100899963	40	866	428	show
1371746416213	57	778	174	show
1369263055527	15	236	291	click
1374066476110	60	322	95	click
1366891681828	135	386	68	show
1371108804046	72	431	331	click
1369364901346	12	42	122	show
1367731440105	124	750	382	click
1373994845634	73	56	177	show
1369537221891	22	498	79	click
1373274392827	37	312	305	click
1369506182266	88	930	377	show
1370327123219	58	650	123	show
1372007483806	123	790	122	show
1370811634964	43	731	100	show
1369544963621	140	710	287	click
1368220745661	45	409	418	show
1370449671838	22	51	95	click
1368715924899	130	830	291	show
1366914164765	13	891	64	click
1370784199735	27	173	436	click
1368986876994	63	717	88	click
1367321073847	81	698	79	click
1373127616704	35	479	127	click
1369854500525	89	171	50	click
1370932265981	105	402	471	show
1368332681882	148	861	50	click
1368436862598	55	597	184	click
1368250051692	26	713	130	click
1373126886941	146	351	166	click
1374062090029	60	976	24	show
1374091344375	47	151	177	click
1367267225089	27	207	65	show
1371274851212	53	939	351	click
1372204044640	99	175	194	click
1366627997461	13	689	27	click
1370524106132	70	993	156	click
1372356067520	78	296	69	click
1371532131368	45	594	205	show
1369321314270	92	374	276	show
1371243401782	20	434	141	click
1373955877649	110	230	151	show
1371938093494	107	611	177	click
1372397134611	1	860	318	show
1366827224691	78	912	251	click
1367790209910	79	909	308	show
1369917208545	48	111	232	click
1371656605723	6	196	383	click
1367498227481	132	906	212	click
1373045059751	77	845	164	click
1366904639916	94	365	318	show
1369627950439	81	755	94	show
1370535336084	106	693	39	show
1373735786301	30	757	29	click
1368021063311	133	756	401	show
1370737594704	92	291	56	click
1371846355309	112	657	217	show
1367842222188	56	236	123	show
1367719466663	46	759	248	click
1369197669565	67	79	118	show
1372282637492	132	655	181	show
1370541490927	104	258	32	show
1371192179207	112	413	177	click
1368097466486	125	268	55	show
1371848946065	136	644	155	click
1370563449509	88	696	138	show
1371036535063	124	458	132	show
1371100269924	24	129	19	show
1371766032488	33	497	22	click
1370954428952	1	863	237	click
1369472740677	27	614	430	show
1369524729220	41	411	311	show
1370848101311	104	317	362	show
1373509554041	70	896	49	click
1371008113612	107	645	106	show
1373693922512	66	974	455	show
1370262986453	41	53	121	click
1372486236198	104	509	477	click
1368100221941	37	659	430	click
1368441910916	74	577	164	show
1371899225639	131	67	322	show
1368486671491	45	678	406	show
1373943351543	68	477	381	show
1373382683732	146	513	219	click
1372646180290	10	541	108	click
1368767291382	127	325	272	show
1367906240343	31	729	476	click
1366587514330	127	779	396	show
1369023956282	32	435	179	show
1370001042446	87	438	219	show
1371677613805	76	348	294	show
1371460601874	19	512	431	click
1373228098885	7	323	49	show
1366520765048	62	590	458	show
1366894337182	43	624	442	show
1372756585094	14	188	330	click
1368761323822	110	790	455	show
1370969206687	126	972	239	click
1370940503438	104	735	159	show
1367647316756	34	866	389	click
1370950000158	99	860	323	show
1367187895374	132	163	243	show
1372649216767	150	773	19	show
1368691224918	104	918	33	click
1371140059852	15	551	76	click
1369698224845	41	68	55	show
1369228456159	57	894	431	click
1370249109609	73	784	80	click
1366900214196	49	855	257	show
1370524178122	22	420	99	click
1373106112451	88	827	105	click
1370192701724	82	348	418	click
1372260003371	46	654	254	show
1370666866228	112	164	341	click
1366599149764	36	220	335	show
1366465509979	97	149	500	show
1372159737927	85	561	308	click
1372374884485	21	890	99	click
1371828815173	64	743	177	show
1372593159616	32	484	226	click
1367335437016	91	420	143	click
1368772781130	147	724	66	click
1372151666400	16	446	203	click
1369747680259	60	782	485	click
1368691066359	116	839	214	click
1367532013068	21	456	375	show
1374122085274	128	421	442	show
1372136788488	50	367	349	show
1369026884746	98	182	418	click
1373762509304	20	75	328	click
1370827673462	127	554	33	show
1366364758647	149	444	438	show
1368244567677	106	755	312	click
1369193097056	34	86	173	show
1373754767442	29	61	468	show
1373012603236	71	128	196	click
1368300690917	43	356	226	click
1368183150002	148	972	322	click
1369487827955	37	896	23	click
1370518609048	68	570	495	show
1366637722663	17	527	190	click
1372931428903	45	12	318	click
1372523368185	85	530	53	show
1373715840182	20	426	253	click
1373997191682	31	325	215	show
1367434196722	16	385	268	show
1369417859130	26	885	189	show
1373380155317	31	789	347	click
1371315656802	126	38	187	click
1369659007286	16	313	396	click
1372843180611	34	882	45	show
1369938820918	121	666	260	click
1370583668665	87	137	190	click
1372766774011	18	773	44	click
1372476716410	106	957	420	show
1373916430923	120	696	282	show
1371952196177	97	726	62	click
1371799658009	80	79	114	click
1372960461320	40	55	163	show
1368661360419	39	220	314	click
1369587833214	8	346	62	show
1373273297430	112	146	170	click
1368706879999	32	61	39	click
1367573521934	83	348	179	click
1366713029849	14	639	498	show
1367651151548	64	404	60	click
1371832376143	2	777	87	click
1370077215955	115	457	405	click
1370591334589	72	150	336	show
1368660915366	143	328	144	click
1367332343454	105	210	182	click
1371067132147	103	763	149	show
1366823769684	140	468	347	show
1367508369222	96	93	268	click
1373426031008	107	207	112	click
1373246928090	35	360	477	click
1372568352707	99	655	490	click
1372503687379	91	287	256	click
1373588775852	127	40	354	show
1369398134338	126	732	324	click
1368125814583	62	439	84	show
1370299160007	84	471	301	show
1369789467351	65	362	336	show
1367519236766	120	637	439	click
1373164073568	1	219	418	click
1368556798893	13	311	317	click
1372249736907	21	477	482	show
1370933907208	5	795	433	click
1367990872308	113	2	160	show
1372881700837	82	522	102	click
1371552893286	126	125	497	show
1374166276083	58	82	77	click
1373477480928	16	565	159	show
1373324760292	13	368	104	show
1372341213231	115	317	362	click
1370067271468	138	459	177	click
1369690646981	8	368	186	show
1366484700149	6	260	411	click
1369571207380	134	589	478	click
1371972067502	123	575	376	show
1368378866081	123	253	316	show
1372017894352	54	136	427	show
1372839258896	138	913	414	click
1366631624507	51	316	79	show
1372081145696	150	846	7	show
1367673571581	88	514	180	click
1368511098873	61	583	357	show
1368346313935	23	345	422	show
1370103590089	138	178	49	click
1371098333398	6	783	165	show
1372031064623	11	524	242	show
1371145393033	84	966	12	show
1371203516906	19	195	347	click
1367276305797	134	892	315	click
1369852744468	92	112	495	click
1370597330372	82	606	134	click
1371001785454	21	28	328	click
1371242003396	51	432	129	show
1373904514715	74	780	112	show
1373755187134	91	883	234	show
1370734129563	48	588	466	show
1373770825464	62	625	150	click
1370075658470	92	489	235	click
1370474214589	96	696	138	click
1367886659168	106	548	89	click
1374118256719	4	510	342	click
1372944617084	119	991	168	show
1371650027904	13	743	426	click
1372738574436	107	320	38	click
1371474986871	124	118	241	show
1366617146719	72	195	54	show
1369132222175	97	904	385	click
1370855273252	150	200	295	show
1370029420274	104	612	66	show
1371149954325	39	729	440	show
1370572469633	77	472	50	click
1368853068501	98	447	416	click
1366622725643	139	200	453	click
1369433598198	130	255	133	show
1373949252204	60	296	473	click
1371574781476	71	640	249	show
1370571489322	31	982	235	show
1366492913268	40	435	175	click
1373688151830	22	714	274	click
1370914955576	118	944	35	click
1374111262965	77	261	275	show
1371044550451	113	713	236	click
1373270997944	141	625	162	click
1368499644420	51	771	379	click
1366653450830	31	936	2	click
1371500382699	103	442	354	show
1372326550851	64	718	39	click
1367862132658	25	705	222	show
1368019215020	79	804	322	show
1371648688386	64	641	237	show
1366941989470	112	75	131	show
1370120606656	49	816	359	click
1371224283498	23	488	335	click
1369272420911	119	949	266	show
1366377559079	143	840	416	click
1370143727807	48	188	377	click
1366766125477	36	807	307	show
1369821780342	94	305	167	show
1367358878568	91	267	168	click
1368092228894	50	463	475	show
1368604591325	46	858	80	show
1372917331243	149	195	214	click
1371839420689	28	637	481	show
1366747804270	118	976	174	show
1369655697470	41	90	414	click
1371808386156	80	941	153	click
1369104412495	58	189	427	click
1368176726219	26	304	128	show
1370619717849	77	331	496	show
1371026803271	65	306	74	click
1371290468704	21	149	99	show
1370541055242	41	782	437	show
1368330291571	10	255	278	show
1367161072659	53	626	220	click
1368758054308	50	230	398	show
1367750993621	25	751	246	click
1374096973386	111	440	212	click
1371485546211	16	490	62	click
1370285077671	115	747	327	click
1373990013480	69	212	86	show
1371182666206	54	864	71	click
1369229817993	115	547	333	click
1369268301216	99	5	120	click
1372038025787	39	471	99	show
1373611184346	39	955	64	show
1367430283936	8	997	245	show
1367886733930	150	966	416	show
1367528665933	28	811	453	show
1370653732187	127	794	459	show
1366663185167	43	150	277	show
1370190671134	79	569	348	click
1368238725399	59	810	366	show
1371013273566	139	220	77	click
1373510780183	128	24	185	show
1373310257777	93	122	476	show
1372632626263	142	435	381	click
1370824694966	1	262	95	show
1370096811720	11	30	17	click
1368164558714	144	521	225	show
1372534441964	101	63	20	click
1373187052625	106	868	234	show
1372896515132	90	763	458	show
1372388842563	107	414	382	click
1371627349791	12	695	71	show
1369677469552	129	832	157	show
1368369967586	128	138	422	show
1366448701823	66	444	202	click
1373265923568	6	542	246	click
1367007657811	68	416	112	show
1366462874603	79	259	283	click
1373352161611	7	355	75	show
1367357305284	124	253	297	show
1367100139080	118	875	248	show
1370011474958	86	5	425	click
1367958270159	141	768	156	show
1372932062895	146	980	166	show
1366398636387	143	318	22	click
1368837538784	102	121	273	show
1370091960696	59	72	262	click
1372019770088	24	892	341	click
1372153265693	74	264	202	click
1371181856785	77	244	371	show
1366603270587	88	894	357	click
1369891036963	136	40	142	click
1372282195412	84	910	93	click
1367639216687	132	205	368	click
1372517020714	86	162	384	show
1373469327150	105	897	291	show
1369780265132	30	850	69	click
1374032068941	4	511	185	click
1373993127386	37	222	341	show
1367354417548	141	272	312	click
1369524578645	107	125	478	click
1369867969123	85	217	467	click
1367627421356	108	710	495	click
1366795351669	46	348	463	show
1368597035805	58	552	21	click
1369828402221	70	570	394	click
1366496680906	148	497	441	click
1372712247180	93	239	127	show
1372268538874	128	521	461	show
1371862430297	58	883	165	show
1371743438890	50	641	317	show
1370772813590	51	554	91	show
1373588982894	71	468	249	show
1367007212918	123	857	76	click
1371774753705	97	886	413	click
1369597785744	17	711	397	click
1374086287206	30	231	416	show
1370653976618	97	335	172	show
1372852354308	99	146	241	show
1366431979593	115	79	500	show
1371780347855	100	145	54	click
1370352955063	94	252	311	click
1373532537256	69	677	292	show
1370766242594	38	283	389	click
1369750333953	82	655	48	click
1370245030029	43	202	273	show
1368734712696	87	252	42	click
1368247588901	142	19	202	show
1367365328126	76	335	152	show
1366769664751	101	639	160	show
1372763188145	49	949	207	click
1373914555346	142	10	215	show
1368961336572	137	654	263	click
1368292991909	43	950	189	click
1368700018744	133	866	359	show
1366557022326	148	253	38	show
1368500766622	148	94	468	click
1373178859714	99	530	254	show
1372782806933	23	757	441	show
1368968660549	133	497	164	show
1368449449229	70	982	26	click
1366851102600	128	250	321	show
1367802521558	130	25	36	show
1369779509797	81	215	444	show
1372676117820	91	222	142	show
1369736191660	144	486	275	click
1371330467354	134	754	442	click
1368857578737	14	323	475	show
1370198655176	79	880	295	click
1370967420633	54	699	77	click
1372478178413	125	125	245	click
1372625370588	113	724	80	show
1368240231683	138	207	200	show
1369306212538	49	713	135	show
1366483713711	61	339	389	show
1367119608878	19	51	272	click
1370664793478	11	430	114	show
1372218508228	66	66	380	click
1373639537793	23	155	299	show
1372217547350	20	192	286	click
1369661619197	19	559	309	show
1367384514386	19	190	57	show
1370418610785	30	690	273	click
1370664620037	145	112	425	show
1370156259544	27	236	265	click
1372245116940	77	720	78	click
1373084982582	4	701	485	show
1367775190680	17	34	441	show
1371451946348	118	310	284	show
1370563682753	40	684	63	show
1367853404965	18	877	2	click
1367898106832	3	741	77	click
1370351165290	130	202	90	click
1366976212770	95	632	411	click
1369543792193	44	368	409	click
1373608257758	81	986	122	click
1371765183949	117	789	247	show
1373007606913	133	873	313	show
1374066289465	11	461	322	click
1366742809335	74	300	396	show
1371061780441	113	857	60	show
1366711468430	90	988	235	click
1367655375694	133	53	356	click
1372874566064	52	441	460	click
1368642202907	103	2	169	show
1369517919024	11	295	165	click
1374036317397	148	161	141	show
1369869727329	92	225	426	show
1367529578657	110	349	280	click
1370499785968	131	102	135	show
1372640174453	66	600	42	show
1371933831842	69	747	250	show
1372928243639	61	283	7	click
1368304829343	6	736	78	click
1368092861733	115	163	339	click
1366984601839	117	338	432	show
1371430164243	37	560	161	click
1374112490417	127	7	319	click
1368944785173	84	190	384	show
1370042934760	37	976	330	click
1369839933119	150	89	80	click
1369636565059	72	526	26	click
1371157225919	38	562	392	show
1368936920428	31	406	496	click
1368190452622	103	627	111	click
1366553816543	11	426	484	show
1367837699453	116	361	399	click
1371907933350	97	69	80	show
1373823137639	85	896	53	show
1371033809016	15	891	403	click
1371802325352	9	42	298	click
1373736552759	135	34	493	click
1371124309248	24	963	284	click
1368727057739	146	797	289	click
1367658308752	116	391	72	show
1366837871143	122	351	439	show
1368578834696	27	972	240	show
1373670556063	104	112	45	show
1372147442648	5	216	471	click
1367464259773	32	731	284	click
1372776132575	146	82	225	show
1370995522183	95	91	228	click
1372181890945	82	262	13	click
1372983640247	14	493	124	show
1368486852480	53	495	31	click
1367142110241	146	187	486	click
1369024718060	110	894	407	click
1373713253886	87	276	137	click
1369705473767	53	244	62	show
1373995746922	61	23	69	click
1368374329509	31	355	138	show
1368765469306	39	363	121	click
1370030920265	44	229	7	click
1371697819850	73	770	95	show
1368297654448	19	737	429	show
1368584930718	137	648	91	show
1373750762930	113	914	94	show
1370538657651	34	167	321	show
1369379171211	53	817	136	show
1371076317616	138	881	124	show
1369623437049	83	615	386	show
1371814339610	9	195	254	click
1374136981993	126	439	276	click
1371445881786	100	277	66	click
1368621720125	42	84	217	show
1370176754665	90	172	172	show
1366904611407	138	835	264	show
1368003298866	98	618	468	click
1372894598230	132	176	153	click
1366607789630	67	682	480	click
1372649580542	145	336	63	show
1373312185849	58	605	325	click
1373105474650	95	861	472	show
1371096321180	113	439	240	show
1370719656048	18	500	59	show
1366498403077	15	36	287	click
1366499716965	33	319	149	click
1370433230182	78	961	298	click
1368580073533	59	229	122	click
1366914428930	81	269	297	show
1372845592408	83	456	237	click
1374073649661	141	78	193	click
1371609681699	92	708	166	show
1368293987807	117	565	347	show
1370938704887	37	312	231	click
1367884684251	121	609	140	show
1370492853303	58	411	19	click
1370765482359	54	989	430	show
1367047458665	96	890	69	show
1370091587974	73	117	76	show
1373950933516	12	548	87	click
1371180001333	44	888	345	click
1369859441661	74	334	291	click
1372728432791	113	615	31	click
1369919468955	138	908	284	click
1367129211543	129	515	328	click
1367019899383	106	408	260	show
1369111809366	99	128	71	click
1371780655341	126	518	162	show
1368654322517	6	90	210	show
1368178152694	7	855	434	show
1366643638974	22	107	298	click
1374074052334	90	939	129	click
1371029355771	138	411	14	show
1367118247717	133	94	468	show
1372414142255	133	991	178	show
1368858530544	10	922	135	show
1367547804264	130	481	49	click
1370827579757	33	896	144	click
1371121644170	104	499	214	click
1366365821164	54	968	257	click
1371673672007	87	624	130	click
1374182972613	116	718	440	show
1370592168355	9	495	386	click
1366871246947	35	382	467	show
1373700010600	112	780	413	show
1373525644952	47	847	398	click
1366782687091	101	938	276	click
1368727746996	7	823	231	click
1373633044744	138	711	58	show
1367031614987	25	676	152	show
1369311690795	147	383	374	show
1369917136735	80	346	264	show
1370601098571	141	565	258	click
1374186837818	109	708	98	show
1368017052005	119	969	196	show
1371054857563	17	785	146	click
1366695174885	14	975	259	click
1372911758176	17	316	393	show
1370181197807	145	824	384	click
1374041561016	29	361	297	show
1373782810791	115	948	276	click
1372437300299	64	151	257	click
1368912890442	103	123	212	show
1368515076038	126	401	405	click
1373054377298	121	156	345	show
1369308017046	96	770	411	show
1370102903634	41	989	42	show
1372460875775	115	238	174	show
1370798491269	4	82	198	click
1366645140761	99	744	133	show
1367445578095	48	196	389	click
1367676271840	117	147	479	show
1366348307972	97	911	2	click
1367195081644	103	972	481	show
1373573297655	28	271	319	click
1372296474701	45	53	13	show
1370145947324	149	681	204	click
1370299595884	49	280	371	click
1370528217550	38	862	50	click
1369608777472	5	362	495	show
1373757962690	85	197	419	click
1374143227957	112	990	172	click
1368214978413	100	306	334	click
1368273089865	91	985	144	show
1367208219507	135	980	288	show
1370796528003	147	604	349	click
1370910577876	61	364	311	show
1368914557818	120	217	425	click
1373201414471	17	428	139	show
1369768876950	69	501	185	click
1371113288385	57	935	202	show
1368829430088	13	549	380	click
1369909138827	63	79	21	show
1373999988866	80	805	27	click
1370130280926	39	461	187	show
1370499755044	140	725	286	show
1369760496326	92	216	480	click
1368594076698	124	561	212	show
1370551549961	99	748	460	show
1372352784349	13	286	345	click
1370930836977	149	222	293	show
1370872448641	85	267	264	show
1373834835300	135	317	141	show
1368545119491	1	374	465	show
1371715529902	47	540	137	show
1367881099631	132	556	190	click
1368831838586	11	33	370	show
1372119989441	38	801	492	click
1372910452260	81	179	461	click
1372048903195	130	720	253	click
1371138934254	106	747	418	click
1373056068393	127	16	405	click
1368681662539	20	592	236	show
1372548371018	82	118	356	show
1372444037095	122	572	44	click
1371083402533	147	301	228	show
1367383925867	23	146	214	click
1374149608510	124	361	446	click
1372683001291	86	258	226	click
1369390905331	56	311	319	click
1369332481236	109	435	242	click
1371465853682	58	927	375	show
1370720871401	56	137	125	click
1371644506798	117	386	129	click
1370031300238	77	695	332	show
1367640541467	15	211	319	show
1369881530284	97	541	91	show
1369716760598	69	839	87	click
1366615584735	127	327	194	click
1371242771553	139	15	374	click
1373802635541	55	886	453	click
1367512588273	103	98	318	click
1368977442074	102	93	113	click
1371706423217	145	916	434	show
1369572970601	70	272	299	show
1373875391116	6	619	99	click
1372491599714	20	37	23	show
1373315923526	69	804	87	show
1369853499965	26	737	341	show
1371912862261	100	245	309	click
1368125225825	93	869	268	show
1371939180610	115	465	100	click
1367636855933	27	635	465	click
1371722582247	8	604	483	click
1371446751009	42	815	459	click
1368272458279	134	889	334	click
1372216152406	106	810	55	show
1373256958366	80	801	240	show
1367835052471	93	709	113	show
1373948158848	112	164	452	show
1370859132920	6	268	401	show
1374103003055	58	319	394	click
1369302384776	117	229	27	show
1371456244513	82	377	485	click
1367386297339	121	483	356	click
1366944759788	72	571	427	show
1368804384373	27	227	151	click
1371186787275	16	666	51	show
1366693611394	110	894	416	show
1367745249066	21	101	104	click
1370097894759	12	801	204	show
1373439543403	65	756	311	show
1367698967702	16	499	302	click
1368020776369	28	3	140	click
1371706219840	20	57	326	click
1367763000894	80	660	171	click
1368672753176	43	646	486	click
1370447454577	108	873	260	show
1371904820715	17	804	134	show
1369562815150	110	174	267	show
1367752473149	44	363	175	show
1371317347964	120	730	355	click
1373982190173	98	182	360	show
1368994859166	60	105	383	show
1372665217854	5	805	265	click
1371682832450	150	107	497	show
1371294110500	106	369	203	show
1367096554234	140	179	228	click
1369153259608	124	480	348	click
1373061491216	28	491	449	show
1371437411163	140	479	216	show
1373063760352	130	975	243	click
1372182575060	128	369	494	click
1368922702283	98	288	118	click
1366723416922	59	995	93	click
1370194581821	72	672	357	click
1373527197386	139	406	323	show
1367443203255	77	372	302	show
1373519138183	96	594	257	show
1373013485867	96	194	224	click
1368811608282	15	207	486	click
1369556307375	116	872	15	click
1370726669540	114	694	125	show
1366886508563	75	613	452	show
1367470529293	133	574	35	show
1373817169500	121	802	309	click
1373115435764	72	254	384	click
1366744510518	129	738	31	show
1370848352064	115	143	334	click
1370701322373	69	204	87	click
1372433759526	124	844	481	click
1374084928022	3	256	360	click
1369635601337	1	606	481	click
1368464217212	45	376	231	show
1372432798142	99	953	39	click
1367822824403	85	329	69	click
1370382412903	26	72	104	show
1366796711441	105	816	256	show
1372701585448	90	591	209	click
1367290080757	16	974	276	show
1369500213442	37	200	139	click
1370533982619	117	631	59	click
1367845479743	27	710	6	show
1372895769040	122	856	60	click
1368838426076	63	342	261	click
1373978717653	134	738	84	click
1367395636350	93	313	424	click
1372826252932	3	443	400	show
1367354551872	142	626	374	click
1370983316326	127	181	206	show
1372866160201	60	36	136	click
1368720732841	15	399	212	show
1368652469930	68	432	310	click
1367324663113	88	351	20	show
1372011102482	8	900	469	show
1373693834216	117	806	332	click
1372044518394	103	175	448	show
1370660506868	68	557	68	click
1366831748720	137	242	381	click
1371733980718	68	11	104	click
1373903871506	7	853	313	show
1373622036636	18	286	278	show
1372219002294	41	408	193	show
1370356347450	26	381	326	click
1367444420546	148	28	267	show
1370213677163	70	334	320	show
1372726298851	87	957	306	click
1367957151011	58	717	402	click
1366365399797	37	535	391	click
1371714916249	1	520	90	show
1373996430082	77	869	120	show
1372370549702	142	198	137	show
1367088124528	42	97	109	show
1367934991860	117	608	73	click
1371375240696	7	798	348	click
1374140421464	71	774	389	show
1371744585658	144	136	42	click
1370276725930	118	917	394	show
1371742748795	38	908	124	show
1372301363929	48	345	27	show
1373449394812	131	795	41	click
1373128137923	84	147	95	click
1366819813539	92	381	267	show
1373174393981	57	881	321	show
1370150048428	41	442	146	click
1370013465672	55	914	354	show
1371786602391	145	232	427	show
1369590753237	23	304	456	click
1366779924568	77	655	334	click
1366541658146	65	542	374	show
1372860919269	15	794	314	show
1372517023284	85	33	294	show
1368420763598	103	371	271	click
1369206111968	148	397	223	click
1367779905569	65	353	137	click
1370992584741	79	47	421	click
1367730085438	70	10	331	click
1368486968273	39	850	264	show
1368925563968	63	233	385	show
1366592383723	102	830	423	click
1369516633963	45	478	488	show
1369117866510	117	167	31	show
1367978333688	50	427	219	show
1366706045977	5	454	9	show
1372672514835	71	837	416	click
1367350641723	94	73	98	show
1372690658161	7	610	156	show
1367658014873	40	561	113	click
1369461342612	37	622	444	show
1367986793125	57	635	283	show
1372947579106	83	382	326	click
1372747344578	46	437	124	click
1371336031244	133	384	125	click
1367325526192	4	108	180	click
1372387320364	85	699	447	click
1373486318229	149	932	111	click
1366884136470	138	442	498	show
1366446516068	17	717	213	click
1368454838765	137	709	256	click
1367497574837	37	990	325	show
1367853993491	141	104	350	show
1371548321957	5	883	225	show
1371976256253	60	697	187	click
1374159009607	89	641	63	click
1369447203434	55	615	206	click
1373429886127	9	643	437	click
1370704673438	110	298	494	click
1373473040096	103	452	229	click
1370163269968	23	101	80	click
1373198387278	108	775	485	click
1368680436604	102	933	108	show
1372706913055	134	477	338	show
1368205047878	96	790	96	click
1367276122244	81	437	158	show
1373148249897	88	235	81	click
1373053435604	41	931	433	show
1366967631681	86	57	25	show
1368065613731	24	495	226	show
1370843288534	135	857	27	click
1367343338195	108	358	393	show
1371483998976	131	565	82	show
1373551186065	5	66	214	click
1368487239527	58	476	465	show
1372423867132	38	278	238	click
1368168992403	138	670	117	click
1373949560085	141	924	374	click
1373856046682	119	824	135	click
1372391508892	138	66	494	show
1373057996721	91	685	47	click
1374091885481	139	870	329	show
1367851375011	27	5	213	show
1372076720006	142	293	68	show
1370134471532	149	435	54	show
1371657110844	135	622	265	click
1366830201249	98	993	264	click
1370105586515	2	962	92	show
1366460255526	142	759	486	show
1367031319193	12	774	113	click
1366559699329	4	755	170	show
1369801389600	90	303	87	click
1368443324917	47	425	258	show
1372739283682	64	481	308	click
1369806484635	118	564	303	show
1366786174877	39	873	172	show
1372004299592	73	644	45	click
1367429115073	33	435	110	show
1366766164812	94	68	306	click
1371191909163	18	863	387	show
1368687678336	7	413	270	show
1370331051303	131	434	378	click
1368244219449	56	878	283	show
1371123882555	144	553	147	click
1366715150130	17	730	24	click
1370299364478	14	366	196	show
1367004050783	140	368	64	click
1367479156077	102	94	104	click
1373103095898	7	50	311	click
1374066242881	111	323	366	show
1370566731298	6	168	289	click
1372662115401	81	281	133	show
1372042703474	17	751	341	show
1369573258667	104	53	359	show
1373864080707	36	812	349	click
1366761595706	6	983	67	show
1366784347560	119	389	438	click
1373777493585	58	853	484	show
1368663747435	29	320	465	show
1368547117661	18	40	116	click
1373379741480	110	824	240	click
1370236537793	86	106	112	show
1366915780297	150	990	264	click
1366658097850	119	1000	477	click
1370212102627	36	74	316	show
1369763979802	53	65	379	show
1373683567856	134	793	238	click
1366654204489	22	188	444	click
1372751529368	95	454	372	show
1373139741264	75	877	61	show
1373649230842	17	564	135	click
1372483458812	92	218	135	click
1372587008365	41	536	241	click
1369049187194	105	611	436	show
1373008063770	47	238	120	show
1368500910985	84	408	451	click
1369859127623	129	172	387	show
1368063479581	76	998	125	click
1369860153895	48	162	109	click
1373377727081	142	579	112	show
1366833950486	30	748	200	show
1369400520161	84	811	332	show
1366590509426	135	109	351	show
1370414184803	137	959	494	show
1371960206070	44	809	344	show
1366726136451	83	313	369	show
1372550155085	15	659	117	show
1367084034795	88	710	193	show
1368076332703	85	411	179	click
1370150725461	68	429	10	click
1369897256227	57	543	296	show
1369012060193	62	855	406	click
1368217252874	69	60	312	show
1372226323597	2	94	362	show
1370709730572	142	986	312	click
1368233662870	63	802	427	click
1371369923188	88	767	431	show
1370057978992	111	78	366	click
1372560834239	58	344	138	click
1370996426276	73	405	487	click
1368639707102	97	128	231	click
1369201902840	45	528	49	show
1370423860561	143	212	297	click
1369786970804	101	994	358	click
1368240518254	1	246	409	show
1371673282077	97	91	341	click
1368113076077	138	728	186	show
1367409414022	141	325	321	show
1372912750524	131	837	238	show
1374023169293	92	783	193	click
1367760315166	81	115	187	click
1371172464293	6	846	17	click
1371953269115	127	835	404	show
1368237309767	11	951	406	click
1372394990347	149	609	484	show
1369959493023	90	930	424	click
1371096108482	71	242	176	show
1374158763951	20	120	297	click
1370386548391	23	474	22	click
1369164277614	73	900	315	click
1373948359752	149	357	80	show
1373583775475	108	685	206	click
1373703798981	70	951	70	click
1374027853060	53	210	56	click
1372633526959	17	700	63	click
1370669708542	75	788	134	show
1372677583080	4	693	363	show
1371038478724	60	144	369	click
1373643676344	109	921	127	click
1373367491666	46	820	435	show
1371454596789	7	987	449	click
1368079101570	93	556	262	click
1373446794043	129	890	112	show
1368093832968	85	96	386	show
1370729242792	131	922	18	show
1372064667577	141	938	119	show
1372603505449	140	225	182	click
1371079074045	114	817	17	click
1370744657478	150	615	128	show
1373354581272	141	465	56	show
1373103528613	61	340	377	click
1369112585047	18	144	33	click
1372098256861	56	506	201	show
1374163166402	3	875	169	show
1370792351255	31	596	360	show
1366819585262	12	85	154	show
1374196416627	133	707	287	show
1366626284798	148	399	72	click
1368841405515	20	945	282	click
1367092184211	35	63	418	show
1373779665609	80	246	213	show
1370286624625	30	643	494	show
1372859474699	32	693	141	click
1366459801935	105	940	263	click
1372014258708	50	966	23	show
1372787354107	34	154	426	show
1374184794360	9	656	315	show
1368464318914	22	324	377	show
1371082235823	15	657	56	show
1368957554384	38	132	104	click
1369099011455	150	702	45	click
1366595220535	5	78	165	click
1372017138932	136	109	150	show
1370324003436	105	667	419	show
1373873543165	135	427	71	click
1371136496655	97	191	401	click
1367477980161	48	750	434	show
1366747792472	22	826	141	show
1369339080234	2	948	494	click
1366381928633	129	6	497	click
1368595282006	121	907	298	show
1368871399690	11	672	481	click
1370939366210	26	518	209	show
1366795238246	8	380	301	click
1371268889497	125	104	33	show
1370266821070	20	572	64	click
1368041854247	50	98	464	show
1372827422878	10	122	269	click
1368860065132	82	944	469	click
1370471638918	116	53	452	show
1372476497490	49	367	493	click
1366715140700	129	189	328	show
1373158362470	103	34	302	show
1373139312558	16	12	414	click
1371979972464	86	499	429	click
1369936229878	52	268	18	click
1370669409546	49	80	67	click
1371739893661	33	521	35	click
1373161192819	79	31	420	show
1373643000169	69	919	236	click
1367333051391	33	607	17	click
1372282085177	26	79	421	click
1373096542335	22	890	140	click
1368726614202	69	495	319	show
1369219554268	142	838	347	click
1373972569423	85	740	30	click
1373541792550	10	823	63	show
1371217566425	71	257	244	show
1369773954467	1	420	491	click
1370937390750	120	243	263	show
1372979191807	105	947	10	click
1371564025720	92	592	256	click
1370394766910	1	222	81	show
1372750284040	103	606	158	click
1369760543094	132	182	232	click
1368763501143	146	279	364	show
1372623941559	78	428	310	show
1372486568244	16	214	429	click
1371245035695	91	35	409	click
1367963176391	9	293	392	click
1366683378298	13	89	354	click
1370885112449	30	389	111	show
1370215631925	59	149	428	click
1370887141981	42	154	278	show
1372355394786	80	240	334	show
1373316063159	32	394	452	click
1368729096375	82	211	105	show
1374025806869	144	554	158	click
1373569084148	142	523	59	click
1367161606255	29	412	469	click
1366784393494	77	991	42	show
1372509358573	117	306	195	click
1369771554096	114	539	210	click
1369024807587	14	930	95	click
1373316422570	148	424	151	show
1368923382697	121	614	257	click
1371975026074	122	782	147	click
1372547617114	122	175	438	show
1372436409499	69	635	38	show
1366645306651	66	193	70	click
1366508265920	119	319	475	show
1369296875113	135	638	471	click
1372069145606	79	201	405	click
1370299217960	5	774	264	show
1370355017863	54	943	84	click
1369373402363	28	938	181	click
1373463094954	55	317	17	click
1372736906470	84	267	168	show
1371117360380	107	195	154	show
1371203086779	79	920	177	click
1369401546462	35	97	11	show
1369182993249	107	220	357	click
1370948176700	81	744	447	show
1373437047040	43	879	351	click
1372390104493	51	406	269	show
1367705494745	63	91	259	show
1372014991656	30	237	7	click
1368086470885	127	887	100	click
1369877076303	25	860	365	show
1369268508117	47	787	194	show
1371145672424	22	80	210	click
1370315494138	51	257	216	click
1369731063960	139	718	373	click
1372651928038	11	846	208	click
1369418763978	74	659	143	show
1367002567528	141	331	68	click
1367855459515	79	635	252	show
1371932793440	69	677	326	show
1373460679148	22	843	372	show
1373848495377	53	885	431	click
1367731220156	39	504	51	show
1370630965641	111	642	22	click
1367772640866	37	207	450	click
1372052247087	35	147	385	click
1367448400238	74	500	254	show
1370760207701	108	833	357	click
1371903398258	78	324	450	click
1373347602868	110	383	196	click
1370069939572	130	977	159	show
1371072189469	60	563	241	show
1371081547734	21	459	457	click
1372799939658	42	388	24	show
1368880529769	100	515	2	click
1367399478601	50	280	268	show
1371259895248	124	392	143	show
1370022353138	84	242	180	show
1371616519631	39	541	42	show
1369763549843	104	452	234	show
1368505218268	23	730	185	show
1373657850983	27	803	267	show
1372336809284	48	140	471	show
1371999767023	42	427	301	show
1370527741822	21	930	308	show
1368454255456	101	418	17	show
1369727240958	88	32	324	click
1373524792069	81	428	13	click
1372163160533	26	937	96	show
1372142787660	6	676	17	click
1371415239412	39	808	290	show
1373120385840	80	263	172	show
1370866563909	50	244	295	click
1369647682456	118	659	494	click
1368624125130	64	661	344	show
1371951077174	121	250	190	show
1369695774709	55	169	249	click
1370861468199	138	295	455	click
1367296947598	56	317	108	click
1369509844485	42	93	123	click
1370120454894	68	29	402	click
1370154011497	147	547	48	show
1370302140851	18	202	74	show
1368260427574	71	657	207	show
1371534597287	111	396	154	show
1372894979286	134	472	310	show
1368865589218	59	38	225	show
1373433450420	51	577	491	click
1367550183795	6	358	370	show
1374013797238	95	382	405	show
1371788776760	100	518	55	show
1371083626574	104	729	216	show
1368081414408	45	259	376	show
1368246554886	92	504	341	show
1367221349200	9	641	421	click
1366701707658	107	580	358	show
1367398013399	85	42	354	click
1367942675030	31	772	124	click
1370572334341	9	259	23	click
1369472440723	52	229	480	show
1367266943111	100	477	117	click
1374077825902	110	646	26	show
1370462017730	133	890	46	show
1373662962731	97	573	422	show
1367286080594	65	38	394	click
1368868708186	39	544	212	click
1369735207035	54	656	390	show
1368377668867	77	347	482	show
1374006756514	47	782	438	click
1368312071284	106	612	232	show
1371119962231	74	80	271	click
1371797382555	12	148	75	show
1368421741902	72	508	158	show
1367228505999	5	968	125	show
1368342896986	82	332	136	show
1371341877761	18	671	283	show
1367356311056	58	975	15	show
1373058807124	3	558	126	click
1373053488503	69	478	453	show
1373256827259	102	191	216	click
1374201765715	31	527	286	show
1368438189729	88	323	45	click
1372495917158	73	468	337	click
1373228728303	132	126	114	click
1366846429232	73	480	497	show
1373974567940	14	307	330	click
1372561096233	44	533	246	show
1367747389361	16	158	24	click
1372277550538	67	429	195	show
1372517636755	30	372	370	click
1373428919231	75	884	55	show
1370356967604	112	192	286	show
1367536175731	30	540	216	show
1371350143315	105	711	31	show
1372806522291	20	22	162	show
1367857645733	110	307	379	click
1369565488689	95	585	118	click
1369191121639	55	621	46	show
1368111138538	20	159	23	show
1370028259751	4	65	326	show
1367025884852	57	485	43	show
1366965333261	120	687	443	click
1369556682824	129	879	272	show
1370674890342	24	529	85	click
1369882501038	147	731	88	click
1366853327465	145	57	48	show
1370786647891	115	244	391	show
1370397410175	3	371	345	click
1366439550203	51	553	440	show
1370197426044	90	620	243	show
1367120126713	86	969	32	show
1370990765021	87	386	464	show
1372410323466	89	13	200	click
1369736202364	78	88	354	click
1373684191877	101	298	143	show
1373368645259	107	428	183	click
1371101869889	92	7	19	show
1367408287356	83	609	355	show
1373840101404	56	267	100	show
1370319557915	60	594	463	click
1366417478095	77	207	55	click
1371923394572	94	277	131	click
1366664637684	148	911	403	show
1371307474235	80	629	173	show
1373900747069	17	367	47	show
1371495423095	1	737	481	click
1368518658395	111	25	111	show
1373586823567	37	874	292	click
1368525626376	127	940	347	show
1367313770231	33	870	31	click
1371709444311	134	234	358	show
1367638962486	41	60	326	show
1372418187938	58	235	348	show
1369603894254	70	658	219	show
1367451184147	40	97	321	click
1368213392943	149	854	252	show
1369299816263	32	263	239	show
1372949901853	25	321	152	click
1373279800119	89	248	332	show
1370677630824	134	555	320	show
1367808739429	108	108	455	click
1367315669371	39	282	1	click
1367141510155	7	901	495	click
1371134308884	108	350	183	show
1366533283894	91	130	387	show
1369246288313	106	764	93	click
1374187278794	22	136	298	click
1371912436372	122	667	137	show
1366603186687	28	703	89	show
1366934300553	133	67	332	show
1369820124253	61	156	162	click
1369866661194	17	110	341	click
1372668376550	14	803	396	show
1372582749074	93	965	18	click
1368117404052	46	626	473	click
1366810207649	135	616	345	show
1373661475781	11	963	34	click
1368544461729	116	696	296	show
1372320484778	149	397	475	show
1373718261321	63	240	257	show
1371554477106	93	655	55	show
1369228822281	28	816	126	click
1369281073529	11	932	310	show
1370541130324	142	819	130	show
1373819143344	109	791	393	show
1373521586533	61	351	189	click
1370320907491	61	931	353	show
1370037183363	65	387	352	click
1367855478410	30	234	179	click
1370968793397	40	888	176	show
1367021305576	60	688	103	show
1367194152036	3	888	256	show
1372179029215	29	142	133	click
1370110490389	145	434	56	show
1370932713292	112	679	278	show
1371697717560	89	749	292	show
1370171347099	74	276	204	show
1367166328945	77	980	170	show
1372314269393	64	468	13	click
1372953102603	44	448	149	show
1369433290003	87	302	267	click
1374179458989	1	564	103	show
1373794013136	59	15	48	show
1368419830220	15	423	24	show
1371193765041	52	914	243	show
1373240408306	56	35	417	click
1368146502540	49	815	183	show
1370780314141	50	191	309	click
1369680046084	4	812	245	click
1372860363969	102	882	479	show
1369861579938	10	443	408	show
1369176610965	78	641	219	show
1369776042141	26	670	383	show
1371313026529	118	235	129	click
1369073463866	8	73	11	show
1372923589654	138	412	261	show
1368939364553	54	963	431	show
1374139248521	88	408	300	click
1371816148875	104	412	329	show
1372065435215	15	953	430	click
1373919255517	145	615	99	click
1368363041132	120	146	148	show
1369741321902	104	636	319	show
1369893574950	83	591	496	click
1369841491197	144	730	266	click
1373691332134	32	926	366	show
1369452242591	26	730	95	show
1368349221780	91	451	422	click
1367529347235	106	128	467	show
1367307039122	114	217	313	click
1371932285133	55	864	121	show
1369222660474	143	21	65	click
1367759811921	142	604	319	show
1367831870868	11	496	239	click
1373106342478	64	476	466	show
1368559257587	138	228	456	click
1373305145211	2	680	137	show
1373343407765	24	516	409	click
1373014013967	140	489	49	show
1372314826655	82	227	42	click
1366738877089	17	901	349	show
1370771180176	10	669	397	show
1367268910621	103	459	474	click
1369811510304	77	730	101	show
1366492929408	27	476	214	show
1369376661403	12	918	398	show
1370659150652	26	537	425	show
1373023589286	6	812	146	click
1367676576487	147	121	136	show
1371544030550	124	732	332	show
1367204928539	33	611	201	show
1369399719941	135	347	107	click
1373487540660	113	30	141	click
1370190626829	135	139	437	click
1372221445955	45	187	432	click
1369304484144	58	532	361	show
1367884234282	75	841	98	click
1372301765278	99	433	448	show
1370212329391	48	110	270	show
1367384325370	9	469	162	click
1373312354351	44	571	391	click
1373462940790	85	444	336	show
1373568428241	57	797	312	click
1371277219122	31	476	493	click
1367760374191	56	602	397	click
1370908076004	84	510	366	show
1372705594658	26	844	448	show
1371263891039	137	536	334	show
1366619236717	85	310	170	click
1368943772908	111	279	265	show
1369422878759	126	399	411	show
1371881690414	93	361	231	click
1370354809211	137	948	162	show
1370422855122	98	321	214	show
1369469123574	16	338	280	click
1373433170806	139	186	476	click
1366469972588	83	397	364	click
1374004773957	27	748	60	click
1367612052113	68	391	1	click
1369376960581	33	761	110	show
1367048678951	150	453	354	click
1369436313233	71	987	360	show
1373102078305	87	132	376	click
1366605963705	6	894	363	show
1367788341085	136	916	293	click
1371623005843	84	291	179	show
1372621035572	115	390	292	click
1368127542700	100	437	31	click
1368187627939	85	834	39	click
1371542013718	87	907	424	show
1369864005893	61	25	162	click
1371542629516	81	635	2	show
1373808173536	5	984	213	click
1373633544724	42	340	252	click
1371410914558	52	570	151	click
1373009142720	94	559	16	click
1372228616214	56	49	117	click
1368156735916	121	780	79	show
1368883787956	22	982	458	click
1372753867087	60	538	196	show
1370463511072	69	58	113	click
1367995671991	140	254	93	show
1371849844284	18	487	43	show
1370264852039	46	278	187	click
1371369085438	11	155	438	show
1368819704989	23	569	465	click
1367935633405	3	968	418	show
1368847811629	137	498	252	show
1371887916129	9	467	450	click
1372190832333	80	725	492	click
1373861840278	90	69	102	click
1372260041041	132	798	204	click
1367493906746	90	430	432	show
1368389029622	119	822	320	show
1372200053863	17	691	235	show
1369697528193	11	375	5	show
1372375223914	75	929	354	click
1373997215306	24	189	238	show
1372519623850	21	978	452	show
1370930443934	19	604	83	click
1370587995698	94	750	460	show
1370393824441	146	709	148	show
1370416589799	135	472	54	show
1369434482614	38	328	200	click
1368855087976	129	24	214	click
1372887119647	99	717	221	show
1372751044769	127	375	151	click
1372803169641	146	846	474	click
1371776428934	9	473	150	click
1369581957959	117	656	99	show
1368270755722	76	851	287	click
1370929429550	35	1000	376	show
1370965844872	120	524	46	click
1369739741952	101	159	150	show
1373565531572	86	564	36	show
1371157379412	132	904	72	show
1371905407032	86	653	239	show
1372795243778	29	432	398	show
1371549215495	57	254	398	click
1366503186894	125	348	338	show
1372217806064	80	667	304	click
1370798659171	43	208	492	click
1370421828938	134	771	111	show
1372041844951	99	475	35	show
1368604910512	115	954	476	click
1372091132294	84	20	263	click
1366351340861	22	381	250	click
1369236930156	142	1	3	click
1368636793907	33	292	357	click
1372723493120	120	504	145	show
1366637055406	102	382	136	show
1371075996443	22	316	56	click
1368323994832	70	88	307	show
1370363679174	42	115	429	show
1372859311632	70	497	362	show
1374117922003	148	323	395	click
1367115875464	130	201	111	show
1367279947467	57	514	313	click
1368021470385	85	913	398	show
1369421017341	94	923	309	click
1372738817408	55	345	104	show
1372831707439	141	368	259	click
1367945103137	140	653	3	show
1373704241453	120	523	269	click
1370673039428	58	261	237	click
1373374820423	55	624	204	click
1366443686681	103	967	16	show
1366514286041	48	52	125	show
1368815002111	142	905	337	show
1371005472579	40	147	279	show
1367302484337	53	767	76	show
1373594478114	31	647	409	click
1368854560394	104	63	453	click
1369637869716	81	955	59	show
1373564102850	145	757	352	show
1369597946821	107	416	68	show
1371773060492	105	698	113	show
1372910658717	18	901	111	click
1370326210119	86	866	100	show
1369511184993	147	918	469	click
1371706914940	117	286	193	show
1370115523781	23	950	366	show
1366585290579	5	620	13	show
1366717775814	114	669	234	show
1372015171906	7	618	464	click
1369372121508	81	823	270	click
1371432123614	139	896	294	click
1372931403841	42	290	466	show
1368169474021	95	926	388	show
1366559658498	83	277	98	show
1369378706487	21	210	125	show
1371874648766	55	195	272	show
1371749968279	131	860	1	click
1370252518043	130	569	3	show
1372718745139	11	266	119	click
1373517917388	69	634	29	click
1367722141618	94	522	29	show
1371519512571	90	833	444	show
1372540824659	55	413	422	click
1366763877819	68	352	373	click
1368584308552	10	902	305	show
1368219993445	52	292	214	click
1370558436778	10	888	352	click
1368934919961	34	812	239	show
1371056960045	48	782	128	click
1371342281904	62	778	278	click
1371045445427	63	773	20	click
1366960584465	68	830	32	click
1370270242895	82	894	32	show
1372876471009	108	418	372	click
1369857329390	13	152	465	click
1369577537231	60	625	364	show
1367700909329	18	533	464	show
1367813885338	117	486	385	show
1373655583292	95	529	133	click
1368506405957	20	380	283	show
1373046658200	128	905	496	click
1367263543882	41	273	25	click
1371351221670	15	820	296	click
1368362013287	137	594	48	click
1370287778614	119	461	98	show
1369974908034	20	957	221	show
1368409086722	128	524	282	show
1372659975581	127	716	467	show
1367967624418	23	322	268	click
1369182365555	100	19	72	click
1373114646662	24	897	371	show
1367214295923	51	347	167	show
1368659343012	93	949	159	show
1368206311029	41	318	233	click
1370490090927	92	911	286	click
1369668274258	26	477	436	click
1373641701200	73	824	474	show
1372064420705	41	630	165	click
1373053686914	67	312	442	click
1373467963313	75	36	246	show
1372415002133	58	238	252	click
1368917771007	101	575	305	show
1370918021269	99	190	298	click
1368627593469	45	985	131	show
1373977147261	105	130	135	click
1371039592483	87	107	226	click
1366769375938	142	876	418	show
1371655071839	23	891	258	click
1367253991992	75	884	470	show
1373992384591	61	582	416	click
1370534643229	97	447	176	click
1374055165002	25	537	164	show
1367596285003	27	78	345	click
1372520672461	92	556	197	click
1366634508384	10	336	343	show
1371573243082	101	463	65	click
1370635725746	144	414	24	click
1369121619440	123	994	229	click
1373199608028	74	921	312	show
1371954141093	38	826	25	show
1368180630896	91	663	325	click
1371596153889	78	314	105	show
1368891499739	139	418	96	show
1369665959888	48	883	498	click
1373862940583	65	624	349	click
1372354955372	17	671	167	click
1370350488231	20	461	429	click
1371848894809	47	819	190	show
1368958121705	33	761	111	click
1366883925192	135	333	308	show
1372562634883	97	558	485	show
1370524180465	64	548	138	show
1371706218198	107	627	85	show
1366924289857	70	77	319	click
1373131143325	129	208	323	click
1369373796733	138	743	199	click
1369112773671	12	6	330	show
1371117786076	64	586	467	click
1373858553145	85	485	93	click
1372443039630	91	642	258	show
1373024681212	82	508	281	show
1370459753638	113	848	84	show
1371062749796	27	299	265	show
1373689109882	139	709	8	click
1373209749207	52	196	120	show
1367574669103	50	957	465	show
1367012056705	146	1000	104	show
1370866425719	45	820	192	show
1372368241178	71	858	349	click
1372637315380	62	692	457	click
1366765552904	81	785	192	click
1368679926423	144	405	425	show
1368725252136	123	310	64	click
1373269056546	56	175	425	show
1371174721322	20	588	96	click
1372435125114	96	535	111	show
1369446628775	107	665	309	show
1369582529142	52	25	201	click
1369099892178	54	35	12	show
1372292206210	76	44	90	click
1371703279082	148	563	402	show
1366543788624	84	258	5	show
1373407344345	128	636	172	show
1367947602570	10	897	396	click
1372601604547	54	8	280	click
1372170987787	102	264	135	show
1367585729808	9	510	291	click
1371878925610	72	70	212	click
1369651900543	2	233	435	click
1372806091473	70	414	9	show
1370858308219	124	627	103	click
1367968330892	138	385	235	show
1368009452216	126	984	325	click
1368852343806	80	476	128	click
1366843153479	145	775	185	click
1372905978668	150	691	93	click
1370126061351	98	873	208	show
1366490643667	52	368	438	show
1371954136302	64	406	131	click
1372847712632	37	809	7	click
1372820199754	28	533	43	show
1368682499584	123	4	12	click
1372806728208	61	437	448	show
1369391264207	109	13	312	click
1369856882664	45	44	454	click
1372662720161	29	284	98	click
1370909966283	12	893	53	click
1371593454674	138	729	418	show
1369584260216	134	905	362	click
1372467410308	124	170	370	click
1371482357411	141	352	258	click
1367566669557	41	593	367	click
1373630468076	121	255	47	show
1372977406771	39	837	498	show
1373394148692	6	372	469	click
1368755699628	78	570	113	show
1371812693647	109	872	315	show
1369949664412	28	674	483	click
1370794748557	67	373	98	show
1369878024666	11	189	348	click
1368325938741	33	764	327	show
1366905855757	23	600	109	click
1367286046528	34	823	51	click
1373983523703	99	343	177	show
1369810708717	144	806	105	show
1372109100779	10	782	389	show
1373111964907	65	594	310	show
1372755456283	72	936	172	show
1368423280154	44	889	294	show
1371114886024	32	753	274	click
1370848140426	78	860	459	click
1370954174416	1	472	469	click
1372159108814	109	655	346	click
1368052482907	21	610	336	click
1368323315580	67	593	336	click
1374183145660	78	523	206	show
1369729017304	132	560	173	click
1369405508028	150	29	67	show
1372867079469	94	859	101	show
1367580718404	132	662	445	click
1370239006631	144	823	289	click
1368443086917	27	523	409	show
1370421913531	121	889	487	show
1369394426270	105	125	124	click
1368387799930	14	261	271	click
1367739538924	84	321	306	click
1368620850126	75	840	80	click
1367458719105	121	880	203	show
1367352940063	1	228	411	show
1368653530472	9	254	204	show
1368202593512	19	272	159	click
1370164376964	88	592	407	show
1371429486236	94	315	467	show
1367956185944	43	36	379	show
1373488844679	126	193	162	click
1372223553937	87	127	296	click
1368217093860	120	171	176	click
1366625662797	62	134	297	show
1373880046610	25	748	250	click
1373629013144	41	675	74	show
1369382728570	11	161	246	click
1369106684793	6	887	461	click
1371402656530	71	561	351	click
1369596694069	79	947	274	show
1366413493159	17	671	48	click
1371379515627	69	689	42	show
1373790521774	89	836	190	show
1369421061553	87	386	343	show
1368559850030	7	396	311	show
1370772298208	99	953	340	click
1370297859484	113	540	322	click
1368212129845	15	57	495	click
1370600516239	129	349	499	click
1373679552054	26	469	430	click
1371691195552	141	954	450	show
1372380150525	10	529	282	show
1373960555441	37	859	306	click
1372664233636	3	700	99	click
1366918401942	46	95	6	show
1373994207489	134	28	155	click
1371325111703	37	522	378	click
1373574987349	124	130	477	show
1369062655487	49	137	259	show
1369535171807	69	442	468	show
1371163019513	33	939	127	click
1369353000404	59	322	437	click
1367531322026	87	645	106	click
1367303673989	13	981	88	show
1367367592785	105	113	58	click
1372830301574	38	255	139	click
1372126113781	39	232	56	show
1373949921360	44	469	404	click
1371153205552	50	664	80	show
1368148760798	58	242	198	show
1374134382050	91	277	136	click
1368359857863	22	276	1	show
1370138981214	127	146	265	click
1368538890735	49	305	194	show
1374155828999	139	260	302	click
1367021369522	103	431	328	show
1368170676879	40	224	415	show
1372509646312	100	671	438	click
1371863028788	109	28	276	click
1368893259867	148	631	480	show
1372855005801	104	368	152	click
1369451828434	130	806	400	click
1371755220312	126	36	90	click
1367177007513	52	579	400	click
1367489647485	36	710	147	show
1369451852276	116	879	266	click
1367597682864	60	598	448	show
1368252621284	136	171	125	click
1371840083413	97	96	286	click
1372847765386	116	14	393	click
1367899550746	110	781	432	click
1367187692282	122	659	362	click
1366866878012	124	315	126	click
1366342545831	30	197	491	click
1368965219844	86	388	199	click
1368014624542	22	600	357	click
1370095026766	102	7	390	show
1372097750372	143	210	493	click
1371085209974	105	869	361	click
1366548056825	110	223	237	show
1373324086301	140	386	359	click
1368999513364	44	35	130	click
1366658672014	79	885	199	show
1366782578269	130	948	297	show
1373702294906	101	53	336	click
1369074377053	129	504	23	show
1367255660285	142	674	417	show
1371050260935	94	440	431	click
1373563688733	137	887	419	show
1367384518371	63	925	362	show
1369842888016	4	600	6	show
1368300104156	105	826	198	click
1373896818595	148	969	407	click
1374166293731	122	538	470	click
1374191265335	139	651	166	click
1370169377314	71	136	177	show
1373467215452	64	953	381	click
1370486077476	88	472	66	click
1367219843809	51	434	91	click
1367963173339	80	939	178	click
1373806297221	141	64	338	click
1368157787500	104	18	284	show
1371089976453	68	510	483	click
1371634641633	146	210	366	show
1368626349703	57	837	112	show
1373770984549	125	411	388	show
1372498142220	72	578	85	show
1373903739538	144	945	420	click
1367557532501	48	117	282	show
1372851720196	27	193	165	show
1373364858594	20	458	490	show
1373643033035	30	294	155	show
1372932873903	93	368	174	show
1374100750909	6	390	218	click
1368463776931	65	367	50	click
1368373762110	11	91	165	show
1368459868027	49	338	66	click
1369192340940	35	209	268	click
1373597742268	66	142	449	show
1374184327848	92	401	205	show
1373233410117	39	821	216	show
1371710465419	63	697	250	click
1371596658975	108	688	212	show
1370641466935	2	396	335	click
1368460863725	125	287	184	show
1368544758455	12	213	130	show
1368478047435	13	660	328	click
1369316741114	85	662	424	click
1372406549120	100	419	302	show
1368210143089	7	250	456	click
1372116549408	16	634	218	click
1369163494016	15	556	99	click
1372853919522	48	138	486	click
1367592382271	1	19	57	show
1369002658118	62	2	27	show
1367725798746	142	162	344	click
1370325286330	76	784	306	click
1373274793391	89	641	32	click
1370066473293	49	839	216	click
1372515368045	35	147	427	click
1370711539451	75	738	3	click
1367187822740	29	665	366	show
1373284676401	31	714	297	click
1370000619818	56	898	23	click
1369030271679	109	451	223	show
1370415613374	109	240	421	show
1371356613880	117	281	242	click
1370534113395	82	641	66	show
1366511674724	123	557	209	click
1368248405899	131	867	489	click
1369200387011	59	814	280	show
1373637852822	43	651	305	show
1368880561601	75	545	83	show
1366516384659	38	773	34	click
1371292405396	48	32	201	show
1371513600329	70	71	436	click
1371339718802	20	269	76	show
1372314487251	120	356	130	click
1369360187580	147	62	49	click
1367260792896	130	281	360	click
1369220172365	134	874	390	click
1370437503876	27	843	374	show
1368399883560	118	777	324	click
1369926031406	3	560	20	click
1372330331138	101	656	98	show
1367490986343	127	57	335	click
1367050653491	97	623	472	click
1373561847722	125	562	274	click
1371372738894	1	447	386	show
1371048201089	116	994	40	show
1373235019574	80	931	486	click
1370693470239	87	323	325	click
1367449786736	1	770	136	click
1369306045052	96	706	127	click
1373577639742	146	254	302	show
1369290524338	8	827	231	click
1370808005187	82	64	385	click
1374098800619	143	113	124	show
1369921005426	126	633	330	click
1366740293764	120	537	345	show
1373462610423	105	989	8	click
1373796885155	126	981	443	click
1373829664576	119	622	11	click
1373716478138	58	903	112	show
1369383604780	33	692	10	click
1373617125195	105	723	8	show
1370115298745	85	465	242	show
1370651508851	5	432	92	show
1368102813644	98	858	210	show
1373888593868	110	58	410	show
1369123423244	94	246	33	show
1372298212070	12	920	229	show
1367650721650	6	27	444	click
1372508101844	106	116	340	show
1373684507211	77	340	152	click
1369942739259	21	440	330	show
1370525650536	99	557	155	show
1373874138327	17	368	482	show
1371918494808	118	613	444	show
1368309302164	25	765	343	show
1368628627323	119	828	256	show
1366424314249	53	643	463	click
1372980487718	91	191	474	show
1367828154651	14	198	445	click
1371923785225	130	778	376	show
1367140430261	32	483	216	click
1373937186554	28	439	159	click
1368597821969	111	853	24	show
1368375848428	133	834	246	show
1368979628649	7	18	126	show
1373102563295	87	184	381	show
1372692430080	74	680	26	show
1369852134608	84	930	140	show
1367505776151	113	305	211	show
1372187114986	106	134	255	show
1368361024793	55	768	338	click
1369300719898	60	510	85	show
1372364353022	142	380	487	show
1374061881463	103	472	128	click
1369471672014	94	670	49	click
1368793315093	21	698	499	show
1370130120072	85	938	50	show
1371241034631	125	176	406	show
1371125907093	75	364	115	click
1370258170052	13	45	272	click
1368590206156	16	151	57	click
1369290406309	26	734	241	show
1371026814204	67	233	285	click
1367082009730	81	785	415	click
1368241325844	60	925	459	show
1369682339692	82	58	134	click
1367921977796	17	220	267	click
1370379099574	86	954	468	click
1369483426660	43	505	78	click
1371299565942	82	77	485	click
1368877847453	120	486	83	show
1368538755402	138	968	401	click
1368292103935	113	816	440	click
1372566831622	36	346	434	click
1366893638638	112	381	200	click
1373516121675	91	59	216	click
1368659326044	114	656	369	show
1366590403483	96	892	42	show
1374090727955	133	945	478	click
1367891319546	64	339	85	show
1372761160452	85	516	387	show
1372966898756	43	299	157	click
1373897685673	72	849	407	show
1371047404306	55	623	11	show
1371056839483	17	397	492	show
1369492897421	37	691	429	show
1370687466328	19	721	234	click
1373309926025	55	583	51	click
1371844733395	108	574	277	show
1373313811244	25	825	478	show
1371094849448	7	193	268	click
1371573056041	89	35	335	click
1373676904738	99	16	445	click
1372944061533	54	743	26	show
1373392654985	81	457	58	show
1368541353283	89	114	402	click
1368494534995	35	820	483	click
1371524331585	36	364	46	show
1368490249467	122	174	280	show
1366550552202	99	973	123	click
1372852810003	79	232	176	click
1370745441779	150	463	388	click
1370995983360	29	639	311	click
1372441026580	147	641	254	click
1371595112329	57	370	219	show
1371507315523	72	732	496	show
1367164208970	116	997	288	click
1373726210217	99	664	335	show
1370281083032	91	685	423	show
1370854946267	130	945	345	show
1368616896268	13	720	175	click
1367653223871	111	253	49	click
1373750508793	38	914	471	show
1369097969191	66	411	138	click
1366976185320	140	557	53	click
1367400828880	68	48	256	show
1368326931747	76	20	499	click
1366895059460	113	590	345	show
1367292144546	124	844	267	show
1372329730107	25	387	133	click
1368776570100	20	26	205	click
1369017240227	96	313	285	show
1369826717611	68	880	71	show
1372049177305	70	703	296	show
1367087843637	117	733	104	show
1371015963359	133	887	241	click
1368841084165	47	945	58	show
1373557502771	54	67	455	click
1369112819469	118	570	170	show
1370040026600	98	851	445	click
1369013605103	34	755	43	click
1372700959805	46	867	498	click
1369685611116	134	760	72	click
1368239615882	82	348	20	click
1372423997319	108	360	251	click
1373947745953	102	511	372	show
1366704483687	90	348	349	click
1369286649490	98	478	11	show
1367955460165	149	214	133	click
1369428254982	14	556	243	click
1367934581001	81	174	204	click
1366441652451	41	911	202	click
1367619008801	86	956	210	show
1367227040239	119	884	83	show
1371968909771	108	501	214	show
1373033399363	132	718	480	click
1367627479115	3	388	166	show
1372272466659	59	869	50	show
1372594661594	120	291	1	click
1374203933046	146	9	499	show
1370919049966	4	611	288	click
1367185485125	84	820	67	click
1371047045666	143	520	333	click
1372289196304	129	63	80	click
1372470195334	54	828	51	show
1373368855475	120	664	161	click
1370245994731	120	337	3	click
1366578292688	17	881	153	click
1369380739669	63	655	472	show
1372141555310	64	681	314	click
1374066062319	129	90	151	show
1373837702878	95	425	1	click
1371964124576	71	502	262	click
1368955573525	106	173	214	show
1371022074435	56	765	259	click
1372940043372	69	918	472	show
1373596645975	39	231	315	show
1368741740895	118	252	331	click
1369741280043	124	828	49	show
1367540227618	21	343	266	click
1367582872827	134	543	287	click
1371821271410	89	849	242	click
1367225853105	116	157	44	click
1371290229288	77	530	249	click
1374079712287	97	949	135	show
1367680661546	52	201	31	click
1369646087952	91	126	340	show
1370946070254	61	52	470	show
1367457344447	96	37	335	click
1372341638128	73	56	469	show
1369939190985	63	423	59	show
1367346755751	128	143	318	click
1370842015736	17	797	202	click
1373687345265	82	922	101	show
1372225434123	41	181	120	show
1367521831698	16	886	280	click
1368312989584	49	587	52	click
1371838893150	61	300	293	click
1367241277744	38	515	192	show
1370867981971	14	572	336	show
1368352877972	85	665	358	click
1370038901307	62	206	366	click
1366414115347	13	217	25	show
1366967970317	93	505	286	click
1369951861205	148	716	354	show
1372999212181	137	295	441	show
1373452098960	136	206	329	click
1373290615860	78	790	145	click
1369943632116	14	803	113	click
1370310880948	67	917	69	click
1373768065181	51	860	114	show
1373941034904	17	472	132	click
1369672140389	141	35	436	show
1366978865096	125	898	107	click
1373541958302	111	552	263	click
1370537287096	103	840	381	click
1373692626069	104	590	399	click
1368096737655	106	357	163	click
1373657819236	21	416	33	show
1368808760943	16	138	287	show
1368032093435	38	106	120	click
1370230334523	50	398	294	click
1371296092595	138	763	205	show
1368561998945	110	92	163	click
1372934504485	52	868	178	click
1368383604062	116	137	303	click
1371919785412	24	248	115	show
1371448488053	82	440	112	click
1371157581361	71	436	302	show
1374195671398	78	372	402	show
1373432531036	50	564	245	show
1367502034033	55	337	454	show
1370433925860	7	274	338	click
1369432225963	77	256	87	click
1371644478155	105	698	456	click
1373268358954	121	798	117	show
1372343571311	48	866	356	click
1366609505135	6	68	326	click
1366993757182	50	959	207	click
1369476287498	13	527	68	click
1372912421080	47	714	193	click
1371582101612	15	893	117	click
1368959645831	75	369	345	show
1371761291055	111	500	389	click
1368757732780	117	425	92	click
1368966922725	118	704	156	click
1370632498087	98	411	17	click
1372953033452	68	104	152	click
1373966202405	77	761	326	show
1369119976955	59	157	122	click
1367277575547	73	421	219	click
1372768194434	140	696	250	click
1372369074495	23	762	375	click
1369096848736	130	871	69	click
1372509505335	43	829	55	click
1368901636743	65	553	7	click
1371152242702	44	932	131	click
1370831409366	106	66	320	show
1373892145383	97	773	245	click
1367201060778	108	942	3	click
1371098212834	87	166	360	click
1371889007848	93	655	202	click
1367011901074	95	348	117	show
1372089310790	42	850	187	show
1366372615238	37	365	294	show
1373553879573	46	651	140	show
1371826187092	78	205	308	show
1371342299073	66	561	249	show
1371137331702	51	968	162	click
1371303251252	116	635	96	show
1372844497627	103	653	255	click
1368150000960	23	113	235	click
1366480828747	53	515	95	show
1373326972683	103	312	243	click
1370139027674	74	501	195	click
1369777415342	48	492	196	click
1371490128162	53	97	237	show
1369207092062	114	752	75	click
1369891341056	87	817	443	click
1369269473661	114	59	197	show
1369054728320	4	365	134	click
1366852866130	76	848	449	show
1366612652668	144	671	424	show
1366601958682	59	533	12	show
1371100514331	43	486	108	show
1369114150641	56	235	273	show
1370310628829	112	825	396	show
1372486492234	86	463	228	click
1371331893734	32	846	4	show
1370637185051	95	208	96	click
1369646372471	16	307	116	click
1370868788380	140	260	406	click
1366701834699	61	891	351	show
1370569065124	36	650	486	click
1371363147388	78	194	369	click
1369360692838	18	998	226	click
1372450457814	92	941	357	click
1374052305326	113	496	315	click
1367679254606	79	652	267	show
1369810753082	98	945	178	show
1373677517115	120	949	229	show
1372360722645	31	766	94	show
1368935714575	25	56	340	click
1370273171467	14	758	311	click
1372755373009	25	867	263	click
1367984892708	78	310	329	show
1369342575287	35	974	326	show
1372569377108	130	348	66	click
1367160056041	14	172	251	click
1369397895847	37	678	204	show
1367170569832	14	170	162	click
1370766404125	39	16	187	show
1366944956867	32	502	142	click
1372517599604	139	518	17	click
1369242300558	17	456	82	click
1369424407365	10	520	127	show
1372630575263	149	284	392	show
1366613943474	82	550	246	show
1368036735532	115	305	176	show
1369220484058	38	3	365	show
1373908188948	104	541	339	click
1373168881386	78	630	220	show
1367966639472	148	534	489	click
1367772007433	111	175	285	click
1367551942067	24	899	250	show
1369348813219	10	396	346	click
1367565873736	86	153	33	show
1367133072093	81	230	351	click
1366520671784	22	68	124	click
1372773543167	6	210	324	show
1371848270662	11	667	418	click
1372694133182	19	952	247	show
1370015169735	131	807	451	click
1370429102343	35	797	188	show
1366555154549	138	609	190	click
1369107261215	24	239	76	click
1367864721086	33	857	493	show
1374069126499	65	10	104	click
1372195388187	99	771	284	show
1369909810500	132	373	352	show
1370148300535	98	901	287	show
1367104147148	116	595	104	show
1367927087097	72	937	93	show
1371893122395	85	3	309	show
1371038328156	138	236	72	show
1367510860126	64	524	476	show
1371053122906	61	821	195	show
1372888944852	41	899	94	show
1370887423063	101	973	310	show
1367344211139	117	144	201	click
1368904810849	91	717	241	show
1368803440336	10	989	436	show
1368102226744	8	671	443	click
1372647441547	122	15	186	click
1371246376847	142	848	467	click
1373336729022	100	671	437	show
1373529233673	48	542	80	click
1372279696639	107	878	266	show
1373914458239	14	951	83	show
1370852974980	53	499	430	show
1367253914727	8	880	387	show
1367287599758	74	435	494	click
1374033515343	7	23	279	show
1373474575650	131	834	477	click
1369612717533	132	539	151	show
1368428371468	89	890	377	click
1370893954367	123	822	125	click
1374008463892	119	761	181	show
1367679428603	101	675	479	show
1372266881410	50	885	197	show
1369164745397	14	940	466	show
1371381042063	100	128	342	show
1370699427274	18	77	314	click
1373331276257	1	661	344	show
1367467078804	80	319	466	click
1367810237927	56	946	99	click
1368546496461	55	467	279	click
1367962649611	90	854	173	click
1366932508093	64	705	400	show
1368525537556	5	213	251	click
1370029395495	26	490	182	click
1367880309226	125	697	130	click
1373707651850	90	156	407	click
1371804180610	143	722	84	show
1373776766429	10	967	72	show
1370839588530	68	938	336	click
1372223873608	110	273	68	click
1370475757739	128	245	225	click
1368170249075	37	103	287	click
1369550655269	97	774	125	show
1366916258407	144	688	127	show
1372552269243	20	612	169	click
1366570733138	37	313	264	click
1368577702272	50	817	266	click
1368161089227	58	238	489	click
1366575449622	124	830	72	click
1371588378601	100	378	75	show
1366899112379	34	515	305	click
1369592246805	57	765	483	click
1372830140363	118	887	270	show
1366396869458	117	583	429	click
1373930545931	90	553	336	show
1367989108185	32	332	409	click
1368964731020	75	252	160	show
1372829544056	135	10	482	click
1369831437863	47	317	209	click
1367258781364	135	506	194	click
1370973726754	125	896	182	click
1371135618127	113	252	6	show
1373747546675	137	607	354	show
1372832354856	115	669	51	show
1368912348736	32	946	475	show
1369367001293	7	749	449	click
1367743333231	93	534	302	show
1372057048175	55	947	285	show
1369495799829	145	697	310	show
1369141511434	23	31	471	click
1368436576198	15	539	399	click
1369978100813	101	287	275	show
1367726610850	40	149	24	click
1368003096908	149	974	148	click
1368038458607	93	766	490	click
1369033601787	22	709	309	click
1372648530328	105	173	303	click
1371289040516	118	174	318	show
1366667707515	95	301	463	click
1369238177142	126	720	43	click
1367887713850	80	48	149	click
1369713143361	61	201	446	click
1369170442821	22	755	293	click
1366682244703	22	111	20	click
1371889706849	76	363	143	click
1369675035296	141	733	140	click
1371494800400	16	271	141	click
1372801055689	99	497	310	click
1369116416270	140	853	391	show
1368419658100	79	637	365	show
1373819606640	53	811	161	show
1366942806289	37	632	461	click
1371710080294	42	753	154	click
1372354552472	137	779	162	click
1366351020801	82	848	459	click
1369415997063	109	621	460	click
1369352104665	34	625	432	show
1373130445680	13	165	250	click
1374039017817	56	737	374	show
1370517568100	89	987	209	click
1368216894149	14	613	282	show
1368569998923	150	473	484	click
1370550916968	46	378	226	show
1373923130042	10	387	384	show
1368078659089	133	766	390	click
1370985561274	40	584	33	show
1367990827738	78	674	359	click
1367695943780	46	654	466	click
1372705151116	68	164	346	show
1367554876370	103	195	15	show
1373280893236	121	504	334	show
1370052461481	31	908	234	click
1369317874742	92	195	222	show
1369624441291	7	967	131	show
1369758506820	44	155	439	click
1366639375905	123	126	272	click
1370164545853	72	569	22	click
1369954556106	5	375	378	click
1370495220800	52	102	36	click
1366506831782	28	515	273	show
1367851490982	40	574	416	show
1369234193539	150	654	274	show
1371594979006	79	774	70	click
1373462210463	16	496	452	show
1373032394316	95	646	9	show
1368506139939	91	908	486	show
1373630472609	77	918	155	show
1368360749408	92	821	25	show
1367307939592	64	792	480	show
1368805230634	76	919	328	click
1374014903386	11	599	268	click
1370643743724	25	347	286	show
1370677018102	79	14	326	click
1366901694470	139	222	410	show
1370652571228	117	421	439	click
1370352460240	15	369	345	click
1371135194072	89	251	260	click
1373138548612	74	814	377	click
1368554192222	78	689	405	show
1370968083166	104	696	55	show
1370722232830	73	854	342	show
1374050782122	132	421	80	click
1370585128248	136	936	369	click
1370679258643	96	359	475	show
1368692748227	50	104	330	show
1371209310250	106	543	100	click
1371220577476	140	202	250	click
1367966281752	39	803	74	click
1366961765312	104	25	173	show
1371146272016	102	896	140	click
1371431774047	61	560	492	show
1366589056105	144	779	262	click
1369696834965	4	899	477	show
1369987643909	52	637	463	click
1368950954452	27	762	221	click
1367463040760	118	496	269	click
1373053361155	102	26	416	click
1373688896725	41	514	23	show
1371442058780	58	11	365	show
1372916073201	117	587	364	click
1366827262088	41	270	285	show
1368881078784	16	912	338	click
1373395476974	150	812	42	click
1374041716260	48	233	30	show
1370541841665	56	489	111	click
1373757801367	130	59	32	click
1370476131011	55	854	411	show
1368646867769	104	988	4	show
1371126907244	42	937	185	click
1367983353516	142	426	133	show
1371263442070	120	504	47	click
1367515557555	144	986	474	click
1369851826473	108	749	397	click
1368155867187	133	903	338	show
1371687941979	128	887	427	show
1367713667826	37	754	40	show
1372912233219	15	902	237	click
1371773518660	58	30	22	click
1373451182958	42	43	283	show
1367645439558	79	638	103	click
1372778249952	87	700	277	show
1370493485205	106	265	185	show
1372634498065	132	148	410	click
1372637982958	32	374	18	click
1371684793073	100	71	260	click
1370586358201	53	854	365	click
1367332046406	41	343	234	click
1368926965204	25	226	267	click
1367883498927	90	755	204	click
1370487077259	98	994	29	click
1370939142338	31	14	271	click
1372686135499	33	256	6	show
1367168412899	64	499	90	show
1371252834060	37	946	69	show
1374189215839	112	805	367	click
1366828803936	10	219	211	show
1373136852863	5	190	115	show
1366703408167	130	540	239	click
1369151395909	91	372	238	click
1373583862637	39	218	348	click
1372273629281	111	366	299	click
1368304940138	147	820	480	click
1373680824802	17	58	264	show
1373145036111	53	537	485	show
1369305813930	51	550	324	show
1367685080598	71	659	116	show
1373671203541	139	628	74	show
1369044816548	111	380	35	show
1371120187520	40	667	81	click
1366347586886	39	598	151	click
1366733738824	27	503	134	show
1369581059221	90	718	229	click
1372359507556	24	97	184	show
1370796922403	73	575	68	show
1370760707236	7	806	491	click
1367651861753	133	795	275	show
1369698451500	149	367	114	show
1371109554514	133	368	219	click
1367394549886	51	974	288	show
1369006142183	134	85	92	click
1372255063637	2	475	104	show
1371756161829	146	971	32	click
1373472839146	15	893	40	click
1372784448470	46	53	49	click
1372094221102	43	885	382	show
1368761823102	33	561	153	show
1367300838237	86	766	477	click
1371343462816	51	341	270	show
1371307587939	97	307	219	show
1370510792555	8	853	495	show
1367176834264	121	900	145	click
1372682847362	61	968	96	show
1372184632151	89	732	493	click
1374169929058	129	854	185	click
1373722550062	10	96	237	show
1369025812015	91	45	449	click
1373776122891	9	86	434	show
1371954777729	46	474	295	click
1372666439899	78	573	202	show
1371002038195	93	496	200	click
1370951819641	15	523	113	show
1371911960691	138	752	349	show
1372164654671	144	57	8	show
1369149612776	48	109	376	show
1367602328828	47	875	378	click
1371713940762	91	279	156	show
1371034898352	114	97	427	click
1372971624818	58	837	250	show
1368298882643	108	802	302	click
1368965778714	95	378	375	show
1369191412818	130	84	121	show
1373895411177	90	130	336	click
1366770660936	140	815	29	show
1373819907367	125	81	83	show
1371025593925	57	549	325	click
1366342632845	27	953	136	click
1370926344841	145	55	148	click
1372643115565	77	624	480	click
1374196790609	143	770	198	click
1372769917177	96	616	79	show
1370286926405	17	974	262	show
1369136225464	19	648	60	click
1371730466376	121	104	456	show
1370087330446	34	539	284	show
1369061255736	17	98	303	show
1371616870252	127	797	286	click
1367449735009	8	314	480	click
1366927689307	25	994	482	click
1367812983322	80	521	41	show
1372496218049	34	810	41	click
1368131195584	30	885	156	show
1366652444526	97	360	24	click
1370955987301	148	447	384	show
1372065800044	93	837	446	click
1367288052418	98	348	97	click
1367485382564	128	847	373	click
1373315308417	56	677	365	show
1371761819980	4	186	476	show
1373567599834	56	642	26	show
1370326808054	85	964	93	show
1373539882068	35	237	390	show
1366600861037	17	106	477	show
1371223751936	37	714	131	click
1370208699457	100	214	247	show
1368664192663	80	860	31	click
1369921885111	132	786	317	click
1366655097864	99	935	453	show
1371862371110	125	982	465	show
1368178552234	4	37	470	show
1371537057760	88	509	312	show
1370096331456	3	702	177	show
1367727383868	44	116	325	click
1372255756568	95	295	398	click
1369077799652	49	340	383	show
1369220182277	104	600	235	show
1373053823301	51	643	164	click
1368329387952	146	532	125	click
1372236956773	30	692	314	click
1368220599289	52	580	263	click
1371947191175	70	894	219	click
1368444327251	140	592	386	click
1369012184911	113	677	84	click
1373878976280	11	713	199	click
1373710183307	79	691	243	click
1372045346906	61	164	303	click
1366666058445	31	761	487	show
1366676833709	50	680	218	click
1367373671435	132	116	182	click
1366730942859	90	333	152	show
1372114976577	119	176	383	show
1372829883582	55	170	271	click
1374167241315	136	210	180	show
1372093052664	133	74	113	show
1372992622077	106	115	141	click
1369184633560	147	517	190	show
1367161607208	131	904	114	click
1374084697473	55	449	128	show
1369854877356	56	851	195	click
1366499725935	65	509	129	show
1372940391938	92	782	281	click
1367658890119	72	842	450	click
1374071302106	133	86	101	show
1368890184422	147	856	320	click
1372999229804	61	723	421	show
1373078525747	143	390	202	show
1372812464468	35	932	354	show
1369201056235	5	646	294	click
1369751413778	88	868	404	click
1373566051565	35	295	471	click
1371785008309	88	12	257	show
1371197044082	86	52	198	click
1372316901482	82	486	390	show
1374158494445	141	831	61	click
1366526171497	5	497	493	show
1370188975882	101	271	77	show
1369718836040	90	377	194	click
1366481744501	104	276	447	click
1373511147323	89	969	65	show
1369668555930	125	563	438	click
1371237696713	1	375	235	show
1372781794039	116	433	94	click
1369367025759	110	496	143	click
1368066316571	150	587	471	show
1366671989581	62	950	88	click
1371049432101	65	917	152	show
1368278906657	20	477	289	show
1366699901897	130	148	227	click
1370690181336	21	381	293	click
1374018102177	126	299	397	click
1371119785949	1	408	69	click
1367466732418	72	216	471	show
1373379696962	26	609	474	show
1367436984828	111	180	265	show
1368992817801	117	918	1	click
1371996423644	133	434	26	click
1373775393955	11	677	329	show
1369805447355	22	491	96	click
1367427012498	134	282	239	click
1371652058986	63	610	338	click
1373135165730	45	217	67	show
1370554808703	32	749	42	click
1369425219983	39	48	5	click
1367014762299	100	420	169	click
1366358190707	3	28	496	click
1368312826918	132	202	116	show
1366851422831	63	763	320	show
1373952844596	53	325	460	click
1371516644188	47	224	316	click
1371233131548	114	562	308	show
1366584163927	52	252	364	click
1370660664161	47	55	386	show
1369000346585	66	122	64	click
1367218104721	80	950	332	show
1373880285270	9	354	438	click
1367973509955	92	711	456	click
1370935065704	124	594	232	show
1367602739869	145	533	394	show
1369705845487	127	809	109	show
1372120760623	144	569	241	click
1369898855656	96	263	128	show
1370374696769	40	520	396	show
1366894357445	12	787	157	click
1367437512820	22	938	219	show
1368440881860	129	509	227	click
1374106710768	148	432	177	show
1368286004709	59	928	62	click
1366971084814	87	731	454	show
1368829894247	33	969	56	click
1367805910969	80	576	70	show
1370582702781	28	686	70	click
1373436572007	97	898	257	click
1371329252550	57	793	242	show
1366674003664	35	353	381	click
1371468612462	138	664	77	show
1366867765533	136	203	473	click
1367334050292	78	627	265	click
1366774895848	81	274	278	show
1373158695870	75	759	347	show
1368537064495	16	807	116	click
1367241285381	119	81	1	click
1369327336554	88	377	410	click
1370875250486	81	39	465	click
1369606284089	9	3	175	click
1371466733944	148	324	192	click
1373802965486	20	270	390	show
1371628432668	38	346	2	show
1370242028643	105	249	52	click
1367283782916	47	727	187	click
1372879515939	120	952	165	show
1368377837996	43	42	170	click
1374196051888	121	874	407	click
1371071256170	148	560	192	click
1371592316459	50	904	329	show
1373521996624	62	563	454	click
1372879341998	46	251	494	click
1367153748709	15	413	446	show
1367354552622	87	582	395	click
1373452303698	47	924	397	show
1366932449081	13	108	140	click
1367709947991	119	750	363	show
1370006799587	38	126	283	show
1373979022849	150	755	334	click
1367252770324	6	681	413	show
1371320475347	40	394	396	show
1372272294338	113	200	462	click
1372367788846	104	981	249	click
1371754288149	65	278	486	click
1369361573071	140	617	138	show
1371744416932	118	407	464	show
1369793807723	73	835	33	show
1370310352970	27	75	9	click
1368088213847	92	966	156	click
1371118869415	1	398	449	click
1372709298016	51	188	330	show
1373532876358	45	720	42	show
1373397836152	37	448	298	show
1367609108090	110	259	319	show
1370301773766	2	684	314	click
1367324263812	55	635	397	show
1373110378801	88	395	49	click
1368321502227	21	184	376	show
1367208520803	100	279	166	click
1366570071218	47	558	91	show
1369753815475	125	215	171	click
1367654029325	136	15	152	click
1373114334317	124	896	424	show
1367801294148	3	997	14	click
1372398000004	137	611	384	show
1369761804989	2	512	54	click
1371763349368	83	972	205	click
1374165378109	89	333	401	click
1369119620436	143	452	102	show
1369243753592	28	700	145	click
1369680810599	120	32	216	show
1367895128940	38	873	144	click
1370205875685	115	455	310	click
1370060694109	40	182	121	click
1366843518048	2	90	429	show
1372408157615	100	807	74	click
1369395466655	43	134	338	show
1369700950764	23	701	361	click
1369851428129	44	209	298	show
1371550212095	41	962	129	click
1370800939015	47	902	435	show
1369783412303	44	42	495	show
1372713796947	147	611	366	show
1369377173534	123	930	334	show
1371701962969	56	676	267	click
1366744799691	37	185	77	click
1373199105409	128	205	259	click
1374000264920	115	737	225	click
1373723838761	42	860	1	click
1367346548952	150	897	196	show
1372486812819	41	528	362	show
1371338845497	147	481	158	click
1372404777164	123	323	431	show
1369202439840	91	325	49	click
1368652642988	11	744	461	show
1371329813811	94	494	192	show
1370272743302	72	609	225	click
1370972758034	103	852	228	click
1369826253104	120	613	454	show
1369930734537	111	447	291	show
1369020163559	149	668	382	click
1369694742020	134	942	176	click
1369880380686	147	356	453	click
1367511492517	40	348	233	click
1367841461127	71	829	318	show
1371326643276	33	109	132	show
1369421185833	127	690	437	show
1366868590142	19	844	320	show
1373598179730	118	484	143	show
1370602864911	98	584	240	show
1373385199591	17	840	344	click
1368842515413	38	501	332	click
1368936247128	126	512	261	show
1372421742421	141	944	88	click
1371335722112	70	115	202	click
1370794806812	84	781	25	show
1371726767327	32	719	398	show
1369450576643	148	868	380	click
1372919078915	71	530	485	click
1368434292068	98	946	425	click
1371856381675	60	387	245	show
1369219777399	129	183	287	click
1368154875875	74	638	153	click
1369420058523	139	642	275	show
1367445452814	16	783	305	show
1372718128644	35	33	349	show
1367213793601	75	626	95	click
1367201168536	25	453	473	show
1373909803580	26	326	174	show
1373793607131	76	377	3	click
1366899776057	142	216	106	click
1369969726539	5	369	344	click
1373942175635	74	630	273	show
1370975311263	84	917	75	show
1369306364471	52	244	194	show
1366394852226	6	625	294	click
1366432547826	35	797	72	click
1369393854013	102	467	478	click
1367650835671	67	513	64	show
1366994872062	71	580	104	show
1368202658769	139	825	497	click
1373602075737	132	494	355	show
1372899093654	95	557	309	click
1367888167775	84	262	43	show
1366399854980	85	278	353	click
1373554976267	70	599	125	click
1369090662453	96	86	438	show
1370214102157	110	793	69	show
1372593563237	111	766	199	click
1369220972780	140	410	446	click
1369210529660	106	649	146	show
1369264789312	14	570	8	show
1368883568476	65	89	93	click
1366443446595	23	781	385	show
1367455875736	90	23	36	click
1370002977058	127	26	56	show
1371622308578	25	98	29	show
1372344898428	41	157	103	click
1367206765474	85	846	30	show
1371267654595	100	24	50	show
1371753630609	120	352	455	show
1369278681002	94	89	72	show
1367536533982	26	414	450	click
1371358754981	109	81	280	click
1371345051078	11	413	295	click
1370246845135	130	998	453	click
1367601436181	113	486	194	click
1372884297513	22	97	110	show
1370008618543	88	640	474	click
1367536666575	35	161	457	click
1368424762545	138	396	150	click
1372047764303	142	574	214	show
1370071144189	67	93	397	show
1372124513217	48	266	30	show
1369020713181	79	479	69	show
1370150678117	128	184	382	show
1370517626527	29	71	225	click
1370844154723	20	560	270	click
1368838060826	135	458	13	click
1371674342268	70	210	92	show
1368559589711	20	789	279	show
1369974207754	74	270	159	click
1373193763545	112	625	45	click
1369101005533	129	219	182	click
1372413180754	101	845	18	click
1369811832974	125	726	112	click
1370932697291	59	215	379	click
1369994098083	144	475	346	show
1371252174779	31	241	493	show
1373494873077	65	383	271	show
1372918785842	108	765	55	show
1374193732836	53	999	120	show
1373242471309	97	523	382	click
1368822619164	112	257	374	click
1368660943761	8	148	172	click
1371728390664	143	66	226	click
1373028116834	15	727	119	click
1370217390248	86	643	72	click
1367523871149	103	503	19	show
1373833519229	108	326	123	show
1366449825761	116	384	406	show
1368611334249	62	20	198	click
1373657834470	98	350	141	show
1369198591154	114	618	436	click
1366873081873	112	697	102	click
1371583280592	148	784	3	click
1372765838742	67	314	290	show
1371567418466	11	646	416	click
1368694968312	141	241	274	show
1368992432230	60	653	5	show
1370141827491	14	999	444	show
1372069634839	144	680	109	show
1371943560167	140	584	328	show
1368404596998	34	900	32	show
1373478094256	67	396	403	click
1369416049068	54	845	120	show
1371327354129	141	183	343	show
1369735109139	65	312	168	click
1367923102379	40	644	127	click
1372711184309	22	531	77	click
1367115266267	71	750	454	click
1373413545697	37	238	401	show
1368247673598	122	123	430	show
1372702440201	129	526	267	show
1372273773382	60	402	165	click
1371183308933	79	126	232	click
1366500302928	119	293	431	click
1367186635588	3	633	234	click
1371639029076	148	585	216	show
1367084558824	80	134	208	show
1369339300084	118	173	442	click
1368310879932	64	298	258	show
1371575478093	75	662	118	click
1367852842958	38	352	310	click
1369395495841	4	817	209	show
1371985729497	7	894	400	show
1367581895413	31	194	268	show
1366494410712	112	479	356	click
1366680877492	99	312	364	click
1373135910189	137	796	55	show
1368446765775	114	472	81	click
1368362632845	59	818	497	click
1371968979110	35	877	102	click
1367396702080	53	376	326	show
1372415679124	132	488	308	click
1368008139028	36	663	7	show
1369449065051	42	866	347	show
1369004749546	105	994	277	show
1369181011246	60	134	440	show
1371125144551	6	3	166	click
1373780518726	56	560	222	click
1370597593386	85	635	90	click
1366897786569	67	192	250	show
1371209873737	33	823	467	show
1370990810128	142	308	412	click
1367953985162	27	345	268	click
1368484967684	144	550	310	show
1368258562558	134	440	338	show
1372651256253	134	999	309	show
1373356779779	46	524	104	click
1370262806693	57	357	416	show
1370114977091	23	371	239	click
1372087038007	30	864	228	show
1371918875503	55	589	273	click
1368794074072	136	531	105	show
1369112861111	27	263	455	click
1369860477078	130	685	363	click
1367307185160	49	457	27	click
1372263168363	71	900	277	click
1368356083942	44	415	17	click
1371252759831	50	562	132	show
1371847436492	43	630	250	show
1366805057727	121	285	477	show
1373039158085	17	71	220	click
1371818759785	138	514	257	click
1372190526408	34	516	333	click
1370542501396	82	613	475	show
1369169271016	93	177	450	show
1371305023283	108	42	361	click
1368232726124	146	155	14	show
1371055138405	44	229	408	show
1372145595813	27	934	130	show
1371774944418	39	738	186	click
1369162377310	126	846	407	click
1370237130502	104	932	15	show
1374081969244	109	504	50	click
1373199212963	30	703	412	show
1368071265214	36	699	29	show
1372570017706	25	31	479	show
1369098279497	132	17	2	click
1371181628464	64	867	254	show
1373102536610	113	553	372	click
1371817214751	131	75	315	show
1367749255063	115	924	424	click
1368731530598	116	569	221	click
1367428459942	31	465	159	show
1369164642103	64	476	133	click
1370949150463	131	176	198	click
1371835929932	24	278	278	show
1373456810226	93	809	240	show
1373657193981	40	133	18	click
1371614785236	76	960	65	show
1367823644145	69	531	125	show
1369437567177	81	395	57	click
1370955382608	108	950	82	click
1367095418796	62	747	277	click
1369751026739	25	32	405	show
1373441424727	105	271	169	click
1369728261486	92	769	245	click
1368716675447	52	230	280	show
1368405419334	23	483	80	click
1370553127272	28	199	347	click
1370736228488	150	702	251	click
1368633274104	92	390	343	click
1367466176933	58	285	381	click
1372909646499	142	547	291	click
1373259426785	79	747	83	show
1368304168888	122	648	491	show
1366770696466	4	973	491	show
1369258504622	22	977	435	show
1371846755401	114	220	120	click
1370776407858	71	154	170	show
1373559478163	116	791	241	show
1368359977134	93	848	110	show
1367023597537	79	77	195	show
1371960748620	56	324	87	show
1368745403243	133	417	166	show
1372720136263	57	740	408	click
1374046721198	10	24	462	show
1369553650254	131	708	110	show
1368555270602	68	426	72	click
1371862336462	72	267	167	click
1369457560193	50	613	211	show
1368120632712	88	919	183	show
1370738252202	29	461	96	show
1367530959819	116	936	211	show
1369870090444	98	214	201	click
1366891154285	98	914	305	click
1370947873926	52	34	275	click
1368412115277	22	504	232	show
1371183767809	73	512	470	show
1370891951215	86	435	105	click
1370295512220	118	490	427	click
1367301825062	126	912	236	click
1370488627147	68	217	383	show
1372779594056	107	383	148	click
1366899721808	105	605	346	click
1372416168596	59	164	411	show
1370544238143	34	29	242	click
1366663620112	70	446	380	show
1370650833785	141	987	106	show
1371270864773	83	168	166	show
1374161420592	77	747	495	click
1370716166939	132	547	11	show
1369017129772	46	538	63	show
1371430761995	147	948	481	click
1371142129483	53	6	456	show
1373890095073	17	774	378	click
1367213866014	77	227	441	click
1373843714627	101	608	384	show
1370570462236	139	706	250	show
1373605012063	10	555	248	click
1368839271831	144	777	280	click
1367900018058	78	110	225	click
1371684090984	52	529	119	click
1373632726405	12	267	109	click
1371966813950	5	463	484	click
1366826945832	9	428	411	click
1373110007831	77	370	393	show
1366496031346	100	822	419	show
1369270654597	90	98	106	click
1367836643588	38	657	44	click
1367199350237	63	680	365	show
1369651674993	2	719	72	show
1372849672256	51	744	432	show
1367087404173	141	513	312	click
1369268466913	119	244	217	show
1370134696222	51	289	23	click
1371851711863	21	511	374	click
1370001955295	119	627	198	click
1367324715820	30	884	179	click
1371394602102	143	441	132	show
1372804242942	60	255	71	show
1369302198889	85	429	363	show
1372586604059	121	82	434	click
1367041725477	46	250	280	show
1372126411890	69	828	259	show
1368390358857	140	968	177	show
1367421021713	100	980	70	click
1366784040811	148	261	494	show
1371860840724	4	604	30	show
1371733392273	124	772	245	click
1367154798858	70	505	291	show
1372946805808	102	281	474	click
1373609343695	44	517	190	show
1372533443834	60	828	139	click
1372975705384	44	451	350	click
1370280462893	76	37	342	show
1371125140382	121	462	74	show
1370257162850	100	313	110	click
1372595666900	34	410	176	show
1373280361215	17	662	168	click
1373764325158	70	279	356	click
1369556563147	129	117	293	show
1368176330160	12	17	282	click
1371153684848	54	643	445	click
1369267001839	16	87	486	show
1370013246936	50	583	220	click
1370468631038	88	717	53	show
1370887714061	133	61	114	click
1370984376758	5	7	25	click
1373683107725	83	909	341	click
1369624601381	68	213	483	click
1373064283950	137	800	403	show
1371985866605	61	835	57	show
1366673005473	112	945	142	click
1370483227585	9	478	91	show
1368743268458	61	893	471	show
1370955870252	20	98	258	click
1372286047632	84	391	239	show
1369612735835	134	673	496	click
1371728440539	59	561	64	click
1370287388835	36	270	236	show
1369512793276	128	850	412	click
1368447450619	66	906	277	click
1371315934460	92	959	470	click
1368874588377	118	97	242	click
1366530919685	92	294	67	click
1369238332388	118	450	61	show
1370036226965	20	507	105	click
1366825776315	144	689	153	show
1372820754223	81	911	384	click
1372248140949	39	940	131	click
1369333597348	120	748	477	show
1371694526489	10	192	38	show
1368326028135	46	48	278	click
1366804405742	52	79	323	show
1371140099024	148	566	215	show
1370985991594	45	681	427	click
1372945772524	28	709	487	show
1367265012938	139	680	369	show
1372929551695	40	497	262	click
1367225564680	16	552	489	click
1372167425606	127	943	415	click
1369677439599	87	762	498	show
1367441192085	140	621	9	click
1369142227095	42	1000	79	show
1368440490474	101	975	435	click
1368578868264	110	957	105	show
1369697332890	42	436	448	show
1371763040257	21	136	433	show
1373783234895	48	975	168	click
1370109985055	133	949	258	show
1372666003932	144	287	232	click
1373912964214	136	512	385	show
1372825815311	89	402	444	click
1368112400880	61	400	261	show
1369912099361	42	234	166	click
1371775477125	104	913	52	show
1370666784836	84	615	115	show
1371078333783	135	375	467	show
1367146575316	28	366	82	click
1368128309732	92	40	461	click
1367011919527	33	886	197	click
1369193812477	78	295	313	click
1370967601489	84	94	382	click
1372824540293	7	899	44	click
1366610947505	10	313	98	show
1368589687848	34	961	373	show
1369549894648	98	648	219	click
1370147565333	48	439	133	show
1369989811888	7	454	298	show
1369893750845	49	950	226	show
1371110167132	125	882	11	click
1372806840518	35	336	237	click
1367978001963	38	587	426	show
1369690512645	37	287	301	show
1370851949418	13	63	207	show
1368502703735	62	793	247	click
1366416172896	150	467	341	click
1372045266795	43	13	385	click
1370900767303	38	343	331	click
1369332270450	41	271	326	show
1366980069069	38	176	496	show
1374073072314	103	940	245	show
1371968898031	74	398	470	show
1372715902426	123	581	377	show
1374172312553	111	503	284	show
1369395982402	29	934	393	show
1371156921983	41	282	464	show
1370701807957	3	686	413	show
1369286518791	16	638	47	click
1366830433701	55	357	39	show
1367943126230	93	906	8	click
1369174366850	68	243	169	click
1373195473528	55	37	332	click
1374167769561	122	733	60	click
1374001728949	133	504	70	click
1366421747239	25	225	86	show
1372329398347	125	198	61	click
1372580024799	20	906	2	show
1373663368277	101	252	84	click
1366535819447	19	755	409	show
1366794142910	13	71	36	click
1368836945083	16	777	247	click
1370823044091	66	572	341	show
1373923712915	38	210	238	click
1373179093975	14	529	401	show
1367876364128	80	445	487	click
1369490726718	46	322	324	show
1367690408006	108	275	352	click
1367201667184	24	980	27	show
1370876175732	88	208	417	click
1366791671426	7	8	71	click
1373966649052	134	568	359	show
1366654931685	6	916	260	click
1370104919763	71	219	251	click
1369589700183	95	523	234	click
1370088682737	149	663	208	click
1368605822898	47	487	72	show
1366392659822	109	309	208	show
1366420836582	140	702	313	show
1369250672385	86	404	347	show
1371684940106	114	419	373	show
1368240580143	70	301	340	show
1372469206099	104	316	436	click
1366637589839	12	648	141	click
1373514534443	45	644	248	show
1372230733880	146	347	59	show
1372648409536	23	364	245	show
1371055066323	123	292	256	show
1366607825261	146	351	396	show
1370679425835	80	779	35	click
1372857624049	67	14	16	show
1373275504564	105	298	4	click
1368128016718	51	896	243	show
1372267252304	31	35	50	show
1369674798224	40	336	216	click
1370988631224	26	611	321	show
1373139560091	85	949	414	click
1369538492103	134	532	499	show
1370033724028	111	904	31	click
1371537860803	43	691	378	click
1372121315863	111	546	406	click
1373228490544	146	711	234	show
1369079342163	66	377	52	click
1367621725044	143	222	369	click
1367174195912	138	893	219	click
1368751141333	28	146	209	click
1366649572529	78	709	131	click
1370315397168	134	795	72	show
1368918174163	60	284	46	click
1369382079342	55	548	218	click
1370786573500	44	555	42	show
1373000330170	46	71	115	show
1369439072761	134	967	207	click
1369399870836	79	317	375	click
1370086406746	81	962	488	show
1373953841107	112	129	496	click
1370816258135	7	53	206	click
1368055012714	43	156	217	click
1366777807920	70	282	267	show
1368023565781	81	62	252	show
1371445438955	43	392	158	click
1369725943132	127	957	386	click
1372943083889	90	376	326	show
1371363951687	137	583	444	click
1367944029149	28	736	214	click
1366824589442	35	57	107	show
1373900217911	54	719	265	show
1369691974367	145	920	256	show
1374040577722	70	790	90	show
1369082455565	133	269	190	show
1366360881619	86	176	46	click
1372530344440	140	172	467	show
1371133158206	145	953	119	show
1366857084538	139	692	439	show
1369374737454	102	274	140	click
1368960176323	59	110	340	click
1373776259365	9	461	110	click
1371965051611	10	300	363	show
1373704822751	67	16	47	click
1369767820122	51	255	167	show
1370927600665	129	844	171	click
1373608704345	64	582	234	show
1366765316059	28	40	235	show
1366383262721	110	801	82	show
1371689899164	58	815	362	show
1373130161972	87	162	117	click
1370422563924	27	128	384	click
1373342965609	7	425	477	click
1368441117740	16	779	228	click
1369676524893	89	122	159	click
1372513365313	15	134	277	click
1371034417381	19	648	161	click
1371281943597	3	941	345	show
1371103850183	137	160	257	click
1370396500226	8	993	337	click
1366402650628	1	168	364	click
1373082457657	64	842	115	show
1367338699423	128	355	374	show
1372801753196	136	738	149	click
1367093203846	79	154	81	click
1372279321860	124	505	43	click
1372484784699	23	524	17	show
1371035714893	82	78	481	show
1370420303834	78	660	83	click
1373984325081	93	283	337	click
1369927060468	65	502	426	click
1370659428571	27	550	152	click
1367095309963	59	131	234	click
1368498551878	19	267	216	click
1369579358347	3	487	364	click
1373653101777	139	739	196	click
1369154251907	124	721	265	click
1370142686654	53	260	62	click
1369419620268	136	620	179	show
1373156557432	135	368	97	click
1366632896580	65	417	29	show
1369478170824	31	240	79	show
1369928281375	86	447	287	click
1372063145322	41	298	369	click
1368366977504	82	524	319	show
1367409626171	73	544	227	click
1368336760023	96	339	1	click
1367927924596	121	950	437	show
1372630976793	68	384	357	show
1370499563493	133	152	96	click
1373074397103	128	684	18	show
1368614892957	40	211	283	show
1373077089758	86	616	37	show
1366775441916	98	249	434	click
1369261862631	128	900	454	click
1371656706638	96	523	327	show
1374062875971	139	483	205	click
1372577782349	124	499	483	click
1371620831758	2	881	169	show
1372224102333	119	965	237	click
1368335058571	71	286	74	show
1370710588132	127	458	110	show
1372937474691	90	89	124	click
1371990558384	129	935	160	show
1372464549035	17	131	352	click
1369977733055	54	727	449	show
1367392014804	139	518	67	show
1368182499384	41	630	462	click
1372428167293	9	271	147	click
1370444644910	18	64	219	show
1373923404889	46	567	398	show
1367119503316	45	681	217	show
1373025155554	95	125	174	click
1373514591334	79	268	243	show
1371717546869	110	116	490	click
1372562772383	139	64	249	click
1369263856728	79	925	115	show
1367268895051	30	972	28	show
1373819309598	85	331	90	click
1371780327400	74	674	23	show
1369495866131	79	190	490	show
1370238896053	100	108	368	click
1371866442657	144	603	210	show
1373491551126	140	752	283	click
1367695641681	131	347	377	click
1371817658315	24	607	202	show
1368568932551	29	237	253	show
1368882084378	92	520	378	click
1369304470439	83	168	113	show
1366457347745	112	278	408	click
1373776590463	97	442	103	click
1366459356925	18	648	202	show
1370858848740	34	690	20	click
1372979474379	142	286	152	show
1372998683860	121	255	238	show
1372599470842	19	378	263	show
1366808135195	130	46	362	click
1369024084234	48	572	388	click
1373491263058	17	589	423	show
1370056867278	73	834	200	click
1369859833307	99	36	314	click
1370375899277	118	437	209	show
1373575747497	138	272	239	click
1371340109581	66	38	36	click
1370604618784	75	406	480	show
1369583398061	68	539	169	show
1367687060527	26	815	213	click
1367300380430	3	225	30	show
1373234386066	143	138	424	click
1369356124794	8	997	142	click
1371982103196	85	547	464	click
1369810191818	124	833	171	show
1371798958414	141	541	324	click
1368566305589	95	892	385	show
1373564394189	65	934	108	show
1373050434845	35	384	99	show
1366753235800	93	715	486	click
1371483665415	85	330	454	click
1367751052683	17	910	173	show
1369927367793	90	864	161	click
1371449150324	40	974	234	click
1371461457606	148	722	319	show
1372853552589	40	669	26	show
1372901864221	118	206	324	show
1374106747894	42	314	339	click
1372338327002	104	173	253	show
1367163179130	72	224	431	show
1372056696479	144	429	86	show
1368280319036	27	721	420	show
1371771869696	125	941	433	click
1366704767105	19	624	446	click
1373175411672	13	169	420	show
1367949984895	136	177	480	show
1369119191616	6	850	137	click
1371836636382	10	827	296	show
1368256429154	41	538	39	click
1372032079631	98	4	132	show
1369328999618	109	976	362	show
1368347102119	46	568	36	click
1367927457375	117	496	498	click
1366802609643	85	339	134	click
1369186343079	37	883	76	click
1372665066133	27	968	149	show
1371731754728	96	130	318	show
1374201237496	96	856	59	click
1370828028950	50	286	261	click
1372155723772	83	150	54	show
1371461344086	89	288	107	show
1373414199002	45	51	115	show
1372047602789	34	260	260	show
1368490021402	32	982	357	click
1367418164015	51	983	272	click
1367053997120	150	549	377	click
1366875926494	92	956	350	show
1372417976250	92	93	136	click
1371857975574	12	396	493	show
1368957270481	18	574	36	show
1368429396049	103	785	138	show
1371826448196	45	622	245	show
1372276986828	83	82	143	click
1369300830362	116	477	264	click
1366826567218	53	43	288	click
1371243225439	58	36	189	show
1367806905158	47	801	330	show
1370892509707	54	269	236	show
1369491750565	58	609	224	click
1373196829157	9	823	239	show
1367552374747	66	286	372	show
1368422006634	91	212	191	show
1372750543401	26	660	255	click
1373011809470	47	481	250	click
1369870638517	35	957	61	show
1370868984013	126	108	367	click
1369702520247	100	7	456	show
1368356983569	38	184	208	click
1371348801811	97	852	495	click
1369923004767	141	882	56	click
1368135345984	3	636	176	click
1367643223231	85	570	66	show
1366992728609	104	812	444	click
1372188041753	58	233	408	show
1367155060729	121	669	485	show
1368400661284	37	566	419	show
1373115583651	10	898	318	show
1370331713917	69	205	201	click
1372425099506	107	93	179	show
1372865894139	79	195	244	click
1368594825217	33	584	83	show
1366842481628	81	206	442	click
1368866197954	41	250	148	show
1369130052807	140	187	213	click
1366810764050	26	672	490	click
1366655239432	21	240	251	click
1367127685885	115	397	42	show
1373338102652	71	676	18	click
1369854947604	118	472	392	click
1368271008879	106	226	232	show
1367537126638	55	915	82	click
1374095573724	100	93	119	click
1370226313327	80	557	400	show
1367150542929	75	459	96	click
1373676585910	95	134	497	show
1371521644952	17	754	418	show
1369000226290	117	1000	364	click
1367418329134	139	197	209	show
1373079037570	9	76	345	click
1369734220680	105	865	42	click
1368230615117	35	326	470	show
1368232550076	87	947	56	click
1371187046395	136	125	200	show
1374024296250	51	769	35	show
1366424633683	35	445	438	show
1373089405310	30	881	100	show
1371241093922	87	399	277	show
1370471923518	65	71	72	show
1366971872903	85	206	186	click
1372597566321	3	161	391	show
1368425766844	5	720	44	show
1370461408657	113	474	455	show
1368865670534	134	684	402	show
1372647970186	149	392	306	click
1366350978931	104	936	207	click
1366983672470	25	216	314	show
1373666960543	135	246	456	show
1368803750985	18	161	80	show
1370709127451	114	456	187	click
1366522680554	62	275	475	click
1368013044762	80	776	378	click
1366513684514	134	562	330	click
1368695900603	108	526	311	click
1371705061123	90	208	441	click
1373279137738	116	367	111	show
1372736794510	36	555	472	show
1372190994514	35	322	411	show
1368120239933	21	16	13	click
1373664263702	121	361	22	click
1372071824184	147	945	163	click
1372111391131	27	663	27	click
1372652591408	137	637	397	click
1368042097578	62	581	206	click
1368638354247	122	65	205	click
1373103487971	135	339	500	click
1368911953192	70	230	320	show
1372396759865	101	156	93	show
1368831268485	2	171	496	show
1373045858742	150	937	403	click
1372465552771	68	659	181	show
1373289661109	142	550	433	show
1370095437734	140	112	461	click
1372856858870	34	725	212	click
1367494959859	108	760	176	show
1373344107595	73	390	314	click
1370068593159	101	336	353	show
1371780132030	86	81	9	show
1368301856960	89	713	283	click
1370771203637	113	318	149	click
1368357986668	97	521	376	click
1367345570073	37	365	64	click
1372863356453	98	299	278	click
1372373609479	47	415	438	show
1372706526948	121	916	316	click
1370080908887	138	992	190	click
1368638073966	114	230	330	show
1373079835411	3	252	151	show
1368568308312	110	706	31	click
1367414776688	120	687	460	show
1373609554523	51	610	428	show
1367502585838	81	198	1	click
1368195792956	54	460	76	show
1369515797443	114	952	230	click
1369877046551	142	633	231	click
1373009683126	87	679	268	show
1366421665000	137	20	373	click
1366443840678	86	312	152	click
1370246794753	75	461	58	click
1366698824498	84	568	445	click
1369259000337	89	730	301	click
1371982356358	133	449	428	click
1374115654571	62	29	253	click
1371933343351	94	644	333	click
1373636473879	45	964	441	show
1372314107728	126	880	78	click
1367593188162	60	954	466	show
1369902222581	61	378	305	show
1366554971676	62	443	495	show
1370887795496	147	407	129	click
1368108699228	29	848	389	click
1373338307277	9	607	172	click
1374172507124	90	761	11	click
1366489217626	77	878	147	show
1366962594825	57	961	326	show
1371694716773	56	163	302	click
1368227734457	143	147	34	click
1366420200786	88	313	234	click
1367198810394	53	338	196	show
1372853497229	139	278	423	show
1372527159190	92	599	83	show
1371287682584	138	268	84	show
1371716599363	24	575	50	click
1370693504838	97	993	333	show
1371236990354	88	224	229	click
1373002653913	65	597	103	click
1370457120473	13	29	474	click
1367990928177	52	814	258	show
1371273632282	31	531	49	click
1367002569104	86	564	350	click
1371388887798	97	44	118	show
1372298421983	150	47	468	show
1373081380604	32	926	235	click
1368217991651	55	579	150	click
1374108709010	85	91	228	show
1369109418885	58	201	413	click
1366967159432	127	823	144	click
1369739478166	139	124	304	click
1366763910560	100	160	216	show
1374029404571	128	825	47	click
1369212551448	69	801	64	show
1373113370455	62	105	487	show
1371867045115	134	791	226	show
1372240218630	26	867	316	show
1370705841343	78	868	80	show
1373449498870	94	425	254	click
1373879913388	132	448	402	click
1366565036755	99	192	380	click
1366439512230	77	890	339	show
1369989521489	76	849	97	show
1374092683682	39	30	313	show
1368995360429	126	860	409	click
1372186469084	114	21	387	show
1372176212799	63	434	460	click
1372715419929	91	287	24	click
1367175769737	111	403	151	click
1371420127267	36	443	67	show
1370237223569	116	93	138	show
1369105175018	95	110	300	click
1372266644191	119	182	203	click
1369511505676	150	113	178	click
1367673486065	26	341	279	click
1373843594688	26	268	348	show
1366931841206	16	810	237	click
1370347721081	125	846	478	show
1366384052503	93	648	260	click
1369926766764	63	55	142	show
1372409436194	22	650	31	show
1370009201407	94	129	405	click
1367560114595	137	470	492	show
1372612968786	17	183	60	click
1367779409690	105	937	427	click
1369726464063	112	253	30	click
1369602533093	131	374	172	click
1374049109924	36	353	93	click
1373713496512	21	559	235	show
1371406632309	143	849	407	show
1370625525302	99	81	31	click
1370717189498	142	799	450	click
1372048350104	135	204	306	show
1373433129600	57	106	239	show
1373835001014	14	627	337	show
1370186967970	103	358	111	click
1367823391026	73	12	184	click
1374128520675	142	790	1	show
1370391529680	142	895	15	click
1368609776703	116	177	121	show
1370134878806	56	95	254	show
1369575744999	26	598	285	click
1367319712003	77	941	376	click
1366990059931	29	644	343	show
1371744984595	90	827	469	show
1371465410976	96	317	329	show
1373187951347	44	627	430	show
1369889305486	90	17	309	show
1373098995941	82	10	224	click
1367307595956	63	929	260	click
1370604961913	104	881	241	click
1374118897961	92	117	37	click
1369838813703	68	13	32	click
1366362987521	24	943	199	show
1372245151053	117	230	244	show
1372303855914	149	946	410	click
1373870922014	46	979	371	show
1371153134409	93	838	1	click
1366826351146	97	765	268	show
1373873834499	86	705	267	show
1366890991214	130	979	312	show
1369226414263	77	52	10	click
1367994264659	81	615	427	show
1368641468098	24	16	100	click
1372721513132	68	882	68	show
1367210908068	85	905	397	show
1371540421765	54	469	119	click
1369765422677	140	978	450	click
1368361148615	44	280	293	show
1369701264482	7	457	158	click
1369726905624	83	359	315	show
1370766334697	83	222	276	click
1369649572857	114	25	354	click
1369791175219	59	516	344	click
1372580537405	56	969	121	show
1372403830242	76	441	449	show
1372500804159	72	92	258	click
1369978259721	140	178	265	show
1370677507751	79	76	45	show
1368187230986	127	989	33	show
1369533764406	96	658	316	click
1373310940895	52	369	293	show
1371396915103	126	83	316	show
1373945809689	73	290	162	click
1368293090059	41	511	169	click
1368504561652	124	227	305	click
1371070964417	105	998	24	click
1368466627386	31	813	499	click
1366910332048	127	850	77	click
1366513384517	123	924	10	show
1367716040040	50	410	105	show
1369291690328	120	779	409	show
1368718071050	113	488	180	show
1370385607643	22	818	185	click
1373605520750	79	221	235	show
1372106737173	1	583	158	show
1369692218902	121	773	192	click
1372435108653	94	358	322	show
1369714763512	63	383	63	click
1367448087192	65	32	500	click
1366698985543	3	258	115	click
1369512809204	100	155	133	click
1366897642587	141	979	156	click
1373656639106	71	203	50	click
1372343838872	4	771	491	click
1366697242802	89	407	249	click
1370958717681	18	598	463	show
1367064904092	98	87	399	click
1369886474045	20	396	399	click
1368396674998	78	47	403	show
1369344896479	109	601	333	click
1372972948863	64	589	469	click
1370000264826	52	434	203	click
1368516838987	26	784	267	show
1368521122433	41	118	249	click
1372017817650	72	611	408	show
1371778642614	87	742	81	show
1367981047121	22	101	152	show
1368933991051	137	448	232	click
1372198975101	38	612	371	click
1371597817154	141	251	178	show
1368457585567	2	965	268	click
1366751556357	73	182	402	show
1371935751521	150	132	440	click
1368569586710	48	584	153	click
1369836392780	87	662	13	show
1369131356913	19	913	314	show
1373520890831	56	424	472	click
1374162361801	8	84	159	click
1373450818709	51	374	172	show
1367337929866	135	186	432	click
1368106701005	3	935	141	show
1366477644634	49	196	151	click
1370738703430	58	421	327	click
1369151452312	33	4	439	click
1368412042229	48	96	370	click
1369150579288	111	886	163	show
1369929908699	86	622	183	show
1372526936904	19	516	452	show
1369457608065	131	741	142	click
1367622080529	136	59	189	click
1366671235035	144	325	357	show
1371719922933	45	734	47	show
1371198351780	4	136	375	click
1366565802043	149	481	309	show
1368062671130	4	889	468	show
1373905970378	92	61	236	click
1371816930529	40	308	477	click
1367722542677	34	688	304	click
1371270261739	109	743	407	show
1369553077770	137	961	39	show
1369599702307	150	18	475	click
1368709925237	57	141	421	click
1371146585756	69	379	358	show
1372515048637	58	498	109	show
1373927286966	106	167	136	click
1366841071694	122	729	390	click
1371930179578	57	774	197	click
1372742389463	16	792	378	click
1372841509535	51	901	22	click
1373030705437	68	950	45	show
1372563519776	2	496	499	show
1371581582319	134	742	13	show
1368306281911	146	506	156	click
1373373113990	129	666	379	click
1368915844227	86	11	280	show
1372592569195	10	842	267	show
1370849572102	131	97	475	show
1369006900314	134	581	205	show
1372037819684	97	136	271	click
1367521636669	126	29	462	click
1368310930051	109	716	251	show
1373955522145	111	418	62	click
1373294522142	25	225	219	click
1373609316006	132	167	398	click
1369460377410	107	685	277	show
1367928776416	73	336	309	click
1369578034008	98	111	282	click
1370149814765	45	349	313	click
1367330184662	5	864	353	click
1370117958279	88	731	71	show
1370653150641	125	402	444	click
1368251378281	149	151	407	show
1369091313166	15	687	248	click
1371656875205	130	782	128	click
1369958269646	4	696	190	click
1367278109048	21	982	3	click
1372452969895	148	453	338	click
1368468562176	84	3	436	show
1366392862676	62	192	288	click
1369247025063	35	956	93	show
1373342751625	9	285	73	show
1370953912151	71	704	369	show
1370928657522	101	42	213	show
1374203291620	139	1	81	show
1366353978331	109	56	155	show
1370848969784	23	853	410	click
1370242982700	105	103	209	click
1367451712629	146	239	458	click
1370321031502	9	255	387	show
1371920118123	18	743	368	click
1373396678151	67	716	132	show
1370683682025	119	831	61	show
1373399708098	117	24	494	show
1369835116659	64	590	154	show
1367738631619	115	491	107	show
1370320109259	50	480	462	show
1373000776270	111	171	100	show
1369313601253	107	913	206	show
1371112554209	9	630	200	click
1371694761968	23	995	76	show
1371877867813	120	603	321	click
1369727478138	68	982	471	show
1373598793851	79	692	9	click
1369261866161	113	808	359	show
1373494902801	93	970	11	show
1370488889180	137	138	315	click
1370588944326	135	499	31	show
1373308518759	121	793	401	click
1369780331049	137	218	281	click
1368196629117	126	187	182	show
1370979987712	42	874	171	click
1369847795666	130	67	428	click
1372662168806	85	790	487	click
1373193400090	77	607	30	click
1373728669399	123	812	75	click
1371348150461	145	783	261	show
1372411976262	146	141	270	click
1373265331515	8	301	94	click
1367237691770	12	485	401	click
1367261524080	54	616	462	show
1367559537792	77	550	409	click
1371868481125	99	993	101	show
1369046686163	87	264	52	click
1366374627798	44	633	379	click
1373840202004	9	299	338	click
1370022133349	7	846	368	click
1367405916966	81	355	385	click
1373332738362	47	608	10	click
1367803358532	82	849	31	show
1366721661167	17	171	291	show
1373960957902	24	813	301	click
1372347391534	83	214	363	show
1369226787976	86	208	211	show
1374151415972	108	950	239	show
1370050323798	114	994	323	show
1372854825568	91	696	335	click
1369202945237	85	612	424	click
1372928638456	56	126	196	click
1370614724347	27	652	16	show
1367078121030	144	84	493	click
1373025000427	107	6	209	show
1367136810561	96	798	190	click
1374060658894	62	13	417	click
1371795990370	18	112	328	click
1371588022820	131	700	45	click
1370160416557	24	561	34	show
1370518320754	58	154	408	show
1369269618024	114	222	358	show
1371635736813	128	12	426	click
1371308044791	72	586	140	show
1369240999421	55	486	377	click
1368013579637	98	107	300	show
1373927578793	74	68	462	show
1366831923430	136	943	351	click
1372357852807	118	920	302	click
1369643831633	92	401	236	click
1366641988538	7	276	478	show
1372344555516	72	160	228	show
1372969980940	11	335	155	show
1369354761922	87	169	147	click
1372433340197	58	52	373	click
1368742595086	108	604	290	show
1371977611474	136	581	180	show
1370506459314	108	814	140	show
1371406067276	123	406	365	show
1372637196707	39	875	140	show
1370410068720	87	150	476	show
1368148712672	7	791	112	click
1366645726508	150	386	283	click
1368029875871	113	582	382	show
1369209275577	134	280	390	show
1372198636447	46	20	141	show
1368235796274	77	108	124	click
1372885488957	99	513	329	click
1366794739582	85	760	360	show
1369057347352	140	514	109	show
1371631073869	54	832	192	show
1373487992422	85	883	86	click
1368661483063	60	41	334	click
1369776511960	108	595	479	show
1366933613364	132	229	198	click
1368773219992	60	883	252	click
1367186375910	79	500	93	click
1373446336469	145	123	131	click
1367094618525	39	16	437	click
1366386933831	1	633	181	show
1370847564423	93	767	170	click
1372605358216	104	549	419	show
1369234865650	118	694	156	show
1370404224949	35	878	120	show
1373414094403	100	882	317	show
1372345892015	131	168	286	show
1372548772337	147	962	207	click
1369144411813	45	981	33	click
1368515082823	119	176	388	click
1372228292243	13	419	158	show
1371379275938	84	569	14	click
1369846294762	69	904	143	click
1369598373991	46	685	74	click
1374195362352	64	426	389	click
1374200221957	66	545	104	click
1370636556592	97	923	480	click
1373186865350	105	256	249	show
1371334740924	49	558	170	click
1369415303021	136	762	256	click
1372393017289	118	482	247	click
1373423586505	17	880	437	show
1367741113226	81	507	13	show
1371569535683	17	80	489	click
1372284123024	140	534	269	show
1369224982110	35	978	71	click
1371350490666	83	702	255	show
1369341544144	52	755	487	show
1369570647912	112	630	386	show
1366508893942	69	921	126	show
1370603392447	146	973	272	show
1371202830692	34	969	228	show
1373343315414	103	926	265	click
1368499416009	69	388	455	click
1369192750291	28	586	107	show
1373788198346	139	102	212	show
1372291373559	51	249	377	click
1372458230487	74	146	243	show
1373432426215	146	694	80	click
1374053267342	141	858	182	show
1369910548307	91	218	53	show
1367991385253	49	510	52	show
1368162782972	59	780	291	show
1366823058143	100	530	54	click
1369454601857	49	422	329	show
1368510836713	140	174	16	click
1367220094797	106	252	39	click
1372558280796	49	523	29	click
1372235273474	108	40	42	click
1371428949273	119	187	392	show
1367958042564	54	735	386	show
1371112762433	130	489	435	click
1371732375632	5	637	492	click
1370826412308	28	241	259	click
1371445768591	78	133	308	click
1367943151604	102	169	164	show
1371779462849	37	736	142	show
1371403903716	102	473	126	show
1369250178300	80	998	250	click
1373927433921	71	559	289	show
1368908763257	11	728	366	show
1367298321125	121	278	81	click
1370692320909	33	348	336	click
1367271408888	91	892	203	click
1369776759334	124	731	152	click
1372299618293	124	556	42	click
1372534661438	103	336	200	show
1367055240922	89	958	496	click
1369332273058	65	299	15	show
1371898519580	113	643	23	click
1372892384796	98	346	29	click
1368927946289	44	83	443	show
1367755241675	76	652	216	click
1372213196752	77	846	103	click
1374010922663	129	297	360	click
1370438266320	50	796	32	click
1374028203986	59	34	306	click
1367761962887	37	698	106	show
1371542283085	149	760	389	click
1368973884538	72	549	24	show
1368576633259	145	337	260	show
1373818531610	69	848	454	show
1371082324079	100	716	435	show
1367507836764	8	126	8	show
1374008187784	114	864	48	click
1367582675504	19	941	403	show
1372915556683	148	849	352	click
1368619949892	66	49	35	click
1368198765252	87	105	465	show
1370223514045	129	627	493	click
1372966894676	79	134	156	click
1367778730985	81	152	349	click
1367900042145	66	321	126	click
1369749013531	49	394	165	click
1370226018177	125	887	253	click
1369933520596	80	96	425	show
1367953611068	57	512	323	click
1370797507427	126	684	490	click
1370979268149	62	197	101	click
1371822040156	134	659	110	click
1366575346482	69	184	196	show
1366522787281	25	976	381	click
1371333563325	109	253	318	click
1371892762599	100	660	418	show
1368733498372	63	297	359	show
1372273322154	148	874	410	show
1367249883726	138	511	462	show
1369156572614	148	409	265	click
1372370890130	1	883	341	click
1373260807685	83	410	372	show
1366824646356	99	4	413	show
1370592256315	129	480	210	show
1371398956198	71	192	382	click
1367322080014	12	973	265	click
1366700057850	46	859	391	show
1372527784910	139	379	176	show
1373557682022	146	538	213	show
1368527910917	2	237	70	show
1370445246778	41	46	428	show
1374091147490	135	789	236	click
1371335056833	5	124	367	show
1366650212091	19	755	313	click
1369382795648	123	842	461	click
1368042973570	84	111	134	click
1369923473841	131	223	291	show
1372633832547	149	210	275	click
1370866465144	129	246	316	click
1372401395398	35	796	270	click
1372374284805	7	110	315	click
1369951197300	89	459	300	show
1366608509497	13	508	384	show
1373353367974	74	646	66	click
1368662936430	149	745	21	click
1367165724074	77	964	285	click
1373544613470	44	252	82	show
1369756460680	40	166	461	show
1368484111734	103	630	462	show
1369661455650	69	78	479	show
1373940914419	37	400	359	show
1368591423214	133	603	41	click
1372066274891	144	240	286	click
1367191639204	87	841	492	click
1374197931825	20	213	85	click
1367575026172	138	447	305	click
1371713343916	9	308	335	click
1366671538147	142	121	364	show
1366896672290	105	565	109	click
1372507809597	19	95	251	show
1367035800607	96	684	67	click
1371025471521	123	503	85	click
1369552435139	88	341	356	click
1368091083432	120	240	101	click
1370082198229	100	952	348	click
1373554132268	119	913	488	click
1366555384683	73	944	414	click
1370918033677	47	640	332	show
1367868869624	79	914	309	show
1367242025375	29	122	426	click
1369668599142	110	454	266	show
1372563618751	142	824	213	show
1370375686102	40	536	451	show
1373853113236	127	348	212	click
1371573764824	57	604	379	click
1370143649897	14	781	292	show
1368412512035	99	195	242	click
1370662593821	39	277	448	click
1371273489387	130	364	412	click
1366616171181	31	455	374	show
1373670515642	89	136	384	show
1370045445294	125	172	276	click
1367532846417	113	447	80	show
1373304758045	27	961	190	click
1370956694147	7	593	13	show
1374030526502	30	554	87	click
1367786651282	135	92	325	show
1370143259845	134	260	371	click
1372651744244	65	838	364	show
1371941702096	145	537	285	click
1369508212251	141	175	61	show
1368501978275	23	518	114	click
1374143299583	8	742	487	click
1367791710630	48	350	242	show
1372312723988	139	456	327	show
1366914540610	118	876	69	click
1370863535326	58	484	131	show
1366425605051	48	684	66	show
1371472626655	10	563	387	show
1369846701339	64	547	164	click
1369801858755	11	606	200	click
1371194339785	102	808	327	click
1372248568182	11	318	469	click
1368294557934	88	601	328	show
1369466116231	12	3	350	click
1371720980777	117	380	169	click
1373561463971	46	598	157	show
1371991535448	91	876	242	show
1370452543680	26	632	327	click
1371146381209	48	985	493	show
1370715234311	18	534	231	click
1367295696576	43	696	133	click
1368561315911	6	84	229	click
1366828967922	59	595	223	click
1371410710755	27	714	366	click
1373829524037	129	659	41	show
1367068952584	135	349	76	click
1369765371123	41	569	166	show
1366411254502	77	856	64	click
1373427503448	37	276	437	show
1369464174575	107	486	139	show
1372340825944	10	524	88	click
1367317185722	94	570	117	click
1367581314814	38	628	172	click
1369791338195	60	174	406	show
1371742253190	107	402	409	click
1368080178516	53	605	363	click
1368285324470	42	339	433	click
1371541675483	56	77	165	show
1366371589536	134	394	265	click
1368184010949	1	692	392	show
1373704485974	37	856	89	show
1367619749570	122	93	91	click
1369276997489	106	503	246	click
1370201926860	145	364	143	show
1369915070908	38	632	388	show
1367845281131	28	528	277	show
1366572306988	39	303	108	show
1372440419890	70	841	45	click
1367935378307	71	76	153	show
1370271743161	135	242	21	click
1369592523173	131	436	15	click
1371551956652	110	661	154	show
1369133428995	73	65	496	show
1372586727218	111	151	376	show
1366892359153	79	169	491	click
1373678243591	132	521	254	show
1370984374897	56	957	461	click
1366665794639	8	559	322	click
1373031480037	149	554	188	show
1370203803484	126	183	296	show
1368286067933	134	320	329	show
1370414152535	56	903	251	click
1369466333556	127	421	57	click
1368472180483	109	839	222	click
1371538373093	26	596	93	click
1373710030109	66	773	254	click
1373065473417	90	413	104	click
1371399397912	135	981	270	click
1370730102061	120	392	299	show
1373078320901	60	828	339	click
1367758348353	66	827	198	click
1371392071856	97	594	123	show
1373618620200	97	391	87	show
1367479041164	145	49	418	show
1367077853553	84	755	82	show
1371327265130	20	512	216	click
1367003092206	21	566	474	show
1373248883131	131	911	146	click
1367418891422	11	542	269	click
1372803729916	16	575	270	show
1372286437452	24	35	379	click
1370453004078	136	690	385	show
1373643605507	150	359	55	click
1371911324927	143	245	293	show
1371895925889	10	692	490	click
1367468276060	34	426	233	click
1371288114807	3	961	449	show
1368355742579	46	106	184	click
1370975311511	36	118	57	show
1372667258385	7	251	23	show
1367456969069	42	476	419	click
1372671844805	66	871	491	show
1367563440115	72	202	120	click
1369920750999	42	407	80	click
1368330310175	59	138	229	show
1371524949116	31	291	287	click
1373353004643	97	771	156	show
1373720017020	14	878	32	show
1368451482503	83	71	311	show
1373672745540	33	196	243	click
1366752407675	16	632	209	show
1373917077647	58	117	439	show
1368604801545	101	640	394	show
1373312699890	122	475	388	show
1371741166951	132	792	390	click
1366812278152	53	954	148	show
1370677660510	48	742	215	show
1368895278215	62	598	463	show
1371457646069	62	453	348	click
1370855541090	59	524	479	show
1370751877485	125	967	293	show
1370081315553	83	752	69	show
1370867124968	48	950	383	show
1372739933046	144	809	345	show
1373178697737	33	485	178	show
1370453650773	25	643	373	click
1370350530861	85	294	306	click
1368275932439	111	125	59	click
1368158638892	100	253	322	click
1372911826347	67	792	402	show
1369756628517	53	576	120	show
1370311139680	79	744	89	show
1366807951468	101	54	117	show
1373942443292	75	17	467	click
1367053570554	120	17	113	click
1368758699952	70	108	70	click
1368152187800	86	476	48	show
1368891176428	114	927	155	show
1367586363912	52	548	373	show
1368184941140	150	173	111	show
1368625648379	109	947	475	click
1369184022707	118	129	164	click
1369010399498	99	667	99	click
1367743495069	97	664	420	click
1371030900702	123	104	110	show
1373001903672	28	996	482	click
1370565295032	28	595	115	show
1372474439219	95	375	98	click
1367225085858	32	265	448	click
1367966160264	5	703	170	click
1373089654130	110	393	171	show
1371171565860	138	64	179	click
1371984545771	119	968	302	show
1367132992739	148	678	212	click
1371286567249	12	604	73	click
1368147829612	2	258	80	click
1373357941720	64	803	16	click
1373991385764	46	21	353	show
1370380923469	35	173	67	click
1372466723324	73	143	147	show
1370526761735	47	993	352	click
1373246048991	47	160	178	show
1370500833390	130	732	281	show
1372048778274	27	937	108	click
1369130762675	77	556	39	show
1369252681680	89	767	138	click
1367399109155	150	187	402	show
1369736681598	14	469	156	click
1368687597068	67	235	278	show
1368869806294	42	181	113	click
1372815171183	136	665	290	click
1372166550781	93	739	135	show
1372648130742	131	23	310	show
1373859037442	137	279	187	show
1373350044067	39	809	30	show
1372041199041	148	716	157	show
1369610635447	114	580	183	show
1370349402935	60	610	144	click
1369718960790	58	341	284	click
1367695263253	9	510	496	show
1373528668569	62	279	189	click
1370512375488	40	485	398	show
1369122838862	117	961	187	show
1372921495542	18	885	436	click
1369001939955	97	223	494	show
1373562712478	13	540	183	show
1372871606426	39	626	319	show
1366427762419	92	939	142	click
1366866357964	120	389	264	click
1368355098230	72	959	216	show
1373259881977	31	751	272	click
1368733358882	35	448	18	show
1372337750706	133	763	141	show
1369469818457	124	479	225	click
1366953352705	131	997	375	click
1366720211368	71	724	255	show
1366897217314	25	71	5	click
1367499271980	69	802	330	show
1367590727870	18	954	59	show
1372972281945	43	333	229	show
1367891454492	67	1000	297	show
1374203847161	8	115	482	click
1371693625142	130	26	384	click
1372433262358	42	153	438	show
1368212180662	26	453	175	show
1373568992107	99	447	422	show
1370703565148	64	165	389	show
1372391135251	5	339	429	click
1369026438110	135	228	159	click
1371994865078	12	76	294	click
1368932930235	121	348	374	show
1371472049843	120	43	353	click
1366664930607	66	208	267	click
1368608127727	12	242	428	show
1369073377745	83	154	58	click
1370305547389	112	760	199	show
1373723597183	147	147	249	click
1368178665940	23	421	66	click
1369728200495	104	256	413	click
1369539336388	82	30	409	show
1367571873474	28	33	401	show
1368552482258	30	107	435	click
1367650929267	11	413	273	show
1366426530201	123	260	356	show
1367688958394	26	298	431	click
1366964090519	124	418	484	show
1370051857730	20	841	398	show
1367899275520	116	915	123	show
1367106059817	46	291	46	click
1369578856334	30	19	246	show
1366773454073	82	901	52	show
1366583786858	56	582	346	click
1370879200952	74	884	72	show
1373196960597	2	650	407	click
1369057369822	79	521	2	click
1373906552472	83	773	99	click
1367777492713	66	169	310	show
1368114228427	89	782	496	click
1367142717261	79	230	284	show
1372953657134	90	175	411	show
1372181251114	41	942	113	show
1369795730527	139	607	267	show
1367521071633	119	859	61	click
1369363999459	3	759	480	show
1371172809979	137	868	10	click
1372391469133	10	7	418	click
1368386841844	62	963	321	show
1367848069562	87	793	8	show
1372671710278	126	763	238	show
1371727193797	50	216	151	click
1372223814676	14	362	87	show
1367512943174	53	621	416	click
1367716430144	65	931	173	click
1370739314703	62	257	368	show
1368303330954	63	632	242	show
1371869128491	96	209	452	show
1367249623694	131	184	362	click
1369561714345	76	272	107	click
1373604185529	85	813	16	click
1368652632690	67	442	9	show
1371263111707	5	85	348	click
1370653894825	18	491	499	show
1368198189518	143	914	431	click
1366638998236	68	21	418	show
1370008765554	54	690	485	show
1366568467358	3	444	47	show
1371336409380	40	725	147	show
1371369180703	137	644	398	click
1371741214197	140	255	396	show
1368158143993	55	55	383	click
1370012082907	140	179	324	click
1367890673385	15	710	343	show
1372610684649	79	465	399	click
1370808780237	52	489	292	show
1370496499071	116	631	266	click
1368133072303	50	932	162	show
1372407114531	74	825	22	click
1372318170575	56	2	80	click
1373836821341	34	152	219	click
1372343259039	145	278	75	click
1367270231542	111	461	182	show
1372519177394	57	776	79	show
1373357539954	69	587	160	click
1370145448976	137	728	414	show
1370158692743	73	726	189	click
1371355142908	56	44	414	click
1371730799204	86	564	372	click
1370610758263	141	414	496	show
1368482343172	126	616	445	click
1367059513680	72	695	395	click
1372845426535	46	608	379	show
1370933495718	16	145	118	show
1374170765274	120	449	151	show
1368730712199	13	41	171	click
1368414215198	13	133	192	show
1366580987276	129	61	156	show
1370243963922	21	496	31	show
1369919110869	147	505	395	click
1372001782004	7	15	273	click
1373421847157	49	227	459	show
1367352246785	103	564	220	click
1372013472405	131	650	474	show
1369307307888	100	852	446	show
1370815451372	80	915	45	click
1373387673741	85	780	334	show
1372860125119	21	123	51	click
1368589091953	105	899	281	click
1369903084714	69	243	459	show
1373674151998	48	700	337	click
1372543742954	80	603	322	click
1370401007944	80	362	426	show
1371082766946	114	741	78	show
1369090860166	92	567	37	click
1373585061012	117	412	407	show
1367837442542	12	507	79	click
1373933350196	3	873	57	click
1373141629530	33	894	139	click
1369442885825	11	190	51	click
1370078219830	5	172	410	click
1374083860276	105	935	491	click
1366649045270	95	110	14	click
1369382691505	12	958	13	click
1373721882614	134	37	84	click
1370624646387	16	352	338	show
1369294367578	88	134	420	click
1368220664994	118	592	96	click
1366403351669	17	650	21	show
1372395465634	60	396	153	show
1373070469835	140	380	304	show
1371083854790	34	77	497	click
1373785134540	25	816	202	click
1370790182778	35	78	261	click
1367870166809	86	803	149	show
1372092641498	93	869	316	show
1372431146092	90	826	235	show
1370162099394	132	837	35	click
1366800579370	107	792	295	click
1370191462648	121	300	221	show
1367995235065	85	46	400	click
1370354708889	24	513	202	click
1370511578264	101	269	93	show
1367216754893	78	412	461	click
1371564995840	70	147	434	show
1369148720010	51	918	49	click
1368104860470	102	910	92	click
1371338628670	96	995	120	click
1367371651248	114	170	365	show
1371167316822	142	633	309	show
1370836852184	146	933	435	click
1367855259555	9	873	192	show
1370230857072	131	685	101	click
1372462668279	96	600	272	click
1373746624232	50	922	108	click
1369763301287	34	178	472	click
1368367346691	11	471	203	click
1373590434918	132	396	353	show
1371991339849	5	240	296	show
1370262448217	107	229	185	click
1373758323010	64	956	122	show
1370750401159	116	545	317	click
1367396493052	94	718	462	show
1370618146208	57	606	85	click
1366572196159	97	596	405	click
1374081459702	25	354	456	click
1370187195285	85	462	237	show
1371507346309	52	181	260	show
1372551890678	106	871	31	show
1372096011491	87	910	292	show
1371620928576	42	225	102	show
1367013477810	140	88	109	show
1367547383110	30	353	343	click
1373222567206	134	341	322	show
1366500114236	53	303	282	show
1368583553971	109	472	373	click
1367279688638	75	203	38	show
1372715436921	35	801	273	click
1373633135845	112	771	367	click
1366951455318	64	69	295	click
1372382199801	132	940	228	show
1368279454571	131	983	409	show
1371384842132	104	385	302	show
1367480819587	41	596	9	click
1370287799220	98	528	445	click
1371809757822	78	23	61	show
1367475656982	113	428	181	click
1367422748513	6	815	458	click
1366563941091	62	114	328	click
1367956740555	89	75	219	click
1368188139066	121	979	70	click
1374155342641	102	331	115	click
1370817817305	55	139	443	click
1370289042047	110	466	101	show
1372250764343	116	635	323	show
1374121907884	53	324	393	show
1369528174557	129	301	377	click
1373567064428	141	264	389	click
1373744912582	85	86	178	click
1370792679965	120	86	331	show
1373724027179	132	218	52	show
1370435782371	91	138	423	click
1369678206122	80	564	462	click
1368205090497	129	389	89	click
1368594963879	64	639	424	show
1372072854558	12	679	118	click
1370530509416	123	481	383	show
1368440905820	51	638	25	show
1372156565420	36	244	271	show
1367604907371	35	216	258	click
1366780827607	91	690	286	show
1370617257657	49	740	460	click
1369804994874	11	43	427	show
1372684359435	101	995	203	show
1370989326244	54	581	43	click
1366481663279	41	840	391	click
1366465862734	147	729	206	show
1369533623583	117	679	177	click
1369382155960	52	800	140	show
1372434222015	62	161	309	show
1371272893325	137	138	500	show
1368013361316	119	228	285	show
1369111289078	3	459	448	show
1371603426299	11	629	19	click
1373491546211	123	449	265	show
1373889609340	29	314	117	show
1372441292944	20	246	100	click
1367784334103	66	32	359	show
1371227135136	23	509	224	click
1368225340336	144	757	263	click
1367037925487	126	643	186	show
1367995997075	106	261	307	click
1369068729735	72	521	7	show
1373026620862	146	140	40	click
1368381763545	96	371	483	click
1369962251099	46	72	195	click
1371429740134	108	380	221	show
1374163237626	64	514	96	click
1366442916454	77	414	143	click
1373948462301	2	120	322	show
1369149054924	100	190	432	show
1372638832827	132	955	32	show
1371683403295	84	407	132	click
1366665181204	64	755	184	show
1373090790257	126	209	161	click
1369045994535	138	799	54	show
1368042648868	72	681	417	click
1368566083239	2	468	346	show
1373475332090	24	651	55	click
1367998993616	22	132	490	click
1373807454955	84	230	258	click
1368292411439	48	842	40	click
1368886368811	43	823	445	show
1367275886050	36	283	246	click
1369836433123	58	227	391	show
1369632119970	131	605	364	click
1372980598525	116	575	86	show
1370209562295	56	945	70	click
1369839757066	150	517	190	show
1372513822753	108	829	285	click
1371459141283	136	707	434	click
1370570083938	143	775	351	show
1373635276007	66	902	425	click
1371393703984	7	346	289	click
1368785195947	29	501	454	click
1367577269873	140	941	437	show
1373923233816	14	499	29	show
1369228886769	8	664	407	show
1367756196789	41	660	391	show
1368472400951	49	743	344	show
1369625794727	146	83	476	click
1370017899534	111	386	108	show
1370392233426	47	427	271	show
1369955080567	51	163	174	show
1372480230110	78	530	239	click
1371037963815	79	325	63	click
1371836060166	148	192	343	show
1367887096504	31	171	163	click
1371468803780	149	940	27	show
1371836963498	123	863	186	show
1373259416502	122	640	314	show
1368838487616	148	485	145	click
1367235043983	63	451	280	show
1367075621500	16	309	354	click
1367064719570	113	491	308	click
1369310580036	25	523	250	show
1370608898835	130	979	265	show
1370436778932	114	633	256	show
1370751732088	107	837	92	click
1366477768917	47	343	429	click
1369738820609	18	549	438	show
1371966382781	49	411	240	click
1369694218340	84	488	427	click
1369471082948	140	558	52	show
1372369004138	21	432	383	show
1370488698897	108	942	206	show
1370312374896	148	87	420	show
1372451575439	95	352	363	click
1370883103286	124	138	149	click
1370608005507	101	654	430	click
1373716984233	61	448	43	show
1370406102298	137	625	482	show
1367907978086	150	521	282	show
1368796396948	121	876	417	show
1370580210818	26	365	5	show
1367907134886	123	500	492	click
1371963557427	98	446	489	click
1368371788180	72	329	305	show
1368015866486	93	907	164	click
1370063671543	86	591	256	click
1367506473876	73	93	313	show
1370450337780	21	206	166	show
1371868777902	33	516	363	show
1373846863143	110	790	117	click
1373711034181	101	731	361	show
1371691006557	6	300	105	show
1367189817276	59	746	91	show
1369733902912	100	166	265	click
1369308807607	102	982	337	show
1366860219338	4	421	220	show
1370932148558	114	138	374	show
1367886817455	109	645	429	click
1373436585767	114	677	476	show
1371234706775	107	207	51	show
1368230547659	25	934	496	show
1368903598109	13	717	339	show
1368183049760	80	947	361	click
1372025339651	42	916	56	show
1369126758552	127	113	52	click
1369965790109	90	267	181	click
1370136196124	49	748	226	click
1371868411544	41	331	226	click
1368125225387	42	383	67	show
1366545733719	136	557	440	click
1366839014644	1	959	113	click
1368615078483	61	54	4	show
1373562732247	149	377	134	show
1370289924662	41	889	301	click
1366594172840	91	173	249	show
1366729200676	97	200	263	show
1366635123921	145	911	79	show
1370236282022	83	442	43	click
1367649136543	132	24	233	show
1371146705722	37	305	469	show
1371863932089	59	263	147	click
1371134290734	66	641	232	show
1371420800825	62	34	141	click
1372847366445	34	976	30	click
1370913340480	18	163	129	click
1367464308185	123	809	90	show
1367675760171	104	547	379	click
1373408919058	97	971	141	show
1371297980581	32	41	173	click
1373830882195	85	155	446	click
1371305566102	67	169	326	show
1370609458993	90	541	153	click
1373424638197	141	276	361	click
1373500650169	77	349	253	show
1370518407819	104	65	199	show
1369737335057	76	830	339	show
1372474976136	11	735	482	click
1368352637771	136	215	211	click
1366800884459	93	463	457	show
1371084613496	127	764	194	click
1371217438611	22	623	105	click
1366518416257	111	963	222	show
1371828341895	79	57	72	show
1373039395571	77	316	449	click
1369206126188	119	856	394	click
1373451470401	51	866	188	show
1369661887350	1	464	425	click
1372975814529	94	990	125	click
1371758293986	142	805	40	show
1369322003585	40	633	252	click
1371436744992	102	741	353	click
1367813817251	59	952	301	show
1369929630518	122	393	164	show
1372109428265	113	920	38	show
1370458423192	122	670	452	click
1369686433136	134	406	233	show
1374139520709	65	647	367	show
1372728339526	54	803	458	click
1369090616465	92	600	470	click
1371830188702	105	278	280	click
1367696726831	116	523	167	click
1373067063102	38	991	271	show
1369666556051	64	436	16	click
1367099237656	107	413	288	click
1370473724001	83	681	417	click
1367560827708	22	256	167	click
1366437026119	41	910	435	show
1373413479411	128	393	111	click
1369941597444	108	782	152	show
1373644904606	28	859	53	click
1373080403993	6	261	130	show
1370632419953	123	908	31	click
1368651150997	147	903	433	show
1368407578729	81	697	177	click
1367355967163	63	700	248	click
1370716083872	38	246	186	show
1371433081373	139	572	107	click
1372910715994	106	124	65	click
1369494399943	141	694	23	show
1368355145838	73	393	278	click
1370906957835	46	280	453	show
1371651674534	121	622	142	show
1366752008615	33	822	290	show
1370230882081	109	98	57	show
1371712736426	67	924	166	show
1370207507173	27	326	463	click
1372229214382	82	367	172	show
1368586586779	14	848	446	show
1368564234299	135	814	89	show
1366654986791	55	460	54	click
1368972914215	130	655	129	click
1367529915661	64	84	268	click
1367529141337	129	61	258	show
1370872898324	73	932	196	show
1369238917744	65	525	188	click
1368550636622	71	657	222	show
1370000067332	97	841	353	show
1374031011220	101	237	183	click
1368399748003	114	645	248	click
1371298174738	44	478	320	show
1373635615370	98	866	43	show
1371071459925	15	679	31	show
1369264177805	96	461	315	click
1371676277392	99	908	317	click
1369770410787	43	301	240	show
1371913395661	110	590	458	show
1373387956687	30	698	8	show
1374007790510	109	635	389	click
1370353678484	15	464	420	click
1371127675144	125	450	53	click
1373734373306	102	615	215	show
1369820009952	98	446	400	click
1370006541449	146	45	18	show
1373448961361	87	920	82	click
1371523676761	12	269	259	click
1373129245175	62	747	140	show
1368593955480	77	769	3	show
1367572749615	11	746	251	click
1370815018263	51	635	87	show
1371158775779	80	84	174	click
1374136329551	57	225	366	show
1371615018720	76	688	356	click
1369531614352	7	130	376	show
1374184258506	134	244	360	click
1372765940042	120	675	351	show
1370889446542	107	973	172	show
1370075656522	56	319	458	show
1369390059805	11	994	479	click
1367994838726	107	246	332	click
1371012366099	54	596	302	show
1371057029916	22	933	366	click
1367353754362	26	447	326	show
1374055521844	67	944	3	click
1369251439408	150	447	494	show
1366699345838	9	503	335	click
1370115401009	50	294	82	show
1367320378871	64	283	410	click
1369455323083	132	724	124	show
1366658548560	86	562	278	click
1373378552471	73	339	411	click
1373555700374	120	687	483	show
1368877752187	134	364	159	click
1369090480210	61	656	290	show
1373164571699	33	748	469	show
1367347081870	82	303	398	show
1369807338109	60	474	22	click
1372849774956	49	428	470	click
1371052942084	142	398	180	click
1374164922612	82	414	459	click
1368308654968	61	434	447	show
1372163205966	25	988	301	click
1368214950772	79	4	493	click
1367675606258	79	297	149	click
1373612831192	90	33	228	click
1369976408299	110	419	350	click
1370834803991	80	671	1	show
1367621770599	97	765	117	click
1373517688434	32	413	250	click
1373410597221	125	951	414	show
1369402141966	112	716	231	show
1371813047512	102	813	402	show
1372214503676	16	21	39	click
1370463035017	16	123	456	show
1373622135972	105	956	41	show
1371035579856	89	813	80	show
1368837608642	129	559	222	show
1370756812873	3	102	418	show
1371854203450	47	806	135	show
1371005497397	120	355	191	show
1373607692179	115	834	402	show
1367157989218	50	900	441	show
1370972228345	57	274	314	show
1370345760688	45	501	404	click
1372217705652	81	202	23	show
1367469641762	19	952	139	show
1369970386024	67	263	183	click
1372437650073	70	429	451	show
1368039489862	45	521	214	click
1370258276017	60	371	150	show
1368875447411	5	532	265	click
1369035478363	139	62	8	click
1367205242326	137	72	386	show
1371450851508	54	280	476	click
1368271457872	26	92	10	show
1370763038466	83	387	41	click
1367487452030	51	690	141	click
1372665470105	133	299	425	show
1366395097633	41	531	485	show
1372980352872	7	836	479	click
1369939414242	133	655	45	show
1371651775199	52	517	13	click
1369720640427	92	131	231	show
1366648418625	84	494	328	click
1366880259012	137	392	162	show
1371313050629	13	337	129	show
1372409627935	26	279	335	show
1373605213162	78	404	308	show
1373049371159	87	415	17	show
1369736134215	28	863	227	click
1368141386381	138	907	406	click
1372622198962	89	864	32	show
1369360755799	136	713	329	show
1368414887310	66	43	402	click
1371301066825	60	730	140	click
1367332946050	27	12	339	show
1374025139017	11	497	369	show
1366665780939	150	880	106	click
1371185691074	84	403	489	show
1367248031541	73	282	184	show
1369354145784	87	523	275	click
1368180445896	23	30	480	click
1370325298320	79	348	111	click
1367869658647	61	530	425	click
1373188592761	121	270	427	click
1372797577219	14	5	80	show
1371095057908	116	437	59	show
1368797103328	2	205	132	show
1373413236075	121	390	128	click
1369975132775	19	537	340	click
1369018087778	39	909	453	show
1366660728586	86	927	403	show
1367393275563	110	434	275	show
1369634385232	16	289	255	click
1373819557000	120	759	479	click
1370839645830	102	316	471	show
1370046348233	106	951	24	show
1367060485337	69	632	65	click
1369394757970	76	484	204	click
1367926488026	97	528	488	click
1369871167856	18	626	229	show
1369898122362	132	902	363	show
1373140821844	120	572	52	click
1370581638619	89	396	356	show
1367670390542	64	680	19	click
1367004001912	112	512	500	click
1367854539779	110	374	427	show
1371602029205	4	574	185	click
1368564243117	4	882	234	show
1368771817587	129	393	472	click
1373307011402	63	111	433	click
1372568011162	46	388	116	click
1369998001648	10	31	30	click
1368274306958	59	24	376	show
1371277578521	78	423	188	click
1371315256576	6	837	71	click
1370421272136	145	324	320	click
1368371371205	65	829	327	show
1370306489815	149	106	423	show
1368663873797	118	583	459	show
1370044898648	145	482	318	show
1372859539965	118	121	203	show
1367035045744	124	65	40	show
1369475270514	64	837	93	click
1373113339922	19	696	114	click
1368515277146	24	470	24	click
1369625898852	95	863	380	show
1368811275601	10	498	311	show
1370727914446	18	418	329	show
1369367575098	103	392	417	show
1367676784810	111	545	66	show
1374183455404	80	880	223	show
1369826534394	134	307	237	show
1367055970771	26	719	434	show
1370138223797	10	342	236	click
1369028779108	102	998	418	show
1371543254817	4	419	439	click
1369607267134	146	686	371	show
1370863086557	15	357	232	click
1373876344213	87	593	483	click
1370459560629	43	278	176	click
1366721327988	133	536	477	show
1368937340877	56	806	373	show
1367876335984	148	611	472	show
1373099464181	94	59	62	click
1370090034505	140	997	495	click
1367765096399	144	78	54	click
1368659817520	130	854	283	show
1370697561081	33	6	127	click
1370516303580	26	742	335	click
1372764561220	38	681	313	click
1369091478562	35	253	96	click
1370289903556	61	544	253	show
1367110371614	74	174	133	click
1367894180748	18	675	185	click
1367798280312	22	283	446	show
1368999825561	147	16	170	show
1372599061450	27	190	495	click
1367735837235	26	657	382	click
1370654377911	70	227	10	click
1367034296830	69	815	355	show
1366885515858	137	969	322	show
1370422727863	82	939	488	click
1371399788149	39	887	288	show
1368512857530	109	528	388	show
1368691722603	121	441	294	click
1370694603356	97	957	63	show
1368973534455	98	720	336	click
1372693928441	29	842	199	click
1371328411643	31	237	335	show
1372058176577	15	911	107	show
1366904091458	95	437	268	show
1369613499765	89	19	67	click
1372615861357	64	93	287	click
1368871733794	54	718	168	click
1371935260736	115	555	151	show
1366549960348	39	463	288	click
1368730165302	73	949	376	show
1367896295080	84	527	238	click
1372288782069	96	48	113	click
1368678699350	145	116	254	click
1371128062621	49	345	451	click
1373425112525	143	560	49	show
1373472990017	36	298	255	click
1371217322584	65	766	196	click
1374101514467	10	564	234	show
1372399175742	6	465	343	show
1371027059748	144	907	114	click
1369375326041	117	782	280	show
1369645643402	96	708	292	show
1367031250297	104	800	257	show
1366647264929	19	673	445	click
1369806577663	89	392	457	show
1369537543867	103	687	332	show
1368036153583	76	451	322	show
1370458020608	30	354	93	click
1373571305443	82	95	338	click
1370169346095	112	40	495	show
1372863363726	147	180	375	click
1372254917498	105	353	207	show
1367993309349	145	834	75	show
1368860054365	8	966	470	show
1369667993309	127	554	141	click
1373308815578	16	208	276	show
1366378474139	9	946	154	click
1370125809509	143	243	436	show
1370751530099	29	364	159	click
1367784761291	145	322	123	click
1370168324760	31	549	178	show
1373868793947	137	818	23	click
1371954449595	146	11	171	click
1367041505543	116	721	154	click
1371242487893	1	759	224	show
1370078459584	7	96	320	show
1370371972738	59	66	388	show
1369386909165	105	579	371	show
1373303801704	74	283	341	click
1371916341894	130	890	107	show
1373722058708	108	742	477	click
1372303002325	91	928	37	click
1371473320653	85	644	464	click
1366993848521	72	640	446	click
1374127744554	34	394	167	show
1369986144108	44	416	260	click
1369748416244	149	709	341	show
1373177056960	15	14	281	click
1371601465363	135	50	397	click
1367780647495	139	664	76	show
1370267877137	17	295	235	show
1368705338080	144	898	73	show
1371768061445	3	233	454	show
1372096001890	124	965	342	click
1368530409188	102	391	215	click
1368215324266	65	995	99	show
1373938479696	74	630	487	click
1373070794618	143	209	492	click
1370806223814	45	1	370	show
1369689519828	46	385	429	click
1367217057515	40	944	124	show
1370755167255	100	907	76	click
1369888369075	90	924	296	click
1368481313942	1	56	118	show
1368473314281	90	9	247	click
1372812230177	141	582	346	click
1373402472449	101	449	289	show
1373448158048	103	343	462	click
1366603197368	97	625	80	show
1370825425869	34	489	96	show
1370810266789	129	995	196	show
1369439804880	47	651	486	show
1369127150594	16	180	302	show
1367526258267	113	137	327	click
1373156112762	137	640	488	show
1374033788627	137	274	304	show
1366732347024	44	82	1	click
1372951463235	127	983	424	show
1366804849123	135	536	190	click
1370980571262	47	36	109	show
1370966097432	140	421	299	show
1372338422046	121	768	70	show
1367529197974	70	546	133	show
1373211318047	45	948	27	click
1373617611541	37	714	484	click
1367948235374	41	731	316	click
1367116401222	121	920	259	click
1368085501386	69	240	500	click
1367239492958	58	96	100	click
1367573824026	59	407	300	click
1372903055142	88	38	198	show
1367849079167	38	77	258	click
1372877873762	145	885	274	show
1372590299781	51	711	243	show
1370643328032	76	344	385	click
1369111073752	53	37	166	show
1367464505154	67	606	283	click
1369511433281	107	610	157	click
1369293829513	123	259	431	click
1369711622304	56	754	430	show
1370580228701	131	895	411	click
1370370924356	23	41	119	click
1367779144533	141	410	102	show
1373528016923	56	105	193	click
1374117656695	125	108	477	click
1374073706393	54	975	351	show
1370168008579	147	970	23	click
1372026768032	115	222	258	show
1366714837229	93	120	474	click
1366457444497	120	558	65	click
1370581338676	74	276	396	show
1367380429414	80	573	116	click
1368187878923	142	905	135	show
1368855411306	78	487	377	click
1373392073323	109	429	38	show
1367384147877	97	88	225	show
1367471008921	38	798	408	show
1366580099877	63	589	361	click
1372524806836	62	142	404	show
1371366977839	40	698	414	show
1373896654129	121	418	435	show
1372740926411	58	899	54	show
1366426777900	33	156	401	click
1369365591438	1	316	370	click
1367109624841	99	343	38	show
1372641915130	142	272	132	click
1367869479522	24	810	262	show
1369478699984	43	762	497	show
1366531046775	29	777	24	show
1370951023596	137	868	192	show
1367449551931	96	911	170	show
1368184210147	17	31	145	show
1369385738833	100	923	52	show
1367900132049	59	127	12	show
1371295802549	60	374	221	show
1367744778695	115	695	449	show
1371799586197	101	80	362	click
1366779585331	37	171	489	show
1370822783858	136	953	20	show
1372568088007	12	280	303	show
1370792371859	6	269	220	click
1369350685605	122	691	352	show
1372345798435	70	316	371	show
1372774856729	29	453	209	show
1373321831657	57	813	52	show
1368914280825	110	352	156	show
1370153458919	70	722	221	show
1373057839742	137	478	94	click
1373882122633	25	311	182	click
1368735847551	106	133	185	click
1371231422409	103	122	301	click
1369615981917	28	605	331	show
1371471415872	17	290	471	show
1371477563733	123	700	429	show
1367657894775	59	166	93	show
1367662654757	124	872	102	show
1370744785266	83	692	151	show
1367880928432	64	140	245	click
1368798386160	88	610	403	click
1368414719455	11	112	349	click
1373125183023	77	292	270	show
1372109167059	1	971	263	click
1373399652113	93	569	17	click
1373634390414	149	21	51	click
1373382411537	134	440	44	click
1367841383462	35	179	308	show
1370885171417	61	293	110	click
1373743109999	19	250	307	show
1370297900575	11	324	201	show
1373876431940	104	9	366	show
1368905478625	11	478	459	click
1369167224679	21	964	252	show
1373052464625	72	187	385	show
1374090195772	84	285	5	click
1371867400263	13	207	38	show
1374035286191	88	754	439	show
1368712086429	17	434	5	show
1374201122966	127	439	425	click
1373289640959	11	517	438	click
1372968996979	41	216	211	show
1371471247925	105	781	60	click
1367438320814	119	643	24	show
1368313578637	56	891	404	click
1368872561150	139	242	271	click
1368848749334	21	742	98	click
1368699805416	21	455	217	click
1372253761469	56	718	172	click
1373999517938	36	998	215	show
1371710038301	72	29	339	show
1367065094645	27	233	61	show
1371900378019	134	964	162	click
1369049741797	135	220	377	click
1370732688232	86	859	367	show
1372738101696	66	574	427	show
1372614331016	134	203	111	show
1368569546460	29	909	213	show
1372696844605	14	874	44	click
1370049967995	40	650	179	click
1367914352251	102	932	491	click
1370682512160	52	485	256	show
1371009074118	121	871	43	show
1370634104155	11	98	35	click
1369414759885	15	20	161	show
1369383372474	6	237	81	click
1373972146608	93	982	452	show
1369305304335	18	753	2	click
1372345904206	31	88	56	show
1366457136810	55	639	103	click
1372272535885	79	226	368	click
1366601324974	80	464	225	click
1374027804846	43	648	148	show
1373394165828	135	535	172	click
1368144201990	60	915	352	click
1370032654919	33	388	109	show
1373850218806	15	80	385	click
1373965616190	88	810	435	click
1373821436495	21	526	128	show
1367072020774	137	374	55	click
1372184262486	29	508	118	show
1366686063257	132	35	425	click
1369421776779	44	659	34	click
1372092616518	65	180	312	show
1372480922453	20	901	36	click
1372857954520	1	603	47	click
1371752753530	21	395	490	click
1369016150033	78	621	431	click
1370653366612	142	386	186	click
1367287835803	115	550	322	show
1371325868715	31	624	185	show
1371587847371	15	380	274	show
1368617598755	119	958	442	click
1373423216769	87	39	189	show
1368945242735	118	884	286	click
1369898391402	142	41	452	show
1369846975945	142	327	412	show
1367442710032	86	632	361	click
1370296451605	143	867	377	click
1370979593536	126	624	338	click
1370266399599	137	515	25	click
1371830092489	84	90	484	show
1367990384267	107	101	175	click
1366570817251	87	884	355	show
1370082355776	138	922	430	show
1370756933949	27	361	328	show
1371514025855	116	185	461	show
1367565131176	111	643	476	show
1368172605933	75	864	13	show
1370300012158	2	393	191	show
1371085669477	34	934	483	click
1366659852767	142	750	63	click
1366828266432	111	891	50	show
1372456900632	30	265	72	click
1369059658885	91	284	178	show
1371032215584	75	509	353	click
1368627546602	103	77	232	click
1369474368256	12	562	147	click
1368815482650	44	504	78	show
1369286183642	121	172	126	show
1373312224586	109	439	377	click
1368829717407	4	432	371	show
1367886920916	56	973	121	click
1367962160550	89	498	41	show
1370392317663	4	473	255	click
1374151616775	51	536	473	show
1372262704287	88	781	475	show
1369688798771	65	299	485	show
1372771107543	106	981	276	click
1371286093380	8	770	60	click
1373545260223	51	383	379	click
1367733171506	148	571	248	click
1370053019485	39	94	216	show
1372859784116	53	246	46	show
1370624276247	60	950	219	show
1372835031516	90	228	37	show
1372459575341	112	708	324	show
1366400882834	125	179	40	click
1366876968789	119	623	202	click
1371550314503	69	278	140	click
1372460542985	8	775	415	show
1368887923392	39	760	478	click
1373994025038	31	596	140	show
1373713037091	50	106	436	click
1370030739044	9	86	75	show
1369123149896	43	899	459	click
1366366796908	72	118	119	show
1367749183343	89	861	338	click
1371765534440	51	448	498	show
1371214951500	21	392	129	show
1367921595822	62	742	287	click
1367472158043	74	564	44	show
1369862485289	68	459	12	show
1369020756556	54	275	39	click
1366975759396	58	475	73	show
1367006666610	98	366	352	click
1372532799572	113	534	437	show
1368213131713	135	701	33	show
1368664315866	102	322	209	show
1372093552544	150	634	427	click
1369872183063	32	718	319	show
1368127382883	114	586	134	click
1368113243037	80	350	179	show
1368917170343	143	960	308	click
1372612002790	55	147	404	click
1367015543020	65	779	456	show
1369121766185	75	551	441	click
1370189689428	94	642	94	click
1372106176699	143	978	313	click
1373971983903	14	917	405	show
1368066467305	132	382	393	show
1367516931857	73	165	214	click
1367013813780	25	29	270	show
1367375744077	111	324	360	click
1370518292231	24	836	373	click
1367552139131	15	640	58	click
1369454808984	74	319	65	click
1372243960022	63	612	286	click
1368355953339	23	214	319	show
1367686508924	103	344	307	click
1373453044216	77	829	261	click
1368648217902	131	759	233	show
1367466526200	113	744	186	click
1366373990107	44	251	345	click
1366771533950	48	354	415	click
1366417208269	144	612	49	click
1369979887435	30	506	13	show
1367948473901	127	583	288	click
1368363761448	99	362	186	show
1371364707713	49	26	145	show
1366862756003	40	944	35	show
1369204802129	83	838	2	show
1369218410833	73	538	163	click
1368838755722	50	98	129	show
1367118444702	97	889	182	show
1370950982588	5	297	61	click
1369961919247	58	679	11	show
1370338439984	20	554	245	show
1370279425372	141	226	407	click
1369266161488	24	176	333	show
1372298257179	51	11	293	click
1371961410101	150	968	382	show
1372175330586	99	827	115	click
1369094136614	107	249	424	click
1370349155247	54	94	161	click
1373412849097	132	253	207	click
1369740832779	40	596	498	click
1368626096525	26	231	446	show
1368735701385	4	861	102	show
1366727401003	41	322	241	show
1367013691550	74	817	493	click
1374083564950	114	182	454	show
1373557168915	127	454	494	show
1372456828628	110	135	413	click
1368313534091	1	435	45	show
1370647062207	149	799	21	show
1371335858954	5	948	36	show
1370991926378	149	840	271	show
1370170769376	140	786	50	click
1369310262390	64	520	254	show
1373928902125	18	696	63	show
1370440848030	149	966	171	click
1373393046244	45	490	251	show
1366488613974	39	11	243	show
1371060503921	149	856	274	show
1370420499630	112	327	240	show
1373343082692	28	724	96	show
1373040043620	104	591	23	show
1366904571093	35	194	197	show
1367707890900	36	650	410	show
1367138013557	126	384	293	click
1370795056264	74	226	397	show
1370939804943	36	537	371	show
1372162818199	86	367	328	click
1370793927661	49	133	324	show
1372854707478	83	155	276	click
1371543253754	114	869	386	show
1371075041370	105	431	350	show
1372673038729	79	138	482	show
1370864162306	45	250	262	show
1368307846216	38	655	142	click
1368771497407	137	907	460	show
1372685725379	137	590	332	click
1369345264933	30	788	419	click
1366607483597	25	999	1	show
1369596024375	147	337	9	show
1372236099605	3	453	464	show
1371373852113	68	315	190	show
1371503181276	38	167	370	show
1369522691499	146	309	324	show
1369634669577	67	764	48	click
1367239459163	14	774	382	show
1372031982382	100	643	212	click
1371834488096	107	78	495	show
1368885997425	146	16	250	show
1373553312912	114	635	20	click
1373882577456	19	326	210	click
1368420635641	74	57	71	click
1371702427782	58	975	91	show
1367151538702	134	100	251	show
1370554917565	31	645	438	click
1371126352648	7	61	292	click
1370570920451	133	938	442	click
1370566504772	63	219	376	show
1367902262633	89	302	328	show
1366891499424	101	811	342	click
1370120474152	110	446	95	click
1367875089169	140	301	349	show
1367625016342	63	275	392	show
1369798377620	106	844	59	click
1371221621265	39	881	44	click
1368409441369	70	536	57	show
1372323940560	39	575	321	click
1367362693927	30	700	380	click
1368954995155	78	638	180	show
1372722446256	92	772	350	show
1372703299604	60	812	474	show
1372033236319	104	307	485	show
1370454964162	146	179	290	show
1370551230447	118	813	72	click
1370244876912	103	658	422	show
1373693636634	95	86	287	show
1371336090554	69	873	481	click
1373373623698	92	343	232	click
1371166119143	100	676	92	show
1370933623364	139	335	273	click
1367723992746	92	312	29	show
1371286262815	47	316	62	show
1367836009719	133	149	216	click
1368410376052	37	261	188	show
1373259796193	83	264	375	show
1371160744181	137	426	478	click
1370994621528	57	709	156	show
1369445869385	70	352	91	click
1369122528599	4	892	55	click
1366404684042	42	811	26	click
1371966014748	47	749	407	click
1371935099641	61	566	318	show
1373956751266	131	67	82	show
1370005458238	82	541	445	click
1372700669876	118	122	324	show
1372831207651	54	142	267	click
1372772443238	28	37	491	click
1366662261948	51	485	470	show
1371237886712	19	242	248	click
1374065688332	69	2	213	show
1366849032559	50	943	117	show
1372405696427	130	969	126	click
1370410891063	107	497	378	click
1372419318172	86	344	338	show
1368571331664	148	598	220	show
1370989085539	111	209	449	show
1366348679818	84	192	94	click
1367147065700	31	858	5	show
1373564327487	129	538	404	show
1368629479062	43	280	109	show
1373842251939	86	495	234	show
1371062287245	51	374	240	show
1368433881823	117	375	459	click
1374095528906	41	959	412	click
1371263060793	90	430	486	click
1372046217317	121	6	71	click
1369886270195	8	387	277	show
1371956019850	128	801	329	click
1366998820005	9	950	342	show
1373009265550	18	369	63	click
1367351604392	123	441	472	show
1367308683610	135	671	18	show
1369140550360	115	932	207	click
1370465762958	124	424	326	click
1369149830078	70	461	432	show
1372799547587	76	532	243	click
1373639595819	62	497	438	click
1367141771125	79	503	317	show
1374094680839	87	6	415	show
1371225109362	41	719	366	click
1370188351897	98	8	237	click
1371543389738	9	551	83	click
1371593797529	19	292	221	click
1370816239951	67	464	371	click
1372964465635	38	1000	55	click
1368782912431	40	148	33	click
1373078898476	87	134	330	show
1372625724051	91	476	34	show
1367615399378	146	765	45	show
1367888682692	94	212	166	click
1369584809834	33	381	364	show
1371890757875	127	654	304	click
1369687613451	2	859	363	show
1372458941220	7	349	413	show
1370442900097	35	518	324	show
1369254699075	9	977	309	click
1369424641097	123	796	60	show
1369714412386	128	963	90	click
1367283125293	13	140	145	show
1374124686135	100	734	290	click
1369482679181	26	786	471	click
1373901164207	132	75	495	click
1372367373398	50	878	188	show
1367126380616	96	121	19	click
1371790814730	40	764	2	click
1367229787150	115	191	150	click
1371234902861	37	937	63	show
1372019256175	18	325	210	show
1372231281661	84	929	30	show
1369720587376	23	583	226	click
1369352940320	80	868	74	show
1373228693682	79	197	135	show
1371371241655	2	358	248	show
1372300921435	12	59	340	click
1366419517645	73	293	353	show
1372765413419	111	190	40	show
1370706548780	135	415	150	click
1371669919718	91	811	361	show
1372488952185	85	890	359	click
1370004602670	35	168	18	show
1369296814532	23	737	48	click
1367042923039	9	147	119	click
1369746865727	12	769	43	click
1368835691933	7	60	236	show
1369392740832	96	786	9	click
1366464468617	141	206	443	show
1369060248320	128	252	121	click
1371700402949	132	605	390	click
1368942428287	61	753	391	click
1371345342754	54	299	375	show
1368029292474	21	956	350	click
1367813144813	147	68	433	click
1373619803693	99	591	329	show
1368712767460	9	10	234	show
1367403331868	46	419	231	click
1368389046870	73	730	473	show
1369691634654	52	516	63	click
1372213251145	85	293	499	click
1372981643040	94	385	49	show
1369959476057	75	425	306	click
1372944386886	120	752	455	show
1368465478223	117	674	247	show
1369905618302	100	439	305	click
1373986596504	3	488	403	show
1371620504811	37	777	150	show
1366406854228	45	144	112	click
1370790295740	19	872	57	show
1368631674971	61	215	185	click
1367188759350	87	575	286	show
1373165103256	131	657	115	click
1368031331557	126	402	25	show
1368346967158	16	519	141	click
1370670309528	34	777	309	click
1372050092049	57	527	489	show
1367864618049	128	192	260	click
1366752037223	22	51	151	show
1370674070976	64	532	252	click
1372747477116	73	983	187	show
1369028765267	71	100	422	click
1366378488348	7	594	195	click
1371477970128	121	781	81	click
1371905014781	147	262	239	show
1367626108877	139	752	440	show
1373857308645	88	176	153	click
1369692887098	142	857	307	show
1373502088085	122	368	278	click
1371855338287	20	52	96	click
1367100163975	130	1	353	click
1370531731187	138	562	345	show
1371120299390	137	363	123	show
1369202628962	81	377	101	show
1373530898649	85	874	313	show
1373559557148	134	34	473	click
1372435929747	74	304	298	click
1370112801720	101	135	67	click
1366842587181	145	325	413	click
1367395239255	90	450	148	show
1373837988733	43	495	103	show
1368518815180	75	313	415	show
1372710265156	11	313	333	click
1368923918772	34	749	368	show
1367014898731	147	570	383	click
1372085889075	20	559	221	click
1369395912079	31	101	148	show
1367132286022	88	683	108	show
1367388349430	89	855	131	click
1372773305193	11	844	353	show
1367064006202	41	519	59	click
1372887513177	80	183	112	click
1367105404740	109	320	458	show
1368770479152	91	328	408	show
1368280182552	71	840	235	show
1371563988326	71	120	436	show
1367851577291	143	142	382	click
1371642536023	14	792	399	show
1369355508376	86	669	55	click
1368015556835	30	97	303	click
1371798555954	85	863	46	click
1367263250442	127	917	13	show
1369121095466	144	499	441	show
1369672838968	61	580	108	click
1373498535701	117	980	140	click
1367014916257	37	732	97	click
1369931551570	5	317	323	click
1372413897711	40	654	149	show
1371356922205	49	982	459	click
1367941557660	8	615	27	show
1370475509437	56	296	9	click
1367901002104	148	459	488	show
1368437937498	34	667	457	click
1368033104082	5	362	432	show
1367086642061	12	809	319	show
1372020436248	49	319	74	show
1367956335099	97	537	332	show
1369017945487	136	171	206	click
1370003092718	148	608	246	click
1370288372530	149	630	387	show
1370098522320	150	61	335	show
1373400222354	11	142	90	show
1366435916267	87	80	338	click
1367966731847	109	824	397	click
1373174059101	8	951	419	click
1370654811941	89	148	362	click
1369937559052	78	953	383	show
1372783681665	62	157	139	click
1371831827293	132	240	242	click
1372184969626	54	428	337	show
1367341276272	138	717	327	click
1368329274998	51	143	246	click
1370495117839	31	709	489	click
1370147065803	130	841	39	click
1369158950690	56	220	44	click
1367147702649	96	924	436	click
1373342681816	101	644	194	click
1373386581548	138	515	56	show
1366619054015	15	872	130	show
1366504292099	8	369	394	click
1371610958484	28	695	323	click
1370446084042	6	369	154	click
1372167653939	137	56	203	show
1367423572152	149	193	400	show
1369179596807	115	447	413	click
1371604019467	51	264	18	show
1366915073253	68	117	107	show
1371927879442	103	729	143	click
1372217815421	98	454	192	click
1370697633018	98	311	272	show
1369441721955	49	516	437	show
1367648096857	17	136	292	show
1368466605227	32	533	210	show
1369781734239	69	550	276	click
1371914742849	71	154	31	click
1367634125240	93	750	322	show
1367482852489	35	793	450	show
1367626431313	85	467	126	click
1368979912688	52	620	312	show
1369185920650	32	923	120	click
1371473398270	147	637	448	show
1369229580071	96	553	415	show
1370187977228	106	649	329	click
1369223636444	54	452	467	show
1371493807133	39	381	223	click
1369686668396	12	402	134	show
1368557771887	132	439	238	show
1372043905077	22	520	27	click
1372702716927	77	972	111	click
1371545987104	50	726	92	click
1367655492260	25	257	250	show
1369565228207	6	410	288	show
1371815474414	116	144	367	click
1370841104187	148	177	249	click
1367279056675	55	952	290	show
1367511886660	13	699	81	click
1370341079770	109	618	476	click
1366456146215	94	667	178	click
1368531175087	25	674	36	click
1372475491580	30	832	263	click
1366684218352	78	599	343	click
1370975244500	58	611	263	show
1370185892164	146	965	211	click
1370198355073	28	478	438	show
1368766522524	37	497	274	show
1372127259810	85	71	367	click
1368801311155	5	52	404	show
1368774087374	101	751	25	click
1367872783713	116	347	338	show
1369539607119	20	275	300	click
1366787689306	137	425	340	click
1367617050468	137	89	47	click
1371698820748	140	226	145	show
1370752929484	6	575	238	click
1373357293017	25	695	204	click
1367906699973	31	868	477	click
1373169120723	94	173	394	click
1366534669763	99	937	291	click
1370100868306	1	252	42	show
1373331448487	110	523	96	click
1372781683216	6	941	39	show
1369042171076	30	99	130	click
1372451110039	110	900	57	show
1369327158256	114	135	35	show
1370259763805	101	689	192	click
1374043850082	34	758	103	click
1370945573234	15	9	383	show
1372748887651	45	936	457	show
1371163172749	100	631	103	click
1371746910357	53	783	495	click
1366904815767	54	2	198	show
1370579487455	93	951	355	click
1369300171335	140	130	216	show
1368420490048	126	471	146	click
1372676102757	44	210	475	show
1369248090969	37	233	408	click
1369655633962	86	958	142	show
1366917502251	53	724	160	click
1370987241721	36	103	384	show
1372744067647	109	770	355	show
1370152012053	97	158	423	click
1367485010851	106	541	107	click
1372950071271	69	777	344	show
1368775244990	41	689	111	show
1370695783625	111	963	21	show
1371564622003	8	11	193	show
1372337962973	70	376	373	click
1368887377419	61	562	6	show
1368242547118	107	362	339	click
1370161475622	96	122	25	click
1370479103184	117	429	206	click
1367979798912	121	647	116	show
1366607301508	89	127	361	show
1370046825688	52	250	293	click
1370922120460	130	977	403	show
1373079141075	33	545	323	show
1371243271730	13	634	221	click
1370271407570	136	192	465	click
1374107633347	91	589	346	click
1371286887889	78	799	110	show
1366884903766	78	698	82	click
1367484637778	119	390	67	click
1366853422320	57	829	395	click
1367705217266	137	482	31	show
1366781623574	131	207	53	show
1367304425091	123	602	424	click
1370109282039	40	448	131	click
1366676976813	9	103	156	show
1369421161666	28	469	152	click
1367611887895	45	329	273	show
1367489319324	19	798	152	click
1368950992533	69	594	430	click
1367536523486	23	675	490	click
1372559565336	126	656	170	show
1370435874390	85	725	414	show
1368865791427	113	343	267	click
1369144776047	19	756	112	click
1371775384395	7	432	426	click
1372808544225	82	195	32	click
1373927305226	100	726	131	click
1370410430954	86	223	401	show
1371050403718	42	291	152	show
1370923915540	69	712	432	click
1370666949590	89	945	368	click
1373795434259	148	352	149	click
1370771306841	87	973	140	click
1368789996575	80	577	492	click
1372252735113	59	409	269	show
1371166142061	87	183	71	click
1372802421347	14	676	130	show
1370850445575	124	360	298	click
1371671644853	79	694	332	click
1370300293658	47	536	400	show
1372370056742	60	51	121	show
1367335387119	23	845	400	click
1367557157358	13	663	167	show
1372641402888	114	874	130	click
1372119144380	58	341	37	show
1370991866477	143	428	60	show
1371659180214	143	257	388	click
1368527788653	6	675	134	click
1372967119236	41	960	125	show
1372242898281	83	169	9	show
1373980631511	83	140	125	show
1368623283224	6	83	493	click
1367935708900	139	621	37	show
1368869410860	46	310	225	show
1373076269254	41	35	139	click
1369041674313	25	649	320	show
1372062712273	82	403	394	click
1370537588485	31	153	39	click
1366651198096	51	217	417	click
1372794328891	74	70	272	click
1369633947266	98	558	130	show
1370555253547	133	702	61	click
1368351202225	63	335	166	click
1373562527753	102	887	157	show
1368145750476	110	565	234	show
1367482247718	46	471	303	show
1373386353088	105	483	61	click
1370452119987	49	903	337	click
1368206939094	120	285	92	show
1371371889898	31	961	363	click
1369932987087	63	436	436	show
1371235079663	138	924	364	show
1368576046268	94	525	423	show
1372072720855	124	552	386	show
1372892997373	146	659	58	click
1373106236222	41	307	412	click
1372071149330	108	493	314	click
1373497853457	92	319	331	show
1373810851091	42	172	391	show
1366373735789	147	463	321	show
1371447404387	70	804	138	show
1373725879298	124	55	274	click
1373227483850	46	292	490	click
1373855064190	33	656	489	click
1373407154171	13	649	410	click
1371053816779	63	153	135	show
1370899869620	12	441	165	show
1366947843177	94	597	134	click
1366473654700	99	34	480	show
1366693755324	22	8	406	show
1370865228197	55	347	173	click
1368363571451	117	585	252	show
1374039668414	148	198	73	show
1371349229981	33	745	121	click
1367793287469	48	679	399	show
1369920993641	139	935	199	show
1370384718457	48	702	117	click
1373575302491	57	454	270	show
1366872461618	75	51	424	click
1370921120175	17	553	175	click
1368997828450	95	224	461	click
1371832014330	56	824	34	click
1366791306178	75	998	358	show
1372996003237	112	104	213	show
1366777326201	109	998	223	show
1369695199581	33	645	373	click
1371299161778	150	97	327	click
1371536700132	128	818	399	show
1371678384337	43	468	317	show
1373559164816	55	78	105	click
1372473865171	111	269	143	show
1368158093665	21	144	402	click
1371001349978	113	56	286	click
1372884423858	47	543	108	show
1373397481759	37	679	94	click
1368529395928	67	830	145	show
1370767487719	7	95	89	click
1370190793032	93	411	473	show
1373835331358	8	938	181	show
1369163217321	94	413	209	show
1373242138343	106	200	422	show
1372605945574	133	694	326	show
1371916200847	134	843	99	click
1366859317703	3	897	330	click
1373957613922	32	798	3	click
1368440845375	103	982	360	show
1374174689059	128	613	414	show
1367718366634	149	964	380	click
1373328147375	19	779	37	click
1368306770460	135	152	226	click
1366763802607	99	634	485	click
1371834288313	20	348	35	click
1369775178955	136	480	235	click
1366492378600	77	430	102	click
1372970823350	66	207	195	click
1370713446065	150	773	25	click
1367835866975	125	92	410	click
1371157409623	12	758	229	click
1371861413069	68	450	162	show
1369040499270	74	417	427	show
1370116366477	84	295	62	show
1368275984961	36	175	18	click
1369520967183	138	288	368	show
1368640204551	134	403	110	show
1368110933343	105	934	304	show
1366608195963	21	648	92	click
1369891267247	109	59	406	show
1372298810733	62	560	254	show
1373316578441	1	918	89	show
1369988420201	115	85	210	click
1368965343158	126	31	423	click
1368886753842	133	198	101	click
1370302154314	115	104	302	show
1372988916757	81	568	331	click
1369463528619	2	163	378	show
1369087870746	73	563	12	show
1373602914949	110	455	445	show
1369449843784	87	938	88	click
1366706013859	95	12	444	show
1373848355868	128	638	179	click
1372490488347	28	580	233	show
1372505125722	71	31	251	click
1372706573888	100	345	456	click
1374101356504	63	245	466	show
1374015603282	19	377	96	click
1371185503305	121	975	395	show
1368825858821	146	991	269	click
1373929291701	76	722	376	click
1373809538941	84	478	175	show
1373571522420	134	63	348	show
1369424323629	61	593	404	show
1368933110869	9	533	277	show
1367361552794	44	277	26	click
1369772144951	101	309	460	click
1366425519989	21	136	55	show
1370656016617	39	697	124	show
1368176463792	39	482	66	click
1366769067763	139	36	376	show
1373142416822	34	98	386	show
1367873298371	103	752	369	show
1373690650053	107	685	287	show
1369991007625	137	487	457	click
1370586247269	125	215	166	click
1373307645728	49	541	148	show
1373119732167	117	887	474	click
1368434147749	21	545	170	click
1374128803541	132	138	277	click
1372386159078	76	240	441	click
1371528029622	11	62	423	click
1368280102755	134	383	470	show
1366462395844	137	297	314	show
1369654230189	69	755	207	show
1373294067393	57	18	469	show
1373465841959	135	377	100	show
1374116908117	42	227	330	show
1373684921517	70	447	23	click
1373492198781	150	495	398	show
1367174790931	89	54	436	click
1366459830515	87	896	151	click
1373871165084	13	766	123	click
1368108244400	74	387	393	show
1370061565561	24	924	337	show
1373590320679	22	126	75	click
1371488319769	47	874	493	click
1373310260165	16	241	241	click
1373448383914	103	524	255	click
1373650035966	10	233	159	show
1370519158936	2	169	114	click
1366948334139	124	863	43	click
1368547739830	86	611	264	show
1370330719085	136	961	337	click
1367075729787	61	551	175	show
1366997637913	13	476	350	show
1368767589607	24	267	86	click
1369401067358	17	622	323	show
1373111950379	104	569	451	show
1366972400342	60	970	436	show
1370313898467	72	961	32	show
1373178298289	36	900	233	show
1366786681243	146	653	262	click
1370199173706	41	7	261	show
1370492917624	31	439	406	click
1368220554559	30	303	316	click
1370169789448	108	521	55	click
1366407451268	130	256	359	click
1370707565031	74	992	58	show
1366642850375	71	556	295	click
1369613843424	85	33	58	click
1372946703760	42	866	321	show
1370620069648	50	802	161	click
1366655871370	44	876	289	show
1366545448019	107	568	435	show
1373364255210	78	213	373	click
1370962171819	108	244	382	click
1372463973155	105	10	200	show
1373604345954	83	336	453	click
1366383107781	95	778	94	click
1372230266104	77	79	217	show
1373564723331	79	337	108	show
1372242853569	135	189	24	click
1373110538217	55	838	178	show
1372031673938	130	245	458	show
1371719929427	133	327	212	click
1373169969883	119	672	120	show
1366883903681	112	517	470	show
1370526504021	24	409	451	show
1372622943308	112	806	148	show
1368255476524	113	280	64	show
1371111860786	101	261	204	show
1372596761112	39	293	348	show
1371577919611	80	399	287	click
1369167733081	119	19	285	show
1368209798924	17	909	323	show
1368218810302	119	984	352	show
1373710759460	81	948	449	click
1372830949756	23	395	56	click
1368697621060	84	48	115	show
1369692177745	51	794	111	show
1371032123638	105	703	387	show
1370917910131	72	594	427	show
1372161771599	81	213	403	show
1366914960213	13	581	17	show
1368956298769	148	675	296	click
1366820943363	55	300	65	show
1370326659827	32	124	267	show
1368412639634	25	767	17	show
1369828236624	149	462	335	click
1367467672128	36	826	3	show
1372197081771	78	820	497	click
1370406830094	58	303	367	show
1369731871084	111	3	153	show
1368752586475	149	951	256	show
1369441305562	76	894	488	show
1372801291353	2	668	98	show
1372997877243	90	88	53	click
1371330641320	48	211	169	show
1366959046897	44	799	6	show
1369431871649	139	900	177	click
1367220375933	133	880	228	click
1366926744179	77	967	476	click
1372943545515	33	894	267	click
1366469139048	84	599	247	click
1367907152398	67	833	41	show
1373764488014	105	766	454	click
1370368178555	36	102	223	click
1370956973173	51	322	384	click
1367376196411	17	271	458	click
1368577819741	23	298	465	show
1369028753223	127	245	81	show
1373578501644	84	402	279	show
1368789155178	18	774	135	click
1368609778543	145	710	422	show
1372396805600	71	579	466	click
1373395523994	37	614	165	click
1367565178954	119	355	100	click
1369312352945	62	90	433	show
1373751593796	73	957	450	click
1371732394074	89	636	457	show
1373335501714	2	563	439	click
1366677060061	87	867	308	click
1372773966618	27	123	457	click
1368999341784	73	87	388	click
1372542741212	100	400	432	click
1367007606603	124	864	47	show
1370220338815	115	302	367	click
1371401227711	95	633	388	show
1373570996582	138	398	52	show
1369742634782	37	788	226	show
1367032699876	75	916	14	show
1366704118833	97	447	448	click
1372732331618	147	1000	31	click
1371277102168	66	613	389	show
1366985420369	90	179	404	show
1374194985456	33	541	238	show
1373541864041	124	334	314	click
1372006937873	54	94	431	click
1373751479570	100	513	61	click
1371075092618	4	259	90	click
1371661604588	143	860	326	show
1374081064742	42	591	260	click
1369790718516	53	150	477	click
1374097509648	61	291	291	click
1371671388524	45	660	71	click
1371198853682	106	62	33	click
1366717416958	104	826	142	click
1370902633880	135	317	396	show
1367067694123	88	60	474	click
1373941340042	144	786	496	click
1366688759462	98	514	405	show
1372851381517	141	5	366	click
1369715413008	95	350	277	click
1369100136922	122	312	297	show
1373833944677	145	293	487	click
1373759877303	89	58	151	click
1373370292625	18	779	125	click
1368173663556	48	5	30	click
1370323427508	58	402	70	click
1371098265633	14	436	216	show
1371303857301	80	12	119	show
1372539823733	144	788	18	show
1370220375724	12	168	180	show
1372011998857	103	771	399	click
1366893175466	132	759	420	show
1373895985021	111	598	256	show
1369683944443	65	60	463	click
1371667913524	7	952	377	show
1371364452837	85	300	119	click
1373368813535	38	398	38	show
1367736432447	108	615	198	show
1374111085618	107	291	314	show
1370929822614	43	600	19	show
1369206425076	71	47	161	show
1369302999871	61	39	94	click
1371468987903	136	120	487	show
1371302386218	47	274	240	show
1367220173414	115	221	322	click
1372688608876	6	91	248	show
1368818852175	128	620	230	click
1366502516334	147	953	445	click
1371969217655	42	723	383	click
1370250222117	127	939	466	show
1367360165432	80	816	93	show
1366406512020	98	944	148	click
1373473395843	1	354	389	show
1368830790828	48	774	75	show
1373784312932	102	818	366	click
1366835540489	29	728	446	show
1372188078060	111	863	304	click
1371451657539	116	930	345	click
1372220899382	48	772	139	click
1371809797201	70	364	437	click
1369281412520	54	739	283	show
1368443565372	134	595	469	click
1370042637106	20	11	447	click
1370870727424	44	298	106	show
1373517097589	43	263	356	click
1373122151338	86	175	438	click
1373489687793	7	63	402	show
1373797384064	8	291	475	click
1373203901376	68	118	382	show
1370634580140	12	869	145	click
1371816110151	22	592	475	click
1373257334431	58	674	23	show
1367779803622	51	575	105	show
1366948739878	14	625	255	show
1366458544945	118	175	392	click
1373439998355	39	65	168	show
1371440741147	146	144	45	show
1367680471219	93	312	339	click
1372898038178	49	116	29	show
1366496061388	12	449	257	show
1366919282616	31	57	70	click
1371630397945	37	383	55	show
1368502982601	27	770	181	click
1368522351985	1	141	462	show
1371922427829	64	790	453	click
1372040327863	80	84	34	click
1371567238606	58	246	186	show
1372904587623	58	455	172	show
1371399350541	26	88	106	click
1372298945322	47	437	498	show
1372816207458	14	980	442	click
1368516447188	12	754	140	click
1371707295024	141	666	346	show
1370157165505	103	397	384	click
1368493641458	87	492	432	show
1371178735803	101	166	245	show
1372812636863	28	14	110	show
1372249808131	62	383	93	show
1366748701444	58	377	253	click
1369134064686	27	437	87	click
1372442405005	60	211	331	click
1373661585156	21	657	288	show
1369987094511	12	899	437	click
1372311911138	110	283	212	show
1368003848285	100	975	93	show
1367061233319	114	681	449	show
1367974115124	8	191	172	click
1366496427064	145	623	226	click
1369770621606	7	271	45	show
1371462979598	109	279	293	click
1369701640274	69	460	330	click
1368987499490	26	399	248	click
1370194524750	54	487	334	show
1366965006620	27	932	225	click
1366483180786	31	94	153	show
1372595420082	52	134	471	click
1367160176317	101	997	34	show
1373568827166	114	2	144	click
1369610681449	57	173	333	click
1373948552433	3	122	135	click
1370647930350	125	662	57	show
1371609503717	36	436	106	show
1372408278821	103	954	402	show
1373752519237	108	858	396	click
1371105231669	33	380	199	show
1368875885170	72	699	122	show
1367619596894	39	765	241	show
1366953301666	39	465	324	click
1366411010461	123	803	348	show
1373975706468	62	960	420	show
1368906216505	19	610	168	show
1367888744224	76	61	221	click
1370986163280	101	589	41	show
1372554452825	140	336	326	show
1373745522832	8	348	255	click
1371077600668	74	305	126	show
1366710075974	23	734	293	show
1368516047996	104	670	439	click
1373009694541	9	732	353	show
1367996688362	82	92	84	click
1372902761004	34	970	462	show
1372942307142	73	407	453	show
1369470735060	144	99	317	show
1372712784677	110	269	415	click
1370201707181	54	182	393	click
1371505946418	130	614	263	click
1373985870189	24	425	490	click
1372562896237	148	828	166	click
1374050764171	67	169	182	click
1372427409727	31	243	183	show
1366586043898	144	702	452	click
1371803339387	51	406	361	click
1367680892901	4	745	199	show
1367861792516	35	91	350	show
1366434090590	53	950	154	show
1373306596987	112	43	125	click
1372563242204	127	500	77	show
1371051015411	27	444	272	show
1371312151451	67	709	255	show
1368163085561	95	324	237	click
1370076359676	66	860	163	click
1369006224402	142	271	168	click
1369016564224	58	429	468	show
1368093653437	77	175	373	show
1370013325755	122	883	440	click
1372726824863	47	52	22	show
1366838820033	130	563	83	show
1367143875856	80	257	41	show
1370617754455	66	880	270	click
1371262977235	134	111	86	show
1373626598148	93	658	387	show
1368335560406	32	88	458	show
1368619297739	40	669	44	click
1366912023163	125	682	443	click
1371784979657	102	703	164	click
1370645614544	57	482	1	click
1372111205244	64	695	436	show
1371211809215	44	697	364	click
1367945839055	141	883	166	show
1367448186776	38	412	356	show
1366572601914	51	920	70	click
1373956918078	86	891	218	click
1368553988145	75	738	112	click
1369234275773	15	936	402	show
1370563636889	107	323	112	show
1372985541062	100	964	312	click
1371833289197	8	21	73	click
1370295618496	133	293	387	show
1373826870982	65	578	155	click
1369588688837	31	673	441	show
1371120875271	28	675	398	show
1372796703097	124	736	219	click
1369906120146	120	305	175	click
1374100572221	128	842	136	show
1366766834436	76	409	166	show
1373801576458	132	933	142	click
1368691376479	115	840	50	click
1366783336776	8	341	249	show
1370066758848	107	529	481	show
1373340835274	111	975	266	show
1374028548400	128	877	386	click
1367189816885	142	151	250	click
1372915724067	109	314	170	show
1371157083175	19	737	433	show
1373826615065	53	17	252	click
1371760290934	96	635	442	click
1368529344844	5	241	170	show
1371233701352	37	701	496	click
1373077054781	108	156	208	show
1370935844466	73	645	180	click
1372008535698	130	369	185	click
1373799408352	12	74	470	show
1369598164153	66	126	310	show
1369748804262	52	104	311	show
1369457049314	22	438	332	click
1373073537752	93	390	403	show
1369472724617	73	587	472	show
1368449461343	11	754	123	show
1369405014119	71	185	473	click
1367837342002	87	786	264	click
1366773664285	60	45	182	click
1371790902192	141	156	460	show
1373492883538	118	657	454	click
1371218630401	144	528	425	show
1368327455953	106	868	252	click
1367199123790	138	231	131	click
1370173111005	31	468	453	show
1366783263774	10	282	415	show
1371882920257	46	422	490	click
1370888878353	83	999	73	click
1373263695594	140	974	68	click
1371820546697	124	915	313	click
1368378648180	118	195	2	click
1369220150741	141	962	184	show
1367333650757	106	207	427	show
1366426550082	30	223	315	click
1370271042348	39	118	484	show
1373553405781	140	566	359	show
1369965909373	52	575	27	click
1372438947204	113	978	131	click
1369676203185	58	170	471	click
1371247451047	35	47	142	click
1366910089075	56	553	224	show
1369445435114	117	419	120	click
1369865980688	19	413	88	show
1373847383292	144	697	355	show
1368725595711	131	76	17	click
1368241254454	11	22	443	click
1371664658877	133	728	121	show
1371756872713	131	241	169	show
1370177069630	16	834	26	click
1373493631954	149	93	42	click
1367506046290	104	329	179	click
1366603577871	105	285	339	click
1368626042948	47	505	152	click
1367466936353	71	69	316	click
1373095620284	128	95	147	show
1368619031785	11	412	371	click
1369435707153	70	849	314	click
1374013199065	49	387	368	click
1366579665538	3	687	229	click
1373377814495	58	954	204	click
1368823229397	47	780	171	click
1367189963516	122	887	57	click
1366659193998	73	340	155	show
1372306044693	96	691	114	click
1372012693653	88	485	12	click
1367533656681	98	797	186	click
1370060796040	140	453	170	show
1368292692176	21	250	129	show
1370975877840	33	385	300	click
1367456511233	99	717	371	click
1368418246872	98	247	41	show
1370954426958	8	954	163	show
1372306158898	139	262	497	click
1366901196883	65	241	241	click
1371062917788	149	577	25	show
1370943326099	118	950	169	click
1366822727020	99	594	449	show
1370282090687	145	963	33	show
1370535603455	123	237	484	show
1366465376432	7	436	350	click
1366366416659	145	452	323	show
1370353724036	97	677	46	show
1374032905035	80	879	114	click
1372705982492	51	450	252	click
1367248274996	144	493	32	click
1368495325043	84	921	424	show
1373043396780	122	571	213	show
1370396042861	95	200	274	show
1370001690594	23	615	328	click
1369176094362	34	969	15	show
1367296833696	89	852	50	click
1368574474818	45	125	379	show
1366407060580	135	913	491	click
1371368531915	29	867	185	show
1372221451851	58	990	460	show
1370538517803	71	466	49	show
1369870622149	135	230	96	click
1372486909412	34	158	31	click
1371082480921	44	69	191	show
1372947890966	42	354	388	click
1370694212803	143	552	492	click
1366997111163	138	538	316	click
1369483196090	83	724	299	show
1368805620330	92	115	104	click
1367196656614	16	105	401	click
1373700269159	106	101	189	click
1366492377311	32	111	263	click
1371281525294	145	279	5	show
1371313370029	38	79	409	show
1368852192545	106	166	135	show
1366377174351	142	351	98	click
1368148384428	63	848	62	click
1366933531065	20	719	263	show
1369328858881	77	255	77	show
1373218498590	61	990	32	show
1371446829557	35	483	272	show
1370413944442	133	661	389	show
1369227776722	126	155	119	click
1373035341445	79	442	415	show
1371391887528	102	672	413	click
1373202872469	12	424	274	click
1373768858384	78	488	92	show
1369368128334	107	740	69	click
1368879406542	52	878	409	show
1369532780684	44	233	321	show
1371011898717	148	568	252	show
1368065075295	61	418	158	click
1370780795825	54	233	108	show
1370001596016	135	63	321	show
1369592988429	30	773	106	click
1366585489330	83	311	397	show
1373657475506	146	629	468	click
1367530288844	23	146	8	show
1366985725392	89	596	291	click
1370515205115	61	144	266	show
1373694677220	41	959	498	click
1370454965379	146	517	398	show
1369221719545	13	21	482	click
1368320748005	38	20	426	show
1367088672035	6	907	160	click
1368902777671	91	99	487	click
1373472372320	88	789	294	show
1373309967759	7	936	65	show
1368174312541	101	766	65	show
1373494347680	130	633	410	click
1367655655841	25	898	265	click
1372666393572	84	212	356	show
1373420831240	22	681	458	show
1366845444605	72	777	214	click
1370853931845	42	975	157	click
1371234303926	93	932	20	show
1373676574562	23	234	361	show
1372712151380	137	920	138	show
1368759714757	51	331	91	click
1371590017529	49	251	297	click
1373651603502	107	253	188	show
1369265953702	61	89	234	show
1370574742362	139	740	432	show
1372782535757	66	913	341	show
1370667403446	145	958	50	click
1370031637760	127	846	372	click
1366719836943	46	155	250	click
1368634389093	126	657	81	click
1368281041091	113	726	212	show
1373346875609	101	238	168	click
1369126252404	112	792	346	click
1373795852311	106	1000	331	click
1366569125662	55	118	130	click
1366348764778	34	298	269	click
1368758853842	16	222	367	show
1367111713427	130	123	40	click
1372709141493	58	115	203	click
1373500665338	107	313	421	show
1367960092503	146	380	399	click
1371506888588	11	773	313	click
1367377577077	9	568	178	click
1369815431022	130	574	292	click
1367534057190	35	811	27	show
1373971268009	147	833	18	click
1371400967820	127	835	371	click
1369509549640	31	925	42	show
1368083236971	48	331	176	show
1370563132569	14	144	401	click
1373682078938	1	540	83	click
1369837711757	53	314	142	click
1370842112851	91	714	13	show
1368818151385	46	962	114	click
1368770262521	149	348	39	click
1374001153878	109	69	248	show
1368478464410	32	481	474	click
1371876342651	37	922	202	click
1370738121609	140	779	378	show
1369496723670	139	149	164	show
1372245008683	120	315	450	click
1373127623850	39	248	305	click
1367191654536	44	588	493	show
1367040721786	141	924	486	click
1370158508386	140	697	53	show
1366857201167	119	848	421	click
1373495781035	145	142	194	click
1372096650587	25	930	242	click
1366505374950	69	881	327	show
1367784530470	33	387	385	show
1371778972231	109	870	321	show
1367289953081	60	196	420	show
1372782164592	144	206	429	show
1374012265441	119	585	387	show
1367722336366	148	198	133	show
1372349494600	9	605	253	click
1368295167943	77	806	299	show
1372276735141	30	371	371	show
1372911946973	104	773	440	show
1372265442931	119	556	282	click
1373738254329	27	943	284	show
1372794038454	20	139	302	click
1369389414188	8	433	65	show
1371712179890	90	211	302	show
1372208219145	113	416	132	show
1367972774955	108	310	93	show
1373258096240	52	394	304	click
1368433818945	48	949	358	show
1368128586551	49	532	329	show
1371199283028	4	278	257	show
1373414354961	11	360	325	show
1374053297915	112	772	360	show
1369499245816	98	667	288	show
1371026628589	78	567	500	click
1371757555944	130	186	453	click
1373653855579	93	252	258	show
1366878483499	139	828	414	click
1367811777217	130	247	121	show
1366572466011	9	381	342	show
1372839295059	40	584	395	show
1372547722379	149	651	489	show
1368551525386	34	946	354	show
1373148635756	19	273	416	show
1373155992544	12	605	113	show
1366367972107	83	788	291	show
1374106075488	25	267	354	click
1366507898783	63	209	313	click
1367357564063	128	605	15	show
1373001818663	104	643	359	click
1369707650861	46	892	331	click
1368190324202	50	555	373	click
1373071528909	87	141	460	show
1369472780159	115	399	349	click
1371577234548	118	217	490	show
1370827268032	128	760	342	click
1366344760048	136	320	186	click
1369410951458	143	300	418	click
1369157746481	45	566	117	show
1366908456146	140	58	234	show
1372152164667	96	573	58	click
1369725103914	114	984	246	click
1373044995810	127	742	98	click
1373725000125	139	875	419	show
1370134851706	2	812	384	click
1367487707208	31	133	236	show
1372342097444	107	526	139	click
1372098817645	127	120	432	show
1370366394754	4	314	246	show
1368250000290	47	291	313	click
1367878958311	144	676	59	click
1370957052671	63	767	113	show
1368414491827	32	139	5	click
1367690841258	140	703	174	click
1367350000325	131	27	380	click
1371962056440	148	920	449	click
1371356593772	109	497	149	show
1366871152945	96	523	126	click
1373584296235	108	575	28	show
1373514703498	127	340	309	click
1368530975957	61	391	298	show
1369414615389	27	391	438	click
1370161179251	87	911	351	click
1368953717054	31	823	336	click
1369278663567	83	245	499	show
1370158866893	121	316	477	click
1369258344560	129	14	15	show
1370658888902	24	604	223	click
1368639164787	73	922	89	click
1371261162719	79	602	410	show
1369735128840	31	424	277	click
1372097043605	133	259	97	show
1366450689608	21	770	178	show
1368707732616	8	998	1	show
1372122023462	22	412	66	show
1368268777431	134	818	21	show
1371307554407	72	177	408	click
1373135556063	85	856	296	show
1371513055833	25	688	44	show
1366438166051	103	922	207	click
1367843381561	91	188	132	click
1367429145995	74	212	421	click
1368521936864	144	96	353	click
1373547269057	41	96	464	show
1367688959988	19	814	396	click
1373052570068	78	384	76	show
1369632321189	49	428	496	click
1372714723291	90	542	23	click
1373756397551	41	792	315	click
1370780734038	92	513	178	show
1372502826380	34	371	328	show
1372659470823	17	214	220	show
1368720961503	136	852	25	show
1368243718362	81	746	249	click
1373393295367	142	237	237	click
1370580999995	17	325	46	show
1373786752514	64	317	55	click
1369301972405	74	698	295	click
1369478925842	139	148	19	click
1368255949860	3	419	418	show
1371153360873	143	64	455	show
1368211312041	47	528	323	click
1372425641719	6	187	418	show
1371993196554	34	39	132	show
1369593860092	109	442	463	click
1371039816753	70	286	390	show
1368205898392	45	524	372	show
1373257608677	98	285	286	click
1367770741128	89	499	177	show
1372697133424	129	803	475	show
1373790585058	76	267	497	show
1373060392267	118	617	99	click
1366662127870	56	272	393	show
1367894310452	90	223	138	click
1373865607923	50	48	262	show
1368622600526	62	400	188	show
1369498575377	10	914	430	click
1373271055719	101	119	500	click
1372324587386	26	40	39	show
1367099435032	112	734	221	click
1373854109231	71	204	81	click
1368147328862	137	818	282	click
1367560833891	114	289	39	show
1372022146914	76	651	262	click
1369044911868	28	671	34	click
1372231362494	83	320	225	click
1370124545353	141	453	156	show
1372913911376	131	273	405	click
1373066747573	4	817	6	click
1368868230159	141	901	293	click
1368769804301	42	982	294	click
1366585088586	109	624	453	show
1369537712502	49	17	327	click
1367243631028	4	868	287	show
1366673210012	99	751	272	show
1371324284190	16	231	114	click
1373445398071	20	862	218	click
1369268116252	25	306	413	click
1372216389362	71	904	319	click
1372169788231	75	524	443	click
1369706350455	24	957	62	show
1371019748863	51	243	307	click
1374195302604	144	604	413	show
1368567545511	24	206	495	show
1370742803953	102	206	144	show
1371454677520	52	427	413	click
1368342546979	65	632	428	show
1372127280048	109	551	339	show
1370728873618	109	695	242	show
1370308222927	116	216	22	click
1366871070498	93	305	423	show
1370269851206	142	932	296	show
1373056757745	122	578	133	click
1366614083527	146	390	120	click
1370533718467	87	359	360	click
1372472049459	79	483	414	click
1369954551441	30	20	321	show
1372879421964	6	270	142	show
1370375983023	145	400	212	show
1372642650645	28	920	429	show
1369973405256	35	9	493	click
1367268774230	148	797	27	show
1372826868274	90	40	309	show
1368957851423	48	296	67	click
1368093921430	86	515	29	click
1368610637255	140	835	6	show
1372775062015	100	836	447	click
1367807044061	92	123	108	show
1366552846000	126	162	165	click
1373880591246	33	233	428	show
1368129350021	140	232	226	show
1368020164535	47	623	335	click
1371883744879	49	502	234	click
1369110152675	142	621	297	show
1373368588265	52	59	216	click
1369024040471	62	759	112	show
1371808679259	93	650	363	click
1371158514282	117	800	284	click
1372368245132	37	338	362	click
1372029866321	29	709	343	click
1366965057700	14	796	113	click
1373564920333	113	883	89	click
1367635902398	64	907	112	click
1368523508434	88	479	140	show
1371506776742	70	961	301	show
1369528855237	112	362	17	click
1371061961873	73	73	178	click
1370110517966	24	605	232	show
1373546122201	73	866	282	show
1371395182169	75	517	327	show
1371299640790	81	588	348	click
1367610483530	137	897	40	click
1367242546975	141	628	346	show
1371948753387	121	33	89	show
1366627054586	89	243	416	click
1367644842612	72	954	480	click
1372143321496	124	575	435	click
1372962620281	78	28	85	click
1367857815265	42	554	13	click
1369618193534	35	241	68	show
1369834202932	101	216	240	show
1366912830969	143	83	371	show
1372713743809	36	413	33	click
1372814065140	125	207	388	show
1366847672339	117	149	16	show
1366517692461	135	924	235	show
1373046320369	149	116	230	show
1369008241781	128	870	118	show
1367113340801	25	505	49	show
1371716252345	95	992	15	show
1369867333918	99	783	336	show
1371265481185	44	263	400	show
1367557015038	53	197	283	show
1374085248055	104	555	67	click
1367946448745	94	510	117	show
1368309886101	17	488	174	show
1371992875709	10	150	358	click
1370883984457	52	317	337	click
1370209607622	88	150	455	show
1369566986286	8	878	132	click
1373951721714	83	205	61	show
1368165854826	105	98	336	show
1366949720934	6	228	460	click
1369919459921	150	385	441	click
1366927441707	85	397	383	click
1368506340433	30	750	249	click
1366757205906	134	455	161	show
1369767854891	18	480	132	click
1370879872976	116	309	277	show
1369711371436	103	762	411	click
1366834639076	101	249	326	show
1371961174949	103	295	176	click
1369552415161	42	84	396	show
1368135137118	52	148	102	click
1374058844296	2	31	399	click
1370475621508	18	284	95	click
1369754346034	119	32	317	click
1373706051439	51	509	336	click
1371633819023	39	296	259	click
1370158657269	48	69	379	show
1366830296051	140	361	217	show
1372939660940	136	275	76	show
1373663790968	79	565	267	show
1371564964790	69	331	291	show
1372167236351	14	476	452	click
1374086695254	123	705	37	show
1368750133787	84	189	213	click
1372975817571	48	977	259	show
1371066810770	148	131	495	show
1367920114215	27	814	492	click
1372763119976	91	103	385	click
1371287187968	54	627	448	click
1371261797116	141	182	35	show
1372134166447	6	763	296	show
1368152592141	22	44	388	show
1366532218901	142	143	65	show
1369965074616	144	973	182	click
1370875643992	134	449	285	show
1370990539860	74	300	260	click
1369934542298	83	794	65	show
1373018283169	32	786	364	show
1367011363142	63	419	198	click
1371115301137	41	56	98	show
1369241754878	3	373	88	show
1368334803796	19	817	180	click
1366415529943	65	781	167	click
1369452329860	7	808	216	click
1366599945301	75	508	338	show
1373564832337	95	789	328	click
1368913875720	16	430	274	show
1373555900261	31	897	347	show
1370304683909	55	549	428	click
1372066715658	33	456	173	show
1371240126244	54	504	477	click
1371923055308	141	108	400	show
1368618051046	35	963	192	click
1369615797119	63	555	15	show
1368365825181	104	987	420	click
1369224772156	119	74	299	show
1372647732195	31	413	332	show
1369466077176	88	136	141	show
1369106630423	99	782	400	click
1369457105733	78	602	355	show
1370638311257	79	770	308	click
1370416124502	23	234	1	click
1369416532517	71	761	85	click
1374105427671	75	581	303	click
1370553647982	65	821	272	show
1370966111914	114	223	223	show
1367727061747	144	205	52	show
1372157261452	145	104	480	click
1370914539071	82	23	486	show
1371313139640	14	255	71	click
1369010405816	120	121	387	show
1368348654315	34	108	405	show
1368647263796	16	728	70	click
1367392179651	29	401	459	show
1373088287911	96	502	489	show
1368151989541	56	393	283	show
1369690166839	121	794	129	click
1372739958333	133	861	233	click
1368008802391	15	790	22	click
1370956103782	36	946	377	show
1371940317772	113	919	347	show
1368278310895	142	28	364	click
1366512479201	125	19	428	show
1367915417071	130	942	461	show
1369437963093	102	177	494	click
1372677602782	8	830	148	show
1373135404349	70	655	407	show
1368958055133	131	123	93	click
1372461711948	113	478	311	show
1368646250721	109	260	371	click
1371030797871	22	227	343	click
1369796875969	96	555	341	click
1373706139008	150	884	148	show
1371362539226	125	46	155	show
1374080716853	118	643	293	click
1367318556095	124	273	211	show
1372587401544	114	550	239	show
1368652728060	42	285	3	click
1367453013562	48	585	463	click
1372913551390	14	560	311	show
1372377718562	83	627	122	show
1369610167297	3	788	306	click
1373459327049	102	70	9	click
1373016626039	103	174	33	show
1369295801682	122	219	198	click
1372947913790	118	316	348	show
1367683127939	41	263	249	click
1368177372921	27	73	109	show
1371619734674	45	567	306	show
1366889054533	21	920	169	click
1372093544107	1	26	66	click
1372291920689	39	262	135	click
1370582986815	30	209	262	show
1366907040838	9	271	304	click
1369819027868	98	771	417	click
1372904296254	19	446	211	show
1371786299156	14	597	182	show
1370538851689	99	329	166	show
1373571697700	132	744	427	show
1373322306031	52	82	471	click
1371684962046	138	254	226	show
1367437679531	111	618	427	show
1370102236887	29	646	197	show
1373864658193	52	544	295	click
1368111811560	37	845	135	click
1369902630835	19	587	131	show
1366453418345	129	472	236	click
1368311291978	61	452	139	show
1368368521406	47	33	384	click
1367851878027	103	408	22	click
1369073244354	142	357	444	show
1372827786473	42	812	245	show
1370873364266	51	788	382	click
1369030234053	46	733	251	show
1373890451378	11	408	370	click
1371042366364	61	745	480	click
1367640004682	93	701	326	click
1370529787022	69	746	449	click
1367346634868	30	397	86	show
1373014308068	145	524	132	click
1368964492661	41	262	213	show
1371934612409	18	54	445	show
1372675138416	64	189	333	click
1372845581377	141	42	42	click
1366807003030	118	775	263	click
1372152599093	128	934	74	click
1370315856863	6	924	364	show
1368480413121	18	162	307	click
1368440737077	87	790	170	show
1367958758679	112	670	304	show
1371456614092	26	69	426	show
1369936693448	70	359	469	show
1372100698126	67	684	70	show
1371178393258	18	705	144	click
1368353955029	73	652	437	show
1372403568051	124	919	24	show
1366571521222	43	337	10	show
1368398739187	144	542	416	show
1370211040615	23	224	233	show
1370322632043	112	835	456	show
1370383142726	86	778	258	click
1368044888551	42	538	243	show
1369779165732	113	98	196	show
1373698944533	18	666	130	click
1367672288676	70	25	228	show
1370532468306	22	857	287	show
1372120810990	116	349	78	click
1372399764099	34	194	424	show
1373754152900	108	723	372	show
1373757044123	87	918	303	show
1367755822296	142	321	34	click
1368250876805	97	676	272	show
1367866688420	112	169	389	show
1369879226353	74	415	208	click
1367985659116	74	949	13	click
1373434850638	129	445	363	show
1372511360825	41	973	22	click
1372398128270	11	61	263	click
1370057813663	36	447	157	show
1368015953403	130	624	115	show
1370346593437	80	592	167	show
1367755681549	38	627	346	show
1368337429512	35	213	339	click
1368275110380	105	571	269	show
1367067911762	137	288	397	click
1366398010276	100	936	410	click
1374018190828	107	15	452	click
1371492281423	138	550	461	show
1372030456466	90	647	364	click
1370272927898	83	309	418	show
1367590272007	127	984	92	click
1368711756384	3	895	11	show
1368525545189	60	286	45	show
1370040991782	104	176	359	click
1367133138850	34	761	210	show
1368692103320	75	914	77	show
1371109088086	39	923	144	click
1373930929019	104	273	348	show
1373225569698	63	589	468	click
1373659100126	79	478	420	click
1373328480318	86	7	454	click
1367462500250	34	156	473	show
1368126685799	64	749	128	show
1371011115699	147	191	244	show
1371074519961	128	329	46	show
1366389183671	23	717	35	show
1371863539306	6	679	216	show
1369009652613	44	18	199	click
1373489217777	111	921	304	click
1370907602604	81	798	498	click
1371845711348	3	772	277	show
1372968350730	85	836	46	show
1368678901577	43	829	230	click
1371684656728	144	558	381	show
1368089061971	53	391	445	click
1372881907437	112	896	247	show
1366718158477	50	127	69	show
1367485480468	39	487	267	click
1372549684963	13	114	128	show
1366790758770	75	636	271	click
1371774991053	79	511	120	click
1367128483784	15	798	213	show
1368815715007	18	436	433	click
1367499144272	35	895	195	show
1367228422681	47	627	71	show
1370946380358	127	919	301	click
1374158040399	85	207	66	show
1366380661995	15	987	9	click
1369745459492	47	754	69	click
1368956297923	24	493	322	click
1371933660565	78	913	305	show
1374160798813	107	431	280	show
1368121368742	17	637	9	click
1369145799018	135	569	150	click
1367860659855	78	471	181	click
1370836920757	69	385	257	show
1367070070784	1	999	493	click
1372686135897	120	207	47	show
1370637206325	74	275	359	click
1367582800401	140	321	257	show
1370081681302	123	574	199	show
1370806758334	137	654	387	show
1367376392055	65	221	264	click
1368071976914	26	699	426	click
1366594263893	128	915	141	click
1373669620546	123	9	420	show
1368898020512	14	315	21	click
1371738412468	131	693	380	show
1367489184657	127	178	167	click
1369174516264	63	724	107	click
1371867332276	90	475	90	click
1366827087833	73	245	16	click
1373721315489	5	428	276	show
1370701447594	21	165	306	show
1369716394863	39	379	153	click
1367253382670	103	7	262	click
1367410557280	33	804	194	show
1366369722748	140	528	363	show
1366935971682	43	342	304	show
1372991064008	98	415	367	click
1370301133101	146	815	289	click
1369147140926	115	62	93	click
1372595252793	54	224	308	show
1373912778781	124	644	302	click
1369961629052	85	225	318	click
1374135087500	111	906	406	click
1370689160174	31	234	235	click
1367076370424	148	639	259	show
1372929215604	101	295	264	show
1372680302341	93	922	141	show
1369768581665	25	382	173	click
1372624685388	61	954	193	show
1367582050492	71	782	434	click
1370637124833	5	444	96	click
1373047965672	42	882	226	click
1371869680240	19	101	139	click
1366867356853	101	21	350	show
1371093550757	78	726	78	show
1367315218844	13	422	441	show
1368823223140	9	536	32	click
1370755583549	70	506	240	show
1371758079106	108	694	185	click
1372537074652	143	654	205	click
1372547597767	79	207	329	show
1367684546144	2	994	451	show
1370195525842	17	252	321	click
1370995054463	132	706	97	show
1367727367224	114	880	451	show
1368361471988	128	224	65	click
1370756560423	84	19	411	show
1372457323626	68	653	139	show
1369162529987	35	16	459	show
1372724725865	119	827	140	click
1373562028877	40	173	167	show
1368835271993	123	506	23	show
1373514454524	45	777	21	click
1371408610641	43	350	348	show
1373805808866	87	496	373	click
1370900746989	64	866	490	show
1371915730802	64	260	191	click
1371114530358	9	886	485	click
1372964199690	116	520	389	show
1366771606361	56	105	49	show
1368510423206	19	32	94	click
1373225797545	52	828	22	show
1373795898412	134	612	234	click
1372235043795	85	377	33	show
1372511134303	138	425	114	click
1367355537394	72	975	191	click
1372283450339	125	899	419	show
1371694271040	117	269	20	click
1370910763110	98	677	29	click
1371564115239	108	287	18	click
1374140845335	49	950	365	show
1367429587843	3	389	466	show
1373470797913	43	506	381	click
1371673801614	11	508	192	click
1372125938549	37	538	108	click
1371359645054	130	325	214	click
1367866179510	26	788	438	show
1367025305472	123	703	56	show
1368552537113	112	872	377	click
1373001295771	149	403	429	click
1371105087058	93	353	37	click
1372579833091	47	28	448	show
1370815622913	48	803	60	click
1369266318360	123	447	154	click
1373630659529	74	591	58	show
1366879408531	62	20	437	show
1367892500162	72	504	457	show
1368343273589	137	599	479	click
1368500560436	111	86	394	click
1367457031927	101	485	489	show
1370596461029	40	965	71	click
1371419758258	80	420	348	show
1370686868495	107	829	81	click
1370910323040	119	387	267	show
1366929358340	34	496	22	click
1367745714869	91	435	12	show
1369395719342	147	27	84	show
1368929657633	31	558	304	show
1368859391988	94	241	293	show
1368916759493	78	443	290	click
1372967641047	2	526	453	click
1368082285763	25	133	112	show
1366463168355	137	660	55	click
1366767630681	131	248	435	show
1370009885184	150	451	101	click
1372593226265	143	995	497	show
1372097878988	51	93	204	show
1369282237099	65	491	247	click
1372181012998	30	742	317	show
1372155582725	48	880	19	click
1366524404984	10	146	388	show
1366978576152	24	325	145	show
1372677838981	31	259	200	click
1367276261901	4	451	26	click
1370351944304	97	41	455	click
1374101350592	47	678	238	click
1369098320530	26	448	74	click
1373911255556	37	814	493	show
1369265802631	7	32	46	click
1369437854605	44	542	231	show
1367226893279	105	991	467	show
1371319718705	98	77	250	click
1371924336763	106	376	338	show
1371361249699	106	701	418	click
1370837522537	7	360	184	show
1366819967661	128	348	363	click
1370989805183	18	934	119	click
1367444077073	30	522	466	show
1371947848254	37	958	69	click
1372538929382	23	942	330	click
1371033395035	70	646	393	click
1371110096927	22	760	55	click
1370765214147	118	305	81	show
1371228383250	81	18	433	show
1367413124594	18	185	444	click
1371749011594	68	714	493	show
1371741303797	66	429	493	click
1371344906566	39	848	99	click
1373365155098	67	349	76	show
1368054684459	66	609	372	show
1373060557565	99	678	30	show
1366615356580	88	854	100	show
1371448074271	101	146	7	show
1368506696196	128	985	71	click
1370392387944	126	60	420	click
1369788706018	95	539	469	show
1373182205361	128	926	291	click
1371505537764	54	576	316	show
1371885335890	133	290	295	click
1369651747445	20	769	110	show
1366868220568	52	708	449	click
1370128659149	112	205	366	show
1371244659637	41	880	412	click
1372866310636	124	930	152	click
1373696993690	43	432	395	show
1366875187877	69	253	75	click
1370821212640	113	110	46	show
1369287334210	25	545	400	show
1367742618653	132	407	139	click
1370408605321	129	625	168	show
1369977180112	77	181	159	show
1366442897312	29	840	78	click
1369674605410	41	699	91	show
1370992067495	128	889	149	show
1370612156779	121	789	308	show
1370876979373	27	831	310	click
1374154882878	120	260	417	click
1369676117711	46	671	315	click
1373415424506	85	130	484	show
1369704629823	97	633	267	click
1370904790295	21	799	98	click
1372718397964	11	637	341	show
1369044396739	77	445	444	show
1373452272834	97	509	279	click
1374078732165	54	325	399	click
1371727824538	10	367	64	click
1371988057817	115	628	85	click
1370210024774	113	187	413	click
1367899099843	21	99	272	show
1373743089296	88	35	370	click
1368641026031	5	435	366	click
1372588626439	64	240	277	click
1368735143436	52	182	407	click
1366951556593	115	282	262	click
1368926528470	22	767	379	show
1368841487596	31	841	146	show
1367922258265	42	745	482	click
1370337439354	105	516	217	click
1371137326744	79	318	198	click
1372023779932	134	807	244	show
1373608202207	129	145	492	show
1370027008023	24	159	132	click
1368872406770	98	975	21	show
1372707108352	50	700	176	click
1368927392520	13	871	435	click
1368569754310	35	896	467	click
1371617824723	65	488	221	show
1373414962532	77	379	405	click
1368905568161	99	774	356	click
1373575688436	8	440	199	click
1370486215073	2	662	303	click
1369906212800	26	420	492	show
1372751717114	31	546	59	show
1368111986525	144	233	11	click
1372071115045	107	136	376	show
1370661619097	66	841	342	show
1367362585493	13	573	462	show
1374117270299	100	687	462	show
1366599877235	29	189	325	show
1373726625602	81	723	74	click
1367210170479	101	801	291	show
1372603433129	149	962	108	show
1374077945150	89	927	438	show
1369978266251	92	505	18	show
1367317436384	56	478	449	click
1374189829360	134	507	249	show
1369443043354	28	846	365	click
1370237953527	121	776	497	show
1372742713750	40	528	498	click
1368053624397	117	181	488	show
1366348542254	130	451	161	show
1367642042728	121	339	406	click
1369622697094	54	517	488	click
1367948008217	36	419	388	click
1369922310622	91	835	28	click
1374006713192	10	262	432	show
1373305461694	26	313	287	show
1373145853080	57	904	255	click
1366401400822	128	170	158	click
1371794732842	16	664	116	click
1368093261869	25	30	425	show
1373788508034	40	385	395	show
1372612562808	68	106	493	click
1366351198634	25	39	147	click
1371120828197	148	685	491	show
1368308060307	100	424	372	show
1368038075606	108	444	492	click
1370322107942	39	206	46	click
1370940763147	18	469	403	show
1370601808192	70	91	381	click
1371440236949	5	97	20	show
1371885187832	125	860	27	click
1369394841766	33	489	47	click
1368158537648	59	412	418	click
1372705497089	3	782	26	show
1367509182015	38	46	137	click
1369038219529	71	893	362	click
1373549018125	39	610	33	click
1371313474715	86	361	37	show
1373906322411	102	181	383	show
1371988447686	34	666	203	click
1371594324676	114	158	365	click
1372150720229	72	759	65	show
1366808441745	108	985	186	show
1367183963299	141	814	443	show
1366909555661	143	660	67	click
1370805211507	103	412	12	show
1372699897259	135	120	232	show
1367116942041	143	496	483	show
1369809309052	134	57	366	click
1371333640110	20	884	374	click
1372659221963	95	947	199	show
1369839623239	39	626	454	show
1374017546469	138	773	437	click
1372282822251	117	166	175	click
1368458377505	68	767	395	show
1366806963298	83	726	199	show
1373910486797	77	543	132	click
1367244491328	40	43	29	click
1372503528885	96	229	339	show
1372617335286	32	414	410	show
1373307273388	109	436	184	show
1368892276316	134	864	184	click
1367755313269	37	816	230	show
1370965800229	19	309	17	click
1372068009714	82	477	171	click
1369745568897	109	270	252	show
1372646444781	5	917	187	click
1370394704374	118	435	332	show
1371259680014	49	740	93	show
1369063394563	89	641	452	click
1367780273001	35	133	303	show
1369395080475	42	329	87	show
1371441009739	28	435	406	click
1371196540920	4	725	468	show
1369483588072	13	338	75	show
1371915523346	91	222	345	show
1373517581968	15	28	52	click
1368205729278	13	486	59	click
1374135808938	34	47	275	show
1367383636244	137	288	433	show
1370780454819	89	931	45	show
1370172845001	90	536	426	show
1367191694405	15	875	216	click
1369340794770	124	365	397	click
1368014300823	146	147	449	click
1373581561796	104	928	436	click
1373322784628	81	568	41	show
1366887836870	116	948	81	show
1369704474936	66	456	2	click
1373766640244	147	483	370	show
1367318747572	78	57	121	show
1371203471630	76	944	8	click
1373789100204	42	929	90	click
1368970361729	93	494	298	click
1372810740392	65	386	155	click
1370399666572	9	523	216	show
1366355815244	101	912	9	show
1369897791818	51	498	212	show
1374199299831	148	41	230	click
1369114613464	76	372	387	show
1373802534983	104	550	122	show
1371715060017	83	95	141	show
1368862732164	39	795	447	click
1368245120740	51	250	419	show
1368315639246	45	119	166	show
1372632410967	118	963	111	show
1370506926092	56	648	80	click
1373975532304	49	881	432	show
1373804615837	46	454	319	show
1372410372447	39	60	333	click
1372909571732	84	837	398	show
1367179192049	90	415	355	click
1367518108233	121	891	385	click
1367272475395	63	759	496	click
1366479742402	75	206	452	click
1367377105309	108	625	286	show
1373943205530	99	936	458	show
1372174097022	106	355	249	show
1372475817517	7	882	115	show
1367694647627	122	707	431	show
1369211163844	137	591	161	show
1368412236406	120	691	437	click
1368604878953	9	178	393	show
1367034151713	142	208	79	show
1370762674173	25	688	495	show
1373581718675	135	914	33	show
1372028216406	128	714	467	show
1373297816126	8	781	159	click
1370561583914	32	165	57	click
1367548512358	94	120	277	show
1371597360880	95	989	392	click
1371479147109	105	521	81	click
1372858052320	7	435	184	show
1372798398582	131	69	465	click
1367299337501	138	995	432	click
1373058471832	85	254	461	click
1366609352276	8	924	87	click
1372761411433	81	640	202	click
1369557224683	107	303	210	click
1368240377346	94	758	211	click
1372405362802	18	970	289	show
1369401822427	33	495	417	show
1372573516748	70	899	310	click
1371266423609	62	910	314	show
1371859536023	72	433	491	show
1370754406244	138	900	183	click
1372441507857	100	170	206	show
1366471706397	96	123	446	show
1366674914644	96	292	77	show
1370684203243	89	176	456	click
1371916942567	54	982	393	click
1371035758078	139	908	122	click
1371500099326	130	8	11	show
1371236837325	96	140	486	click
1373743695867	22	135	389	click
1369600175292	145	864	104	click
1371045750138	13	41	99	show
1369675544123	98	64	421	click
1371347494280	68	879	46	click
1372916570195	7	509	182	click
1372597080284	3	994	255	show
1368278267188	101	443	24	show
1372304956783	51	407	295	click
1369569855913	4	787	387	show
1370460955300	30	243	315	show
1373951900203	24	357	246	show
1366724068600	17	544	406	click
1372373186669	124	915	287	click
1366928820244	51	58	446	click
1366588361501	110	285	143	click
1370934520402	94	750	383	click
1374100010252	124	147	92	click
1368718032809	22	884	77	show
1372484150927	86	393	255	click
1367733238924	113	978	170	show
1374001764793	36	659	91	show
1371341274750	56	939	40	show
1366812610457	72	1	339	show
1369924065628	70	212	172	click
1373705587682	23	773	158	click
1370440228600	50	883	474	show
1366498336519	112	26	443	click
1367326748218	40	893	13	click
1367659469109	90	517	493	click
1372220495078	48	6	223	show
1369009490989	60	664	124	click
1367804972566	112	265	215	show
1370671080607	54	954	155	click
1372453023548	96	105	149	show
1370909314779	46	393	275	show
1373482114702	80	744	275	click
1372599664242	97	97	17	click
1372938532418	108	928	365	show
1370441789758	38	987	315	click
1370990348406	49	415	396	show
1369594798067	124	56	220	click
1367093788323	8	571	470	show
1372847863332	124	165	370	click
1370356078154	131	815	218	show
1371901570837	88	741	409	click
1370180626060	125	194	37	click
1368742528214	32	973	144	show
1369227479039	20	835	289	click
1374071057377	41	136	224	show
1372633780045	37	736	286	show
1373221266410	91	245	26	show
1374020683566	135	530	157	show
1370497224769	5	236	258	show
1372205146096	103	783	102	click
1374083259431	66	422	244	show
1366369685164	144	127	75	show
1371032023301	59	36	73	click
1372910977200	125	176	470	show
1366736814720	68	503	498	click
1372447107126	11	954	18	show
1366422102852	70	789	193	show
1372575066735	15	334	336	click
1374103614772	128	810	223	click
1367502733291	145	663	466	click
1366755028854	35	133	295	click
1374083759110	101	972	488	show
1367381203953	124	775	341	show
1367745155798	148	22	100	click
1372320827364	33	298	420	click
1369642484979	135	630	215	show
1372957384228	109	676	170	click
1369637679527	61	29	325	show
1373673371802	135	556	394	click
1366586785152	18	209	326	click
1372622624506	101	410	193	click
1368160394006	86	814	7	click
1371403217556	80	895	76	show
1367292208910	13	492	442	show
1366872306565	18	239	90	show
1370817804413	11	800	337	show
1372435878539	137	13	71	show
1372003637363	51	736	168	show
1373524917373	7	711	267	show
1372130613290	77	409	21	click
1372271599933	19	76	311	show
1371103574924	44	951	142	show
1366587833691	117	331	59	show
1373698792419	105	772	387	click
1370316891753	136	229	229	show
1371800640757	141	946	423	click
1367000304429	121	785	239	show
1373677333168	83	655	379	click
1371863928955	20	218	403	show
1371864133560	99	824	190	click
1371911985416	75	155	409	click
1372014227244	116	609	67	click
1367813801509	45	712	97	click
1367346341098	79	345	109	show
1369466815891	56	69	103	show
1367757427891	59	967	436	show
1371249626174	69	463	99	show
1371621791132	78	673	62	click
1373658861662	48	19	283	click
1367518809521	22	753	313	click
1367584232795	34	176	464	click
1368887171460	52	590	471	click
1373859007736	99	944	335	click
1371990918692	49	109	333	click
1370094418476	3	314	139	show
1366594599074	113	989	468	show
1373796163975	27	389	135	show
1371651401382	80	326	476	click
1373295256889	121	919	30	show
1367205916237	75	274	138	click
1366730802130	9	788	249	show
1372231646400	79	43	455	click
1368194433046	56	690	264	show
1366885470013	112	450	345	show
1370304180114	130	354	475	show
1373685313747	50	996	110	show
1370693424959	11	198	247	show
1366422495708	102	393	175	click
1373670223804	144	984	413	click
1366361075719	132	490	281	show
1371336544905	30	216	386	click
1369383657694	31	413	485	click
1367969841730	71	184	317	click
1368977121823	101	883	45	click
1372781871374	62	891	388	show
1373417381472	126	815	321	click
1373735307443	22	773	174	click
1367228761917	35	899	94	show
1372603486527	47	890	303	click
1371474220985	121	933	128	click
1367160445899	81	343	361	click
1371650732187	134	597	127	click
1373143266432	95	606	398	click
1366693926092	68	155	142	click
1372081278364	21	912	383	show
1368159086704	140	223	247	show
1373385116886	129	781	492	show
1369424833579	84	299	417	show
1370655692984	68	71	286	show
1371714966000	60	720	425	show
1369676933501	109	891	48	click
1373161096943	12	32	292	show
1370143265660	132	37	291	show
1372589587710	118	515	346	show
1367818890131	93	486	490	show
1367923765103	131	128	183	show
1372803544921	116	182	386	click
1372259398777	138	88	347	click
1369227784220	116	173	16	show
1366659165129	103	214	213	click
1367627362752	64	975	246	click
1372953016878	87	982	191	show
1371607823096	69	310	262	click
1370903940614	138	281	132	show
1370313711550	24	597	295	show
1367483518284	49	45	428	show
1371738955453	98	345	67	click
1373704298885	79	976	1	show
1367865117000	14	272	158	click
1370238005017	131	164	42	click
1368276988903	87	567	454	show
1373068096514	99	970	89	show
1370087251580	119	301	208	click
1373972175726	111	495	142	click
1372377681496	94	39	337	show
1369733515219	144	109	133	click
1370009650109	98	340	153	show
1371707207479	133	712	432	click
1371929704272	68	152	164	click
1368603522373	114	4	298	show
1369081552314	8	280	109	show
1369860142207	130	766	470	show
1373602865309	38	542	311	show
1373643424372	45	212	496	click
1367724994343	37	37	102	show
1370786757014	54	547	22	click
1367972725668	141	869	139	show
1367476934958	121	838	175	show
1371582110977	65	369	310	click
1371097916542	62	204	401	click
1369094317648	90	928	144	show
1366901150176	121	170	490	click
1369311600399	21	202	120	show
1373571172401	23	873	384	show
1373520413015	107	721	151	click
1373266252518	25	955	327	click
1372884011354	138	64	32	click
1367818360676	5	853	292	click
1372150269331	40	97	28	show
1372266577052	9	656	113	show
1369557367707	115	915	180	show
1366862524787	81	855	16	click
1369728498437	65	932	345	show
1372654231564	66	884	91	show
1372068499806	32	511	293	show
1370168601228	6	220	135	show
1370139859417	138	223	466	show
1372433039952	139	947	463	show
1369035877454	62	203	132	click
1369345811444	91	317	412	show
1373263243732	110	311	9	click
1370245578137	42	381	151	click
1367915504760	39	392	78	click
1367456883775	129	946	256	show
1371618687819	150	640	373	click
1373059222418	121	170	422	click
1372924364480	108	471	32	show
1369154150003	22	337	42	show
1369078975107	145	544	49	click
1373071837662	13	548	384	click
1368276461299	130	696	63	show
1366549649339	78	734	138	show
1367790793146	51	574	456	click
1370585405971	79	275	373	show
1371082621099	2	588	203	click
1370577971486	56	651	229	click
1370649923073	88	463	486	click
1373570078137	19	435	14	show
1371888890028	150	919	231	click
1367617851061	2	568	143	click
1372000041426	107	19	288	click
1369184723890	44	134	36	show
1372176203362	32	251	201	show
1371065766447	82	349	245	click
1369434505060	16	409	272	click
1367840495397	95	751	367	click
1371571564984	69	470	101	show
1367485967698	32	512	252	show
1370951367088	44	466	233	show
1372978725368	131	845	33	show
1367525534632	61	493	76	click
1372664086867	136	553	260	click
1372808507993	130	869	53	click
1373875901070	26	33	18	show
1373638786829	98	802	328	show
1367573202006	78	515	288	click
1368352539949	10	894	75	show
1369410609034	84	931	418	click
1367416220956	126	341	355	click
1372083150144	67	730	364	show
1368865636913	110	398	245	show
1372332222353	65	922	124	click
1369075666225	27	591	126	click
1367001593671	63	804	112	show
1367124135519	16	779	462	click
1367983856979	147	734	64	show
1368905324744	77	839	97	show
1370267159522	91	464	320	click
1366380038284	38	393	96	show
1368384296252	29	78	303	show
1371506175198	68	690	436	show
1366911272337	93	492	238	click
1369195718451	117	98	369	click
1369002538497	127	671	340	click
1373479821049	9	4	136	show
1370786804623	125	852	68	click
1368451752136	147	290	428	show
1367660202923	32	232	371	click
1370761072296	81	188	399	show
1370543243754	39	922	91	show
1372846884578	69	574	114	click
1369479238353	32	202	160	show
1367008132855	121	52	87	show
1368101414390	74	867	113	show
1367809040037	81	261	239	show
1367474719334	143	938	347	click
1372098643880	61	906	250	show
1370620389651	11	632	287	show
1373047394806	64	74	94	click
1373634944095	140	744	293	click
1370964117360	114	489	459	click
1373169800511	62	364	139	click
1368314117921	79	688	341	click
1373805603267	21	50	335	show
1368043161365	35	617	152	show
1368409916020	57	149	103	show
1368242915844	84	942	3	show
1369247543764	32	847	103	click
1371282794676	37	852	135	show
1371279908193	27	574	402	click
1371435905340	111	899	161	show
1369842328457	78	207	43	click
1367486394430	69	528	224	show
1370255839823	25	710	66	click
1367232939066	150	245	131	click
1371717963864	53	262	427	click
1371586215855	148	60	463	click
1370256024892	92	152	247	show
1373258072532	144	378	18	show
1367406474265	11	350	316	show
1369946179093	36	74	484	click
1369532244038	24	741	310	click
1367657127352	32	684	214	click
1370343045913	111	404	213	show
1367995919444	133	569	39	show
1369156158923	9	819	34	show
1371232272603	43	487	376	click
1373804946554	44	678	83	click
1369922607078	87	413	265	show
1371942302052	7	134	447	show
1367271904834	147	304	371	click
1373762953170	24	551	18	show
1368451811636	106	310	202	click
1371984532896	15	669	141	click
1368980011882	47	176	267	show
1368447042076	1	592	281	show
1368887973135	114	717	155	click
1368697597343	46	800	196	show
1372763477508	90	898	357	click
1366858529433	63	940	341	show
1368100581940	81	184	455	click
1367144679905	115	80	346	show
1371121178302	117	923	205	click
1369462214649	9	483	53	show
1372334705083	134	457	418	show
1370282677303	68	102	315	show
1366546654822	130	342	306	click
1369833570407	106	355	48	click
1367160684721	120	602	21	click
1373490420940	121	813	466	click
1373341260322	145	116	273	show
1372416949116	150	299	134	click
1371998454934	128	545	95	click
1368924721986	121	687	298	show
1372199400060	95	148	476	click
1372954526728	122	525	472	click
1372223300333	89	567	378	show
1368307730062	25	828	358	show
1370532142468	111	733	209	click
1368740334023	73	320	335	show
1372419369114	131	250	268	show
1372881645151	112	686	180	click
1372317808359	135	142	213	show
1373728343510	132	473	325	click
1367700073434	44	292	227	show
1373858975353	104	235	72	click
1369762337306	50	528	464	show
1373077971187	16	193	92	show
1373175222912	11	667	160	show
1367201786679	52	927	286	show
1367961918159	123	721	376	show
1371850434366	9	909	454	click
1371824068480	15	818	259	show
1369555551445	63	609	330	show
1373765253471	91	914	432	show
1371490451418	82	837	482	click
1368098707398	58	537	261	click
1370368151856	117	510	151	click
1370569250770	80	422	491	show
1369558921458	95	33	352	click
1371213858410	45	842	133	show
1373144868384	107	803	155	click
1367680238843	81	537	167	click
1366710904860	148	622	238	show
1373433217681	130	265	79	show
1373380800133	117	396	408	show
1369908003159	35	414	89	click
1369990797847	118	643	286	click
1368440548139	25	718	123	show
1371128224896	85	507	45	show
1370805016126	143	286	383	click
1371238879249	134	86	414	show
1373082769208	70	221	407	click
1370671412188	31	329	148	show
1372125893359	106	694	353	click
1372747659712	60	454	331	show
1372373510945	49	297	25	click
1368585224300	25	433	198	show
1368109162157	68	402	128	show
1372493910830	5	694	458	show
1369002725174	76	108	21	show
1367141083432	37	451	133	show
1374105778747	113	792	299	show
1366378560722	63	164	87	show
1371773559969	127	861	97	click
1372225589905	128	826	457	click
1370883022031	81	568	142	click
1372504287300	75	562	383	show
1371119530741	118	272	245	click
1372414254913	28	757	223	click
1374045913869	147	266	7	show
1373272120194	6	988	64	click
1369674432739	86	954	173	show
1367552765820	123	540	146	show
1370181355541	56	676	301	click
1372049661681	71	378	5	show
1368130803196	64	446	5	show
1368015980751	40	131	208	click
1371567651409	58	244	108	show
1369566812172	77	882	256	show
1368734987589	44	702	406	click
1368785400898	85	847	210	show
1370712585166	138	988	365	click
1370072515184	36	535	224	click
1368382958444	104	222	46	click
1373442584177	118	74	139	show
1374078220551	116	531	415	click
1366655206961	109	954	428	click
1368446982149	115	787	484	click
1367036512023	58	774	413	click
1369835771977	76	63	453	show
1373570221727	65	681	483	show
1374136244359	112	272	34	click
1370963412980	48	473	191	click
1369965177838	120	824	158	click
1373000829604	148	358	6	click
1368402621764	45	733	351	click
1370353476443	56	567	403	click
1367708267456	79	384	277	show
1368960378372	24	356	255	show
1370929447346	23	412	121	click
1366484314276	138	19	105	show
1370147418749	94	260	157	click
1369899147259	46	834	392	show
1370194851316	89	55	435	click
1370162861406	53	889	364	show
1370273691406	124	817	26	click
1370851919387	12	595	60	click
1372628535000	24	843	162	click
1372277764927	85	625	343	show
1368913981478	65	712	10	click
1368088373762	98	590	489	show
1371159521839	138	205	255	show
1368152921579	47	466	253	click
1369659894807	118	609	104	click
1367297620279	108	588	403	show
1373506556459	57	887	308	click
1371445891871	42	959	391	click
1374053007138	48	905	445	click
1372138155550	68	856	341	click
1374119477487	21	996	41	click
1370586490624	9	277	366	show
1368720949104	87	135	96	click
1370706020039	19	869	292	show
1369753143053	139	86	264	show
1368892050115	129	765	242	click
1367965286568	20	399	193	show
1368637654692	130	229	123	show
1372924308508	148	995	223	click
1367516315766	32	946	444	click
1372950456968	26	758	15	click
1372996728172	127	405	126	click
1371473967896	105	632	210	click
1369814875773	67	162	314	show
1370470502741	41	628	59	click
1368059022508	74	842	45	show
1369105064461	11	611	220	click
1369767721142	86	413	94	show
1369095830050	122	901	418	click
1369402108571	83	596	266	show
1368333212445	129	302	256	show
1370380115551	53	824	392	show
1371717806706	114	766	369	click
1371577773655	89	202	458	click
1369554795687	139	451	411	show
1366922206972	13	655	41	click
1367989075816	100	101	65	show
1370856613653	81	603	54	click
1372081832224	65	428	216	show
1373528511059	61	37	458	show
1373217881079	21	508	411	click
1368960229669	132	160	414	show
1370621577028	16	879	460	click
1368137544169	63	315	22	click
1372582052512	10	421	272	show
1368142200147	86	961	434	click
1367494723632	35	222	152	show
1366454241739	110	903	263	show
1368852156791	84	93	405	click
1367039236864	15	399	298	show
1371746660624	16	244	432	show
1366378114287	114	828	340	click
1367126358714	84	964	115	show
1368061171804	131	846	165	show
1369588853859	70	534	490	show
1370963351721	124	695	371	click
1368731238983	13	715	482	show
1367460041687	79	187	251	show
1368501728106	21	68	297	show
1371654157840	93	359	38	click
1371174891348	142	14	230	click
1371562953620	65	85	381	show
1371349810264	56	898	5	show
1369219353714	147	524	33	show
1369755767310	16	65	118	click
1372027739016	146	739	2	show
1373872341448	97	396	118	show
1372752388513	39	1	297	click
1371425303264	9	22	252	click
1370876510393	64	697	286	click
1372525109171	92	209	212	show
1370728234715	34	185	24	click
1374110374620	69	627	94	show
1372189082830	127	872	439	show
1370191044723	121	276	133	click
1370501846035	81	684	352	show
1366654544808	138	423	164	show
1367576791061	141	157	21	show
1370158790106	22	579	359	click
1368998096698	58	600	358	click
1371759359121	48	592	8	show
1371587987413	129	897	407	show
1371709272120	4	231	442	click
1373771198902	147	212	107	click
1372427379160	9	229	309	show
1370571737257	133	25	275	click
1369817948774	108	569	213	show
1372871737488	2	24	411	show
1371104509595	6	227	208	show
1373373752675	21	407	372	click
1373668514990	72	524	149	click
1370223457744	47	888	429	show
1371509285507	39	128	158	click
1374138208702	84	250	231	click
1368148277266	142	535	229	click
1369499952965	126	656	140	show
1370453401350	126	130	106	click
1373100388225	117	667	149	show
1373927296553	37	114	173	show
1373655094621	27	848	492	click
1371709071102	138	318	458	show
1371955224275	113	710	447	show
1372481291278	58	712	5	click
1371564402030	132	198	427	click
1373130961431	69	468	230	click
1368847276160	77	570	409	show
1371613385590	125	83	370	show
1370938303938	138	208	327	click
1369816878319	90	257	20	show
1368072313607	48	498	208	click
1373893646025	113	90	189	click
1366992223531	56	265	90	show
1370326693889	91	59	49	click
1372570045674	141	707	325	show
1371575628584	60	279	194	show
1367438403813	148	208	296	show
1372954808123	87	861	443	click
1371307552902	13	756	28	show
1374078244079	48	607	88	show
1369049068670	7	219	499	click
1369110906737	101	553	280	click
1371977706697	92	776	93	show
1371847132168	105	810	254	click
1373827003852	7	204	367	show
1367826604405	128	106	435	show
1369638644115	106	907	291	click
1369408316291	33	600	160	click
1368050737284	39	958	28	click
1372177748701	23	257	281	click
1374103853252	10	107	242	click
1367533482875	46	634	203	show
1373223424821	119	191	251	show
1367729484925	36	885	135	show
1368062375899	76	238	364	click
1367643001309	125	15	121	show
1369008009393	11	181	276	click
1372274093055	116	436	260	click
1371143882510	121	162	461	click
1371190282673	13	710	264	show
1374017771642	138	822	251	show
1366517622521	18	677	199	show
1366539876747	141	866	312	show
1370494297156	83	571	11	show
1370795929208	56	620	35	click
1367151681124	46	742	323	show
1366625714601	125	399	19	show
1367173380439	124	950	228	click
1372180331175	15	2	419	show
1368601942429	100	20	71	click
1367721681140	103	830	274	click
1371887044699	107	453	355	click
1368879535253	5	640	14	click
1368437796777	40	509	491	show
1371934151087	121	547	348	click
1373185490279	139	148	273	show
1373830135845	126	240	80	show
1367454282739	92	709	426	show
1367962377154	2	65	117	click
1371081370467	8	804	73	click
1372430601428	77	654	468	click
1369351012548	147	116	299	click
1367368244398	111	969	412	show
1369485487220	86	978	401	click
1369248991408	48	591	389	show
1373031811307	37	436	217	click
1373558426451	73	529	198	show
1374154051832	43	815	303	click
1373230433572	31	588	493	show
1368728558077	72	142	457	click
1370522275442	70	308	37	show
1373106779515	143	877	163	show
1371504768692	35	998	206	click
1367968728987	102	690	126	show
1370822199285	11	185	335	show
1368625649124	99	83	196	click
1372678894249	72	779	279	click
1368711723221	78	323	165	show
1367454450004	65	504	238	click
1369722656158	53	195	423	show
1369384848296	50	217	213	click
1373619203493	19	970	61	click
1367043510669	145	529	199	show
1367039712378	32	258	282	show
1374129697402	59	791	360	show
1366573441314	5	52	425	show
1366675537788	28	1000	410	click
1368008397099	142	828	113	show
1368785671382	102	315	299	click
1368165010335	112	265	482	show
1369352104767	29	403	219	click
1368794143039	133	845	160	click
1369555830386	25	997	209	show
1369334919919	75	356	482	click
1367004733634	121	479	4	show
1368175607963	103	252	349	click
1369548609407	139	883	221	click
1368443794967	20	120	371	click
1370613069258	31	343	37	show
1372967877951	130	554	341	click
1369862070059	108	176	394	show
1367910873286	52	717	381	show
1370402332312	83	916	79	click
1370008740088	15	866	455	click
1371278835675	94	12	60	click
1371262250834	58	98	477	click
1367960519895	108	939	247	show
1371723345818	93	699	285	click
1373946750846	61	586	126	show
1370520231025	83	199	33	show
1368060194750	15	808	168	click
1371545099037	39	339	165	click
1366516348174	36	768	367	click
1371725955705	35	260	399	click
1368846290933	118	362	132	click
1374165564148	80	985	82	show
1371643822235	62	213	311	click
1366535029118	35	731	425	show
1371101359787	69	146	486	click
1374042510997	127	931	459	click
1367050142272	105	668	43	show
1369141973198	124	214	441	click
1367907393664	64	978	253	click
1370030455888	25	522	239	show
1373946673111	104	115	207	show
1372119938124	6	683	226	show
1368927237674	6	494	342	show
1373863774056	86	313	306	show
1372238356697	51	609	67	show
1369174520851	129	319	143	click
1371650172506	150	505	481	click
1367354331218	24	816	437	click
1370850819775	75	40	381	show
1368886744094	126	564	187	click
1371904956142	37	335	100	click
1372803898206	139	120	238	click
1372679747356	54	744	351	click
1370325432138	98	978	488	show
1369150357589	39	592	170	click
1371246372970	20	95	253	show
1374019599487	32	943	414	click
1373269510793	17	645	45	show
1371228183564	108	87	426	click
1368976249741	97	623	180	click
1370415087512	33	914	74	click
1371466985227	61	166	156	click
1368463551928	4	378	75	click
1372760962536	1	807	450	click
1366616562875	106	7	349	show
1367211078386	40	898	61	click
1368381002068	6	961	49	click
1367053775774	119	222	100	show
1368439292643	94	597	472	click
1373847217649	74	428	48	show
1367120390713	68	368	141	click
1368012324603	110	467	58	click
1373092673858	81	930	228	click
1371330102266	148	218	11	show
1369447860980	89	427	266	show
1370917426389	74	934	165	show
1373252747660	112	479	372	show
1367473037749	48	457	232	show
1371750253059	126	55	427	click
1373925670199	54	402	240	show
1366614954651	97	579	157	show
1368267239755	43	61	361	click
1366381891143	134	237	233	click
1370791693190	106	623	290	show
1370016168253	25	684	487	show
1372261566930	142	671	13	show
1371817369462	38	998	278	show
1371607590970	107	217	96	click
1371164016462	150	282	432	show
1368476971226	52	26	466	show
1371487302475	10	467	373	click
1370790769704	12	701	315	show
1367471065581	46	723	104	click
1369106535863	31	615	184	click
1370789326794	137	694	11	click
1367714366675	88	977	357	show
1369699401976	70	945	361	click
1372938883822	116	147	259	show
1367212796778	107	275	398	show
1368363308275	105	490	107	click
1368612383295	143	985	480	show
1370062296334	32	857	247	show
1367679346799	73	536	98	show
1372508073081	80	734	157	click
1373909725858	48	496	199	click
1372085223965	48	203	306	click
1372498971909	40	130	75	click
1373757548459	33	314	430	show
1366994229423	135	103	231	show
1373886917066	20	499	275	show
1369155138477	111	626	491	click
1369470415168	59	675	416	show
1368277269402	82	828	242	click
1369421225573	43	965	497	click
1368591901634	4	65	492	show
1373168852444	62	770	373	click
1367404405260	4	293	316	click
1370078182279	117	625	463	click
1370596695436	52	944	439	show
1372629574212	30	564	11	show
1367014535378	74	466	356	show
1367160030170	3	20	379	show
1368280141127	1	547	179	show
1367277737485	50	973	342	show
1366584586725	112	240	360	show
1368699323410	125	620	320	show
1367326563241	79	299	195	click
1370241821440	21	213	53	click
1366674643462	141	909	120	show
1371626179691	61	90	419	click
1366373862030	58	614	61	show
1370350100729	126	829	97	click
1373315364820	14	837	250	click
1369366448258	46	994	296	show
1367918444479	33	552	74	click
1368363372455	3	731	62	click
1372909844549	44	175	493	show
1370326579312	30	3	466	show
1367509323604	131	974	33	click
1368926187343	68	529	381	click
1366912219981	81	705	355	show
1366852267066	101	249	166	click
1367809517047	8	558	64	show
1369022239792	95	981	474	show
1373597759449	36	80	310	click
1370635317036	64	595	46	show
1367308183281	96	578	166	show
1372194029002	45	103	413	show
1372098686443	27	806	34	show
1373437218989	37	391	450	click
1366372106849	145	337	206	show
1371016748895	19	646	222	show
1367044749580	68	536	249	show
1373943523449	100	365	495	show
1369784059886	16	846	458	click
1371750261651	19	465	362	click
1373001952651	101	919	283	show
1369780315753	103	826	83	show
1372586174327	69	333	420	click
1372971469931	149	239	21	click
1373757316269	145	739	307	show
1372330772394	145	855	343	click
1369950644330	106	722	411	show
1372944443121	62	990	419	click
1366988744252	31	660	442	show
1373631078083	110	313	404	show
1370073483906	47	731	352	show
1366846596294	130	453	392	click
1367235543367	145	708	351	click
1374144884630	67	359	260	click
1370374747166	36	51	68	show
1369891705383	32	780	403	show
1374197022233	4	962	136	click
1372541146264	123	628	45	show
1367050204205	12	203	418	show
1367199991002	71	545	293	click
1371297262826	19	123	368	click
1372920095141	73	512	215	show
1370335179580	101	399	389	show
1368793014934	50	766	475	click
1371486761869	121	773	277	click
1370095468810	77	246	11	click
1373237013395	131	523	236	click
1370700678827	7	671	151	show
1373637482351	73	1000	489	click
1372858352738	9	124	120	show
1373764158695	117	755	198	click
1366746721580	17	623	248	click
1368863864070	85	625	409	click
1366516683452	92	893	443	show
1373184600885	118	301	402	show
1372455197698	33	609	300	click
1369241492840	119	749	400	show
1372526603411	6	531	425	show
1373989736425	64	928	75	click
1373767923520	95	190	497	click
1371324809524	66	452	274	show
1373939377374	28	785	368	click
1370718016610	129	554	334	show
1372030619208	69	461	311	click
1371268384785	83	213	403	show
1368065463388	84	226	209	click
1368162408160	106	750	375	click
1367775762549	101	886	236	show
1371799565297	3	708	470	show
1373013770588	129	638	312	click
1366471406591	110	336	307	show
1371752131655	42	348	74	click
1369911648019	56	567	51	click
1366806577351	114	533	196	show
1368910202966	93	168	468	click
1371669193638	117	142	446	show
1370282742243	38	866	99	show
1368461108414	94	922	114	show
1366773090881	45	927	180	show
1371377822103	52	285	475	click
1367331362372	32	580	427	show
1369512186062	15	840	74	show
1366447040006	2	12	38	show
1371318971032	125	59	112	show
1371868448169	105	870	4	show
1366467337321	109	292	237	show
1368991616259	86	636	284	click
1372018978746	50	900	425	show
1367828882357	50	244	410	show
1367856348945	96	506	75	click
1370719449486	135	787	342	click
1371539284883	26	660	485	click
1366481022630	37	1000	362	show
1370103129446	1	157	481	click
1368496741953	20	232	249	click
1367591548687	13	143	59	click
1372289580851	36	762	61	show
1372377501933	70	402	86	show
1369461881344	51	806	484	show
1367084143939	17	56	310	click
1371118039485	117	233	9	click
1367092859529	22	371	304	click
1368734857253	13	810	377	show
1373093542026	48	758	497	click
1369392281667	126	136	276	click
1369055094604	26	850	350	click
1371944971996	133	389	283	click
1367703697825	13	29	467	click
1370910082893	125	598	406	show
1373997275016	97	488	389	click
1367899973997	45	89	439	show
1366372890299	41	483	49	click
1368910136664	66	928	421	click
1371655521129	12	468	280	click
1371949621344	30	661	322	show
1370848368303	9	460	335	click
1371003670932	2	270	254	click
1373826021611	73	618	309	show
1373436166663	30	221	276	show
1366715681785	66	380	450	show
1368162265943	22	198	437	show
1370064541843	125	347	247	click
1369923426625	36	1000	81	show
1370233743063	30	706	363	click
1370761967749	46	206	328	show
1373593528483	30	376	213	show
1372327135628	17	286	33	click
1373033579072	56	774	201	click
1367464003694	100	52	6	click
1369135562581	46	420	421	click
1367005126998	63	892	72	show
1367851337346	108	853	135	show
1368095689211	23	134	302	show
1372652903779	92	54	366	click
1372447575989	56	384	462	show
1366453800674	141	344	463	show
1371025035679	89	985	219	show
1372819124740	94	508	474	click
1373421258055	92	348	169	click
1367737868790	24	882	93	show
1372367180175	113	484	496	click
1370792988890	31	212	83	show
1368524710431	95	589	296	click
1367567392293	144	246	427	click
1372572215711	4	27	18	click
1369861006744	88	584	421	show
1372640987260	107	826	157	show
1371836985610	16	677	430	click
1366939067804	61	982	110	show
1369578356130	141	29	157	click
1371943324942	143	451	277	show
1369417851121	146	149	210	show
1370974959265	9	784	249	click
1373372526677	40	338	401	show
1373375141791	144	915	84	click
1373401222349	105	937	120	show
1367436543443	82	404	230	show
1367798040306	50	666	65	click
1367128191787	53	512	391	show
1373068532925	3	670	140	show
1367763899319	50	507	68	click
1371187298797	115	496	107	click
1368076103656	32	91	137	click
1369488684752	143	204	184	click
1371310072688	11	916	211	show
1366665978578	80	917	11	show
1368243555144	150	339	168	show
1372790752209	84	326	169	show
1370431220785	34	323	142	click
1367208777643	78	100	261	show
1366562750220	88	601	299	click
1366666593969	138	213	200	click
1368031081907	43	581	261	click
1370492568715	36	780	408	click
1371019886641	145	832	478	show
1368586868005	13	231	279	click
1373478425682	144	99	54	click
1374055816045	113	176	302	click
1371580557554	97	98	7	show
1371415080670	18	443	7	click
1372991918255	133	997	358	click
1367669140912	10	987	108	show
1368655175042	23	962	284	click
1368169985954	51	326	272	click
1371716844437	148	912	274	click
1367713930976	45	725	447	click
1370345054481	87	864	249	show
1373024712697	105	835	2	show
1367387857892	73	61	158	click
1372876081080	95	248	226	show
1368933132672	69	382	237	click
1366615565108	119	519	311	show
1370503944288	63	936	456	click
1369457561567	29	308	223	show
1366477906957	18	36	406	click
1367270963994	26	588	36	show
1373900132261	111	683	127	click
1369903934899	78	666	197	show
1372893858544	102	387	49	click
1371922904522	77	442	127	click
1373305185425	104	833	495	click
1369544781331	62	699	486	show
1372603405166	54	412	157	show
1366843056693	23	411	268	show
1368463369939	4	961	385	show
1372399369932	108	449	59	click
1373463849370	84	658	424	click
1374054207730	28	633	437	click
1368642054477	29	358	29	show
1372470622000	15	463	256	click
1373550729372	62	799	421	show
1373028992838	47	17	163	show
1368813338186	14	222	157	click
1367954301305	141	191	50	click
1367799975156	89	91	127	show
1372988059098	139	692	321	click
1372536058678	88	236	347	click
1367461388294	147	192	129	click
1371499784984	11	955	387	show
1370910951482	55	913	124	click
1373047441583	34	909	416	click
1366455869079	56	438	274	show
1366400116616	134	426	468	click
1370687697718	33	572	453	click
1367966373276	119	363	293	show
1368939517553	71	749	199	click
1366953237802	45	672	393	show
1367575929762	31	867	171	click
1369985250461	31	285	44	show
1366774175198	5	111	218	show
1373788125694	111	705	228	show
1372955553209	101	291	496	show
1371217106656	61	741	381	show
1369725125700	14	233	314	show
1369982958083	113	704	187	click
1368662002540	148	615	3	click
1374177129274	39	430	151	click
1368582295209	47	821	250	click
1370815957748	119	433	186	show
1372586232272	1	7	124	click
1371737242559	58	372	202	show
1372027161858	127	606	272	click
1366674985257	94	329	264	click
1368962832270	95	572	27	click
1371400896867	4	697	331	show
1369779045837	129	11	290	show
1368143976070	45	732	448	show
1370069802992	35	843	142	show
1370362165574	56	9	256	show
1367842601324	8	552	415	click
1370323725660	73	934	217	click
1368590177828	34	210	110	show
1368015855308	54	56	106	show
1369981939348	84	390	256	show
1372467039177	86	661	471	show
1367070120220	6	480	117	click
1370521280868	148	989	421	click
1366788680719	77	924	42	click
1368663164828	3	474	457	click
1366368604656	126	311	228	show
1373749956245	108	859	14	click
1370880772112	85	335	269	click
1370811966286	95	984	152	click
1372645671146	130	685	176	show
1368877291615	58	675	4	click
1369260738017	94	83	59	click
1371552042571	129	14	268	show
1370309682114	96	400	283	show
1373012359459	70	122	21	click
1370026206789	44	258	377	show
1368586673348	124	636	487	click
1368627194562	81	22	453	click
1371182403594	32	807	107	click
1373337950213	81	850	305	show
1368956031419	110	583	380	show
1372622645745	45	466	114	click
1368184912069	1	236	382	show
1369910150049	17	483	74	click
1368417487519	100	474	173	click
1373272320628	70	937	322	click
1369683025705	50	94	64	show
1370490675803	109	185	320	click
1366448857871	110	400	361	click
1370811450940	139	524	108	click
1369645094281	122	863	481	show
1370933821014	4	787	70	click
1370090762257	62	276	229	show
1371445904858	99	894	78	show
1369690025282	27	986	196	show
1370202133707	108	574	211	show
1372488314883	121	253	283	show
1370398335239	5	56	438	show
1368983322678	2	468	479	click
1372129104383	59	18	494	show
1373618812908	62	72	268	show
1366399401222	52	758	52	click
1370473912524	85	547	466	show
1370345115564	43	855	461	show
1368868886541	55	420	206	show
1373858210721	25	127	31	click
1368774849677	28	796	100	show
1367737715426	77	483	167	show
1373434377249	63	607	170	click
1369707035540	140	539	78	show
1370640584586	125	708	173	show
1372174998519	99	638	268	show
1368954309763	9	868	72	click
1369325242978	45	60	1	show
1370839050331	150	830	152	click
1373539022470	59	952	442	show
1372335894607	12	412	257	show
1373710131177	42	623	395	show
1368183224128	143	836	173	show
1368929342143	93	532	436	click
1373330856679	69	204	206	show
1369714910447	86	395	112	show
1367318542815	30	265	68	click
1373563815404	144	799	273	show
1371894111332	54	611	268	click
1370955042045	111	914	95	click
1366526906344	41	984	492	click
1369007651794	124	240	254	click
1366939033903	113	8	304	click
1368037861536	17	694	155	show
1370998457433	150	696	59	show
1373676607285	135	187	62	show
1373410842265	37	137	214	click
1371335026589	35	211	358	click
1373435616308	3	29	309	show
1369705021149	125	609	460	click
1372217841623	2	997	256	show
1373178023533	63	386	461	click
1370263678166	74	462	347	click
1369910197911	18	252	178	show
1370174835075	4	951	328	click
1368127915628	50	338	293	click
1366369765589	6	740	72	show
1369616199194	137	133	68	show
1366884367784	46	505	332	click
1368442820831	106	742	311	click
1371884555921	50	118	268	click
1369082766771	107	358	249	show
1369521279420	22	664	145	show
1367604867381	27	676	319	click
1368784233551	5	932	431	click
1370126637327	109	467	321	show
1373438781365	65	256	91	click
1366402829642	119	665	500	show
1373664159034	135	947	93	click
1366864897408	71	693	399	show
1370379521250	60	87	132	show
1369973810333	46	704	281	show
1374053664048	59	481	424	show
1369009312796	23	357	366	click
1373164697440	50	871	300	show
1370156788306	43	164	216	show
1368098647278	86	225	260	show
1370243377488	132	32	123	show
1370529355638	17	820	216	show
1372347546923	137	206	128	show
1367933980647	29	653	330	show
1368506119140	13	609	299	show
1366550387066	140	252	352	show
1366561776746	139	661	10	click
1371289267534	131	867	107	show
1366478318938	108	608	444	show
1369930070004	53	399	496	click
1372825792407	112	913	154	show
1370021819819	105	27	451	click
1369379728639	122	211	379	click
1372012399215	22	783	305	click
1372655759882	147	765	256	click
1366423488610	6	5	25	show
1366906907245	26	541	347	show
1366352655421	147	852	28	click
1372369421696	52	313	127	click
1369214037152	77	532	43	show
1372213312298	82	425	48	show
1366468096489	148	965	17	click
1369186599934	113	727	87	click
1374063769211	115	397	203	show
1372484320172	51	316	459	click
1370562484796	109	497	317	click
1369040829056	26	631	366	click
1370112842353	123	924	31	click
1370502179551	18	305	407	click
1373525189673	120	399	415	click
1368916746424	46	562	235	show
1367504594854	89	87	164	show
1372562238453	140	604	408	click
1370316477497	6	947	241	click
1370833159307	92	257	6	click
1368491765328	67	148	295	click
1371950346656	121	549	372	show
1373777433065	96	236	2	click
1366583685013	135	522	370	show
1368998614052	81	166	42	click
1366759230700	120	194	483	show
1372355854222	69	503	258	show
1372120203217	119	963	356	show
1369336383138	101	100	201	show
1366413395191	79	265	374	click
1368847024740	138	403	123	show
1367516084261	76	272	370	show
1371162382075	48	524	321	show
1370389147763	49	361	277	click
1367719813251	78	119	266	click
1370323960275	105	252	355	click
1373315646579	95	943	269	show
1368851669917	12	315	271	click
1372845300926	127	866	110	click
1366996439729	90	212	214	click
1368776624734	7	928	256	click
1371239968177	33	959	252	show
1367011979340	14	535	446	click
1367934782764	130	349	238	click
1370735639915	96	702	165	show
1368698925314	17	479	423	show
1369642492659	122	991	40	show
1367229017180	49	504	379	click
1373625491092	104	576	466	click
1370146028657	7	699	353	click
1369921598395	141	890	131	show
1372248419617	40	632	433	show
1369565939607	32	19	316	click
1370840816149	86	517	249	show
1372894531392	67	332	18	click
1369897676061	117	135	134	show
1368171502974	127	536	383	click
1371049101673	132	659	392	click
1372954946839	99	55	328	show
1366823215304	99	426	47	show
1370163102275	137	617	358	show
1368445988485	28	446	305	show
1367053658510	76	834	78	click
1368992853631	40	145	427	click
1369632624769	139	57	335	click
1368653783744	58	45	434	show
1373170039513	46	396	329	show
1372789947633	11	788	345	click
1372397512770	35	621	49	show
1373576566887	14	214	490	show
1373518079600	95	390	78	click
1372586352647	113	852	174	click
1372978619792	138	667	35	show
1370135029346	73	121	485	show
1373268201133	16	985	465	show
1373621439593	27	979	177	show
1373525461365	4	490	137	show
1370895815844	19	427	65	show
1367365611438	12	297	400	show
1372930669358	53	102	255	show
1373882141241	124	779	167	click
1366425657912	121	517	241	show
1366419116188	47	507	196	show
1369829615716	79	40	190	show
1373411154333	80	79	338	click
1370475843103	135	174	3	show
1372271119192	127	163	287	show
1373013590582	14	247	131	show
1372227310036	115	765	264	show
1371761681386	126	691	183	show
1368195444479	101	336	41	show
1368795235678	5	18	96	show
1373809181316	33	664	442	click
1366483172506	43	701	134	click
1367039038712	42	790	84	click
1371198318060	129	317	162	click
1369116340437	6	260	158	click
1366539605872	3	240	77	show
1371890615206	40	495	268	click
1366374491877	111	400	244	show
1373611711078	103	200	242	click
1369736253267	112	374	40	show
1368224861728	38	823	421	click
1368367159276	51	69	40	click
1367612617720	57	852	220	click
1367522390883	52	511	496	show
1368601517046	92	428	65	click
1372559820466	10	348	142	click
1372362469588	107	424	416	click
1370785542312	29	569	91	show
1369248623304	139	317	469	show
1373451325924	106	988	59	show
1372359387908	42	95	184	click
1366655485528	69	594	475	click
1374183340352	76	610	3	click
1373339829392	37	791	378	click
1371710452236	114	579	375	show
1369741972162	119	291	83	show
1370000110514	19	446	136	click
1372962180595	19	554	303	click
1371125570142	108	1000	489	show
1372831158035	10	634	167	click
1370079061999	111	470	198	click
1368649065603	84	295	113	click
1368379325238	80	76	360	click
1368797896125	1	127	460	show
1367336818221	60	857	18	click
1371961649174	15	813	345	show
1371429457855	66	491	181	show
1366752583923	99	839	450	click
1367379034214	89	622	252	show
1372971072510	45	954	177	click
1366503486096	132	818	99	show
1370498534240	101	289	147	click
1367434999303	44	134	275	show
1372494891264	131	246	499	click
1369891839259	26	681	362	click
1370794509754	119	544	185	show
1367463849495	4	733	42	show
1366346184353	106	269	320	click
1372638912567	68	822	75	show
1373112232578	84	762	323	show
1368150808705	136	36	271	show
1367852735430	53	735	410	click
1369777314527	19	52	100	show
1373370700441	7	22	61	click
1366925452338	110	680	335	show
1373166686453	104	348	459	click
1366480290963	61	276	247	show
1369116935449	131	992	56	click
1372157647326	119	851	440	show
1370119926789	2	664	198	show
1371562874890	78	1000	182	click
1366499593669	91	969	152	show
1370663767865	102	365	258	show
1367153694932	41	255	448	click
1369807767082	137	332	208	click
1367296152784	83	914	345	show
1370961480721	107	998	118	show
1371886781602	97	475	336	click
1367819389085	81	509	464	show
1368910367101	139	404	101	click
1367734261715	70	90	266	show
1369881707879	71	739	120	click
1374074732521	21	70	104	show
1372411266988	140	760	333	show
1367437319252	64	446	111	show
1371663683434	13	605	312	click
1371317720473	102	830	449	click
1369066771295	80	683	486	click
1367046553015	23	718	282	click
1367733238422	84	423	50	show
1369136550105	88	368	190	click
1368950029139	26	255	315	click
1369749809693	128	536	198	click
1368081342829	101	531	45	show
1369952988195	72	643	327	show
1368540377666	94	798	232	click
1372088962238	61	692	334	click
1368728633736	27	765	44	click
1371579427126	140	352	116	click
1367129563353	19	573	158	show
1369686020973	123	945	227	show
1372911044024	75	901	98	show
1370239921695	148	711	375	show
1371214764012	120	393	460	show
1373646480483	25	56	374	click
1370712452022	46	752	223	click
1374066149995	12	717	27	show
1368197976622	48	667	220	show
1368502211513	124	663	451	show
1370622712068	144	112	151	click
1369736022728	123	836	176	click
1371335223609	12	853	264	show
1371644925740	9	420	77	show
1368599388009	28	476	318	show
1370257679582	43	595	416	click
1369165819502	48	801	231	click
1369965120731	29	415	212	click
1370824000310	21	125	74	click
1370634089491	50	219	435	click
1366691762870	110	408	99	show
1371604602716	42	8	306	show
1366961945812	118	297	446	click
1369112708169	143	250	106	click
1368662289313	149	398	367	show
1372674935586	120	351	75	show
1372212785762	47	843	312	show
1369831641045	118	504	213	click
1374146617870	136	480	165	show
1373544544608	32	413	445	click
1369073706105	28	630	279	click
1368604430848	139	560	64	show
1371366458915	49	746	427	show
1370084574880	142	525	365	show
1370437087919	27	861	280	show
1371707279169	138	816	464	click
1372555342431	10	142	471	click
1371702829492	134	824	253	click
1370347590910	130	916	443	click
1369009901943	140	477	158	click
1366893160299	60	921	68	show
1373122632964	102	54	215	click
1370154232409	122	417	82	show
1372290963851	136	859	223	show
1367040617186	34	540	209	click
1373044859749	21	178	271	click
1368130844758	14	93	406	click
1369014454558	16	514	252	show
1372116718801	100	379	106	click
1371917485650	16	456	156	show
1370827244256	48	237	284	show
1373712321241	71	841	438	click
1366753706317	11	969	197	show
1370422855506	62	921	119	click
1369933422221	100	860	366	click
1371657899997	122	360	91	click
1368567611855	17	269	373	click
1372955039009	106	679	140	show
1368168332063	53	381	499	click
1366916762660	4	18	6	show
1366506410402	134	24	487	click
1367891482050	132	817	54	show
1370768322500	122	455	73	click
1372093637876	60	974	247	show
1370130833545	60	48	452	show
1372363741920	13	796	149	show
1371680299478	110	907	45	click
1369131640972	149	711	33	show
1372025064059	137	379	343	show
1369521657906	13	484	235	show
1369710790489	62	105	94	click
1371481746550	78	442	254	click
1373187557785	123	436	447	click
1368881755222	36	361	449	click
1369167728567	101	933	23	click
1370387943859	11	997	262	click
1368862742129	129	530	300	click
1374021539256	73	207	220	click
1368762518294	99	197	210	click
1370632787200	50	92	69	show
1367399883243	141	505	410	show
1373197897341	21	646	264	show
1369462953334	25	766	476	click
1367504623995	130	603	393	show
1371532903816	58	215	333	show
1368935546824	139	645	344	show
1368333177094	34	652	418	show
1369119469648	37	843	251	click
1373576839516	1	976	174	show
1368772249139	127	744	378	show
1373200694777	16	281	37	show
1370694611016	15	66	304	show
1368283478196	25	837	72	show
1368323373712	42	868	371	show
1369914833848	61	864	399	click
1368614081242	118	147	429	show
1370263008237	27	48	21	click
1372360143794	92	611	67	click
1366841870634	36	820	301	show
1370864022890	41	233	409	show
1374134013079	119	449	33	show
1372034741575	94	539	152	show
1367346730031	124	704	248	show
1373376629842	120	153	180	show
1372725011836	71	970	350	show
1367352109109	149	520	326	show
1373638235099	129	463	60	click
1367071215163	36	297	173	show
1370130392735	124	349	148	show
1367384096598	127	301	410	show
1371750973961	19	210	445	click
1371019023968	118	893	297	show
1366492746036	99	490	431	click
1367576275709	128	343	22	show
1371533328112	100	60	130	click
1367404580789	136	371	374	click
1367535768482	119	7	245	show
1367055502131	102	426	17	click
1368937141422	46	491	415	click
1372973256996	131	91	361	click
1373702593779	116	526	117	click
1368937343995	33	614	470	click
1367697780678	95	525	373	show
1369340388138	82	473	129	show
1373483704993	88	300	190	click
1372300368534	142	342	257	show
1371275421378	123	862	325	click
1368803766667	46	14	386	show
1367005754828	80	905	363	show
1367898181725	131	352	308	show
1371735323123	69	497	234	click
1370599858564	2	679	224	show
1373262080588	121	651	363	click
1371107775366	127	1	9	show
1373985757979	112	460	114	click
1373228999902	101	650	465	show
1369760143275	124	169	495	click
1366964105898	39	8	92	click
1373677534055	92	598	367	click
1371826632358	114	617	352	show
1368750205551	107	944	199	click
1372027362470	102	393	455	show
1368345362695	115	480	142	click
1372908618205	35	606	27	show
1373371003651	145	59	173	click
1371222028423	124	606	270	show
1371885163665	133	947	477	click
1366493480937	93	610	339	show
1370783894327	138	366	205	show
1367035179431	125	933	255	show
1374078046040	74	928	417	show
1372590482299	57	488	161	click
1369256266730	36	436	182	click
1370335354196	48	624	451	click
1369883503541	25	171	417	show
1372321265858	71	232	477	show
1369814024602	101	716	386	click
1367440217756	125	410	292	show
1373053010189	119	433	444	show
1371749312182	43	668	333	show
1371772327810	2	573	169	click
1371285309259	132	711	437	show
1369674744297	136	941	330	show
1369723383125	142	831	406	click
1370192685191	39	114	215	click
1369239507350	78	46	363	show
1366933173742	25	524	13	click
1371842204222	83	650	174	show
1370134922750	20	799	241	click
1371751992596	123	499	414	show
1371170047398	110	490	209	show
1372083364815	126	596	228	show
1373014990359	1	188	210	click
1367513301308	149	42	322	show
1367309040230	9	762	303	click
1366831373480	85	173	449	click
1367775564065	84	419	407	show
1367694102670	121	561	170	click
1366679360836	50	495	253	show
1374093697737	148	447	272	click
1370690728119	53	329	399	show
1372982951524	62	984	298	show
1369525002225	53	529	159	click
1371333147052	24	220	2	click
1366441496265	79	609	459	click
1372130224554	124	819	462	show
1373112120025	26	744	418	show
1373195761164	61	695	393	click
1371921145816	26	492	439	show
1373510880674	111	713	230	show
1370146088710	35	86	379	show
1369993969990	62	670	293	click
1372360938598	40	772	9	click
1371084543755	121	980	206	click
1373923553242	53	697	179	click
1369468517421	127	838	120	click
1366599147953	139	260	40	show
1369034808158	149	186	82	show
1374086397191	117	481	251	show
1369096166017	71	249	490	click
1367698012441	1	290	112	show
1366956226587	92	627	66	click
1370102597326	108	136	17	click
1371275318614	94	787	471	click
1374116884206	67	278	150	show
1372869652182	72	434	357	show
1367919511549	95	355	18	click
1373224440636	74	589	75	click
1367712774150	113	778	282	click
1368378934931	34	794	483	show
1368215451082	22	217	130	show
1371893736012	127	126	395	show
1367401138353	102	6	345	show
1367644077862	30	329	67	show
1373025242501	109	556	431	show
1368062345617	118	491	369	show
1369892864430	135	301	204	show
1368484354029	31	31	161	click
1373959902910	130	542	44	click
1367337643595	2	118	442	click
1366459610457	2	842	296	show
1369316316610	35	838	211	show
1367607821651	98	126	222	show
1369336213052	146	127	188	show
1367165362912	48	491	365	show
1368845496909	102	271	57	click
1371528315679	138	871	396	show
1366568953135	66	298	418	show
1370860210081	112	988	488	show
1369721498756	136	94	171	show
1372259394443	132	624	427	click
1374107752871	72	38	12	show
1367787015883	117	634	247	click
1371975209813	17	12	466	click
1371101219490	56	890	338	show
1367499286358	92	294	483	click
1372112301816	1	364	251	click
1366958406184	138	856	292	click
1366733498260	88	270	306	show
1367775118194	47	715	268	click
1367994349211	99	487	181	show
1368120341149	33	901	129	show
1371739449885	23	738	403	click
1373735858096	130	693	237	click
1372097169118	140	377	451	show
1371739282311	4	213	304	click
1367742019926	76	146	50	show
1373210282926	147	263	101	show
1371986971895	65	840	462	show
1374154691217	11	136	271	click
1369517651114	37	622	259	click
1368780803679	48	30	259	click
1369443145585	38	43	124	click
1372477033027	22	219	353	show
1367259614095	89	895	335	click
1366412474752	40	581	378	show
1371245888853	75	15	167	show
1373714245558	35	185	452	click
1373641058271	144	955	418	show
1367075660869	87	761	13	click
1367836080485	40	472	311	show
1370243248273	2	68	198	show
1368475963712	67	242	358	show
1372755176110	37	429	397	show
1369117297098	120	376	44	show
1366765104370	54	951	126	show
1373576075727	50	490	289	click
1370488067992	103	725	200	click
1368280187869	140	581	69	show
1368159789424	127	67	405	click
1369411017878	114	406	414	show
1370436892378	147	489	75	show
1368720930237	138	715	101	click
1371357142613	79	836	83	click
1366898496301	38	734	244	click
1367469533432	5	265	455	click
1369727253819	63	312	489	click
1368509804350	86	653	188	show
1370280298589	28	225	410	show
1371245899914	55	240	16	show
1372202014183	129	450	287	show
1368971720212	148	697	242	show
1367797567737	69	521	14	click
1373708697707	66	247	26	show
1366495688802	72	642	374	click
1367752762656	15	87	39	show
1366574510838	11	438	51	show
1369613587138	101	34	310	show
1368890824319	94	334	152	click
1372816784042	99	269	187	click
1366819090964	53	517	436	click
1367619371687	56	747	88	show
1369399190076	96	623	321	show
1367074959424	106	815	470	show
1366870050406	54	835	244	show
1372861765348	74	815	351	click
1368342034202	126	943	185	click
1371427645991	79	313	199	click
1372047319890	84	996	185	show
1373451331939	75	510	4	click
1370755007738	24	726	70	show
1371522012012	136	264	282	show
1372462544012	119	974	150	click
1372923142489	48	945	314	click
1373380172665	65	564	423	show
1367114654957	6	522	137	click
1369038438759	147	499	133	show
1368501183754	28	286	203	click
1366874109174	24	741	89	click
1371728071593	24	71	336	click
1371030561984	115	437	287	click
1370370269922	73	924	201	show
1369508638287	62	106	473	click
1369808772622	104	283	259	click
1374074403980	79	668	405	click
1369489836409	63	973	177	click
1372080070217	95	711	475	click
1374201311338	131	940	328	show
1369434752529	92	834	79	show
1366872090969	41	599	244	show
1366730653241	29	317	94	click
1369875346166	4	169	268	show
1371972601992	52	856	131	click
1366464291447	32	900	337	click
1367656935835	99	318	80	click
1367724012575	79	203	400	click
1369947304216	68	322	313	show
1370521083836	102	673	293	show
1370180100798	72	210	447	click
1371914531473	93	57	405	click
1368415684026	30	964	4	show
1369806141129	40	741	31	show
1373949820457	21	805	499	show
1371637728603	78	471	358	click
1368694747817	56	98	439	show
1367700328006	35	341	199	click
1371563854231	139	590	405	show
1367791739707	83	600	211	click
1373231347092	66	254	377	click
1371331991923	12	870	445	click
1369216867495	66	693	479	show
1370940056045	39	176	189	click
1371482585144	122	197	250	show
1368037842483	80	626	373	show
1370990057779	141	628	440	click
1372686423213	145	452	114	show
1374076249496	79	410	417	show
1373515051742	132	280	385	show
1368969712169	6	45	249	click
1367954111183	70	691	421	click
1372289720271	122	505	5	click
1373962000159	13	978	262	show
1372722913717	93	706	147	show
1368472143963	60	357	126	click
1370444001653	111	717	375	show
1371749177393	68	448	268	click
1367568450040	117	704	113	show
1373295233012	57	816	124	show
1373323118672	10	255	396	show
1369732859783	79	177	399	show
1367856260981	77	996	255	show
1372677995975	95	354	80	click
1369645002120	131	724	35	click
1370273304334	64	222	147	show
1366371885388	11	905	183	show
1367772453732	109	939	248	click
1368091529391	9	505	77	show
1368583309228	11	201	366	click
1367031784923	74	335	194	show
1371821575026	68	125	255	click
1367073741682	89	67	446	click
1368824494774	58	459	180	show
1368138154993	124	831	361	click
1372857804521	103	273	130	click
1367804567108	37	51	153	click
1371696025113	14	514	133	click
1372673265674	7	959	349	click
1368438054012	146	89	83	click
1373154211034	92	956	453	show
1369981430535	144	840	100	show
1367474705021	86	221	407	show
1373128031770	92	734	425	show
1371124479042	52	421	399	show
1370442928748	134	478	283	show
1373043979177	56	737	341	show
1372385033816	123	205	171	click
1372189808665	36	759	12	click
1369345490717	24	417	306	show
1367063463292	6	339	218	click
1367965638433	96	590	354	click
1370661970424	52	144	294	click
1369700191162	48	612	496	click
1372612075346	46	870	12	show
1368483039791	43	720	364	show
1370108879815	79	514	451	show
1367016988901	142	597	420	click
1367899307502	45	422	1	show
1368785518014	43	818	15	show
1371124961964	90	74	20	click
1371733091364	79	74	203	show
1366502905319	146	220	200	click
1374136417944	107	799	343	show
1371298931790	22	825	57	click
1366402667774	8	77	446	show
1368847789486	42	635	395	click
1370412915104	49	543	351	show
1369226940599	65	525	138	show
1368562200226	46	173	30	click
1370391754513	141	14	21	click
1373410040271	56	529	433	show
1368418684426	7	891	319	click
1367845080180	1	811	412	show
1372074538630	8	294	194	show
1370530317937	36	844	73	click
1370382807613	149	916	91	show
1371304114476	75	509	405	show
1368420393510	69	203	389	click
1369806528395	128	860	424	show
1370991049115	5	507	58	show
1366676600152	113	695	125	show
1371233809213	20	756	457	click
1372381887475	16	756	391	show
1371481255210	99	246	416	click
1373461596348	37	12	488	click
1371504247858	18	255	419	show
1369464991382	39	258	25	click
1368433830035	2	572	177	click
1373475002587	117	743	331	show
1373739054145	85	205	137	click
1368648532915	8	471	368	click
1372580178175	118	298	181	click
1374144156557	12	922	448	click
1366750346322	124	310	429	show
1367290614632	50	978	396	show
1372482421629	14	935	352	click
1370956201376	71	781	228	show
1368091621470	51	918	284	click
1373791319450	37	396	422	click
1371271411507	143	24	437	click
1372391767214	66	234	426	click
1368046396264	90	647	1	click
1366725448296	79	162	403	show
1369432292571	72	472	268	show
1373630130207	24	460	328	click
1373937332120	14	621	161	show
1373123713059	20	119	356	show
1371911321374	87	836	372	show
1366992138522	60	255	192	show
1370402210227	77	722	473	show
1370462588118	16	351	498	click
1372408287477	131	162	147	click
1367053282983	66	74	126	click
1372052808397	109	926	463	show
1369822648404	11	998	356	show
1370323336158	110	518	24	click
1373461751979	114	945	195	click
1371525618282	40	225	77	click
1373066645922	22	261	80	show
1368853978071	103	263	351	show
1366551385663	133	410	168	show
1373877214605	15	45	356	show
1370708078666	110	234	189	click
1368620962269	88	515	402	show
1370172798036	115	798	345	click
1373891656221	16	874	324	click
1370817882962	64	32	314	click
1370716518421	103	544	375	click
1372228233038	97	271	131	click
1372679710760	37	614	121	show
1367177445744	119	177	487	click
1366477318686	140	775	40	show
1367923064583	7	868	393	show
1370811232899	35	586	408	click
1369800092962	21	456	442	show
1367155192776	91	379	73	click
1371978063738	27	502	155	show
1371684447836	78	55	395	click
1372245585071	26	165	290	click
1367767769416	42	290	484	show
1372026770956	34	624	463	show
1368893729983	116	588	319	click
1370794735975	133	138	415	show
1368364963070	72	591	349	click
1371993884542	149	177	379	show
1368574747430	129	683	147	show
1368659063390	26	907	52	click
1367902404973	30	742	357	click
1370493740641	144	842	284	click
1368182799040	48	665	421	click
1373790256645	148	525	60	show
1366485500123	40	835	297	click
1366457704916	144	423	492	click
1372486655127	77	342	374	click
1368934362096	44	582	462	click
1371179024499	131	261	101	click
1371722301428	93	360	91	click
1367995147844	40	943	289	show
1368312904592	32	602	324	click
1370997412446	120	768	27	click
1369118795367	128	479	137	click
1369534447628	90	718	318	click
1367769500075	18	524	462	show
1372171145490	52	801	218	click
1367917479623	150	695	237	show
1368768292544	113	11	190	click
1373558600599	87	591	252	show
1370023490525	43	227	117	show
1369565154787	150	780	332	click
1373657157504	108	890	358	click
1369520796195	113	663	3	click
1369758287492	114	537	146	show
1374137017561	139	919	434	click
1370366544772	109	385	470	click
1369990637700	11	707	4	click
1366468069550	11	131	146	show
1369497585145	138	35	258	show
1366391192491	31	65	393	click
1367521328195	120	431	277	click
1373324850158	86	768	193	show
1371576660027	24	448	242	click
1371758920511	28	899	90	click
1374189103718	40	750	411	show
1370280180412	52	211	357	show
1369729511518	1	273	368	show
1371051650068	112	682	162	show
1371967988197	140	25	308	click
1368408573574	140	141	132	click
1372483724590	37	114	450	show
1373278215065	49	708	181	click
1368368979025	3	864	494	show
1368152871791	146	365	93	show
1370486312553	147	251	495	show
1373227024841	44	675	482	show
1368029895816	75	123	399	show
1372294648555	114	686	312	click
1373053211678	63	279	90	click
1368586448571	69	550	195	click
1366676072779	73	940	78	show
1367349629951	105	35	176	show
1367264245920	36	532	383	click
1372331092988	62	400	159	show
1368216364692	134	630	439	click
1372209382293	77	148	232	show
1367848344817	84	819	393	click
1373832661011	4	434	494	show
1370010034847	48	921	32	show
1369151772289	4	627	53	click
1373941577765	17	517	65	click
1372498167123	15	472	292	click
1366515775862	15	41	375	show
1371935211048	62	776	166	show
1368924887544	34	189	498	click
1370746366064	93	32	395	show
1373262889206	141	675	55	click
1373018152097	90	202	224	show
1369652013829	17	83	469	show
1372939259573	4	783	30	show
1373304040658	130	184	373	click
1366686308103	126	3	97	show
1366824234571	92	714	86	click
1367141545751	148	337	105	show
1366978455326	119	756	91	click
1368524256428	64	961	416	click
1369435863478	42	518	259	show
1369729146551	74	308	89	click
1371495767278	125	463	407	show
1374094165419	98	981	111	click
1367517590257	68	693	122	click
1373053868276	109	298	44	show
1367797800960	96	194	457	show
1369676930092	110	221	152	click
1370901414858	116	419	372	click
1373278593208	134	342	334	click
1372289196416	5	432	56	click
1373437043979	50	673	462	click
1370156637049	41	523	41	show
1374143698316	36	263	445	click
1373381536507	97	765	342	show
1371475652953	123	354	255	click
1369198839435	117	545	483	click
1369446891605	86	691	170	show
1369968153163	81	306	143	show
1372728780379	92	63	45	show
1370735880138	69	843	91	click
1373974682802	16	325	114	show
1373659434060	147	718	20	show
1367963937838	9	735	28	show
1368883359037	114	239	426	show
1370367265500	45	148	91	show
1373463533167	53	565	182	click
1369839528258	143	351	197	show
1369659488992	129	308	299	click
1370656934501	9	517	317	click
1374053088194	91	5	39	show
1372460330092	57	198	93	show
1370592954993	133	590	3	click
1372743704545	144	444	209	click
1372257879684	136	364	382	show
1373980153315	120	292	162	click
1371662920489	123	174	33	show
1366496512585	32	287	260	click
1368043675273	54	757	214	show
1368186833695	20	628	36	show
1373177294598	90	658	288	click
1369195792469	110	328	77	click
1368865196275	23	292	84	click
1368054769347	61	33	389	click
1373671804108	93	545	140	click
1368712582105	87	299	365	click
1367274533370	65	574	295	click
1366958820760	47	771	427	show
1372850007588	73	835	332	click
1371654085856	10	815	432	show
1370607075127	125	851	74	show
1368539317951	15	445	350	show
1373009649391	131	853	27	show
1374049531175	127	342	80	show
1373284591025	104	270	167	show
1367699065433	138	407	15	click
1371993338337	148	631	403	show
1367012034017	88	167	96	click
1368382355167	83	767	18	click
1368765030342	79	422	151	show
1371970987767	3	911	210	click
1372433793163	14	283	143	click
1372769635848	49	609	126	click
1371595509899	94	478	341	click
1373689141769	103	924	60	click
1367217872543	116	281	319	click
1371775586563	3	866	442	show
1367644089911	27	210	490	click
1371625431522	102	82	297	show
1373238433392	55	118	487	show
1366678968281	9	178	71	show
1372570664620	123	16	23	show
1368989690103	87	917	356	click
1367323036581	138	84	68	click
1367614395030	128	645	302	show
1372661168710	86	285	87	show
1368075764941	53	578	459	show
1372603697400	112	725	491	click
1367578306842	111	36	336	click
1367039182402	70	625	220	click
1371123553140	58	534	255	show
1369244136852	85	681	90	show
1369578063970	106	575	194	show
1367544148447	11	421	451	show
1373562624011	73	745	3	show
1367975995399	19	85	367	click
1372946890050	25	951	73	click
1374151171433	106	380	261	show
1366547791211	90	88	241	show
1371950286509	1	713	266	show
1373409977956	47	444	76	show
1371920370913	93	955	420	click
1369921654696	43	223	149	show
1370381438270	12	304	32	show
1373607711309	9	346	349	show
1366593277018	90	705	280	click
1370661036911	112	47	384	show
1370923444850	92	257	9	show
1372185012746	23	146	466	show
1373736762125	117	501	477	click
1371780994478	45	580	376	click
1371002955928	18	629	229	click
1369656922773	83	138	437	show
1372811159097	85	272	99	click
1367757515180	33	834	203	click
1371644862924	77	101	419	show
1371239282722	17	464	269	show
1372168679995	42	415	43	show
1367117797456	31	68	242	show
1368292248949	131	731	296	click
1369431302916	64	876	74	click
1372332972783	46	273	62	click
1372543476762	81	432	5	show
1369028639421	4	206	24	show
1372290989701	80	23	153	show
1370518858438	112	343	11	click
1372614268258	75	780	260	show
1367011102660	130	354	96	show
1367217173716	45	459	64	click
1372847428496	99	785	403	show
1373889430211	31	43	140	show
1373257653712	35	975	226	click
1372705482524	87	962	112	click
1370436210556	118	90	439	show
1371408943667	121	916	91	click
1373755804145	86	366	471	click
1367079482528	56	362	92	click
1369982337400	50	241	428	show
1371548893104	117	429	253	click
1371359574780	52	946	315	click
1372297247324	1	189	466	show
1367463199323	97	746	312	click
1370493861087	68	80	208	show
1372951095566	30	997	123	show
1374184889493	19	857	140	show
1369637249006	133	909	347	click
1366923465621	22	190	312	show
1371654404557	49	360	76	show
1366805862870	64	937	495	click
1371578017519	112	667	104	click
1369957936338	56	84	103	click
1367601651921	138	55	123	click
1367460100464	76	755	112	click
1371582990598	76	733	83	show
1369650937350	84	620	369	click
1373889263416	100	774	369	click
1371048492954	114	939	194	click
1368908070813	120	526	327	click
1374065610838	109	708	267	click
1371085270520	52	150	353	click
1373160453624	124	128	263	click
1367861862342	16	236	342	show
1366495939665	130	695	289	show
1372380251588	74	542	465	click
1367341356005	82	530	305	click
1367372429855	104	109	40	show
1368030175993	115	531	393	show
1367202140693	68	556	244	click
1369000567837	144	740	389	show
1368083400283	83	265	4	click
1370734742691	122	419	466	click
1367380531903	85	504	374	show
1371056067593	100	275	60	show
1372855667295	4	216	13	show
1366557394201	43	252	291	show
1372183993675	28	74	337	show
1367584121809	43	582	297	show
1367238718583	60	415	56	show
1367086420803	5	541	262	click
1369605295680	32	280	54	show
1371495333015	25	969	414	click
1373716015712	16	837	273	show
1369299023803	136	883	282	show
1366384925620	28	204	308	click
1370209827684	114	227	42	show
1369789728667	150	272	383	click
1371147574453	114	211	256	click
1370893228010	131	847	391	click
1371966924138	119	464	167	show
1372534238591	33	952	77	show
1366653302764	146	648	93	show
1370288044634	66	443	231	click
1366351023930	6	824	123	click
1370203153751	149	540	380	show
1371780573058	47	301	487	click
1367273285763	52	413	245	click
1369154957335	131	453	110	show
1372254002785	127	131	385	click
1373046282192	129	717	409	click
1367936584166	112	280	225	show
1368835355060	50	88	88	click
1366847316990	51	596	199	show
1373520905140	22	558	226	show
1373441570811	106	247	439	click
1371231345235	45	459	496	click
1370570273496	143	695	351	click
1368764357525	89	6	193	click
1372442599037	27	711	116	show
1372808551591	114	9	324	show
1372010081610	111	585	416	show
1373540929220	118	909	455	click
1370735364066	100	286	123	show
1368773277564	94	918	299	click
1368520010470	120	909	484	click
1373330197717	147	660	137	click
1367738750471	25	607	43	click
1370702108389	61	558	405	click
1370907390512	87	977	420	show
1371143329622	139	258	36	click
1372381418990	17	635	388	show
1367334521228	21	514	453	click
1367893695312	61	651	171	show
1366733456512	146	136	158	show
1369964804466	105	38	98	click
1367654922452	130	130	96	show
1368935444801	30	535	216	click
1370227270377	16	624	242	click
1373969878649	53	278	50	click
1368140777815	139	551	88	click
1371652064879	133	502	478	click
1370618317236	131	887	445	show
1373962749069	39	819	371	click
1372696447164	94	274	88	click
1372234176724	132	681	464	show
1368677321461	125	995	324	click
1367886951230	66	547	406	click
1367030004270	135	727	292	click
1371649193678	125	797	234	show
1368106469110	18	776	433	click
1373501190562	45	942	15	show
1370118073611	132	505	148	show
1369301022576	52	923	288	click
1368740241542	13	17	159	show
1367280484442	73	501	75	show
1368290247540	50	82	489	click
1373769153503	103	430	421	click
1372413184508	61	670	260	click
1373354133796	20	475	50	show
1367596012268	88	256	29	click
1366991256983	44	479	300	show
1373372708441	106	600	316	click
1368183647070	71	597	270	click
1368568537080	91	163	189	click
1369479745069	133	805	60	click
1372314589783	73	177	325	show
1370014193982	134	444	440	click
1372467243826	100	412	134	click
1370565852028	40	546	345	click
1366830766101	121	507	409	click
1367372409619	95	92	269	click
1374013820091	12	949	130	click
1366528109148	12	258	35	show
1371993064764	126	956	348	show
1367740219661	85	557	399	click
1367481202592	51	923	374	click
1373339949358	97	714	409	show
1368484630791	126	273	424	show
1373006155554	2	212	283	click
1370123946511	74	293	212	show
1368400076057	43	438	383	show
1372498996747	86	229	228	click
1366349485048	55	362	102	click
1373025013958	66	854	197	click
1373224044022	58	177	236	click
1369379007537	142	782	112	click
1372269919572	38	45	79	show
1373720498835	8	721	213	click
1372744507268	34	528	474	show
1371823349407	18	279	216	click
1369971968533	117	42	331	show
1371845809142	85	424	125	show
1371478042188	93	490	205	show
1370418617774	117	462	317	click
1373593854709	9	189	322	show
1371410108200	88	705	132	show
1367495087699	120	229	346	click
1368796044526	39	652	383	show
1370749534495	78	967	314	show
1373387890964	108	633	353	click
1370709405027	58	922	393	show
1367868257513	144	518	77	click
1369489832984	98	959	72	click
1371234798483	76	979	356	show
1372059276577	62	818	230	show
1370018609215	144	59	213	show
1367610238176	48	991	238	show
1366395195409	65	385	52	click
1374107282327	148	50	102	show
1372310832473	134	12	90	click
1370517153685	144	911	297	show
1373595169654	57	369	79	show
1373757309044	72	179	287	click
1373323038467	6	149	212	show
1368408335570	81	716	499	show
1372761422297	30	922	428	show
1373906989898	109	850	229	click
1367159147496	85	837	119	click
1368557533204	137	418	36	click
1373645849509	149	560	103	show
1366715432326	92	225	320	show
1373638286108	148	329	272	click
1366691033917	51	343	477	show
1368053427852	116	978	54	click
1370292389201	43	953	466	show
1371830219526	116	117	468	show
1369216317815	113	445	14	click
1371819113048	141	99	202	show
1373655340910	139	308	312	click
1372066271384	77	638	65	click
1371016894111	19	862	378	click
1370279551448	119	390	40	click
1372713588350	62	658	61	click
1366983025596	32	782	198	click
1370940902132	89	210	193	show
1367678402922	29	582	76	show
1366763823701	132	935	49	show
1368005058651	118	95	231	click
1368888472502	106	828	491	show
1373847300551	33	27	476	show
1369560964476	117	319	472	show
1373357474664	133	482	292	click
1373213224642	75	256	116	click
1368001196666	67	937	162	click
1367178155662	21	236	113	show
1368620690533	122	305	429	click
1368746900303	140	90	277	show
1370500751686	2	530	82	show
1368692664873	134	788	188	click
1370747330631	146	557	74	show
1372796941196	28	623	134	click
1371960676207	147	476	464	show
1370851430022	82	520	314	click
1373971981443	100	975	4	click
1371400777362	41	303	272	show
1369131676380	125	98	388	click
1368572095951	98	584	239	click
1370107212766	52	475	327	click
1367352357167	58	663	244	show
1366614093920	11	342	297	show
1371694365352	29	623	118	show
1369391756114	91	645	268	click
1369821627985	16	687	464	click
1368132307023	119	957	443	click
1367007849667	146	472	74	click
1373611555692	2	204	475	show
1367742283332	75	229	498	show
1371819943240	135	160	62	click
1372168923727	142	985	324	click
1368739208296	103	823	380	show
1366844702884	74	2	134	show
1367811525511	126	567	196	show
1369109086673	19	137	118	click
1371875858530	94	451	477	click
1367042119206	132	775	16	click
1370276898196	70	902	22	show
1373776190550	70	752	465	click
1367708175128	141	953	417	show
1372335224991	84	241	224	show
1366739650752	52	701	49	click
1369516464519	142	554	268	click
1366948354545	123	17	439	click
1369973642806	27	122	221	click
1373178201751	34	531	247	click
1370509081217	21	994	311	click
1372195834350	24	436	255	show
1369013984852	62	418	18	show
1370097273543	150	457	341	show
1370258819089	89	181	231	show
1370645500975	10	1	273	click
1372992001934	23	839	48	click
1369848221832	63	70	443	click
1366822936316	123	352	402	click
1366617866342	142	981	158	show
1369714989500	83	82	129	show
1372306986793	139	636	456	show
1371701692489	27	69	156	click
1369476029220	86	245	412	click
1372016639859	64	280	406	click
1372069919606	110	669	129	show
1369946150863	28	998	52	show
1366925277586	45	210	7	show
1369418275037	118	851	429	show
1373560316158	139	756	319	show
1370866315707	125	472	449	show
1373032646903	75	186	235	click
1371277523517	135	685	222	click
1369079585122	127	483	160	show
1368607197931	68	33	152	show
1369918698696	129	364	481	show
1371085430132	26	109	29	show
1366859773620	66	550	131	show
1371906801129	119	602	39	click
1368024212673	91	511	61	show
1368563671251	97	153	322	click
1368179056900	14	236	488	show
1369166817833	17	607	138	click
1369780381423	35	351	422	click
1372878817812	25	356	380	click
1370707352738	140	537	409	show
1371722431307	103	982	186	show
1369785288956	41	651	475	show
1368718740271	148	622	228	click
1370042566169	53	4	352	show
1366989341695	21	41	271	click
1370701529441	116	228	69	click
1370360436158	83	834	375	show
1373241858836	123	643	489	show
1373663096338	14	663	396	show
1367708615517	71	296	333	click
1369880521266	7	182	372	click
1373874070176	12	959	447	show
1369761111127	43	575	499	show
1366951316442	97	802	110	show
1366520696469	137	772	413	click
1369234258589	112	186	112	show
1370919226279	22	470	180	show
1371328358516	90	127	177	show
1368039635851	86	312	416	show
1367613041651	118	388	230	click
1368910910685	147	433	154	click
1367308029501	97	426	111	click
1368053735057	62	440	449	click
1372568508536	63	392	5	show
1369627622250	102	814	329	show
1371347055304	107	791	301	click
1369086282742	113	609	251	click
1367580774739	101	375	238	click
1370296573478	37	677	136	show
1373789021637	148	702	114	show
1366526989948	108	814	435	click
1369737578214	46	990	302	click
1373783352004	11	443	471	click
1370499716552	127	757	398	click
1367536895638	126	1	111	click
1373813520214	55	221	464	click
1370315691491	29	325	53	click
1374137453912	25	315	375	click
1370892242634	66	157	172	show
1371969921754	17	109	483	show
1368742815769	37	389	68	show
1366635077392	85	634	164	click
1371313531971	50	897	156	click
1372006153915	60	488	99	show
1369323150717	43	191	223	show
1367550027556	41	810	264	click
1373382140458	41	524	268	show
1369013486171	17	167	306	show
1369390593247	76	339	168	click
1371754158516	48	972	372	show
1370134211490	105	532	406	click
1366541015713	107	449	60	click
1372914812716	134	927	371	click
1369301833721	145	959	99	click
1369673880850	89	591	500	click
1367509109567	11	480	451	click
1373702426432	58	497	171	click
1368362788551	57	825	236	click
1370602926082	127	519	100	click
1368409890084	27	763	207	show
1373119208029	61	775	266	show
1366993539447	103	433	50	click
1371060729907	142	778	256	show
1373972082270	149	163	171	click
1366751331947	94	865	239	show
1369304610428	28	133	330	show
1372221534035	14	348	35	click
1372431194549	52	306	67	show
1367915258740	34	686	177	show
1370970442396	69	935	145	click
1372496792395	142	119	147	show
1370299538150	23	4	257	click
1368271831298	55	421	59	show
1372539861273	134	181	441	show
1371319284845	99	8	270	show
1368297845965	35	896	126	click
1370354147246	37	952	463	click
1370799572650	66	528	345	click
1369492840419	99	230	298	click
1367492206747	120	717	486	click
1372836891460	51	286	281	show
1373079851644	87	718	268	show
1367868014878	89	191	74	click
1366767413095	104	886	31	click
1372287939155	36	570	285	click
1370449256741	68	748	409	click
1370304756837	146	795	293	show
1371160319896	23	2	234	show
1372238655842	139	800	175	show
1368403046725	50	621	42	show
1371875828629	35	130	59	show
1374030538354	32	200	338	click
1371236579125	145	465	209	show
1372934340279	89	194	118	show
1369586747792	144	750	420	show
1373579470607	132	682	406	show
1366881737594	26	337	53	show
1371498440416	129	645	283	show
1373772897532	137	683	349	show
1370129748226	134	243	104	show
1370884692692	112	91	455	click
1370976143035	117	718	33	click
1369790475189	135	786	106	show
1369260713847	113	98	44	show
1373607148607	83	310	14	click
1367860517803	30	284	396	click
1371380702406	10	979	396	show
1373571005599	141	737	74	show
1372613720038	84	878	34	click
1369772854869	1	893	260	show
1370799443357	120	555	2	show
1373013553923	127	312	307	click
1372126114696	44	597	352	show
1372655961975	125	872	463	click
1368526498467	134	940	99	click
1372248333009	77	355	163	click
1369049530240	124	88	348	show
1373080541455	110	720	362	click
1373616507745	84	383	409	click
1368058530980	68	522	436	show
1372814999511	68	285	362	show
1367508039370	61	798	259	click
1368592912455	18	98	494	show
1370158841653	132	473	253	show
1371280219173	73	604	95	show
1373566774278	8	641	156	show
1371604421786	19	489	160	show
1372294703377	133	264	88	show
1372653951818	150	259	472	show
1366928679407	14	548	395	click
1370719090094	135	962	261	show
1371361076420	150	459	4	show
1369448621876	53	801	473	show
1368933921335	50	900	415	show
1369192849312	148	12	150	show
1371271649959	127	586	353	click
1367150997848	91	684	234	click
1372756002197	60	752	18	show
1372712667525	135	552	117	click
1367680688107	79	67	467	show
1373717818035	146	681	471	click
1369081928490	99	13	381	click
1367178162912	18	221	92	show
1369579940518	36	75	288	show
1373084647576	116	156	437	click
1372652887082	59	799	440	show
1370581591736	150	404	434	click
1371360058975	91	678	173	click
1368609194557	47	987	424	click
1367327913065	20	407	473	click
1373365146673	14	691	295	show
1370643558484	34	906	193	click
1371713755934	139	205	166	show
1367589252686	132	703	240	show
1367681632350	126	519	33	show
1370103609999	140	499	299	show
1368723251222	107	523	198	show
1370765810499	143	230	485	show
1367333322534	90	259	86	click
1374000606663	112	590	382	show
1368131048047	62	44	476	click
1372323747743	144	271	499	show
1366786323425	103	544	394	show
1368240414550	82	961	273	show
1369226248838	21	633	161	click
1369313050810	139	546	268	click
1371049455717	137	756	246	click
1369484011444	17	347	96	click
1373352692839	98	194	433	click
1373067130854	125	25	302	click
1368933662172	7	586	163	click
1373366444677	29	327	419	click
1367479140036	106	339	297	show
1367127234371	80	984	133	show
1372017248545	148	399	452	show
1368570986272	21	557	372	click
1369633663278	89	573	72	show
1371419145864	16	442	194	click
1371477395036	66	733	353	show
1372396827736	57	91	148	show
1366917972925	149	863	352	click
1369352133526	6	848	444	show
1368017231615	20	428	203	show
1373299338594	29	385	234	show
1372501075407	150	441	373	show
1370140250568	59	748	94	click
1367835466315	74	276	283	click
1373505825309	93	561	408	click
1368676564364	88	134	176	click
1367492550460	142	984	77	show
1371640527283	8	658	197	click
1373402838183	55	381	60	click
1373959650570	106	983	418	click
1371039926853	87	203	55	click
1369791385092	87	656	4	show
1367864481882	31	258	167	show
1372642440983	129	213	238	click
1368923238266	24	647	344	show
1373254611013	49	121	225	click
1370486179769	121	139	38	show
1373455459702	45	828	219	show
1366514576725	59	364	370	show
1368575466250	60	696	84	show
1372161351384	147	626	445	click
1368179889621	148	978	131	click
1369662761887	5	690	193	click
1371237659996	51	323	301	click
1372913349734	74	241	220	show
1366506155285	22	359	271	show
1373405707176	33	574	51	show
1370319836043	42	547	373	click
1371376565980	59	527	279	show
1372508234512	96	939	217	show
1370137551343	116	802	83	show
1367374639674	135	880	418	click
1368059959092	102	313	430	show
1368182904012	22	628	390	click
1370023739977	13	129	399	show
1371084338687	27	595	151	click
1373655017871	82	519	222	click
1367172651435	9	665	489	click
1370335443838	128	340	297	show
1372835570375	83	13	325	show
1372051607749	42	917	40	show
1369080006588	128	762	426	click
1372753708001	118	318	37	click
1373895465760	115	222	347	click
1367519569098	11	970	41	show
1371759529379	126	563	445	click
1370098219630	37	158	37	click
1372513344840	129	844	209	click
1367312849845	94	237	1	show
1366623110966	77	637	438	click
1372013624925	138	581	321	show
1368686602775	116	423	436	show
1371408536970	134	749	431	click
1373871000257	12	575	90	click
1373766342705	34	349	14	click
1366886568314	25	477	428	show
1373489128934	101	522	410	show
1372944962080	99	410	490	show
1372873364716	76	52	324	show
1369773112354	61	524	323	click
1367322294395	131	808	472	click
1371100560589	77	538	228	show
1369052025072	104	578	309	show
1371846014180	40	320	73	show
1368678704167	149	599	326	click
1369155710543	122	179	351	show
1369874412247	19	991	440	show
1373493983918	80	859	481	show
1367203753085	126	769	270	click
1367135706763	37	594	23	click
1373654891174	85	398	191	click
1366370914384	149	34	396	show
1373653892676	100	829	163	click
1374002373501	82	403	75	click
1366386164383	20	525	387	show
1369744020068	120	530	457	click
1373562458099	70	667	293	show
1368893890111	36	880	240	show
1368845880350	114	127	76	click
1370873741198	50	240	411	click
1373706227390	98	843	340	click
1368067075631	41	721	110	click
1368568252365	40	837	393	click
1369414011676	60	731	397	show
1368647439134	43	125	333	click
1372319416652	59	56	165	click
1374167923503	44	875	224	show
1374157973575	102	761	81	click
1371333080775	126	772	399	show
1370240523957	69	85	82	click
1370537671318	38	977	251	show
1373074079861	82	722	127	click
1367822091448	85	570	339	show
1371441260993	73	570	388	click
1371036913056	98	49	459	click
1369232967189	2	996	346	click
1370470952108	67	113	284	click
1372006264499	139	723	428	show
1367629950082	121	970	152	show
1367324215838	39	307	93	show
1370995824279	124	726	426	click
1367583291912	116	188	73	click
1371127702657	69	625	423	click
1369779409578	89	595	269	show
1369142045849	74	802	86	click
1373899717031	82	521	262	show
1370151226677	119	92	334	click
1366946752328	13	852	75	show
1371610945757	39	878	328	show
1372103398273	126	908	233	click
1372134753353	9	684	247	click
1373341081804	139	290	30	show
1371060116113	69	6	280	show
1367555132347	94	121	435	show
1373593292598	141	566	139	click
1369725970070	47	448	210	show
1366394221076	46	487	170	show
1372903458472	104	388	331	click
1369628659488	72	174	255	show
1371849833397	144	820	274	click
1370622606388	23	49	117	show
1367475785619	68	451	1	click
1366542186093	83	917	37	click
1367083419685	116	862	446	click
1368094165971	28	516	340	click
1366531633161	62	10	204	click
1369211905124	86	538	295	show
1367403382333	18	554	246	click
1370225288276	67	310	256	click
1374193502420	95	252	192	click
1371703969132	133	799	37	show
1371088276927	26	487	375	click
1370879003250	44	282	69	click
1368188662338	38	575	289	show
1372382198764	83	990	483	click
1372070978881	29	175	492	show
1370213931257	76	871	16	show
1370530204080	67	756	485	click
1367488897920	4	107	380	click
1372548393595	11	131	490	click
1370650150357	80	666	288	show
1366566910346	142	568	126	show
1368760401130	5	609	418	click
1370229936410	62	395	92	show
1369964724643	50	750	149	click
1369612546789	104	857	256	show
1373640473557	85	322	297	click
1367128385514	48	338	131	click
1374028967914	27	256	242	show
1373346848281	79	101	83	show
1370179615223	45	163	383	click
1370807303304	1	453	108	click
1373456966301	101	6	116	show
1371793669271	76	514	343	click
1366467163143	18	751	54	click
1371751960481	59	243	202	show
1368169636404	127	589	261	show
1367444974808	58	292	321	click
1369015744161	43	634	37	click
1367467550491	122	298	377	click
1366713621093	79	172	110	click
1371870777863	103	184	172	show
1371034620032	35	101	393	click
1369079372282	89	650	483	click
1372578075688	89	338	339	show
1372030559601	10	50	396	show
1371578122367	31	924	195	click
1372242966139	82	824	209	click
1366343501081	102	276	269	click
1367634521089	110	342	191	show
1366345469792	91	644	495	show
1370795340526	95	968	218	show
1373136105395	22	347	260	click
1368131566765	67	88	132	click
1368835759070	56	373	253	click
1372664321600	25	954	221	show
1370321215378	80	549	334	show
1372655911744	36	151	269	show
1372838245106	142	353	295	show
1370743262878	85	663	275	show
1366815950774	17	778	285	show
1367804656412	97	240	100	click
1370969705016	98	658	187	click
1369627718523	110	151	471	click
1369815320509	22	770	104	click
1370839714278	41	546	4	show
1370003734020	13	178	51	show
1370944099440	76	896	158	show
1366644050374	86	748	194	click
1369670736975	35	750	276	click
1373740009434	57	37	136	click
1370057115997	90	726	176	click
1373165133464	133	689	396	click
1367917849046	54	799	119	show
1371654047727	54	882	369	show
1367057761229	83	983	284	show
1367396483852	39	806	25	show
1370296162603	73	396	314	show
1372576828199	73	201	265	click
1367385960589	103	534	186	show
1366615100507	101	499	111	show
1372371945710	114	365	147	show
1374097141584	131	754	140	show
1372929871627	48	448	115	click
1372119817092	38	141	146	show
1372135499697	36	229	490	show
1371327380441	79	92	18	show
1367830003239	64	458	482	click
1373715880258	71	696	363	click
1369057425906	34	527	295	show
1370363007312	64	309	172	click
1369675719130	80	347	318	show
1371042591533	26	831	146	click
1371010075508	131	829	297	show
1372188921829	76	255	55	show
1368339076372	113	62	401	show
1373451659823	142	21	298	click
1371524275640	93	800	259	click
1368847665697	22	248	101	show
1372315003746	59	452	283	show
1367817828557	32	143	207	show
1371737084120	20	436	273	show
1367675968835	23	220	356	click
1371803688934	138	744	493	click
1371486085574	50	659	376	click
1371426675086	22	530	119	show
1368807600889	118	691	407	click
1367935459924	148	321	327	click
1367913831647	126	772	37	show
1367822544460	45	78	6	show
1367090659684	85	46	330	click
1369205186484	87	500	141	click
1367126549502	88	941	250	click
1368034383662	55	886	112	show
1373798291673	66	780	41	click
1371350570835	126	536	303	show
1373467750623	6	407	444	show
1366501978463	54	350	310	show
1366646971737	111	183	491	click
1369112753117	71	416	24	click
1368733294192	6	692	42	click
1372383976972	53	222	190	show
1372607655886	114	575	307	click
1369548441543	92	677	418	click
1370335439230	98	992	273	click
1368077441730	22	203	190	click
1366775606335	134	743	204	show
1369449303546	108	235	148	click
1371608881217	117	816	489	click
1374080528931	78	485	63	click
1366675653811	97	804	238	show
1367808475522	44	494	44	click
1373151342599	100	90	33	show
1366879684468	133	40	92	show
1373017081884	135	654	240	show
1371374163105	42	729	482	show
1368051781423	99	630	316	show
1367364603365	28	795	474	click
1373996012506	27	622	64	show
1373445439422	144	771	453	show
1368422814602	138	28	367	show
1369493630732	116	702	189	show
1371418662443	96	180	240	show
1367769268097	35	977	374	click
1366745144413	65	293	383	click
1368448233255	116	641	318	show
1369563193061	30	886	84	show
1367290526357	7	322	311	click
1368518072145	16	550	470	show
1369491873847	125	988	69	click
1373175578663	5	734	228	click
1371548186981	8	969	326	click
1367040168328	71	955	252	show
1372685713444	58	80	454	show
1370207138847	117	215	272	show
1370652169228	27	27	314	click
1372393741723	11	260	167	click
1367096080441	20	250	147	show
1370605995604	106	392	431	show
1373269558434	93	969	327	click
1373669482532	150	639	45	click
1367737698439	12	986	457	show
1370395071760	134	257	258	click
1370075505067	55	186	425	show
1371171178897	19	341	299	show
1370722323346	37	474	117	click
1366814951363	120	92	284	show
1369359195152	20	250	58	show
1374171176368	116	680	379	show
1366981967542	11	302	268	show
1369520442027	143	846	201	show
1373199340973	57	777	471	show
1373520189767	2	918	68	click
1373578021496	95	99	180	click
1368134221651	51	41	377	click
1369139511572	11	932	465	click
1371790702212	21	329	484	click
1370174832950	123	277	341	click
1367310931705	57	739	44	show
1369937148107	89	22	232	show
1370975669508	90	409	252	click
1373635450302	58	126	178	click
1370785162592	50	294	459	click
1367257226746	115	261	164	show
1374005985842	79	256	259	show
1370691463423	132	180	19	click
1369142448371	51	260	297	show
1366597389041	53	309	77	click
1373284346402	125	453	457	show
1367657370868	145	126	287	click
1368064384341	68	317	159	click
1367969900258	72	219	209	click
1366698850254	145	742	481	show
1370013424359	143	7	417	click
1370951127684	74	662	181	click
1371956528152	148	874	133	click
1367844678534	132	97	368	show
1368378874697	58	135	498	click
1372467240640	128	633	313	show
1372846765695	148	796	308	click
1372896816228	129	361	158	show
1370009429963	147	354	432	show
1368291329916	61	666	208	click
1366964140474	111	803	314	click
1367906561067	32	184	377	show
1370735691977	61	710	100	click
1369066163216	47	243	186	show
1370766392151	125	790	155	click
1371665213376	42	53	483	show
1371449972731	122	543	134	show
1367264306000	100	459	485	click
1373419382666	14	704	111	show
1367264921936	5	677	345	show
1368141937771	55	841	72	click
1368370233068	52	969	447	click
1368956907385	142	632	122	show
1367267204482	116	210	407	click
1369111229459	100	23	6	show
1367038926455	108	987	200	click
1370534618027	60	779	396	click
1368917221223	123	352	490	click
1369043534648	21	839	260	click
1371259767853	99	297	355	show
1372644513722	31	667	365	show
1374109590581	58	506	461	show
1373887702434	42	752	304	click
1368580939328	30	695	151	show
1370375173193	49	49	399	click
1369874080404	17	797	142	click
1373444378914	41	4	28	show
1372938298848	51	543	419	click
1369203820294	119	580	145	show
1374051664892	101	473	241	show
1371730480377	146	364	4	show
1369796108734	121	421	241	click
1371005968459	16	67	261	show
1370710223187	12	288	223	click
1366891408954	20	811	64	click
1368264182649	145	717	158	click
1367495675855	119	16	281	click
1368776324773	33	517	391	show
1373495401089	133	540	59	click
1371016782710	61	354	443	show
1372960155566	38	33	223	show
1373091257461	99	568	71	click
1367690868225	60	96	398	click
1367900858663	140	552	205	click
1366835275744	72	723	316	show
1370695417040	31	650	340	show
1370647474352	91	388	155	show
1368096844953	117	30	139	show
1367053596125	68	155	169	click
1370942133011	22	93	303	show
1366612592416	18	2	447	show
1370336366741	63	286	363	show
1371844802338	138	73	237	show
1371090908648	141	703	265	click
1368431352889	93	522	90	click
1373570414273	51	822	229	show
1368017327855	7	973	365	click
1373908951775	43	332	328	click
1367998592799	127	804	329	show
1370369174414	84	606	173	click
1367338100614	66	52	89	show
1373578026921	81	321	270	show
1374060716044	52	593	242	click
1372740503084	35	567	289	click
1373417649241	50	216	270	click
1367640674949	104	155	483	click
1370335739695	88	719	26	click
1370009805119	84	556	283	show
1373656946931	61	153	345	click
1369308258954	89	481	76	click
1369640591154	67	970	1	click
1373097155287	103	236	446	show
1369365457142	69	24	251	show
1369297369798	95	925	248	click
1368519286742	114	325	306	click
1372764779189	101	922	350	click
1373228104769	61	25	243	show
1373040917325	13	658	412	click
1368469585135	42	755	63	show
1369534761387	107	956	220	click
1366665059376	128	439	322	show
1367198016244	90	163	279	click
1369144901821	140	586	165	show
1370978100303	5	595	315	show
1371013221362	51	469	261	click
1369580215784	31	738	427	show
1368166519500	52	717	26	click
1368067287596	39	938	144	show
1369908138432	77	200	79	show
1367007150254	62	508	397	click
1367123324741	2	874	395	click
1368931865540	68	772	466	click
1370568714197	93	414	149	show
1366927276446	96	32	148	click
1368187987769	73	782	326	show
1372460664815	105	794	209	click
1373523378238	78	286	300	show
1372550655959	92	423	454	show
1371436615002	141	147	56	click
1367155149847	26	966	280	show
1370959492257	129	804	319	click
1373038328526	144	395	61	click
1367892681487	126	938	394	show
1370738268573	4	632	334	click
1367197358531	98	377	234	click
1367363304179	30	514	312	show
1371108030951	34	501	348	show
1366416568964	105	201	248	show
1371493556813	141	351	316	show
1372434796318	100	893	342	click
1372082183819	125	444	323	click
1374130888898	77	332	98	click
1369944643422	149	550	319	show
1369717766632	139	329	145	show
1373164783015	90	296	208	click
1374108407495	132	813	121	show
1369708565886	72	369	298	show
1373292436465	63	122	304	show
1367121848797	70	114	261	click
1372676641821	17	144	259	click
1370864539908	61	446	455	show
1369731667801	36	730	118	click
1368319648456	71	142	370	show
1370226796677	147	149	31	show
1371301033907	75	74	288	show
1370597130901	69	377	430	show
1369206670723	91	737	312	show
1371000533785	67	861	322	show
1371247715360	24	370	17	click
1368439567861	12	926	271	click
1368180168485	147	408	231	click
1370283285687	130	986	344	click
1371708105847	12	152	304	show
1373932957177	126	613	165	click
1371122002235	97	858	139	click
1371550428493	27	83	456	click
1367122157137	115	831	395	click
1367424917666	12	994	174	show
1369812773985	78	785	493	click
1366487595211	91	483	247	show
1369367642186	9	363	285	click
1368628731739	18	16	251	show
1371721493502	19	328	348	click
1369274128577	41	89	155	show
1367743844760	128	405	398	show
1369151673997	68	198	312	show
1373919879199	37	946	253	show
1366946695446	119	611	351	click
1369937865767	20	397	272	click
1372000780635	87	162	289	click
1368105343638	12	93	111	show
1367432155541	31	385	252	click
1371587408244	137	196	67	show
1371588927844	93	606	127	show
1367671890091	21	425	262	show
1372544729633	45	706	53	show
1369480963621	110	23	354	click
1369196242488	145	267	265	show
1370852379511	55	810	362	show
1372501232616	90	911	271	show
1370797424986	14	143	308	click
1372697975002	64	573	333	show
1369059437111	134	675	134	click
1368333015506	59	932	336	click
1373963282091	3	644	6	click
1368516226604	82	332	282	click
1372851894496	86	851	97	show
1370953439855	128	777	312	click
1369929800543	64	453	273	click
1374094038273	144	948	350	show
1370269004926	9	937	401	click
1367951409923	29	456	244	show
1370143985774	24	674	38	click
1372130138978	35	314	5	show
1368771134142	74	984	236	click
1370314583683	68	774	247	show
1371963148345	121	866	369	show
1366867150731	62	706	185	click
1367757140237	68	500	61	click
1371374869878	58	793	159	click
1370918956328	56	772	469	click
1371444456086	111	697	483	click
1367468551138	117	767	382	show
1372068162889	131	476	471	click
1370523438323	18	633	79	show
1373562677078	144	356	283	click
1368480378239	125	668	241	show
1369146659264	57	198	230	show
1374021663009	134	925	30	click
1373733549528	116	918	27	click
1366393657797	29	765	391	click
1368859053234	147	482	457	click
1370332564701	62	943	72	show
1371833257288	99	296	293	click
1368748409835	79	300	103	show
1368420049454	62	905	122	click
1370794632731	114	100	494	show
1371844251574	43	798	480	show
1367335992937	97	704	188	click
1372532781770	5	667	23	show
1369916546429	140	522	6	show
1370522603608	123	961	461	click
1371725009454	137	155	497	show
1373787124407	19	16	3	show
1372722303120	143	614	54	click
1370121706811	125	897	143	show
1370471939235	133	944	399	show
1370470632910	47	742	97	show
1373468231796	119	736	40	click
1368253519952	125	361	203	click
1368975381071	137	12	382	show
1367372141237	85	149	368	click
1368004537740	34	700	321	click
1369096986039	105	99	387	show
1373367611341	145	983	417	show
1367230762394	51	44	172	click
1368518663445	46	497	35	show
1368410515305	19	199	306	show
1369403948143	30	601	15	show
1367048017963	32	544	338	show
1374140169680	76	718	441	show
1368862499880	119	210	15	click
1373519614894	18	527	230	show
1368346543157	66	180	325	show
1370719750378	21	674	100	show
1367180841275	96	939	378	click
1369591714177	120	2	414	show
1369875848320	19	370	41	show
1367205951343	67	309	78	show
1374049194831	73	542	364	show
1369324113686	57	991	141	show
1372206036901	126	279	62	click
1373906815159	54	579	290	click
1366486706402	73	252	312	show
1368232027437	23	92	257	click
1374039592924	108	194	301	click
1373061438659	88	554	455	click
1372493643205	93	836	167	show
1368961640096	61	198	123	show
1373669239725	102	477	274	click
1370946962977	87	397	67	show
1372732499987	72	650	159	show
1374037748255	99	345	146	show
1373130522764	83	877	448	show
1367528481763	10	15	493	show
1370608418718	107	362	198	click
1370429640370	81	109	335	show
1366518525899	105	46	23	show
1373638601530	130	214	410	click
1367084379578	27	574	107	click
1370689094455	65	88	105	click
1371738017064	41	148	463	click
1370064566023	41	653	472	show
1372165986021	132	966	330	click
1371271787322	118	243	22	show
1372355583269	77	17	266	show
1374029109387	43	405	460	show
1369820215718	121	911	249	click
1370755593650	14	279	360	show
1370788085570	113	181	489	click
1371418458003	77	296	196	click
1370202025999	60	198	234	show
1373630962284	81	733	475	click
1373768004958	90	694	136	show
1369457638053	119	354	165	click
1369470922623	59	685	458	show
1367284582329	69	459	369	show
1367220508535	17	217	450	show
1366455859142	56	928	352	click
1373901885622	56	694	496	show
1366605991277	4	939	200	click
1372176079037	115	310	368	click
1372705394509	20	606	349	click
1367295492155	9	835	131	show
1367929001694	84	418	339	click
1370713672378	6	47	197	click
1370721513438	62	181	359	click
1374013338169	8	581	166	click
1370213637835	16	487	307	show
1370083908832	53	597	30	show
1372923726648	66	50	469	click
1369393307007	79	212	451	show
1371790245838	58	347	78	show
1367124763833	72	430	343	show
1371839854921	136	725	35	show
1370466531857	85	384	122	show
1371134458949	36	284	295	show
1372706286003	75	677	204	click
1369792309024	53	607	367	show
1369161235289	72	405	431	click
1370391243500	3	23	133	click
1369933009927	24	605	460	click
1370595502655	4	215	60	show
1372880230132	122	141	24	click
1372948331131	25	257	323	show
1369564548492	112	154	415	click
1372697751310	1	186	450	show
1366983391412	137	76	405	show
1373621329950	118	831	474	show
1371665943292	133	446	386	click
1367996379633	7	777	390	show
1373408725627	77	419	40	show
1367568603836	8	694	459	show
1369221990933	92	655	69	click
1370740891198	67	450	26	click
1371071660340	143	70	274	click
1373401339466	58	834	257	click
1368150651493	51	207	38	show
1372558496756	92	61	84	click
1371693339722	25	679	488	show
1372295675658	52	971	50	click
1371691842210	107	541	173	show
1370900790370	143	935	87	click
1366692871779	121	432	136	show
1366694219150	16	191	22	show
1368246416465	71	384	180	click
1371251448523	117	476	181	click
1367435593904	92	326	102	click
1366954932323	109	639	440	click
1371857182558	38	365	60	show
1371844759003	124	774	489	show
1369375696189	8	196	37	click
1374191276933	99	943	261	show
1373997944372	95	157	500	click
1369154914988	36	234	264	click
1372722897894	82	124	72	show
1367569368124	90	145	332	click
1366911249868	103	745	401	show
1368744589565	96	13	389	click
1367724558188	3	796	110	click
1374048625170	115	164	343	show
1368980459686	61	610	300	click
1373303973102	9	534	74	show
1371131522383	127	195	101	click
1366552693544	113	117	117	click
1373529903875	11	145	416	show
1372977653193	57	133	123	click
1371167382076	131	393	410	click
1367585613425	129	965	354	show
1369583692434	27	580	215	click
1367752637327	100	41	338	show
1366846979533	100	867	150	click
1371701999773	89	161	497	show
1368531202311	31	306	360	click
1368407495058	139	766	108	show
1368332445432	121	362	55	click
1367081982944	24	986	384	click
1366717025799	128	940	261	click
1367583370501	34	523	253	show
1367499861237	63	185	337	click
1373813548972	39	992	450	click
1367566614270	19	929	418	show
1370040319819	46	817	100	show
1373005698087	9	279	90	click
1369908299307	8	630	264	show
1366891588355	36	14	130	click
1366511203348	30	527	349	show
1371871806795	32	922	199	show
1368249528822	79	917	250	click
1371430688471	123	949	93	show
1367604385346	22	292	384	show
1373347411475	65	45	267	click
1370527723932	96	233	353	show
1372084058491	35	490	140	click
1370084432627	18	885	55	show
1373567091289	84	581	150	show
1373176913516	86	936	166	show
1370316970488	57	776	338	show
1373508421824	28	262	89	click
1373301634013	87	191	265	show
1371393024341	70	807	426	show
1366478200528	2	745	111	click
1369399925636	102	47	252	show
1372819832933	107	285	226	click
1369061971452	63	64	192	show
1367321297490	19	892	197	show
1371597525590	98	931	356	show
1366905019467	56	859	395	click
1373295382598	62	346	445	click
1367710976591	125	240	275	click
1372192687315	65	600	250	show
1368555375725	18	601	484	click
1368554976649	122	181	448	show
1369009660175	27	192	396	click
1371132781757	67	688	45	click
1372965636617	15	986	194	click
1370622374155	22	352	310	click
1369477224213	31	515	126	click
1369683479069	90	335	310	show
1369203599408	96	762	220	show
1367966422432	87	830	474	click
1370124278930	58	191	331	show
1373410902506	138	772	375	click
1370403087972	9	744	6	click
1371006076691	80	491	31	click
1367477685208	83	532	117	show
1370655459944	7	202	172	show
1372512558150	137	190	493	click
1367451203309	46	843	96	click
1371743644376	66	96	311	click
1373610575696	70	632	461	show
1366611896150	67	315	398	click
1370286214981	19	661	495	show
1368308993027	30	399	205	click
1370624066900	26	992	321	click
1372689580230	99	700	483	click
1366710319552	65	440	207	show
1367756468079	142	214	397	show
1368124022272	140	669	281	show
1368483270355	144	309	209	show
1370306537485	5	550	402	show
1366734189253	89	984	221	show
1371930711820	4	375	317	click
1370630825223	103	967	37	click
1366377278361	92	651	161	show
1370170792552	13	10	392	show
1370420597408	54	998	148	click
1368236714916	76	942	139	show
1367187135432	149	823	409	show
1369497183901	142	403	392	show
1366967300506	56	952	258	show
1368550003935	93	254	243	show
1372654141025	138	999	233	click
1374133389315	61	852	381	show
1367068125605	79	393	49	show
1366948998252	58	647	137	show
1368041188116	114	267	298	click
1372407477269	94	476	124	click
1368955650776	15	434	38	show
1370780052923	22	481	274	click
1371801915050	144	131	71	click
1371540050701	62	290	19	show
1368706488900	48	931	300	show
1372338110470	55	753	350	show
1371921212427	101	210	246	show
1372967549326	140	284	176	click
1370713474694	113	81	31	click
1370381230151	52	703	320	show
1367584776463	128	422	38	show
1366721469579	56	964	334	show
1370111642435	2	574	367	click
1366732705431	147	209	202	show
1368534990878	89	974	231	show
1373764218953	101	120	211	click
1371206023792	73	340	460	show
1373014207702	33	315	109	show
1372089436411	24	436	472	show
1371898293580	100	566	114	show
1368493098094	129	180	26	click
1371931279965	47	405	275	show
1371774266120	35	33	249	show
1369792898700	77	255	219	click
1368675242813	55	799	321	show
1371451423858	71	571	367	click
1373441010028	148	241	460	click
1370337766079	134	843	77	click
1369771893087	31	371	294	click
1372243072884	123	157	194	click
1374192477167	83	71	102	show
1367797807911	57	210	97	click
1372080288895	76	208	81	show
1370527050554	71	834	318	click
1373390058625	131	737	109	click
1372900947553	2	578	5	show
1371180709436	6	49	217	show
1367338343586	150	507	22	show
1373022328719	15	269	171	show
1368839543528	92	952	78	show
1370456868075	108	167	190	show
1371469238055	44	320	142	click
1366537911730	91	757	416	show
1370540296181	62	965	311	show
1373646314344	65	732	342	click
1368848556715	62	410	455	show
1370896747646	13	880	375	click
1370977083375	13	990	114	click
1373681728603	35	750	110	show
1370770953563	83	143	135	click
1369825930658	96	865	401	show
1373338773277	28	92	263	click
1373701097830	87	689	412	show
1369204791890	59	108	297	click
1369138449954	137	901	83	show
1366630634574	6	84	50	click
1370261835528	103	491	353	click
1369291360366	72	821	76	click
1370349847887	137	4	65	click
1373270584310	87	569	189	show
1372508424903	37	736	40	show
1367229481412	133	572	227	click
1370425379628	80	216	416	show
1374018201183	93	786	455	show
1370511712828	42	590	174	click
1369346265834	62	152	5	show
1366899104166	45	750	226	show
1369985887285	4	79	476	click
1367764197735	137	900	280	click
1371926291096	140	501	407	click
1371404299251	15	309	486	click
1370693780522	56	654	175	show
1367913281719	91	37	437	show
1370859995007	124	926	255	show
1372105344196	66	588	474	show
1373857607955	83	940	332	show
1371151995176	69	40	263	click
1367363760005	137	443	37	click
1369263384780	129	765	257	show
1369867549386	108	527	182	click
1371279086760	88	364	62	click
1374058490994	85	880	107	click
1366468608171	23	332	482	show
1367691997205	131	281	337	click
1369899381280	96	404	104	click
1367999701746	15	187	65	click
1370524539581	6	548	142	show
1371848255194	59	357	329	show
1366612120615	5	867	142	show
1367799170031	36	772	49	click
1369434541951	132	541	408	show
1371458790979	82	585	355	click
1372178582744	55	723	99	click
1369465511232	137	942	92	show
1367784903079	68	697	101	click
1368253775854	132	606	221	show
1372830022590	61	772	424	show
1367920500956	34	140	174	click
1371384249554	55	205	231	click
1367979239801	62	129	217	click
1370585209889	135	778	489	show
1368202768305	5	695	40	show
1367349019742	117	700	176	show
1371196633404	26	115	488	click
1370802648273	143	705	87	click
1372034285973	58	900	336	click
1371246574945	46	541	281	click
1373655393813	67	738	254	click
1372525251700	45	942	114	show
1369588442422	81	798	288	show
1372061781483	30	170	352	show
1372671265439	37	849	442	click
1368432533193	138	229	129	click
1371126428262	141	255	103	show
1367253844566	42	468	333	click
1366631260122	9	573	426	show
1373976380787	5	414	147	show
1367642991228	75	430	193	click
1372017669747	37	229	489	click
1373114497152	78	359	326	click
1367954659714	65	990	449	show
1367695057922	14	894	245	click
1368984395586	61	508	310	click
1366846414383	97	609	399	show
1366943782350	98	414	459	click
1372585409892	41	526	326	show
1368714452627	3	759	178	show
1366436730092	55	91	256	click
1368087401487	138	430	229	show
1373017654179	64	107	425	click
1367352271563	30	23	466	show
1369453333654	120	398	205	click
1370814534034	103	505	292	click
1370253895241	135	802	27	show
1370458820468	5	42	217	show
1369938133931	81	738	324	click
1369750412354	3	431	140	click
1366456621286	101	16	93	click
1371082790286	128	5	411	show
1371800764464	90	701	330	click
1368490000696	147	952	211	click
1368303565672	78	439	474	show
1373701750976	72	669	359	show
1370793880480	33	309	459	click
1372742490379	101	366	150	click
1367799165415	147	660	161	show
1369468017004	118	411	440	click
1370387434670	102	259	53	show
1367213490681	107	196	204	click
1367264426512	68	760	236	show
1366774401907	25	531	332	click
1373384548141	21	716	194	show
1369591168679	129	93	212	click
1373303027492	61	542	121	show
1368688546333	21	281	235	show
1371228970848	27	566	37	click
1373918351831	100	763	9	click
1369731670821	115	3	280	click
1370071028334	122	760	307	show
1367600917702	73	114	266	show
1367426163562	37	86	46	click
1374102960609	88	575	69	show
1373374780048	125	175	395	show
1367528550414	141	196	206	show
1368065485106	96	590	218	click
1371899788407	91	147	238	click
1369631214555	93	418	310	show
1371439094310	135	76	425	show
1368215149148	145	967	464	show
1373665771854	54	138	259	show
1367653678308	21	841	491	click
1367751863543	146	868	430	click
1369263054528	122	523	498	show
1373526991851	50	675	311	show
1369348265831	26	94	69	click
1368644583936	39	695	142	show
1366449568352	108	401	460	show
1366524426818	107	633	421	show
1368950632115	69	326	97	click
1373216818025	57	523	207	show
1370696115356	70	969	218	click
1369559747559	17	437	48	click
1372420086485	16	495	222	show
1369694688866	129	674	393	click
1371548610249	89	621	361	click
1371417462817	131	703	144	click
1369962093352	96	323	201	show
1370028705418	81	172	429	show
1368799825467	54	193	54	show
1366393460725	143	622	163	click
1372353338699	145	858	304	click
1368361573260	150	188	33	show
1366720082835	8	562	385	click
1367086767513	38	215	179	show
1368546442303	80	840	409	show
1371320442844	18	863	166	click
1371328744039	104	76	483	click
1371270812464	10	917	159	show
1373341564344	11	676	131	click
1368581787170	122	286	224	show
1370973542569	11	559	410	click
1372152233359	41	297	9	show
1369820003667	103	322	268	click
1373911680366	4	12	291	show
1373376682242	79	105	249	click
1367237051584	94	980	481	show
1373951743395	55	66	390	click
1367233332256	131	619	75	click
1372818325778	33	534	72	click
1368736125720	76	212	54	click
1367161982859	117	992	204	click
1371682557795	126	261	415	show
1370710183787	3	114	378	show
1373927240109	12	988	350	click
1371665519227	142	212	328	click
1366416544810	54	954	278	click
1370796969115	49	997	408	show
1368415246019	39	136	206	show
1372501955188	37	327	368	click
1370705272704	90	709	321	show
1369916602336	93	272	374	click
1370468010059	1	913	74	show
1368309530299	103	849	64	show
1372117142514	44	986	128	click
1370802177959	39	402	400	click
1372670472099	113	35	298	click
1369293398766	29	202	197	click
1368754548335	120	643	102	show
1370228999372	7	882	210	show
1368113787144	101	634	22	show
1367512055774	106	404	219	show
1368370387439	55	723	95	show
1371769898990	58	613	415	show
1366889810284	5	330	419	show
1367321304701	121	148	26	click
1372519591854	117	608	128	click
1371705662367	32	101	72	show
1374044681952	94	832	368	show
1367176076934	88	714	372	click
1368105638611	117	205	193	click
1373503770345	88	23	427	show
1369381903533	112	605	290	show
1372451781190	88	335	121	click
1370758728218	100	320	99	show
1372815833668	38	572	427	show
1371814416298	14	951	16	show
1369314725024	114	115	153	show
1368394155922	46	823	291	click
1367875868566	104	377	142	show
1369870812890	128	527	412	click
1369586002095	32	964	211	show
1369638489754	43	985	337	show
1373334591336	50	994	438	click
1371986035517	70	458	218	show
1372121712629	129	52	312	click
1368230720096	30	375	439	click
1367072158701	88	831	171	show
1371096646336	94	716	420	click
1369237925543	99	913	88	click
1372326286004	125	254	462	show
1369869874947	132	900	56	click
1370222390636	64	312	295	click
1370706537828	149	953	27	show
1368716282500	97	414	324	show
1368152449398	120	280	56	show
1373164383184	87	470	353	click
1370579418601	43	225	308	show
1372074420455	137	72	378	show
1371362399465	17	244	94	click
1372358700637	113	400	260	show
1370047074870	46	53	444	show
1371964167033	39	240	125	show
1366511666211	5	538	306	click
1373905797778	69	957	474	show
1372546782497	38	440	84	click
1367291106646	133	221	319	show
1372401419968	61	556	360	show
1367080264271	51	370	370	click
1367168459037	55	831	238	show
1371522628788	104	512	355	show
1371492539448	146	357	259	show
1371725104981	80	936	290	click
1372282395569	127	836	442	show
1370630616864	140	897	225	click
1369211570599	21	695	114	show
1369186391863	17	607	51	click
1371261401305	65	626	230	show
1370121328348	38	882	1	click
1371065035616	34	202	113	click
1367718137519	20	700	116	show
1368557135039	120	434	459	show
1369629067139	149	104	426	show
1368323893633	68	828	224	show
1370210587474	52	18	233	show
1373094385909	25	100	119	click
1367975690762	149	576	314	click
1371980284763	75	769	383	show
1373832106756	56	710	467	click
1372096058584	5	853	163	click
1368094800443	23	738	394	click
1369752936332	57	833	440	show
1370518919208	20	64	202	show
1367782428713	143	681	397	click
1368292063154	75	366	106	show
1366395294780	101	180	456	show
1366638608662	54	920	129	click
1366678346683	57	562	293	show
1366724602020	34	602	293	show
1371214353003	129	318	143	click
1370981026122	41	388	232	show
1369887209763	103	786	76	click
1369442591312	78	221	445	show
1370056745503	76	30	321	click
1367010600637	77	265	265	show
1372447497772	16	162	390	show
1372789695050	81	281	62	show
1367362547838	63	909	264	click
1371205767788	70	526	463	click
1372097901647	118	118	276	click
1367980356605	40	258	167	show
1369874187767	51	533	290	show
1369780192853	42	836	326	show
1373351558661	94	663	298	show
1369586585552	107	596	279	click
1367461527606	24	895	122	click
1371033654206	19	138	232	click
1369142354437	91	369	298	show
1371225159328	137	50	277	click
1372062172497	114	769	408	show
1371868803407	21	366	205	click
1370229139062	147	380	79	click
1367254281080	32	149	340	show
1369210655060	66	169	372	click
1368893740241	30	210	124	show
1372901441188	8	581	265	click
1371327427121	118	482	89	click
1372352591323	20	879	278	click
1370594706540	48	667	452	show
1366504659408	8	203	331	show
1372136644185	31	275	453	show
1368904708155	86	700	400	click
1373079416458	124	396	343	show
1373000008616	117	454	284	click
1370682931906	107	284	193	click
1371057242034	46	849	394	click
1370778018544	139	141	422	click
1372981319789	43	710	229	show
1366703216323	58	182	293	show
1367441733917	84	905	406	show
1373836931450	38	204	179	click
1370448830500	136	845	66	show
1368167332260	112	476	207	show
1369991583397	109	870	471	show
1367897303206	141	477	51	click
1371241436171	59	404	251	show
1374191211090	106	271	102	show
1366507643085	52	513	493	show
1369817449243	62	596	427	show
1366846234097	49	725	141	click
1367649105965	17	533	65	click
1367774847538	137	534	497	show
1367595589325	29	376	234	click
1369313784940	127	225	241	show
1366808593261	41	784	357	show
1372797678153	34	430	297	show
1366762124430	114	995	343	show
1368995998070	70	306	459	show
1367094723321	85	436	73	click
1372093860115	16	506	40	show
1368352168525	128	993	332	show
1371174647668	53	549	499	show
1370701663854	24	183	432	show
1373396913525	52	567	169	click
1373936521057	57	202	346	click
1368896671479	14	890	183	show
1374141967592	11	724	165	show
1368830661799	81	645	449	click
1367091548260	131	101	478	show
1369728724644	46	763	216	show
1368674421120	72	983	468	click
1369282865723	93	463	180	show
1370976731022	60	225	499	show
1368246742521	63	104	360	show
1369728966474	55	614	250	show
1373676762908	33	684	451	show
1373528770042	44	747	265	click
1367765856013	54	761	202	show
1374019047871	93	730	302	show
1373097739293	95	869	1	click
1372307527830	97	642	156	show
1372604204585	149	292	169	click
1371057040031	139	111	278	show
1366865394866	49	19	125	click
1366533631165	69	89	171	click
1374076344456	65	812	249	click
1374163789338	7	325	175	show
1370545682481	34	76	428	show
1367019125487	116	786	54	show
1373188572634	72	508	266	show
1373729734313	136	204	122	click
1369773727064	135	669	104	show
1368113323284	23	969	416	show
1371482026973	73	701	216	show
1372015251279	6	655	15	click
1373635007243	50	383	224	click
1370890259955	11	19	239	click
1373254530002	55	526	40	click
1374162844612	118	869	66	click
1373675624854	51	964	111	show
1373097161628	30	612	186	click
1372963940511	43	501	119	show
1370840145411	142	901	278	show
1370998085288	125	149	183	click
1368809552164	145	136	329	click
1367533616521	147	297	87	click
1373630876778	37	709	229	show
1366531926533	111	148	87	show
1367308358454	150	117	330	show
1373840815544	102	110	50	show
1368865334351	9	142	446	show
1367067683427	23	994	375	click
1367419189231	132	215	408	click
1369039236945	12	700	96	show
1373754822860	139	860	69	click
1372733312108	143	254	7	show
1373032421168	46	511	500	show
1371377190326	32	471	180	show
1369893765838	86	611	9	click
1368309751978	22	648	208	show
1367723024960	19	310	57	show
1369966266643	83	104	392	show
1373450077739	51	830	495	click
1371533003358	120	329	491	click
1370043322479	42	732	290	show
1369494439415	57	877	170	show
1370593665496	103	874	416	show
1373243557162	44	345	275	show
1371699853276	95	946	168	click
1366742846905	108	323	232	show
1369525955166	63	62	111	click
1367311701786	118	620	303	click
1373822835712	133	391	125	click
1367066894801	23	788	399	click
1371615317024	95	531	118	show
1367487325638	57	755	265	show
1367458172975	70	683	21	show
1369175888759	121	227	145	click
1371680032313	13	544	118	show
1371075571737	56	750	420	show
1372417680637	11	264	251	click
1368176678019	80	340	255	show
1367185747872	69	238	434	show
1374107818774	1	488	375	show
1373271409346	97	676	457	click
1368818581671	24	437	123	show
1367846512183	100	548	405	show
1367018910525	57	200	225	click
1373981305705	27	68	224	show
1374192705520	31	23	142	show
1372349804239	106	953	79	click
1371220098989	38	782	480	click
1371871849953	12	895	201	click
1370862433039	56	683	261	click
1373830465459	14	454	195	click
1374099098913	64	856	464	click
1372931093699	75	30	448	click
1372203156069	17	866	321	show
1370919737790	52	218	436	show
1370914757091	86	891	110	show
1372677624623	134	187	154	show
1368415855808	13	47	312	click
1368154756958	64	56	148	click
1373122261577	100	571	417	click
1373811927108	81	475	449	show
1371048428127	51	963	218	click
1369144353437	147	627	20	show
1367868949157	17	390	262	click
1366680947533	93	134	202	show
1371309963503	24	220	190	click
1371856885947	2	790	169	show
1370268045009	28	979	414	click
1371614127662	4	327	139	click
1367853624687	51	631	123	click
1369532865669	15	36	332	click
1371087656085	10	380	11	click
1369849095832	133	205	436	click
1371928458254	100	804	387	click
1371071509526	132	358	335	click
1373314284627	20	655	400	show
1370248519040	21	328	16	click
1370242960745	31	613	82	show
1366626482110	120	630	270	click
1368215091211	65	286	43	click
1371919684434	23	734	356	click
1368897454135	120	78	277	show
1369247401478	25	33	482	click
1371829073427	18	682	298	click
1366749991383	132	963	87	show
1368495864955	72	422	240	show
1367450695309	57	722	196	click
1369661036991	82	263	193	click
1370540617271	28	616	361	show
1367729841658	18	930	330	show
1372226241565	127	168	363	click
1367671813499	131	204	416	click
1373456791395	59	294	133	show
1368732818830	52	706	353	show
1370100201909	135	389	190	show
1369616288028	54	212	216	show
1374041480303	150	653	52	click
1373543209593	1	542	265	show
1367163576178	75	562	281	click
1372884072524	101	626	38	show
1369344941535	15	488	112	show
1368127778652	50	611	490	click
1367295041745	64	646	237	click
1373096524037	6	34	421	click
1366954935514	56	537	285	click
1367597266023	94	621	123	click
1367416320384	105	399	297	click
1370074452390	112	151	294	show
1371079948511	14	653	194	show
1368181657807	23	728	168	show
1367924547876	80	388	205	show
1372369596663	58	962	278	show
1368529095848	44	765	163	show
1372753383607	40	250	363	click
1368007159622	2	745	270	click
1371214276986	3	826	271	show
1370890591646	6	938	80	show
1367993570433	68	274	368	show
1366986273544	31	921	483	click
1368819674719	13	979	18	click
1369535127989	86	401	88	show
1367596787866	104	776	414	show
1368430644257	50	93	486	show
1371367702921	108	999	478	click
1367066467291	82	164	35	show
1372889013123	67	262	347	click
1367067208958	98	44	301	click
1371800637345	135	103	389	show
1367539900044	117	497	388	click
1370822399576	89	511	367	show
1372271335846	51	760	198	click
1368530211159	141	930	493	click
1366942111369	90	912	321	show
1374103677931	135	55	273	click
1367489491052	47	403	94	click
1370231011924	139	455	139	show
1370007868203	141	147	257	show
1368578611051	53	750	322	click
1369720012635	142	321	241	show
1372572438945	63	313	244	click
1373003161779	50	873	153	click
1370337985362	53	432	50	click
1368072156064	146	801	402	click
1371715670769	135	323	119	click
1367167758622	91	85	297	click
1370378950237	83	786	276	show
1369888126953	81	858	148	click
1372262090724	20	880	387	show
1366883658214	59	824	208	click
1368809981624	80	532	42	show
1373224213340	18	961	403	click
1370903806649	136	502	378	click
1370998909731	64	236	87	show
1372793380658	57	999	417	click
1366833366464	92	633	182	show
1373421756909	101	578	47	show
1370821694701	29	354	487	show
1367464001489	79	580	121	click
1369153627412	90	368	79	click
1368980833269	11	385	244	click
1368832274294	144	223	195	click
1372845142016	141	343	302	click
1366909815183	13	849	402	click
1373085322480	50	33	478	show
1369968613889	121	698	296	show
1369631074978	62	311	404	click
1373470290184	109	420	196	click
1371105144312	23	282	28	show
1368169084504	69	35	21	show
1372553264197	71	295	368	show
1373988470089	127	922	496	click
1367584088048	72	276	79	click
1372456608899	127	641	23	click
1370475574975	116	554	274	show
1367641503899	119	615	350	click
1370350335649	37	734	87	click
1371041404259	12	192	399	show
1372198430870	19	18	386	show
1369270843778	146	99	182	click
1372452999399	120	398	350	click
1370334930914	114	738	294	click
1371211422694	79	497	169	click
1370738474609	58	739	198	click
1373593349246	58	968	314	show
1368222205258	147	497	111	show
1371367819843	149	31	171	show
1371600756915	20	232	450	show
1372467918398	18	912	107	show
1371640526145	21	930	412	show
1367230850444	1	885	423	click
1371776807952	53	126	18	show
1371454084499	124	287	112	show
1366901795950	111	595	6	show
1369733688268	132	458	168	click
1367992225767	89	939	323	show
1368934540051	89	984	291	click
1371107704685	66	711	127	show
1366789478371	20	951	130	show
1371871250009	26	381	164	click
1370200218468	57	845	154	click
1366961001064	137	306	17	click
1367535499301	54	161	491	click
1373863124251	120	966	31	click
1367630834902	127	631	301	show
1367988451386	115	335	151	show
1369967939314	132	471	381	show
1373566079669	111	127	424	show
1371372044287	25	978	457	show
1373358643745	133	348	394	show
1368885335328	150	385	17	show
1366651766391	41	547	320	click
1368437384809	110	451	81	click
1371991012713	56	978	68	show
1370429488716	15	162	69	click
1373493543855	74	495	238	click
1373352115802	42	903	339	show
1368216942995	107	413	447	click
1374075106973	3	11	322	show
1366851550315	56	191	172	show
1368174536588	64	182	442	show
1366690371940	56	953	302	show
1367028788749	89	350	418	show
1369220860534	139	519	479	click
1370816592432	44	768	122	show
1367366815393	86	385	169	click
1370791446804	9	880	142	show
1367617354469	54	102	151	click
1367932129149	119	459	78	show
1370851891204	138	833	341	click
1372114553595	19	707	332	click
1367219322527	25	105	360	click
1366376875526	45	850	130	click
1368595126170	87	1000	306	show
1369032981962	98	322	21	show
1367367718957	16	193	287	click
1372955991893	28	792	291	show
1368796611793	77	698	220	show
1368887992402	123	830	361	show
1366692708695	21	882	419	show
1372421018794	69	390	194	show
1370023272148	72	203	234	click
1373485358266	11	801	7	click
1370309720432	32	778	76	show
1370394351609	112	984	107	show
1373901306410	51	743	181	click
1371862410909	141	986	262	click
1372817603025	135	296	154	show
1369371583459	60	43	226	show
1373298198406	119	118	377	click
1371848950350	129	604	379	show
1369914219717	103	808	292	click
1367076800657	39	460	397	click
1371690684784	27	684	144	show
1369681689626	111	915	446	click
1371289287588	113	828	37	show
1366662383892	15	937	169	click
1369754209323	13	478	143	click
1373378699848	108	48	307	show
1372319262825	38	780	298	click
1366903508136	7	932	477	show
1368680991032	38	972	93	click
1371393656600	72	733	40	click
1368595874786	131	726	209	click
1374105287699	68	857	444	click
1374094924822	83	510	139	click
1371997204252	92	99	456	show
1368340502429	118	837	255	click
1371122353654	138	201	395	show
1367490999879	28	48	447	show
1372902382449	121	733	455	show
1367610763292	106	346	239	show
1370027621257	100	267	279	click
1371880612735	51	806	16	show
1368232826359	26	902	434	show
1371061757460	109	969	162	show
1367642592830	40	964	166	show
1372748605050	130	317	318	show
1370836542635	122	698	91	click
1367871666276	125	212	103	show
1370235902278	94	213	258	show
1372893050739	144	821	214	click
1367227124593	73	834	182	show
1371736954058	39	507	447	click
1371990825241	150	545	68	click
1374128479765	63	80	374	click
1372405320513	95	768	176	click
1373526141311	132	957	97	click
1373977064059	121	698	143	click
1373898870307	107	552	284	show
1372127154445	81	269	107	show
1369337397873	43	960	367	click
1366841453121	84	575	93	show
1369215969069	29	710	306	click
1373743109506	61	5	228	click
1372818522717	92	232	74	click
1374117543892	85	261	341	show
1370191630832	52	649	488	click
1372456259164	83	857	398	click
1373603286189	78	204	81	show
1373807589396	100	322	351	show
1371554793419	121	863	410	show
1370604409747	124	40	403	click
1369399367499	89	689	166	click
1372250704141	2	268	88	show
1368983828417	56	931	335	click
1370889328613	36	966	382	click
1372950707193	89	794	44	show
1373488314347	20	636	199	show
1371651019744	81	589	251	show
1370208268160	55	417	301	show
1371145597790	36	308	84	show
1371897082067	99	287	323	show
1371122118431	35	88	202	click
1367399769028	11	682	156	show
1372419685926	65	822	281	click
1373703613074	14	328	65	click
1372282592320	24	853	193	click
1371865833858	120	502	314	show
1366470055989	67	431	249	show
1372632156409	14	248	111	click
1368177602116	61	45	14	show
1366771923805	99	71	345	click
1372204492822	118	162	492	click
1372554107696	145	540	108	click
1368359767859	111	285	147	click
1369826217861	12	315	108	show
1371901641027	102	641	162	click
1373217462128	24	460	411	click
1369104805561	86	615	66	click
1372742103481	20	185	454	click
1368478081639	17	258	217	click
1372443381203	131	366	24	click
1371172767892	121	707	223	show
1371943568062	85	305	387	show
1372291263351	15	935	348	click
1372276479642	42	858	357	show
1372203980155	23	680	259	click
1373734411003	123	617	102	show
1372143064192	79	833	220	click
1371417965988	59	784	394	show
1373826056400	23	402	216	click
1367239677953	33	741	185	click
1369281434190	103	985	293	click
1372419624217	47	220	485	show
1371496628139	15	792	434	click
1366946852506	56	724	29	show
1369254743863	137	219	51	click
1368697094370	111	528	288	show
1369238168507	144	931	50	show
1366718159769	95	862	397	show
1369223125784	7	448	471	show
1369286071982	47	669	12	show
1373713758392	129	350	429	show
1372304068304	14	731	301	show
1367345833535	116	690	169	show
1367103809796	60	279	465	click
1373440712409	88	90	311	click
1372198157064	70	786	322	click
1368842493294	55	53	196	click
1372777715605	11	873	421	show
1373672740093	50	913	46	show
1371227188957	147	983	117	show
1368430656985	39	483	455	show
1373575633721	118	305	357	show
1372240517970	66	496	81	show
1372495486961	111	152	331	show
1374050940357	107	23	475	click
1369582062627	45	743	249	show
1371563721947	21	691	390	click
1373283783840	65	40	237	show
1369588758277	117	898	366	click
1374122529822	18	363	108	show
1370633762865	58	211	466	show
1369613505474	83	457	138	show
1372516643444	46	317	248	show
1372475734938	115	274	382	show
1370268456007	137	155	309	click
1371299751500	74	148	61	show
1373161436870	58	341	19	show
1370756662438	81	332	476	click
1373947076294	3	664	404	show
1372745057425	139	178	89	show
1371174599018	90	62	54	show
1373927621099	41	962	436	show
1369295913486	95	618	151	click
1367106586992	134	838	355	show
1367059372798	17	897	24	show
1370874531609	126	62	106	show
1373547254681	35	270	329	show
1367660745176	30	132	240	show
1369661947239	146	796	107	show
1369336995792	35	285	430	click
1372858606148	132	867	301	click
1369308757874	5	871	162	click
1373944536516	141	661	70	show
1371053471972	26	533	352	show
1372661890751	7	739	311	show
1372363449034	117	715	217	click
1369265915593	38	303	26	click
1368688614794	96	101	84	click
1373759496097	20	297	99	show
1371743709240	139	627	236	click
1369675692118	44	356	325	show
1367763333245	17	111	393	show
1371410522435	48	529	284	click
1370748432383	86	736	39	show
1372150692760	13	437	232	click
1372466650814	74	94	257	click
1374165092014	17	718	331	click
1368817608984	62	270	436	show
1369631538227	56	459	223	show
1373264314282	118	263	419	show
1367891738349	33	584	11	click
1373886972964	123	579	272	click
1366636372598	144	196	109	show
1367036757973	65	137	128	click
1371997798792	14	510	254	click
1368242878006	37	461	447	show
1371918913853	28	828	119	show
1369505615831	65	807	21	show
1366502407194	35	564	140	show
1369775139982	75	885	360	click
1372356901613	85	370	213	show
1373178815179	14	184	45	click
1367420372523	60	112	476	click
1366662595292	113	339	78	show
1370773213509	116	841	279	show
1368978721717	46	324	71	click
1370670061348	101	108	179	click
1373412652878	103	177	363	show
1370159591408	21	22	431	click
1369441579449	33	920	115	show
1373026070424	96	87	198	click
1366475801676	18	746	447	show
1369786876347	67	109	166	show
1367187503420	33	692	444	show
1371969166623	135	682	342	show
1367714581568	3	81	434	show
1371964619824	138	953	136	click
1372139513054	133	868	3	click
1370329593023	31	272	217	click
1367901617869	54	795	351	click
1368902628060	18	915	347	show
1369752056856	118	641	479	show
1368742444649	51	339	167	show
1368428246004	136	577	436	click
1368636000366	63	323	91	show
1368745408731	66	247	498	click
1368110306282	127	126	213	show
1368852887186	53	789	176	click
1369535901812	141	382	216	click
1369308778429	68	370	364	show
1371618696428	114	532	233	show
1373613740072	57	278	418	show
1370163491671	4	425	360	show
1372753983499	89	761	314	click
1366624416896	47	354	315	show
1367886375964	70	936	42	show
1366650796458	146	464	232	click
1369055483311	35	847	128	show
1366897011074	90	320	181	show
1371223523790	34	104	426	show
1371865294165	97	393	289	show
1373598291951	23	498	204	click
1373722010171	37	739	488	click
1368190192349	59	496	291	show
1370604096397	15	259	338	click
1368278412084	87	171	220	click
1370710402375	34	534	161	click
1370974427776	124	250	89	click
1371313484265	130	615	437	show
1373571098362	32	677	223	click
1369019445250	35	586	213	show
1366964793580	16	485	241	show
1372552465558	55	244	38	show
1371937860060	136	457	497	show
1370313053754	86	488	252	click
1371413247112	104	832	263	click
1370279213574	79	851	495	show
1372046615111	129	409	338	click
1368893285329	54	260	118	click
1373724889023	6	175	480	click
1372261595638	90	25	391	click
1373086353736	57	663	227	click
1369300525904	77	195	34	show
1368593811304	147	225	36	click
1371705766651	107	208	324	click
1373579041254	44	595	231	show
1369810801523	128	233	128	show
1371456112752	37	314	247	click
1369043494775	14	892	47	show
1366540342986	137	264	461	click
1372877294460	107	37	367	click
1372099031605	87	865	13	show
1367005028188	115	28	341	click
1373668690462	14	171	310	show
1369715732583	56	506	297	click
1367478298602	2	773	474	click
1366844811063	143	530	2	show
1371158362402	92	598	325	click
1367245752308	22	664	62	show
1371739117422	139	456	374	click
1367363177950	29	654	95	show
1373604102042	26	100	216	show
1373975386311	12	673	293	show
1368563340237	39	818	103	show
1371981373558	61	290	51	show
1368457595585	125	748	85	click
1370702148808	118	740	71	click
1366688721342	11	655	387	click
1370876033437	30	109	498	show
1367968300365	101	888	152	click
1370357771957	60	966	297	show
1372000144523	131	680	339	click
1372025803200	49	631	39	show
1371087791440	137	510	276	show
1368611189299	92	773	68	show
1369490060448	29	821	210	show
1370978252089	60	83	43	show
1367799880060	77	367	71	show
1372157208204	139	874	382	show
1371646425867	146	844	204	click
1371950312052	79	61	198	click
1366991715711	10	120	79	click
1369188414490	105	122	86	show
1372725457490	91	210	160	click
1369304911440	96	979	130	show
1367165198488	61	395	232	click
1367486431038	31	833	330	show
1372245044539	64	959	86	click
1368434857308	143	463	9	click
1370221636304	13	722	482	click
1370576815028	122	146	298	click
1368337483606	120	966	310	show
1368802596740	109	771	128	click
1370971990992	111	176	419	click
1371068038979	66	994	366	click
1367344125908	27	238	408	click
1373552691154	26	781	371	show
1368491822232	119	430	442	show
1371572477232	73	506	251	click
1366718133387	103	245	292	click
1372322144643	129	749	334	show
1368374139173	12	712	327	show
1368307375368	53	347	439	show
1373165103220	85	429	350	show
1368723565300	118	367	130	show
1373700199426	59	456	440	show
1369913124812	32	433	470	click
1372170322674	117	481	12	show
1373339742839	59	482	332	click
1367461659221	127	910	193	click
1369137897033	59	584	146	click
1369044195567	119	109	247	show
1372125122055	90	361	386	click
1367337175046	27	322	365	click
1366906575514	43	608	388	show
1366492868981	23	518	362	show
1368148199000	102	558	207	show
1372360762432	21	256	423	click
1369042377685	116	548	78	show
1372035693590	143	643	391	click
1372150016351	14	886	247	show
1368319720206	86	168	224	click
1369554175545	69	585	259	show
1369666866400	135	161	158	show
1373532305062	13	517	218	click
1373984631831	26	795	485	click
1369218733678	125	490	215	show
1369133721238	149	47	193	click
1370055644979	87	607	44	show
1371196180955	13	620	427	click
1372608394239	11	107	316	click
1370647038708	2	33	402	show
1373756326739	129	845	339	show
1367424274370	83	422	178	show
1367350382811	121	774	91	click
1367467438973	41	563	60	show
1373700259196	102	613	171	click
1372516307710	63	570	170	click
1374109138018	91	163	177	click
1369621438855	23	231	112	show
1369014027650	52	183	443	click
1372860287518	30	444	164	show
1367661705641	2	230	191	click
1367722383618	22	791	253	show
1370382868731	55	717	249	show
1372408266166	110	868	321	click
1367517511273	103	306	329	show
1371038471537	117	996	136	click
1372497680923	35	235	241	click
1368135622038	102	871	97	show
1368716922844	50	530	484	show
1372401492283	106	793	314	click
1372895166599	21	316	208	click
1374091802057	37	124	235	show
1371126087431	29	602	197	click
1370754522816	25	18	374	click
1369321460137	40	185	117	show
1370527061834	31	50	404	click
1366829343864	51	627	166	click
1372961305714	61	637	118	click
1373356582637	78	107	400	show
1370501712793	2	794	308	show
1369056691377	46	169	396	show
1368798252149	74	949	265	show
1370172536326	104	496	393	click
1370356092289	102	190	376	show
1373652516575	68	236	265	click
1372718842876	125	779	12	show
1372740004122	4	20	453	click
1372274210431	87	401	249	click
1367855706332	111	40	129	click
1372701657982	11	815	8	click
1369347050022	25	796	191	show
1368245735867	9	896	243	show
1371623299332	5	502	328	show
1366683591996	112	726	325	click
1371955754190	40	579	454	show
1373308293841	115	250	355	click
1366523434422	143	80	22	click
1368105059579	133	112	20	click
1373167095401	141	636	175	show
1371996347962	121	585	456	show
1371845104370	84	11	16	show
1367737150116	42	5	46	click
1369136949555	7	994	370	show
1373571781661	128	809	334	click
1374039290929	23	420	348	click
1372804678550	79	580	449	click
1369911354850	21	974	470	click
1366569100994	108	561	496	show
1372148679285	10	425	206	show
1369251742739	26	871	31	show
1370890458142	127	597	22	click
1368600580606	12	256	258	click
1367866361838	13	778	8	show
1368076510130	88	403	70	show
1370273173278	11	115	315	show
1368064279997	137	707	314	show
1369884013633	94	23	128	show
1373773130689	53	615	103	show
1369750775846	70	270	363	show
1371108727169	74	822	411	show
1368313533839	120	748	211	click
1372677319824	93	684	479	click
1368122175884	127	416	431	click
1372641819535	135	741	48	click
1367241043933	94	633	85	show
1372143086759	53	53	63	show
1372332637033	94	993	23	click
1367156414577	102	93	71	click
1374139772078	117	293	435	show
1367427659629	89	989	197	show
1366995762208	63	412	493	show
1372272777057	11	807	43	show
1371413240717	58	788	412	show
1371380455522	115	415	414	show
1368598145961	75	583	57	click
1371720175824	134	837	134	show
1370241480971	133	361	398	click
1367740703963	27	515	116	show
1373462444986	19	136	285	click
1373161805742	94	788	170	click
1368587295183	61	70	314	click
1371084904767	85	980	458	show
1373004767014	8	419	1	click
1373045986112	137	768	498	click
1372927026975	50	55	316	show
1372929482663	107	932	218	show
1374093812133	72	408	100	click
1370837541843	111	917	481	click
1372197561583	121	642	182	show
1368346078228	121	701	55	click
1372392153863	43	744	23	show
1366572582590	9	595	337	show
1368337419894	102	165	124	show
1370265665448	97	148	450	show
1371704005982	45	902	193	click
1367117048382	40	856	104	click
1372670060757	107	916	328	click
1367995894079	45	466	333	show
1366904635123	147	215	434	show
1374052672659	148	382	93	click
1369099288033	127	484	347	show
1369250875656	21	925	66	click
1371397725964	129	28	430	show
1366552256051	134	590	150	show
1374032677763	10	500	486	click
1367030133701	78	906	287	show
1368026360843	111	312	254	show
1369379585174	25	866	271	click
1371929385446	101	628	73	show
1369120945097	95	143	477	show
1373967992637	106	384	155	show
1368197217333	117	29	496	show
1369713306728	31	993	24	show
1368757359103	26	559	152	click
1368377887416	56	422	326	show
1369878199496	101	735	322	click
1373725138355	24	834	151	click
1366574893085	73	618	235	show
1372108526672	77	569	389	click
1370625292612	30	751	268	click
1372856974731	144	335	82	show
1369197383589	96	977	222	show
1370458463648	47	145	109	show
1369336291738	149	962	404	show
1368890546868	6	318	32	show
1366378179929	21	487	273	show
1371320545435	70	251	396	click
1368688273354	120	675	307	show
1372310637115	86	110	433	show
1372355728893	128	356	346	show
1371771567209	26	353	416	show
1372379419290	57	425	348	show
1372561804293	67	783	189	show
1372282741678	25	390	420	show
1367663335431	130	30	64	show
1371911503027	105	484	276	click
1371055048942	37	948	24	click
1373981921408	11	31	441	show
1368665159159	98	454	122	show
1368718332825	105	76	160	click
1370405259974	62	875	200	click
1368476963630	22	213	54	click
1372245914011	138	36	277	show
1369157865531	130	911	124	show
1371120170733	123	472	162	show
1369729352600	34	755	176	show
1370008523602	6	739	230	show
1370573497348	128	574	97	show
1368437037685	78	960	407	click
1370811676140	69	60	436	click
1373587894889	23	192	267	show
1370360891034	60	410	355	click
1372628911561	46	328	26	click
1368925669710	103	292	35	click
1368994890287	46	377	52	click
1369938483203	15	922	461	show
1373184402187	69	993	409	click
1369746135374	11	217	419	show
1370966079549	90	39	121	show
1373479511404	133	493	227	click
1371888725241	44	874	63	click
1366481309000	148	423	209	click
1368452580079	42	99	495	show
1371293194262	137	548	206	show
1366834833632	25	994	166	show
1370160250695	142	962	131	show
1367437627638	126	217	382	show
1372723774776	144	268	49	click
1369408125289	148	825	21	click
1370058819571	106	960	257	show
1367433341497	111	151	496	show
1372657667326	46	215	438	show
1368956646249	81	409	213	click
1372235571544	2	491	380	show
1369338225575	69	222	218	click
1369948607519	61	375	67	click
1368571811523	29	46	36	click
1373277733868	57	880	398	click
1373591668260	138	119	73	click
1372850933307	110	746	486	click
1373861035207	18	869	405	click
1369464362419	27	225	484	click
1371194896888	39	361	286	show
1368553101443	57	622	312	click
1367195658335	93	950	123	click
1369960288821	72	723	208	click
1366987667564	66	435	185	show
1370622317488	121	703	470	show
1373032818731	103	796	231	show
1370461196134	90	382	53	show
1373851664596	139	923	380	show
1370252133472	77	284	145	click
1372084610920	1	405	383	click
1374046981034	72	53	442	click
1366476287242	68	740	338	click
1366697812902	138	235	389	show
1369606951697	128	805	213	click
1368109795807	32	623	194	click
1366657646367	46	470	385	click
1371222629708	117	62	91	click
1370854879037	147	553	249	click
1371147458920	58	63	337	click
1373555518714	97	44	25	show
1368197732077	139	946	252	click
1368671072622	134	594	23	show
1370458065360	21	675	85	show
1371798443196	106	942	340	click
1368984390123	43	1	57	show
1366721044642	43	369	152	click
1370632687045	121	586	314	click
1369574051349	108	158	62	click
1366525700573	71	362	20	click
1370278131227	82	437	142	show
1368623773866	64	224	444	click
1368300840061	118	685	277	show
1367244340490	129	892	369	click
1374145032166	98	414	285	show
1366530420342	101	330	484	show
1367669021538	54	534	211	show
1371342479757	65	192	190	show
1368495674753	140	211	220	show
1367318794437	121	492	201	click
1369297423633	49	899	479	click
1373841059730	2	74	420	click
1373572448187	138	266	267	click
1367282998091	74	76	231	show
1366824181985	46	610	64	show
1367451384575	71	261	140	show
1367634105019	42	276	56	click
1370023032878	24	703	248	click
1368449285519	102	310	367	click
1372619743319	133	814	338	click
1369028493703	78	361	64	click
1366622991553	69	559	312	click
1367650845073	7	375	31	click
1370001867595	89	876	238	click
1369416203884	19	318	417	click
1370946649073	108	785	200	show
1371106851620	140	143	174	show
1368054348371	78	4	415	show
1371855855597	108	179	161	click
1368059171408	142	196	377	show
1369289214798	149	213	191	show
1369372794562	75	240	297	click
1367428199879	91	836	39	click
1370183744359	81	41	39	click
1371296091510	81	245	268	click
1369763079320	75	527	289	click
1367448354074	150	8	239	show
1374034814580	4	26	101	click
1369685711700	20	121	7	click
1373997001650	47	994	46	show
1372307394062	48	70	427	show
1367360832314	105	543	243	show
1366432792266	86	908	286	show
1372819418882	41	976	227	click
1370737259571	113	367	235	click
1373407519011	79	772	149	click
1372171666703	120	26	63	show
1373691245025	76	391	180	show
1373494294148	80	686	189	click
1369108490777	2	890	138	click
1366975502805	29	905	266	show
1368961125224	49	114	80	click
1368565690003	58	910	438	click
1367569971642	15	726	336	click
1368689545060	18	789	146	click
1371589637152	46	166	179	click
1368752172286	87	615	313	show
1369750036560	40	785	343	click
1368107037962	22	176	444	click
1369207758059	56	627	284	click
1367855176444	38	780	415	show
1367852872729	111	368	179	show
1372806775037	95	94	230	show
1368095323114	58	989	294	show
1369048384331	114	135	200	show
1371731080962	85	937	103	show
1367559341391	62	587	445	show
1373324062044	131	621	386	click
1373526139361	54	532	63	show
1367015079123	31	204	398	click
1373170010305	19	226	367	show
1369991175775	42	522	463	show
1369157224489	93	701	119	show
1367086182163	80	2	420	show
1368927035269	25	465	391	click
1367135543875	73	79	464	click
1370925983036	40	156	434	click
1367140851849	41	526	413	click
1366835876147	30	772	259	show
1372695605770	140	137	184	show
1371516905679	107	809	172	show
1367264948724	69	526	136	show
1372136014413	73	90	345	click
1367089941989	125	755	305	show
1369233505701	62	226	367	click
1369523711587	95	678	66	show
1370452161964	3	767	46	click
1368357300697	34	754	98	show
1367555535334	105	941	451	show
1368594595294	136	991	322	show
1368173707808	3	919	416	click
1368054612968	16	544	109	show
1368491640106	80	970	10	show
1371439404932	60	787	201	click
1368491358615	130	818	281	click
1367072957283	89	499	144	show
1370062976147	133	657	286	show
1370274696215	5	975	8	click
1369383214765	131	425	427	click
1372189111642	82	865	398	show
1373825182749	99	525	449	click
1373672289257	47	659	299	show
1368220282592	101	966	52	show
1369902892482	15	28	410	click
1371928862092	84	20	341	click
1372277467963	14	50	490	click
1367083974264	119	656	370	click
1367634804405	134	959	146	click
1370068242506	150	450	99	show
1372994822611	75	396	133	click
1370376187559	48	422	400	show
1373615312335	83	650	255	click
1370131256523	52	907	231	show
1369306223734	60	559	321	show
1367549859908	93	496	39	click
1369978696047	34	599	242	show
1372113225082	103	929	198	click
1371037062560	91	151	485	show
1373810345568	56	187	71	click
1367527023641	123	612	142	show
1367523224658	90	264	131	show
1369474138721	104	49	405	show
1369389044668	149	823	316	click
1368228176441	145	934	85	click
1373653213153	98	538	295	click
1369137641724	9	180	467	click
1372915211399	37	509	341	show
1368019144978	106	450	62	show
1369300849509	72	564	451	show
1372796439028	34	549	89	show
1372186925491	128	761	299	show
1372547673373	126	901	230	show
1372334036903	84	482	359	show
1373716157559	111	812	415	show
1371393948120	41	885	297	show
1369671973421	129	890	171	click
1373057377150	93	549	212	show
1369628801076	10	768	290	click
1369657838350	60	521	50	click
1366787113537	97	968	450	click
1372111851729	43	700	253	click
1368268693045	118	613	486	show
1368033731929	9	880	52	click
1369078745698	74	232	487	show
1372058837390	22	939	289	click
1368542306933	19	281	188	show
1370553856515	114	692	289	click
1369414512652	14	614	498	show
1371920314402	40	293	5	show
1370901321205	41	131	4	click
1371391265507	135	268	19	show
1370881592548	70	381	378	click
1373965399214	62	256	271	click
1370282985764	50	200	115	click
1372210612554	72	769	281	click
1368566199227	131	859	270	click
1369537059026	141	263	307	show
1371725655712	112	984	236	click
1370754036088	123	722	352	click
1373988607915	104	419	151	click
1369216883776	9	467	60	click
1373107119624	105	752	417	click
1369978745275	18	135	379	click
1372376062168	29	215	102	click
1371822030818	53	659	164	click
1373249115973	70	276	424	click
1372130471068	94	426	12	show
1370574399166	130	495	326	show
1370062279539	136	807	388	click
1373908961453	143	529	311	click
1368792004257	31	648	403	show
1371106096750	31	104	398	show
1372084118012	35	909	193	show
1371515477402	120	650	14	click
1367705723437	148	702	172	show
1374140007468	55	977	377	click
1368630169942	53	862	85	click
1370415170496	102	658	41	show
1368488502300	2	176	361	click
1371158456209	103	69	265	click
1370341748779	44	755	339	click
1371061371036	75	541	109	show
1373966575313	149	18	452	click
1369297399573	10	331	378	show
1368997753862	138	86	58	show
1366797386326	42	966	499	click
1366507029648	132	286	24	click
1371487767494	1	446	328	show
1368512553531	52	26	20	click
1370430139786	70	377	218	click
1372963037819	141	732	374	show
1367733172668	104	628	252	click
1368314236931	15	887	452	show
1372550979950	41	181	45	show
1373873381128	4	970	199	click
1368488110985	42	602	134	show
1372081665542	137	556	55	click
1369623529295	55	928	307	click
1369196957019	22	656	457	click
1369163969968	95	543	156	click
1371644216628	29	710	64	show
1366574239039	27	445	14	click
1367335928599	9	548	66	show
1370028998343	96	801	208	click
1372848547710	101	780	258	show
1372970555267	28	904	199	show
1373290178699	124	616	191	click
1366648480669	33	572	151	show
1374055970976	97	653	130	show
1373020535411	31	579	321	show
1367409060002	18	916	167	click
1370816244761	38	394	329	show
1369423740498	124	354	22	click
1367130758589	80	763	473	click
1366840971523	108	906	294	click
1371988795135	149	879	433	show
1370730162261	13	190	146	click
1372979976285	149	229	484	click
1373055688706	64	214	42	show
1367652882315	89	539	440	show
1366935928868	106	711	332	show
1371842960168	94	77	273	click
1367814129785	74	76	359	click
1366497116791	14	672	323	show
1370343785231	111	398	245	click
1369119588727	124	375	86	show
1366664776003	32	622	311	click
1367308198696	22	466	307	click
1367363054405	149	253	359	show
1372954340532	124	159	110	click
1366945084645	107	417	480	show
1369850247060	97	576	168	show
1369012893046	146	7	7	show
1368809292031	79	16	338	click
1370271943112	58	254	113	show
1370711231730	23	971	35	show
1370941815069	18	811	445	click
1367095343229	23	772	144	click
1367006127774	16	674	428	click
1370559747598	136	221	190	show
1371791890780	84	813	29	click
1371587941906	118	700	415	click
1366789578418	142	8	274	show
1371495562415	112	113	6	click
1366425718731	12	54	314	click
1367300456994	48	609	489	click
1367482707153	126	21	435	show
1373220193885	133	990	480	show
1373863908926	83	324	130	show
1366699827041	142	659	406	click
1373002906433	7	313	68	show
1367104163663	104	915	122	click
1370668624900	46	498	26	show
1366634010441	69	656	2	show
1373749678795	26	640	243	show
1371578972368	68	695	18	show
1368926591273	67	581	173	click
1368408252589	73	372	254	show
1368586120040	68	496	61	click
1366374835922	19	476	217	click
1373906272985	117	160	121	show
1369832911789	114	292	285	click
1373772056720	8	340	226	show
1373752880903	107	247	158	show
1368887106357	38	237	494	click
1367128635052	116	216	160	click
1371415413664	73	675	249	show
1372193317267	95	613	328	show
1368871446123	125	814	261	click
1372271873349	2	774	268	click
1372558016021	19	788	9	click
1373625468682	70	846	130	click
1371915682342	148	969	115	show
1372674387559	137	509	99	click
1372854042546	146	303	104	show
1366384313231	27	475	362	show
1366480652730	143	501	172	click
1369208200718	130	15	123	click
1368830990157	93	328	428	click
1374050756447	99	766	269	show
1370429197058	38	876	188	show
1368040956394	16	830	344	show
1369622785264	128	464	237	click
1373629534540	138	455	248	click
1370522221759	88	32	37	show
1366416807772	117	223	236	show
1367802189216	70	943	20	click
1370291339831	131	479	276	click
1368173159085	49	179	295	click
1367861150426	23	961	154	click
1373150721677	116	99	234	click
1372411299596	137	578	424	show
1373469425692	66	832	331	click
1373023148700	68	987	200	show
1367777418851	135	841	442	show
1371318290596	61	53	121	click
1372668235238	81	488	443	click
1366995125324	150	346	425	click
1373901744245	102	85	327	click
1367671379210	115	207	34	click
1368895845695	27	82	161	click
1366622198823	32	258	3	click
1366842585399	17	905	105	click
1367059017913	70	356	44	show
1367633412230	113	177	290	click
1369591005439	12	937	103	show
1373603745758	56	387	459	show
1373616657765	97	634	327	show
1373395787310	71	456	346	show
1368380098956	22	14	123	click
1368120833797	120	733	22	click
1367868323329	43	144	496	click
1367175456052	20	44	180	show
1371749044232	76	540	427	show
1372818682040	14	431	451	show
1371030618361	104	748	436	click
1366964001720	7	652	157	show
1372127095825	72	645	443	click
1373547314586	34	76	70	show
1369236672224	3	138	110	show
1370387030163	37	913	141	click
1369546280535	78	634	40	click
1367988709475	18	541	148	click
1372014987803	120	383	63	show
1367344573410	106	447	335	show
1370260185435	87	802	412	show
1371096124743	62	549	104	show
1372415750666	53	196	210	click
1373964524789	114	700	310	click
1367653543147	127	875	296	click
1370659838422	124	732	125	show
1370327861355	2	171	260	show
1373474987723	128	680	419	show
1373562187431	138	524	488	click
1370867473583	45	893	286	show
1372865370660	30	77	84	show
1373316297781	41	574	365	click
1370002438875	115	869	450	click
1370288805690	30	376	294	show
1370453130624	59	497	173	click
1370319485845	57	871	197	click
1367362009094	40	30	270	click
1367052694931	140	93	310	click
1367754720373	47	637	6	click
1370488669797	92	130	130	show
1367059892192	34	675	90	show
1371682283265	20	470	233	click
1368401200204	148	279	480	click
1366406593672	99	507	147	show
1372505240191	11	910	190	click
1373918777575	139	72	315	show
1367395561987	142	955	59	show
1367421152587	64	980	12	show
1366927424787	34	236	287	click
1374142905152	88	21	191	show
1372338878332	95	325	134	click
1370970363565	137	50	483	show
1367054134651	108	757	424	click
1368719670837	35	222	307	click
1369954661075	46	862	36	click
1373150194224	55	887	244	click
1367700753230	136	120	322	show
1367700118644	24	658	180	click
1368146337505	49	805	245	show
1373058773491	80	209	462	show
1369365973298	57	726	325	click
1366510512910	9	386	452	show
1366713426892	32	902	265	show
1370869848467	27	857	464	show
1367196059215	60	997	120	click
1372243349429	86	814	234	click
1370084560700	92	430	470	show
1366855722226	47	751	159	show
1367920266561	121	242	395	click
1372493885052	21	350	362	click
1370233266412	13	931	297	show
1368969902990	135	62	271	show
1371478794981	48	401	70	click
1367880082908	94	167	362	click
1371242519099	146	46	150	click
1370393889329	149	570	59	show
1371897209807	46	80	53	click
1372440028250	34	617	54	show
1370439642571	51	502	324	show
1367779365062	107	63	390	show
1368354044845	19	710	455	click
1367417140385	19	819	127	click
1369256687438	148	271	47	show
1373808239984	134	152	235	click
1366714009291	1	633	73	click
1374071500805	105	640	181	show
1370153869757	47	399	87	click
1372867313047	103	687	80	show
1373894449665	109	968	299	click
1371937129462	134	446	150	click
1371461040328	28	37	300	show
1372925123878	53	623	173	show
1370187819108	95	621	76	click
1371479095842	48	935	391	click
1374166522389	116	925	51	click
1369850078850	17	569	463	show
1373356296245	5	790	266	show
1369096266260	66	998	267	show
1373951622642	27	805	411	show
1366503394828	43	490	375	click
1371842346548	8	456	220	click
1372050151453	47	738	454	show
1366879178613	143	457	107	click
1368479168051	74	576	419	show
1369124837550	108	500	168	click
1373155271921	130	243	176	show
1368951981315	135	375	461	click
1370019074563	4	755	390	show
1373328342891	41	559	349	click
1374093215104	2	574	203	show
1373899752656	94	223	161	show
1372319351228	30	136	375	show
1373686717604	92	223	221	show
1368106365937	33	110	5	show
1371993346527	48	674	243	show
1371385328799	104	553	354	show
1373573083307	48	592	287	show
1372235784332	25	994	358	show
1373650779571	48	462	393	click
1369207238354	91	15	337	show
1373673631668	49	833	315	show
1366895668329	133	183	240	click
1371467764071	123	765	79	show
1371691347199	6	619	204	show
1366502632331	99	73	79	show
1367057393835	72	46	50	click
1370940764634	40	936	363	click
1366883633079	128	884	54	show
1368720543645	12	669	423	show
1371830845462	8	877	390	show
1369010307970	20	627	228	show
1369715435904	32	803	143	show
1371038732066	46	698	85	click
1370409757510	9	732	48	click
1373307238076	64	759	23	click
1370283879617	111	323	268	click
1374109507808	62	437	218	click
1371172270225	82	293	214	click
1366531953579	67	149	72	click
1367507348213	60	665	31	show
1368653395135	23	68	270	click
1367361186027	62	417	78	click
1368798220048	77	946	14	click
1369518004183	136	361	79	show
1366632082590	100	453	191	click
1373759287487	128	56	330	click
1369269872673	41	762	89	click
1373897756893	110	250	6	show
1370515209625	4	449	173	show
1370959570546	15	843	482	show
1366500291184	148	254	468	click
1366466799437	21	16	324	click
1370629583955	15	910	25	show
1372742378191	63	585	351	click
1367603506172	121	48	370	show
1373936990590	60	543	475	show
1371090149365	7	80	30	click
1373522074998	18	312	391	show
1369679864477	150	624	42	show
1368277780944	78	79	222	show
1366796852816	95	723	299	show
1372178140938	149	869	334	click
1373433738484	103	789	484	click
1372079250254	1	235	205	click
1367036930252	66	216	491	show
1370458246820	59	454	297	click
1373021277833	85	405	52	show
1367299799795	53	590	36	click
1367188373381	29	396	446	click
1366377248305	59	140	146	click
1370105552043	106	937	454	click
1369413006809	63	220	172	click
1370564099701	112	755	451	show
1372600169741	143	672	486	show
1367341506751	75	597	440	click
1372608346045	15	914	317	click
1366656043701	60	396	224	show
1368463343090	69	807	17	show
1372409137765	69	418	464	show
1371833008712	102	928	275	show
1368074123904	14	269	419	show
1368807949691	17	424	227	show
1370438595015	88	95	155	show
1373451425753	80	361	70	click
1367396040246	73	791	343	show
1371151518021	38	853	56	show
1371858586188	78	66	490	show
1373015294349	80	144	439	click
1369653593354	60	358	347	show
1368952553262	7	131	195	show
1370260476195	127	393	234	click
1368044629716	73	894	176	show
1371450494956	110	133	376	click
1371406535241	120	866	412	show
1367403401181	69	734	311	click
1369838166953	144	301	168	show
1373566752431	120	573	316	show
1368548802419	22	305	422	click
1367610639472	16	181	264	show
1369241761643	148	617	36	click
1367615694101	4	922	174	click
1366870997539	13	678	385	show
1373391268911	52	48	283	click
1373913962649	87	913	246	show
1371350578329	67	586	175	show
1370514987206	24	310	211	show
1371708282773	107	248	444	click
1367127073206	133	610	361	click
1369193810857	28	345	474	click
1367099983662	11	587	33	show
1367404381286	99	587	340	show
1374154225099	52	263	460	show
1370972639647	138	496	6	show
1374025700375	125	26	280	click
1366934418318	99	723	396	click
1370213081469	76	885	7	show
1367261566529	61	221	411	show
1371550343373	47	355	433	click
1368301022720	103	619	355	click
1367270814685	7	768	150	click
1373061153521	93	534	183	click
1367298559302	9	999	168	click
1371233236323	130	652	494	show
1371014662860	35	91	13	click
1373583768538	9	880	240	click
1371929515457	95	718	316	show
1369869373676	132	857	428	click
1371102280077	39	470	325	show
1370598406639	87	146	363	click
1370675568920	125	561	97	click
1373102836997	71	478	82	show
1370344309316	1	735	200	click
1368515573651	107	468	426	click
1374128648888	125	666	27	show
1370650218300	68	601	112	show
1371264481498	56	274	314	show
1369258875779	99	119	2	click
1368680579141	129	884	118	click
1370098610263	107	303	233	show
1371908866705	84	433	337	show
1368141056188	78	164	291	click
1371414187507	150	386	20	show
1371259890608	61	801	99	click
1372946224447	30	216	370	show
1372194431544	129	942	278	show
1366466434037	5	723	303	show
1371060019225	68	512	219	show
1368459470567	6	683	320	click
1372366269011	27	888	98	show
1368843662119	149	668	481	click
1371942425408	77	981	46	click
1371995454607	31	1000	325	show
1372263434468	68	237	491	click
1369655836285	20	234	228	click
1368616379190	96	633	141	click
1369143956349	65	480	231	show
1369804877865	148	375	55	show
1366458205751	27	158	200	show
1373466184233	115	686	481	click
1373187530569	20	651	34	show
1373871614822	98	525	116	show
1366472244969	16	434	251	show
1368814571400	70	604	349	click
1369108783415	128	142	377	show
1371083235701	44	473	189	show
1368179677320	148	36	480	show
1369955869868	27	272	446	show
1368198563075	108	79	124	click
1367036615714	23	950	57	click
1368345126914	82	899	35	show
1369016770531	30	95	50	show
1371387871907	40	858	209	click
1366865285377	147	185	452	click
1373624605168	95	447	123	click
1367319384879	80	418	97	click
1372746376938	138	301	210	click
1371890225600	92	276	187	click
1371954957351	143	785	437	click
1367831449147	146	736	421	show
1369704252730	147	720	177	click
1369410132042	59	318	396	show
1373351719344	6	522	138	show
1366344867411	133	420	264	click
1369613121229	39	350	418	show
1366543428109	4	689	9	click
1370023366521	27	63	247	click
1371768370203	21	283	490	click
1368529303710	93	767	143	click
1367977194945	20	440	66	click
1373062131727	98	573	223	click
1373950284295	140	876	111	click
1367381151004	78	314	113	show
1374102121575	149	194	272	show
1371204473974	48	593	438	show
1368800088141	134	544	388	click
1369174786798	56	328	349	show
1366896891097	42	84	238	click
1368980436102	3	336	71	show
1372319002623	111	224	408	click
1367858169246	87	248	427	show
1373883909014	87	497	237	click
1369629206889	77	884	254	click
1368111251017	94	319	243	show
1368620076454	140	247	296	click
1370143124524	95	442	319	show
1372215695014	30	824	208	show
1367804876484	118	470	354	show
1373078523001	120	672	223	click
1367288409317	36	245	154	show
1367447320048	73	235	222	click
1366471739679	131	91	265	show
1373619373303	131	484	437	show
1371121348110	123	964	130	click
1368308352659	82	205	55	click
1372454062748	71	450	55	click
1370495425970	71	181	235	click
1369014255659	127	509	342	click
1369406801707	134	5	264	show
1371902374345	18	195	183	show
1372472774796	34	230	393	click
1367444562684	18	919	249	click
1371204888549	127	760	371	show
1370772322175	145	405	215	click
1371905163289	12	774	298	click
1372995539829	19	488	50	show
1370015627993	93	339	346	show
1366370178163	96	498	204	click
1367675406195	106	869	472	show
1366346610676	6	220	410	show
1372543099236	43	825	314	show
1374172833447	111	708	307	show
1370048821506	107	952	420	show
1372401049671	28	338	42	click
1371486514344	118	640	41	show
1371351088675	27	573	170	click
1373402837141	100	1000	131	show
1366691758562	68	551	412	show
1367504224086	36	363	500	click
1369144252813	19	282	446	show
1373360424180	124	241	265	click
1371550620184	95	60	168	click
1367182911787	111	975	306	click
1373655995078	140	236	167	click
1367430669544	135	843	191	click
1367441171285	52	729	453	click
1370341237249	145	125	317	click
1373926056455	35	552	76	click
1373589266430	40	993	404	click
1367161105235	126	431	18	click
1373021564254	58	628	358	click
1369260936583	87	175	348	show
1374059173422	145	445	56	click
1368678839284	125	113	334	click
1373732813519	133	902	115	click
1367274586511	35	831	381	click
1369004972955	59	803	145	click
1368922953729	148	554	25	click
1369969680617	52	529	271	show
1367102496140	45	591	353	show
1370287083067	140	690	79	show
1372136469536	29	317	187	click
1366372071177	116	675	43	click
1371674212552	113	259	152	click
1368535695105	74	82	354	show
1373042723661	94	595	97	click
1372808718082	50	673	169	show
1370030611017	32	740	20	click
1372982939509	70	136	289	show
1366905819320	11	386	186	show
1368656125636	53	509	60	show
1367593067891	39	948	171	show
1374095859682	20	676	450	click
1368231783889	95	300	283	show
1366695808594	105	265	343	click
1368185088392	54	245	364	show
1366592622176	124	251	222	click
1370777360221	26	502	166	show
1369451406053	86	572	464	click
1367052512485	104	769	274	click
1373067245276	120	7	214	click
1373186013316	111	256	186	show
1368496883152	79	595	244	show
1367724324948	122	52	144	show
1368530223915	135	372	272	click
1373482469380	129	686	192	click
1372021808652	87	340	275	click
1373021787143	61	170	82	show
1367714110382	147	474	210	show
1370719893941	62	48	418	show
1372608711740	101	900	139	show
1370397181979	65	111	257	show
1372788691624	35	982	353	click
1370545326546	42	180	9	show
1373334050289	54	44	411	click
1367011413729	88	100	279	click
1369049685611	80	685	295	click
1372214015176	3	276	303	show
1366724869737	29	214	290	show
1366947996941	71	367	469	show
1371624309996	131	155	272	click
1368858903109	68	615	323	click
1369371675063	122	462	206	click
1371381022902	33	952	142	show
1371366882252	56	811	417	show
1372420879466	139	493	434	show
1373012347869	80	849	14	click
1369341112078	100	119	221	click
1370339133298	118	634	81	click
1369660291364	90	263	265	click
1371450544387	8	894	192	click
1370197742039	27	841	247	show
1368459209075	108	912	250	show
1370126981670	28	62	190	click
1373643522576	139	563	29	click
1372807146179	144	164	417	show
1371207995445	60	233	430	show
1367620060255	128	15	143	show
1369556622544	71	191	125	click
1373841626827	134	552	46	show
1367235746461	138	891	96	show
1371446087049	130	608	236	click
1371769180900	98	581	301	show
1369049296132	82	715	150	show
1367366264317	16	264	456	show
1372683444177	113	515	76	click
1370918701257	10	541	278	show
1367425522071	57	520	467	click
1374108848874	43	548	312	click
1373785788484	13	463	351	click
1366844582335	106	191	166	click
1372009945943	86	74	140	show
1371913157637	122	9	104	click
1370205972140	40	869	118	click
1367083884942	86	49	453	show
1367964349423	125	567	135	show
1369821105103	6	185	448	show
1372944093658	88	686	333	click
1366559916373	59	334	433	click
1371236348922	77	168	330	show
1371823847698	78	901	446	click
1367995201612	108	827	438	show
1367954865564	135	162	71	click
1369587221320	132	60	497	show
1370335461589	29	548	213	click
1367420173568	124	24	462	show
1368886007686	126	586	396	click
1368697244144	134	199	387	show
1371623681717	11	880	451	show
1373115785633	138	966	218	show
1373300447585	75	999	174	show
1371832234025	47	858	466	click
1373184014185	9	491	42	show
1372681029217	53	352	384	click
1371948405775	141	711	475	click
1371262370742	2	258	482	show
1373788729865	7	379	163	click
1370345408151	39	616	62	click
1371267669285	84	335	439	click
1370486655069	103	336	195	click
1368704944082	36	921	383	click
1368703024767	21	968	162	show
1374191211299	1	116	400	show
1367100278155	30	901	34	click
1371748996220	82	873	62	show
1372222996794	76	214	65	show
1374126503372	99	486	113	click
1370868109523	35	137	370	show
1372848379841	5	113	435	click
1372363116921	28	77	370	click
1372479698611	59	289	257	click
1366656773103	15	710	21	click
1368579414951	66	535	66	show
1367417904310	59	683	246	click
1367338984526	79	628	129	show
1372608965884	5	726	303	show
1367509366533	124	292	398	show
1371144151732	77	181	411	click
1371296606352	109	186	343	show
1374156504618	9	915	177	click
1372211216602	97	268	277	click
1366538926865	145	276	81	show
1369371086625	112	48	427	show
1370596450495	149	218	168	click
1372263612575	124	471	300	click
1369820501947	61	8	379	show
1370901643544	26	575	466	show
1371072907783	72	129	168	click
1373548967757	23	876	231	click
1370363656007	114	225	254	show
1371938128143	82	181	376	show
1370343279549	16	550	91	show
1372360685161	60	27	320	show
1374153770489	2	397	292	click
1366999991114	19	906	265	show
1372531603594	33	667	137	show
1367112549041	71	230	399	show
1366860255485	48	519	233	click
1369745366734	3	702	457	click
1367715106271	123	581	34	click
1370694217911	105	208	302	show
1374099912267	39	327	62	click
1371708801882	75	361	136	show
1369393509071	6	425	238	show
1369944543986	89	3	299	show
1368218171571	40	972	275	click
1373923295642	80	576	431	show
1367440450833	7	344	85	click
1368856637129	125	654	484	show
1369347417682	65	74	346	click
1370411288688	90	376	426	click
1368455549888	86	120	381	click
1372228382408	61	941	263	show
1370344212107	66	204	186	click
1368085079006	74	876	125	show
1368220659418	150	20	454	click
1367562592906	9	127	14	show
1366563379695	114	597	450	show
1371269517771	58	510	139	show
1369825676493	127	177	426	show
1373524402425	132	658	79	show
1369083474722	76	986	15	click
1373937244058	118	286	98	show
1368611119538	6	760	328	show
1374031177292	64	812	303	click
1373572597522	19	442	152	show
1369369343999	28	165	246	show
1372165963605	69	166	16	show
1372480412326	141	346	153	click
1370975660781	118	129	374	show
1373341271818	89	655	451	show
1371267151468	77	795	265	show
1373820641074	7	238	217	show
1374196446912	33	488	303	click
1371016785304	33	68	283	click
1371878864161	47	855	450	click
1373450719053	94	490	372	show
1372970081401	98	707	282	show
1371118401505	144	619	466	click
1368172613613	136	700	442	click
1366849618911	77	20	285	show
1371240651867	43	189	280	click
1367095075967	117	371	336	click
1367527303970	40	380	96	show
1367004035996	11	100	340	click
1373403922944	64	15	7	click
1369327242080	121	1	410	click
1372232785737	54	185	242	click
1371306629837	9	689	202	click
1369475076181	77	323	10	click
1371118307910	40	964	147	click
1368914843305	97	551	41	show
1369186473931	143	114	60	click
1373616627019	76	85	477	show
1371741617976	141	766	332	click
1370954437319	40	927	188	show
1370031714681	6	725	107	click
1371471491911	75	664	269	show
1369928546025	104	561	287	click
1370562262523	84	263	163	click
1373156805645	48	165	376	click
1372319486863	29	975	113	show
1373106530959	18	440	206	click
1374197586122	78	734	423	show
1368329176264	22	83	243	show
1372890083135	79	234	258	show
1372627820302	18	309	206	show
1372350061095	56	206	34	click
1372074373965	43	314	190	show
1370014968354	111	662	284	show
1373612886066	140	142	279	click
1367225487366	33	7	434	click
1370199481722	57	579	174	click
1369160595460	16	713	210	show
1367441870389	104	935	421	click
1373053826233	3	137	321	show
1366803851535	91	519	448	click
1371500452983	56	677	418	show
1371770242943	16	15	15	show
1366701788220	70	264	109	show
1367947479483	122	170	143	show
1366841678643	57	647	375	show
1367079043389	34	195	136	click
1367537994201	30	246	235	click
1366633318086	5	539	109	click
1367092418378	145	809	493	click
1367458882835	3	990	265	show
1371495880620	85	283	191	show
1371214169016	118	533	243	click
1366923520361	127	723	244	show
1369519622213	47	629	295	show
1371094427510	4	40	92	show
1373521627382	146	924	427	show
1373609819433	80	699	305	show
1374119712277	93	649	392	show
1371130641960	87	750	93	click
1367111780185	131	798	226	show
1371731854923	91	397	414	show
1372516302022	21	786	159	click
1366471269384	66	298	352	click
1373304678534	83	453	169	show
1373791673258	19	9	221	click
1367792117408	15	332	79	show
1370237597966	10	191	135	click
1371853854093	104	13	300	show
1371576466599	145	127	208	click
1370285909658	34	651	43	click
1373314582345	88	486	155	click
1368138379019	1	613	214	show
1370381082418	77	378	216	click
1371298533282	124	955	440	show
1371665863552	133	558	335	click
1366357872080	12	674	420	click
1367591641175	83	466	293	show
1366544910628	79	30	171	click
1372772044588	32	991	192	click
1367861258066	60	556	407	click
1373421136004	96	911	201	click
1372581775163	12	616	143	click
1370336678685	30	85	339	click
1367976274756	122	75	104	click
1366606946911	33	819	496	show
1372643513832	9	557	61	show
1366686769619	73	797	30	click
1368659423495	123	775	469	click
1373953116192	15	775	182	show
1368244515628	142	790	72	click
1367162732882	89	749	311	click
1370344058834	92	888	160	click
1370785994123	44	580	171	show
1367212966561	94	413	107	click
1367007643563	116	786	475	show
1368451988455	101	450	283	click
1369933649769	88	703	141	click
1371859149843	97	21	391	click
1370224531655	132	792	177	show
1373834340441	73	999	332	show
1374079734236	106	970	379	show
1371702326711	138	815	383	show
1367937096645	78	351	96	show
1373835992019	93	88	415	show
1370058315677	149	749	23	show
1367577590027	112	876	470	show
1373414500201	45	206	476	show
1371198225938	107	894	199	click
1367824326048	59	300	373	click
1373773080630	98	553	327	show
1371436797847	120	266	208	show
1368449549827	132	311	422	show
1366928145829	14	545	484	show
1367974322168	42	237	29	click
1367257469279	66	752	330	show
1367503755185	98	813	158	click
1372562300403	28	781	138	show
1368454948623	30	593	84	show
1369398092827	52	316	327	show
1373432314186	58	671	219	click
1371731066155	138	53	296	click
1367143920609	107	950	155	click
1368238285688	13	642	126	click
1368286967106	110	459	206	click
1369888163039	22	355	21	click
1371608591962	62	766	376	click
1373022455854	115	480	463	show
1371979143252	127	501	116	click
1373430400800	33	331	59	show
1367418399340	20	173	406	click
1368039887186	74	701	390	click
1369117554620	142	756	394	click
1370330492514	85	232	456	click
1369741380845	123	36	478	show
1367920741660	138	735	206	click
1366964869634	128	293	88	click
1369480966192	133	62	417	click
1368339518656	85	252	85	show
1368232633656	101	472	99	click
1372582584591	74	81	238	show
1369391414997	68	573	427	show
1369661533714	5	643	426	show
1371427504010	82	703	175	show
1369224954932	38	139	110	click
1369433616499	146	54	123	show
1368705130012	30	690	430	show
1369588289618	123	484	281	click
1371775856610	50	102	123	show
1367093874734	11	691	404	show
1370547714864	14	185	54	show
1369965040962	1	689	397	click
1372829391462	30	636	446	click
1368275069770	56	592	443	show
1368145336481	106	447	318	click
1370559720003	38	905	215	click
1371814984076	41	147	410	click
1367906213082	12	814	445	show
1366428317438	88	136	164	show
1368867572255	50	971	107	show
1370708715920	115	327	232	show
1370278736280	21	641	145	click
1368495159949	83	190	183	show
1368308222919	10	504	276	click
1367911415140	116	808	292	click
1367259847807	116	644	430	click
1369476012681	40	349	307	click
1367754090611	118	553	490	click
1372511015199	71	562	490	show
1368993406684	134	625	465	show
1368455115679	74	579	286	show
1370487804378	40	885	73	show
1368945507874	41	9	110	click
1369233675907	134	77	459	show
1369623758564	55	724	404	click
1370042554148	72	106	142	show
1369781617786	65	995	459	click
1372072933027	43	767	104	show
1372166548428	138	685	26	click
1367955621619	41	253	134	show
1371200803987	112	815	200	click
1372685584491	134	392	36	click
1367481508531	8	209	485	click
1367654735911	92	978	352	show
1370388997210	37	72	28	click
1372864383134	43	670	344	show
1368997444721	67	255	175	click
1366471132468	9	591	21	show
1368814551603	130	217	93	show
1367494101482	124	963	468	show
1371412595324	32	10	225	click
1366431311977	98	818	168	show
1367820825067	112	789	392	click
1372075754997	5	28	490	click
1371289272392	121	952	428	click
1371946915191	111	823	123	show
1370692590701	147	700	48	click
1372802647628	13	463	278	click
1371931629436	22	916	326	show
1366685214608	68	354	263	click
1372333826289	32	936	89	click
1374201899727	36	361	343	show
1372898197328	62	234	109	show
1368149757611	10	473	105	click
1366698153385	95	813	50	show
1370982284133	26	578	157	click
1372988340103	76	271	359	click
1373902335379	130	673	278	show
1372201671432	116	499	316	click
1367582057614	3	450	280	show
1366767292666	14	169	138	click
1371500974996	7	221	229	show
1373164610347	139	96	226	click
1369554757669	63	300	311	click
1372319909557	105	781	255	show
1371702549328	136	674	229	click
1367161760629	44	979	472	show
1372874324861	71	870	235	click
1371584105344	92	200	318	show
1367672689090	94	980	296	show
1366493816681	41	31	161	click
1371034897586	75	539	290	show
1367758529879	93	52	383	show
1369082829167	76	368	75	click
1366839054773	49	43	145	show
1370805208912	74	726	212	show
1372598250742	12	543	20	click
1373540766127	61	741	330	show
1368810132059	7	749	287	click
1371235855854	149	607	489	click
1369083193896	123	208	367	click
1366430914032	117	230	483	click
1373556654768	28	713	178	click
1372766286069	150	797	377	click
1372975165296	27	391	178	show
1373267453307	137	541	76	click
1373317747510	22	511	253	show
1372215060256	12	799	457	click
1371827629127	99	158	192	show
1372603350696	9	894	436	show
1366798367268	11	166	493	click
1369758608660	144	379	50	show
1369488897653	80	61	87	show
1372766116891	5	837	41	show
1370749193002	80	929	38	click
1367818012327	28	639	343	show
1368496097780	73	2	430	click
1369724699782	42	270	437	show
1373898173703	31	816	320	click
1371929724153	105	536	345	click
1372470849617	71	796	354	show
1371978305508	131	855	113	show
1366517309762	57	996	423	show
1370058018646	15	780	354	click
1367451820954	46	29	325	show
1371142805242	125	104	223	show
1372694743770	57	22	436	click
1369959113944	2	161	216	click
1374109600091	60	367	438	show
1371274631404	117	286	123	click
1373258917624	121	562	273	click
1369260897868	92	798	321	show
1374122004010	74	113	271	click
1368159428888	71	715	482	show
1370829279406	92	220	240	show
1372029812564	84	86	8	click
1372560840824	60	260	7	click
1369289776804	41	679	56	click
1368911688181	22	800	305	click
1371496880783	10	956	8	show
1372931263247	101	89	234	show
1371860191441	93	48	128	show
1373659548673	131	779	264	show
1368886923176	41	343	236	click
1371057978867	27	102	385	click
1367293115918	74	323	149	show
1366495680730	150	758	76	click
1367055114049	109	493	227	show
1367504511262	85	968	190	click
1373679358387	28	436	228	click
1368700041941	144	938	402	click
1367492562408	133	614	430	show
1368513119718	1	182	481	show
1372139727354	107	104	200	show
1367906363866	136	247	203	click
1370253923051	137	376	389	show
1369341013071	66	818	102	click
1367049557108	54	467	164	click
1370465218027	69	806	352	click
1372870108637	123	128	291	click
1370048233324	25	855	122	show
1367878486762	120	493	43	show
1366613792196	54	872	391	show
1372437044877	115	781	474	click
1369983576106	117	377	304	click
1368724425970	38	572	14	show
1372539391927	104	795	127	click
1370384846281	80	834	86	show
1372659411531	47	276	207	show
1368247497904	127	609	270	click
1373711454446	123	283	431	click
1373947033180	122	740	21	click
1368962538016	137	494	219	click
1368962238541	136	323	316	click
1369243185217	16	960	173	click
1366446841027	90	400	80	show
1367764133304	22	236	427	click
1366741702367	149	398	349	click
1373586922466	53	973	130	click
1371550256604	37	953	381	show
1369891261579	64	642	258	click
1370433666625	15	241	436	show
1368709128294	44	614	394	click
1370746071800	95	954	227	show
1368263501927	60	683	184	show
1372236962505	44	933	142	show
1369129465968	100	29	376	click
1371596329900	71	983	74	click
1373583997628	14	634	414	show
1367203590307	83	984	14	show
1366480894785	79	603	295	show
1369704004703	135	817	179	show
1368500089711	32	556	17	show
1368252682516	44	677	313	click
1368418085429	71	438	123	click
1372688509843	80	333	38	show
1367446708996	29	698	124	show
1367080115005	92	427	443	show
1369598699388	39	671	345	click
1370117590634	84	974	57	click
1369413940151	100	152	181	show
1369992292984	103	772	74	click
1368416858838	95	362	248	show
1374047824513	27	491	492	show
1366865756569	3	553	493	click
1373851967871	52	189	425	show
1368042969863	116	71	230	show
1366607179079	2	533	66	click
1372048548230	145	35	376	click
1368101905205	53	643	386	click
1366839341682	96	605	151	click
1373209856232	47	426	289	click
1368878923085	49	384	2	show
1366878620363	137	81	147	show
1366820078174	69	765	121	show
1371310736672	12	453	118	show
1368053530312	118	607	148	show
1372445841373	21	522	319	show
1373138110934	146	40	145	show
1369290540468	83	488	268	click
1366995299540	111	265	131	click
1371178161376	128	210	335	click
1373595108967	22	632	423	show
1368685868789	132	851	269	click
1374200255623	92	651	21	click
1372280839353	64	915	153	click
1367522692471	10	101	130	show
1368907986805	136	504	302	click
1371189322965	133	311	474	show
1369774287823	77	811	441	show
1368852380280	1	804	141	click
1371281594083	38	462	187	click
1371882418274	100	129	270	show
1368690048685	3	490	99	show
1373872571492	43	872	214	show
1368362073959	108	60	47	click
1374078827979	107	107	250	show
1368845356113	134	156	120	show
1367441948768	90	651	194	show
1366454121864	40	879	343	show
1371725999848	103	330	422	click
1372797740066	96	42	216	show
1372108834999	142	620	261	click
1373519687654	75	31	215	click
1372209137798	19	4	50	show
1373614448188	17	898	175	click
1370929526227	134	419	253	show
1372988831394	64	65	145	show
1370376798115	23	51	103	show
1369562541419	68	494	45	click
1371534328435	84	878	104	show
1369277252080	112	916	241	click
1369384177997	13	989	430	show
1373328987400	98	301	97	click
1372903851752	117	656	275	click
1369968633476	60	194	230	show
1367877519843	143	968	144	click
1370337734504	58	458	233	click
1373341796627	91	744	66	click
1372308698421	32	495	263	click
1371042690829	143	836	417	click
1369645659748	84	574	320	show
1369112648812	89	426	72	click
1371640931166	109	285	437	show
1366844935158	69	250	444	show
1368213189644	143	974	414	click
1368051834677	148	951	250	click
1370527081542	73	999	358	show
1368230743771	90	138	261	show
1372582095730	138	933	398	show
1372086207641	92	670	297	show
1373545078491	73	152	301	show
1373860914100	7	431	455	click
1366743330022	140	915	316	click
1368893055133	29	289	19	show
1374074636876	33	867	472	click
1373623650693	50	974	184	click
1369625867346	91	173	291	show
1367910279827	63	558	392	click
1368064857703	94	375	277	click
1370808315324	114	463	44	click
1373971517726	47	16	211	show
1371800414292	122	34	406	show
1371303652323	115	361	96	click
1372061814778	14	845	229	show
1366941570508	23	731	294	show
1371036596877	24	262	408	show
1372866084646	129	900	407	show
1372137983288	10	175	140	show
1369605552007	62	229	299	show
1368410860180	149	741	185	click
1368908955939	89	76	405	click
1367979027375	122	751	461	click
1367746908434	53	802	150	show
1368461638945	68	159	430	show
1368771495012	78	732	343	click
1373604530325	76	201	124	click
1373947925831	61	57	89	click
1368377376686	111	129	281	click
1369245793384	89	392	247	click
1368746133669	46	883	312	click
1370362643687	90	766	331	click
1366631764059	104	194	457	show
1373882445955	54	494	153	show
1367414502207	23	344	22	show
1367126992432	68	900	252	click
1370499531441	34	530	113	show
1368116933863	143	826	7	click
1370304228856	70	186	157	show
1369775059569	126	529	229	click
1369533500580	137	647	35	show
1372190373667	37	165	453	show
1366723764863	114	869	464	show
1373522597998	26	494	270	click
1371426203179	134	10	251	show
1372341754504	128	152	179	click
1370682845585	59	398	16	show
1366914910157	57	323	406	click
1372598553940	93	457	419	click
1367656056481	94	472	312	show
1369915853823	4	380	140	show
1370245193743	76	948	92	click
1370290540684	12	38	210	show
1373177563160	52	249	479	show
1369279234792	133	345	448	click
1373781512823	48	507	222	show
1367602282641	136	481	166	click
1370017832179	105	778	152	show
1366841751346	35	237	139	click
1369737671364	69	366	103	click
1367743466040	67	985	475	click
1373897042458	94	748	145	click
1373043986990	51	866	216	show
1369858915970	76	441	176	show
1373667042068	68	634	376	click
1369475631794	137	581	14	click
1368044093157	118	24	456	show
1368792584258	113	223	457	click
1372633284462	127	641	144	show
1369318739156	114	972	162	show
1371122744024	130	186	350	show
1373467900715	41	174	251	click
1372499376981	27	161	459	show
1370371839779	130	136	11	click
1372957935060	88	4	217	show
1371331618349	1	239	265	click
1373270610838	99	531	241	click
1369315618099	120	226	298	show
1371325360523	106	677	290	click
1371391472501	92	363	281	click
1374160655034	130	127	99	show
1372966139939	67	246	279	click
1373046661594	108	585	437	show
1373082081933	90	965	19	show
1369548633761	128	31	321	show
1370795952314	4	813	83	click
1372988916389	99	678	326	show
1367827337694	135	257	336	click
1373598200729	122	601	154	click
1368361183113	113	576	326	click
1373817149278	69	543	323	click
1370907869630	93	613	306	show
1366411592011	90	753	55	show
1370416491334	64	38	74	show
1367555346102	34	600	97	click
1373367411873	1	947	7	click
1371285136571	49	296	175	click
1368932386603	111	837	298	show
1368292236231	66	890	283	show
1368313393421	52	310	319	show
1367390246025	98	185	320	show
1370338824168	43	943	259	show
1366886909776	1	744	304	click
1369799298113	11	489	153	show
1368890656978	127	119	334	show
1370491892023	115	324	182	show
1368923615620	82	583	362	click
1372802511895	138	831	358	click
1368056377914	46	337	169	click
1367879038813	147	422	273	show
1368449742946	25	894	287	click
1371332366785	140	385	464	click
1369433240644	112	542	412	click
1367931138192	30	15	108	show
1370334480434	12	886	326	click
1371951861132	132	890	112	show
1372992679443	126	134	312	show
1373984905537	26	877	101	show
1372304809578	135	70	328	click
1372507384592	93	787	68	click
1368172089500	115	835	104	show
1366930266659	30	920	482	show
1372396464116	143	449	31	show
1367396783593	138	60	114	show
1367959671187	12	182	159	show
1370961387216	60	307	208	click
1368635662345	57	476	168	show
1366456668761	100	461	207	click
1372401885393	19	8	335	show
1370820423901	75	391	309	show
1367224232757	41	336	325	click
1373234293295	39	817	63	show
1371065318044	73	718	60	click
1369807720595	116	853	172	show
1366454595424	61	211	453	show
1367013634182	84	595	19	show
1373927654217	15	910	275	click
1369901495380	72	792	386	click
1369137833688	92	764	113	click
1372375803659	46	397	254	show
1367401630757	51	138	229	click
1373794329621	91	999	260	show
1371887042178	124	739	105	show
1366849614721	7	593	307	click
1371397598264	108	262	253	show
1369350287673	41	207	227	click
1366509797229	1	610	98	show
1372139594436	65	102	466	show
1371319984527	89	558	168	show
1373937671816	148	308	115	click
1373017174208	37	278	428	click
1369698909310	81	616	400	show
1371387467502	117	739	90	click
1366441203768	81	427	131	show
1368346443598	134	937	376	click
1369398203711	142	247	307	click
1368533260269	62	90	30	click
1371109869886	27	887	424	show
1369623952425	126	642	357	click
1370360534150	5	357	26	show
1372759351108	65	840	414	click
1373631126772	36	435	10	click
1369981867021	56	589	389	show
1370889206449	68	933	214	show
1372989671250	116	569	492	show
1369557315112	125	804	76	click
1367142194731	71	923	398	click
1371195111553	116	544	389	click
1367323626643	133	687	292	click
1371340355991	92	625	18	click
1366996751031	108	983	361	show
1370128686900	21	389	185	click
1369883543965	34	377	413	show
1367254479070	112	365	259	show
1367782250918	124	947	202	show
1368256541150	15	805	89	show
1367979746775	104	331	441	show
1374201295262	111	327	165	click
1367841837828	111	138	438	show
1373396846440	128	495	499	show
1373111326671	149	683	362	click
1372357543031	3	25	496	show
1372272970371	56	728	432	show
1369101755561	18	453	256	show
1369896380797	7	667	365	show
1374077022322	148	369	46	show
1368665774856	7	98	2	show
1367324077363	59	942	144	show
1367979553458	136	901	230	show
1373290288052	1	698	122	show
1370495884416	117	925	341	click
1367181418499	4	982	229	click
1367795434587	36	858	425	show
1371171120165	36	121	441	click
1373028018681	46	525	2	show
1371232296051	33	89	465	click
1369821433187	99	855	165	click
1367591507377	145	952	210	click
1373773191123	150	551	190	click
1368206268235	69	231	356	click
1369288986237	64	837	303	show
1370637764831	80	695	369	click
1371151445486	112	361	64	show
1373644975836	87	899	388	click
1368609532315	40	400	84	click
1373113729933	141	156	153	click
1370611730934	112	99	71	show
1370111288771	62	484	350	show
1368869156420	65	143	397	click
1369818892807	50	397	9	show
1366938478897	71	569	54	click
1372457500183	27	684	449	show
1369640105105	15	703	308	show
1370630472466	149	83	210	show
1373400515917	55	362	260	show
1371170865476	88	573	158	show
1373546586017	110	307	16	show
1369843549561	104	10	311	click
1367323756803	120	432	262	show
1370011399795	88	475	90	click
1372647878931	32	843	126	show
1372843039417	150	177	485	show
1370018888631	111	400	272	show
1367909491296	9	887	202	show
1372472902567	71	637	190	show
1371192952173	19	343	448	click
1369150158951	69	778	181	click
1372169722916	17	809	52	click
1367099221962	76	496	432	click
1373935232147	21	837	182	click
1371535497843	36	886	362	click
1371303988883	75	186	356	show
1370270379456	28	44	274	show
1373249574649	113	172	479	show
1370286795809	133	944	412	click
1367296332448	146	928	417	click
1370588116949	131	379	331	click
1366443017689	133	715	230	show
1368955494710	130	199	61	show
1370985062227	4	616	300	show
1367787834747	1	53	44	click
1368159318433	136	845	374	show
1371855797624	65	903	414	click
1374057617700	65	538	366	show
1368711178468	40	853	490	click
1366374202880	130	311	1	show
1371741734744	106	91	368	click
1366570821248	17	597	394	show
1368762148542	149	360	165	show
1369294289664	109	674	164	show
1368018882546	40	641	35	show
1373134009228	68	612	268	show
1368631055408	108	57	70	show
1371098407911	53	33	245	click
1370416702265	71	856	418	click
1366568514826	149	950	34	show
1369683224236	21	157	262	click
1368665549421	123	162	299	show
1368131827605	117	247	2	click
1370243755636	110	892	446	show
1367336895430	21	606	455	show
1367748623052	19	655	448	click
1366651555409	128	202	68	click
1370726871301	112	68	458	click
1368910380790	77	434	162	click
1372395807747	77	698	405	click
1367671403730	61	407	5	show
1367770536622	9	907	3	click
1366460368631	112	331	334	click
1369674587813	144	180	455	click
1370069771608	103	853	289	show
1371778870780	54	506	311	click
1373226357851	137	639	44	show
1373251704200	117	61	123	click
1370222084696	18	354	74	click
1373996556599	55	70	124	click
1367382944771	71	12	488	show
1371204604867	93	665	179	show
1370053029636	123	447	145	show
1367743934481	137	275	286	show
1372788003610	17	140	440	show
1367241653655	9	616	429	click
1370307768335	7	96	367	show
1371714925977	100	429	321	click
1366510973417	102	163	5	show
1371911195168	67	733	411	show
1367953458626	136	926	397	show
1374187641012	93	197	71	click
1372157948573	42	561	399	click
1370170629882	19	902	408	click
1371611468176	63	178	49	show
1367625815864	46	242	298	click
1371161889950	6	638	345	click
1368091955241	2	352	217	show
1369724955237	62	453	292	show
1367204222370	43	646	134	show
1372537504617	81	931	19	click
1371697887600	43	105	99	show
1372297063649	79	408	123	show
1367668351152	94	649	392	click
1373776138182	111	134	404	show
1366763361365	111	116	390	click
1369336932675	44	717	143	click
1371151270272	72	667	488	click
1368619863335	38	233	193	click
1371104867553	51	898	260	click
1374101136017	142	121	135	click
1372739729744	144	907	293	click
1367693024577	5	404	429	show
1367236455469	57	848	349	show
1367663514849	29	747	14	show
1372029000835	17	736	277	click
1373141942432	106	281	206	show
1373142081256	87	414	266	click
1368112584160	95	545	302	show
1368394903570	70	186	371	click
1373371239408	126	225	11	show
1366870311908	9	278	29	show
1369161707259	124	595	429	click
1371489307574	56	437	309	click
1371753057589	75	810	313	show
1370719203326	121	716	74	show
1369083500749	111	305	357	click
1373183005585	107	855	441	click
1370152388373	107	504	238	click
1369182202081	39	991	406	click
1374171890397	139	645	349	click
1372193793359	144	827	19	click
1371396071201	52	39	74	click
1367846041082	81	452	222	show
1370691189910	15	277	78	click
1366501504707	143	149	51	show
1373287974475	26	229	43	click
1370157686324	149	568	63	show
1373348900669	116	258	35	click
1371081938198	116	28	399	show
1366618823823	100	631	228	show
1368935269317	34	28	419	click
1369919798614	74	265	162	show
1367053150459	75	347	176	click
1370229852328	51	897	323	click
1369556429997	132	393	282	show
1373507344614	33	700	25	click
1369670348862	2	888	69	show
1367244678673	143	80	50	show
1368606326570	133	927	320	show
1372606614882	55	831	356	show
1367797292527	36	581	161	show
1369438258638	5	690	126	show
1372893042548	8	9	446	click
1367094352532	54	191	214	show
1369479021845	33	125	412	click
1372170145671	119	987	16	click
1368751097600	87	111	186	click
1371815966473	145	909	159	click
1369845055232	13	996	419	click
1369867027927	131	453	419	show
1369032123620	57	974	390	click
1369550983591	70	806	81	show
1371279730320	107	386	71	show
1366866662285	130	992	202	show
1373364453005	90	689	417	click
1369136937095	14	181	241	show
1367473806584	111	608	166	click
1367453977566	13	548	369	click
1367964523113	139	694	262	click
1371492038813	77	637	45	show
1368788475373	79	274	37	click
1372320867019	59	818	388	show
1368710461656	43	260	496	click
1369103122747	32	803	325	show
1370579104659	30	179	448	click
1370512133152	57	293	382	click
1370615077829	32	615	26	show
1370954374620	48	351	311	click
1370697967028	124	899	60	show
1372281973702	68	456	74	show
1372302936843	80	167	289	click
1366892575280	49	293	380	click
1366730481490	7	1000	197	show
1373410452018	75	604	241	click
1369616948769	140	833	74	click
1368358030391	113	508	450	show
1368121353430	97	434	249	show
1366422418141	65	364	175	click
1369712776495	30	469	252	show
1366429686323	82	566	111	show
1370608888969	100	210	431	show
1367835053604	80	702	201	show
1369797524839	55	504	268	click
1371635411305	14	186	133	show
1370079216367	53	212	325	click
1368611622638	70	892	5	click
1372917610154	62	725	384	show
1369759978420	79	288	273	show
1371996760356	134	440	112	show
1367265148753	76	320	485	click
1367830613757	125	714	132	click
1371621898050	104	909	174	show
1372004643689	25	320	202	show
1367375873957	21	779	291	click
1371979422060	141	479	209	show
1371839114372	15	304	46	click
1368860964182	70	604	116	show
1372699190552	32	377	166	show
1373843721207	123	164	342	click
1368278624244	105	923	82	click
1368793561029	112	214	130	show
1367179509722	98	895	352	click
1370136905787	42	900	49	show
1373066101592	33	332	470	show
1371374946011	107	165	295	click
1371075433748	58	730	296	show
1368879826004	82	97	232	show
1371508203711	133	352	175	click
1367742128248	52	659	20	click
1373525019245	107	530	335	show
1368347327364	89	695	226	show
1367106581017	41	39	135	show
1368797550168	82	50	301	show
1366383627488	53	3	141	show
1374189087230	49	643	71	click
1374001615012	64	426	53	click
1368837811885	72	387	17	click
1369715402388	79	73	421	click
1368043814497	77	27	45	click
1370827060669	1	52	491	show
1371907711689	55	661	216	show
1368890716905	128	669	333	show
1371269568547	79	764	132	show
1369109403062	81	231	498	show
1371934091852	125	556	451	show
1367801901268	74	49	489	click
1368693607953	133	583	471	show
1368828932775	57	635	155	show
1373836112964	70	602	327	click
1371381071704	29	642	53	click
1371046560810	146	955	10	show
1367686486605	116	25	301	click
1373054298599	149	975	357	click
1371810122142	12	940	20	click
1370051339081	65	191	220	click
1368017447607	60	978	218	click
1373344909754	81	183	100	show
1370920098263	85	996	238	click
1373944146746	122	273	267	show
1366566215788	110	276	293	click
1366556392969	40	141	481	click
1370581003911	84	539	396	click
1373527603634	57	162	123	click
1368402293937	100	798	166	show
1370876075948	150	540	346	click
1370045944081	14	738	403	show
1366550094595	28	770	303	show
1374081216562	70	441	147	click
1369465505621	56	852	314	click
1366940475061	5	705	357	click
1370372288471	64	753	101	click
1373350750419	136	749	388	show
1371883370650	61	220	19	click
1366385482085	144	225	359	show
1374201141873	114	91	346	show
1369744037051	75	176	210	show
1369381272788	18	556	3	show
1366941666645	14	496	446	click
1373035529189	8	687	265	click
1371868766052	31	31	98	show
1373105694062	63	145	125	click
1373465096604	47	906	189	click
1366442164162	54	733	445	click
1371402731977	130	553	215	show
1372582063289	91	332	347	show
1370782330455	85	574	377	click
1373530888801	136	395	499	show
1366845915714	90	589	169	show
1371153683516	31	895	259	click
1371718662694	87	447	415	show
1370045418907	101	203	415	show
1373859900412	74	335	83	show
1367332079099	107	483	113	click
1366439175877	61	9	208	click
1372831097913	135	823	238	click
1366570154160	76	469	141	click
1371776213223	4	224	178	click
1371582671039	44	382	362	click
1366600645135	128	834	27	show
1370803050292	24	915	125	show
1366390504967	125	216	36	show
1372344311107	24	620	465	show
1373476282092	53	733	313	click
1370249570390	87	816	176	show
1372204738723	49	912	272	show
1370136691156	131	476	156	show
1366379028066	85	658	74	show
1366445600491	101	672	48	click
1368877983535	84	315	406	click
1369372688343	67	808	350	click
1373132321717	5	742	78	show
1367382780316	11	801	119	show
1370856455183	138	333	228	show
1370559864946	100	133	132	click
1373944760373	113	863	216	click
1374156343078	75	888	367	show
1370874610067	23	262	8	show
1367175997465	90	210	497	show
1366840204285	57	206	205	click
1373015145861	63	893	321	show
1370857972683	10	335	255	show
1368591694147	96	625	189	show
1368115963493	2	589	164	show
1373706363295	53	580	390	click
1367221505923	80	247	449	show
1369348690811	19	264	287	click
1368348891677	46	58	316	click
1371396554858	79	450	173	show
1370538666619	61	737	357	show
1371222250731	58	756	9	click
1374037807375	123	524	410	click
1373869192375	71	603	328	click
1368044108228	35	520	327	click
1372212305497	22	521	11	show
1370272377120	31	386	232	click
1373825479207	113	972	328	click
1371147016358	135	977	247	show
1373723501377	24	637	231	show
1369724438838	26	225	81	show
1370837730489	30	758	279	show
1366988129934	144	975	467	show
1368947758180	65	55	474	click
1372057058722	63	581	363	show
1373062252583	111	37	85	show
1368504238855	17	698	5	show
1370774078322	128	751	50	show
1368101365949	77	212	34	click
1371404634969	35	604	40	click
1369923166203	22	395	481	show
1370443252014	24	668	248	click
1369435580859	121	982	314	click
1367595100981	23	803	411	show
1371320183634	60	310	429	click
1372003694667	136	140	295	click
1367041472872	16	606	453	show
1367421789014	129	58	190	click
1369711065190	102	299	427	show
1368604869196	132	3	379	click
1372204164084	84	393	197	click
1367245573440	143	631	81	click
1368950925451	125	933	348	click
1374153767909	135	890	438	show
1366996343139	58	117	22	show
1370458395613	136	488	286	show
1372885788973	98	893	133	click
1372751858668	52	171	490	show
1368151769973	56	206	121	show
1366642037087	45	965	121	click
1367967197875	99	180	462	show
1370145063388	127	531	225	show
1368722884670	14	927	63	show
1366444938563	146	285	243	click
1372507960723	149	227	472	click
1372284171758	15	800	278	click
1366943903522	110	104	63	show
1371619352885	94	712	236	show
1373156970360	13	811	192	click
1369659438009	76	335	257	show
1367638073023	5	679	233	click
1367185515983	12	679	265	click
1368918687386	74	701	388	click
1369331280487	82	284	152	click
1373853196275	93	456	409	click
1371622925354	111	729	380	click
1366916773050	47	916	482	show
1370537090274	29	363	44	show
1372646425922	48	735	384	click
1366958801537	27	735	338	show
1368565813142	3	146	23	click
1372482743946	143	17	140	show
1366542760363	123	495	241	click
1366815980734	137	828	206	show
1371960546505	29	379	361	show
1367949545612	88	720	470	show
1366474669271	21	474	121	click
1369036050986	109	794	312	show
1372120696075	128	10	71	show
1371311196307	105	492	196	show
1367420545336	132	705	279	click
1370257965937	106	808	326	show
1373078771180	88	888	251	click
1369442907856	135	79	184	show
1369370836064	51	759	128	show
1371018363482	14	586	38	click
1372579371988	142	895	218	click
1370671201981	100	475	39	show
1369850846300	102	628	318	show
1371680654625	45	478	8	show
1372400809223	71	153	469	show
1369158233759	73	212	347	show
1367789902333	95	575	202	click
1368217076922	92	303	405	show
1372937403618	72	665	12	click
1367653531801	131	574	474	click
1372578219128	9	203	24	click
1369510119777	11	874	180	show
1369439233429	70	258	427	click
1369696638252	49	829	224	show
1366384842817	132	160	311	click
1372756326053	44	418	358	click
1370448021882	143	439	229	show
1373415160456	13	98	201	click
1369330324004	140	462	321	show
1369606304099	87	71	191	show
1370222646450	99	844	499	click
1369733933935	108	980	68	show
1373373814739	144	817	227	show
1366754969189	23	817	146	show
1368088984378	78	804	319	click
1369792098175	139	798	15	click
1368914749178	128	715	74	show
1374017928374	10	724	462	show
1367144958321	148	40	320	show
1369943103509	19	759	234	click
1374064275053	6	68	371	show
1370566990405	141	518	27	click
1370814360420	149	829	445	show
1366652863829	106	968	152	show
1372254814798	27	238	82	click
1369157247116	62	337	157	click
1372873434503	52	351	354	show
1369605660837	86	515	121	click
1368990990101	97	938	433	click
1371054726100	90	804	251	show
1371359769935	65	788	20	show
1367961847538	6	560	288	click
1372933917144	41	319	84	show
1367567891776	9	626	416	click
1369955311967	135	605	371	click
1372121567603	20	987	280	show
1370547302668	18	868	97	click
1373662776368	114	4	64	show
1371251476560	84	646	274	click
1366911543776	65	317	386	click
1366623087487	24	71	414	click
1370380224205	48	941	45	click
1372260980146	91	291	172	click
1373318820496	131	981	276	show
1369853786969	123	683	212	show
1366885558165	26	149	216	click
1368108914540	43	587	437	show
1367203912701	62	322	314	show
1369323919249	30	199	333	show
1372887420654	73	31	259	click
1372660279476	95	413	457	click
1368893504047	49	828	388	show
1370486680443	64	735	270	show
1369007832385	107	276	211	click
1369885341151	3	696	101	show
1373897619271	139	797	62	click
1371190233848	54	124	51	show
1366536478468	82	173	161	click
1366910164981	3	810	72	show
1366504831904	43	214	449	click
1367400455865	83	513	103	show
1374146184606	128	104	159	show
1368214296495	54	979	227	click
1368245453274	80	942	360	click
1370615902978	74	305	439	show
1371154578837	18	76	53	click
1367478620491	31	262	7	show
1368658396338	117	175	40	show
1368429339442	65	554	151	show
1366476573153	116	793	482	show
1370866096686	28	379	395	show
1369458837230	145	759	496	click
1367709077827	15	501	162	show
1367047097165	89	777	352	click
1367935936666	146	743	246	show
1371084963878	60	708	437	click
1373045514764	121	133	498	show
1371518035443	53	193	51	click
1370912012397	50	450	225	click
1373283158883	123	205	46	click
1373097664948	92	399	488	show
1367958613222	22	694	233	click
1370685721660	92	884	329	show
1371443252265	43	754	83	click
1366703257675	8	177	388	click
1370014966289	12	489	323	click
1373894466083	120	584	131	show
1366397559134	17	97	480	show
1371420880219	33	460	71	show
1373248244808	92	95	250	click
1369460954301	63	838	392	click
1372302579267	99	308	40	click
1368714106464	4	404	444	show
1366660009938	83	870	59	show
1372725021022	99	105	347	click
1373088016687	10	217	191	show
1366607400424	19	629	203	click
1368228864442	37	428	426	show
1367311842852	69	314	222	click
1370395342935	92	336	36	click
1369937135107	19	839	66	click
1374025435174	99	878	29	click
1369101891807	133	124	321	click
1369399277939	69	828	39	show
1374073237228	65	532	496	click
1367529110591	53	707	225	show
1370228985680	69	454	11	show
1367193339433	118	370	403	click
1370113863282	39	604	325	show
1373941011288	1	700	354	show
1370308935425	11	558	459	show
1372823550690	64	154	391	show
1372566281195	141	611	149	click
1373287521834	105	450	36	show
1372997154821	128	566	454	click
1366836012086	107	443	389	click
1369526219383	150	164	81	show
1370604504827	65	284	88	click
1370756509338	59	609	223	show
1369680751327	149	757	289	click
1368316081305	31	716	178	show
1369258037030	28	379	50	click
1370145372108	25	474	82	show
1372630677311	46	778	172	show
1366673689243	56	6	223	show
1374067266089	51	654	253	show
1373422167724	90	295	127	click
1373622132028	11	174	477	click
1368631033399	124	892	97	show
1372924173678	17	99	277	click
1367955021049	133	372	479	show
1373431081470	85	6	410	click
1373656811131	138	455	106	click
1374036186178	137	73	207	click
1366412735663	61	703	410	show
1368952797892	147	710	68	show
1373460708522	13	61	481	click
1367372174499	149	296	217	show
1367252546009	58	492	245	show
1368591260926	2	835	455	click
1369889235780	20	234	483	click
1369540441715	16	710	221	click
1372303183707	52	819	319	show
1373381921372	38	37	364	show
1368481306582	132	68	347	click
1370609488750	111	512	467	click
1371828997198	59	264	46	show
1372524695145	95	351	432	show
1373827756837	125	553	186	click
1368866317684	108	661	62	click
1373604763830	17	66	35	click
1367460185894	141	505	111	click
1368521523818	43	724	491	show
1373195082076	33	845	473	click
1367697824586	150	492	322	show
1368609860369	111	101	195	show
1370540057303	143	308	17	show
1372894856486	72	667	316	show
1371742273978	28	155	279	show
1368620010305	33	582	152	show
1373905840732	41	735	493	show
1367001988454	135	294	139	click
1370023196403	99	511	496	click
1366353963383	78	635	209	show
1366559017700	53	373	411	show
1370126257371	127	826	242	show
1369594741675	110	205	451	click
1372015010058	128	90	403	click
1368494814023	66	875	240	show
1371147153679	87	989	349	show
1368178785802	129	765	45	click
1373822852599	111	532	384	click
1373638749483	23	305	96	click
1366968188421	27	247	417	click
1368207592784	147	651	372	click
1368527894384	3	676	251	click
1366671255719	104	998	463	click
1368970191675	59	885	328	click
1370777183456	48	664	127	click
1372640544566	98	859	409	show
1368448731597	127	568	115	show
1373174811546	57	212	180	show
1371899507270	15	3	274	show
1369058062762	13	786	278	click
1372260649720	130	447	114	show
1368410818226	89	282	103	show
1369889443607	117	96	279	show
1371139364157	88	79	119	click
1369238752865	26	336	353	show
1370772842337	39	824	377	click
1370276049248	43	109	371	show
1373700494433	14	933	112	click
1369217208544	42	744	450	click
1368586994089	88	419	275	show
1372633507494	63	627	350	show
1366395146068	132	65	183	click
1368829247253	59	626	68	click
1369292623417	43	490	475	show
1371471119566	25	670	412	show
1371999395238	3	462	28	click
1373361355033	106	613	488	click
1370378645746	144	348	321	show
1373662219573	61	201	444	show
1371735289459	116	942	62	show
1368755246696	28	228	470	show
1367721289163	47	167	338	show
1370195867041	95	463	33	show
1372602125907	100	200	460	show
1372384066030	53	488	400	click
1367612814606	61	964	189	click
1372627905815	4	91	162	click
1370782581593	50	911	183	click
1370978599631	23	460	73	show
1371507998240	129	914	194	show
1367839390957	90	301	17	click
1366423664147	131	727	69	click
1369049340294	4	619	273	click
1369823487094	124	839	38	show
1367598973836	105	378	40	click
1373313530667	22	427	361	click
1367746081579	82	463	8	click
1368575972448	38	462	239	click
1370543646179	107	959	33	click
1367176883627	40	366	193	click
1368695591425	146	417	382	show
1368547439617	2	329	468	show
1371902230656	95	576	320	click
1372543980599	38	337	450	show
1368257059880	148	726	152	click
1371370031762	92	361	246	show
1369738079930	31	53	466	show
1371905805205	62	805	34	show
1368420150836	10	402	233	show
1370617055456	33	501	334	click
1373190732673	122	548	243	click
1370858406394	3	149	145	click
1372738560594	78	460	402	show
1366484066037	68	500	460	click
1368823963050	110	452	408	show
1372710472910	52	770	93	click
1369255236675	3	289	92	show
1367586284025	3	667	23	show
1373539208680	131	629	50	click
1370399790239	141	771	430	show
1368677525979	129	946	238	show
1371250807998	96	637	456	click
1371447025228	31	370	379	show
1372178951046	77	169	38	click
1369708703510	31	905	243	click
1373362839611	116	370	424	click
1373686966710	120	882	127	click
1366571092937	87	686	60	show
1373713719038	9	195	421	click
1373257220754	140	816	8	click
1374088880263	42	584	381	show
1370522556424	74	708	174	click
1368384843447	48	472	5	show
1373969877937	86	467	137	click
1370012747224	94	184	113	click
1368690418849	2	874	79	click
1371304164536	132	215	71	click
1367144771715	142	114	190	show
1372431035306	34	788	425	click
1367254726142	36	37	133	show
1373063804216	118	438	373	click
1367557389361	117	82	161	click
1372745019851	140	317	244	click
1372889780464	85	167	181	show
1372900167454	126	338	490	show
1373962667453	95	293	46	show
1368563030576	19	231	334	click
1369965287946	85	160	373	click
1372478350965	10	727	70	show
1369929430696	134	66	206	click
1373728660603	81	447	380	click
1368808663876	18	755	73	show
1366557171423	114	633	219	show
1371068130143	27	936	140	show
1371971899144	87	493	17	click
1371340484436	65	422	63	show
1371669626381	61	745	270	click
1368130838109	127	607	450	show
1371222612418	86	552	421	show
1369955749238	21	126	222	show
1367581492356	134	745	218	click
1369329075674	67	375	499	show
1369748920292	133	832	257	show
1371584234966	142	491	39	show
1369187280247	121	557	349	click
1366657578063	104	616	57	click
1371023329998	126	849	38	click
1370816620826	33	717	433	click
1366601055231	1	524	217	click
1370400250217	5	23	454	show
1372976686750	62	268	180	show
1369240572651	35	237	459	show
1371592853834	142	612	63	show
1367249155557	117	566	10	click
1367369220793	12	389	424	click
1372358389880	12	74	65	click
1371096638420	63	647	127	show
1371202368160	77	126	82	show
1373903460553	103	284	170	click
1372797629728	109	347	10	click
1369167193751	28	652	376	click
1370003724560	42	930	344	show
1371477513459	78	434	316	show
1369907991199	21	373	288	click
1367628367442	89	276	229	show
1370094214789	12	796	256	show
1372404594908	93	273	35	click
1374003149235	101	588	319	click
1373900087708	123	335	199	click
1370968753369	53	132	500	click
1373632739622	100	438	383	click
1367436762073	97	512	449	click
1367876700127	148	443	197	click
1369454693712	117	91	128	click
1369543675086	1	94	400	show
1366662648382	108	125	23	show
1368571119472	144	876	38	click
1372099715527	39	654	414	show
1374155161135	95	387	468	click
1371140130816	71	19	209	click
1368618573368	125	945	264	click
1371239074498	36	961	31	show
1371734099673	47	522	290	click
1371898017183	123	582	264	show
1374134825517	26	644	318	show
1372788506842	65	174	183	show
1367346833940	16	583	142	show
1370140024208	147	136	272	click
1371684638107	90	243	88	show
1372534457254	134	69	16	click
1366609449315	149	726	243	click
1368395768954	94	786	311	click
1368804347964	61	468	93	click
1368004530457	54	665	35	show
1369381103854	43	571	431	click
1367820323107	75	794	2	click
1366446022216	139	152	355	show
1369284027485	88	399	451	show
1368127015504	34	278	467	show
1367510969354	142	191	322	show
1367135429433	138	353	324	click
1368354873407	46	124	48	click
1371743455379	85	14	436	click
1371794441820	24	369	480	show
1368767046651	77	346	396	show
1371812762238	118	620	236	show
1373675264962	92	42	322	click
1368855543492	7	415	117	click
1373576068920	12	504	27	click
1371914490092	92	889	480	click
1367700922614	78	478	129	click
1367164921079	138	748	462	show
1370510306507	91	183	491	click
1366728289680	136	123	285	click
1372051896610	37	582	353	show
1372661150262	72	469	36	show
1368235088584	23	176	383	click
1367985177769	87	695	420	click
1369610879235	108	421	6	show
1373046397817	104	519	348	show
1370764990420	113	917	468	show
1368750820360	13	514	68	click
1373697830111	6	871	1	click
1371095545305	69	537	88	show
1370284438349	6	637	284	click
1369521671451	41	155	190	show
1367728623140	95	72	254	click
1372174046996	133	153	243	show
1372505062991	119	42	9	click
1367583593124	10	451	149	click
1369790991792	103	713	221	show
1367950266967	94	391	432	show
1369265925061	81	924	293	show
1370162274670	32	416	444	show
1371024025324	2	288	319	show
1373585060091	39	230	193	click
1369820981129	37	410	358	click
1371134605101	121	571	173	click
1370424850190	46	542	48	click
1368557669446	116	318	145	show
1369914856548	123	183	174	show
1370353999630	99	87	149	show
1369000552072	86	369	259	click
1373514656354	104	311	335	show
1368269611497	46	916	194	click
1373615843881	108	781	86	show
1369685005501	11	508	377	click
1366904395335	134	423	242	click
1367250708401	147	289	293	show
1371237735507	114	852	34	show
1373198890999	52	139	176	show
1373918805637	145	248	305	show
1366794282526	12	156	350	click
1370068631417	87	369	186	show
1373762852827	64	934	28	click
1369510348059	85	395	334	click
1368223913421	94	882	127	show
1369545733784	8	71	447	show
1369681950801	53	117	423	show
1368836877237	41	838	367	click
1371613540354	43	88	300	click
1371105444655	89	933	429	show
1366374703436	109	959	359	click
1370362188623	125	508	73	show
1370983109959	96	483	468	click
1373150253208	111	804	450	click
1370729033323	124	442	257	show
1371142928103	148	63	357	click
1369190345365	56	390	187	show
1373420206803	16	407	223	show
1372741831998	113	563	221	show
1371206843705	13	684	237	show
1373484194647	145	148	116	click
1372305696518	82	336	251	click
1374193616037	39	866	291	click
1368009189107	124	674	275	click
1373108742795	28	938	90	show
1368754690875	91	528	332	click
1373550315163	12	279	366	show
1370723035283	126	294	271	click
1373255639393	78	511	102	show
1371373783144	100	211	266	click
1368290820510	13	179	190	click
1369290742333	19	880	351	click
1371775035898	25	712	44	click
1371155726380	47	970	177	click
1369731678082	48	30	394	click
1369871516083	81	982	452	click
1368486495613	72	924	127	show
1367539662042	118	827	210	click
1373064011653	73	376	470	click
1371620111089	49	910	432	show
1372826160621	3	21	489	click
1368588404095	112	925	336	click
1369376172386	1	62	405	click
1366769702304	96	379	94	click
1370411212938	38	83	440	click
1371192081482	83	574	198	click
1369629345789	8	126	192	show
1373251211697	140	862	242	click
1372574616271	5	66	32	click
1369698913319	92	529	145	show
1368972955383	33	294	179	show
1366624443211	74	734	56	click
1373738973111	52	904	355	show
1366535530046	67	282	305	click
1373836557316	12	768	335	click
1370445001313	50	751	288	click
1370388010257	26	793	450	show
1366594179952	103	71	373	show
1370574656470	21	539	16	click
1367005442942	102	71	59	click
1370621855268	104	797	229	click
1373465896945	96	831	286	show
1369554130528	50	120	113	click
1371114351128	23	387	304	show
1374107761367	18	72	361	show
1369097946317	4	591	442	show
1372838422478	79	388	243	click
1373549928692	94	784	120	click
1367369762045	75	203	15	show
1369874135261	143	742	201	click
1371006669555	106	421	352	show
1371099430153	85	548	178	click
1374076878519	26	817	69	click
1372815190034	32	363	57	click
1368148876092	79	834	70	click
1373284908857	110	204	380	click
1373282558945	71	796	216	click
1373672094193	91	173	297	show
1367965819618	30	463	61	show
1370591681187	81	416	391	click
1372824665801	110	683	242	show
1369625227977	131	890	284	click
1368310368765	42	575	411	show
1368307108588	47	768	360	click
1369501688260	54	623	492	show
1366607496877	7	184	236	show
1369855916015	114	910	351	show
1373233257441	34	76	338	show
1372849489250	13	100	453	click
1369983284197	89	999	456	click
1371233110425	55	511	380	click
1373667097813	130	103	199	show
1366558767039	6	347	456	click
1371445256472	99	332	317	show
1373749808475	88	595	420	click
1368562772534	98	440	342	show
1369294540702	40	879	8	show
1366872321763	55	706	313	show
1366681145024	101	411	370	show
1368502349266	20	92	466	click
1368633273548	46	592	82	show
1367843966070	95	97	358	click
1367295413903	69	928	311	click
1374167756492	60	138	489	show
1369311598342	135	393	398	show
1371380006701	55	514	372	click
1371179110827	22	851	380	click
1371746047119	36	987	159	show
1367866715382	92	927	200	click
1368954055019	56	173	212	click
1368558679163	106	572	333	show
1373139992221	75	730	66	show
1372716736144	48	153	326	show
1371025023363	4	550	462	click
1373037502017	87	975	102	show
1369858976884	125	774	138	click
1366540218914	125	545	23	click
1371095151730	94	607	375	click
1368812650513	59	283	192	show
1367877309076	98	682	256	click
1371208818570	60	145	313	click
1372193908472	85	237	365	show
1372632984820	54	529	14	show
1371288107694	3	964	290	show
1372857611409	19	977	203	click
1369121872053	31	360	118	show
1370305301831	70	986	433	click
1370576115952	137	458	308	click
1373465783076	138	701	420	show
1373286388661	138	268	456	show
1366691311152	101	203	391	click
1370959453748	150	90	125	show
1369456025161	104	843	95	click
1367393392618	64	259	492	click
1370202997926	130	368	206	click
1369093972984	53	856	129	show
1373491551525	1	841	106	show
1371633878137	116	716	271	click
1372991369685	112	956	217	show
1372552033661	20	637	128	show
1374195530849	82	342	175	show
1373537200542	3	2	419	show
1371701673271	77	881	70	click
1372954430410	136	254	24	click
1369950195231	56	607	328	show
1367298757357	122	968	29	click
1367545627335	150	282	221	click
1367436476146	92	58	72	click
1371837354042	147	187	47	show
1371464810192	61	626	469	click
1372214445089	66	256	295	show
1367772264050	110	12	53	show
1372984724001	74	791	346	click
1372878572469	12	531	327	click
1370078317355	56	812	235	click
1369822042207	39	111	244	show
1368074387531	68	443	480	show
1368586331955	47	908	223	show
1370966827679	103	663	289	click
1368882086761	21	187	42	show
1368341758461	56	401	479	show
1368990028243	7	890	145	click
1366551915304	100	363	299	click
1370855820794	18	175	334	click
1370918903062	41	77	325	show
1370798277778	97	371	192	show
1372987060759	126	548	167	show
1369439150529	100	374	449	click
1372841511049	59	702	285	click
1368924603517	104	697	33	show
1366629575085	54	589	258	click
1367786667998	12	109	489	show
1371859587601	88	279	84	show
1366641158867	112	2	315	click
1367702906849	2	453	275	show
1368943146390	57	965	353	show
1371884407771	88	686	21	show
1369256101300	145	465	254	click
1367054382261	10	793	221	show
1367707197844	32	420	122	click
1367155889966	49	262	31	click
1366941764755	91	721	178	show
1372876112690	105	13	324	click
1371846947618	99	785	131	click
1366716441930	12	659	296	click
1367357875269	144	120	137	click
1366446100456	137	946	32	show
1370653271488	35	591	408	show
1368846245675	144	473	130	click
1370190891277	100	321	368	click
1372706028067	148	888	58	click
1368897736530	60	982	491	show
1370533416106	12	964	17	click
1372068248149	102	405	171	show
1373369793782	140	266	323	show
1369247026083	31	832	436	click
1367849086796	34	668	436	click
1368166153793	104	499	330	click
1373624750671	117	252	302	show
1368953506003	31	705	462	show
1372428866035	140	676	400	show
1367197620162	4	545	386	click
1366665182180	75	982	333	click
1370453792517	81	740	70	click
1370613220894	81	368	226	click
1371710664144	117	108	347	show
1371324175132	127	153	152	show
1371418380340	106	985	44	show
1373958193033	112	852	45	show
1369675852993	144	946	429	click
1366577023969	79	442	85	show
1373576268490	107	750	116	show
1368386125446	71	812	486	show
1370861196897	72	770	160	show
1367462622186	59	474	232	show
1369374910085	40	902	139	click
1372116216021	70	306	202	click
1367513628106	91	584	255	click
1371448733469	13	508	176	click
1373372972073	95	242	382	show
1372272476147	96	686	323	click
1366598796952	137	906	161	click
1369306567156	110	575	184	click
1372433732028	88	395	468	click
1373504924898	56	713	315	show
1372615442978	81	62	470	click
1367687894426	23	657	397	show
1373034439115	62	417	152	click
1373353990797	145	135	427	click
1373134102427	37	893	210	show
1369698927123	127	13	440	click
1369829553016	74	46	21	show
1370635773556	136	532	378	click
1372941236729	60	341	364	click
1369906777587	101	371	367	click
1370219944138	147	629	326	click
1373964677336	128	255	63	show
1368165872095	106	102	319	show
1366993286400	41	487	423	show
1366878183599	62	615	115	click
1373523176163	74	525	143	click
1367392424501	52	819	279	show
1368722344677	141	661	357	show
1366449692911	147	879	493	click
1370800920139	48	549	379	click
1371890962711	30	857	351	click
1374155673447	9	592	473	show
1369351186614	21	178	244	click
1373694562883	29	906	227	show
1372506326945	23	301	404	click
1373763360273	56	933	280	click
1369476752906	65	9	308	click
1371194047321	43	891	226	show
1369867824507	114	306	428	show
1373514146035	81	778	114	click
1369942018350	68	605	116	click
1369367062096	121	138	290	click
1373205446689	120	121	275	click
1368090832504	59	699	160	click
1368951832473	112	697	293	click
1366930281106	105	813	446	click
1367371449210	35	78	169	click
1373501233504	9	121	153	show
1371651083210	88	541	318	click
1366621058858	71	933	414	click
1368892834819	25	101	59	click
1373913125743	27	25	287	show
1371066402662	2	676	446	click
1367371607625	117	793	366	show
1371181358880	49	369	357	click
1369111242416	83	265	395	click
1369301571951	37	707	424	show
1367873115203	22	580	452	show
1371909022362	144	501	352	show
1369476314566	48	190	382	click
1369248736722	25	823	280	click
1373669774418	89	173	160	show
1371671499674	96	73	413	show
1367027101512	111	495	61	show
1368932528534	20	97	335	click
1372006849485	56	376	203	show
1370273641562	61	703	214	click
1373261747116	53	731	303	click
1373346324459	48	245	180	click
1373603541702	136	797	478	click
1373718398015	80	865	292	show
1372132941429	35	740	227	click
1366442947188	37	592	271	click
1368155244775	63	495	323	show
1369404643116	131	428	105	click
1372232214708	67	387	439	show
1367764420599	131	384	432	show
1367034999460	19	468	345	click
1370494505308	71	405	251	show
1372076579699	132	572	398	click
1370761048898	34	85	131	click
1371968207344	139	282	412	show
1372906158573	133	492	52	show
1367041454824	52	524	113	click
1372842365947	6	717	225	show
1368782952573	123	261	56	show
1371597296921	145	438	284	show
1371041174624	114	388	386	show
1373775871171	94	104	5	show
1372927871866	114	307	183	show
1371522313963	148	805	357	show
1367732858972	125	184	13	click
1369711351526	87	320	233	show
1369605861110	95	132	378	show
1367641455692	145	381	447	click
1366682498516	140	284	59	click
1370817949217	103	457	95	show
1369754753466	107	417	225	show
1373082655168	42	597	495	click
1372834813528	110	843	89	show
1366748054533	60	330	483	show
1368299391533	110	151	169	show
1372505268354	68	21	143	click
1368456929079	117	219	394	show
1368469648023	83	24	475	click
1369899353746	82	656	153	click
1367373612671	104	822	164	click
1371528202936	109	239	400	click
1367385025337	30	161	232	show
1372243254561	60	555	107	click
1370472785457	45	818	262	click
1374091129434	59	902	72	click
1368566131654	133	231	265	click
1371970270338	102	759	58	show
1368384535873	99	452	299	show
1368633949475	105	63	206	show
1370339455428	7	311	403	show
1369504694089	9	359	375	click
1369129842047	26	336	433	show
1370075474972	48	110	290	click
1366461975101	123	864	343	click
1372335444908	24	58	355	show
1366520197924	49	369	384	click
1373847027618	4	227	173	show
1373020541994	36	935	225	show
1373149445147	61	668	42	show
1368170387670	58	797	356	show
1370827506843	42	623	413	click
1371789257441	93	879	14	click
1371319575090	136	69	497	show
1367641772754	122	300	414	show
1369476965148	1	833	11	show
1369660890198	110	133	225	click
1370918834496	25	425	15	show
1372070137988	138	83	427	show
1370526214262	138	396	160	click
1371851355202	101	43	349	click
1369333360965	47	710	2	click
1366626477741	99	78	142	click
1366722467196	64	229	404	click
1367414892777	104	137	280	show
1367320287649	102	850	389	show
1372768881246	93	283	278	show
1372527616694	102	251	208	click
1374050705696	72	908	78	show
1371653769222	70	544	409	click
1373772958257	121	485	259	click
1369881869499	50	435	131	show
1370232518291	46	158	325	show
1373130997022	83	915	403	click
1371719297247	73	851	199	click
1369036848495	89	77	191	show
1369122879396	136	120	404	show
1370355586349	80	278	351	show
1370397681098	10	353	461	show
1371449160847	149	395	475	show
1372970563645	97	368	496	show
1371126207603	16	104	71	show
1367234630111	117	792	314	show
1368461526892	51	745	357	click
1372269437989	64	726	69	click
1366638188831	28	163	67	click
1372654219827	94	834	220	show
1366935701815	54	95	89	show
1373427617469	8	781	206	click
1370052751283	4	470	70	show
1370031897248	41	605	204	click
1366936117705	90	624	349	click
1369520618471	34	850	448	click
1369893652686	7	953	158	show
1373837443544	7	967	225	click
1366723095665	33	177	275	show
1369022927172	135	61	18	click
1369483058340	34	13	316	click
1367593868358	129	698	205	show
1374072369132	47	254	376	show
1368179250581	120	994	460	show
1370280784662	74	961	187	click
1373734943269	21	309	257	show
1368646680179	84	207	156	show
1367682118173	39	262	196	click
1370589870025	100	136	373	show
1369813914771	76	811	452	show
1368172891042	61	22	470	show
1373131949279	63	258	48	show
1373277882205	57	766	90	show
1367213419547	21	252	221	click
1372969265960	133	642	425	click
1369176306295	126	591	438	click
1366717642891	143	518	94	click
1369015005523	64	114	474	show
1373499379074	54	819	236	click
1370309354596	50	262	68	show
1367783782005	66	590	159	show
1371227927102	20	303	44	show
1366377210656	56	258	451	click
1373424193052	101	935	184	click
1371321277852	81	36	24	show
1368242208035	77	319	92	click
1372247335267	84	339	219	click
1372108945277	28	6	401	show
1367170798058	110	882	122	click
1371619170360	71	202	340	click
1367510422988	38	256	270	click
1368508207831	34	916	228	show
1368670102393	22	444	83	show
1366875994035	11	25	258	click
1369752792921	60	470	265	show
1367371498663	27	661	62	show
1367156516491	126	549	39	click
1372533727740	98	783	11	click
1373136629894	71	651	463	click
1369725586567	127	848	324	click
1371923426115	10	627	90	show
1373681424142	99	351	378	show
1373213772922	64	289	144	click
1367420363883	42	950	439	show
1369788463526	140	444	71	click
1373178743282	47	111	362	click
1373235143597	73	805	112	show
1370178897485	29	750	239	click
1370353643826	50	843	319	click
1372521426493	74	812	272	click
1366657353115	10	533	265	click
1370976958631	99	649	464	click
1372397206323	62	139	487	show
1366827742266	98	831	339	click
1371282168662	110	800	400	show
1368155757487	131	864	255	click
1368572029967	57	565	225	click
1369132623254	105	727	459	show
1369619119247	5	852	194	click
1370387280834	71	955	423	click
1366842201730	33	849	248	click
1372930377464	73	64	129	click
1368466409059	45	430	262	show
1368421649330	7	791	248	show
1372214553263	36	866	478	click
1369691911123	102	217	484	show
1367908670259	84	184	193	click
1373275106296	75	353	384	click
1369311351240	92	610	137	show
1371049963093	67	35	307	click
1373901497774	96	239	34	show
1367463237697	24	783	492	click
1369921450177	145	9	400	click
1368903820942	30	174	369	click
1367618429180	146	458	436	show
1372335549901	150	835	470	click
1372572921486	60	631	396	click
1367709230758	44	944	153	click
1369061803212	130	508	103	show
1373835682288	105	415	373	show
1368486790882	96	649	456	click
1373273690253	101	772	465	show
1371720305906	48	728	136	show
1370070396124	148	384	307	show
1373324214002	64	665	370	show
1371078630744	131	285	352	click
1369132495616	67	780	312	click
1368708886677	16	994	399	click
1368398872350	149	142	167	click
1370347303357	93	178	288	click
1374186399983	143	37	325	click
1367606430626	89	989	372	show
1373279635768	30	247	36	show
1371438485470	102	40	382	show
1369210333396	37	24	128	show
1371145074713	70	26	480	show
1368952862040	58	191	33	click
1366768753000	122	632	352	click
1367851808529	9	786	88	show
1366463924788	30	805	494	show
1369134862791	21	593	167	show
1367898517848	29	549	195	show
1370648721944	27	554	169	show
1368971244504	110	568	407	show
1368088564010	31	635	44	click
1373897256273	43	617	21	show
1367569796759	86	754	172	show
1374040608013	58	561	357	show
1369541435690	127	478	26	click
1371093497407	96	106	464	click
1370433948202	54	172	198	click
1370767329854	146	136	177	click
1369269414114	69	885	221	show
1368100819225	142	941	445	click
1367339376662	54	130	197	click
1367283113628	136	598	40	click
1373466883649	40	326	449	show
1367652370748	47	644	433	show
1373891461388	25	817	461	show
1366350705790	147	936	314	click
1372756417521	3	596	323	show
1372885309240	71	768	118	show
1373891431255	76	763	437	click
1368459291407	113	932	141	click
1373488203892	96	959	25	click
1372603710645	141	724	182	show
1370146088168	67	400	63	click
1371747470115	84	168	295	show
1373644090525	133	861	67	show
1368902821554	22	319	314	click
1367509336527	58	607	294	click
1367999270756	82	520	375	click
1368686118026	34	424	491	show
1367133563202	63	964	313	show
1372960260615	110	994	45	show
1372156554997	103	193	430	show
1369430362548	60	838	491	show
1372345906616	131	32	354	show
1374002799921	46	995	445	show
1373336660228	72	456	17	click
1374182042251	104	56	184	show
1367743858129	16	677	28	show
1369010332497	93	306	373	show
1372644243464	4	36	282	click
1369730419892	136	696	473	click
1367365975435	110	261	363	show
1367158479947	61	833	41	show
1373958624863	80	141	137	show
1369091193772	119	240	290	click
1368384507636	15	885	153	click
1369540073674	97	771	278	click
1368758463468	82	307	453	show
1373796348086	84	995	314	click
1369530882334	65	964	106	show
1367112576945	90	564	6	show
1366425182199	129	514	84	click
1370245077770	148	801	1	click
1370704613331	88	211	105	show
1372444566452	91	450	101	show
1372051027907	94	791	224	show
1368202433613	1	933	353	click
1369225436509	23	166	198	show
1366516436192	127	777	273	click
1371341997573	53	481	64	click
1368038560124	130	409	490	show
1373476722900	87	645	132	show
1374141664878	103	432	71	click
1366724561362	112	591	476	show
1370189349644	20	910	33	show
1371213244082	133	587	189	click
1372392157907	141	553	124	show
1367008878463	53	962	27	show
1370362589861	50	388	247	click
1371501784586	65	576	214	click
1371779191025	15	515	114	click
1367789106204	100	921	172	click
1372258348773	12	237	2	click
1373535519760	109	516	415	click
1372970682957	59	325	150	show
1368189252033	114	399	483	show
1367093576613	10	368	166	click
1370934749996	72	870	276	click
1366475327715	56	690	137	click
1372253516092	70	824	288	show
1366570998595	82	259	428	show
1372690772095	66	559	157	show
1373487262370	39	441	336	show
1369532048131	32	154	129	show
1368266145373	132	404	49	click
1372750460104	114	711	469	click
1368469787428	59	371	365	click
1368314918985	7	55	23	click
1367146339285	5	342	425	show
1371640960933	100	631	83	show
1370698056093	74	130	67	click
1371437021740	14	693	428	show
1369974451535	137	827	332	click
1372615070950	15	93	224	show
1373257204598	35	847	109	click
1366956774098	131	889	123	show
1367864542605	80	427	141	show
1371238462185	47	477	467	click
1368804358760	9	255	208	click
1371256236747	45	32	106	click
1373885166196	43	456	34	show
1367552703721	22	176	21	click
1369887977940	95	512	235	show
1373100926375	63	286	384	show
1368698829340	60	15	70	show
1369846660694	33	993	419	show
1371768235194	54	111	13	show
1373127692849	132	982	494	click
1370304699060	23	352	320	click
1373750052241	70	379	132	show
1366919105749	148	443	275	show
1372029611954	127	376	163	click
1372988909112	148	115	184	show
1368790469663	30	625	474	show
1371933290026	35	497	63	show
1366610839307	20	386	136	click
1369909423579	28	815	379	click
1366471566418	133	393	376	click
1370030950686	56	58	435	click
1367005948883	12	462	423	show
1368399469089	36	962	489	show
1366826970214	20	947	40	show
1369242322638	112	15	287	click
1367999634628	106	369	384	show
1371823964055	66	84	7	show
1373424165167	126	142	113	show
1367034912983	143	74	439	click
1374125195565	48	583	136	click
1368722041700	48	633	145	show
1373354325493	93	54	456	show
1370454944151	147	640	423	show
1366765678985	42	620	351	show
1366498260634	145	101	350	click
1368589694975	43	67	66	click
1371932378444	124	213	114	click
1370119478565	23	157	13	click
1367708526664	15	98	398	click
1368135454487	80	512	97	click
1369125439481	10	801	2	click
1366645518019	27	718	262	show
1369384776350	55	721	105	show
1368907802380	92	281	117	show
1368158469479	27	508	469	show
1367785779593	14	403	108	click
1367380464244	106	797	26	click
1369432318478	138	737	112	click
1368862716310	119	124	222	show
1369915258663	26	562	348	click
1371230143846	39	478	5	show
1370861908532	61	901	15	click
1370896720728	148	530	20	click
1374091367362	73	843	25	click
1367918984045	48	753	58	show
1368363824006	143	697	310	click
1369860371003	26	600	481	show
1370877359921	121	613	495	click
1371111372422	117	767	204	click
1370956606417	76	481	410	click
1373198127987	101	391	169	show
1367492847877	70	571	410	click
1366855747697	52	59	99	show
1370086307837	17	263	490	show
1367657363394	34	632	445	click
1369364501603	137	404	416	show
1371343965654	84	872	74	show
1371106944032	121	599	227	click
1370555963876	128	746	337	show
1369128809838	40	881	17	show
1368597651917	51	733	133	show
1368531919667	124	746	42	click
1369876499344	71	643	98	show
1373726984346	41	230	106	click
1370516455449	97	310	313	click
1373050562998	121	246	22	show
1372570064272	134	254	70	click
1371226331565	97	964	11	show
1370977653076	148	173	142	show
1368579433856	38	678	110	click
1371369855240	49	170	105	click
1367863502240	23	499	76	click
1367515330742	82	370	240	show
1372283749525	111	635	109	click
1370126047275	83	488	237	show
1373413230989	63	227	107	click
1372391941795	80	128	140	click
1372042058114	137	294	492	show
1371844479086	8	150	449	show
1373320376245	81	797	33	show
1372862859244	121	453	119	show
1366609015870	59	116	295	show
1370098578954	24	334	430	click
1367724940751	87	528	96	show
1373351867236	77	107	490	click
1374034271917	32	657	187	show
1368780041913	29	239	41	click
1372859430732	111	197	390	show
1369282092697	105	126	470	click
1368626147184	6	245	24	show
1370612387169	118	830	118	click
1366610673649	109	718	363	click
1373719489554	134	585	392	click
1369166635798	108	867	442	click
1371120884930	127	437	339	show
1368443194771	92	592	466	click
1371504101612	43	869	173	click
1373238391934	34	494	58	show
1366575227444	87	419	279	show
1373307868699	45	888	20	click
1370770894728	41	995	211	click
1369158416094	133	407	143	click
1367095616531	119	525	240	click
1370261101191	94	73	323	show
1366545762804	88	393	429	show
1372776438188	106	357	80	click
1369237478815	93	32	324	show
1366864999543	107	566	133	click
1372881376582	102	114	89	show
1370153054841	8	577	439	click
1366800081625	29	539	245	click
1373004563087	140	758	426	click
1370514315617	41	250	470	click
1373305384551	55	557	430	show
1371813415693	6	714	265	show
1367457841923	33	598	440	click
1373753084680	149	958	96	click
1373191412271	33	40	51	click
1368466229534	136	911	38	show
1368366466177	65	380	111	click
1371431952228	14	249	166	click
1371357471301	30	908	499	click
1366631034150	115	948	134	show
1371591034651	57	680	376	click
1370768110405	72	409	206	click
1370883298161	98	252	272	click
1368229464154	114	623	121	click
1368020984066	94	254	130	show
1373438693415	105	345	477	show
1367199212713	47	560	453	show
1368473227956	52	320	187	show
1371844886145	143	938	119	show
1366944736399	32	1000	103	click
1368257230240	135	781	484	show
1370018719174	95	478	2	click
1372123643528	61	915	55	click
1366555253727	69	75	23	show
1368550707675	130	941	344	click
1373062574627	147	319	359	show
1372592779559	94	551	484	show
1373741081835	138	787	225	show
1373802935625	50	442	205	show
1370079188255	45	593	59	click
1372591112262	120	694	303	click
1370575228652	42	455	313	show
1370671074346	138	234	242	click
1373278689701	46	578	145	click
1373576625223	111	377	30	show
1370965246493	29	311	97	show
1371458602613	38	744	218	show
1373961591357	4	131	155	show
1367447566329	34	916	180	click
1368453852850	98	964	146	click
1373136629749	101	423	435	click
1373739132917	16	42	347	show
1367194904807	55	380	458	show
1372458782734	44	593	340	click
1366771316190	92	615	117	show
1368455827327	31	737	383	click
1374041033811	50	380	336	click
1372698315196	122	243	118	click
1371293062026	10	448	309	click
1371734906079	63	116	289	click
1374096043234	112	571	251	click
1371048174625	10	241	260	click
1368892219905	17	986	418	click
1369606281768	99	461	63	click
1372336375480	119	792	394	click
1369361505600	131	798	91	click
1368730627472	68	349	455	show
1366900740364	103	765	402	click
1370472879385	11	52	47	click
1367409886282	85	554	365	show
1366973122887	70	522	157	click
1368598669982	48	296	420	click
1369505146169	117	934	70	show
1370491578102	149	576	56	show
1373176174282	76	221	98	click
1369709855691	134	111	208	show
1373033406340	18	545	57	show
1367493403973	144	345	32	click
1373304701733	97	697	302	click
1372096590994	55	827	179	click
1374098927729	65	100	11	click
1370375630163	87	642	213	click
1371622031959	94	498	27	show
1368014815606	26	965	389	show
1368647853999	7	253	94	show
1373930899176	19	963	351	click
1368452801318	92	229	125	show
1372917787549	52	866	181	show
1366871313034	119	70	216	show
1374135001031	110	264	321	click
1372380664541	20	662	242	show
1374057474041	32	238	215	show
1373976789955	106	297	407	click
1372224397707	30	887	463	show
1373163383810	71	389	11	show
1367979453495	18	622	453	click
1370589264924	131	369	178	show
1369702274809	142	802	363	click
1369675055583	45	34	303	show
1369848977986	39	608	76	click
1370088636238	73	43	30	click
1368534303575	61	199	370	show
1371851158374	69	345	224	click
1367478513423	125	185	35	click
1371381290290	34	305	251	show
1366855157134	63	745	241	show
1371929918227	128	462	230	click
1368021262669	66	299	81	show
1372962959204	28	695	131	show
1368184432894	17	118	458	click
1367965913457	68	944	230	show
1369167164121	127	41	474	show
1372699648112	13	224	198	click
1371569928891	118	76	247	click
1369967839885	50	60	467	show
1371891758034	89	453	347	click
1370764058080	74	126	396	click
1374132555998	114	906	169	show
1372204994504	46	665	488	show
1367690640635	125	610	35	click
1373404834580	123	459	417	click
1370117831498	24	599	77	click
1367155102047	37	757	190	show
1366744970414	35	515	91	click
1372708370443	41	95	31	click
1369507577944	20	646	247	show
1372874680177	5	394	444	show
1370159597012	72	237	74	click
1367870129124	115	660	473	show
1371210748192	65	517	148	click
1372615808003	75	56	343	click
1369969235009	125	275	393	click
1366783070798	45	269	374	show
1368803490898	25	211	348	show
1373245563003	86	661	268	show
1370873020565	47	984	277	click
1367905719328	113	278	484	show
1373358435009	29	873	192	click
1371800053488	85	241	93	show
1367679763696	119	55	360	click
1368589698636	58	182	164	show
1372445347573	98	261	104	show
1370703657393	12	785	149	show
1373394708638	81	505	66	show
1367299978695	48	432	400	show
1368795881694	80	194	62	show
1372265926055	144	783	297	show
1369620061026	28	541	16	click
1372302933156	50	820	213	click
1374102205256	85	316	185	click
1374193303181	127	953	437	click
1368825203349	21	828	281	show
1374104899800	124	808	498	click
1373585186361	135	599	139	click
1371630117690	11	16	410	click
1368813721269	84	227	42	click
1367537387483	122	346	102	show
1367048670499	76	378	157	click
1366523444730	17	359	370	click
1373918090632	52	23	439	show
1371749388335	69	332	353	click
1373529254313	117	291	366	click
1369249160520	125	627	105	show
1371758043247	109	462	483	show
1372520036109	115	790	158	click
1370433898569	115	980	77	show
1367141105132	58	825	350	click
1369884537451	143	116	45	show
1367719761953	54	295	102	show
1368842236855	9	954	205	show
1371413867793	63	255	274	show
1366679520580	111	627	194	click
1369820136307	47	652	169	click
1367701029104	95	61	33	show
1367530297643	105	698	152	click
1369238809650	75	130	321	show
1372102864859	141	638	15	show
1370340130944	73	650	287	click
1372594284583	22	671	308	show
1371020199441	41	473	267	show
1368267779848	115	174	49	click
1366858570866	59	509	413	click
1370602307342	37	54	364	click
1369480569012	7	15	403	click
1373094912281	120	714	200	click
1367233054866	35	400	37	show
1371532347313	17	103	332	click
1367518538522	54	94	201	show
1370943632663	63	629	110	show
1370244261318	62	278	201	click
1373396226262	129	535	25	click
1373196990817	2	187	311	click
1372865529183	37	983	135	show
1373247416359	104	971	53	click
1373752960371	74	218	219	show
1372846580256	77	527	159	show
1367734485865	80	454	496	click
1366632923673	127	166	219	show
1373043866297	150	710	98	show
1368898524025	142	694	95	show
1371553987257	97	952	88	show
1367621099403	22	767	213	click
1367286365851	105	65	286	click
1374014023436	84	811	494	show
1371518219464	25	700	240	show
1367863021185	4	196	299	click
1370657156752	43	617	262	show
1368824689290	115	497	73	show
1368383602060	33	778	450	show
1366580555755	78	147	197	show
1371403260403	67	67	88	click
1369992490380	40	656	243	show
1371737239934	22	961	275	click
1368398980935	69	685	281	show
1368607638531	41	419	69	click
1370167993922	120	412	66	show
1367304162519	63	627	127	click
1368364119048	119	735	198	show
1371988407216	65	996	78	click
1367306078994	138	746	27	show
1371983008600	137	999	407	show
1374033303118	66	252	469	click
1369150579304	65	953	191	click
1373233978274	92	711	127	show
1370852563605	115	796	111	show
1367722962080	88	569	500	show
1371990677972	16	144	61	show
1369210013158	66	893	235	show
1371303150150	10	834	341	show
1366748250138	108	196	113	click
1368720340811	144	280	311	show
1368156981598	116	969	330	show
1369156415064	138	302	459	show
1372833996856	32	224	106	click
1367154393092	72	726	308	show
1372442372441	70	61	422	click
1369842824207	146	814	216	show
1374084902265	53	64	420	show
1368381030852	74	667	85	click
1369537913996	137	473	462	show
1369261745510	45	370	72	click
1371867026101	60	424	39	show
1367373794225	92	333	110	click
1369979119326	72	623	49	click
1368661412789	128	793	97	click
1370180125195	79	84	430	click
1369179594842	37	258	209	click
1367533769486	110	26	389	show
1369384531958	114	183	292	click
1374082616884	36	102	432	show
1370453170141	31	363	386	click
1371967937756	41	368	359	show
1370245920136	76	238	211	show
1373305637700	121	840	356	show
1366619091605	137	574	147	click
1369577537314	109	310	485	show
1366687951999	46	165	137	click
1368909242339	53	451	71	click
1370258141385	25	663	456	show
1370319899314	116	470	63	show
1366504403162	37	657	227	click
1372560679266	52	813	79	show
1373574010910	3	237	139	show
1369656373183	147	407	170	show
1373210324201	77	233	368	click
1368644772559	54	240	62	show
1370545586186	128	809	158	click
1366707262342	66	35	53	click
1371584103306	62	865	444	click
1372906904552	142	659	444	show
1369301267444	13	781	309	click
1369203023036	88	201	420	show
1373180467519	1	877	263	show
1372922125642	62	384	154	show
1373339528602	30	520	29	click
1371218834403	126	254	468	click
1366432441386	94	870	371	click
1373120256546	101	707	450	click
1370956695932	131	328	147	click
1373790751252	37	89	334	click
1372772346346	129	80	56	show
1372172674052	1	913	25	click
1366531289163	28	434	331	show
1371646639028	84	681	171	show
1368158980235	48	91	357	click
1367336412709	14	508	208	click
1370037424392	129	310	320	show
1369197654829	50	31	167	click
1372650934439	23	216	419	show
1370205090125	101	196	241	show
1373155250749	147	837	218	click
1371274884387	110	188	388	click
1369697605285	108	393	310	click
1369294126588	144	785	368	show
1367133464753	132	407	399	show
1372491529364	64	920	80	click
1368903275135	9	850	491	show
1369036394031	37	40	392	click
1371641828267	14	318	462	click
1371544821668	62	941	189	click
1369903964035	99	207	326	show
1372792326690	66	984	455	show
1373808508365	142	481	71	click
1368280053802	15	50	69	show
1367321451389	82	282	464	show
1369747030423	12	906	29	click
1370163779660	61	421	271	show
1371133492337	102	423	178	show
1367022964655	146	708	55	click
1368256702992	66	921	476	click
1369567194532	31	119	452	show
1371563141825	34	677	264	click
1372886866713	113	131	269	show
1369043306706	40	754	373	click
1371064025557	138	212	16	click
1369083848648	7	199	186	click
1371566433836	3	427	249	show
1371320536731	15	201	474	show
1368941405943	74	37	83	show
1366406940955	49	104	31	click
1367068516536	150	535	251	click
1372947150378	3	957	271	show
1373098324592	98	22	223	click
1373916945351	3	348	451	show
1372402090229	81	147	419	show
1370686198413	9	430	423	click
1368229553049	34	797	255	show
1370754817278	63	760	442	show
1369998759310	38	962	219	click
1371454103253	8	221	368	show
1369059543050	29	142	202	show
1373729266218	89	937	272	show
1366758724306	21	998	329	click
1371375287378	71	807	144	click
1368954659778	132	978	83	show
1370540379479	81	242	235	show
1371314225732	60	919	291	show
1372659591393	128	225	224	click
1372345877707	99	508	488	show
1370009479550	47	911	273	click
1370927821245	28	382	448	click
1367454794810	62	391	187	click
1371796216738	47	450	292	show
1372286834589	45	305	284	click
1371448497508	19	942	322	click
1371062209021	19	918	371	click
1369598997914	119	771	418	show
1367956077862	126	729	37	click
1371467253869	26	842	493	show
1367988150852	5	873	36	click
1372717353438	31	798	431	show
1366767776617	24	498	76	show
1370656611815	58	392	181	click
1374158746759	124	761	34	show
1372562235921	76	419	175	click
1369990792351	8	356	226	show
1370714844040	113	164	177	click
1373435733166	13	852	47	click
1371648186902	76	930	21	click
1369185164944	119	440	283	click
1372008428890	95	815	180	show
1368203450492	37	846	18	click
1369477848576	68	836	321	click
1372108140679	32	548	312	show
1371507060364	44	274	417	show
1372927043245	32	711	316	show
1372834226234	95	21	193	show
1372794416492	32	39	388	click
1372797374023	64	719	103	click
1374190471369	60	898	25	show
1370975164070	82	582	29	show
1372959036663	12	751	388	click
1373017127519	150	147	256	click
1372241203394	127	231	328	show
1371246745365	130	551	401	show
1368796851450	37	192	28	click
1373350907760	125	192	67	click
1371045113501	138	127	198	show
1368677150357	126	37	472	click
1367441927771	98	82	292	show
1367287763417	58	527	126	click
1372060655482	112	736	301	click
1370187923943	120	826	499	click
1367522795069	79	30	155	click
1374069340918	46	908	447	click
1372172591869	6	769	47	click
1367308955551	63	98	98	click
1367363316363	55	563	452	click
1370815491041	75	513	417	show
1367533057359	116	214	211	click
1369474755605	133	661	466	click
1370585460098	28	539	480	click
1372365854551	126	908	349	click
1373249815445	115	726	314	click
1366560005397	55	725	299	show
1367223908678	53	516	421	click
1370390576359	149	340	389	show
1371947193177	36	471	135	click
1370387707179	141	154	386	show
1372512266599	149	538	88	show
1367762050793	44	469	101	show
1367919765015	135	145	495	show
1370869893723	45	103	296	show
1373203059508	83	661	214	click
1368791559086	88	237	51	show
1374012126423	105	572	352	click
1372936848533	130	485	184	click
1366655355136	68	614	131	click
1371624548021	141	989	144	click
1372007205892	143	199	458	show
1371112716119	66	348	85	click
1369090257796	7	752	116	show
1366685152964	7	449	16	click
1372773521467	47	403	275	show
1367267046330	24	254	354	click
1367153000024	4	985	349	click
1368357769090	34	574	205	show
1369605929360	17	440	335	show
1374065903140	97	816	230	click
1368975034870	50	895	341	click
1367611007786	131	895	384	click
1370069547825	106	674	416	click
1369905991679	35	322	124	click
1367936594338	42	433	365	show
1372402683652	144	685	132	show
1371543100495	86	855	97	click
1372403168934	21	613	281	click
1373996310088	88	142	15	show
1372635504175	35	317	423	show
1368355333637	133	424	291	click
1369526354531	123	245	96	show
1367165532763	100	149	352	show
1372051601954	40	994	72	click
1368577328296	103	861	79	click
1369585709267	23	691	498	click
1373414515742	81	404	316	click
1368096413521	33	347	329	show
1369784848582	81	595	175	show
1373986109966	98	396	437	click
1370733101433	141	443	217	click
1373283471499	86	673	154	show
1371281519285	64	541	231	show
1367759386354	48	579	303	show
1371454357738	112	995	50	click
1370953428334	146	285	494	click
1370165174261	46	53	5	show
1366510696212	17	884	442	click
1369753468159	47	252	165	show
1368454408776	95	573	80	show
1371243636408	105	996	136	show
1372791974627	27	305	421	click
1371110676425	121	923	299	show
1373700282957	43	262	293	click
1367806621434	22	388	432	show
1367342636400	130	424	203	show
1366629069837	26	478	374	show
1367779552237	70	351	120	show
1367684654669	27	128	123	show
1373251732476	42	476	3	show
1370809940816	16	914	192	click
1372993221607	2	30	341	show
1373581350242	21	160	158	click
1372152646059	58	522	142	click
1373447110824	87	36	318	click
1370875640334	4	498	465	click
1367854662493	128	26	315	show
1368416897671	21	81	154	click
1367724508414	16	581	193	click
1368443295074	35	632	307	click
1370866372620	74	77	390	show
1371145750687	29	67	14	click
1367096277032	150	237	29	show
1369896541713	66	450	337	show
1367115061503	34	414	498	show
1370471822240	66	162	101	click
1369767585276	51	415	307	click
1370915726164	130	222	371	click
1369262721434	32	783	424	show
1368969236041	49	296	71	click
1370600893825	45	595	198	click
1373622444339	104	115	267	show
1373422431187	53	249	15	show
1368108741674	117	975	256	show
1367196104392	38	836	404	click
1373307501518	73	871	392	click
1367177985269	24	804	298	click
1367982861350	28	225	230	show
1371447369516	10	26	185	click
1370763058618	99	275	342	show
1372308994596	82	920	428	click
1372532837713	29	451	448	show
1371689450898	7	107	186	click
1373599464558	67	476	42	click
1370819480062	128	482	214	click
1366726126385	94	521	90	click
1368335014122	47	683	343	click
1371811353560	84	766	110	click
1372682205751	49	341	383	click
1373977902732	146	533	87	click
1374055214242	32	407	410	show
1369941491811	62	712	445	click
1366752401804	78	477	154	show
1372339239898	3	645	340	show
1372990500465	121	98	331	click
1367398295456	129	347	133	click
1367251054194	145	718	280	click
1366579321230	21	197	408	show
1372338757112	98	239	492	show
1372836753516	129	307	435	show
1369082676866	66	666	163	show
1367813813506	81	715	365	click
1372081220884	91	652	174	show
1370734899150	112	366	298	show
1372161073551	142	32	302	show
1367309642962	44	616	41	click
1367354988313	11	163	14	click
1372978946678	49	329	269	show
1367152849492	141	955	58	click
1368823462308	20	732	149	click
1367611311164	133	142	170	click
1370051814910	93	457	469	click
1374063344351	40	390	211	click
1372441674942	58	407	476	show
1372183144142	87	172	54	show
1373879210530	137	36	253	show
1371465525652	122	309	381	click
1368940150243	32	361	141	click
1371012539647	100	169	155	show
1368310840752	39	335	306	show
1366514670509	77	590	52	show
1369677609783	135	105	34	click
1368517561120	136	39	44	show
1366866041312	33	772	447	show
1372863500636	60	835	158	click
1368396566944	94	931	387	click
1371122485127	70	354	293	show
1368067135386	36	307	443	click
1367905208177	99	833	74	show
1368711508933	70	597	315	click
1372882017078	2	980	409	show
1367376403482	138	671	306	show
1372515108039	85	163	117	show
1373004905287	38	309	100	click
1369749905015	73	178	287	show
1370183796125	24	35	91	show
1367402288158	14	199	328	show
1367953918986	117	850	151	show
1370237237211	13	996	186	show
1369143978533	93	118	349	click
1368234405984	126	92	200	click
1370040884560	73	28	110	click
1372019647101	138	150	357	click
1371905273131	58	91	295	show
1366677270746	26	266	330	click
1372217203265	103	343	143	click
1372138422943	106	514	267	show
1372399936704	71	855	74	click
1367938360632	92	994	465	show
1367847061779	50	117	143	show
1369460782150	40	261	290	click
1366488833800	7	926	28	click
1372525289808	135	157	27	show
1373390727811	15	616	1	click
1368070120381	49	774	392	click
1372593533241	133	449	12	click
1371570871302	136	283	264	click
1373622909221	53	938	153	click
1371826747440	130	864	135	click
1371365042424	93	421	300	click
1366866930677	126	560	372	show
1372601991113	89	670	41	click
1372304248805	22	181	354	click
1366752146695	19	846	382	click
1370300938641	76	330	442	click
1371422203397	4	697	487	click
1371249539178	30	274	417	show
1367295157761	148	158	366	click
1368456521816	120	517	38	click
1371480355828	23	560	243	click
1368204579558	7	23	194	show
1372806797394	76	415	222	click
1368875630485	96	681	105	click
1371478136215	143	810	290	click
1371138919425	43	84	176	click
1369803927803	118	551	351	click
1371730004156	99	820	140	click
1374096429712	66	300	30	click
1368793183915	18	569	376	show
1372291041432	49	79	246	show
1367635426998	64	511	477	show
1370469755417	87	196	497	show
1372274384850	125	961	497	click
1372523602521	31	40	348	click
1367471190886	4	967	357	show
1366850840795	57	696	488	click
1366495260782	64	388	232	show
1370336324972	23	38	265	show
1372773209833	96	824	397	show
1372881613482	1	508	149	show
1368517154398	116	178	63	click
1372204479949	137	230	85	click
1371132489813	112	691	315	click
1372538635961	9	466	234	show
1373887179557	57	962	192	click
1374052425446	53	117	332	show
1369638936779	33	593	308	click
1367355366468	146	676	96	show
1371618204061	95	217	185	click
1371869505646	101	196	188	click
1371270586436	41	570	18	show
1368971327513	69	404	39	click
1371713028222	127	517	231	click
1366510858813	112	306	136	click
1372752692269	123	896	294	show
1367892530812	122	879	218	click
1368754743393	2	251	266	show
1373545673115	37	150	317	click
1369125514390	38	811	327	click
1372610277296	124	17	373	click
1370752305478	11	684	413	click
1368463075963	66	965	131	show
1373175610170	117	794	131	show
1373073753981	39	737	27	click
1368043142100	114	109	60	show
1368660012239	91	601	384	show
1368411910575	86	289	321	click
1369588923630	147	45	306	show
1366762568013	123	614	430	click
1373186586357	146	930	320	show
1371228512501	79	814	422	show
1373122379953	34	403	183	show
1371150652554	79	947	265	click
1368769429961	6	427	4	show
1371038936773	95	605	349	show
1368954265189	50	952	168	click
1372043976275	69	506	249	click
1366767267724	4	957	192	click
1372860327075	61	49	325	show
1367281432783	146	294	453	show
1369339351218	80	601	32	show
1373751353064	1	660	112	show
1369818411938	123	44	268	click
1373190786835	60	722	366	show
1369774457734	57	766	305	show
1368554297952	124	766	340	click
1372860765443	23	192	312	click
1366594327035	1	211	151	show
1373528392610	71	118	248	click
1372393655437	90	266	220	show
1371799913591	9	872	71	click
1366846921541	75	623	405	show
1369872223556	121	553	14	click
1370116305235	89	157	235	click
1369892641664	139	793	129	click
1370489915265	20	173	151	click
1369173272865	70	471	262	show
1372878302186	117	516	322	show
1371674912818	49	127	256	show
1370024339163	113	775	175	click
1373063797144	84	625	275	click
1373453926932	86	959	405	click
1367184873565	104	426	29	show
1366954049667	105	655	346	click
1371107458382	132	134	351	click
1372122378768	46	448	236	show
1371783957726	136	961	16	show
1371005676853	125	115	425	click
1367659241654	124	143	371	click
1372608876273	145	640	243	click
1366860253636	64	79	497	show
1373596267446	29	850	476	show
1370480484630	71	958	425	click
1370538452041	93	788	223	click
1367712231444	132	300	68	show
1372535980327	74	333	369	show
1368004312139	28	80	373	click
1368725427164	38	336	95	show
1369842290943	30	310	102	show
1372231516859	24	697	142	show
1371083734198	85	855	148	show
1373751659925	101	693	265	click
1368266457994	75	981	128	click
1367728494608	96	293	361	show
1367525367443	54	798	238	click
1370614942178	25	297	285	show
1367379657852	143	488	227	click
1366501496284	51	650	151	show
1371254124993	19	990	87	show
1367531073984	95	254	12	show
1371706308016	119	987	410	show
1371037457730	12	52	276	click
1373388828843	118	886	313	click
1367246020894	54	815	167	click
1373838579057	82	752	14	click
1370904946154	56	479	99	click
1369522540143	149	482	114	click
1367544068087	87	656	325	click
1373073436751	38	402	249	click
1368229512246	70	191	458	show
1368785588237	112	314	335	click
1370862310625	48	793	105	show
1367711045469	89	694	167	click
1367676035594	40	631	22	click
1374135001425	118	887	352	click
1366616675019	110	600	437	click
1369411388785	72	141	132	click
1370926912547	84	577	110	show
1372621617513	56	623	66	show
1367017046885	14	166	39	show
1373762877817	139	161	241	click
1372039343725	106	61	443	click
1372669249570	117	977	349	show
1370716969840	33	855	332	show
1369198294386	98	306	467	show
1366358369683	150	87	324	click
1368916372530	49	734	395	click
1368716232173	35	206	451	show
1366918720235	102	450	190	click
1371947021507	146	452	123	click
1373029732471	51	675	86	show
1372098672592	117	989	84	click
1373578294713	101	89	23	show
1366500669647	53	510	313	show
1374051834870	88	198	77	click
1366414766724	52	100	473	show
1371668010263	46	22	355	show
1369719242523	98	619	64	click
1369512337423	2	967	120	show
1367169798638	10	626	283	click
1373468662944	95	311	18	click
1370609457917	62	864	315	show
1372980197581	45	836	287	show
1373603054504	136	436	194	show
1367284981939	108	538	38	show
1371433227776	120	286	406	show
1369602854001	29	625	115	show
1366561079101	36	475	443	show
1372110987894	33	557	400	click
1369203896944	138	367	327	click
1366700210676	42	39	201	click
1369333343540	80	395	382	click
1373972680370	148	72	427	show
1368540169420	49	358	202	show
1368848337732	46	576	397	show
1367848694286	48	276	115	click
1368885287887	19	656	353	show
1371171269701	73	464	414	click
1367534024459	58	945	216	show
1370697368145	71	843	364	show
1371423460815	58	393	339	show
1373221327027	113	365	131	show
1370310398542	47	803	177	click
1370510326136	17	315	199	show
1372105178726	12	996	403	show
1371047206903	115	509	210	click
1369992879722	32	592	414	click
1369869122654	39	962	291	show
1373894753297	59	703	128	show
1370862783271	126	114	490	click
1373861335913	14	348	12	show
1372793159727	34	769	405	show
1373545330850	78	676	489	click
1366402713286	139	62	419	show
1366743200012	75	668	343	show
1373027432326	50	821	105	click
1370713231974	131	332	364	click
1367725261811	73	959	187	show
1366433344489	31	137	167	show
1370626982437	75	914	416	click
1368515975274	101	493	173	show
1370733000351	99	37	337	show
1372901452464	82	146	10	show
1371862195018	2	258	409	click
1373639005041	10	691	21	click
1367148185572	28	882	71	click
1373971786373	144	714	464	show
1369834473714	134	788	411	click
1367040665120	101	904	180	click
1368189163860	68	303	99	click
1369038680783	97	880	37	click
1371155440110	143	260	255	show
1367279837248	15	76	191	show
1370547268338	92	241	284	click
1371853454026	6	866	87	click
1371463040294	41	963	344	show
1370858393557	148	435	367	show
1371422729492	148	968	380	click
1373246135466	111	198	127	show
1370318219575	46	154	98	show
1371672092442	123	90	84	click
1371546764441	108	110	467	show
1371229911009	6	12	110	click
1367223504152	110	106	273	show
1369796533394	88	971	438	show
1366350742059	41	856	128	show
1371851962766	113	791	250	click
1370445304794	112	544	485	click
1367414593219	138	996	386	click
1368246201094	145	170	188	show
1367810417955	119	863	114	show
1371413876908	140	188	179	show
1370710038507	31	200	174	show
1372931734357	24	874	483	show
1372992137462	103	562	70	show
1368507720148	149	30	239	click
1374142003070	47	197	497	show
1372136908491	37	836	330	click
1368285153452	79	94	268	show
1366590858153	6	191	402	click
1372833783002	30	722	200	click
1368059914629	3	282	351	show
1368693713622	35	786	238	click
1372151209579	9	585	84	click
1368674179967	76	182	189	click
1374068288315	123	408	472	click
1372786713055	73	571	79	click
1368535514268	133	874	329	click
1371915200047	120	634	428	click
1370318075567	84	196	211	show
1368519815069	60	495	430	show
1366569455011	12	201	197	click
1371609557243	142	351	127	show
1369946869895	84	667	415	click
1367493392048	106	649	145	click
1370399388547	29	211	152	show
1370645166330	129	226	139	show
1371073468379	138	925	102	show
1367697232927	42	778	256	click
1367253006829	49	418	376	show
1367996131782	6	787	10	show
1371202378094	4	779	6	show
1372248792876	9	703	426	show
1372139955924	36	823	418	show
1370691557096	76	728	496	click
1372111181123	112	819	186	show
1371500121315	138	677	366	click
1371890604433	84	863	275	show
1374152821681	112	427	476	click
1370015404380	78	167	213	show
1369233031180	105	877	345	click
1373705554414	30	275	76	click
1373040571245	64	415	108	click
1369419883566	113	308	436	show
1366661558996	9	81	240	show
1367387512134	95	573	370	click
1374139231167	118	315	96	show
1370566769181	52	87	51	click
1372441643913	143	68	11	click
1371719502962	13	490	478	show
1371700367827	79	50	76	show
1372013437890	94	822	264	click
1368907430463	43	662	330	click
1371313774805	143	723	202	click
1372145430185	74	947	7	show
1370648236356	32	938	456	show
1371803159296	69	529	267	show
1373836470596	112	31	433	click
1368741736048	44	441	412	show
1369605120543	9	286	166	click
1371993217284	61	57	255	click
1367120464213	31	232	50	click
1374173324793	51	462	258	click
1373637227946	66	417	33	click
1373350984942	77	236	178	click
1372583942282	135	592	410	show
1368953830205	124	691	309	click
1367748313703	46	296	441	click
1367418689354	12	788	191	click
1367127439811	18	616	493	click
1366975313139	112	729	50	show
1366393568882	22	849	17	show
1366792198159	1	258	303	click
1370780587647	83	225	193	click
1368573417459	70	701	339	click
1368809388220	2	580	438	show
1367621182771	96	129	399	show
1373142423499	49	463	346	show
1369782586405	2	432	1	show
1370050944247	15	89	259	show
1367208308246	76	969	225	click
1369789521752	148	880	120	show
1369173475113	33	15	440	click
1371882795010	142	434	344	show
1368043027677	118	227	369	click
1368638546862	10	368	298	show
1370964194349	111	342	143	show
1367037397788	18	198	271	show
1369050129820	70	428	139	show
1373300309772	41	194	493	click
1373252534256	76	703	96	show
1369847141807	141	817	151	click
1369015763553	86	666	422	show
1373757879719	13	784	456	click
1370571101049	37	640	288	show
1371642744318	13	428	281	show
1371509786883	101	98	157	show
1366815539240	34	283	487	show
1371528346340	20	504	203	show
1368643365902	52	494	299	click
1368579411784	66	574	98	show
1370410033297	94	746	43	click
1371421271413	36	902	142	click
1366913472020	89	503	75	show
1370456048286	13	941	327	click
1369732949715	133	472	229	click
1366863793110	62	368	408	show
1369277637927	16	270	34	show
1372914749647	118	755	204	show
1371242444876	93	27	139	show
1367980462513	116	77	211	click
1366715109093	71	750	17	show
1373320975131	115	272	300	click
1369921115576	46	306	305	click
1366970609493	11	333	346	click
1373424377003	17	1000	161	show
1373169935106	44	689	78	click
1370806449970	23	167	408	show
1367987163278	124	409	37	click
1368830883056	113	140	448	click
1366439935575	139	368	275	click
1367812087174	123	848	412	show
1368827795364	84	266	234	show
1372458348944	131	977	229	show
1373214173014	90	413	226	show
1369063965684	93	420	419	show
1372938415828	19	387	224	click
1369254465983	81	111	409	click
1370126076383	67	116	328	click
1368047520515	93	873	347	show
1368873773706	49	687	448	show
1372682589849	100	844	481	click
1369793626716	138	20	132	show
1368406458918	70	853	394	click
1367284327937	1	142	101	click
1372306524309	137	816	348	show
1369683102838	134	232	290	show
1369810338278	75	102	452	show
1368834479088	24	975	87	click
1369860623925	29	826	190	click
1372978146250	60	145	13	show
1370864307280	137	529	141	show
1373473154161	75	36	431	click
1369979997156	149	821	190	show
1370708761957	148	824	140	show
1367045467778	98	400	138	show
1367394197584	88	307	1	click
1373730148924	105	12	219	click
1372788322338	150	154	77	show
1367735130905	106	923	79	click
1366378796169	129	253	110	click
1370335229498	90	778	445	click
1373295303490	50	549	330	click
1373703169151	91	183	150	click
1367910801515	133	79	500	show
1368567637246	139	452	124	show
1370606940176	115	498	444	show
1372236185188	44	362	312	show
1373443422634	20	244	83	show
1373304991852	73	178	204	click
1370230145874	113	551	196	show
1371454734991	121	952	462	show
1369452597396	42	820	391	show
1366651272339	46	798	286	click
1373780958513	28	612	15	show
1373934728422	74	531	120	show
1368230231690	114	561	483	show
1366582453293	104	470	258	show
1373445450384	146	617	381	click
1373541147410	92	425	271	show
1366687598377	124	682	141	click
1367678542218	60	992	65	click
1374054510311	62	110	368	show
1371131973759	135	70	308	click
1368433351918	98	57	210	click
1368342122113	93	845	414	show
1370531670721	19	29	329	show
1368828082564	139	171	482	click
1366363894678	20	797	398	show
1366574199889	90	718	415	show
1372394723295	44	357	301	show
1370539122995	14	95	299	click
1369469799763	141	275	54	show
1373912019447	73	62	241	click
1366536868803	109	180	405	click
1373649067848	84	151	181	show
1369298021732	117	702	9	click
1369573628290	61	983	44	click
1371726877818	120	320	4	show
1372142766716	109	464	100	click
1370861224971	97	105	483	click
1369306032640	45	649	416	click
1370672644473	48	594	359	click
1368160971407	123	93	188	click
1369836706352	40	448	84	click
1373855522371	54	938	13	show
1368545633128	118	218	203	click
1367230741272	87	78	199	show
1370038493891	142	417	12	click
1366955572242	48	531	208	click
1373974149214	106	950	162	click
1372523887244	121	465	166	show
1366761627098	139	11	208	click
1373699309208	58	842	377	click
1370781236099	27	946	186	click
1369329449943	79	825	125	show
1367824341003	137	493	225	click
1367655325734	21	900	183	show
1371378432416	79	555	382	click
1367783356833	7	98	482	click
1369840889271	70	782	74	click
1370866072244	8	951	15	show
1368239949610	86	184	375	click
1366906077312	9	697	152	click
1368607224886	81	943	220	click
1368664757656	119	849	453	show
1366989039500	144	920	29	click
1369079046927	95	968	111	show
1373841016047	19	889	55	click
1368065530645	68	546	210	show
1367416538568	107	603	401	show
1370101683563	57	758	124	click
1369514265315	63	687	493	click
1372059159160	121	408	450	show
1367838704890	117	758	243	click
1371140592872	115	448	218	show
1367697637025	96	967	216	show
1368532824683	44	725	28	click
1370867425980	134	581	489	click
1369764368541	17	610	489	click
1366674163786	105	744	267	click
1369637983070	46	532	59	show
1367518418739	117	875	136	click
1367045214576	30	37	320	click
1367647496721	27	255	196	click
1373846701710	71	314	345	click
1370521175746	26	912	45	show
1371408174845	129	763	349	show
1367541825289	61	58	191	click
1369217018994	108	986	151	click
1367548359175	121	468	314	click
1366501896195	126	774	435	show
1371319399979	133	326	450	show
1370006747122	147	562	426	click
1372485540494	135	484	81	click
1373040661907	33	99	308	show
1373974559925	106	387	52	show
1369999020858	76	875	340	click
1370823099758	47	841	121	show
1367471264999	102	124	481	show
1373118307768	115	961	147	click
1371181691609	20	165	264	show
1368562608028	141	586	273	show
1367131798544	65	983	416	click
1366485206700	55	466	466	click
1368038249492	29	329	335	click
1366895620438	112	890	43	click
1371396379418	92	297	461	show
1366640949694	8	610	36	show
1372332490078	56	375	97	click
1370537197748	83	347	324	click
1370122003963	77	514	237	show
1373999159441	87	388	177	click
1374054133367	62	350	257	show
1367484799068	24	647	359	click
1368076208156	118	615	425	show
1373799151596	3	709	312	show
1373263742140	47	129	163	click
1369232656440	53	328	144	show
1373387171100	2	25	384	click
1366671544265	23	820	410	show
1367582095848	113	822	29	click
1373075911073	145	305	152	show
1366680758172	137	579	190	click
1367406092321	38	295	128	show
1369797514798	95	617	478	click
1371984326881	97	231	44	show
1370820291634	49	420	439	click
1372982840082	97	54	18	click
1371665124100	70	401	462	show
1367717745273	21	412	335	click
1373916845606	132	17	85	click
1371982780730	85	656	73	show
1366727419656	27	317	158	click
1371225624706	36	41	491	click
1368486992919	116	806	92	show
1373746454838	108	718	439	click
1373122547421	96	821	38	show
1372386656822	38	80	474	show
1371512240743	45	929	398	show
1368432948610	90	317	164	show
1366532342022	32	886	179	show
1372771880339	32	204	144	click
1373631596945	89	27	213	click
1369068932877	53	647	94	click
1370232802468	40	621	461	click
1370398603478	64	917	500	show
1372578768716	76	788	405	show
1370251863752	147	461	388	click
1373646057021	108	892	72	click
1366742518725	140	657	27	show
1372917905249	137	451	311	show
1367231092902	6	149	19	show
1373131959800	92	851	412	click
1366807083830	18	876	9	show
1373415327881	106	589	479	click
1372627702082	65	324	344	show
1372945394437	71	810	272	show
1370614943301	87	24	24	show
1367264485467	74	97	314	click
1372260532354	74	58	283	click
1368274785863	98	863	241	show
1369671881956	20	896	397	click
1371555709160	121	354	290	click
1369861962649	32	540	265	show
1366901354544	78	803	430	show
1369846241148	139	880	358	click
1368056016911	39	669	221	show
1372913284686	115	226	484	show
1368362431199	106	262	296	click
1369525749851	127	900	230	show
1373850408987	50	625	323	show
1372033261216	49	565	276	show
1368708488368	15	398	324	show
1370048660079	11	843	201	click
1368760871650	15	544	260	show
1372363834435	46	736	225	click
1370514133139	18	363	184	click
1369135370264	92	308	352	show
1372305369655	35	445	53	click
1370174084003	102	636	132	show
1366695875550	29	618	259	show
1366658710410	28	187	337	show
1370024689161	49	923	173	show
1372476085993	57	715	414	show
1368165944859	101	998	351	click
1368868948554	68	689	327	click
1367460115861	33	519	126	click
1371100165791	52	632	158	show
1369297614401	102	786	3	click
1371675445990	1	911	173	show
1372028889937	45	408	236	show
1366429411411	88	342	72	show
1370324323954	143	636	85	click
1370708503609	44	390	241	click
1373395147046	42	258	275	click
1366769303077	46	22	106	click
1371713410859	46	289	362	click
1370270499286	142	872	487	show
1371023562091	102	689	79	click
1367494665641	34	104	230	click
1371260762579	86	551	475	click
1370747353866	130	478	70	show
1370449857426	14	527	365	click
1372347484343	115	282	188	click
1371268911002	62	579	90	show
1373166701952	5	499	309	click
1368688586019	24	490	15	click
1366637753972	98	686	75	click
1369839073067	115	500	37	click
1373900747880	138	104	143	show
1372971894803	67	128	12	click
1371823441744	96	587	498	click
1371821666758	81	578	248	click
1371902933579	121	794	380	click
1372051487749	120	787	334	show
1366984148779	40	321	343	show
1373014787738	142	146	109	click
1370153891534	62	382	272	click
1373413768259	12	123	498	show
1370681332024	22	520	397	show
1370258608916	72	671	391	show
1368817939194	8	342	312	show
1373524958220	74	335	329	click
1368013802639	137	466	310	click
1371925550069	50	729	430	click
1367352274844	71	5	155	show
1370498212555	17	343	302	show
1372457428054	107	631	337	click
1369729828880	101	438	255	show
1367341426998	18	530	289	show
1367473578140	147	404	300	click
1369775115564	141	643	414	click
1369101986830	68	808	410	click
1367865557868	74	297	222	click
1370628438628	117	190	24	click
1367033747390	17	48	189	show
1369672665295	117	551	88	click
1368141210509	100	513	9	show
1373034630509	13	969	388	show
1372858255507	90	260	415	click
1372518750949	114	222	189	click
1366437975060	100	655	181	click
1369686001922	46	393	329	click
1371286586926	92	701	297	show
1373551997833	130	966	2	click
1372007959404	71	526	51	show
1371845832846	112	141	323	show
1372170391415	36	297	181	show
1371754224582	23	11	92	show
1371328928622	49	218	483	click
1366885971280	70	489	257	click
1366548507825	75	342	380	click
1369679872995	144	935	276	click
1367510653116	7	976	209	show
1368285011007	83	833	237	show
1374115499112	111	852	61	show
1369728103137	3	467	292	click
1366497239165	97	184	398	click
1367942424107	28	814	257	click
1366985478891	58	671	275	click
1371702479188	56	533	171	click
1368591287843	45	497	432	show
1367166996336	70	929	338	show
1368843868400	74	184	90	click
1369773810654	11	610	53	click
1371752509750	2	888	154	show
1370200216872	90	296	470	show
1372283398893	105	69	71	click
1367840255362	140	222	99	show
1368442464214	28	597	436	show
1370042996508	133	1	447	show
1372957017701	90	902	178	click
1373816223318	4	818	473	click
1368332376790	117	840	156	click
1368705994505	29	880	107	show
1371245267921	94	693	15	show
1369399325325	3	878	246	click
1370654101104	106	579	305	show
1371380259704	130	338	124	show
1373144199942	135	352	470	click
1369364213247	122	331	358	show
1369320315251	97	823	280	click
1368692296924	10	576	374	click
1372212643463	88	81	240	click
1369209649216	26	889	152	show
1374086169117	76	792	150	click
1367463136060	22	325	30	click
1373171782531	91	809	391	click
1367332202793	128	979	377	click
1368353848850	36	139	441	click
1372888430539	121	54	446	click
1369772303152	9	795	406	show
1371135350595	133	853	56	show
1368397222936	35	354	463	show
1373032585026	38	810	207	click
1369109097417	5	360	41	show
1368972885049	40	387	206	show
1369155861017	25	61	113	click
1369590688326	14	902	21	click
1368912432821	6	624	272	click
1373816177104	146	54	41	show
1368389772386	26	43	223	click
1372241234546	24	761	255	click
1373228572591	34	751	95	click
1367154842618	46	650	102	show
1370470413255	35	522	52	click
1370094300635	121	379	483	show
1369147848085	8	878	208	click
1371374443416	100	278	293	click
1372734424655	147	279	393	click
1368417256653	12	350	224	click
1371139821024	50	49	45	click
1369793506199	45	482	219	click
1367141525413	95	956	389	show
1371655028685	63	820	203	show
1370040224940	104	455	252	click
1370112008320	12	567	411	click
1369468802130	145	16	447	show
1369332936137	138	890	377	click
1370940941337	31	972	164	show
1370905610882	15	341	156	click
1369253839153	93	46	95	show
1368401041841	4	213	272	click
1372560821736	77	861	301	click
1370958271825	122	304	3	show
1373837844261	88	701	8	show
1369654234527	9	404	171	show
1370374687773	16	110	149	show
1372608225431	69	745	153	show
1368077199469	118	97	31	click
1372994901176	120	519	256	show
1370477698578	130	411	139	click
1373927057353	64	13	212	click
1370141514643	114	437	500	show
1370064686177	64	28	46	show
1373822388104	10	663	187	click
1371505401541	61	799	7	show
1368596051698	50	958	318	show
1366972664145	23	214	56	click
1367109695576	127	379	211	click
1371371655657	104	937	248	show
1367385609608	73	635	428	click
1369679080412	134	123	265	show
1372320307857	114	664	389	click
1374087263295	117	534	237	click
1370582714620	5	369	87	click
1373559512763	83	748	336	click
1371139345163	49	292	466	click
1372678021383	145	46	455	click
1366604449303	48	910	369	click
1367958754213	111	177	413	click
1366570795569	31	880	483	show
1369200898164	48	304	46	click
1366917334613	35	131	171	show
1373291642780	25	351	258	show
1372712913434	20	239	496	click
1366670604650	34	809	71	show
1367557551147	123	296	341	show
1369925654351	71	168	356	show
1367387883685	86	265	172	show
1372619126523	57	519	24	click
1372804543304	131	493	195	show
1368160493686	99	884	328	show
1366392679621	120	788	498	click
1370463458218	21	162	87	click
1371473142175	65	904	398	click
1373970846504	69	375	64	show
1369135069402	25	389	72	show
1367077833289	117	114	153	click
1367450883921	96	311	44	click
1372270687988	122	772	390	show
1366671649202	49	760	209	show
1367871931599	107	344	390	click
1371906587201	131	23	270	click
1367418370699	51	262	402	show
1370236235953	48	504	354	click
1368240955629	136	135	4	show
1374141646461	86	643	216	show
1370961012819	102	699	490	click
1370187576120	115	213	257	show
1368259461012	20	716	329	click
1370488077058	107	412	365	click
1373393990183	12	798	497	show
1367027064522	1	204	90	click
1371854400714	63	947	325	click
1371812239150	54	169	330	show
1366563349416	30	25	417	click
1370329254498	3	219	13	show
1372096924643	15	253	180	click
1368864356029	8	934	275	show
1369131032414	122	249	182	show
1369075221774	5	175	31	show
1372355773218	145	302	167	show
1367842834685	130	615	49	show
1368715621579	122	355	186	show
1369748929429	19	379	381	click
1369846041709	97	42	245	click
1369888049831	88	477	485	click
1368260196691	53	542	312	show
1367149202388	47	978	99	click
1373619422708	77	276	59	click
1372167733692	107	12	471	click
1370156875826	108	7	226	show
1370163860573	65	586	203	show
1367501264633	67	144	156	click
1370135433969	138	870	252	click
1369336543250	63	608	308	click
1372087901051	29	598	205	click
1372079538174	18	683	52	show
1367821226782	20	203	311	show
1370356068386	96	460	312	show
1370009779679	4	239	182	show
1370035507402	75	693	274	click
1368863659188	96	479	327	click
1369496970745	57	728	280	show
1372462392854	35	238	339	click
1370552506060	38	189	168	show
1372510159472	69	172	250	click
1371927084758	144	942	160	show
1367514562053	64	171	127	show
1371471799993	135	473	53	click
1367855165110	95	534	243	click
1370403651734	136	103	64	show
1373851218090	17	619	467	click
1370825201832	63	229	125	show
1367969840524	110	355	118	click
1367282776836	135	671	184	show
1370764274284	70	448	220	click
1371607531146	121	291	330	show
1367443752303	107	699	123	show
1369424789010	21	415	197	click
1372576634990	134	448	207	click
1369133054461	101	536	53	click
1371681964100	34	715	42	click
1373691017088	26	543	112	show
1370389995560	131	691	217	show
1373643584334	91	342	190	show
1370685701371	30	703	187	click
1367291336942	105	979	133	click
1368312279696	29	434	75	click
1369262709495	2	234	450	click
1370942917946	98	202	430	show
1372238566366	83	253	13	show
1366769462709	28	218	93	show
1366689664917	64	40	279	click
1367871696391	87	205	287	click
1371199236215	61	114	249	click
1373638257438	127	393	129	click
1372392125780	25	188	464	click
1371371749204	91	222	434	show
1371796301283	113	252	448	click
1366961577070	4	299	449	click
1368383144608	76	812	118	click
1370600621712	95	998	467	show
1370307424656	91	401	286	show
1371446299332	65	394	35	click
1367484094838	22	206	372	show
1373805508257	99	492	265	show
1366402557514	124	628	152	click
1370511780834	78	613	448	show
1367746812648	74	358	314	click
1372444972647	61	351	267	click
1368691473103	17	151	489	show
1367089258027	38	189	470	click
1372574169337	13	426	64	click
1373472617200	53	530	499	click
1373646422018	90	559	398	show
1368065314224	137	891	141	show
1367612250698	135	458	127	show
1371917939331	6	708	167	click
1367306925825	100	595	491	show
1368538606722	76	202	170	click
1368409243810	129	49	26	show
1371678384153	101	206	337	click
1373360873566	64	56	480	click
1370078980892	81	664	448	click
1373897249848	12	986	96	click
1369711566360	114	312	292	click
1369494946895	9	873	481	show
1373381978034	55	293	175	show
1367408412258	13	874	442	click
1366885886582	113	913	2	click
1372074993628	34	109	386	click
1366447810171	132	239	191	show
1369364971821	128	864	9	show
1371916065503	1	66	103	show
1370416022608	32	594	457	show
1369262478702	138	525	44	click
1367778365430	16	909	247	show
1367375452970	43	638	79	show
1371384023203	141	154	9	show
1367812134170	109	29	63	click
1368962719775	32	964	343	show
1368938981414	41	292	281	show
1368011094409	20	210	35	show
1370971674824	62	668	172	show
1368209574964	53	813	4	click
1373537317234	130	204	319	click
1369309671941	144	310	24	click
1366962312113	58	82	137	show
1371524990876	96	5	117	show
1367466552172	3	472	471	show
1369438753347	26	270	255	click
1367820951987	40	415	2	show
1368150774247	10	201	302	show
1372334736709	28	973	290	click
1372257815640	47	511	24	show
1373285250106	125	6	184	show
1373806232373	27	325	405	click
1372629769506	94	625	314	show
1366825922615	62	459	436	show
1367499809696	144	4	332	click
1372524424477	48	7	112	show
1368994963749	57	498	190	click
1368911723956	93	438	390	click
1372233148150	142	414	430	click
1368243584897	131	992	233	click
1369611314361	17	799	478	click
1373303761640	58	189	124	show
1373310462764	116	951	108	click
1371955111403	68	591	400	show
1369352720750	124	557	406	show
1367213361977	15	59	300	show
1373003552833	126	368	245	show
1367729287495	125	736	387	click
1371661290526	39	42	233	show
1372578954822	54	420	278	show
1367761388143	73	464	194	show
1369084980367	140	765	289	show
1367857951217	91	947	211	show
1371618333912	62	591	138	show
1371212774552	49	340	112	click
1373284484508	76	883	451	click
1370371281922	10	435	65	click
1371827329452	99	276	120	show
1372123628741	50	688	368	click
1367888820597	16	470	263	click
1367732945596	123	675	104	show
1369956934870	85	313	41	show
1367994565182	89	83	150	click
1368506740579	93	243	342	click
1372046944052	2	62	394	show
1366682736259	119	986	30	click
1373935287896	50	128	143	show
1369951466086	81	523	221	click
1370111467100	52	172	62	click
1370626762351	26	209	272	click
1372510431593	119	827	483	show
1371814753068	17	619	30	click
1367105684808	57	791	2	click
1369555312822	104	766	280	show
1373600025835	82	66	293	click
1374191046976	115	281	269	show
1369681772891	25	138	490	show
1373370944584	71	680	499	show
1373840278904	84	81	153	show
1367289479378	63	795	419	click
1368659435719	67	591	430	click
1373919314826	124	781	235	click
1371866039348	95	199	438	show
1371917603812	146	523	270	show
1372268620274	88	122	329	click
1371321549267	17	189	57	click
1367382948603	26	937	362	show
1369687321649	80	44	218	click
1370892923123	85	194	50	click
1371799240735	45	631	475	click
1370087935515	91	506	485	click
1372946168083	76	194	341	click
1368449002416	92	974	221	click
1371231313606	16	970	391	click
1369775987146	132	886	273	click
1370597122118	63	577	4	click
1368914094715	69	210	35	click
1367128188043	22	369	70	show
1366835462122	125	57	192	show
1371394670700	46	572	29	show
1368159224157	45	292	468	show
1368394389884	28	917	284	show
1366801222349	60	920	216	show
1371622618773	90	931	106	click
1368949931698	60	465	409	show
1369458515967	105	449	370	show
1366348535104	29	265	307	click
1366346422203	48	618	201	show
1367819026635	23	460	181	show
1374196979947	85	917	259	show
1366661181207	77	772	300	show
1370939070487	66	673	381	show
1373938199830	106	261	121	click
1374170158992	76	252	200	show
1366981715100	122	929	133	show
1367416914483	19	879	264	click
1374124577817	72	755	32	click
1370807359896	113	242	483	show
1368809670145	118	383	311	show
1370370019744	115	410	252	show
1366871583408	138	227	342	click
1371714357011	40	686	292	click
1370076180937	5	677	459	show
1374198394875	53	634	201	show
1372248448971	76	707	94	click
1371205223804	114	693	72	click
1372342546312	71	195	205	click
1371800875349	93	131	123	click
1368338567366	35	339	173	click
1369193036130	101	385	340	show
1371525717896	131	110	406	click
1371081440024	101	128	245	click
1370939641931	124	704	151	show
1368370043646	70	602	243	click
1370724101045	88	792	465	click
1373041490496	91	411	78	click
1371830989217	7	301	394	click
1367244861151	21	100	237	show
1367503342510	84	567	2	show
1371993227903	63	219	228	show
1368825905274	119	829	449	click
1366400007740	3	658	404	show
1373101554275	130	792	245	show
1374194196511	22	418	384	show
1368785077035	103	615	188	show
1369513810102	57	788	54	click
1368303330632	145	20	437	click
1368264265901	100	790	280	show
1370594575247	70	620	179	show
1373270896220	85	921	185	click
1366674529970	104	91	299	click
1367340783315	3	307	58	show
1372787047465	109	607	254	show
1370244923516	107	607	413	show
1370995598703	65	54	130	show
1368044383181	45	655	110	click
1369230036663	66	50	239	show
1370122366696	5	917	199	click
1373303195699	109	653	305	click
1373672796504	56	607	241	show
1371838537898	106	667	381	show
1370793626646	148	325	367	show
1371415609330	71	624	357	show
1366369701527	140	133	290	click
1367985573141	10	675	141	show
1371394146085	113	699	248	show
1369721091778	125	83	22	show
1366395168575	125	858	46	click
1368538179956	80	940	112	show
1369045685328	122	296	35	show
1366596969574	99	814	362	click
1366998964384	61	383	463	show
1372259792057	54	233	7	click
1371822751688	89	175	310	click
1373629889148	58	325	169	click
1372434048181	46	837	412	show
1373882690877	39	710	295	click
1369906775667	15	372	199	show
1369673931426	36	665	155	show
1371366085571	125	270	477	click
1368433107462	114	475	72	click
1367806319068	141	388	29	show
1372828597998	108	891	384	show
1371792189392	109	792	474	click
1367198297957	103	246	306	show
1373723572169	70	685	341	show
1374101355899	84	662	356	show
1371077609899	78	743	281	show
1373485833794	71	779	352	click
1370358178031	107	810	20	click
1373566030625	115	567	120	click
1372570039047	126	541	37	show
1366689307209	55	432	86	click
1368757617112	47	895	479	show
1366422357123	17	959	234	click
1372227648913	81	71	138	show
1368814706896	68	589	255	show
1373662697176	93	223	167	show
1371282895487	31	127	303	show
1372327083407	124	234	468	show
1373122810193	62	862	284	show
1367370757887	133	818	437	show
1369897960859	61	408	330	show
1366375369321	81	478	82	click
1368592073427	43	20	32	click
1371608863441	50	276	73	click
1368468295308	123	19	284	show
1371619484536	119	753	470	show
1373746860843	16	468	130	click
1368099949795	143	67	227	show
1372943746860	73	902	426	click
1370942611310	72	850	332	show
1367134904974	136	748	224	click
1371256244406	126	341	243	show
1373087681580	105	616	389	show
1371895604336	90	243	187	show
1369872854639	19	213	96	click
1366948846934	21	171	304	show
1372425429546	140	566	421	show
1368407689038	145	341	11	show
1369858082355	24	781	16	show
1366890966421	104	510	352	click
1370830392662	62	744	422	click
1372153865535	149	136	447	click
1371200533160	43	447	491	click
1371366299535	44	363	467	click
1368792134760	130	18	17	show
1369874642343	66	443	174	click
1370414913531	7	39	35	show
1367747701978	44	127	109	show
1373083782900	125	782	428	show
1373354969623	2	854	159	click
1367834166233	60	68	353	show
1371483285168	90	526	315	show
1369893894931	97	457	168	click
1366775808428	140	822	64	show
1372678316120	85	453	155	click
1369018489616	3	207	146	show
1373287659632	31	85	487	click
1369454436325	63	462	347	show
1369361435071	49	939	446	show
1372457638260	117	652	367	click
1367276605167	140	895	262	show
1372853407804	38	555	316	click
1370006632563	122	628	388	show
1369004703911	134	625	223	click
1367522426924	118	332	153	click
1373272327653	3	45	145	show
1369114240002	70	28	351	show
1368781164639	109	825	56	show
1371368835252	120	313	245	show
1372297538517	22	27	14	click
1369170192742	131	855	277	click
1368845485571	39	496	489	click
1373887313567	142	257	371	show
1368756695864	136	703	62	show
1368008888144	20	296	109	click
1370689703313	130	447	496	click
1371368207052	130	884	39	show
1366460883663	33	176	59	show
1373391186293	79	321	10	show
1366902884855	64	358	254	show
1367317695999	4	389	352	show
1373369089879	88	100	372	show
1373427424071	47	580	225	show
1372939526392	106	556	146	click
1368076335585	56	708	58	show
1371273117120	48	210	491	show
1368960959241	43	365	315	click
1369133862556	105	467	144	click
1369146746894	7	490	212	click
1371483280747	25	472	152	show
1366743081968	60	559	160	click
1373893582078	144	167	477	click
1369227585717	4	797	99	show
1368456101583	135	389	361	show
1372777976252	148	876	422	click
1368367480177	10	896	230	show
1368040966915	42	363	277	click
1366835481041	95	636	458	click
1366570679458	9	317	496	click
1373001508419	81	90	389	click
1367084411900	77	700	174	click
1369079925479	54	411	124	click
1372018270968	108	739	66	click
1368567750529	86	196	218	show
1369655977465	112	575	380	click
1371885105696	3	842	245	click
1369033034822	93	488	410	show
1369755431017	139	359	188	show
1369431670637	92	429	214	show
1371129097636	19	561	196	click
1373297084967	13	824	475	show
1368578126839	126	117	58	show
1367096432460	64	942	140	click
1366917316196	27	606	257	click
1373137531698	126	840	222	show
1366599707334	87	500	15	show
1370188836671	107	496	290	show
1369094771017	38	825	452	click
1369255731641	16	482	486	show
1367071108699	114	422	343	show
1366484912067	119	472	306	show
1372466674574	99	348	15	click
1367210417947	86	413	297	show
1367050106618	132	25	116	show
1369753098871	29	278	402	show
1367378545095	87	70	98	click
1374162392337	104	901	405	click
1367688662199	13	695	40	show
1370107891403	67	4	172	show
1370018832354	51	675	58	show
1371941346290	103	72	371	click
1368361244958	49	286	74	show
1369573237614	105	843	379	show
1367483046072	139	586	376	click
1372129634384	11	547	155	show
1369679986661	61	138	364	show
1372292923581	10	970	406	click
1367333485711	80	790	374	click
1373874944801	72	629	74	show
1369779837596	6	271	443	show
1374198389137	99	818	265	click
1373433681996	96	617	187	show
1369105286820	16	820	22	click
1370734161385	72	623	13	show
1372263061776	141	283	221	click
1367442711798	5	829	312	show
1370153236509	119	299	243	click
1372158261476	140	579	323	click
1372928777253	22	874	104	click
1370136938418	88	332	217	click
1371935022769	23	120	347	show
1373340609936	130	65	82	show
1366403420844	105	242	356	click
1368043681929	29	342	95	click
1366462479453	18	819	79	click
1370541644957	71	498	40	click
1370955013726	37	316	489	show
1371684378616	138	355	230	show
1371130547682	147	245	182	show
1366655428777	17	891	391	show
1369442958450	133	976	179	show
1366738703842	141	285	414	click
1373933929669	105	12	382	show
1373235147289	73	921	12	show
1366998982852	98	639	494	click
1366669194065	82	909	245	show
1367721798309	45	514	115	click
1372661227835	68	875	3	show
1371484115180	19	8	304	click
1371660864050	39	205	367	show
1368238490079	2	868	386	click
1371489330879	32	136	412	show
1367268232375	106	781	40	show
1370889410831	35	759	493	click
1366976225135	123	229	385	click
1373929172307	149	116	221	show
1372508050429	104	186	298	show
1368484527667	53	99	434	show
1366628287184	71	993	135	show
1373433689728	118	988	398	show
1372189879910	6	776	165	click
1370098235135	72	514	500	click
1369360065217	19	144	201	show
1370396501930	131	835	232	show
1367004139007	6	931	4	click
1370928780957	28	909	188	show
1369046556540	150	83	78	click
1370216743787	10	648	491	show
1371218389830	58	38	137	click
1372882828575	50	452	413	show
1369256292623	11	616	284	show
1370905366137	49	112	490	click
1373520599861	110	488	431	show
1371564439197	48	139	228	show
1370380026795	53	876	228	show
1369479011443	51	687	439	show
1370998935885	2	861	337	click
1369051336465	118	927	343	click
1370744680690	6	22	145	show
1371309593304	115	337	222	click
1372206829041	5	206	3	click
1374163867425	89	996	494	click
1368736955073	58	675	63	show
1370736759763	103	973	253	show
1368677931295	84	454	276	show
1369584378811	78	171	445	show
1370951099075	4	58	147	show
1366453755666	39	415	305	click
1372382166263	140	728	393	show
1373373633500	112	441	14	show
1371322716561	63	50	33	click
1373235524702	90	916	265	show
1373369128202	47	361	476	click
1372758257102	8	377	325	click
1366669556030	123	441	156	show
1371791763003	6	747	445	click
1372788469613	124	274	188	click
1368254110638	123	640	55	show
1367984314189	4	809	395	show
1372232062541	125	699	274	click
1366968368981	30	506	376	click
1368352896194	111	161	483	click
1368910396246	90	468	231	click
1373501681252	102	226	381	click
1369445026550	119	677	162	show
1371966817060	69	40	311	show
1370864227318	34	678	113	click
1371655853688	89	559	269	click
1370863486735	101	680	168	click
1370081202711	105	496	235	show
1371989458888	18	825	23	show
1373658208147	1	120	387	click
1366497863560	78	886	364	click
1370274949214	95	29	165	click
1373538569116	41	250	432	show
1373483385186	68	421	12	show
1369165064404	7	541	26	click
1370215250349	59	217	467	click
1367184326908	120	109	131	click
1366542038009	18	481	176	click
1371325839602	126	740	274	show
1369101389402	94	1000	221	show
1373339452177	140	110	312	click
1369542156783	60	40	223	show
1369620112753	21	592	28	click
1371208442835	52	696	267	show
1366517677897	135	322	201	click
1373050986096	138	895	217	show
1368163503677	134	413	142	show
1366638438633	21	183	305	click
1367105489101	101	605	418	click
1372731791602	49	983	104	show
1373908778192	54	935	213	show
1372915956012	133	558	292	click
1372141183224	119	547	82	click
1367031275827	65	903	459	show
1371780352942	139	681	137	click
1371721552254	95	252	119	show
1369013105970	35	90	191	click
1371242400746	134	676	221	show
1373997348112	142	994	219	show
1373230659774	34	276	51	show
1372939156266	150	578	485	click
1371909307668	60	64	149	show
1372712283924	133	324	164	show
1367145622105	78	472	207	show
1367078354932	105	313	325	click
1370420024339	38	496	126	show
1368708035708	12	980	189	show
1373446241709	108	537	203	show
1370649318866	59	28	370	show
1366883746817	130	21	176	show
1372699453548	145	736	28	show
1373820049499	15	792	9	show
1371181204972	12	350	123	show
1370157282928	87	365	64	click
1372262184130	92	801	366	click
1366791916726	4	652	386	show
1371763272793	41	925	257	show
1372670886367	90	614	132	show
1372969590558	98	939	463	show
1369482077251	80	35	269	click
1369103321438	67	554	407	click
1370014603634	15	177	348	click
1372292409354	138	813	275	click
1371497690665	69	215	452	show
1374000178129	104	794	369	show
1372656064636	91	569	259	click
1366491467200	126	926	218	show
1372391210561	61	628	367	show
1366682414273	9	807	298	show
1366455450508	72	25	122	click
1373312107950	78	554	91	show
1373447534497	18	802	416	click
1369227931047	25	847	308	show
1366764012400	150	614	214	show
1368591049729	143	614	328	show
1367116448609	1	709	386	click
1368053577391	26	473	440	click
1372524335249	126	172	281	show
1369081974751	74	463	310	click
1373622914849	139	819	331	click
1368342121178	107	832	473	show
1372346255602	81	385	481	show
1372201152607	31	364	103	click
1372506311377	26	419	239	show
1372861852286	120	749	8	click
1370595123253	37	77	355	click
1367733325920	81	452	226	show
1373400178490	61	910	126	show
1373945262072	46	181	106	show
1371221118504	8	110	417	click
1373574689157	35	727	171	show
1374076056241	125	590	402	show
1367894977722	81	662	76	show
1368586978002	19	791	67	click
1370152094417	140	305	301	show
1368563903297	1	295	305	click
1373985253278	121	802	150	click
1373525722779	21	702	171	show
1371686751725	50	994	129	show
1372788916767	73	631	465	click
1373843294043	65	846	97	click
1374134482066	116	873	321	show
1373394093370	142	55	138	show
1372555866970	88	309	95	show
1367800653860	6	692	86	show
1372427438481	122	998	462	show
1367684703801	121	326	272	show
1371171030339	89	854	213	show
1367347169731	36	835	267	click
1370813725880	118	367	296	click
1372438751199	126	645	16	show
1370901833781	22	120	238	click
1373445729962	72	503	258	show
1370799768659	52	581	308	click
1373945342037	108	107	422	show
1367449527734	53	631	412	click
1368703814615	92	334	248	click
1367190171822	21	309	352	click
1367112920043	101	291	53	click
1372519869801	34	613	64	show
1370536988392	141	968	162	click
1371549606571	35	136	221	show
1371728625346	137	446	113	click
1374081634974	53	826	198	click
1372033773038	21	685	294	click
1369347650247	146	885	69	click
1369615892395	57	6	274	show
1371174782814	43	370	112	click
1369535162371	130	853	377	click
1372715970175	39	692	240	show
1370074577027	112	71	202	click
1368911560745	125	107	113	show
1367353781438	82	840	225	click
1369187543437	20	398	450	click
1368781760036	73	459	43	click
1368540580443	123	860	234	click
1369512746649	51	460	197	show
1370014407829	103	887	84	click
1366850266314	13	181	27	click
1372095800072	43	656	5	show
1370175874436	124	667	441	click
1368105192501	92	743	274	click
1369045477247	18	438	112	click
1370872712236	133	329	34	click
1368370751417	84	329	154	click
1367209707327	15	869	169	show
1368762142218	147	859	117	show
1373229992299	89	732	187	show
1369644353407	35	37	337	show
1369056081520	133	57	25	click
1367332198431	136	356	56	click
1368202755562	21	616	350	show
1368606482716	138	571	401	click
1367636166551	51	574	362	show
1371678975711	65	424	307	show
1369208615949	40	738	210	click
1371908845681	88	900	164	click
1369407206538	98	91	242	click
1368019983742	128	174	387	click
1369450639230	94	736	38	click
1372858251336	89	513	489	show
1369887654492	42	997	367	show
1369244895443	11	519	192	click
1373111104497	37	462	441	click
1373193681735	35	15	474	show
1370327591336	89	23	404	click
1372325791710	41	146	199	show
1368925413030	74	180	228	click
1372929957165	146	735	448	click
1370245310619	64	567	151	show
1367315412857	26	121	421	click
1372837285530	75	796	125	click
1372624322189	116	137	239	click
1371786913641	114	585	261	show
1369885528293	85	403	331	click
1369306265471	4	51	35	click
1367787129558	71	132	80	show
1369572294587	18	877	63	show
1372653954971	51	211	170	click
1373186178435	42	224	275	click
1366668460962	47	149	194	show
1366688618428	131	915	484	click
1367520528344	12	574	305	click
1369776345754	66	197	432	show
1367523253702	142	20	436	show
1366777376468	27	302	348	show
1372763188076	51	150	106	show
1366636350556	81	451	7	click
1369633066237	130	386	39	show
1368576903199	116	92	404	click
1368432698325	124	249	121	click
1372785746823	76	627	164	click
1367155996357	21	488	294	click
1368400078916	141	752	273	show
1369389566632	104	980	227	show
1370249197182	42	316	149	show
1372263382453	79	858	290	show
1370103121730	50	243	437	show
1369121740985	31	129	88	show
1372030269867	65	325	19	show
1370626220034	45	905	233	click
1368393702551	22	429	79	show
1370175678658	63	19	250	show
1366351363374	36	998	294	click
1367478010589	75	874	119	click
1371560306662	31	61	483	show
1366347494466	113	708	175	click
1372674837307	142	827	45	click
1370065502438	133	815	229	click
1372234094432	106	418	324	show
1370992874907	128	71	388	show
1371296249474	125	910	320	click
1372483055419	125	824	225	click
1367613663730	3	800	80	click
1373639891217	37	742	230	click
1373547691554	125	625	174	show
1372502743399	104	250	341	click
1366449158580	150	139	166	show
1367106224237	13	696	285	show
1374140001709	35	278	426	show
1368850487520	53	677	322	show
1367129720722	1	365	422	show
1368539343264	129	532	202	click
1372581191327	120	67	46	show
1367180204847	51	701	217	show
1372306634314	73	176	214	click
1367645828272	14	227	305	click
1366543309695	26	310	415	show
1370249432032	31	853	416	click
1369389921414	56	690	14	click
1368282737500	57	224	289	show
1367161452049	89	765	171	show
1370250623552	80	966	291	show
1372354812423	7	556	266	click
1367346044650	68	885	36	show
1371181982429	44	675	372	show
1369933834902	123	964	458	click
1372105680921	33	560	9	click
1367755350928	29	153	180	show
1372965643163	96	645	240	click
1373408094084	127	664	361	click
1371306101513	42	829	477	show
1370513703956	35	604	249	show
1370427221214	92	978	434	click
1369213815233	144	109	242	show
1372899831803	54	595	50	show
1367016763539	80	253	422	click
1372102507657	137	983	213	click
1367069667894	133	395	360	click
1371456701537	139	861	146	show
1373374720049	54	348	27	show
1367431738903	86	142	36	show
1369354002967	57	62	273	click
1371559731288	66	916	43	show
1372028152451	75	666	80	show
1371071242709	97	41	372	click
1369594829142	122	39	361	click
1373400404540	2	758	152	click
1370409573275	148	320	119	click
1369981948217	58	223	404	show
1369774506171	21	404	267	show
1372682724053	141	744	47	click
1373028148025	24	423	471	show
1373927803133	52	830	132	show
1370620108248	33	67	79	click
1366615440397	4	693	78	click
1367449048937	23	39	449	show
1371901708653	19	652	95	click
1366518533857	76	734	139	click
1372054507517	40	998	412	show
1369037676035	92	309	493	click
1371317822225	90	875	172	click
1367773823826	88	876	17	show
1367266523863	10	385	445	click
1372964673680	126	906	447	show
1368703670749	23	668	206	show
1373193199449	12	645	119	click
1369342088204	115	154	165	show
1371839959577	114	822	241	show
1366346492193	89	82	182	show
1373006553334	28	383	266	show
1368588205873	60	700	263	show
1373364551908	71	377	437	click
1368724079818	123	765	165	show
1371774842904	127	158	385	show
1372176043841	2	207	380	show
1368500626580	10	513	191	click
1367987619656	14	767	297	show
1373806608388	19	128	44	show
1370919511415	64	81	464	show
1370385655540	62	355	478	show
1369594856502	13	832	418	click
1368021068543	68	176	24	click
1369214973048	23	6	13	click
1366787539075	81	405	465	click
1367977800282	81	964	449	show
1370160285174	129	774	372	click
1366607383700	53	682	228	click
1367993565443	144	24	126	show
1372423655289	112	655	43	show
1373411642857	63	16	399	show
1373898696783	81	376	222	show
1370560808109	114	580	21	click
1373769705446	88	302	476	show
1369213204831	40	366	167	click
1372923351186	118	888	61	click
1366664080639	103	846	19	show
1366827247032	129	988	274	show
1372010129657	86	128	394	click
1371255832798	84	618	69	click
1371303756236	72	82	126	click
1367660063981	128	174	434	show
1369942227281	143	381	384	click
1369959681158	8	92	207	click
1372503480019	132	249	317	click
1373212142197	144	95	153	show
1368951517840	24	199	395	show
1368837299809	78	460	1	click
1368101242380	77	843	339	show
1367566947588	1	730	237	click
1369864701458	62	610	11	show
1373058458619	99	513	426	show
1374152825698	146	596	489	show
1369310248053	36	895	72	click
1369009872013	135	254	56	show
1367345367173	129	25	467	click
1370241043049	75	462	61	show
1372221434866	130	899	197	click
1367596894300	59	387	400	click
1369842077742	85	748	324	click
1371790635047	5	257	448	show
1373771561882	144	362	50	click
1373615929131	72	42	457	click
1367594769655	143	303	493	click
1370965864360	54	829	82	show
1366463840925	97	677	385	show
1369367165076	58	558	394	click
1373921422187	5	536	449	click
1371193130472	50	521	19	click
1369470004985	103	189	179	show
1370314180376	24	758	478	show
1369625203525	28	984	449	click
1367718019218	44	808	128	click
1373711277347	60	267	279	click
1367087087355	144	890	10	click
1366643898181	50	10	194	show
1370069073199	103	404	345	show
1366745674990	70	507	66	click
1367104872348	93	239	444	show
1370458160209	94	418	196	show
1374096707744	26	378	67	click
1373953064806	19	902	471	click
1370474824771	4	733	481	show
1372337937534	87	366	78	click
1366630058362	78	791	165	show
1367174196927	36	866	80	show
1374050152711	99	448	362	click
1367044670451	90	165	312	click
1372785908750	94	467	270	show
1369298266314	103	684	249	click
1373974500321	78	774	150	show
1372005211919	17	342	168	click
1367886702551	79	732	50	show
1367029896290	136	685	90	show
1367378733305	77	472	39	click
1373069962892	75	705	381	click
1368855979079	94	832	480	show
1366654982858	40	493	117	show
1374028074937	110	402	494	show
1367819648028	15	310	367	click
1368105244758	139	569	40	click
1371346349819	106	778	317	click
1367331221250	93	528	208	click
1367073060528	98	755	488	show
1372834259980	33	619	166	click
1372647491075	42	583	393	show
1374155328987	90	357	228	show
1372851110362	125	161	43	click
1369340257781	67	274	191	show
1371209442525	51	569	449	click
1372810575528	143	353	378	click
1371099495577	90	947	102	show
1368884360461	28	47	89	show
1370079925598	81	580	317	show
1371544759639	5	650	3	show
1373821876659	70	755	420	show
1368773133381	34	911	18	show
1371567103103	109	86	76	show
1369158859444	29	645	134	show
1373538670150	20	455	184	click
1367163651759	70	560	77	show
1368199170003	18	223	317	show
1373143664410	88	722	331	show
1372970585409	57	403	175	click
1369331407810	112	782	352	click
1373537114012	43	995	306	click
1367518516081	84	523	85	show
1366715427732	134	507	54	show
1373848514441	104	885	20	show
1368145112749	31	68	193	show
1369675634666	146	671	271	click
1368575496076	12	907	284	click
1371929546268	84	116	290	click
1369826369209	22	923	496	show
1373355609916	79	695	177	show
1369729321035	69	530	185	click
1366643568245	125	111	146	show
1373166981431	68	418	111	click
1372421051016	18	393	113	click
1368643469124	36	108	15	show
1368572471112	24	532	77	show
1371317030772	110	200	202	click
1373095148010	6	858	479	click
1373113283046	20	285	498	click
1366830002353	75	541	358	show
1369040163891	58	324	171	show
1368897692454	54	299	471	click
1370573003543	73	452	265	show
1373404813230	140	409	474	click
1371039872654	128	58	166	show
1366555748216	50	528	244	click
1367848159323	71	215	55	click
1367752081266	39	546	245	show
1373917584978	69	829	328	show
1367495737842	96	923	256	show
1373299590878	7	581	279	show
1372306034050	118	322	57	click
1371393800438	70	492	57	show
1368998206767	52	860	207	click
1366531695187	21	43	198	click
1367931471759	107	198	444	click
1367971246358	58	703	82	click
1367755370501	125	885	428	click
1371474012225	81	994	366	click
1368906486749	81	142	387	show
1369376775775	8	49	122	click
1371605061952	49	961	26	show
1370190125536	144	268	266	click
1373853381697	72	885	173	click
1366359028434	7	870	390	show
1368331350865	81	689	473	click
1369921639585	47	796	464	show
1373104391342	103	974	389	click
1368754142759	59	867	406	click
1372693027159	51	816	240	show
1374029058566	3	781	70	show
1371323663620	45	110	336	click
1369325957883	60	405	337	click
1367208146860	47	838	350	click
1372029069129	29	323	106	show
1370610864448	92	195	304	show
1368183605919	32	981	341	show
1368198230860	140	826	291	click
1369888325848	15	257	266	click
1373556484032	131	542	434	click
1369538297395	17	96	366	show
1370882854712	45	665	69	show
1367310242612	107	629	350	show
1371909132883	55	765	177	show
1371777540972	33	999	62	show
1369142373167	102	403	236	click
1366582031975	93	36	128	show
1371579885733	52	315	320	click
1367881282312	57	667	241	show
1367762435806	141	72	152	show
1373897467525	56	968	10	click
1369174383226	61	290	456	show
1370205458467	50	130	191	show
1370196113167	11	857	432	click
1368307347460	134	451	171	show
1369484429891	98	383	35	show
1368470494619	74	349	362	show
1368654918290	12	505	487	click
1372107943855	127	943	223	show
1373154369384	9	660	45	click
1371649394006	29	553	28	click
1371445542289	145	916	145	click
1368826289598	139	823	222	show
1371710924042	76	589	494	show
1368009390660	150	517	345	click
1372797524065	62	159	487	show
1370265923845	89	464	500	show
1369743187025	29	632	224	show
1369388394131	27	476	318	show
1367749140297	33	911	362	click
1366819697501	37	327	26	click
1367095719176	121	801	361	click
1372175953649	27	695	207	show
1372269432961	46	118	432	show
1373245899936	129	407	343	show
1369494434754	125	389	279	click
1373410478318	15	20	326	click
1368797517683	11	255	97	click
1373770358971	33	455	15	click
1368853511134	82	257	329	click
1366913347530	142	254	298	show
1372164960816	116	760	306	show
1370763034284	92	6	488	click
1373814795735	42	477	165	show
1367885278521	124	790	312	click
1369818812705	47	888	298	show
1370554538464	76	984	245	click
1371081308083	128	73	37	click
1368546688630	145	329	143	click
1369347582902	68	757	41	click
1368568600524	46	621	322	show
1373366051116	99	223	219	show
1373340349057	55	715	390	show
1366620946269	41	234	269	click
1369968461306	12	948	127	click
1372314077488	115	157	61	show
1373498476539	114	718	492	click
1373910099869	35	545	438	show
1373681926254	115	206	407	click
1368736418614	116	669	40	click
1366721289549	13	401	265	click
1370921056114	93	904	17	click
1370154215086	114	37	128	click
1372529032702	18	631	328	click
1372058745942	43	241	24	show
1369666014416	30	318	219	show
1369316327063	137	433	328	click
1370688771936	65	648	406	click
1372422596580	91	992	401	show
1370161978552	23	402	71	click
1369035218298	131	577	340	show
1369173467090	37	770	311	click
1368508385019	128	183	238	click
1366539120734	91	358	423	show
1372858369470	30	211	115	click
1371804026810	21	395	219	show
1373397117719	134	221	56	click
1368877658830	28	258	95	show
1373151762717	111	822	412	click
1367348678266	143	802	198	show
1367940813344	19	311	472	click
1373835463703	74	309	169	show
1369504250288	17	484	253	show
1372590428482	12	239	37	show
1366598606115	31	942	65	show
1370512024331	119	874	3	click
1372872229564	58	898	52	show
1370642438651	99	495	429	click
1369759039766	26	813	238	click
1369027058056	150	703	340	show
1370392624478	36	632	137	click
1371730847506	16	886	113	click
1367471015865	116	819	356	show
1369198717779	27	429	393	click
1366459832610	45	808	330	show
1372096661116	85	243	140	show
1372716975533	13	482	95	click
1372319748551	103	723	189	click
1373421590106	136	523	410	show
1372270984030	109	785	471	show
1372541771392	147	322	159	show
1367914272514	69	870	461	click
1369734480897	115	869	77	click
1372575418228	8	43	21	show
1368698898168	128	877	26	click
1373944305712	89	581	420	show
1368907931474	124	27	29	click
1368378338260	36	632	289	show
1367138279391	18	320	494	show
1373080013195	83	670	276	click
1368786609568	82	579	71	show
1366513617705	89	440	133	show
1371110262480	96	453	149	show
1371427552627	39	687	148	click
1368534354225	115	124	332	show
1367620942672	66	431	87	click
1373542412790	10	531	321	show
1373595865205	62	147	56	click
1367411569945	107	702	308	click
1369531014359	140	164	162	click
1370597643318	143	101	349	show
1366747133992	93	7	121	click
1368735130423	93	399	287	click
1372477339268	129	176	255	click
1367657939886	88	400	29	show
1370229870602	17	309	163	click
1368650354416	149	764	383	show
1372994968509	131	323	370	show
1371695266579	7	896	263	click
1371173830533	2	87	375	click
1370418368903	19	355	252	click
1367094189601	66	40	434	show
1373853684507	106	294	10	show
1366441197532	121	391	41	show
1372476458393	113	664	261	click
1372763106417	139	79	75	show
1367643281583	32	108	315	show
1366500925161	69	871	73	click
1371401697611	99	435	281	show
1366635173292	45	257	29	show
1372258260264	64	774	413	click
1366395358863	150	56	191	show
1368117993573	15	999	334	show
1368627567541	61	301	437	click
1370861034099	92	996	233	click
1372418604352	35	868	461	click
1369072196828	123	318	195	show
1371688843953	77	295	310	click
1370497415421	79	807	172	show
1369828199279	37	445	288	click
1374047058727	8	816	66	show
1370687768795	112	218	91	show
1370486133556	58	221	445	show
1372490018378	18	139	473	click
1366730170163	8	542	84	click
1368012817458	108	163	279	show
1369645845005	16	13	226	show
1371586965265	140	929	57	click
1370153095065	10	453	161	show
1373799636912	84	319	185	show
1373034274944	62	966	421	show
1367612336347	114	478	147	show
1372843198647	145	710	183	click
1372798581609	58	820	9	click
1366566613989	148	889	57	show
1372481282098	36	551	438	show
1368664084412	48	972	486	show
1374101705820	104	715	95	click
1371705332317	87	500	199	show
1373692159779	4	25	354	click
1370338183902	46	373	365	click
1372126021378	44	908	393	show
1368883694497	97	820	33	click
1369121891863	13	395	206	show
1373794315425	143	830	214	click
1367179377479	128	154	149	show
1372261877613	56	136	91	click
1366680228569	30	350	218	show
1374196399802	88	644	216	show
1372906005708	146	554	238	show
1371790068046	75	312	150	show
1368511028894	90	271	318	show
1371006349740	112	623	233	show
1367892502024	95	807	143	click
1374172462872	66	181	111	click
1373961825519	66	945	324	show
1369042283626	58	187	73	show
1372022543688	108	57	459	show
1368370058990	2	582	5	show
1369425096536	70	700	193	show
1371010731459	29	241	125	show
1368578643535	37	744	238	click
1369990757411	140	19	390	show
1369534410791	56	151	274	click
1367361004227	26	455	468	click
1371105776035	21	156	53	click
1371569202187	97	815	432	click
1373088943659	43	92	170	click
1369530314409	65	555	385	click
1371183461514	32	513	322	show
1370209012589	17	960	434	click
1369860404043	3	552	311	show
1367172690362	102	725	149	show
1373644327616	135	394	370	click
1367089056569	1	499	2	click
1367139586427	102	571	177	click
1366437967404	62	267	295	click
1371479929834	104	911	484	click
1372175561875	47	730	151	show
1370179338372	148	839	312	show
1368621989582	31	21	86	click
1371216571480	59	207	303	click
1366977740099	2	789	137	click
1373048720304	70	85	222	click
1366552022391	61	139	200	show
1367488226583	142	837	165	click
1370229429183	100	237	51	show
1373894687338	28	500	196	click
1373625109871	76	538	83	click
1371466359619	121	381	416	show
1373480371415	126	50	225	show
1370483229079	91	80	340	click
1372897861244	126	765	285	click
1373078914433	76	946	354	click
1371156377672	123	791	371	click
1367078011817	131	1	89	click
1372157898831	24	980	198	click
1370623095525	119	265	244	show
1371470727000	150	323	449	show
1368338892972	108	811	201	click
1369706650894	97	103	460	show
1368993399537	49	797	123	click
1370490654112	127	272	196	show
1372864179674	10	363	283	click
1367692654841	21	902	138	show
1370177555729	113	444	390	click
1372498934699	126	989	347	show
1371444076268	37	495	354	show
1368137545755	49	260	442	click
1372783186736	14	446	364	click
1371033124308	108	330	421	click
1369121863032	3	706	129	click
1372027927093	126	766	13	click
1370702809626	113	243	211	click
1367836085605	85	417	153	click
1372513332374	6	506	91	click
1372172712930	10	512	202	show
1371844386219	84	114	412	click
1371646274851	78	997	201	show
1367105499003	124	689	364	show
1373484499833	9	144	425	click
1369975015648	80	813	82	click
1367629544083	71	559	318	show
1374202578532	106	510	76	show
1371301204973	89	678	200	show
1374194848446	141	278	149	click
1370363733236	12	129	68	click
1373315144427	24	63	370	click
1366977843249	69	469	309	show
1372299945442	138	792	300	show
1368776525139	47	685	232	click
1369470632656	64	945	274	show
1369541059544	150	599	140	click
1371774107853	30	642	496	click
1366357934124	50	844	37	click
1371577421126	24	309	10	click
1370987093171	128	467	477	show
1373979886107	130	118	88	click
1373924526754	85	450	286	click
1373132661874	146	298	461	click
1370335693559	98	27	116	show
1373504883149	60	392	358	click
1369123568096	111	289	290	show
1370780236874	119	335	119	click
1368394964938	145	590	245	show
1369031907513	29	186	100	click
1372703046130	65	477	138	click
1372368679928	58	578	375	click
1368523171765	89	503	258	click
1373853387822	97	613	220	click
1372162693236	23	535	140	show
1369552710852	56	474	44	show
1369996985809	28	342	401	click
1368402006376	102	329	251	show
1372716404937	6	6	383	click
1367422913724	62	895	498	click
1372229693981	144	256	432	click
1369241194367	87	342	174	show
1368529034371	34	927	486	click
1372218098080	117	456	276	show
1374008914410	60	691	69	click
1371332604082	56	461	263	show
1371030695519	57	537	264	click
1370821228072	13	47	320	show
1369524231966	71	139	130	click
1370013786991	113	156	423	click
1367550349760	143	615	344	show
1368170865310	36	439	451	show
1368486638352	58	969	368	show
1370417450635	37	1	161	show
1372599702465	147	798	258	show
1369530653416	91	138	440	show
1367905956500	128	153	499	show
1371873320024	111	178	29	show
1369338617747	54	923	376	click
1368171110113	111	360	455	click
1370317100591	133	795	463	show
1373818057226	65	280	460	click
1372499324549	1	956	134	click
1373772986281	129	492	267	click
1370467436782	99	650	439	show
1368476264198	38	181	469	click
1370832998696	8	103	250	show
1369665123486	128	786	453	click
1367299655756	113	950	169	click
1371625539249	133	264	209	show
1366772612068	65	499	353	click
1374172510439	25	136	15	show
1371452237295	111	6	17	show
1369611657843	60	747	113	click
1368819545037	56	900	331	click
1367002965417	109	222	433	click
1370958406737	121	482	486	click
1373844501406	71	212	120	click
1367629475787	50	168	31	click
1370763048404	105	325	156	click
1368243447407	125	465	376	click
1369536571899	101	482	464	click
1369322281528	28	41	392	show
1371207396274	30	754	410	show
1368808577949	129	490	335	click
1370261645729	38	929	146	show
1373141859857	52	556	72	click
1373619086482	33	94	490	show
1371761915580	70	269	131	show
1368204983838	93	702	142	click
1370177555978	56	792	311	show
1371740665460	65	761	175	show
1373059780635	67	11	380	click
1372111457602	146	375	57	click
1372532137402	32	374	244	click
1372628956969	86	402	363	click
1370212858887	1	60	107	show
1369377039993	1	10	207	click
1366957975681	32	842	151	show
1368354391594	35	169	59	show
1368185776708	1	565	201	show
1366348845976	123	838	293	click
1372793152161	70	439	166	click
1369237826502	39	653	170	show
1371879751831	62	305	440	show
1371132472853	128	491	3	click
1367710802851	110	884	426	show
1373615607270	133	884	201	show
1368727767443	80	129	232	show
1366772073600	13	413	177	show
1371578481151	11	381	219	click
1374010313704	6	161	349	show
1371722626901	32	298	130	show
1370707971161	72	169	368	click
1374100630159	147	342	399	click
1370353361611	88	770	23	show
1369577298974	55	476	460	show
1366650130173	16	806	198	click
1372195505117	147	976	440	show
1371978753414	36	307	233	click
1368741874878	8	862	76	show
1367837870156	13	66	279	click
1373507940707	37	771	292	show
1371783507919	36	517	105	click
1367123827123	49	693	380	click
1371648791483	43	428	18	show
1373992895824	130	280	466	show
1371639266360	105	426	116	show
1367399144460	35	315	141	click
1368439910080	112	705	475	click
1369592588232	150	974	65	show
1371296593141	103	419	289	show
1372632532140	74	464	363	click
1374059325988	125	67	416	click
1368005415961	40	35	140	click
1368818217205	125	779	231	show
1368116700306	89	355	32	click
1373943069617	60	217	58	show
1373254069789	33	450	178	show
1372552559110	1	836	469	click
1371845049924	23	892	86	show
1373683883189	110	64	129	click
1368344473893	34	206	184	show
1372396279297	41	850	209	show
1368854563555	117	221	305	show
1366868508922	89	68	280	show
1372809765614	68	331	214	click
1368050741618	69	290	118	show
1366636765939	107	62	210	click
1371344476923	101	515	23	show
1371390921087	65	19	474	show
1372390369259	7	92	422	click
1372439801626	30	297	82	click
1368552074784	3	184	145	click
1366691657124	26	69	124	click
1372862549295	53	996	176	click
1366949318598	149	557	474	click
1369013780922	11	811	234	click
1370453104366	60	686	386	click
1369852436425	130	25	381	show
1369159234761	57	625	241	click
1369477764154	88	374	60	click
1373690933992	65	190	254	show
1367838594934	93	460	494	show
1367475779138	55	42	121	show
1373539807567	41	568	222	click
1371472876424	146	773	234	show
1372997697038	35	786	414	show
1366976710559	24	205	394	show
1369256028164	57	736	443	click
1368424194741	148	609	168	show
1372022471037	93	937	90	click
1371655450640	36	803	490	show
1366818575302	148	433	49	click
1372803453906	137	162	349	click
1366550007326	13	892	51	show
1367258676773	113	120	496	click
1371661439070	21	20	101	click
1369597007328	112	707	325	show
1368397437789	81	846	129	show
1368189642313	107	517	227	click
1373948350954	111	971	14	show
1373639304178	8	283	22	click
1370917471291	105	35	36	show
1372238427087	71	134	310	click
1368865865577	123	777	37	click
1366842998722	149	178	239	click
1368024605744	11	375	84	click
1372548791476	28	986	411	show
1368969113383	84	773	134	click
1371566464609	137	211	429	click
1367419881217	40	559	273	show
1369237560972	128	982	328	click
1367988385589	10	458	460	click
1367679829546	84	270	226	show
1374074232872	130	986	324	show
1371005201789	23	266	274	show
1368995131522	95	550	400	click
1367272094899	13	107	346	show
1369299458230	138	88	428	show
1371094836305	70	13	391	show
1367520195216	72	93	428	click
1372629385887	65	761	114	click
1367917796644	6	435	439	show
1374178830563	20	907	297	show
1367171287810	69	593	439	show
1371190569663	53	580	438	click
1371669543918	56	512	45	click
1371609072801	24	934	453	click
1370099500875	141	531	315	show
1373291661019	80	822	115	click
1368063535203	24	69	448	click
1366956201820	63	625	80	show
1368233893397	147	731	257	show
1372487047961	64	655	105	show
1369006972473	43	719	102	show
1367431093141	88	282	19	click
1371283277030	129	18	491	click
1372356565873	51	308	141	show
1373469517987	25	18	454	show
1372333571100	31	328	34	click
1369407617366	142	365	43	show
1366639806100	9	639	193	click
1369262095792	50	569	303	show
1372103569590	101	309	446	show
1368943202597	113	924	194	show
1370684012244	110	484	475	click
1367990003221	147	377	38	show
1368131498276	29	162	160	show
1366642540341	147	896	106	show
1367844593950	83	184	237	show
1372772338969	46	740	119	click
1371624383649	13	121	458	click
1368319916837	22	347	68	show
1373778615858	23	716	463	show
1371852279339	17	256	100	click
1367223987887	69	249	234	show
1366772680754	32	84	154	click
1369103627813	33	937	300	show
1371255084177	108	921	393	click
1367453657831	131	727	272	click
1370363470947	18	27	34	show
1371487618283	20	269	188	click
1371662341848	104	913	226	show
1367847690978	40	164	20	click
1372105861005	55	363	494	show
1367370920622	21	537	122	click
1369348533957	61	374	134	show
1369030507407	45	194	155	click
1366741583334	105	247	103	show
1370435323233	119	691	405	click
1371651019922	37	169	301	click
1371032327015	111	712	161	show
1369707508006	150	653	19	click
1372972723720	34	206	476	click
1374006742984	12	643	463	show
1372628318588	144	148	456	click
1374101488755	86	493	135	show
1372232994209	12	210	223	show
1373010698565	135	444	333	click
1370562961093	87	168	319	show
1369046502241	140	619	94	click
1369805086914	100	941	438	click
1370906755094	17	240	8	click
1369915183715	146	852	415	click
1367742543021	17	391	356	click
1373181290498	85	784	97	click
1373775087606	137	627	279	show
1367787889219	105	886	311	click
1367989401018	44	798	198	click
1373178073775	31	975	55	click
1370967347418	15	215	457	click
1372798153633	66	64	312	show
1368992328114	114	858	266	click
1371181932479	74	946	348	click
1367127075487	16	518	152	show
1371367734744	139	891	128	click
1371943269951	123	681	64	show
1366966716733	116	254	463	show
1372552343922	41	638	49	click
1367685729534	22	480	171	click
1373375490078	77	821	445	click
1373764940325	64	351	485	click
1369486580135	126	771	289	show
1373746643940	118	966	169	click
1368810873729	101	179	11	show
1372686039895	148	986	299	show
1373282614754	13	8	319	show
1369944303680	40	963	226	show
1366473783429	51	283	494	click
1366393507576	149	671	373	show
1366859573461	116	777	199	click
1368844279905	117	298	472	click
1373340636115	97	366	77	click
1373128033421	37	608	155	click
1366919695011	18	712	13	show
1367175519433	76	788	192	click
1368386825704	29	444	289	click
1370744588374	130	278	489	show
1367484406570	42	576	482	show
1366419710373	93	445	283	click
1372121606741	38	538	271	click
1372948357739	46	716	260	show
1372779202398	144	42	449	click
1368599516609	8	256	306	click
1366890484562	50	730	34	show
1366541472795	70	560	228	click
1373416580727	119	164	13	click
1372102539083	25	173	146	click
1368520546742	123	348	53	show
1370200196844	11	683	451	show
1367594323151	133	818	405	click
1366522968593	89	820	194	click
1373106115298	16	224	121	click
1368497936743	137	394	167	show
1373367862956	17	450	400	show
1371714278265	17	637	35	click
1367061419368	42	2	64	show
1369875770939	107	418	351	show
1369304293193	88	448	391	show
1368168710470	124	885	45	show
1373106164786	114	505	46	click
1368574933600	142	434	351	click
1372552686428	29	430	180	show
1368153786375	9	380	390	show
1368344659784	17	757	91	show
1372293494131	142	323	64	click
1372151022735	126	120	482	click
1368662548683	33	568	379	click
1366593832757	141	112	319	click
1374121399826	150	441	207	show
1370258137969	83	561	91	show
1370251436007	145	710	470	show
1366559562537	32	872	126	click
1370704326052	72	404	11	click
1374044450371	53	8	257	show
1366642546512	8	656	298	show
1370686668164	21	394	235	click
1367253495403	110	980	96	click
1366536708779	82	320	309	click
1373960202214	86	636	118	click
1367091059538	145	124	22	show
1368362272817	55	513	488	click
1368587895609	119	123	226	click
1369758373818	16	177	147	click
1370395450237	2	548	215	click
1371311329939	8	585	88	show
1367369147841	33	344	500	click
1371639118131	80	538	122	click
1373818027499	15	838	322	show
1371134882906	50	599	111	click
1373360545544	77	442	216	click
1373746946725	34	362	123	click
1366676525214	143	826	403	show
1372444921412	5	887	420	click
1367266198146	94	380	189	show
1370470170450	88	989	280	click
1369497670613	122	229	461	click
1367203893959	83	138	275	show
1373911291676	27	208	489	click
1369054776716	38	273	71	show
1367432036546	3	133	202	show
1372079748908	44	930	464	click
1366723251142	41	660	136	click
1373321832740	62	674	135	click
1373338672160	42	439	144	click
1367125194646	129	579	77	click
1368629442660	145	723	449	click
1370830626463	54	764	420	click
1369808824267	23	590	241	click
1369374068835	74	141	335	show
1373297633191	93	659	55	show
1369788506081	64	973	183	click
1367298275608	146	63	81	show
1367697954038	44	284	234	click
1368180434694	26	144	148	click
1373768518348	70	679	34	show
1368967241768	73	382	142	click
1367982074662	23	428	72	click
1370803444029	60	621	362	show
1370827230686	59	20	109	show
1367396885203	36	639	58	click
1373199527013	93	436	389	click
1367920446163	108	210	349	click
1369860814439	10	380	31	show
1370681811882	97	573	40	click
1373545733819	19	944	345	show
1370231440789	2	323	123	click
1367848982897	108	574	48	show
1372518770368	150	164	147	click
1367334821790	149	203	372	click
1373323678009	94	599	500	show
1368271313404	105	11	179	click
1373431373780	27	53	487	show
1371402411986	123	591	427	show
1369889462254	28	381	145	click
1373420051215	120	595	121	click
1372262152147	2	813	431	click
1370166355886	4	428	184	click
1370339760012	70	668	325	show
1373875753608	39	32	368	click
1369037906170	79	517	44	click
1372579450224	75	702	150	show
1370263978821	37	147	499	show
1371514856774	91	576	152	click
1373530733579	111	763	49	show
1373135755929	55	260	101	show
1366579038039	58	271	358	show
1372937196227	1	378	32	show
1372007518263	134	876	206	click
1373656252165	98	316	39	show
1367592330841	44	349	96	show
1369152784586	14	258	50	click
1370114843511	73	167	469	click
1369669257823	96	943	60	show
1368978682083	24	800	411	show
1368900414387	49	185	373	click
1373886614821	42	713	407	click
1366689034672	72	37	137	click
1367725089000	59	658	250	show
1373494291920	114	321	164	click
1371179983635	130	289	34	click
1371242255049	108	794	64	click
1371077074550	115	812	139	show
1372563058792	147	444	285	show
1369295725491	64	816	490	click
1372840470511	118	324	145	click
1368303540222	62	280	377	show
1371208576160	58	476	487	click
1372331937496	37	225	165	click
1371870871121	83	620	271	show
1370272396156	74	828	107	show
1368006901096	58	994	422	show
1367330271700	94	493	130	click
1369814382332	4	222	439	click
1370981543853	86	382	197	click
1367119676141	125	836	62	click
1371369385335	117	62	403	click
1369047200163	147	773	459	show
1367197732181	1	316	44	click
1366986954238	2	308	334	click
1366603229853	137	597	375	show
1369508940817	54	713	70	click
1369048395917	124	536	281	show
1370660849104	124	996	282	click
1373996471851	64	631	72	click
1366811718857	86	804	176	show
1369040226651	59	158	279	show
1369235306836	22	782	262	click
1366928562127	127	599	165	click
1372228039820	63	168	194	click
1371245986308	2	957	462	click
1367283157031	67	354	11	click
1370710477332	110	710	223	click
1369023863938	99	546	266	show
1368607610460	99	418	339	show
1372810643536	42	150	171	click
1373548236862	20	192	497	click
1369314618267	138	97	242	click
1373233419239	12	851	310	click
1371195745032	60	331	168	show
1370296969937	79	631	329	click
1366824558674	63	354	311	show
1373063624185	138	881	235	show
1373678052172	10	387	447	show
1368474551358	141	713	233	click
1368930368582	11	923	144	show
1371698687697	116	852	171	show
1370973914907	63	509	5	click
1373835723331	4	875	59	show
1370537125112	19	6	89	click
1373542589888	128	949	105	show
1370369884119	110	797	306	click
1372768443477	122	255	172	click
1370431638865	41	468	30	click
1367057180794	29	557	255	show
1368855042216	58	751	9	show
1367863385508	125	616	373	show
1367001090484	148	442	314	click
1369367642921	122	69	302	click
1369286048830	3	615	59	show
1372381758414	3	787	142	click
1369744173943	64	993	303	click
1366996369556	32	509	159	click
1371817023743	49	644	287	show
1366987951934	122	521	265	show
1373426671082	66	891	187	click
1368332448238	86	623	136	click
1373379008922	16	808	404	show
1368912902401	55	24	166	click
1373715899974	1	630	319	show
1369280026364	118	340	145	click
1366440059185	147	674	99	click
1368823320784	15	465	221	show
1374120433125	60	210	75	show
1371329279817	16	728	205	click
1371862918491	145	541	66	show
1372865463452	10	267	120	show
1372677549470	93	657	221	click
1366466253124	141	900	16	click
1373253569498	135	791	5	click
1369005526855	98	338	204	show
1371737110890	52	957	408	show
1371635731950	124	720	188	show
1373447702718	125	661	175	show
1368614879254	138	32	498	click
1372299450090	51	970	289	show
1367305889502	129	277	163	click
1367631587028	132	644	493	show
1373125388059	95	895	385	show
1369273317804	134	159	24	click
1373549507856	82	492	120	show
1372740079519	50	834	362	click
1367017048525	86	473	123	click
1366669989567	47	785	28	click
1373091882765	39	963	389	click
1370869583351	55	663	471	click
1369048529048	97	197	394	click
1371803281350	7	978	362	show
1373809084560	133	494	226	show
1368700794526	23	407	343	click
1371656106839	8	971	142	show
1374150814854	105	654	374	click
1366539356234	16	666	436	click
1372891607694	103	573	183	click
1372178821873	123	766	44	click
1367309981147	70	241	136	show
1367520622509	40	803	318	show
1371420765306	49	745	382	show
1370236242762	100	77	441	show
1366448424658	131	419	377	click
1372226793652	53	316	16	click
1370115439335	16	948	197	show
1370298420081	23	680	449	click
1367628233738	29	199	156	click
1370783523756	134	434	106	show
1372731894188	100	337	156	show
1370051887126	108	268	360	click
1367569362291	149	548	36	show
1366924900125	62	217	148	click
1369761626387	86	986	304	click
1369382312835	77	752	420	show
1369219680638	100	425	92	show
1368118540044	90	392	179	click
1371433407408	34	890	463	click
1371997165862	56	230	107	show
1373777434172	77	917	476	click
1367515728204	17	962	296	click
1366674354707	130	845	89	click
1367985165454	103	704	69	show
1373731498571	27	978	362	show
1372844265144	133	953	378	click
1369924516162	41	28	256	show
1373783347918	131	470	43	click
1370876832263	80	304	305	show
1370681370147	34	380	200	show
1366623502132	98	13	265	click
1368328972753	27	364	322	show
1370250627330	49	268	225	click
1373928589118	90	532	154	click
1372968100999	129	493	4	show
1371693133295	111	722	500	show
1370029053258	120	490	384	show
1369232612824	85	613	16	click
1372979775245	8	984	426	click
1372034215533	15	543	380	click
1367538279138	64	337	160	click
1372535990176	46	406	103	show
1368915568453	101	307	266	click
1372453215945	127	330	147	click
1367314907194	142	716	95	show
1367128092710	86	997	474	click
1370063931517	50	981	186	show
1373388734427	124	256	145	click
1369571364829	115	257	222	click
1367632571690	95	527	404	click
1370611344939	73	234	151	show
1367569531167	80	790	495	show
1366726117170	65	644	258	show
1366865109013	51	335	89	click
1369403905885	108	871	388	show
1372048232557	69	135	80	show
1367127273224	3	981	206	show
1370793710742	144	45	198	click
1372835310271	9	787	324	show
1366614755415	33	764	54	show
1368700089804	61	636	426	click
1370815002293	149	850	87	show
1366921065791	77	311	474	show
1373343426926	87	906	269	click
1367395410490	90	766	39	click
1370470322253	84	171	175	show
1368063050166	86	173	487	show
1366383502730	118	291	492	show
1369990493263	103	92	309	click
1371684577878	128	681	24	click
1366534145934	86	770	470	show
1373705146686	127	464	286	click
1370350078078	58	41	358	show
1370569658678	50	741	491	show
1373841211297	97	700	298	show
1366514700175	105	322	67	click
1372827628879	133	415	321	click
1368324273637	20	609	47	show
1368311785326	2	283	426	show
1371464451473	21	653	434	show
1371393641452	104	305	335	click
1370674221276	46	388	206	show
1372602001779	63	525	265	click
1370991782496	101	454	369	click
1367752338714	27	665	447	click
1367485517043	78	749	131	click
1368899617420	88	824	95	show
1374025089956	82	622	491	show
1367096165616	47	477	424	click
1373466831261	22	901	91	show
1373477146782	133	198	206	click
1373255491212	75	319	284	show
1366955817673	104	793	271	show
1368312883417	6	801	426	click
1372975984926	115	851	366	click
1369992743080	141	536	128	click
1369891908756	90	150	89	click
1373661545928	147	329	312	show
1369181949204	98	240	142	click
1374099488582	113	69	318	show
1366990542342	91	93	96	show
1372976743083	21	920	163	show
1369714519212	98	161	376	show
1367144873428	101	572	125	show
1373891465823	79	105	221	click
1371194963884	88	436	7	show
1373271355836	149	906	160	click
1370738481693	65	81	17	click
1369986583066	43	765	309	show
1370576166301	79	88	25	click
1366650671100	138	989	193	show
1368092002602	16	451	269	show
1370559414026	12	890	101	show
1371944101355	136	900	233	show
1372474264595	10	509	174	click
1367879829024	132	673	21	click
1368147496704	126	117	470	show
1370426083461	25	571	493	show
1374015083331	125	84	265	show
1373782999214	67	349	36	show
1367912566798	48	420	46	click
1373790395539	87	582	377	click
1368933328784	127	869	241	click
1366921076996	99	948	346	click
1367636795753	13	605	377	click
1371950270114	4	522	270	show
1369883092992	97	945	120	click
1367775492642	64	800	338	show
1371505554728	27	363	159	click
1373044086602	115	794	169	click
1372587345655	129	915	140	click
1373476505482	84	963	47	show
1370976776526	132	394	64	show
1372490011708	49	949	290	show
1373524337088	1	149	343	click
1373652349402	84	52	59	show
1371197778855	95	209	220	show
1369444304886	130	422	487	show
1369975559066	130	739	400	click
1369662345179	38	788	352	show
1371122933406	137	960	409	show
1368969851974	87	106	189	show
1369838854552	33	660	428	click
1366989956909	13	907	337	click
1369300657822	56	359	465	show
1373184325436	149	376	195	click
1367824827745	38	206	222	click
1366546933326	13	343	449	show
1371626175443	84	63	309	click
1372190175351	17	643	34	click
1368485330860	74	581	283	show
1370725365938	5	584	481	click
1371500498538	61	831	306	show
1368158042900	138	301	12	click
1371920400515	150	813	245	click
1370618374299	1	741	71	click
1367052875234	143	768	378	show
1371997915627	77	682	54	click
1373845335657	55	970	36	click
1372117261636	113	240	400	click
1368610442052	104	579	192	click
1372929070790	104	849	452	click
1373801191684	2	60	121	click
1369564046670	87	864	328	click
1367528333271	111	606	80	show
1370289164321	27	110	467	show
1366717858438	92	306	30	show
1373834300095	48	22	396	show
1372254728158	3	117	371	click
1367204972793	117	968	438	click
1367508838535	40	582	452	click
1371312342526	118	177	182	show
1366923026586	49	837	306	show
1369115291092	124	397	500	click
1371941204206	51	675	155	click
1372799206420	145	109	369	click
1368193963381	103	591	101	click
1371956325185	106	586	282	show
1368786278269	59	598	83	show
1370958636010	105	796	65	click
1373611307721	50	260	32	click
1366434738185	108	445	251	click
1371438600208	65	37	113	click
1373997324046	105	110	188	show
1367619439826	83	595	489	show
1372528061438	62	758	300	show
1370036451419	28	573	440	show
1369022831974	134	690	270	click
1370549108055	4	872	292	click
1371367006828	62	837	376	click
1369623139176	49	358	167	show
1368931890967	30	658	204	show
1374115031427	75	247	362	click
1373710194133	11	791	24	click
1373407502396	82	256	300	click
1368610398266	109	361	102	click
1367891629670	91	457	27	click
1373920485740	143	769	15	click
1371426342636	117	695	202	click
1373955850706	44	400	45	click
1372636085522	44	730	326	show
1372317791499	53	442	46	show
1367179423581	29	754	10	click
1367834565077	104	884	115	show
1369744319348	138	105	417	click
1370273622721	107	659	420	click
1372411443801	56	922	485	show
1368777972588	126	605	45	show
1369101864192	106	419	1	click
1372480652432	119	383	336	click
1370280007009	93	431	348	show
1367957451898	3	375	220	click
1367746270040	55	85	221	show
1372926719876	88	303	217	show
1369985011521	139	488	191	click
1372568300990	57	110	42	click
1368296374424	130	422	393	show
1373118008550	54	315	110	show
1372023338625	110	307	404	show
1371441008882	57	366	251	click
1367692967169	9	785	146	show
1367980516213	91	599	248	show
1372985064793	148	969	107	show
1367649032021	116	626	373	click
1368080457269	20	869	412	show
1367161155426	84	857	113	click
1374000721376	3	550	57	click
1372424408819	83	228	265	show
1367196471420	132	767	78	show
1367706551950	100	20	365	click
1368881494661	28	635	197	click
1370569059929	2	152	461	show
1368693652262	117	218	207	show
1371981272028	15	83	461	click
1366505377583	53	393	268	click
1368560472926	122	245	20	click
1368901299126	99	427	20	show
1368828969455	94	564	138	show
1370311801269	109	944	118	click
1370128874430	117	446	339	show
1367872468244	144	449	230	show
1369725199799	38	988	333	click
1366879240411	79	918	185	show
1370387351838	66	971	241	show
1368187483089	47	490	215	show
1373263059817	37	452	108	click
1366373556039	4	238	354	show
1371967280580	12	860	265	click
1368561834457	92	54	409	show
1370645144773	145	382	38	show
1373767074892	95	230	168	click
1367085513022	119	60	407	show
1369308354361	25	54	463	click
1373290320935	86	425	377	show
1367690088114	8	625	213	show
1366729792253	5	786	187	click
1370854363463	62	287	497	click
1369503427639	82	335	471	show
1369465415752	93	334	223	show
1372592625268	71	237	201	click
1371668199373	29	32	211	click
1372136142583	124	32	194	click
1367503507607	34	718	313	click
1374002186004	35	113	271	show
1370621149686	72	722	145	show
1371197935878	27	662	16	click
1368149138623	121	895	239	click
1369677796501	125	872	197	show
1372340668038	9	523	250	click
1368394439594	49	591	64	click
1368557018404	141	603	104	show
1368807489246	75	777	56	click
1367946354289	105	719	303	show
1369315374593	45	579	60	click
1370977670690	5	799	329	click
1370619213583	72	317	89	click
1366853365615	8	907	424	show
1369485057482	54	449	5	click
1370514767819	61	145	450	click
1372286573656	2	799	258	click
1366812311051	119	361	422	click
1370587564735	72	174	459	click
1370131709225	116	561	179	show
1374104229850	78	711	317	click
1372077543906	47	507	294	click
1370017178714	140	333	306	click
1366690320228	120	221	3	click
1368821633418	49	755	84	show
1368989586509	22	692	38	click
1367262265747	100	910	339	show
1373057976076	80	812	247	click
1369348804701	92	866	21	click
1371893855342	120	737	164	show
1373444066999	130	379	327	show
1371421153957	53	725	360	show
1369844127321	32	807	199	click
1370085731476	31	431	417	click
1372228026560	119	308	500	click
1369120120605	32	445	296	show
1370004337366	69	737	175	show
1367293195473	77	994	117	show
1368237486452	128	969	174	show
1373164151799	6	211	366	show
1366895386834	131	274	459	click
1366640838405	147	505	324	click
1368177279867	116	387	155	show
1372837590172	29	99	370	click
1371824407729	127	719	248	click
1369957716450	14	535	242	show
1367769293990	78	905	472	click
1370476290271	45	3	478	show
1373429639542	149	24	248	click
1373993360782	80	55	160	show
1367107554093	121	10	171	show
1369033036349	111	764	161	show
1369286364655	120	199	64	click
1373621407601	44	712	168	click
1367552804975	44	317	138	click
1370179083407	58	414	261	show
1373004188001	45	785	209	show
1371131717530	96	268	226	click
1368933131699	140	293	430	show
1373757998273	17	185	460	click
1370275217553	87	775	157	show
1371086045180	30	46	274	click
1372091111830	108	569	146	click
1369484103912	80	237	148	show
1367244452531	104	901	209	click
1371599028234	126	401	238	show
1366916294510	42	524	168	click
1371381474633	3	501	315	click
1374099152420	8	281	199	show
1366401586031	82	512	126	click
1366573366651	77	954	190	click
1372907116671	36	190	494	show
1366538149742	28	820	422	show
1367204101140	28	578	239	click
1368294128916	9	757	152	show
1370199143050	94	86	169	click
1367937250653	15	240	427	click
1372718897259	111	401	457	click
1368518598298	112	437	416	click
1367163806663	99	853	1	show
1367157737948	27	239	404	show
1366476292876	142	786	245	show
1371315142220	32	62	487	show
1368520620242	23	914	421	show
1370446334418	89	550	7	show
1368165043827	93	496	22	click
1371985922069	74	866	157	click
1370244912660	75	779	300	click
1370685911277	100	692	473	show
1370024502751	10	295	398	show
1367398010658	86	91	65	click
1367294983581	1	731	227	show
1373361471654	2	59	337	click
1373711103901	55	470	125	click
1372401472775	2	296	286	show
1373272834625	127	298	86	show
1366418013997	26	124	277	show
1368138416611	32	69	140	show
1372146996123	11	849	98	click
1368681623964	43	266	355	click
1370852359021	138	672	356	show
1372597394181	9	735	149	show
1371179629881	99	511	429	click
1370200809838	57	795	435	click
1371763343207	132	226	29	show
1368700660066	125	796	204	show
1373064431148	75	203	35	click
1368586759919	143	81	426	click
1373678865894	12	529	70	show
1368061048671	105	512	461	show
1366961726871	33	127	152	show
1370340934764	88	402	203	click
1372389314946	73	590	152	click
1373991110597	79	360	121	click
1371640204126	129	627	229	show
1368646239766	112	634	438	show
1368387828187	43	894	161	click
1367897505764	25	624	86	show
1367273238324	112	299	37	show
1371855259699	39	567	355	show
1373178685746	99	839	265	show
1371825321315	114	806	450	show
1373406575150	78	308	453	click
1370068236978	103	314	4	click
1367684019578	95	551	133	show
1367896131205	137	955	76	click
1371758069294	100	612	447	click
1371913217702	65	117	353	click
1373409499659	44	673	151	show
1366784457064	32	975	21	click
1370674684696	69	547	420	show
1372786100664	57	983	283	click
1369702189368	37	211	92	show
1368830801468	101	103	87	show
1372990603270	25	81	434	show
1372509707822	40	568	429	click
1369936571015	37	787	373	click
1373736711024	2	169	199	show
1369928752997	47	728	239	click
1368560405116	100	260	338	click
1373501934311	15	898	44	show
1372762535569	114	397	373	click
1367382592451	24	720	498	show
1371352893956	129	38	67	show
1370482770518	24	749	307	click
1373482166398	98	351	155	show
1371980678313	131	252	287	click
1370922515025	126	50	211	show
1371007414860	80	669	183	show
1372015031766	33	7	164	show
1371867544008	122	981	279	show
1372336601764	4	444	491	show
1372970070415	43	267	380	show
1373115057849	71	51	394	click
1370851737021	119	10	321	show
1370512901751	31	857	45	click
1373059650380	86	107	68	click
1373929297249	2	661	104	click
1371969620662	56	216	71	click
1368239591266	122	728	245	show
1367087144366	143	902	80	show
1366434629788	10	697	192	click
1368837261131	35	744	113	click
1372807273008	108	687	318	click
1366887762402	105	246	499	click
1372461842408	106	896	160	click
1372497394286	29	477	418	show
1369605689278	112	506	85	click
1373663277801	32	884	98	show
1368629220970	91	317	346	show
1369176074283	25	287	471	show
1366403005641	23	245	170	click
1373670760318	68	815	486	click
1366517575983	14	329	13	click
1369601176553	20	269	342	show
1367622443705	116	257	359	click
1373062241391	142	911	345	show
1373807038538	47	622	66	click
1366529793657	5	785	191	click
1368430884812	77	871	353	click
1373214198561	59	491	129	show
1373338604819	41	889	479	click
1374130886276	23	570	187	click
1372448789483	26	937	477	click
1373181296386	28	311	423	show
1372375174444	115	257	326	click
1369033719749	53	839	70	show
1367793976443	74	469	385	click
1370755706690	81	620	406	click
1370958485204	96	531	147	click
1372646743716	30	546	73	click
1369796088207	3	740	227	click
1366828767401	134	735	74	show
1370152682606	65	365	430	click
1369538619225	67	221	287	show
1366940869469	36	332	278	show
1368585387553	4	683	292	show
1372490615292	71	871	19	click
1372099407675	107	924	244	show
1370661566051	79	597	382	click
1372089270019	143	918	463	show
1367815569150	69	3	89	show
1370563451457	131	855	24	click
1369325710029	22	470	239	show
1374061792272	66	977	104	show
1367929723256	130	862	316	click
1369486574431	113	619	113	show
1371717400166	48	873	41	show
1369652361842	18	996	189	click
1371104110632	150	299	235	click
1367559952641	95	74	247	click
1368231884997	37	355	28	show
1371606897835	100	816	29	click
1369637640008	17	464	132	click
1372602702358	52	226	154	click
1369851344275	49	199	152	click
1366632276462	150	346	192	show
1372757719482	43	930	430	show
1368253328764	135	237	282	show
1372676689631	85	453	403	show
1369689980986	101	294	396	show
1373877529730	1	558	171	click
1373839257099	31	757	332	click
1370785590906	63	956	306	show
1373806249043	112	577	200	click
1372440946838	49	612	366	show
1371897298129	85	1000	287	show
1371798923968	63	991	203	click
1373021456161	66	169	308	click
1368155712757	111	83	145	click
1372324876968	50	232	434	show
1369966318278	55	818	430	show
1368848446763	104	748	398	click
1372763718405	103	674	163	click
1370802443039	6	579	118	click
1374054981995	19	962	250	click
1370143797635	29	483	81	show
1369510829367	28	681	271	show
1370302698948	111	69	238	show
1370384019030	46	362	476	click
1373648011185	113	678	383	click
1371239319989	55	983	500	show
1368032474805	121	157	31	show
1369763059144	28	834	51	show
1372980747784	72	667	445	show
1369313745213	22	932	166	show
1373921685012	70	485	459	click
1372232425212	17	680	361	click
1369465523673	48	888	252	click
1367812075106	148	634	34	click
1369460755908	137	402	130	click
1371595265238	69	829	108	click
1368249011039	32	551	92	click
1371541840630	122	286	268	click
1368836342942	105	477	481	click
1370433359167	131	503	119	click
1373555266776	26	449	491	click
1370323468224	107	205	485	show
1369730941688	66	617	340	click
1370511972679	25	981	356	show
1371520244204	60	687	202	show
1368544786365	7	29	133	click
1373619333561	95	636	16	click
1373129932381	98	478	268	click
1367118586418	1	11	127	show
1371710389164	45	78	461	show
1372290098823	135	481	492	show
1366499438498	147	535	23	click
1372166938689	7	24	318	click
1369812625101	35	318	316	show
1371510496749	101	924	146	show
1370534386805	96	12	329	show
1367334064957	129	670	308	click
1370632348702	103	956	388	show
1367157905048	133	552	75	click
1374072388838	54	489	273	click
1372033962436	32	754	216	show
1372615948609	89	918	177	show
1371935145500	140	630	471	click
1373080561704	84	186	344	click
1368235200883	89	426	204	show
1368557841167	32	553	451	click
1373737252416	7	949	500	show
1366863070407	32	763	52	show
1371789184392	54	823	34	click
1369433266055	68	426	217	click
1368766341352	133	838	413	show
1372691432269	112	520	171	click
1371253083312	40	889	242	show
1372863351320	140	929	30	click
1371575290943	132	569	101	click
1368957126785	59	930	297	show
1370814882644	121	603	351	show
1369208982220	130	637	313	show
1370902089222	64	43	5	click
1369548770697	135	41	174	show
1371754954284	124	760	421	click
1368907646608	72	22	92	show
1373293925064	122	988	361	click
1370289370377	52	426	130	click
1366842831920	59	530	62	click
1367697865876	130	918	30	click
1374179566692	74	169	15	show
1367162522952	88	135	268	show
1372877879447	117	227	418	click
1370827723891	120	218	294	click
1368209608740	2	987	223	click
1371082513553	3	463	271	show
1369178210624	19	47	291	show
1373662471579	106	639	76	click
1370052630650	130	33	81	click
1372151283448	109	737	313	click
1371667995626	26	245	184	show
1372494069907	42	33	194	show
1366964452979	63	652	101	show
1371485226746	44	986	381	show
1368886348823	32	376	242	show
1368088757339	37	686	92	show
1374077777447	126	413	54	show
1367744751968	92	369	319	click
1372548886753	115	387	231	show
1367926678684	88	740	428	click
1373621115556	112	90	125	click
1367445481164	3	446	468	click
1370485717790	117	53	298	click
1372339893694	83	45	264	show
1367470250093	121	781	353	show
1374048766087	108	270	42	click
1367833376009	87	320	123	click
1373523202637	84	589	236	show
1369597816833	38	861	391	show
1373582732644	110	473	457	click
1370329368110	58	157	307	click
1369861525130	19	791	381	show
1371460481566	126	565	70	show
1374014977835	137	797	446	show
1373021116437	113	418	304	show
1371651681432	61	466	75	click
1370787234085	108	372	136	click
1367336112357	54	929	190	show
1370036589616	72	645	413	click
1372633959435	16	674	70	click
1370634475307	38	733	118	show
1367259248115	47	789	227	show
1366765002304	45	489	428	click
1366592498049	1	963	174	click
1366390044892	13	737	486	show
1368874489037	101	741	385	show
1372544328284	96	140	233	show
1373449780095	7	900	416	show
1371601302974	83	247	374	click
1368152828182	45	126	418	show
1368487352159	16	890	369	show
1368180796997	2	715	387	show
1373194795327	104	774	274	click
1370287293731	41	178	237	show
1370155880001	34	308	418	click
1370850018112	111	326	496	click
1367260072062	75	901	5	click
1367818031531	123	795	200	click
1368228769964	23	704	106	click
1369798772139	108	110	191	click
1370030391170	68	764	411	click
1367877269107	56	491	397	click
1367683195360	119	652	222	click
1373361424375	74	888	24	click
1367967321717	111	753	290	click
1366859639149	148	559	163	click
1373119316177	26	409	210	show
1366894524014	1	546	338	click
1368854452563	129	424	197	click
1368374189705	121	338	332	show
1368173075777	64	325	141	click
1369050217972	111	701	322	click
1368829549204	52	902	291	click
1371578630236	61	424	416	show
1367520186704	55	609	235	show
1367901406093	115	121	247	click
1370392990235	92	579	493	show
1367777991114	130	845	83	show
1370902589215	73	787	467	click
1372575843455	147	536	148	show
1371879328996	55	99	493	click
1369972758459	106	885	362	show
1370665524744	123	604	31	click
1368975086371	13	882	441	click
1371088469684	120	900	256	show
1369074694403	39	655	103	click
1372375633200	101	505	274	click
1374011606137	54	199	423	show
1374064993838	106	904	313	click
1366529613669	80	552	9	click
1368752410095	148	515	449	show
1367370386197	67	234	274	show
1370241904399	110	930	17	click
1368351303132	114	770	361	show
1373247673906	65	650	308	click
1368251253125	80	227	270	click
1369751381158	126	993	210	click
1369016389100	117	63	124	show
1369569344915	59	713	100	click
1369301581281	105	205	477	show
1368270624648	3	457	180	click
1367116684490	41	58	215	click
1370549097678	37	969	415	click
1373147242171	120	920	397	click
1367563244976	2	483	79	show
1370497332856	16	936	140	show
1366446513931	111	491	347	click
1371081086521	89	780	453	show
1370102773866	87	160	127	show
1370125160944	131	812	458	show
1367719186090	27	88	76	click
1370643779668	104	938	137	show
1367431168573	6	583	304	show
1368038844088	106	317	45	show
1366547366559	77	7	416	show
1369411884266	32	204	464	click
1373715778223	79	174	34	show
1368793966237	109	649	17	show
1371628615450	122	63	261	click
1372711738253	66	559	477	click
1371666268123	48	320	266	show
1368516718171	68	18	238	click
1373213722825	142	981	270	click
1371014953396	72	880	72	click
1373955764445	103	798	379	show
1372158201484	53	998	50	show
1371512947909	60	761	104	click
1371179876715	7	334	306	show
1371391680743	12	883	88	show
1369372828489	148	565	98	click
1370439675814	32	186	38	show
1368951499796	30	843	440	show
1367188415954	125	220	288	show
1372957700962	129	574	326	show
1372018325390	81	809	482	click
1370882665540	98	728	87	click
1373951820188	145	532	257	show
1366726675650	11	451	419	click
1370307786872	46	340	477	click
1371271956578	50	305	319	click
1370204728211	62	334	398	show
1371261700710	30	367	186	show
1369620492007	139	216	1	show
1367242746003	80	933	315	click
1366713136024	132	177	221	click
1369672725695	15	886	391	show
1366411004892	125	680	228	show
1372155300998	126	972	199	click
1369039970251	74	117	186	click
1371764368877	118	415	147	show
1369772215192	50	13	78	show
1371506164771	90	760	103	click
1368276166637	100	386	287	show
1367921869553	109	49	440	show
1372561997400	73	768	496	show
1374057307726	148	9	79	click
1373603762443	105	159	109	show
1371725685966	2	728	46	click
1370485237421	107	16	62	show
1369737017731	84	860	364	show
1370394588088	24	100	122	click
1370348341462	46	854	72	show
1366714620680	9	795	164	show
1374075557842	109	292	250	click
1373014384961	51	174	11	click
1369212011593	123	530	252	show
1373331428560	117	191	458	show
1369694740268	11	637	111	click
1367555354451	15	401	323	show
1369230695477	40	511	9	show
1366467560397	19	779	113	show
1366998126440	39	403	464	click
1372686018083	130	262	248	click
1368991185252	117	789	229	show
1372128915880	113	811	370	show
1370875815834	45	421	284	show
1366638344438	29	377	350	click
1371870934492	109	709	62	click
1372627247939	125	289	251	show
1367427444625	17	343	278	show
1369294657338	22	365	357	click
1368592576055	82	643	147	show
1372583712258	98	289	375	show
1366485020794	2	104	203	click
1366521059281	50	221	394	click
1367161580479	136	374	493	click
1367020025680	34	942	153	click
1366716841237	104	397	6	show
1367520059203	112	574	248	show
1369048855689	19	54	401	click
1369532687491	20	672	254	click
1373446958596	136	85	166	click
1369247310377	45	739	419	show
1370185659145	23	119	52	show
1369943079193	129	914	416	show
1372961510056	94	766	301	click
1370021347129	59	17	418	click
1370096215374	63	63	171	show
1371611202866	79	598	153	click
1369370817064	123	232	117	show
1366706634187	23	49	257	show
1374121193053	6	151	416	show
1373461497369	27	647	305	show
1366818165469	42	513	388	click
1373646159563	146	161	458	click
1367154933474	86	146	425	click
1370989613233	47	785	227	show
1367572290434	35	398	344	show
1373517151914	64	116	217	show
1373395912105	88	376	278	show
1366447594896	19	28	304	show
1367241654661	108	126	375	click
1372075440883	17	993	443	click
1368316217423	83	53	201	click
1366784181451	113	102	299	show
1374003910150	85	274	16	click
1368274507668	34	877	230	click
1371496995549	86	108	103	click
1370254896518	49	293	281	show
1371732895789	15	91	444	click
1367636134265	83	643	173	click
1373577782409	46	167	433	show
1373225518044	135	515	39	click
1373240130126	100	10	306	click
1367788048998	28	222	99	click
1371038356937	58	851	82	show
1371941978830	32	456	343	show
1366748932321	35	453	413	show
1370400104477	127	474	13	click
1369081218444	53	482	121	click
1369925704043	84	340	478	click
1370275597469	74	904	168	click
1367551280257	114	513	217	click
1369079903747	20	954	237	click
1374035166449	106	965	16	click
1371378076734	115	941	263	click
1373171790822	128	445	140	show
1368422023756	75	224	189	show
1373374570937	140	208	105	show
1372843725973	5	378	392	show
1370373156159	20	953	397	show
1372632920856	43	469	156	show
1369475214467	86	365	182	click
1368817292003	149	936	313	click
1370949266448	102	14	301	show
1366415854309	16	192	196	show
1372665552161	87	398	87	click
1373894801269	148	730	162	show
1372272096377	22	34	492	click
1370940356962	68	303	405	click
1371499512180	148	275	374	show
1366634610761	80	193	16	show
1369479335712	116	237	461	click
1374182839620	145	634	425	click
1366606195952	101	102	13	click
1373009470968	121	161	293	click
1366675840243	129	232	70	click
1373578225325	77	310	204	click
1371273435660	8	309	112	show
1368371627045	40	181	154	show
1369758872128	20	923	479	click
1373100757285	105	825	287	show
1370705188038	95	863	89	show
1368871723575	97	770	396	show
1368670979088	73	425	467	show
1370930997723	18	683	24	click
1368840468074	86	771	358	show
1371753785901	43	123	201	click
1370573095591	148	916	363	show
1368031351131	103	878	316	show
1373180773503	66	103	486	show
1373257665366	143	410	254	click
1371993650123	9	773	204	click
1371045703018	89	663	84	show
1367241707332	50	938	473	show
1368386386846	116	865	373	click
1368484468705	56	256	327	click
1367986891645	22	65	82	show
1372225902262	24	385	439	click
1368333796143	12	560	424	click
1368259046793	30	646	355	show
1367665033275	35	968	134	show
1373451804800	65	144	449	show
1366733206024	113	776	31	click
1371056310372	16	955	24	click
1368467253607	32	36	433	show
1372414543148	68	542	71	show
1368931387472	110	749	405	show
1372761792840	69	329	486	show
1371597776820	6	695	212	show
1371904052644	138	585	265	click
1366999235072	149	929	77	show
1369081274834	101	367	251	show
1370141641966	11	455	273	show
1367510275434	58	834	426	show
1372242859362	43	152	153	click
1374031270352	48	43	421	click
1371609692351	15	311	199	click
1367212759970	50	93	61	show
1366593178273	98	505	66	click
1373639138398	99	978	35	click
1369978641271	121	881	157	show
1374142799979	3	822	429	show
1374063910405	18	188	348	click
1370955680111	41	611	353	show
1374065548658	50	414	379	click
1369851104134	23	291	39	show
1369163324268	89	750	270	click
1371525175612	51	913	154	show
1370356857121	134	149	471	click
1370962703486	9	312	437	show
1371374331278	44	334	343	click
1373971476596	134	152	302	show
1369258498547	4	113	359	show
1371622108806	81	745	350	show
1366593891209	44	457	128	show
1369397302933	113	455	74	show
1366796253162	127	756	380	click
1366921816292	135	69	352	click
1368402978221	102	563	113	click
1371311358763	126	718	272	click
1371280535587	16	426	247	click
1367056140071	108	209	172	show
1367694564793	141	290	321	show
1373753950318	116	347	293	show
1369858012212	65	316	4	click
1368514443755	74	828	299	click
1369852145918	117	85	359	show
1371323555785	97	368	291	click
1366741587986	1	833	289	click
1369956605596	57	457	248	click
1369999018036	60	276	458	click
1372687762905	48	774	190	show
1373209108742	49	83	468	show
1371751410475	13	665	381	show
1366547858921	83	247	446	click
1368647642135	19	595	489	click
1370689306550	137	177	468	show
1368050340551	104	699	81	show
1367895184071	97	447	147	show
1369177407197	104	705	239	show
1369939009440	35	595	395	click
1366972524768	126	132	462	show
1372347443539	86	497	119	show
1370650923916	109	383	19	show
1374079754621	101	238	362	click
1370889902602	77	215	62	show
1372705750737	108	218	244	show
1367605655455	28	62	387	show
1372584381710	108	8	333	show
1367248003596	125	889	495	click
1367339260969	143	302	371	click
1366821589174	20	903	451	show
1367919954498	90	824	200	click
1367014411205	11	783	310	click
1366451633711	126	292	312	click
1370696752598	110	155	459	click
1369086881100	149	270	232	click
1367234259250	116	697	221	show
1369913678201	30	963	90	click
1369821225884	54	184	309	click
1371150340492	104	825	275	click
1368415519537	10	438	57	click
1369610271698	94	219	67	show
1373546830527	144	543	32	click
1367105825873	6	934	19	click
1372328606666	142	356	30	click
1371531720762	143	388	140	click
1369940112710	11	915	457	click
1371378412561	18	921	305	click
1372530906302	95	566	342	click
1369482287099	84	632	213	click
1371460300837	73	715	26	click
1366553289069	100	447	344	show
1367704160607	69	337	223	click
1367309999801	30	266	403	click
1373069003088	136	585	168	show
1369497562439	116	849	373	click
1371095651912	81	997	334	click
1366886936269	31	237	266	click
1366491524907	92	941	467	show
1369935664206	88	430	332	show
1372445340656	14	77	35	click
1370026882088	44	715	23	show
1367199048278	7	918	24	click
1369744420479	130	819	308	click
1371555886653	145	143	57	click
1367210893660	39	568	462	show
1369495807488	42	307	41	show
1370371984699	95	236	493	click
1374081985781	75	509	244	click
1367207623271	130	206	458	click
1367465916142	49	945	55	show
1373860422248	42	580	250	show
1367228015630	9	906	206	click
1367155484131	25	136	335	show
1371898730953	53	207	134	show
1372078684201	150	800	490	click
1369018318234	13	466	28	click
1373405149001	130	905	70	show
1373430426093	38	496	136	show
1372776796762	96	395	388	show
1373160578925	118	300	6	show
1367784798088	62	965	162	click
1369280227040	40	205	292	click
1369944832175	99	507	160	show
1372009553950	122	122	201	click
1370300607404	19	229	237	show
1367188532946	27	827	343	click
1370490376570	126	586	335	show
1369321615866	11	682	384	click
1370756425966	4	251	255	click
1366829918648	121	472	322	show
1371489876667	85	542	232	click
1371399401965	2	446	237	show
1373894609973	119	423	105	click
1371612347015	84	495	401	click
1370360618244	14	378	151	click
1367271177958	76	166	352	click
1366361443162	34	427	237	click
1368765804857	141	753	197	show
1372295246975	44	435	186	click
1374018743677	2	164	65	show
1369401842108	119	155	19	show
1366972969747	40	181	181	click
1369459664226	133	192	241	click
1369800357771	91	622	226	click
1367512931182	49	608	489	click
1373003342775	30	927	439	show
1370588800893	31	899	407	click
1367233397135	146	772	73	click
1371120678759	24	152	446	show
1368739038412	94	559	217	show
1367175203897	119	602	476	click
1371488582083	98	442	13	click
1372503452018	125	777	44	show
1369561105480	26	587	302	show
1369656768921	85	111	390	click
1369901643921	134	192	397	show
1373831803688	46	351	322	show
1368240766994	40	63	152	show
1366671722923	50	162	290	show
1366869925323	45	454	10	click
1373850911985	120	750	472	show
1373059966756	43	952	479	show
1371305486869	78	460	248	show
1370928245197	98	720	353	show
1373492997270	123	972	318	show
1369876704015	95	378	85	show
1369139282185	133	539	83	click
1370219020835	47	409	379	show
1368452188705	92	279	297	click
1371254469668	44	298	475	show
1368767214386	124	113	355	click
1369233066309	25	5	433	click
1373102715327	129	677	166	show
1367271595371	142	901	399	click
1369187409078	63	120	472	click
1371720172765	37	629	266	show
1366701546079	33	434	388	show
1367741038902	117	272	368	click
1373259730562	22	476	396	click
1367535244092	75	535	462	show
1373620412397	91	193	271	show
1368407624521	114	156	176	show
1369690128247	8	171	155	click
1366704101110	71	461	344	click
1373132823748	111	812	45	show
1366690980537	88	553	358	show
1372694328992	42	574	393	click
1367827125777	95	809	44	click
1371634305320	123	880	96	show
1370483577923	128	268	240	show
1370304456951	1	705	188	show
1367350346154	9	310	20	show
1369538667686	18	983	483	show
1372271229736	52	987	490	click
1373323692241	100	343	253	click
1371900178521	145	611	53	show
1367068008113	34	136	497	click
1367105307865	123	291	488	show
1371308829945	45	161	39	click
1367902218020	80	587	110	click
1372591497963	96	346	199	show
1369013224260	46	215	45	show
1373768987370	56	615	210	click
1372171138035	61	811	279	show
1372544391076	38	481	250	click
1369703270984	111	743	317	click
1371374986880	67	785	85	click
1370306274502	83	633	378	show
1370469876440	72	248	318	show
1366941191821	14	112	360	show
1368910799318	59	439	8	click
1373413885830	121	547	426	show
1373505908957	102	990	236	click
1372001459773	143	949	497	click
1370324826221	100	19	255	show
1367142790512	144	163	358	show
1371103300268	63	370	468	click
1368875725285	55	311	452	show
1368004429895	75	146	219	click
1367698672882	141	358	459	click
1368714638703	46	352	153	show
1370202488313	5	449	106	show
1371308132490	147	654	205	click
1373428683474	65	547	371	click
1368403525731	40	288	494	click
1367094586689	84	73	220	click
1368764153833	59	821	306	show
1370176060764	101	908	46	show
1366509994483	117	668	260	show
1366531531108	55	66	427	show
1373379677763	55	373	31	click
1374018592638	8	723	105	show
1373465769400	41	744	181	show
1370494934537	1	248	372	click
1369461759154	139	593	468	click
1368366830613	74	193	361	show
1368459504006	2	638	14	click
1369970824565	85	170	456	show
1372644540570	50	856	144	click
1369648389805	68	446	373	show
1371053361944	119	660	50	click
1369427070395	100	564	288	show
1368717467655	104	615	18	click
1366934148744	83	42	157	show
1369963861489	77	333	393	show
1367705532478	12	582	276	show
1371299565811	35	340	334	show
1370474301970	122	114	145	show
1371592020482	27	254	473	click
1369993103468	50	802	43	click
1369414154499	125	498	75	show
1373377714718	94	563	10	click
1366414755242	5	1	263	show
1367010723107	84	63	249	click
1368302900383	56	55	48	show
1371316591239	81	499	288	click
1369863285666	8	434	283	show
1367933878854	145	880	124	show
1373898630153	65	92	317	show
1370512580093	90	755	303	show
1367472937251	44	190	263	show
1367315903732	43	707	44	show
1366961072420	2	101	345	show
1372853048726	50	259	46	click
1372491768054	44	298	174	show
1367023506225	33	587	137	click
1368301395605	114	130	262	click
1369877869208	12	58	474	click
1367091603930	68	906	249	click
1368799546745	16	831	199	show
1372660867784	33	673	482	click
1372946122905	16	945	438	click
1370719106182	67	641	368	click
1367676006108	72	545	146	click
1371561604648	105	455	138	click
1373512224031	50	866	128	click
1372729722784	20	396	292	show
1366676027678	110	994	50	click
1369937698925	121	664	171	show
1373631211708	76	834	210	click
1371389097812	37	134	73	show
1370562101607	36	876	48	show
1368246120654	146	413	219	click
1370460550199	113	437	475	show
1373110183028	36	220	342	click
1373946064584	39	777	49	click
1369508740357	141	463	204	show
1373456288262	120	904	29	click
1371469816109	37	530	298	show
1373650113019	62	964	221	click
1370191609312	57	224	99	show
1367293591900	77	524	286	show
1367050343008	56	323	114	click
1372424020661	53	721	219	show
1372503185808	115	608	93	show
1366596626558	96	562	229	click
1368659384318	110	492	45	click
1372153776067	65	652	408	click
1369170805434	42	746	132	click
1368970666957	28	917	30	show
1367537404049	55	464	410	show
1372490937221	85	14	455	show
1368054842606	97	795	261	show
1368787099225	130	776	248	click
1373100352424	23	334	187	click
1370740907670	72	743	416	show
1372601009045	149	638	261	click
1371170243899	36	619	353	click
1366399202218	47	529	250	show
1366990341558	136	83	330	show
1372255777355	119	296	11	show
1374157641307	43	347	392	click
1366924635842	38	201	191	click
1366367287479	43	189	89	show
1368270597908	43	904	51	click
1368944685282	18	915	462	show
1369389118003	24	784	425	click
1371826523204	103	486	146	show
1367828166803	43	360	222	click
1372293577119	112	92	373	click
1372283464840	57	643	115	show
1367737555188	126	45	434	show
1372215393190	43	295	376	show
1367041232116	63	179	10	show
1373225514637	28	317	346	show
1368536372352	55	130	138	click
1367589464088	19	521	79	click
1367114590682	47	953	136	show
1367230654216	81	231	167	show
1367448328978	20	566	396	show
1370703908950	38	409	27	click
1373832396453	9	976	351	click
1369142100706	71	468	428	show
1372296652119	101	87	307	click
1370407241391	16	902	49	show
1367525140576	47	669	87	click
1372483043489	131	93	49	click
1368746737573	9	291	227	show
1367070604889	146	418	392	show
1373784685386	70	494	420	show
1367735948469	40	915	151	click
1373748512870	54	846	436	click
1367913216454	137	992	449	show
1368635102661	30	595	145	show
1368932357020	3	525	260	click
1370440185525	4	719	119	click
1369431561429	90	259	438	click
1368078855664	141	357	15	show
1369105141128	103	50	439	click
1366511124419	27	221	128	click
1369270507016	61	230	139	show
1374141782152	64	165	233	show
1367046750613	59	195	226	show
1373259152113	36	748	158	show
1373750338387	16	372	132	click
1368589573372	110	85	241	show
1372524766531	38	392	257	click
1370436517395	129	951	429	click
1370558034950	20	159	188	show
1368978512763	111	381	464	show
1373439340765	53	754	322	show
1366744770124	85	71	126	show
1366821405309	33	887	271	show
1374035513883	67	577	134	click
1366428139568	41	478	58	click
1373591117188	62	797	315	click
1369904113833	81	821	207	show
1374027936239	87	62	387	click
1366425803762	101	214	418	click
1373808189420	5	375	435	click
1367286076329	97	807	387	click
1369094052369	145	99	132	click
1368628712085	45	75	183	click
1372814246526	39	292	86	click
1369560462906	135	30	339	show
1371703949148	68	466	259	click
1368161257988	64	760	366	show
1366780310655	125	699	360	click
1369190662186	7	439	250	click
1369519417672	14	818	396	click
1373998144121	124	183	414	click
1368335016304	107	596	369	show
1368665436072	144	12	174	click
1373711780185	105	953	138	click
1370234375910	76	238	312	show
1370678261576	4	967	73	show
1368756816880	39	514	325	click
1372621114606	63	962	222	click
1370849831850	62	370	290	show
1369219840382	108	484	357	show
1370970473246	133	39	346	click
1373903884498	81	865	205	click
1372598867602	66	721	402	click
1367372506350	65	454	465	click
1367388037644	124	269	201	show
1369295454935	116	152	222	show
1371027093394	64	486	271	click
1367854376682	139	296	440	click
1374021726045	129	680	126	click
1369147321847	75	747	67	click
1372954158568	64	906	195	show
1371751232571	14	806	249	click
1374052223141	82	166	276	show
1367965328034	117	557	400	show
1371123762638	47	388	229	show
1370914614000	141	16	325	show
1366771016814	124	601	211	show
1369611376690	64	62	195	show
1373092016704	136	64	394	click
1372699561321	29	905	158	show
1367056340131	102	666	274	show
1370488354843	110	291	378	show
1373261903719	111	496	73	show
1367720416505	7	623	126	show
1368051131153	44	558	289	show
1368893544243	9	403	224	click
1367753867852	110	484	455	click
1368358372311	20	289	387	click
1370598645756	98	886	93	click
1373946519290	49	221	59	show
1370171760727	142	910	377	click
1370042934460	51	783	218	click
1373030505273	12	61	84	click
1367807522524	115	693	7	show
1372995977008	8	304	285	click
1370155566336	57	890	78	click
1369408038556	51	216	258	show
1373883135866	28	872	347	show
1368489524921	53	962	152	click
1370586690504	88	976	201	click
1366376198790	138	716	141	click
1367200638345	94	583	94	click
1370380754375	8	293	385	click
1373421063085	108	333	405	show
1370402915035	66	435	411	click
1366709177683	125	768	379	show
1372986940880	136	291	439	click
1366832912423	87	762	82	show
1368820639691	147	121	396	click
1371647521621	19	39	74	click
1370363718649	35	45	218	show
1369234804424	128	796	284	click
1367461995173	52	732	262	show
1368885055439	58	712	162	click
1373956169596	43	927	21	click
1372093644820	128	841	371	click
1367587626862	112	721	270	show
1370454763177	9	537	389	click
1371222540881	77	796	172	show
1372029376151	13	151	262	click
1372032961117	88	702	220	click
1367160698552	26	401	346	show
1371386478911	115	713	319	click
1367865214293	123	736	224	show
1372851283683	96	957	125	click
1370808705401	78	810	264	show
1367063225849	46	484	87	click
1368484802330	101	401	126	show
1367835932132	90	375	89	click
1374172126491	56	453	37	show
1371423648259	150	531	431	show
1366740682913	99	785	95	show
1368107377395	119	786	144	click
1369114573762	22	364	433	show
1371976533538	135	717	248	show
1372699502744	84	667	18	show
1372416895186	8	162	305	show
1368865386963	150	954	214	show
1372537530956	37	145	374	click
1367389079737	52	614	237	show
1368368091051	141	727	384	show
1368384931207	46	169	44	show
1371551107043	97	786	468	show
1368966499226	149	494	355	show
1372168407269	96	899	396	show
1367118896389	71	999	15	click
1369015214691	9	138	176	show
1368552889970	29	36	155	show
1368860350137	119	89	218	show
1370157708973	141	433	100	click
1369395055260	14	489	14	show
1369478829296	41	681	46	click
1366684732862	110	269	272	click
1374142598620	116	402	149	show
1369907189002	94	52	140	show
1367737695091	102	105	144	click
1368437047021	112	171	28	show
1366405913237	78	864	50	click
1373624846130	15	650	215	click
1366351550335	18	7	41	show
1371558432525	50	568	38	click
1368556112383	36	300	491	show
1370883997614	19	422	316	show
1373350275764	113	957	406	click
1367306349267	13	961	2	click
1368876776472	132	817	20	show
1368694366297	139	765	53	click
1367642415477	139	315	194	click
1370152675000	138	260	98	click
1371957388160	146	255	50	click
1369490203442	137	502	411	show
1369508619135	92	557	419	show
1368795889855	91	412	315	show
1370447635817	89	650	369	click
1370912363830	83	461	88	click
1368375152786	146	981	25	click
1371533875091	119	515	238	show
1366577152121	61	949	315	click
1368102611076	101	933	396	click
1373422560796	78	461	137	show
1368678718482	83	417	92	show
1371321278829	57	459	300	show
1372801261437	52	873	407	show
1372532504515	45	841	233	show
1371542627223	83	545	73	click
1366789248345	85	534	367	click
1370984172549	56	869	421	click
1367347807816	51	587	488	click
1373597541771	6	518	479	show
1366693187267	1	636	371	show
1370694278173	58	341	340	click
1373601287107	150	986	463	click
1368450530603	22	19	162	show
1372873794471	142	812	472	show
1367636230434	140	146	191	show
1367858483384	48	279	45	show
1368078166209	115	546	313	click
1372850764003	12	639	30	click
1372431655101	110	132	37	click
1366899383563	111	941	431	click
1369139460708	36	731	441	show
1367959760770	78	183	258	click
1369500423670	133	644	383	show
1368476305723	6	523	103	click
1372518202327	104	357	203	click
1371522866644	46	491	150	show
1370863733285	73	501	368	click
1371899126353	79	938	260	click
1368901585147	14	893	326	show
1373798394077	45	274	382	click
1371506028801	82	509	11	click
1373679487259	64	939	144	show
1369014318047	67	15	170	click
1366891843780	14	682	134	click
1368219388990	135	171	356	click
1370799293986	106	994	478	click
1368825825565	140	396	137	show
1366585798971	103	517	244	show
1373449798431	23	291	32	show
1366988077385	127	225	32	click
1368072874633	120	626	179	show
1370476617461	1	902	169	show
1368511584574	106	968	117	click
1370649317524	112	218	264	show
1372155404396	60	610	63	show
1367154619520	82	327	258	click
1367047360371	85	194	204	show
1370649677825	106	655	465	show
1371963207935	126	306	141	show
1373823001741	139	699	199	show
1368083649943	47	363	386	show
1366505544959	45	750	27	click
1368369004449	62	938	445	click
1369008400035	114	563	260	show
1367811758793	38	225	90	click
1369954331558	130	856	493	click
1369400013854	11	37	4	click
1368890279132	144	537	349	click
1367429608115	57	653	311	show
1371694041655	45	792	93	click
1367618180814	1	951	336	show
1368298602178	121	49	469	click
1367341436680	17	298	413	click
1368298553432	57	760	304	show
1368942939059	104	286	46	show
1369146642269	145	595	272	show
1371003862744	82	725	167	click
1370283270138	40	979	45	show
1373185077572	29	989	399	click
1369982647857	77	240	285	show
1369381669769	143	241	91	show
1372312791858	143	747	20	click
1371346786322	87	308	55	click
1370547910582	65	145	156	show
1370243085862	17	586	424	click
1373508425218	96	770	360	click
1367863494671	111	951	194	click
1372509715382	126	908	237	click
1368407916446	70	396	153	show
1371168235302	73	209	103	show
1366627902108	16	43	54	show
1370035483483	31	717	490	click
1373053666678	123	43	241	click
1369155290233	146	631	326	show
1370786117953	2	462	361	show
1368404774917	116	771	125	show
1369711939205	65	914	122	show
1372502003161	131	326	185	click
1367137525932	13	627	195	click
1370529109729	60	738	92	show
1368477079721	95	655	134	click
1373303323726	59	384	38	show
1368776817194	147	755	83	show
1374009192870	11	327	190	show
1368620232746	148	173	412	click
1368123217398	51	569	111	click
1370963836069	141	86	201	click
1369598695571	91	411	355	click
1368182357150	8	654	388	click
1369110379182	147	760	25	click
1373203132112	101	255	312	show
1370191222738	77	841	181	show
1370782409047	50	111	322	show
1366859480091	122	257	361	show
1370615135326	71	749	474	show
1369499603303	98	529	73	click
1367957724215	80	681	488	show
1372675032208	1	769	124	click
1366847527984	54	943	272	show
1369966252834	67	524	340	click
1369976387296	52	220	146	click
1367655103031	49	767	463	show
1371599105872	134	281	232	show
1368946652986	83	101	31	click
1371551500277	138	111	96	show
1367569149214	142	809	130	show
1370074092819	105	664	386	show
1366459850724	121	607	95	show
1370872890842	20	680	106	click
1368778729185	55	681	41	click
1372171637442	125	71	297	click
1367071003474	56	403	382	click
1368544161503	42	224	437	click
1371360583486	59	368	12	show
1369276718972	136	719	307	click
1370206029234	63	892	337	show
1373106773696	100	361	325	show
1371119962278	107	101	410	click
1373765637508	31	855	460	click
1367207254315	28	259	280	show
1370295780149	136	866	156	show
1370294493777	93	841	322	show
1369914288689	93	746	256	show
1369830353755	75	532	355	click
1372366481245	65	811	453	show
1367824611980	89	302	219	show
1369319115965	77	307	455	click
1373229549312	125	686	455	show
1369989799997	80	727	11	show
1368025365168	133	451	295	click
1367944740455	92	721	229	click
1369173823699	49	904	254	show
1372809682493	38	874	163	click
1370541185442	106	374	489	click
1373549927984	19	537	184	click
1372075800927	44	460	178	show
1372181183390	92	44	252	click
1371056740490	48	600	17	click
1371795868909	90	4	450	click
1369660480560	130	543	115	show
1369869358394	119	867	369	click
1367730036214	137	960	320	show
1368172956992	82	636	309	show
1366840751418	68	812	190	show
1373595808972	24	947	310	click
1371834905778	94	489	417	click
1367979984165	32	506	478	click
1367981356845	147	759	498	click
1371364773407	127	226	141	click
1372211462640	113	813	177	show
1367426818671	5	43	360	show
1374125041519	60	75	322	show
1373328472877	115	969	222	click
1367645328409	43	478	415	click
1374151053685	86	126	369	show
1374082713125	18	679	467	click
1366550713262	57	772	257	click
1372602575257	23	431	309	show
1369527340918	49	616	42	click
1367306904073	49	389	254	click
1373883806865	101	289	79	click
1372340857006	68	865	280	click
1374152063525	112	973	92	click
1371881139965	14	901	456	click
1372679966306	136	215	204	show
1371771630452	85	764	327	click
1367687947912	91	21	359	show
1366783854983	132	356	435	show
1370862550915	47	458	403	show
1372593502267	49	298	148	show
1370076420580	23	531	101	show
1373436889436	49	960	61	click
1373989408384	139	650	402	click
1370207932686	30	896	433	click
1373995163447	126	434	136	click
1369167630848	86	769	85	click
1373621235745	102	622	209	click
1373770098385	28	452	492	click
1371429025625	45	577	353	click
1370896426815	63	646	297	show
1372521971346	123	825	244	show
1368917811481	46	573	377	click
1371082396030	15	931	409	click
1369049007347	107	937	391	show
1368590230408	16	344	475	show
1367102690394	74	549	56	click
1370201409540	33	530	126	show
1366356943716	132	990	33	show
1367124827435	148	215	416	show
1366475890904	44	474	338	show
1373019236952	64	928	419	click
1372892524703	122	267	147	click
1368586487600	67	605	337	click
1373555166530	93	369	60	show
1366490562445	122	939	425	click
1369683115575	4	62	19	show
1370838403527	115	334	331	click
1370805627177	139	739	29	click
1372958158841	79	668	1	click
1370425767641	66	262	473	click
1370365148107	97	523	473	click
1372061593617	49	780	100	click
1370174765459	42	204	189	show
1372381981844	11	805	221	click
1368908129054	95	520	164	click
1369386880105	47	481	485	click
1373215409987	107	492	344	click
1373952862550	83	484	368	click
1372587957172	142	288	114	show
1371482080140	90	235	380	click
1372616325467	63	757	341	click
1371724036773	92	397	85	click
1366801068173	85	438	21	click
1374067328173	59	746	227	show
1372426819419	29	421	127	show
1370498048309	1	497	219	click
1371016782163	92	934	388	click
1367814178213	147	996	170	show
1372749483678	95	143	413	show
1366813813453	35	691	124	show
1367016494449	98	899	127	click
1373414406955	121	684	345	show
1372710289130	89	51	415	show
1373094056993	5	629	434	show
1369396021420	83	230	492	show
1372416043014	146	414	133	show
1366343043300	82	498	356	show
1370455975450	95	786	260	click
1372636047817	50	746	400	show
1368468295915	30	655	483	show
1372420352378	95	786	192	click
1368710403371	114	502	115	click
1371767156856	76	524	31	click
1373427740780	80	251	129	show
1368323733329	8	503	166	show
1371253362788	34	454	296	click
1366924488135	57	55	17	show
1373906110557	134	308	314	click
1372257804435	138	758	265	show
1373163304897	63	894	318	show
1374063576780	126	409	198	click
1372262108623	139	375	302	click
1369225599972	139	394	357	click
1368350196014	118	340	46	show
1371253740912	5	850	115	show
1367981176034	83	325	393	show
1373224012514	126	194	447	click
1373506572600	97	333	114	show
1371601448044	97	249	478	click
1372187633404	23	873	154	click
1367738082868	9	594	238	show
1366931565491	66	607	65	click
1368775421940	146	256	402	show
1369690936122	136	333	202	show
1369723342685	84	455	232	show
1366992378355	77	46	157	show
1373296146838	8	230	155	show
1370842472814	39	245	450	click
1370680280451	24	746	8	show
1368143014763	34	284	406	click
1374143789275	145	632	431	click
1371943039010	99	49	329	click
1367686585572	31	859	157	show
1368491585474	59	905	97	click
1373274575954	30	964	7	show
1368507092738	52	576	464	click
1373286304071	9	576	365	click
1368524163177	99	360	350	click
1368131546549	149	686	11	show
1368857304851	16	971	159	show
1369649894524	35	887	392	click
1366586108938	120	386	345	show
1370906919260	78	378	494	click
1367014162209	87	626	354	click
1368992604796	76	813	56	click
1367759014116	42	350	409	click
1371757111738	140	290	407	show
1366972903851	46	604	437	click
1367441532894	150	931	477	click
1367956779533	134	641	139	click
1369248739671	31	912	130	show
1370421750106	129	550	247	click
1367162378646	121	830	411	click
1372015561289	31	64	339	click
1367122179355	21	671	120	click
1369045999206	105	891	38	click
1370555509674	124	172	129	show
1371183978931	71	898	254	show
1371918608366	11	273	278	click
1372698510533	12	654	450	show
1372348171135	126	754	391	show
1368337607838	129	938	417	click
1373597704984	145	391	193	show
1366453972801	129	482	448	click
1373233881449	81	698	327	show
1368858477146	8	27	470	click
1373215387394	42	344	30	show
1372485439966	5	172	50	click
1373886912478	122	917	408	click
1366992281493	102	535	14	show
1373044484356	22	875	459	click
1373418070982	15	11	426	show
1373770928551	18	234	384	show
1370985792759	14	26	228	show
1370071745568	40	106	200	show
1373468637286	140	429	448	show
1373731230826	136	432	2	show
1372992126000	96	947	393	show
1369699902570	59	50	37	click
1369026645660	131	549	373	show
1369347347602	102	259	168	show
1371216135479	119	66	311	click
1371173836209	127	789	143	click
1368277563840	14	90	402	click
1369651929549	109	840	59	click
1370707182324	113	931	287	click
1370756296302	147	740	491	click
1367455122452	128	31	305	show
1371028025800	9	455	442	show
1373966470960	34	466	272	click
1371594369796	114	252	462	click
1373953600585	112	167	159	click
1367695859269	68	139	80	show
1373934286818	38	909	261	show
1366986664678	105	267	187	click
1370133294263	85	648	314	click
1368863389114	101	465	8	show
1371585562442	109	398	79	click
1366982077814	99	246	129	click
1366481240169	64	881	469	click
1367685048956	99	414	73	click
1366708148197	84	919	183	show
1369154766376	90	493	416	click
1370223502415	70	105	329	click
1366835830252	147	950	258	click
1370307117132	65	528	280	click
1366393420627	41	531	395	show
1370574049476	32	808	237	show
1370182306766	20	824	12	show
1367127082947	102	626	233	show
1371774723707	62	886	378	show
1374138707218	125	446	499	show
1367754731958	3	119	350	click
1372042505245	105	173	103	show
1372599824490	120	182	313	click
1374091142249	44	383	256	show
1373250682760	61	735	45	show
1371801491013	44	962	320	show
1371077259024	14	664	172	click
1370967305837	67	117	320	show
1373807842346	46	26	32	show
1369630950520	121	552	412	show
1371032648549	128	542	388	click
1370431896042	54	45	48	click
1371964207901	102	127	99	click
1371407114411	3	390	285	click
1372998656504	102	524	413	show
1367395761896	13	815	91	show
1366728351989	132	22	294	click
1373182327840	80	32	488	click
1371646297625	126	864	403	show
1368022715719	31	709	205	click
1371938893985	43	900	50	show
1371638416072	33	12	304	click
1372845054126	71	408	145	click
1372273008078	83	472	391	show
1368785499311	87	191	56	show
1367980995390	132	444	69	show
1367938478747	70	65	41	click
1369294410123	79	366	50	click
1367052712977	20	240	310	show
1368960748613	5	388	108	show
1367542620198	78	44	54	show
1366657711414	47	503	479	click
1372233509270	89	584	491	show
1367351287463	81	178	323	show
1373364673125	77	836	448	show
1373983802291	124	829	229	click
1367230246175	53	999	199	show
1369554898370	24	337	92	click
1368257104663	147	520	253	click
1369163563247	1	41	132	show
1368748647794	36	876	419	show
1372493579746	149	510	220	click
1373110219067	95	226	288	click
1367795059987	29	208	57	click
1366846868388	101	604	413	click
1373138072983	134	852	430	click
1371587247709	21	662	171	show
1369372217582	85	291	115	show
1373932176163	94	718	237	click
1368053326782	50	737	251	show
1372861732296	33	938	73	show
1370495313126	69	760	407	click
1370954391863	91	86	199	show
1371916624009	25	738	299	click
1369438289954	60	181	460	click
1369345241649	30	565	40	click
1368235893478	76	119	26	click
1366877148396	95	238	19	click
1367783246727	68	867	277	click
1368709139817	135	837	490	show
1367814743988	85	897	337	click
1368837934397	1	487	228	click
1371166343232	70	241	26	click
1373129553606	96	548	294	show
1366760696959	26	596	461	show
1371419389076	50	661	292	show
1370174976324	148	486	443	show
1370229631292	124	443	292	click
1368317937081	84	364	51	click
1368243154899	134	161	32	click
1369934451404	149	616	139	click
1372021230457	32	314	457	show
1367258253785	44	855	467	click
1371888578976	46	647	52	click
1373864418943	42	785	447	click
1372152029278	129	218	288	show
1370245619927	144	585	486	click
1373874232824	150	570	446	show
1373714019704	99	692	9	click
1369652128014	110	319	330	click
1367314448100	34	958	331	click
1373787499821	44	554	65	click
1367752046326	54	145	467	click
1372986808064	5	159	178	click
1369491687102	124	208	341	click
1367305543997	48	211	110	click
1373425759608	21	972	154	show
1366987354665	62	394	454	click
1373092287622	125	665	336	click
1371730728676	75	581	3	click
1372810994044	31	952	260	show
1366400296829	77	480	31	show
1374034325618	44	257	28	show
1374132771025	101	312	494	click
1371525965298	107	232	84	click
1371265148730	150	229	458	click
1367661469967	104	50	41	click
1373535447280	9	626	135	click
1366599945652	15	413	39	show
1373592534770	28	893	375	click
1370429938952	26	116	139	click
1368970796045	16	787	68	click
1366907393479	5	254	500	click
1371714359832	77	518	365	click
1368110074011	110	764	196	click
1373013372995	91	723	479	click
1368174126047	123	990	434	show
1371417646124	39	710	152	click
1369884197124	77	476	171	click
1369237179319	134	324	211	show
1372850638859	150	961	238	click
1367335586387	40	576	379	show
1366685737469	146	810	335	show
1372737742532	108	294	134	show
1371750236015	10	117	335	click
1374041574114	16	349	14	click
1368810101241	2	806	132	click
1367366102497	109	25	342	click
1373427983620	136	508	60	click
1367402110666	21	558	356	show
1369248007422	94	210	43	click
1373458168951	12	621	242	click
1373983226818	126	184	443	show
1373588301028	74	113	212	click
1366471349228	34	873	64	show
1370465099348	76	800	51	show
1367897556862	11	987	268	show
1370679649606	42	427	11	click
1370149070260	149	965	33	show
1367257955997	132	24	173	click
1369899735226	143	927	388	click
1371147258867	67	630	53	click
1366912658317	93	395	139	click
1370157987467	103	891	168	click
1374063262948	80	194	339	show
1371734893316	17	782	441	click
1372066949716	142	224	23	show
1367989561441	52	746	420	click
1373829811398	113	718	439	click
1367473320129	147	385	184	show
1367081290320	102	636	239	click
1367002266248	71	178	256	show
1370479374448	57	633	455	show
1367895519110	92	512	174	click
1373172571618	109	258	225	show
1374078297040	131	463	387	show
1373991773535	74	896	253	click
1371906574154	90	38	353	click
1371820042842	100	799	424	click
1372462496769	45	821	380	click
1369291656959	33	90	391	click
1368058931579	37	226	180	click
1373972973430	19	150	81	click
1371615990531	115	637	378	click
1369624092584	29	530	302	show
1369257823994	97	341	301	click
1370524598814	18	168	41	click
1372585139304	45	988	356	click
1369113226381	120	128	168	click
1371534308073	67	304	160	show
1366662723990	19	309	99	show
1369281139300	69	882	68	show
1373988039436	13	588	94	show
1369948706339	80	926	347	show
1369932352202	22	346	42	show
1370199223352	56	702	402	show
1366862947663	41	335	89	show
1372507217135	96	25	458	click
1368934771771	100	244	185	click
1366655546834	38	94	221	show
1370967747210	139	956	85	click
1366477530555	82	758	106	show
1366457433070	127	877	496	click
1371213033157	131	229	266	show
1371999364951	108	351	83	show
1373870061380	1	101	356	click
1373434703748	118	38	237	show
1374104720100	104	85	305	click
1367619005567	60	984	319	click
1372839171920	122	69	15	show
1373480198459	46	152	43	click
1368053466953	119	901	43	click
1371466971354	90	340	480	click
1369897136065	28	937	351	click
1373448403012	86	483	376	show
1370258589582	105	346	480	click
1369386968722	47	860	33	click
1371239435485	13	712	237	show
1373732619438	82	304	19	show
1370417408882	7	535	440	click
1367570766890	111	144	414	click
1366607103593	67	584	125	show
1368875274767	39	109	122	click
1370816877865	95	288	278	show
1372427244677	97	915	276	click
1369882267477	45	534	367	show
1374059096144	65	507	260	click
1367900349862	94	336	11	show
1372986505093	137	350	320	show
1373301335673	24	544	229	click
1373246114634	26	526	207	show
1370618688674	49	245	217	show
1369811449945	82	747	401	click
1370039774911	121	580	119	click
1372149818592	51	16	169	show
1373497254715	3	136	356	click
1368895991868	122	721	391	click
1368991669409	31	252	170	show
1369963210241	85	520	67	show
1370649057530	111	318	141	show
1368153886451	85	926	360	click
1368794496120	56	849	16	show
1370020698900	142	877	168	show
1373667069943	78	809	424	click
1368761204964	56	352	307	click
1366957653442	72	321	344	show
1368984680800	54	372	77	show
1367801323173	31	706	25	show
1372882553143	1	553	393	show
1367669268947	112	799	183	show
1370867774318	57	794	248	show
1372751137452	6	33	474	click
1371081524607	56	522	131	show
1370782526740	6	780	377	click
1371048707961	18	993	180	click
1367660382524	92	782	22	show
1373179602749	138	922	303	show
1368936992851	101	778	12	click
1369021743412	85	446	221	click
1373125609350	111	50	338	click
1366965987398	102	51	186	show
1373633862503	118	197	316	click
1370742171470	143	202	251	show
1371423177083	124	351	466	show
1369432825824	29	885	449	click
1370794490411	146	984	276	show
1371116634719	121	421	79	click
1371845995880	44	147	14	show
1367221305866	115	146	88	show
1369306483608	57	415	344	show
1373477540988	109	550	141	show
1366618930303	76	535	115	click
1369415192853	8	816	156	show
1372976148487	97	507	408	click
1371442305175	113	826	52	show
1369241078425	7	335	310	click
1371178378763	55	96	263	click
1374104854275	82	272	278	click
1371935858430	23	439	151	show
1368986876597	6	317	499	click
1370338817504	128	190	303	click
1369715376969	146	865	489	show
1373109321902	30	265	11	click
1369674985497	129	727	218	click
1372838051976	21	481	406	show
1370644108034	56	167	213	click
1373183665379	116	424	56	click
1371381406785	123	908	36	click
1371255111504	124	756	183	show
1373246501827	122	429	161	click
1369553993010	44	967	454	show
1373418062607	75	692	328	show
1368506251561	130	557	167	show
1373326272507	31	523	36	click
1366902347020	123	311	101	click
1372519298916	103	266	428	click
1372873621197	15	683	443	click
1367628809880	10	276	385	show
1367342643418	37	758	338	show
1372908803168	117	464	66	show
1366991230942	28	459	67	click
1373490485179	128	478	184	show
1370543929941	53	515	347	click
1367147783619	31	504	347	show
1371307448659	86	849	385	click
1371654556130	117	599	287	show
1368899650835	21	509	8	show
1371683379678	123	277	108	click
1372511287989	102	654	470	click
1367218341552	25	140	239	show
1371871813970	16	294	38	show
1366679768021	116	515	370	show
1369501256079	18	217	295	click
1368566293601	43	787	62	show
1367376436061	82	453	45	show
1371418172659	139	384	348	show
1371554663343	137	271	178	click
1367632362596	24	352	190	click
1366605205757	140	255	69	show
1372958162969	37	502	62	show
1369955020152	125	980	447	click
1370876276430	19	596	51	click
1372053276351	10	49	46	click
1372816501856	128	552	310	click
1369310492410	53	30	492	click
1373418837790	116	34	142	click
1367542669957	110	625	493	click
1372035184466	40	396	272	show
1366370648965	14	745	32	click
1370752135254	118	718	255	show
1370192323102	33	35	294	show
1372534364579	11	686	96	click
1374077424941	122	11	249	click
1367617347502	52	19	290	click
1366371517300	37	582	190	show
1372784656112	5	221	141	click
1372595647789	91	510	471	click
1368606475431	68	81	229	show
1370975632679	74	569	172	show
1369085565252	24	965	91	click
1372004389597	71	758	79	click
1373788713200	128	788	383	show
1369892366479	72	698	142	show
1370297430041	42	740	250	click
1370639946748	25	547	9	click
1369242166691	6	540	484	click
1366363749480	38	475	200	show
1366932726348	37	197	447	show
1367508237183	145	192	367	click
1367078555650	137	122	75	click
1373760318798	29	708	280	show
1367727222007	41	797	16	show
1372690625541	24	44	55	click
1369109109684	67	432	95	click
1369262291875	12	224	233	click
1373958947606	134	92	189	show
1373382875230	111	322	197	click
1374135136674	136	395	399	show
1369494962969	1	104	358	click
1374074588888	108	957	187	show
1369137532661	28	187	77	show
1369039086071	98	464	281	show
1371002697598	30	713	231	click
1373295068331	27	640	408	click
1372608495313	69	278	52	show
1367360182957	102	733	105	show
1373134764442	129	586	221	show
1370143189989	68	333	224	click
1366399895994	77	220	32	click
1373145061200	110	108	2	click
1372690189465	96	776	333	show
1366668428322	67	764	371	show
1371617763022	147	9	233	click
1371918864203	138	777	406	show
1367259511638	17	429	281	click
1370114380270	64	120	282	click
1374150239642	97	235	500	show
1370387592444	144	42	172	click
1367202395442	56	195	45	show
1368601062485	91	994	355	click
1371747277354	87	297	39	show
1371316900412	5	259	275	show
1373666366848	115	330	297	show
1366674651226	82	534	125	click
1370170963736	104	605	437	show
1370029423290	124	409	440	show
1373734627256	133	592	482	click
1370086310460	136	87	144	show
1372282786750	107	194	157	click
1373564102609	49	763	368	click
1370334979905	79	181	483	click
1369019019236	112	776	358	click
1369241232222	145	18	451	click
1367078025465	113	77	335	show
1368555527665	111	207	198	click
1366667284012	105	168	220	click
1369060432597	139	289	242	show
1370707357454	19	10	94	show
1372607932295	10	191	180	show
1367488136810	52	83	56	show
1369480848224	90	307	152	show
1373244497712	5	583	448	show
1370919074993	107	435	409	show
1368218908637	8	421	409	show
1370072685844	52	673	24	show
1367172345771	142	550	302	click
1373853703587	56	588	286	click
1372679005728	76	342	369	show
1369965113136	133	512	344	show
1368677086092	131	351	69	click
1371987517974	99	825	209	click
1371465370327	6	284	86	click
1369713383501	74	715	18	click
1369213263896	126	922	284	show
1367365629686	65	127	393	show
1373267948295	11	655	361	click
1373337439610	109	260	280	show
1370035388354	148	687	378	click
1373796360627	101	294	36	show
1371419370683	31	783	14	click
1370927719140	99	128	308	click
1366943161919	108	31	146	show
1369790576126	149	423	262	show
1369563345001	83	78	19	show
1368689190676	33	260	47	show
1368956781970	27	877	226	show
1368396262378	81	609	370	click
1371365694692	66	198	432	show
1373610633985	144	409	421	click
1366426343902	56	772	297	show
1368420602890	12	625	417	click
1367825766436	25	253	143	show
1371509539056	75	109	139	show
1366903572064	100	631	57	show
1368888821009	68	139	21	show
1370075372069	24	417	136	click
1369346286119	63	420	130	show
1367237852325	10	957	279	click
1370224192373	106	49	166	show
1372213023793	147	690	188	show
1371260828487	119	158	32	click
1367866469503	33	778	226	show
1372034708428	23	374	55	show
1373616961943	15	642	243	click
1368328025061	57	102	295	show
1368797630986	94	863	229	show
1369276432883	119	296	345	show
1366779726513	114	721	78	show
1373390300565	94	966	262	show
1368246925977	36	359	434	click
1371882516744	113	529	262	show
1373179708644	90	163	178	show
1373133987618	52	527	86	show
1373432460637	95	408	369	click
1370419636261	28	670	38	click
1372937084396	112	496	157	click
1370250237023	121	273	76	show
1370439272744	130	323	366	show
1373099490110	81	880	75	click
1372955666105	75	501	392	show
1372318823614	55	955	333	show
1369174841953	104	752	492	click
1370759773156	103	120	251	click
1366708206146	150	196	366	click
1372739020134	106	317	187	show
1372160827783	63	166	329	show
1372227957081	66	591	370	show
1368477141482	10	598	491	show
1368707117351	109	237	470	show
1372111490977	35	10	469	click
1371577891207	75	432	397	show
1368052769364	79	583	300	click
1373192115479	108	739	132	click
1371051224287	111	351	384	show
1370928422142	30	713	275	show
1367321306357	133	921	387	show
1373370124755	8	198	66	click
1370353994999	139	719	479	click
1373216773689	113	379	157	show
1371626484446	55	6	122	click
1367502260393	131	53	147	show
1369348268133	134	497	141	show
1367654808668	100	217	100	show
1369861062211	78	745	94	show
1372221701752	38	579	338	click
1367105764208	4	20	486	show
1369309675442	6	470	125	show
1366751006938	67	628	128	click
1367407552810	36	218	3	click
1367676306237	46	521	59	click
1372145086908	4	915	43	show
1367140136086	37	42	481	show
1367302705896	137	187	182	click
1369915571557	78	154	102	click
1367761480853	112	490	334	click
1373763297927	103	373	94	show
1366423464164	141	539	135	show
1372330176074	134	589	467	click
1373981879627	139	584	457	click
1369457720870	24	982	334	show
1369689945165	91	954	130	show
1370477768711	147	169	494	click
1368073800922	82	529	381	click
1372726591272	120	412	4	show
1373196928486	71	30	130	show
1368219807849	102	115	389	show
1371713204091	23	968	20	click
1372696882499	14	494	146	click
1369567462118	91	846	420	click
1371685157017	77	905	328	show
1366510366036	106	610	380	show
1373263678301	5	919	24	click
1367975130979	69	864	56	click
1370356478810	77	780	131	show
1367247046276	61	684	18	show
1369766068647	91	389	82	show
1366883991044	78	224	299	click
1367238850926	138	192	418	click
1372215331560	7	584	90	show
1368079729329	59	730	162	click
1370694561692	20	320	1	click
1373543263236	82	223	179	click
1367777089607	119	496	112	click
1372677293555	126	383	437	click
1373256206010	136	617	420	show
1367688698717	4	740	418	click
1368199283494	20	702	139	show
1374020316190	133	536	339	click
1369712942218	69	608	414	click
1368530122609	58	803	45	show
1371327002609	144	223	477	click
1370302071380	129	332	94	click
1373618245782	98	857	278	click
1373771553313	63	817	494	click
1373827841257	20	571	341	click
1367564038233	43	61	175	show
1373572855265	9	814	172	show
1370140730046	45	474	183	show
1370951887666	18	329	391	show
1366733905712	86	460	26	click
1370209536912	53	895	157	show
1369599884071	104	945	241	click
1369813123583	85	7	304	click
1371079608403	149	117	418	show
1373269032340	94	622	360	click
1367866210614	144	726	374	click
1370211971848	102	171	409	show
1370945819807	51	693	479	click
1367649804585	76	411	332	show
1369514667942	126	32	252	show
1368853430619	98	20	339	show
1372910481801	38	475	352	click
1367600444298	138	217	95	click
1370656932338	48	235	350	click
1366734500803	111	99	224	show
1366391429913	59	485	424	show
1369086469292	12	275	481	click
1371833741808	41	143	2	click
1367041336078	44	737	294	click
1370785941868	66	998	15	show
1373649421039	2	88	358	click
1371365605066	12	443	308	click
1371968614958	120	118	207	click
1373944635209	141	338	50	click
1369643400610	37	934	23	click
1369959200772	20	292	46	show
1367538310563	67	377	272	show
1370969761780	132	332	31	show
1371719994585	75	403	200	show
1371877265984	120	693	364	click
1373117044389	63	494	252	click
1369217781157	71	991	93	show
1372239881034	14	203	422	click
1371261837740	59	858	446	click
1373499420296	59	110	298	click
1372704827348	20	123	477	click
1373217655319	72	650	77	click
1366924727111	129	184	75	show
1369745819933	137	775	56	show
1368032307945	68	697	209	click
1367127415495	73	720	319	click
1368804503492	32	881	42	click
1370979517686	134	428	95	click
1373267570912	136	468	394	click
1370176451078	142	448	326	click
1373070440121	33	709	437	show
1369120887992	97	197	103	click
1374134709386	25	388	408	click
1371178944620	27	631	456	click
1369583164970	87	580	36	click
1372799384990	110	857	367	show
1366896155139	133	865	437	show
1368407607035	124	327	327	show
1373410108093	50	716	227	show
1370932764782	47	312	50	click
1372503384818	69	846	289	click
1372488670213	38	107	1	show
1367767439055	3	528	250	click
1367363716727	125	336	450	show
1369614686992	117	700	417	click
1373244239663	116	226	435	show
1366955919491	111	274	10	show
1372539198295	34	618	242	show
1374059792937	123	16	139	click
1367966075058	57	262	295	click
1366698806495	10	896	18	show
1372199957977	58	492	65	click
1368369051767	38	744	154	show
1367944304879	138	425	445	click
1369088388078	141	288	152	click
1367103677525	9	998	74	show
1367657065091	20	512	296	show
1368751724400	56	197	424	click
1371467699470	74	968	413	click
1369629758552	84	888	96	click
1369958400309	150	416	231	click
1372205982108	31	908	188	show
1373739875978	140	77	355	show
1372084925686	116	274	48	show
1367695945516	4	667	470	click
1371541909670	105	854	378	show
1372233695232	8	184	479	click
1370298703362	3	683	138	show
1371008603102	40	617	468	click
1369056633796	19	583	453	show
1372800301667	148	817	443	show
1371806013349	137	839	160	click
1373083485179	11	89	459	show
1372712997673	11	460	100	show
1367735927450	131	414	322	show
1372903513902	139	148	405	click
1373194240997	18	11	143	show
1366891161963	66	155	433	click
1367738835982	65	693	285	click
1374004461339	18	987	147	show
1372103532902	96	448	13	show
1366390103046	20	553	57	click
1368755660994	17	916	467	click
1366425228430	43	993	188	click
1368032128918	94	833	499	show
1369355051812	13	462	450	show
1370615433587	97	93	492	click
1373313181429	83	602	315	click
1368519167292	114	665	139	click
1369190482100	42	884	66	show
1370286468549	135	505	253	click
1374077987624	105	265	163	show
1367298803723	149	457	184	click
1368706733578	108	648	403	click
1367441304209	13	351	435	click
1369992312523	71	457	33	show
1371109982826	22	990	321	click
1369917293786	83	406	191	show
1373875445425	39	628	99	click
1367518841317	30	218	457	show
1371128101336	76	643	306	show
1368953438054	52	590	111	click
1370191025539	95	151	104	click
1371668500704	149	798	370	click
1373953258063	39	686	153	show
1373299697879	97	35	266	click
1369655824321	32	334	23	click
1366703589996	45	925	234	show
1370703605033	60	538	44	click
1369505353274	1	809	69	show
1367916946608	18	432	438	click
1366774731481	2	815	3	click
1369570570440	145	920	45	click
1367390864192	32	211	485	click
1371277222489	7	657	467	show
1372501126148	11	607	209	click
1367749035559	130	44	456	show
1371158425316	34	802	189	show
1370426330334	14	761	121	show
1369836210210	134	828	255	show
1370942414739	147	993	426	show
1367125771093	25	874	181	click
1374093865452	104	601	493	show
1367027674676	109	154	364	show
1370634808176	42	471	65	show
1367049075050	139	134	79	click
1368958038799	107	390	336	show
1366886308655	106	596	311	show
1370720041426	111	569	407	show
1371041502847	93	663	313	click
1372260421289	138	312	217	click
1371335315559	88	861	184	click
1369792587779	53	762	489	click
1371690209391	16	4	163	show
1369587157368	16	213	119	click
1372171104451	114	786	244	show
1374129463668	53	965	67	show
1369271329927	11	240	72	show
1371544862937	114	658	359	show
1369278690664	24	641	442	show
1371215523515	104	612	228	click
1372126065133	139	756	391	click
1368388561891	146	828	420	click
1370165570787	30	991	429	show
1371463431913	84	812	28	show
1370416023508	23	61	268	show
1368275595073	67	321	246	click
1372284512301	60	47	416	show
1369428765062	78	507	156	click
1373126241243	77	982	165	click
1366859443734	107	111	142	show
1370104347238	108	213	204	click
1374145425869	90	304	499	show
1368986393905	32	761	392	click
1372351481209	71	300	261	show
1369492265212	78	248	298	click
1370472185820	87	465	480	show
1367172453089	38	266	198	show
1371311380494	42	472	403	click
1369599594384	39	285	391	click
1367792884905	114	53	353	show
1370669120775	132	640	146	show
1372342988371	127	703	136	click
1368814941372	2	712	450	click
1367059986917	17	620	454	click
1366526760406	114	936	368	click
1370639317010	82	678	138	show
1367265881998	29	400	163	show
1374176564596	27	472	252	click
1373212035656	84	389	405	show
1367739655263	51	665	493	show
1372527832430	23	181	163	click
1372817365487	145	887	332	show
1369383542976	149	22	349	click
1373838926046	64	727	126	show
1371773693735	60	895	358	click
1371563702630	115	959	53	click
1368154776645	62	900	343	click
1370327119076	142	948	96	click
1368437519862	34	588	472	click
1373645874962	27	196	411	click
1367627784577	57	62	374	click
1373626975465	39	871	500	show
1369327997811	114	330	275	show
1369385385297	18	444	193	click
1371788464527	112	75	221	show
1373906238452	144	961	362	click
1369263477687	145	531	141	click
1371600068961	143	829	56	click
1369757188165	29	486	75	click
1366890828010	52	920	63	click
1369058855241	51	877	12	show
1372831961699	50	720	417	click
1369318525655	12	477	396	click
1371120798120	1	269	231	click
1367032365273	57	423	112	click
1370724145308	103	607	102	show
1370772893755	4	973	340	click
1366971624331	145	382	326	click
1369975637620	101	236	135	click
1372560147456	106	969	65	show
1369858416533	83	667	27	click
1367174360801	138	461	457	show
1373401721406	94	917	340	click
1367487000232	60	980	86	show
1367411020013	140	850	162	click
1367330695822	109	7	158	show
1368579989426	33	767	203	click
1371666083063	10	385	198	show
1368210213171	104	516	269	click
1369762822557	83	988	76	click
1369867141524	37	399	102	show
1366953532668	47	64	388	click
1370123364586	125	901	403	show
1367679586458	70	835	338	show
1368671538528	141	587	345	show
1367217654919	113	608	459	show
1373824186747	89	321	382	show
1368590887318	86	596	2	show
1371178680284	51	447	256	click
1370269282195	20	787	441	show
1368989967994	72	797	87	click
1366574164235	104	336	98	show
1369198745036	41	751	384	click
1373510117124	150	755	303	click
1373533101117	48	384	320	click
1370058403030	150	256	102	click
1371949925961	30	598	187	show
1367431035994	29	116	449	show
1368237943200	149	988	393	show
1367947117659	103	245	372	click
1371708264121	103	76	401	click
1369726719148	127	989	461	show
1371919233843	33	801	173	show
1367483307123	84	116	347	show
1370071918898	4	544	239	click
1373968385763	146	246	412	show
1367210499621	28	288	187	click
1368843193698	78	515	99	click
1368610149112	51	938	186	show
1370897645299	83	772	379	show
1369459361060	28	921	127	show
1373197076442	106	396	374	show
1372434803386	115	765	40	click
1366720843451	8	138	132	show
1366915306986	111	585	235	show
1368060974079	36	123	52	click
1367587279199	53	897	167	show
1372379355363	58	283	338	show
1369736682170	140	137	81	show
1369000713008	60	715	339	show
1369206496582	50	551	279	click
1370809099385	138	102	341	show
1367657040565	59	589	48	click
1367729928521	2	165	28	show
1367314427688	90	608	233	click
1368648180514	31	514	296	click
1372525483546	11	630	168	click
1372882954482	119	132	159	show
1371233642307	100	922	17	show
1368174571968	108	769	330	click
1370049932196	67	177	324	show
1370991933511	37	966	428	show
1370828640786	68	682	193	click
1368626662823	44	131	413	show
1368229608958	49	576	115	click
1366583148279	122	271	379	show
1370098117666	94	155	62	click
1370778695853	91	469	153	show
1370712415602	137	900	215	click
1370586506156	14	802	331	click
1371382710690	22	553	117	show
1373857710664	93	764	209	show
1366634648317	68	607	441	click
1373810142963	28	387	17	click
1372927987492	6	163	11	show
1373155172301	118	788	337	show
1371797110356	61	136	69	show
1371915217668	2	312	191	click
1367748624085	7	253	349	show
1370791824821	122	809	429	click
1370416319731	19	452	315	click
1366859453395	121	612	494	show
1370150988723	104	623	136	show
1368639898100	4	390	26	click
1369759865080	22	839	265	click
1367726800739	149	815	463	show
1370200596473	127	604	448	click
1371837734113	2	713	227	click
1371975706585	37	716	445	show
1366830434575	135	655	341	click
1370922237574	84	182	495	click
1366465944592	91	56	55	click
1369152061464	136	15	194	click
1368877473276	22	663	314	click
1368760444554	21	454	123	click
1366395599081	10	41	189	click
1369001878985	11	753	401	show
1372782773044	138	616	33	click
1367051481569	94	436	346	click
1366661032282	2	617	288	click
1370869415219	15	812	294	click
1373398510042	134	633	244	show
1372546263137	134	795	49	show
1370937543211	145	884	153	show
1372733842001	91	13	275	click
1367837307129	62	64	110	click
1372056718196	124	895	217	click
1372797377173	123	114	464	click
1373551453785	84	589	181	click
1372536026338	94	427	213	click
1368818561399	17	909	125	show
1368328055859	109	601	128	click
1369671387533	124	265	305	show
1373615638848	17	32	184	show
1373950384425	89	260	406	show
1369872718976	55	802	419	click
1367993481132	148	878	72	show
1368679491619	53	969	289	click
1373803072712	97	883	165	click
1366909838269	36	27	254	click
1368057518360	117	103	152	show
1368389000152	71	662	498	show
1373453524584	146	62	117	click
1370772265630	31	17	25	show
1369074128421	51	717	246	show
1373786883172	70	197	273	click
1369857392709	78	475	431	click
1370674668739	17	92	143	click
1369415205090	64	843	483	show
1370327423967	29	827	355	show
1366655427612	76	93	253	click
1366603850324	114	108	117	click
1367804969475	84	179	177	click
1371036187464	131	663	316	click
1373563303533	9	158	132	show
1373773911306	35	669	29	click
1372998143443	94	432	291	show
1366859757948	48	268	327	click
1374044255867	35	594	175	show
1368701929673	67	545	436	click
1369351114230	57	106	401	click
1373036488698	24	348	405	show
1368588469838	93	733	380	show
1370432887939	101	141	483	show
1370300324033	89	600	356	click
1367525831160	76	944	351	show
1371101912772	97	877	150	click
1374056354865	102	377	226	show
1367185053092	5	792	63	click
1371774993721	17	348	100	click
1369310587133	47	348	411	click
1372947976771	71	384	57	show
1368973333684	105	656	60	click
1372191148482	118	445	2	click
1370423894187	70	691	13	click
1369735049802	97	77	379	click
1369171684619	104	983	486	click
1367131915713	69	279	466	click
1367085238179	53	745	315	show
1371873419443	129	444	247	click
1370931131255	111	214	333	show
1370432459819	7	604	375	click
1370316387360	122	956	331	click
1369453302723	114	569	439	show
1367494828733	99	845	223	show
1370577652142	60	981	168	click
1370168560462	87	13	476	click
1369365300730	1	66	276	click
1374181990701	94	401	205	click
1368922509280	137	88	215	show
1372058607970	128	626	332	click
1368497675770	120	893	492	show
1371751582980	22	511	204	show
1373272881282	113	291	309	show
1366802577829	76	884	65	click
1373705033975	78	773	123	click
1367338160962	91	163	382	click
1372054749960	15	944	387	show
1368506615850	41	314	373	click
1369443120708	11	188	199	click
1373750440400	60	683	416	click
1369031669703	126	518	46	click
1367518252434	21	764	200	click
1366716977461	24	965	114	show
1369221476597	25	316	434	show
1368014832231	79	989	445	click
1373825127466	111	519	313	click
1369126849395	85	573	45	show
1369225973801	54	505	100	show
1372051278519	101	102	353	show
1367489067746	95	577	131	show
1372407492843	135	330	139	show
1370557437871	139	851	468	click
1373840382873	54	596	119	click
1367373776290	91	776	351	click
1374007065818	150	215	450	show
1369357356602	106	806	75	show
1370239741222	92	1	45	click
1366370080947	46	196	343	click
1372327189265	15	852	479	click
1371704117854	83	844	15	click
1368776753376	33	425	228	click
1366697381800	16	81	261	show
1371630097182	39	757	485	click
1372187433276	48	871	58	show
1371231924275	100	564	275	show
1371407815449	40	65	449	show
1370043067972	145	132	153	show
1369619816074	112	111	63	show
1367269865493	82	350	253	click
1370132053536	71	590	294	show
1368560934256	16	38	364	click
1368665797765	88	885	183	click
1368697616863	10	521	339	show
1369657111597	149	776	272	show
1371111075306	8	866	52	click
1369816968297	4	504	262	show
1366730010150	136	957	347	show
1367553631181	36	318	7	click
1370924738070	143	506	367	click
1369785703359	139	309	155	show
1367831519099	133	5	327	show
1367779063499	43	824	485	click
1372498972946	64	226	36	click
1373608035480	149	628	272	show
1367511918672	141	51	291	show
1367830174805	48	995	153	click
1369319288795	130	434	235	show
1367580595723	146	456	462	show
1372255843941	89	996	70	click
1368480035401	81	299	46	show
1368632253407	101	784	479	click
1369110610806	136	547	294	show
1373178707644	61	536	427	show
1367799860367	136	663	479	show
1372855014564	62	329	69	show
1367240023114	9	775	73	show
1372706369651	56	379	327	show
1371932799069	29	931	167	show
1373139495896	146	918	278	click
1372184068073	143	223	136	show
1370094616113	29	74	120	show
1370018071976	13	831	286	show
1368782878210	141	432	441	click
1366799463328	74	308	461	show
1367630249908	138	909	303	click
1372371913964	28	721	56	show
1370752509733	105	807	411	click
1372316522151	66	604	192	click
1370782678328	2	509	233	show
1369299913339	40	875	453	click
1370106372549	131	805	239	show
1369859670572	98	617	87	show
1372467533865	65	341	286	click
1372768439384	81	866	86	click
1368722818602	21	798	225	click
1366432459811	19	368	103	show
1366573265828	101	429	107	click
1368722001853	110	428	142	show
1371598222755	125	588	446	click
1374181335798	56	102	238	click
1371239614468	40	295	261	show
1370048107665	53	686	435	show
1369093290601	93	838	3	click
1373334691021	6	644	407	click
1371416371451	148	795	394	show
1367180665840	124	21	335	click
1367667398626	86	830	132	show
1370205088807	36	439	85	click
1372286227846	105	894	277	click
1369479761336	68	782	385	click
1367683455957	143	323	426	show
1370418653002	106	926	252	show
1373182150635	20	459	150	click
1372921207970	131	508	24	show
1367313066893	99	853	413	click
1368681827663	7	2	58	show
1371195712016	92	176	214	click
1366855850579	148	679	300	click
1371789921217	27	836	368	click
1369086846256	135	605	486	show
1367173340674	66	124	62	click
1367571536056	147	279	346	show
1371182552942	9	390	220	click
1373104729578	45	22	141	show
1371478410733	53	953	206	show
1372227351996	40	36	280	click
1371816495874	64	407	133	click
1372216318966	68	546	134	show
1368452958436	28	395	338	click
1368869048112	81	983	303	show
1368510693001	142	771	476	click
1366936072102	17	756	289	click
1371153673280	114	800	257	click
1368687862499	102	926	78	click
1374197853595	16	433	241	click
1373852690407	85	188	273	show
1369239579590	29	948	429	show
1369702518035	40	756	16	show
1371040836906	25	76	71	click
1373959574475	65	112	463	click
1371462341069	50	875	278	click
1369524432612	79	987	259	show
1373855507006	48	53	259	click
1372234289350	27	468	253	click
1367967494314	125	33	125	show
1368718020723	54	339	223	show
1372626057418	141	533	264	show
1370540186419	9	324	17	click
1374010548361	16	476	275	click
1373238052571	100	560	196	click
1369666424685	1	337	404	click
1367669617051	137	395	307	show
1368923084023	108	785	296	show
1371740432420	95	271	360	show
1370953340020	48	301	454	show
1369305939812	111	13	380	click
1368198697201	44	993	479	show
1372718709884	56	523	24	show
1367226437763	95	708	2	show
1372433159434	130	750	222	show
1373726980837	13	90	423	click
1370719839222	94	989	184	show
1368575645498	142	743	372	click
1366529600480	7	881	433	click
1372383559010	140	941	266	click
1367404335953	136	683	464	click
1367325229740	93	823	499	click
1373549087076	125	108	323	show
1372880146056	138	610	423	show
1367026228099	10	904	431	show
1372940804985	59	869	420	show
1367872994425	43	426	35	show
1370564633829	93	675	239	click
1369878929152	73	790	418	show
1373383684308	120	197	202	click
1371105083748	109	269	370	click
1369529446666	111	548	478	click
1367557209836	127	402	139	show
1366768471504	36	697	110	show
1367759714737	143	795	101	click
1372798343772	138	634	477	show
1372003695501	23	275	192	show
1373529504821	132	886	247	click
1369256616503	27	358	51	click
1370533014275	133	285	114	click
1370163610321	39	158	308	show
1367504546762	89	353	297	show
1371007231524	65	634	330	click
1372074086974	105	793	249	show
1370617149470	149	64	294	show
1373024423975	36	844	340	show
1373600780700	77	737	17	show
1366949767450	149	167	401	click
1373226468120	95	603	444	click
1372240442346	21	959	265	show
1371413243434	64	274	21	show
1370969060971	55	131	468	click
1372497583615	147	888	149	click
1368527275177	3	587	167	show
1371876710617	59	426	69	show
1370916296088	58	929	245	click
1369414764226	52	714	424	show
1371090500049	29	571	356	click
1367418019398	113	966	105	click
1369152854716	52	553	280	click
1372227892675	134	997	343	click
1373749302444	83	819	419	show
1366633597680	142	607	328	click
1372240377391	148	762	457	show
1373221617262	149	617	241	show
1367165088497	134	833	86	show
1373930148844	80	79	456	click
1367437436727	117	388	332	click
1371742897403	104	666	396	show
1369508970490	121	219	189	click
1372001994616	55	91	14	show
1368216110221	51	192	203	click
1369004531090	5	444	495	show
1367661838559	103	994	245	click
1372977243682	41	770	399	click
1368621689780	80	416	90	click
1373270115948	50	985	416	click
1367201481716	105	387	132	show
1366734076137	77	330	367	show
1373817012436	1	274	223	click
1373273856909	10	921	254	show
1371856645260	20	336	370	click
1367841150073	72	201	76	click
1370482637988	100	916	299	show
1366671081230	59	485	393	click
1369168349823	81	491	136	click
1370499445530	47	798	362	show
1370363640113	45	503	314	click
1371903886675	99	454	251	show
1368520539409	92	238	215	click
1372025492231	40	953	480	show
1369322264972	102	172	310	show
1372186879915	76	556	148	click
1368253626894	90	761	330	show
1374110334619	41	854	441	click
1369443361302	80	581	24	show
1367372149394	48	521	303	show
1373052299871	80	787	325	click
1368845437698	4	658	459	show
1368969105224	100	246	17	show
1371542638367	111	143	435	show
1371007857230	149	9	372	click
1367148960337	100	780	460	show
1367372474056	75	124	227	click
1368934037338	48	853	179	show
1373299406587	28	512	259	click
1370353824135	85	57	55	click
1366778298824	101	611	189	show
1371659018860	36	70	327	click
1373303948778	102	487	21	show
1367556691913	108	427	30	click
1371345028003	78	722	328	click
1368936228897	55	194	51	show
1372760417873	21	961	302	show
1366698222588	11	677	343	click
1372613124219	136	350	125	show
1366943967578	6	390	181	click
1369531715580	149	856	95	show
1372967451675	135	453	117	show
1371875884206	13	302	469	show
1366454127495	44	760	349	show
1366663934385	78	940	177	click
1370405140267	2	68	361	show
1371924309720	57	343	289	show
1372616733500	105	157	381	click
1372150471832	139	957	78	click
1374057483727	14	644	293	show
1367522595553	62	927	83	show
1371156541845	51	570	253	click
1373419098871	76	770	371	show
1372955636542	108	46	161	click
1370915849165	101	546	481	click
1368626946620	137	528	321	click
1370798951591	58	472	394	click
1368690800187	113	849	269	click
1370347595875	82	433	455	show
1373767920192	120	757	391	show
1369691534077	22	252	466	show
1366424014577	113	462	215	click
1370830503843	91	597	237	click
1367902513318	143	606	7	show
1366656834154	109	668	447	click
1369409616826	2	117	487	show
1366620913552	9	598	141	click
1369774679693	136	579	462	click
1372497477720	107	6	73	click
1368072845405	15	287	259	show
1370791982897	96	269	316	click
1368187922135	118	150	208	click
1370837858638	24	823	390	show
1368503269885	92	763	48	click
1366559883988	36	551	112	show
1374153971113	75	127	59	click
1369474425881	116	678	289	click
1371242544674	66	866	173	click
1370182085087	70	59	382	show
1373252252720	72	143	313	click
1372492011413	138	4	359	show
1368328522454	92	228	152	show
1371607112403	39	870	154	show
1373473048138	107	470	195	click
1367266615559	123	218	136	click
1372811123301	146	531	28	show
1373701258521	89	769	92	click
1369730078441	15	634	31	show
1367200556633	48	718	215	show
1369271717160	12	565	359	click
1371985875247	125	199	191	show
1368327118415	80	86	77	show
1369680176169	67	560	110	show
1369438564678	119	811	39	show
1368012114810	131	797	255	show
1368781718508	86	488	349	click
1368656329712	60	516	228	click
1373586129463	17	78	27	click
1369142012058	143	860	415	show
1368095737533	103	983	329	show
1367703102201	87	418	57	show
1372134696707	99	780	325	show
1371797199754	91	742	112	show
1374018436830	147	417	45	show
1371613754375	16	215	263	show
1366638981977	130	922	265	click
1368519753110	46	734	345	show
1368885401394	12	993	57	click
1371335476423	80	356	209	show
1371267698742	8	459	314	click
1367622635059	17	184	371	show
1372208794381	104	575	320	click
1370177503631	45	612	324	click
1369630699473	14	197	5	click
1370343478902	35	423	289	show
1366492712119	136	415	219	show
1368058397928	71	482	383	click
1367061223823	33	532	456	click
1373228516303	121	296	292	click
1369977026588	12	753	499	show
1366758723022	101	641	258	click
1368259186947	107	109	141	show
1369605185049	92	78	250	show
1373559813546	100	70	270	show
1372875518312	96	336	103	show
1367469719011	87	784	259	click
1369470572889	34	637	304	show
1368599101985	135	699	427	click
1368626050385	61	185	182	click
1369856700794	71	825	483	show
1368864872343	83	898	15	show
1372007701388	58	435	290	click
1368226670946	93	549	456	click
1372577186872	39	561	207	click
1366569359243	117	323	388	show
1366615414136	74	710	494	show
1370788908360	40	569	366	click
1372390672876	42	304	103	show
1372640300164	145	960	6	click
1371472147267	105	448	335	show
1370771216773	105	184	253	click
1371153265259	82	329	424	click
1374131899100	143	917	281	show
1372308746879	106	452	265	click
1367278333739	147	288	11	show
1369051370671	63	302	402	show
1373910769621	64	247	92	show
1370806083857	90	923	247	show
1369851018015	4	367	74	click
1367067691419	28	514	104	click
1366936362333	22	669	474	show
1367589786106	30	512	387	show
1370888590399	53	898	400	click
1374196145371	3	214	456	show
1372974012981	72	807	353	click
1374177715443	5	19	36	show
1371325173832	3	680	322	show
1367946007866	73	690	334	show
1372134251045	96	726	419	click
1371355069646	97	39	182	show
1371182687141	104	808	134	show
1372816638086	132	509	283	click
1373052545829	145	915	54	show
1370076922960	25	12	311	show
1369806180007	24	142	282	show
1366621932766	22	921	193	click
1367797602449	150	915	216	show
1373666004864	52	574	438	show
1374137056236	50	679	317	click
1366866498333	69	792	228	click
1367919841340	30	504	459	click
1372187717479	133	329	144	show
1367274653060	65	88	415	show
1373942235277	125	906	321	show
1368767086930	92	38	286	show
1372822112189	83	937	316	click
1371013658869	31	11	376	show
1373059398631	25	865	488	click
1370460097940	124	839	469	show
1373902845091	82	811	66	show
1373216150795	91	485	127	click
1368148027695	136	30	30	show
1372214936213	9	317	80	click
1373825245712	58	950	223	show
1367894451710	56	510	315	show
1372562291743	33	385	265	show
1373449366217	27	72	118	click
1371510892302	113	842	333	click
1367226960856	8	559	422	show
1368246453244	29	850	195	click
1368801237170	135	900	138	show
1373683497413	67	197	407	click
1373656668797	1	234	311	show
1367003006092	19	956	108	show
1372807479578	77	575	422	show
1367007350599	91	235	477	click
1373823663361	102	504	264	click
1372362986002	49	951	54	show
1374123432220	71	831	235	click
1370330385552	87	757	461	click
1373614949255	41	980	460	show
1370720509996	105	115	212	show
1367363974050	66	878	45	show
1371937490613	124	345	276	show
1368446272480	95	833	154	click
1369677331467	121	126	257	show
1373678780648	64	995	431	click
1368244038986	28	216	221	show
1373551586426	149	618	330	click
1369229735886	37	56	109	show
1369977662850	36	391	410	show
1370684140288	137	98	89	show
1370368939900	86	608	273	click
1369751230078	112	339	139	show
1369785230782	85	158	446	show
1368610774962	35	41	143	click
1373526826700	145	677	458	click
1368475561886	10	657	270	click
1372449917557	47	177	193	show
1370554708887	85	428	391	click
1368896876665	70	39	258	show
1373421065747	127	311	224	click
1367354411979	106	55	179	click
1374204602867	6	212	220	show
1369269067897	41	669	399	show
1367467003873	52	927	396	show
1372791683516	142	435	20	click
1371697111664	74	828	6	show
1371509488798	110	767	236	show
1372707344711	17	173	223	click
1372403468455	52	758	458	click
1367677289286	72	273	76	show
1370496845847	137	612	300	show
1367611718022	135	377	313	click
1372474186939	9	22	128	click
1368245522261	10	213	153	click
1367191644308	52	16	160	click
1372272803749	89	167	25	click
1368370669729	144	937	282	click
1371327051271	107	704	266	click
1367027904919	66	316	494	click
1366516662701	135	438	428	click
1371696448144	137	808	401	click
1369968523585	27	467	392	click
1373512322543	103	848	155	click
1371790969997	108	772	238	show
1373151673325	49	163	48	show
1372233617803	120	317	65	show
1374132645228	22	506	91	show
1371103336915	2	456	321	click
1371936823085	31	211	277	click
1367833560361	88	906	52	show
1369362088980	77	899	77	show
1372078567211	51	608	384	show
1373969122235	113	676	215	click
1368680127645	37	557	359	show
1367321502294	60	186	484	click
1370128125435	120	96	215	click
1373198423332	58	906	447	show
1372850371391	38	325	261	show
1367179670461	60	441	417	click
1366534483361	115	885	266	click
1371602746943	127	261	487	click
1373934477793	12	706	36	show
1374107859923	48	404	332	show
1367588332855	111	87	367	click
1366380941515	28	756	84	click
1372255198450	91	394	183	show
1370119484271	118	808	236	show
1370567030173	46	754	86	show
1370920379730	14	9	412	show
1367880053691	117	360	270	click
1373628925286	12	111	285	click
1368044209225	70	365	87	click
1371650114378	42	495	324	show
1367889850075	93	819	165	click
1367111917322	124	271	463	click
1373607773072	67	807	216	click
1373101691066	87	955	166	click
1367311272747	92	919	178	show
1367144904590	55	11	137	show
1373961746124	135	318	308	click
1368158131698	105	31	327	show
1366545273935	149	919	329	show
1372106813295	32	692	323	show
1372032487932	37	615	353	click
1367746391204	87	525	316	show
1374083409757	68	99	254	show
1370274536304	11	346	482	show
1372571781399	115	338	14	show
1373426484461	67	517	345	show
1373239734469	81	421	425	show
1374195635007	2	781	119	click
1370038207744	39	638	331	show
1370545937750	109	27	466	show
1372940886582	14	717	352	show
1373475367729	126	510	422	show
1366796602019	27	947	190	show
1373419329946	38	395	101	click
1373453533470	9	174	494	click
1371765262741	22	279	199	click
1368252109199	105	728	123	show
1368114375342	104	848	438	show
1369337202094	18	495	449	show
1368590062060	15	754	220	show
1373866240279	82	461	73	show
1371535445878	122	697	70	click
1369520294355	144	794	350	click
1373256932825	32	872	144	click
1368405155849	42	851	415	show
1367709342563	46	909	18	click
1367047203736	122	344	192	click
1373315390202	94	924	163	show
1370223644962	30	227	454	show
1372888847510	60	210	238	click
1373817168826	30	340	434	show
1367822866360	101	577	165	show
1368338909367	75	576	237	show
1370513802989	107	847	115	click
1369896927972	76	609	326	click
1371847217031	139	576	163	show
1368529904882	63	558	472	click
1369083429204	117	669	83	click
1371623074822	125	986	282	show
1370343445780	63	34	351	click
1372154417259	41	765	106	click
1366543777462	22	574	246	show
1366542080975	27	643	385	show
1369934322361	124	259	188	click
1366752204254	120	696	156	click
1369510493022	87	522	231	click
1368971191093	134	751	180	show
1373798454310	69	569	494	click
1372145705272	85	143	18	click
1373405162863	91	864	72	click
1370604400535	95	354	481	click
1366642132656	4	520	15	click
1372116377881	2	966	329	show
1371565789664	58	14	343	click
1368484824736	41	997	341	click
1370245324671	147	512	216	click
1370623534786	145	717	215	show
1373052109808	114	136	261	show
1373576840189	86	872	27	show
1369368160454	48	458	8	show
1373013690930	60	184	75	show
1373559347111	44	789	48	click
1373197527365	41	842	52	show
1366614345279	120	499	98	show
1374155013226	36	297	255	show
1370894788698	33	172	473	show
1368377062543	86	994	462	show
1371360761952	142	920	327	show
1366539686218	8	767	196	click
1371967702247	47	673	251	click
1370427697125	13	950	49	show
1373275057838	106	919	338	show
1369087047721	70	534	41	show
1370176418195	114	407	7	show
1373598539679	77	548	336	click
1368239912902	4	185	329	click
1372106521858	131	859	163	click
1372205112850	6	454	3	show
1369247324073	73	945	310	click
1367597803681	73	326	90	click
1367115776463	10	839	368	click
1372637488892	63	252	201	show
1366857998519	115	352	491	click
1370039703049	71	905	475	click
1371788295955	95	371	128	show
1373076828655	91	513	268	show
1373583931767	98	50	207	click
1366492748620	60	273	411	show
1367907109410	8	537	87	show
1366942707217	59	330	358	show
1366765507745	90	655	362	click
1367672217226	133	704	440	click
1372630829930	96	617	400	show
1371855505844	88	843	48	click
1369988464614	11	729	233	click
1372247113859	136	463	90	show
1367028904867	134	50	325	show
1374073434637	35	886	145	show
1371553540109	91	161	377	show
1370086450284	42	525	447	show
1373795953339	146	41	313	show
1372646083836	114	384	398	show
1368746819369	142	392	424	show
1369637548433	146	834	336	show
1368905149242	76	716	126	show
1370484828621	125	890	468	click
1371361842422	74	345	275	click
1370431644165	18	879	431	show
1374002957778	100	40	123	click
1374047777294	110	981	499	click
1369356000852	108	170	339	click
1372215636185	70	47	93	click
1373064542572	36	120	126	click
1367086872978	103	123	23	click
1370277317005	82	243	103	show
1366638833469	23	952	325	click
1369493656406	80	884	173	click
1366892526336	113	877	42	show
1370919286383	137	309	394	show
1370601075070	32	244	5	show
1366495861942	67	145	334	click
1373774246050	26	51	494	click
1373568556686	3	774	425	show
1372772286643	35	507	106	click
1370570006457	18	407	348	show
1367277763749	112	559	47	show
1366456514397	131	598	47	click
1371362055512	128	779	103	click
1373584209789	84	165	441	show
1371873749448	98	850	465	show
1371706975154	142	757	137	show
1373415166787	118	687	28	click
1371763989453	69	7	101	click
1370831323566	105	885	226	click
1368585991556	20	196	205	click
1367060383880	86	353	153	show
1374172544404	132	727	496	click
1367907941729	147	614	226	show
1373069195283	105	812	153	show
1372395635535	113	163	129	show
1372999988614	66	406	371	click
1373884758508	120	422	446	show
1371135415580	20	400	30	click
1372520026416	15	507	152	show
1368767326159	119	927	422	click
1373176213518	95	419	101	click
1367802019530	61	904	456	click
1371888557400	20	977	237	click
1370571248458	56	839	500	click
1373057765105	87	105	362	click
1368062188700	58	378	439	show
1366428049317	144	164	260	click
1373348201322	128	997	23	show
1369830019259	32	439	41	show
1371226337922	86	375	141	show
1369617164695	88	240	267	show
1373940900897	69	991	415	show
1373930578625	103	513	53	click
1373034808564	13	90	207	show
1368930030982	126	89	46	show
1369514773064	118	542	66	click
1373379761198	39	70	155	show
1371196930078	34	431	305	show
1367522064421	113	669	394	click
1371146447645	56	692	273	click
1372516078086	83	745	242	click
1370501798601	67	34	136	show
1369228018934	110	71	285	show
1366516308580	76	660	286	click
1369533663942	100	220	482	show
1368103991971	65	799	480	show
1368732151103	123	23	330	show
1370179686779	72	27	300	click
1367208099063	31	930	211	click
1371527803542	20	175	45	click
1368086373011	19	627	73	click
1369235828762	144	336	319	show
1368691801102	144	875	74	click
1371059382665	145	181	444	show
1369381871655	132	581	241	click
1367955576806	130	380	458	click
1366724386941	109	645	109	show
1369690877641	56	238	496	show
1367631494306	92	90	179	click
1369496019103	7	871	134	show
1369933062397	122	216	326	click
1367186877977	71	272	368	click
1368896090635	147	977	257	click
1368899814121	29	649	136	show
1373278860489	132	810	211	click
1372475166697	33	106	35	click
1369951978179	87	408	420	show
1367075233002	69	208	352	show
1373603551309	100	313	393	click
1368644223789	37	660	302	show
1371627584531	110	720	305	click
1370138489259	10	666	191	click
1371717307579	36	917	53	show
1369292188688	74	930	323	click
1368790922331	122	738	414	show
1372648234185	83	434	417	click
1367548162575	2	871	12	show
1368475088839	86	771	264	click
1372773275310	39	644	175	show
1367650478645	78	581	105	show
1369137140635	24	449	247	click
1369479732912	107	378	409	show
1366725611121	10	610	413	click
1372902242267	123	695	486	show
1370671520622	25	312	234	click
1372039977324	127	355	181	show
1369831358752	124	770	492	show
1369329660231	64	34	194	show
1369564157527	43	35	461	click
1371590085718	40	848	228	click
1366859939586	129	568	304	click
1371210301423	75	287	368	click
1367772875974	119	197	302	show
1371415907694	144	487	187	click
1371416028767	139	217	52	click
1370327480557	101	980	192	show
1367696609390	139	708	84	click
1369320550568	88	998	222	show
1370094005214	42	467	102	click
1371259356048	105	412	318	show
1372569759916	86	723	412	show
1372963129716	6	509	95	show
1371819831078	51	3	436	show
1373160748706	25	171	178	click
1369230161485	18	539	109	click
1366438380347	55	164	405	click
1372970030019	50	615	180	show
1372816747452	124	491	480	show
1371320916569	141	737	114	show
1372979227582	88	506	67	click
1367925198539	43	676	364	show
1369709901257	33	837	398	click
1373059531426	107	320	210	show
1369503750808	4	17	465	click
1372512534155	90	79	23	click
1369568393610	133	786	261	show
1367103093673	142	1000	112	click
1367989791156	91	89	118	show
1366415371951	11	759	342	show
1367543915009	40	227	279	show
1371548357630	105	599	167	show
1368401117709	51	886	438	show
1371138062818	27	180	247	show
1366474604447	18	105	261	show
1370152478196	124	293	173	click
1367300893146	42	973	107	click
1371358719106	107	992	306	click
1368997578261	116	920	269	show
1368463635832	45	21	407	show
1368455531381	79	474	217	show
1368932497919	125	91	335	show
1371295560881	1	607	371	click
1370947156526	4	639	144	click
1368032161922	33	317	40	show
1373367937408	46	381	282	click
1374122131125	100	818	347	show
1371077390789	88	947	47	click
1368045116680	129	687	325	show
1366391191978	105	82	328	show
1370787321889	87	746	254	click
1372663352855	65	747	224	click
1368040292371	145	441	432	click
1368654255095	138	162	109	click
1368516869178	39	985	341	click
1368374972389	72	178	105	click
1369282645329	117	782	186	click
1369271751336	58	932	169	click
1374064786135	25	47	479	show
1370456329903	14	656	81	show
1368098136762	24	723	173	show
1373775054870	55	172	104	show
1368585628319	43	932	3	show
1372447956689	53	356	484	click
1370961629373	2	153	172	show
1373878958309	54	198	81	click
1373273604067	16	452	472	show
1369975093736	23	261	334	click
1371939701313	127	414	165	show
1371690684253	22	687	216	click
1371602513309	51	342	16	show
1369185574621	76	271	341	show
1371407532408	22	998	67	click
1374059058443	10	280	297	show
1367174661846	120	722	496	click
1370398297572	18	287	41	show
1369826620758	15	480	497	show
1368048306024	148	495	322	click
1372048513601	5	850	474	show
1371388306625	123	898	389	click
1369023927021	128	27	468	show
1370205395204	21	873	198	click
1371782951644	79	95	58	show
1370112001550	89	970	229	click
1366982003973	18	539	28	click
1371148855265	139	366	428	click
1366600895807	15	58	256	show
1370785856351	68	507	50	show
1373436966267	106	73	208	show
1370557571338	43	551	25	show
1373979423441	106	747	137	click
1370064403605	41	942	308	click
1372333506535	109	849	436	click
1371202335886	5	418	343	show
1370365444473	141	276	209	click
1367433082405	86	318	323	click
1373705510351	121	607	146	click
1367697116466	65	874	210	show
1373303991152	28	737	317	click
1369321927473	114	747	106	show
1372796424601	150	741	277	show
1367796885794	146	746	266	click
1368501735904	15	252	259	click
1369396043845	140	209	310	show
1368226890997	5	514	457	show
1368742130702	56	617	310	click
1370173035345	104	242	129	click
1372555378732	91	645	311	show
1372113729477	87	337	86	click
1371512632404	31	995	363	show
1371996179107	127	655	71	click
1369047570740	28	736	358	click
1374144931237	134	492	166	show
1371813613256	1	116	79	click
1372559386684	37	644	130	show
1373603970288	146	979	262	click
1370632457431	12	509	493	show
1368777625878	64	407	432	show
1369561345433	48	715	182	show
1366972040627	73	121	478	show
1370999037170	28	413	25	show
1372385785022	106	56	17	show
1367955273893	125	763	5	click
1371473806440	18	62	400	click
1372935412117	66	363	351	click
1368309074487	122	481	463	click
1369173675551	83	39	325	click
1373330358884	80	502	483	click
1368959016653	5	717	22	show
1371266199648	85	154	77	show
1371694799637	42	275	362	click
1369718710743	6	99	437	click
1369207047784	12	824	150	click
1374060910689	100	720	500	click
1369210188167	120	834	257	click
1370091552423	6	891	475	click
1371547755683	58	411	62	show
1369233731121	129	993	203	show
1369687010346	139	502	328	click
1367628538235	26	894	6	click
1371684180753	91	552	88	click
1371482947100	127	517	46	click
1372913478403	134	9	76	click
1370908548348	82	522	104	click
1369076864984	112	946	114	show
1367856029209	101	700	136	click
1372514531240	143	966	395	click
1369979583186	146	776	283	show
1370785909057	10	28	130	click
1368287070811	13	427	258	click
1372372097795	111	711	337	click
1366637605659	5	631	32	show
1371979599407	76	535	257	show
1373060940554	121	882	250	click
1373011414644	24	746	351	click
1368279529626	127	339	379	click
1371101689387	78	34	200	click
1369938608810	140	71	219	show
1372563669947	80	638	52	click
1367801654719	13	144	438	show
1367952436626	59	451	347	click
1368478672637	1	198	39	click
1370731082512	86	494	211	show
1373114594803	134	302	227	show
1368143068804	129	751	412	click
1367562573647	12	148	478	show
1372136349692	128	635	446	show
1369124849399	46	652	206	click
1366748031184	51	999	142	show
1367543446742	33	26	289	show
1367084064495	22	211	378	click
1369499159008	118	611	47	click
1367803970788	149	324	248	show
1368701977069	81	189	17	show
1367142956279	52	485	306	click
1370805628730	139	740	315	click
1368112388877	4	694	8	show
1367660071749	88	768	48	click
1366448141471	17	679	161	click
1369714933661	66	200	13	click
1369833490028	124	177	288	click
1369926817283	142	339	344	click
1367489519297	147	566	351	click
1373774692528	114	46	406	show
1372505112594	57	274	278	show
1366785807708	66	759	71	click
1369418434932	45	754	54	show
1369816800383	137	556	248	click
1373158761488	87	138	407	show
1367911111259	25	717	137	click
1367753655775	76	918	205	click
1368492994906	79	496	202	click
1371288141357	99	783	227	show
1369257272199	41	507	3	click
1370430509219	107	902	381	show
1370953623473	43	97	320	click
1371483252652	76	790	238	click
1374068686198	131	363	367	click
1367071016035	40	38	222	click
1370291481797	96	430	122	show
1373778104368	110	660	104	show
1372178241316	40	722	45	click
1369720559278	108	194	420	show
1367940078549	137	912	143	click
1370320912177	86	416	21	click
1371020932144	130	605	379	click
1370621594750	43	522	255	click
1368945365109	8	626	316	click
1367964058224	89	48	76	show
1368113187426	123	322	473	show
1366614298733	84	884	82	show
1371914440879	31	89	486	show
1366703439586	52	756	306	show
1367329592223	5	508	115	click
1373359758997	62	816	23	show
1372930118712	10	591	282	click
1368423182331	118	963	309	show
1371448456492	29	846	356	click
1369238608427	70	197	448	show
1373677409769	105	74	96	click
1372215378851	25	208	204	show
1366429120692	82	382	499	show
1371943149153	112	967	264	show
1371177416241	34	191	471	click
1370777476081	24	592	62	click
1368579566015	39	723	243	show
1369279701067	150	158	439	show
1371599494224	34	621	420	show
1371045700427	85	671	214	click
1370030542307	80	989	158	show
1372008959762	72	26	89	show
1366349596298	127	425	454	show
1367431511060	40	69	292	click
1367339683819	43	862	325	show
1373269665074	145	420	130	show
1373594509035	82	710	194	click
1372371348051	145	238	17	click
1373658618802	132	446	500	show
1371878230826	100	792	169	click
1368206342864	82	155	468	click
1367039419840	16	274	312	show
1367040397918	89	915	478	click
1367622137797	42	711	72	show
1370978065066	58	347	292	click
1372643016586	72	934	100	click
1372679091852	56	911	180	click
1367450421181	13	632	488	show
1372596577350	101	793	197	show
1368547456057	101	431	78	click
1371080406004	80	445	281	click
1367596507677	51	384	56	show
1372975529327	59	566	406	click
1367012559296	106	111	406	click
1370571894925	71	621	164	show
1369980067480	121	966	380	show
1368368937058	143	516	444	click
1372578592248	44	562	1	show
1370614413255	37	937	477	show
1369210164721	100	976	472	show
1372587306844	39	147	223	click
1368813344551	141	671	290	show
1371155475366	139	691	168	show
1370700492392	64	598	223	show
1369959490064	54	318	341	show
1371210325797	69	171	290	click
1372882238814	36	684	155	click
1368359907720	94	574	449	click
1367540304763	65	768	152	click
1369346307221	134	588	223	click
1367317305516	141	487	186	click
1373367068984	40	947	307	click
1368958661814	69	934	135	click
1372540841372	28	177	65	click
1368721256698	114	106	416	show
1373235083758	75	997	181	show
1372361634308	135	812	469	show
1369863189518	91	867	185	click
1373470795668	107	838	311	click
1373305165527	139	692	365	show
1369271806134	98	609	272	click
1373531297296	111	481	173	click
1372948137659	66	429	60	show
1367453751001	63	466	51	click
1369849952692	110	139	117	click
1371911113535	68	273	31	click
1368728944987	62	96	318	show
1371286537889	3	366	13	show
1371395422887	117	881	457	click
1373779520609	63	614	46	show
1366581582495	29	127	460	click
1370886150889	116	926	322	click
1372924287551	40	459	371	click
1374082680319	84	359	192	show
1371783596718	2	65	425	show
1368696053474	98	139	87	show
1372576530371	20	749	461	show
1371517880381	21	503	122	show
1370307812098	29	608	359	show
1366488540159	17	692	379	show
1369689258998	134	1000	367	click
1369597015386	95	319	344	show
1372095927792	60	866	4	show
1368604383264	43	770	409	click
1369982049647	131	147	17	click
1372833292139	95	286	67	click
1373527203633	42	51	169	show
1372478944287	40	951	115	show
1366650801333	12	671	120	click
1372463484476	15	852	299	show
1372604770838	78	767	435	click
1372884755019	135	744	264	show
1372911686724	21	292	190	click
1371639345921	29	423	376	click
1369170113539	113	271	174	click
1368936539928	15	569	206	click
1368747310589	82	6	184	show
1371183903375	117	924	295	click
1370199663582	133	474	298	show
1372796659541	129	490	39	show
1368535345573	40	62	345	show
1373194141815	19	790	227	show
1369944464783	147	501	146	click
1372498361409	97	412	316	click
1368953204123	39	266	258	show
1369942983153	92	41	52	show
1371872014885	17	525	143	click
1372753376724	129	587	473	show
1373224718451	115	2	126	show
1371170979443	130	204	488	show
1369517573540	143	560	71	show
1368658629870	135	445	127	click
1369137322407	122	719	469	show
1371225655700	78	865	66	show
1369864604236	129	579	151	click
1366812197589	131	35	104	click
1370296242123	10	149	17	show
1367720988673	9	231	1	show
1368168493950	3	518	24	click
1367247885362	36	746	404	click
1367201677700	46	661	264	click
1367943052177	61	275	474	show
1366992301056	118	19	280	click
1373731942307	84	686	14	click
1372149592358	24	494	89	click
1372449069252	99	662	305	click
1371036533133	129	848	208	click
1369478871238	142	625	56	click
1367864000162	98	447	302	click
1372898127351	39	443	439	click
1373506733061	17	842	196	show
1370578817190	145	344	118	click
1373280722815	146	641	307	click
1372000956313	8	201	267	click
1368352287336	52	659	101	show
1373847465452	37	694	78	show
1370400952917	58	692	451	click
1373570260761	62	321	408	click
1372461940623	146	52	128	click
1373521174081	140	768	146	click
1373876415862	98	132	436	show
1369385765575	101	376	141	click
1369464889308	138	189	465	click
1366429814769	85	268	330	show
1374157835124	137	26	48	show
1372125920064	27	420	433	show
1367720273332	137	540	459	show
1366499059370	83	791	39	show
1374037865140	18	906	49	show
1367575490882	113	853	327	show
1368699550175	131	137	1	show
1372887498513	61	725	173	click
1368508322404	108	882	357	show
1368415595659	95	802	113	click
1370784609902	46	507	469	show
1367732860329	128	493	83	show
1373705582272	129	193	430	show
1373157833431	119	36	393	click
1370932348236	139	136	146	show
1373212628947	95	282	105	show
1370149403713	71	34	318	show
1372778632392	63	352	336	show
1370815198104	57	685	132	click
1368877707434	41	986	255	click
1368968480765	124	39	349	show
1367908116691	117	126	496	click
1372785950335	57	89	194	show
1373977268540	135	63	123	show
1369200858649	64	606	117	click
1372809030231	38	355	312	show
1368317630452	92	931	376	show
1368060848156	61	480	15	show
1367461530577	93	757	222	click
1373860634141	15	196	456	click
1371182148424	50	606	344	show
1369602183629	47	448	74	show
1372362490925	17	530	303	click
1373548283727	40	30	32	show
1366356697072	53	24	258	show
1371469483899	94	495	99	click
1370575891580	6	863	230	click
1373244778757	39	587	427	click
1371503788380	9	780	209	click
1371552314391	29	214	47	show
1369643144265	67	906	344	click
1367790621992	75	102	429	click
1367021942637	150	881	409	show
1368624996406	44	988	15	click
1371044548318	150	866	215	click
1366883106050	126	430	330	click
1368121432236	9	240	65	show
1369909706322	18	19	158	show
1367123389592	55	831	464	show
1368551708099	135	348	55	show
1371764155140	144	984	459	show
1372981707340	54	695	309	click
1367399176572	98	80	102	show
1371397648514	129	534	286	show
1366665054669	26	118	69	click
1370583815950	12	857	278	click
1372877304815	105	653	489	click
1370300055184	43	815	399	show
1370730004803	91	322	138	show
1370247224093	34	167	476	click
1371519127669	75	723	111	show
1369264255628	135	205	345	click
1367527561100	47	868	148	click
1366849782138	11	605	306	click
1372241007302	10	148	243	click
1372430854755	81	304	150	click
1367307771447	44	343	29	click
1374184263127	16	7	495	show
1372107527017	124	867	159	show
1366695540493	26	62	22	show
1367973947778	111	231	279	show
1369822151283	136	164	408	show
1373637327902	147	370	180	click
1368238323587	28	570	135	show
1371633484663	19	182	152	show
1372137888728	33	479	314	click
1368959646417	16	607	383	show
1368997639693	142	917	458	click
1369316610816	2	70	470	click
1370301142256	109	788	369	show
1367261264641	49	931	213	show
1373973791937	33	680	291	show
1367197985593	150	727	149	click
1372309845175	127	109	16	show
1371076920079	13	450	147	click
1372235615327	72	901	273	show
1367711546735	73	278	453	click
1368029917631	12	561	342	click
1370589947040	14	639	254	show
1367002250528	44	318	475	click
1369145268158	40	361	348	show
1370701512117	134	244	199	click
1373905747282	136	59	199	click
1368420224937	24	217	221	show
1374002769050	86	346	475	show
1371332947697	66	408	496	show
1370432431759	52	384	157	click
1373017412818	133	110	137	show
1370648680431	110	673	287	click
1366943464905	145	534	363	click
1369904503353	67	481	152	click
1371841173468	60	624	388	show
1373450496648	134	72	373	show
1372071973215	61	991	336	click
1366874603204	68	581	141	click
1371568925967	130	505	293	click
1367740341701	63	953	242	show
1373884318877	67	327	309	click
1371763439647	55	809	178	show
1369734394559	5	719	457	show
1367428896598	82	546	446	click
1372661501673	55	47	440	click
1367040796211	138	659	139	click
1373538269622	123	1	10	click
1373307763571	46	778	396	click
1366915411081	92	909	57	click
1372285772589	56	749	483	click
1367066164167	110	110	16	click
1372320354010	62	173	110	show
1368642429214	35	709	372	click
1369619302232	4	881	381	click
1370147548473	97	433	87	show
1372117443416	94	810	311	click
1370112906960	138	858	385	show
1369243138218	48	59	54	show
1367084239482	43	329	241	click
1372151035229	145	576	407	show
1367773815639	133	591	3	show
1370517742218	128	937	73	show
1373489499384	84	119	257	show
1371951664416	71	174	199	click
1372836377348	16	13	294	click
1373452406094	63	171	120	show
1371900321562	115	863	251	click
1370928636558	86	519	490	click
1373666448365	90	955	460	show
1371044665952	77	107	37	click
1371766436580	15	639	186	click
1367883435582	49	335	422	click
1367758977092	58	686	231	click
1368045723957	74	31	449	click
1373385693203	27	629	144	show
1369755074474	146	571	370	show
1371026344986	84	842	369	show
1371608328044	109	275	107	show
1368193638551	108	958	104	click
1372629971985	131	267	445	click
1370839011321	51	691	432	click
1371336592753	28	18	251	show
1368672192794	47	946	40	click
1370587653053	27	135	178	click
1368597519131	46	341	163	show
1372254474029	138	411	32	click
1369619661090	146	949	166	show
1368350203112	67	272	223	click
1373359721619	18	244	154	show
1366972678727	112	577	36	show
1371555325739	7	696	311	click
1371683773376	15	737	290	click
1368076753522	93	582	452	show
1368377754730	7	165	397	click
1369815747755	27	665	438	show
1369072290637	148	315	199	show
1373154490320	21	395	285	click
1373826938583	41	685	441	show
1372793966400	148	884	31	click
1372399788805	83	122	347	click
1368526708297	4	227	287	show
1373057658991	84	55	453	click
1366502237643	45	24	105	click
1374030819099	144	64	21	click
1369601553224	2	44	144	click
1371507871113	144	503	319	click
1372735832392	31	798	447	click
1369543350474	62	435	69	click
1368650987193	100	634	292	click
1371769200012	11	972	147	show
1367864403985	104	955	410	click
1367160264207	25	30	3	show
1367403663932	115	630	15	show
1371535076971	2	146	35	show
1367443644166	122	822	479	show
1372225980111	82	949	146	click
1370541691538	1	960	315	click
1372447125992	74	481	169	click
1372460111441	110	497	1	click
1371988611119	124	939	269	show
1366879836293	65	432	475	click
1366487484152	101	909	474	click
1368760004859	103	911	305	click
1369712638820	88	227	278	click
1372511451515	134	391	460	click
1367728156460	30	818	478	show
1372196438980	17	899	402	show
1369487790549	93	661	436	click
1370738914494	43	513	22	show
1372036109506	103	646	330	show
1372662315150	64	176	368	show
1373300228035	112	613	187	click
1372850021292	21	678	426	show
1367445666560	149	942	235	click
1373856096052	134	705	423	click
1368651032097	76	366	399	click
1369127292374	2	897	330	show
1368713322141	56	930	216	click
1367411838975	97	610	378	show
1369013544597	18	551	185	click
1369335200731	111	427	367	show
1370837829204	86	66	61	show
1366615732503	9	191	165	click
1373434066029	64	158	371	show
1367396896714	30	288	152	show
1372737666776	86	944	399	click
1372634851990	5	353	450	show
1370180531992	60	151	107	click
1369847916251	80	462	86	show
1372244253249	73	853	183	click
1372243095214	141	124	39	click
1372073961185	73	529	431	click
1373352593699	104	755	370	click
1371484274375	16	975	192	click
1369162253754	117	387	196	click
1369182047295	85	587	212	click
1367543988602	104	394	75	click
1367338795589	61	674	201	show
1370301588893	38	625	90	click
1373352639752	65	442	34	click
1372268008079	113	2	298	show
1368559702527	69	324	474	click
1372145640644	37	600	168	click
1369221344126	30	499	482	click
1372234414431	42	699	199	click
1371229571284	9	317	482	show
1369728856190	104	235	139	show
1372623768357	87	330	205	show
1367011093771	55	427	262	click
1367307566074	62	669	497	click
1368442501132	106	905	187	click
1373744186574	49	225	269	show
1368046185737	134	65	73	show
1369161315577	64	143	74	show
1367995086163	99	522	112	show
1373674031055	43	678	444	show
1366568001070	4	711	278	click
1373459999433	43	54	241	show
1370056661394	90	481	102	click
1371661932905	91	385	466	click
1371110490587	25	853	470	click
1366816835773	79	180	212	click
1366839217560	85	826	167	click
1373475736984	86	985	276	click
1373472998844	62	587	371	show
1371223537501	17	435	413	show
1372929884469	31	663	400	click
1368817358665	71	725	381	click
1370272771525	31	870	378	click
1373645445126	6	66	204	show
1371114759236	46	78	22	click
1370134838182	111	13	483	show
1367046976171	22	831	497	click
1370579799611	133	519	14	click
1372772788918	117	28	32	show
1367341205346	20	657	125	show
1373220221146	121	863	16	show
1367040896240	84	160	28	click
1370041605228	79	862	482	click
1368824086657	41	629	281	click
1370624702350	140	295	65	show
1369606666960	56	950	347	show
1373955300775	20	923	330	click
1367091107919	79	965	342	click
1369116249506	104	841	86	show
1373912500509	64	99	257	click
1367951840824	12	733	203	show
1368008198557	76	255	335	show
1372133844589	52	292	9	show
1373513056211	28	689	119	click
1366672035451	86	214	441	show
1371683404874	4	448	334	click
1368639147365	66	708	467	show
1368833491661	101	791	4	show
1368212530304	69	776	236	show
1374087334792	72	919	482	show
1366714107295	22	33	238	show
1366967733038	56	438	170	show
1372098374866	18	456	304	show
1370542741974	83	136	325	click
1372936395084	24	269	346	show
1370876883874	1	670	49	click
1373321752018	57	637	46	click
1372998674429	89	48	420	show
1373711289853	96	517	409	click
1373196661646	64	969	253	click
1367205298102	37	18	210	click
1369240292066	115	6	115	show
1372232482648	28	796	375	click
1368263446553	137	801	196	show
1370239733302	6	675	333	click
1366456783517	136	347	105	show
1370966757753	150	231	359	click
1368135547690	136	179	222	click
1371829880941	83	849	482	show
1373006897016	140	706	77	click
1372074550560	123	349	301	click
1373657294217	42	599	324	show
1368124088976	5	373	492	show
1369982704736	100	54	411	show
1371654174674	11	502	380	show
1369456340632	92	592	338	click
1371283764107	138	128	177	show
1373583982993	63	695	261	click
1372390414859	47	736	73	show
1369906102218	67	259	358	show
1368658035442	37	896	295	show
1369398758495	118	845	78	click
1373869702325	47	938	382	click
1372824323512	68	640	237	show
1372257062008	37	406	346	show
1370256988936	65	209	198	click
1371605229743	38	518	206	click
1366999427242	11	70	498	click
1372627739289	53	745	493	click
1369834490335	97	932	152	click
1366894182391	1	401	329	show
1366434920822	48	19	395	click
1370321316640	129	578	171	click
1370221892881	108	512	480	show
1366740221494	47	341	401	show
1371051599955	133	282	188	click
1367209839680	42	986	45	click
1373147914458	62	474	455	click
1369846432605	126	744	123	show
1371960282371	8	995	279	click
1370418881252	109	507	347	show
1369163263811	92	477	33	show
1368861664998	132	685	33	show
1366779327458	24	17	155	show
1368714444136	42	682	275	show
1367619408450	86	586	21	show
1368149477655	126	379	42	show
1371070645649	51	420	456	click
1373727361996	116	256	161	show
1373754858618	131	495	467	click
1373953993334	125	855	216	show
1368826176441	40	853	496	click
1372366756161	22	361	395	show
1373530175294	22	843	409	show
1366566171780	102	259	186	click
1371120958181	25	928	449	show
1368028927617	129	13	238	click
1372162963031	3	698	435	click
1367739630740	76	49	52	show
1371161822265	22	52	416	click
1369977477605	2	344	4	click
1370851141867	125	204	264	click
1368689918444	20	146	367	click
1369264484511	18	599	72	click
1369714123743	23	868	302	click
1372903464678	74	103	455	show
1366508514672	60	378	453	show
1368384015916	129	816	444	show
1368924649342	93	529	154	show
1368383490168	113	632	466	click
1368402397615	51	928	63	click
1369638833926	27	120	137	show
1368052395418	53	909	338	show
1371466881819	1	756	264	show
1374006268509	64	414	382	click
1370649060506	137	255	335	show
1369759223559	93	138	250	show
1367617178998	35	18	61	show
1372883930141	126	41	115	show
1369390971519	59	45	333	show
1370523386991	102	517	380	click
1370269961009	105	71	335	click
1366392224460	63	722	3	click
1373981734516	72	337	56	show
1367791427237	47	842	144	click
1374054132168	108	10	434	click
1371581366798	90	53	324	click
1373163191493	21	934	397	show
1367505945173	12	599	174	show
1366703602486	87	767	242	show
1366912930266	17	116	157	show
1367405348392	54	968	431	click
1368097703631	138	188	219	click
1369561760993	91	359	228	show
1369987242832	143	54	107	show
1370162620157	38	842	109	show
1366421694962	18	232	450	click
1368386174603	30	236	472	show
1366359522374	14	865	408	click
1371382185772	49	901	63	show
1367399663187	87	252	305	show
1373825564588	14	23	413	show
1369533784950	73	157	366	show
1371946438391	3	605	10	show
1373160993662	137	398	411	show
1370630905042	23	697	333	show
1368923030713	94	421	66	click
1368899568455	22	359	345	show
1370566203623	59	688	357	show
1366751926678	138	12	380	click
1368401820145	16	853	111	click
1372577257113	119	351	339	click
1372658767972	138	376	234	show
1366639280770	123	419	376	show
1372351899515	70	521	201	show
1368868810403	88	154	362	show
1367303161329	8	365	226	show
1367416230854	43	323	335	show
1373188413472	125	749	374	click
1373166498055	109	357	64	click
1370189693560	112	936	295	show
1370486871130	29	595	207	click
1366973174743	42	944	89	show
1373805893453	145	985	362	show
1370397112499	50	75	266	show
1372594854731	110	256	47	show
1367262240533	43	966	230	click
1372263964842	66	559	339	show
1368269387384	136	981	252	click
1373811409104	53	6	127	show
1373542786039	74	925	139	click
1369388824620	65	473	405	click
1374144439880	126	670	212	show
1367285965674	15	674	185	show
1370995540050	13	266	175	click
1368212334290	139	262	387	show
1373579966104	107	63	212	show
1368653541544	2	456	300	click
1370160012390	143	691	110	click
1368544065584	105	828	36	click
1371766746632	22	212	39	show
1373012687903	41	427	263	click
1370566203360	42	14	98	click
1370478786330	103	196	51	click
1369633794755	1	223	30	show
1369326332223	100	791	88	click
1368858614947	133	746	36	show
1368857693250	149	5	237	click
1371513041988	120	654	47	show
1369973662883	90	592	440	show
1369058038348	45	576	282	click
1373398470138	60	253	175	click
1371480557338	77	763	313	click
1371968524416	127	605	425	click
1369459990117	74	548	69	show
1373201213142	133	244	231	show
1373009257508	117	298	270	click
1367989433543	55	272	354	show
1373763085292	1	325	430	show
1366975458165	75	237	333	click
1372722777248	76	870	74	show
1373581853907	84	193	52	show
1367739676089	6	367	39	show
1368656462631	65	579	443	show
1367480074608	147	374	235	click
1371357379312	89	662	457	click
1369436940891	50	956	321	show
1372747470829	126	884	384	click
1366445461295	5	441	256	click
1372035118192	43	877	473	show
1373636845812	72	597	349	show
1368058192917	12	482	150	click
1373882918507	44	558	306	click
1370429939225	74	29	461	show
1372423964475	49	41	474	show
1372449828472	46	402	494	click
1371517367611	108	585	22	click
1367567217556	6	207	201	show
1366547945492	66	487	73	click
1368142472888	74	747	397	click
1371254181200	27	845	204	click
1370401336137	108	179	86	click
1367341192162	136	863	294	show
1370858820630	109	715	312	show
1368529306737	117	645	350	click
1371837574874	25	710	49	click
1372584952457	38	611	158	show
1373199480790	40	406	493	click
1374159698152	20	500	416	show
1370285964249	18	620	308	click
1370699398846	32	356	310	click
1369245351462	58	95	467	click
1373095992952	24	982	425	click
1371346697942	115	977	397	show
1371460909118	45	11	465	show
1371949022991	74	330	331	show
1369398876518	57	395	477	click
1373130623334	123	614	119	click
1372538791317	16	391	38	show
1367214419775	69	828	186	click
1373370210530	108	117	119	click
1374198163473	118	49	276	show
1372021677083	16	480	397	click
1366822402468	133	694	238	click
1366776268346	148	408	304	show
1373721395642	143	865	139	click
1371407093272	90	642	361	click
1367369099922	50	501	291	show
1370640875574	133	672	270	show
1368343892090	119	9	293	show
1370504784827	19	306	432	show
1371602215332	10	689	176	show
1371956964867	74	316	452	show
1370536835314	92	857	222	click
1369775772438	70	123	267	show
1368682117728	103	801	41	show
1371540325239	118	891	429	click
1372941062030	43	758	133	click
1372816572374	15	403	242	click
1369125299146	65	828	422	show
1368588420062	2	939	138	show
1368330771020	80	126	338	click
1369328931233	31	973	355	click
1369129222893	142	628	477	click
1372553934208	93	417	86	show
1367884117846	25	352	218	click
1368327195527	124	473	91	show
1368669817941	111	245	421	click
1372836173248	12	5	500	show
1368233626226	25	811	160	show
1372571108536	98	901	474	show
1368393479406	38	933	107	show
1371474259936	49	653	272	click
1372890026513	9	533	248	show
1371254506683	75	604	455	show
1369937793258	30	174	323	show
1367890260062	133	863	444	click
1367518492025	104	134	462	click
1373086219934	120	239	89	show
1368676631133	114	594	402	click
1371531076422	28	919	84	click
1373383563630	143	208	404	show
1371037509421	34	283	67	click
1373880290927	120	198	54	show
1372326585565	124	742	136	show
1371740653668	4	757	54	click
1368203663778	4	511	463	show
1367739099908	131	310	410	click
1372731771199	47	196	365	click
1373126906766	28	681	64	click
1373432942983	87	471	285	show
1372905212330	4	81	468	click
1373641423790	77	335	349	show
1369768927419	144	677	339	show
1371546954666	5	268	425	show
1372404880609	98	961	428	click
1373129016814	21	440	375	click
1372218472927	133	907	90	click
1371151319046	116	450	202	click
1369113589982	137	244	140	show
1368998030603	17	165	142	click
1367506623681	148	586	205	show
1369243660053	47	686	285	click
1368876776983	74	99	360	click
1371022691510	31	873	468	show
1372427277613	18	667	89	show
1366870264566	124	99	399	click
1370313915125	93	221	395	click
1369041322119	111	861	223	show
1369655384070	132	405	122	show
1370070037153	90	459	181	show
1368275447235	11	531	432	show
1370200907380	15	391	113	click
1368730991932	123	837	423	show
1367969894404	18	886	193	show
1373721905895	145	271	482	show
1369475402769	67	806	230	click
1370833882424	42	173	325	show
1369216975514	51	635	125	show
1371862787264	116	998	196	click
1369421990668	95	957	142	show
1367336028702	150	452	215	show
1368076376944	60	781	36	click
1373377281933	106	963	376	show
1373776089085	108	447	208	click
1366996425697	80	483	448	click
1373650382760	80	310	391	show
1369670625095	26	393	270	click
1368064916637	110	921	484	click
1372485657208	40	901	486	show
1371626482201	101	302	135	show
1371026837755	141	378	148	click
1371352460078	104	50	7	show
1372050626884	10	900	359	click
1373269075354	134	59	247	show
1372296934525	113	243	90	click
1368329907314	95	714	375	click
1369770134659	22	725	371	click
1368862004245	99	667	360	click
1367792540947	33	139	179	click
1372863291185	63	30	298	show
1372931222666	12	197	232	click
1366501680826	137	4	152	click
1366483164439	28	672	424	click
1367641359962	69	264	129	show
1370912974267	89	358	74	show
1372077297658	10	992	415	show
1372348588117	41	951	433	show
1369251524409	51	509	235	show
1366969421596	72	11	347	show
1368219534929	113	977	476	click
1371855687816	19	669	70	click
1367997389165	143	5	359	show
1373958113333	148	620	458	click
1368884429560	121	152	46	show
1367901659644	53	848	296	click
1367091329568	122	91	229	click
1368047920667	3	994	339	click
1372537948241	121	637	427	show
1370624358334	44	247	425	show
1373973128204	139	953	24	show
1373641193242	78	726	320	show
1369456846517	60	5	24	show
1368654925332	100	915	232	show
1371807184083	25	407	432	click
1372078479363	32	686	409	show
1373251093814	135	571	475	show
1370483191205	31	643	165	click
1370912858410	111	746	368	click
1370771670136	2	501	75	click
1372716825946	57	622	390	show
1371812097288	4	313	434	show
1369523695545	108	808	3	click
1369307730618	40	529	216	show
1373992726549	80	82	59	show
1367740584625	112	511	42	click
1373690766600	150	306	286	show
1370343371771	25	737	473	show
1373278522497	140	545	148	click
1369765809055	2	535	320	click
1369632952697	57	633	60	show
1370877804794	96	874	385	show
1367608944787	114	269	35	click
1369085326540	55	344	140	click
1367895756744	53	703	12	show
1368102694920	44	408	442	click
1373870708328	123	648	202	click
1367607672863	120	886	246	click
1372572209006	87	412	343	click
1367556783052	98	908	219	show
1367952618900	14	338	321	click
1368114611517	30	929	450	click
1366754976875	46	578	387	show
1369262022739	74	321	299	click
1368838356641	41	699	366	show
1373974328668	65	942	196	click
1372883038047	63	885	293	show
1369722688585	23	397	287	show
1372868189289	115	485	436	click
1370926818013	48	626	439	show
1369559706190	26	734	205	click
1373314128093	38	537	384	show
1368553284831	64	397	262	click
1369372409368	150	32	275	show
1369762738782	14	948	470	show
1370966040476	113	606	396	click
1369079498038	77	123	25	click
1374042902903	60	540	155	show
1367819323938	20	118	402	show
1366518656708	77	394	320	show
1370388921945	32	170	38	show
1369262473823	102	116	390	click
1372869289465	15	764	493	show
1371550528682	148	712	85	click
1367352022582	120	465	284	show
1369321588980	68	708	128	click
1368872966850	98	460	493	show
1373819329181	125	752	460	click
1366782393496	42	649	310	click
1366653483024	135	445	175	show
1367977550598	141	516	68	click
1369247970998	99	396	455	click
1369845051632	32	159	270	show
1366952678337	82	681	271	show
1366760003829	35	474	336	click
1369477713766	92	475	228	click
1367577231011	143	480	219	click
1370866584137	80	631	163	show
1366384777766	107	281	441	show
1372375209672	142	991	441	show
1366766557783	145	729	9	show
1371190827761	18	70	471	show
1370775936834	60	556	5	click
1372773517192	150	273	123	click
1373651203155	145	723	33	show
1369666188131	124	436	8	show
1371136957704	93	155	426	show
1370012005173	114	881	343	show
1369934157069	68	930	25	show
1370600957449	67	952	57	click
1368741923282	125	208	407	click
1368966053616	101	809	215	click
1369584222025	30	198	476	click
1370061947515	107	86	100	click
1371343239950	132	134	429	show
1371383198212	21	726	35	show
1372695569438	14	689	389	click
1371719018353	137	66	86	show
1368699065292	33	253	51	show
1372788345639	15	750	489	click
1367655365403	40	379	129	click
1369213643959	25	664	196	click
1370179512407	128	860	143	show
1368890233882	114	181	59	show
1374097689600	80	670	119	click
1369965126957	29	657	88	show
1368492026303	108	669	126	show
1374002694437	80	736	213	click
1373445503390	121	113	345	show
1372689751609	26	543	96	show
1369419941961	73	761	226	show
1369460851050	107	357	221	show
1369498514856	60	187	382	show
1370778258834	141	631	424	click
1366951778486	113	131	357	show
1368559680202	35	755	16	click
1369716147239	106	123	226	show
1373585486769	118	380	144	show
1368481894299	40	342	226	click
1372391723259	93	272	305	show
1367357975871	7	743	155	show
1370039463634	70	34	290	show
1372211409878	33	673	191	click
1372970115296	120	980	408	show
1371771276838	15	887	4	click
1371811486214	79	515	156	click
1368693614438	143	123	181	click
1368793682753	58	702	457	click
1369927413697	135	246	343	click
1367512278013	72	671	164	click
1367615850293	88	654	163	click
1373524870036	76	236	439	show
1367075815943	101	159	288	show
1373916495841	49	788	207	click
1366504125148	14	354	417	show
1368195236839	48	246	488	show
1370872833758	101	244	167	show
1367762362470	88	171	329	show
1372395841768	117	263	454	show
1372465962770	53	948	23	show
1366935459815	6	309	110	click
1371386446854	143	789	39	click
1371526640614	14	497	497	click
1371778421305	62	216	170	click
1371798792871	17	950	314	click
1367217396064	54	333	326	click
1371547694403	16	732	162	show
1369574267785	107	612	69	click
1366855327434	109	244	374	show
1367642200483	57	552	333	click
1368125673265	77	936	271	click
1367259808393	36	755	475	show
1368772830973	26	890	220	click
1369202141487	144	678	444	show
1370613085867	63	237	478	click
1366839914295	144	879	284	show
1368712334038	148	64	260	show
1366834193193	52	978	25	show
1370172849526	130	191	386	show
1371829810301	98	893	271	click
1367930511398	138	134	11	click
1372479980328	24	514	175	click
1368062753600	74	579	318	show
1368469001730	104	783	64	click
1373953100102	48	615	174	click
1370055131419	28	1	21	show
1367227532501	41	294	88	click
1372905374013	136	249	355	show
1369731348332	118	106	352	show
1372040435455	72	871	45	show
1373635826392	1	565	417	click
1372367049981	39	515	290	click
1372576183663	117	555	100	click
1369239871871	44	30	356	click
1370848977309	10	798	383	show
1372379755397	124	607	151	click
1370064049566	105	102	345	show
1374175376955	78	441	159	show
1372623092667	18	447	333	show
1366497820822	72	669	76	show
1373816131590	133	347	204	show
1366829339892	48	934	423	click
1367217475230	43	828	165	show
1366544602951	55	931	309	click
1369392231222	19	402	278	show
1371740819566	27	785	18	show
1370630636402	29	734	64	show
1368905314139	3	578	415	show
1373886831089	54	453	169	show
1368311310520	122	129	133	show
1370641264569	89	98	64	click
1371923234020	95	241	439	click
1369219187073	5	368	374	click
1369217023896	121	735	207	click
1368765823248	70	177	457	click
1369616230323	56	751	119	click
1373975355802	142	413	322	show
1373145371535	67	946	47	click
1372332372089	69	303	280	show
1369183791076	111	930	306	click
1366348296413	105	231	184	show
1370136926212	137	439	111	click
1373311895852	72	426	176	click
1372670612943	52	837	250	click
1370935956490	40	307	255	show
1372214094067	136	474	363	show
1369605977494	56	848	119	click
1368927479060	133	354	425	show
1370963243989	29	670	400	click
1367975179857	57	612	305	click
1368068679194	99	474	95	show
1367668920005	24	722	96	click
1372097931267	109	191	258	show
1371760429128	132	29	480	show
1372045598121	59	643	168	click
1366884905008	129	614	286	click
1368176069480	24	270	395	show
1368706679346	135	343	218	show
1370496138934	66	296	28	show
1371669505918	8	532	220	click
1367553109962	110	682	457	show
1367100684553	101	1000	71	show
1366918553362	43	290	120	show
1368349036671	36	147	145	show
1367234927769	71	247	156	show
1373679265002	150	394	374	show
1372519088578	93	277	471	show
1371932066283	65	344	389	show
1368454829925	23	91	428	show
1367370269046	71	142	457	show
1369977130585	65	985	95	click
1370905813647	16	50	376	click
1367865686568	26	831	86	show
1367968668988	95	310	34	show
1369390168378	127	759	237	show
1370900595718	68	50	232	click
1367386113606	149	830	282	click
1372905672200	28	664	285	show
1367548138120	147	645	169	click
1368259499161	126	289	178	click
1367297397422	76	701	391	click
1373959100499	39	545	117	click
1370786501066	72	235	101	click
1371954677323	13	230	460	show
1374200716913	31	993	134	show
1369094355851	18	279	475	click
1367841969900	46	551	436	click
1369007774812	6	839	353	click
1368600403088	127	113	313	show
1369039936187	129	423	139	click
1373820570896	94	801	256	show
1367113362999	16	260	206	click
1368733492489	144	390	193	click
1367257517345	61	614	353	click
1370693132459	135	183	202	show
1372903270622	60	613	400	click
1369810780410	83	116	68	click
1371025565844	147	126	82	show
1367198705695	115	791	229	show
1373493622442	90	159	27	show
1371766164595	18	559	327	show
1373072916801	128	608	271	show
1370433034699	32	966	39	click
1369066500810	21	930	218	click
1372934506326	140	947	362	show
1368421122045	94	825	68	click
1367713539272	44	269	180	show
1372195282021	116	831	105	show
1374068287818	81	809	306	click
1373489195352	110	876	382	show
1369021395826	75	758	65	click
1367525368665	69	267	299	show
1367959787791	6	72	299	show
1369634877094	98	198	354	show
1372024122813	132	513	149	click
1371952797954	149	815	442	click
1369401306224	80	808	252	show
1372062196611	100	467	143	click
1369579113661	147	132	206	show
1367782988542	51	407	319	show
1367092789069	86	266	213	show
1373850299468	125	243	82	show
1374139469246	123	5	186	show
1372215130666	28	959	96	show
1366862095001	72	478	246	show
1373923014675	8	330	134	show
1366931697115	110	579	252	show
1370297232343	74	70	207	show
1371405482332	37	307	142	show
1369655529898	56	977	74	click
1372166601742	113	882	165	show
1369473214559	108	962	155	show
1370382110037	51	281	184	show
1372302114363	51	935	120	show
1371079901726	69	568	88	click
1373811476877	113	341	264	click
1368601065711	55	322	350	show
1369139896981	55	552	334	click
1368176949861	141	71	74	show
1372969833342	73	104	483	click
1371725726120	34	479	7	show
1373868310708	118	922	104	click
1370026982341	38	236	166	click
1368799113114	61	305	127	click
1373806428317	85	648	310	click
1369191062924	6	593	276	click
1367558341808	52	801	235	show
1373428650922	53	833	396	click
1369690080772	80	945	470	show
1373243226815	103	563	95	show
1371249920956	79	851	240	click
1369791313974	61	251	492	show
1367966503667	27	868	350	show
1366400364197	16	717	40	click
1367669639930	58	515	491	click
1371256335292	29	933	31	show
1370488481614	138	788	402	show
1367834116623	86	765	150	show
1370016011344	84	143	169	click
1367647240671	11	26	394	click
1368725010164	7	510	389	click
1366398870897	137	140	454	show
1369665714882	13	820	352	click
1368279352920	102	594	310	click
1366356262094	112	243	215	click
1373538800423	61	484	137	show
1367149118166	26	181	452	click
1368464505567	54	819	477	click
1370044611217	140	584	11	show
1366474603997	2	560	277	click
1366595869836	92	174	150	click
1371512952546	120	749	486	show
1373656079517	27	405	367	click
1370421977864	129	218	85	click
1371245393708	73	294	398	show
1366520311539	84	367	231	click
1368033628244	126	981	278	show
1368258055995	9	982	422	show
1373004011019	115	609	380	click
1374030159287	110	444	219	show
1369990892530	98	26	440	click
1366646329227	33	618	481	click
1368215231655	141	251	483	click
1369017489455	138	300	281	click
1371030506891	93	795	339	click
1372411269124	118	558	162	click
1370612006209	4	961	279	show
1368929445980	65	424	152	show
1371063794742	33	825	154	click
1369657721583	35	898	48	show
1370806893673	135	957	235	show
1370392972051	3	129	88	click
1371659784182	150	899	383	show
1371430957771	147	830	468	click
1370157372002	53	525	60	show
1369204303280	36	94	493	show
1369956652185	33	836	79	click
1374189323587	72	819	423	show
1371882129785	64	882	298	click
1371979509130	138	125	109	show
1370559221639	10	917	289	click
1368079865188	114	773	327	click
1371037839771	69	158	55	show
1373519633249	82	663	487	click
1370350877518	85	995	177	click
1368788694724	26	998	275	click
1370956491134	111	635	119	show
1370457704898	37	10	105	click
1373015528335	33	460	171	click
1370250087446	126	488	2	show
1372028347914	23	373	73	show
1373215769672	145	655	260	click
1368421493259	92	1000	221	click
1370371560204	65	801	328	show
1366858162219	115	903	32	click
1367321668400	62	912	186	show
1372524802613	5	321	30	click
1368161811115	26	928	323	click
1371988231628	80	810	188	show
1367451430449	31	873	81	show
1371855930235	146	178	36	show
1371800842567	92	119	387	click
1370984348958	17	443	193	show
1367603066926	94	204	162	show
1372839040973	85	243	7	click
1368163214779	41	946	59	click
1369775275280	57	474	29	show
1367576338042	69	220	297	show
1369163627854	123	998	383	click
1367436630608	136	923	194	click
1366439477938	40	302	431	show
1367250248480	40	409	5	show
1373143606451	141	421	111	click
1368383481509	1	949	77	show
1369762646134	112	646	166	show
1366435637399	15	907	248	click
1373954339532	106	399	23	click
1367014249317	61	365	12	click
1372742932075	71	434	34	click
1372771274768	146	151	363	show
1372564832363	54	307	203	click
1373758379113	36	575	382	click
1370847484986	46	176	202	show
1370244430095	79	806	458	click
1370182815164	75	126	313	show
1373306019049	61	788	306	show
1371729551299	52	860	67	show
1373251875111	17	96	159	show
1372858172039	141	111	163	click
1374115029343	111	394	256	click
1371510966230	148	638	343	click
1368986643004	9	683	350	click
1369661859318	140	574	352	click
1368721910747	99	878	371	click
1367563886162	105	118	230	show
1366749172033	33	156	455	show
1366811937452	46	715	472	show
1370646412929	100	148	433	click
1366580666747	108	568	10	show
1370011106739	140	978	384	click
1366851868787	95	834	354	show
1370535726732	89	84	212	show
1366722379719	142	446	81	click
1372127134606	75	889	312	click
1371033986349	73	443	481	show
1369509784638	67	961	85	show
1368816093543	92	890	469	click
1374042779506	66	761	399	click
1369169460830	10	216	91	click
1367733975303	142	749	216	show
1372234511406	62	719	16	click
1371423955861	5	224	430	click
1369500795045	46	177	401	click
1368726972551	56	422	362	click
1370990887591	66	392	22	click
1373320724871	68	135	247	click
1370564530099	80	576	320	click
1368619514123	45	347	114	show
1373338774502	142	337	218	show
1369443211824	142	677	356	click
1373868289201	80	746	276	click
1373906989936	138	977	50	show
1373724192957	63	30	164	click
1366955280863	125	976	448	click
1371344895290	140	575	448	click
1373294377820	106	568	405	show
1373096563748	125	697	228	show
1369285870330	119	821	25	show
1372155636225	21	861	450	click
1368557945963	143	625	470	click
1367106227477	113	396	357	show
1369137191388	35	677	70	show
1367270000910	39	876	389	click
1373662762852	44	199	384	show
1372843412662	116	974	143	click
1373723671852	149	651	210	click
1367331519213	6	914	395	show
1367230873974	66	713	420	click
1371939528700	84	868	429	show
1372016951995	71	719	235	click
1367360828807	58	460	408	show
1366879296128	94	181	201	click
1371187850016	113	983	193	click
1370369944959	7	942	212	show
1370932438055	122	725	444	click
1372130753757	77	103	64	show
1371756973200	90	525	402	click
1368224007216	60	888	443	click
1372406390293	82	30	74	click
1367416030244	143	906	99	show
1373264208176	53	10	53	click
1373603605538	39	481	263	show
1373206613173	126	320	54	click
1370441708278	39	392	221	click
1371008013232	132	970	164	show
1369286959246	70	542	208	click
1372983123347	86	602	346	show
1367885431011	143	683	456	show
1369342932137	51	93	393	click
1371109901751	144	706	10	click
1369368711991	130	829	188	click
1373080843384	94	370	240	show
1366987678288	112	982	403	show
1370295154044	103	612	177	click
1369590469626	127	287	69	show
1368436733792	122	463	376	click
1368452584642	30	787	108	show
1369764832725	59	567	42	show
1366659119638	90	572	111	click
1373914353154	85	640	327	show
1366702853213	34	802	293	click
1371322982076	112	502	145	click
1368630494642	125	34	271	show
1374125495854	23	715	391	click
1371430349251	72	405	322	click
1366559023690	132	315	205	show
1373189349172	72	996	360	show
1366918084477	51	404	391	click
1368497837308	9	833	482	click
1370170736561	45	22	378	show
1373881176098	101	270	408	show
1373847735747	76	121	461	show
1368620662645	143	859	46	click
1368178034820	28	444	124	show
1372333867581	78	342	334	show
1370560703931	10	76	81	click
1369309696517	16	404	194	click
1368830296197	77	380	197	show
1369888864609	133	234	135	show
1367477437782	126	250	407	click
1367225219842	76	587	99	show
1371125292117	49	265	20	click
1369846318323	55	381	487	click
1368663404340	28	534	290	show
1368059359114	97	230	424	click
1370238939949	57	869	122	click
1372725620031	91	358	124	click
1370215349361	93	646	451	click
1372637443042	93	998	466	click
1371259533066	30	27	3	click
1369732571731	25	4	69	show
1373312805507	48	767	182	show
1372254045704	89	834	438	click
1371757871506	95	620	311	show
1369844260662	42	324	429	click
1368969348800	75	809	315	click
1373191225049	149	997	82	click
1366832412891	135	948	490	click
1372383157477	131	84	302	click
1372965306489	5	990	135	click
1372840447480	72	286	6	show
1367479130523	15	316	88	click
1371427652372	66	591	430	click
1369665633971	138	125	260	show
1367567235000	87	196	405	show
1366979137943	13	189	470	click
1367509864114	139	591	124	click
1369448992062	84	104	344	show
1371964341355	42	382	494	show
1373506008690	2	162	394	show
1373177820814	1	87	379	show
1366853564857	85	879	403	show
1373411734795	35	906	14	show
1370466829354	107	674	259	click
1369259787649	29	401	420	click
1372251497358	71	816	30	click
1367012067712	38	133	401	click
1372705943636	97	166	286	show
1367372789875	19	794	187	show
1372079143642	117	985	84	click
1368943193133	80	547	11	click
1366871842379	109	875	88	show
1370926119748	147	502	267	show
1367221863282	137	277	174	click
1369749369779	54	906	308	show
1369670108096	37	992	340	click
1368156718681	143	902	79	show
1368236200944	73	18	287	show
1373011808208	139	805	4	show
1369693817744	145	404	450	click
1366506397507	135	385	192	show
1371194194611	119	772	280	click
1372177575404	58	465	71	click
1372534400076	122	174	336	show
1372026642730	9	155	370	show
1368069021735	86	190	19	click
1369456292119	105	393	98	click
1368150101921	11	22	384	click
1368226653817	19	807	154	click
1367812457487	95	452	172	show
1371525051779	80	128	469	show
1373367052337	81	392	262	show
1372454471982	94	735	322	show
1367786382862	4	951	147	show
1373814226901	100	214	266	show
1370084727296	67	589	364	show
1367045140785	22	724	237	click
1369385766733	109	550	5	click
1367857823138	68	839	394	show
1371664122939	5	508	147	show
1368487062492	45	962	283	show
1366764648293	58	387	82	click
1372263535463	139	157	31	show
1368912754265	37	77	140	show
1370990602308	80	412	260	show
1369421602686	112	921	225	click
1371137243704	16	690	289	click
1366888749615	102	24	191	show
1371257602192	26	702	443	click
1372648192525	26	971	186	click
1366849344625	17	440	248	show
1367507350961	149	3	233	show
1373136603385	60	986	96	click
1372359069105	102	985	386	show
1367035157935	105	539	11	show
1372757943541	19	509	259	click
1372253530539	44	361	172	click
1367618499716	88	413	434	show
1373041689430	39	691	434	show
1373535109686	76	405	184	click
1372812072045	87	394	431	show
1368145971869	142	41	419	click
1372338881430	63	690	19	click
1372622329573	38	626	330	click
1367757548962	105	603	351	show
1367571418525	47	339	285	click
1367997663786	41	398	239	show
1371620251530	39	299	340	click
1370085135088	1	707	43	show
1370255700516	93	826	460	click
1370672367256	114	366	498	click
1369805228902	146	650	76	click
1368501563601	59	769	297	show
1368239673214	59	409	325	show
1373055409400	127	554	453	click
1370277202570	149	375	227	show
1371470753059	129	624	434	click
1371858558457	43	674	277	click
1373004814718	58	353	179	show
1372393431064	123	115	393	click
1372119440363	94	461	208	show
1369834316184	149	572	255	click
1370536271675	50	32	382	show
1373106458087	90	765	318	click
1373050784086	124	223	271	show
1367869204219	113	6	335	show
1368128440266	1	196	174	click
1369782475517	41	210	410	show
1371407761177	132	581	95	show
1369734786657	12	970	58	show
1367197986685	87	588	355	click
1366403454242	29	957	225	show
1370547897317	56	334	183	click
1366802127262	79	751	397	show
1371233968347	56	181	298	show
1373924228214	99	277	171	click
1367817092810	44	908	247	show
1372507567540	59	307	298	click
1372032056874	131	619	434	click
1366976259989	65	272	481	click
1368581266937	20	272	187	show
1367960000400	134	213	429	show
1371527901129	70	876	340	show
1370803262049	57	978	61	click
1369441085200	32	76	220	show
1370027053144	72	715	250	show
1367581032522	4	214	63	show
1373183247457	12	369	344	show
1367652529866	82	57	480	click
1367866163356	15	27	51	show
1370695475978	4	608	60	click
1367117242461	58	42	14	show
1368211323855	148	767	317	show
1373763563888	21	58	87	click
1372261560664	41	200	360	show
1371028478894	134	795	195	click
1367444338406	58	790	137	show
1369508605861	69	366	322	click
1368476137290	75	118	309	show
1370526481824	35	668	329	show
1366735984860	60	371	290	click
1368120862000	139	600	278	click
1372323645531	81	47	287	click
1371160128844	79	664	324	click
1373646308129	76	338	427	click
1373759153356	53	821	464	click
1366576814032	63	368	385	click
1366740589406	19	21	445	click
1374177394027	60	191	215	click
1367941470239	46	821	231	show
1372903270348	42	441	229	click
1370320822815	71	522	254	click
1366852230456	6	862	424	show
1370903181348	144	897	488	click
1372722719992	75	523	456	click
1370307742594	58	144	68	click
1371200201175	124	815	429	click
1369670016874	65	211	222	show
1371581774935	18	663	143	click
1374081703895	114	646	395	show
1368845619827	22	825	170	click
1371200955077	82	393	358	click
1370315988277	94	626	96	click
1366464728021	99	764	426	show
1370559526623	85	87	261	show
1372359746187	10	997	483	click
1374001191685	43	384	263	click
1371990889921	35	162	367	click
1368715899209	58	608	380	click
1370082808076	76	69	432	click
1367078853017	63	965	61	show
1368727118079	88	309	213	click
1372900662216	33	906	322	click
1373408229236	90	930	379	click
1366765894609	69	493	258	click
1372357570913	39	275	343	show
1366912400102	92	529	123	click
1371855143135	12	731	134	click
1370188541359	98	10	180	click
1367728110871	43	736	203	click
1372778980761	6	596	286	show
1368648469615	112	778	123	show
1367376792699	58	704	366	click
1373236384999	68	45	324	show
1369993223813	60	562	288	show
1367572576577	90	554	258	click
1371627622977	1	992	347	show
1372552562982	48	735	114	show
1366575143444	137	982	278	click
1368870229885	64	722	29	click
1371123466000	106	628	284	show
1371164425199	76	477	390	show
1370976527140	132	264	222	click
1368420899348	3	194	210	click
1369547457717	47	828	378	click
1366548604235	95	640	351	show
1367907769061	149	292	273	click
1370051453940	101	382	190	show
1369861281429	22	986	237	show
1367954476499	141	51	353	click
1366488825839	122	495	21	click
1373134004738	65	355	13	show
1371179407632	35	589	166	show
1373924364957	35	675	257	show
1371653182714	52	241	384	show
1368516893963	41	611	116	show
1369200181947	118	685	499	show
1371441669320	17	2	172	click
1372432974745	64	311	380	show
1372522362936	121	846	367	click
1371507274030	50	42	53	show
1373581517173	20	225	193	show
1369646852896	116	191	371	click
1372987556741	135	561	218	click
1370657207102	33	597	97	show
1369821712688	119	132	184	click
1371189407335	116	735	211	show
1370398849336	75	391	460	show
1371538188772	83	207	269	click
1368648132325	69	130	211	click
1367209067442	59	655	425	click
1369806032096	99	22	165	show
1370905462357	17	648	88	show
1370316111864	6	149	443	click
1370039936615	107	859	3	show
1372035200736	130	647	444	show
1370724921726	132	775	184	show
1370113739376	77	669	288	show
1371099778660	116	166	277	click
1373719585309	56	196	273	click
1369687351866	127	870	103	click
1369210951914	143	551	136	click
1370380899887	96	792	66	click
1373105443310	6	102	93	show
1372962040785	14	239	433	show
1368880024239	4	544	375	show
1366473229832	6	885	438	click
1373612310924	38	848	140	show
1372581730494	148	71	432	show
1372236282439	59	660	166	click
1372281606785	117	849	112	click
1371688099110	30	861	376	show
1373514503121	123	994	219	show
1373330118639	144	379	13	show
1373859885925	107	306	192	show
1366461541706	116	236	473	show
1371483492836	50	61	242	show
1366501288981	68	369	27	show
1373687679228	55	700	242	click
1368557439581	49	920	103	click
1366372548519	64	757	232	click
1368825020045	81	34	165	show
1369292983459	27	27	230	click
1368027193322	117	606	2	show
1370693817804	48	738	184	show
1370121923269	22	18	226	show
1371570250000	106	888	212	show
1368501935529	143	158	288	show
1371641827043	45	817	119	click
1369216658368	50	710	245	click
1373098483249	141	249	49	show
1367427820019	57	741	316	show
1374005272455	127	813	333	show
1370312481230	120	605	167	click
1373097763712	99	108	27	click
1366459885136	46	303	280	click
1371399809795	43	254	247	show
1373717874393	138	768	49	show
1367980161361	115	770	237	click
1366620211492	57	819	145	show
1370945821819	94	66	157	click
1370923516923	92	487	365	show
1368753809485	41	157	226	show
1369686635237	119	529	243	show
1367275277808	102	488	316	click
1370871256277	69	536	444	show
1368427891495	52	508	419	click
1373567591954	46	876	340	show
1367207248002	76	235	318	click
1371753380099	84	276	132	click
1367677967480	18	932	452	show
1366487027665	86	987	457	show
1369904677465	132	869	22	show
1368251933373	149	811	114	click
1369394904332	97	477	303	show
1372783390480	118	940	468	click
1371474310324	20	428	239	show
1369561779861	110	31	335	click
1370907788212	25	665	18	show
1374113425220	61	380	175	show
1368972089379	57	758	232	show
1369677755044	2	912	192	click
1373264518705	148	720	193	click
1370679548056	82	147	304	click
1368684033126	39	48	29	click
1373152428852	127	92	226	click
1371592446774	79	646	240	click
1371597942253	124	4	457	click
1367896675216	56	986	286	click
1369608233576	84	788	449	show
1372062694269	125	616	100	show
1367252017649	100	607	26	click
1369230788480	114	202	487	click
1372129209564	85	489	191	click
1373681356875	121	35	140	show
1373785286159	105	840	56	click
1370134423676	111	389	62	show
1371491817356	72	156	324	click
1369453942813	20	681	139	show
1372573107614	28	547	451	click
1368701764103	60	581	186	show
1368237045321	36	101	162	show
1371263400412	55	835	462	click
1371805845097	49	415	36	show
1368434212473	113	230	162	show
1370466968938	11	183	250	click
1373429438902	48	748	3	show
1373031165409	1	13	14	click
1368762177963	80	264	442	click
1371402031525	62	840	138	show
1369299759962	7	877	346	show
1373789134793	69	189	480	show
1367757650989	30	999	462	click
1372147511795	113	211	160	show
1369977092491	34	639	468	show
1371906757231	98	643	344	click
1367248711060	132	299	363	click
1366407488838	48	103	197	click
1371386053320	132	375	364	click
1368349145286	126	148	444	show
1369088345181	10	669	48	show
1368171569098	6	240	322	show
1373537550687	35	690	92	show
1371281371523	4	128	373	click
1367433782894	123	545	268	show
1374017288543	148	370	181	click
1369997746656	137	672	383	show
1370064723184	146	911	284	click
1368905239961	94	989	382	show
1369294359515	81	789	172	show
1370988266639	33	529	399	show
1371873770311	138	765	98	show
1369883637425	75	362	398	show
1372828527559	144	961	55	click
1371389854820	2	72	95	click
1371123826562	128	244	308	show
1374120278447	124	616	239	click
1368855072649	52	930	104	click
1374028702168	18	740	298	show
1371137382918	68	37	242	click
1367055367633	54	739	478	click
1372255454385	113	252	229	click
1370154189970	50	456	54	show
1367160814397	26	977	324	show
1372665727112	144	712	324	click
1372268713014	63	591	68	show
1367056185208	15	502	192	click
1370949612087	77	229	33	show
1366720742431	51	899	445	click
1367828376057	91	923	14	show
1368606000015	5	701	302	click
1370669947681	6	495	481	show
1368422213291	73	355	264	show
1370295460114	79	951	310	click
1373458037578	52	329	401	click
1369938775288	58	529	223	click
1372780803476	88	496	392	show
1371681317190	88	294	259	click
1373291610002	82	999	281	show
1370301940293	29	404	155	show
1367436137709	19	707	8	click
1366410164741	128	705	393	show
1372229490234	91	310	101	click
1367598760005	144	131	361	click
1371787493007	73	386	284	click
1372441917504	91	971	415	show
1373748331754	102	769	434	show
1370455775150	2	856	2	click
1369128595551	70	164	138	click
1367296323797	46	291	482	show
1370423569467	142	390	344	click
1369165531934	80	100	17	show
1372909843693	37	759	403	click
1372878859911	10	91	198	show
1368080056271	36	269	426	click
1372202303322	135	601	62	show
1369635825215	113	411	489	click
1367858623766	79	651	468	click
1370551369767	120	139	498	click
1374147756146	42	780	81	click
1371725386066	135	572	371	show
1371386281764	9	482	74	click
1370296308332	149	558	204	click
1372475892363	146	620	69	click
1373534567454	133	55	148	click
1367527276284	42	772	416	show
1367265542742	76	808	346	click
1370180386076	96	321	368	click
1372987428093	47	801	449	show
1370628235045	127	811	27	click
1373878628820	17	126	202	show
1373600919421	109	504	419	show
1366410918600	14	127	143	show
1367713971504	53	727	357	click
1371521204703	91	484	478	show
1366599834438	142	147	487	show
1367996651556	141	448	302	click
1373989863494	57	467	298	show
1371963334100	66	904	257	click
1371335622769	146	520	356	click
1372275257267	84	302	237	show
1367214460348	13	143	417	click
1369125022297	138	327	434	click
1370432805724	36	182	230	click
1368860152082	96	641	237	show
1366915177496	44	534	420	show
1367633326468	49	658	281	show
1368889577554	40	387	133	click
1372088703172	134	848	476	show
1371183386155	23	360	381	show
1372632338230	98	859	400	click
1373599844347	71	409	284	show
1373541588168	130	383	208	click
1370343471700	114	876	170	show
1368080755142	124	420	233	show
1368217675666	124	574	478	click
1369165505094	123	33	364	show
1373239231082	119	597	455	click
1372586681840	107	896	195	click
1368463237156	2	748	315	show
1367276062944	67	593	21	show
1373368833210	83	293	328	show
1369370908409	42	370	369	click
1374173907333	48	463	167	click
1372147621612	136	875	102	click
1369327027086	143	311	246	click
1370694110409	64	877	220	click
1370370304030	121	493	346	show
1370825919085	31	818	433	click
1373348772139	18	459	44	click
1371603029162	135	900	28	show
1368761235815	3	238	356	click
1372803366387	71	48	153	show
1371382031738	125	935	30	show
1368121712743	131	709	208	show
1367558363091	6	27	156	click
1367910143511	48	208	152	click
1369151136501	138	897	203	show
1368369771508	118	750	142	click
1369738771519	134	275	309	click
1372165035596	109	708	430	click
1369593018844	48	631	138	click
1369739465974	140	595	307	show
1367220588768	27	582	485	click
1371725665728	25	733	178	show
1368298961539	33	70	18	show
1366973312929	118	157	78	show
1373997856767	20	515	149	show
1371398391374	1	187	2	click
1366407477804	67	959	66	click
1372616014424	101	159	214	click
1370918301965	81	526	36	show
1371393135911	82	563	495	click
1369730127049	76	959	4	click
1368508827899	73	398	450	click
1369920630549	77	438	162	click
1371209334332	62	843	247	click
1372469778689	120	544	230	click
1372943642172	70	511	10	click
1368553212973	22	678	281	show
1371517653787	44	266	184	show
1370363708122	106	405	14	show
1372467899292	76	547	62	show
1368982556651	93	811	377	show
1368757235691	96	73	255	show
1372288692859	116	20	105	show
1370087320556	132	454	467	show
1371515540402	29	294	497	show
1371018137824	112	961	33	click
1373916999364	65	109	122	show
1368490137767	12	63	457	click
1368926356593	26	659	283	show
1366766340977	92	74	347	click
1367822235690	3	43	33	click
1373992480060	63	413	266	click
1366461391965	147	299	70	click
1367541366876	22	362	197	show
1369161584865	76	936	395	click
1372852870456	117	95	413	show
1368054066777	5	143	219	show
1369263135620	84	353	490	show
1368323219140	148	835	226	show
1372690884340	32	704	176	show
1369027101035	111	95	402	click
1372974556964	86	485	142	click
1366829968346	123	153	500	click
1369184621710	148	198	64	show
1366703403914	103	452	394	click
1369026545831	86	145	418	click
1373488655740	27	121	349	show
1369570206070	149	314	236	click
1373755271114	81	681	175	click
1373125805934	124	151	347	show
1367561171210	108	70	51	click
1366975589998	30	567	241	click
1371990663498	131	844	124	click
1367253641512	145	729	322	click
1371604476836	54	622	483	click
1367201530949	114	426	372	click
1368692571735	15	538	184	show
1372140871565	15	82	208	show
1372283642633	56	47	396	click
1366378016489	40	896	296	click
1368259355879	136	272	285	click
1368049709056	70	303	67	show
1372878252371	79	993	441	show
1371387556378	112	443	128	click
1370307622685	122	719	13	show
1371923446693	65	664	139	show
1370436528279	48	109	329	show
1370526487286	106	320	24	click
1372131116895	130	718	224	click
1372162063688	47	475	150	show
1369240400961	95	203	259	show
1372859565516	107	201	46	click
1371792197768	116	541	468	click
1367298964947	94	740	444	click
1368844731184	65	766	201	click
1372977986477	17	680	238	show
1370456820226	144	64	492	click
1369642401366	7	172	74	click
1372950449192	77	640	253	show
1366406116689	26	834	204	show
1367088071728	22	120	317	click
1371076651363	20	309	67	click
1372872959330	19	899	279	show
1370575559263	149	799	478	click
1371820351273	142	216	181	show
1372769926712	146	48	341	show
1371911281806	65	614	128	show
1366883168426	70	896	315	click
1369864627754	87	846	496	show
1366536872045	23	497	324	show
1373785050027	132	782	64	click
1373218195169	103	858	101	click
1368783582501	50	195	379	show
1370039202173	26	952	433	show
1368995652095	32	19	95	click
1368669311097	77	902	65	show
1366465569479	1	539	64	click
1368014032210	128	579	385	click
1366715754518	60	352	226	show
1371735527684	68	540	191	show
1370652744748	76	631	494	show
1374183758475	150	801	347	click
1373853156775	52	652	196	click
1371176957179	18	477	195	show
1371296970467	2	73	103	click
1374010756425	70	316	449	show
1373504423949	39	363	106	click
1372137845112	13	372	112	click
1370531045398	123	902	127	click
1368160389622	140	250	128	click
1368580669764	67	393	430	show
1371288018914	95	729	183	show
1370962214309	18	923	435	show
1367822845412	24	986	396	show
1373375581749	93	783	430	click
1369786736168	58	70	18	show
1368386219892	6	87	469	show
1369566887874	50	142	169	click
1373992540890	19	613	262	click
1369470556125	27	706	220	show
1368447430091	141	306	2	show
1369121666769	77	65	467	show
1374125857200	128	835	195	show
1372897443266	79	415	483	click
1371642723003	73	992	9	click
1370325321201	94	423	313	show
1368650689293	141	747	445	show
1370924371112	148	817	421	show
1371393720280	34	975	171	show
1366699447280	71	79	222	show
1367824409747	9	110	403	show
1373405751943	31	913	62	click
1366954700266	143	457	158	click
1368733463341	16	513	278	click
1371584141351	89	623	112	click
1370528511203	66	943	140	click
1370437241483	122	885	444	show
1371210065011	53	524	221	show
1370820548899	5	67	422	click
1370459550910	51	132	238	show
1367004003651	99	994	381	click
1371210061164	145	466	375	show
1372706125103	118	265	409	show
1371569167694	81	730	29	click
1368127739835	116	994	267	show
1367716743356	97	913	291	show
1371113879037	17	20	184	click
1367617811262	11	219	140	click
1371977642703	25	196	305	show
1374020273404	39	78	125	show
1373086860563	102	607	185	show
1370431377855	67	647	220	show
1373161617104	122	403	219	show
1370819985216	82	733	454	show
1369649213320	149	764	124	click
1373519888078	95	807	166	click
1373315508449	48	843	33	click
1368772394854	64	543	441	click
1369140889803	30	663	376	click
1371630216625	81	190	266	click
1372666294582	79	248	92	click
1369699076579	131	192	451	show
1366428845802	94	243	146	click
1373818604320	143	110	332	click
1367243410647	76	514	140	click
1373214466425	103	736	263	click
1368019245693	62	637	263	click
1373546733659	50	158	463	show
1372097252325	47	176	120	click
1371576634399	9	394	264	click
1368679660422	3	392	257	click
1367555672913	39	231	358	show
1370488356962	71	526	486	show
1368473218040	54	952	194	show
1370202280423	133	335	45	show
1373985873963	29	463	358	click
1370134977677	32	540	341	click
1368703790964	63	278	228	click
1369970488390	34	368	116	show
1367385994427	67	602	376	click
1370757534479	74	982	302	click
1368893489761	7	421	487	click
1369338891137	122	477	251	click
1370133528486	112	965	207	click
1372275137271	54	809	422	show
1373237524868	116	222	115	click
1367062802428	134	539	235	show
1369332994921	84	5	425	show
1368042863347	114	930	160	show
1371717661966	89	904	129	show
1367885504330	87	576	62	show
1371046495128	107	440	163	click
1373563992674	10	452	485	show
1367840954789	88	404	336	show
1369495660306	99	294	315	click
1367026221190	133	357	481	show
1366574745580	45	298	490	show
1370057871243	17	313	16	show
1370589198336	60	93	446	click
1370249768147	138	539	312	click
1369571812925	105	375	238	show
1369478655863	56	296	429	click
1367377514173	108	357	436	click
1371414092153	70	315	259	click
1367442498474	108	601	50	click
1372716528122	63	59	490	click
1368525205434	29	298	326	click
1370056748881	45	660	72	click
1372219814371	127	826	440	show
1368395506199	50	958	173	show
1371424698699	54	176	410	click
1366854227878	51	748	337	show
1373417761176	35	639	116	show
1371768674017	41	524	66	click
1373636963530	78	360	405	click
1371490257482	105	403	430	show
1369927715519	141	569	168	show
1368273918848	68	105	188	show
1369365990118	24	197	59	show
1371893000090	72	86	298	show
1373319151948	104	991	114	click
1371178196074	94	567	295	click
1370726701117	146	104	484	show
1371623039009	112	224	227	show
1369939872619	17	879	245	click
1369163593816	82	55	315	show
1371170085381	83	343	380	click
1368349800129	137	397	253	click
1369996134771	73	853	290	click
1373320323549	144	750	201	click
1368145684587	138	780	25	click
1367521857692	22	957	364	show
1371500845423	45	128	265	show
1366543369895	119	321	69	click
1370545052209	107	674	118	click
1366928953479	7	185	320	show
1366827567796	146	632	162	click
1373147097349	63	530	355	show
1373547393190	120	64	293	click
1374029720227	22	217	280	click
1368028099358	23	117	345	click
1372239315123	6	425	128	show
1374096000115	109	835	161	show
1374033528195	130	978	382	show
1366801019723	113	376	481	show
1373239179267	44	764	491	show
1367330168954	26	69	120	click
1370741018208	112	536	309	show
1367631404015	41	764	332	click
1368718417442	100	115	91	click
1368704365254	84	937	8	click
1366495757478	78	95	5	click
1369510368170	91	800	374	click
1368185501328	139	205	223	show
1373892124247	143	906	89	click
1371958538608	21	42	18	show
1368437107483	59	896	303	show
1371656395281	121	586	50	click
1371762105567	61	338	309	show
1373458485784	138	328	455	click
1368189064725	98	40	167	show
1372245528427	5	65	463	show
1366666932280	73	54	409	click
1369181376979	4	912	266	show
1373038988953	76	475	390	show
1373604620273	76	643	315	click
1373407294290	85	34	490	show
1372753159845	70	799	328	show
1369169542815	44	291	217	click
1369133866472	18	36	84	click
1367784250052	58	585	268	click
1369877248944	47	627	214	click
1367501111043	18	413	175	show
1367889243461	27	860	266	show
1368232193655	96	658	126	show
1372130333315	125	785	456	click
1373411659065	105	505	345	show
1369678859858	126	599	267	show
1368679434730	105	970	368	show
1372060156856	121	13	58	show
1371507955465	85	142	283	click
1374150448612	74	108	310	click
1368334526623	138	592	198	show
1368113291691	111	133	57	show
1370939870184	29	519	52	show
1368709703020	134	474	367	show
1366644620962	82	421	315	show
1371902284960	28	247	104	click
1366768757759	129	83	217	click
1373476213308	12	170	46	show
1373023906659	55	976	398	show
1372359464612	144	318	361	show
1367364956992	100	984	253	show
1366911215508	93	339	199	click
1371877237100	23	168	479	show
1373916136942	23	331	230	show
1373568355238	63	547	218	show
1367740173476	72	96	426	show
1367621859485	141	520	214	show
1367852868702	108	135	119	click
1367590934734	70	748	238	show
1370461100178	37	642	221	show
1372629913203	7	893	397	show
1372310694333	37	950	367	show
1372193157523	68	293	107	show
1372936593461	84	214	460	show
1371466842815	84	394	45	show
1370375868385	123	935	228	show
1370088755027	21	471	259	click
1371034927889	83	265	451	click
1373927124023	43	752	19	show
1368246534195	21	256	439	click
1369574248370	130	721	291	show
1370181526550	85	934	12	click
1366577079618	93	189	292	click
1368751272580	142	5	160	show
1369651482438	74	501	225	show
1367432856796	14	226	340	show
1368482461175	8	780	448	show
1370202795606	81	728	235	click
1367106850583	91	415	184	show
1373818902614	122	600	189	show
1369503356331	86	992	136	show
1369059280593	35	174	399	click
1373121970255	69	230	413	click
1373206117340	88	410	346	click
1370552004422	93	653	276	click
1367839614836	129	278	294	click
1366768358939	65	124	240	show
1373742401696	89	931	12	show
1369492321135	100	212	275	click
1371604773964	103	457	194	click
1368159735812	102	555	293	click
1369957447407	39	832	144	show
1373992093320	48	854	431	click
1371780164654	149	963	21	show
1371986765636	113	424	425	click
1371213836691	77	306	361	click
1368584770951	94	755	58	show
1371077858015	119	717	230	click
1371922465328	63	846	199	show
1369757108413	135	122	71	click
1374073285182	82	132	342	show
1372480794504	23	13	97	show
1368549047752	113	546	98	show
1371296483010	93	463	41	click
1368365752275	38	122	139	show
1371814744698	115	456	190	click
1373842749714	67	219	338	click
1367817613345	78	827	426	click
1373947475834	120	512	267	show
1368254425975	78	660	74	click
1368368819711	48	704	116	click
1368681094670	64	833	270	click
1368843971899	136	797	204	show
1370502504854	93	290	98	show
1367985740341	77	693	134	show
1368248605377	82	758	282	show
1366989566341	27	569	356	click
1370146857452	81	231	241	click
1372464363210	66	647	209	show
1370922210039	61	583	438	click
1368029397228	150	564	244	show
1368146344883	74	9	398	click
1369978928603	87	110	38	click
1372055834845	117	717	335	click
1373246887933	44	133	389	show
1367385939424	44	967	425	show
1367217544328	56	513	374	click
1373001577569	150	909	426	show
1371830793841	74	250	473	click
1373915465650	149	712	130	show
1373413040198	143	596	96	click
1367629261062	144	618	240	show
1372456778066	135	896	339	click
1371006738850	20	334	49	show
1373599913861	112	783	218	show
1370346503689	103	254	392	click
1371007356248	83	62	87	show
1368228811423	7	321	166	show
1372547972065	114	821	384	show
1374049995772	88	433	93	show
1367829413617	80	292	66	show
1369497196134	140	809	466	click
1368702568649	52	999	286	show
1371398002292	51	514	85	show
1370735165741	11	580	126	show
1371378588706	105	811	74	show
1370810142887	123	899	357	click
1370480236150	2	472	452	click
1368657532633	12	475	149	show
1373605839295	123	49	387	click
1368663821038	24	161	494	click
1372790039275	105	762	493	click
1370034861396	83	491	464	click
1370258500718	132	315	64	show
1374021588450	35	384	409	click
1370622291129	117	429	65	click
1373300890677	128	93	132	show
1367145504324	137	59	52	click
1369200212383	25	354	295	click
1367973908426	59	880	363	click
1371964771118	46	976	284	click
1371879731544	15	205	425	show
1369180335478	85	14	466	show
1368020379754	1	250	389	click
1370960570606	22	718	85	click
1369120162594	120	385	346	show
1366439299608	76	604	490	click
1372856638102	104	215	1	click
1370816095806	59	456	281	show
1367584666207	38	790	182	click
1373321216603	110	519	3	show
1366350842215	116	772	498	show
1371094025712	53	932	50	click
1368453215391	133	82	91	show
1369451052973	53	511	214	show
1368240144730	75	944	247	show
1367806502042	34	633	319	click
1366988625861	140	417	228	click
1368358985657	43	569	447	show
1368451378844	66	849	402	click
1371862523407	50	409	201	show
1369105156610	32	683	425	show
1373863132186	130	81	206	click
1371918939594	37	797	37	show
1369542239718	96	755	183	click
1368524275590	70	833	186	show
1367151741200	115	222	226	show
1371090944760	27	999	312	show
1371608254904	104	848	15	click
1368381453987	11	977	194	click
1369190033542	5	729	187	click
1368914173025	66	222	62	show
1367146962530	28	736	9	click
1372377974779	59	962	63	show
1370335181115	98	596	276	show
1367667105065	95	727	443	show
1372558147874	137	987	178	click
1373896965042	76	221	210	show
1370415951011	119	134	481	click
1370379075684	19	151	26	click
1373867996970	131	820	82	click
1372312645512	13	353	499	show
1372654004727	27	751	54	click
1374060435076	11	407	12	show
1368170343345	21	909	146	click
1367789990147	66	659	312	show
1367527567143	127	17	426	click
1371984883288	11	535	367	click
1370458772867	43	32	43	click
1366461842122	57	621	307	click
1373371055150	114	738	488	click
1366744832812	91	271	381	show
1373969325623	41	879	225	click
1368309462505	9	276	103	click
1368890207092	28	517	234	click
1369280049309	7	697	398	show
1370190702243	130	760	74	click
1369470992558	126	869	297	show
1373397624206	15	121	40	show
1372723289103	41	960	93	show
1367887625067	149	728	217	show
1373191517577	82	866	167	click
1372641107916	35	869	36	click
1369071507636	126	670	260	click
1369525376534	60	258	251	show
1373687180686	13	957	48	show
1369332947916	121	199	428	show
1367335966136	68	866	458	show
1367586391662	62	153	439	show
1368561845976	66	351	336	click
1368706313345	96	325	345	show
1368928287353	105	704	351	click
1373113446714	87	34	232	show
1369798143697	17	234	93	show
1370177997764	10	359	473	show
1366430138854	4	500	92	click
1368180009146	41	12	348	click
1372096259078	60	945	363	click
1368552001733	68	78	185	show
1370067241747	83	364	319	click
1367460299605	69	762	207	show
1368861330718	62	368	359	show
1373395536269	65	308	381	click
1370574697127	18	125	291	show
1369962590951	89	320	117	click
1366556186366	121	480	60	click
1369067948587	148	584	94	show
1372035235760	128	414	373	show
1367582025243	40	276	263	click
1373603968067	70	34	360	show
1373022164325	57	806	381	show
1366784732666	66	505	468	click
1373400759535	129	356	90	click
1369231208876	68	718	55	click
1371369332117	60	14	72	show
1370039259133	13	962	88	click
1372830983442	26	456	64	click
1371890564014	87	721	176	show
1372062598070	24	860	205	show
1367002270574	17	952	341	show
1370856136806	149	625	120	click
1368589309524	94	185	352	show
1371918184252	84	218	73	show
1371063264719	33	901	361	show
1367424488160	22	259	406	show
1370542598693	118	475	200	click
1367514704905	144	885	117	click
1371505324335	23	368	105	show
1373707580206	125	827	224	click
1373773229310	121	988	292	show
1368491692923	81	859	374	show
1369141099348	53	511	333	click
1371448951159	131	63	167	show
1372778329725	114	186	191	show
1367586189462	129	413	279	click
1368050739759	61	579	142	click
1373750537712	100	643	364	click
1371363256128	35	991	68	click
1373729284157	139	176	45	show
1370345932079	101	503	207	click
1370507398958	113	866	280	show
1371817786486	6	915	489	click
1370915607015	99	412	66	show
1372254743289	77	786	59	click
1369942257350	79	826	367	show
1370399253069	125	365	282	show
1373087186804	141	85	453	show
1368922377576	148	878	93	show
1370201990125	29	440	387	show
1370672670419	65	448	143	show
1372124193912	136	767	378	show
1370794798564	22	653	22	show
1369166300027	57	425	168	show
1374011863904	106	308	427	show
1367309043392	36	643	327	click
1366828778179	33	847	419	show
1367243564049	111	582	427	click
1368767208270	71	469	277	click
1373381465520	136	15	360	click
1372515102340	139	693	378	click
1371214729833	106	498	71	show
1370333778532	91	385	280	click
1367744836647	76	608	64	click
1367763454862	138	604	450	show
1368459620545	120	599	78	click
1371287268450	28	450	113	show
1369396593344	57	419	248	show
1370003999435	49	518	144	click
1368203219692	89	933	105	click
1369873432762	121	817	202	show
1367016366684	23	369	334	show
1370141218765	100	586	445	show
1374088533951	37	681	343	show
1369241443597	56	825	382	show
1371277048113	131	717	141	click
1373840263242	129	585	438	show
1366858084265	47	234	236	click
1368982844146	125	353	400	show
1370233927543	49	641	197	click
1371040343063	13	959	193	show
1372221173708	98	371	401	click
1369384796498	84	325	374	show
1368067020602	38	946	246	click
1367037086237	46	252	11	click
1367512210044	100	740	174	click
1372682002385	47	959	82	click
1373541491068	35	922	242	click
1371822150453	118	320	374	click
1368587379318	73	58	208	click
1373469422222	9	716	408	show
1370414472326	3	273	65	click
1373590851623	129	607	322	show
1367624340562	147	972	319	show
1372697747811	57	803	212	click
1371730190079	23	910	379	click
1367669028382	22	821	74	click
1366753641392	132	882	422	show
1368900019163	138	11	103	click
1370705854280	80	968	93	show
1372403945316	14	789	475	click
1373649705681	55	257	493	show
1368586243013	13	26	313	click
1373131741024	65	269	287	click
1373502274775	80	803	341	show
1372873990479	134	650	54	click
1371501027102	128	822	388	click
1368328900816	125	850	491	click
1373217778049	77	874	334	show
1373894116233	48	206	371	click
1370573770383	116	204	302	show
1372306971234	88	815	334	show
1366577851426	82	474	186	click
1367374804023	46	682	132	click
1374043166393	127	359	322	click
1367495077682	145	977	441	click
1368252846000	104	138	322	show
1373713582813	2	101	329	show
1372052767617	57	829	223	show
1370290811114	29	795	413	show
1370862256346	115	265	479	click
1370414877949	121	841	115	click
1371888084673	94	280	104	show
1367966584527	49	579	43	show
1373882017850	56	437	9	click
1369267456769	123	283	135	click
1368344225595	89	741	233	click
1372225652254	117	615	375	click
1367580816992	34	446	309	show
1368857770526	13	758	403	show
1368347147913	1	375	90	click
1368768803513	101	400	240	click
1370205686612	137	380	269	show
1368319254522	128	51	38	show
1369149825015	88	981	164	click
1368931475708	56	992	431	click
1372470073156	59	873	22	show
1368491803514	97	52	494	click
1368668976093	30	267	259	show
1366785973777	90	272	417	show
1372622443070	118	954	60	show
1371133483493	48	295	105	show
1370327388344	59	924	19	show
1370587717244	144	836	194	click
1369370271636	111	198	36	click
1369451046194	150	323	166	show
1372653798654	6	555	40	click
1370540847592	69	452	216	show
1368766641508	125	735	458	click
1371320095170	34	389	157	show
1371407166341	113	72	48	show
1372124558568	64	454	343	click
1373054851385	79	223	95	click
1369320654215	71	530	142	click
1368157009348	32	351	478	show
1366776771758	11	145	238	click
1371734611050	97	340	404	show
1372813942751	78	703	366	click
1371046137473	135	934	186	show
1369428084663	34	464	121	show
1366960340182	31	107	387	click
1366388073519	5	976	145	click
1367230391293	146	272	276	show
1366644580179	59	404	215	show
1370999359520	137	465	2	click
1369830655530	117	466	149	click
1370276868061	26	488	231	click
1370891902046	43	667	454	show
1371262494698	2	626	51	show
1369866470346	14	545	265	show
1373093643955	16	242	416	show
1371546554339	148	347	68	show
1369233932654	108	236	279	click
1372943509731	98	424	211	click
1367152898077	39	671	127	click
1369240068378	127	29	320	show
1367833772466	6	120	306	click
1369943806150	117	502	64	show
1369367325065	12	175	131	show
1373876853380	19	471	391	click
1372732736278	9	185	370	click
1368500337812	85	591	63	click
1369543462380	137	939	398	click
1371078021472	2	298	250	show
1372901393228	54	557	158	click
1371413517291	106	589	90	show
1370696698753	129	730	238	show
1369018257612	149	226	79	show
1369406815520	130	505	68	show
1366893839170	106	658	284	show
1367275417939	91	577	481	show
1371475937489	46	575	100	show
1368781586051	71	788	484	click
1367790534860	113	96	355	click
1373301774896	41	472	363	click
1370752393428	4	553	311	click
1372179360832	2	984	120	show
1370116110903	141	28	31	click
1369099543890	115	896	405	show
1367729151980	67	495	463	show
1370191254630	94	467	357	click
1369384472498	147	733	41	click
1367971684318	94	816	52	show
1371960653712	4	31	345	click
1371007127513	112	98	18	click
1370351283739	100	321	447	show
1367102278991	116	373	459	click
1369601083452	94	13	375	show
1372789051980	137	236	247	show
1370219311701	98	368	79	show
1367254447304	2	68	71	show
1370855513642	99	438	26	show
1371930177979	98	46	145	click
1371443023949	137	452	298	click
1371337609882	142	293	323	show
1371184061619	19	930	273	click
1370225089899	26	373	426	show
1368254034782	126	657	395	show
1368236048689	78	659	421	click
1367578019095	42	875	144	show
1371419851870	9	763	122	show
1368274852192	138	652	406	show
1370142148500	98	640	262	click
1373461206428	142	612	157	click
1369072113626	52	39	218	show
1368625072762	19	415	452	click
1369322578713	6	953	120	click
1374116054330	40	841	184	show
1367889277528	83	387	348	click
1371576431666	45	880	209	click
1370211545559	102	259	231	click
1370723836038	149	636	171	show
1369704906937	108	770	480	click
1373246028581	65	809	459	show
1372771745106	46	958	460	click
1371186280769	111	95	478	show
1367006919675	62	268	215	click
1369489315626	89	555	150	show
1370193661998	3	61	449	click
1367898680780	56	606	187	show
1366999595616	99	740	310	show
1374174368527	12	894	244	show
1367038181730	60	777	24	click
1367398012160	57	230	106	click
1369057655239	28	126	36	show
1366396566211	4	663	81	click
1370192774404	134	420	327	click
1373230475623	55	630	482	click
1367508101390	86	653	369	click
1373678689311	99	722	134	click
1368562708566	103	508	354	click
1372653588651	29	813	488	show
1368116470615	49	819	447	click
1373599979791	142	228	49	show
1366386444541	66	570	78	click
1371104320069	20	446	332	click
1372038869892	141	26	302	show
1373807034668	96	749	245	click
1366952008939	67	208	340	click
1372962093273	148	101	92	show
1369837641030	32	475	294	show
1367075200556	130	445	116	click
1369983548979	19	160	492	show
1374159580179	76	421	262	click
1369559370640	62	194	83	show
1371750676756	122	890	130	click
1368804765371	91	50	352	click
1367036818791	26	500	349	show
1369649783142	138	888	259	show
1374067072366	145	927	292	show
1371649891648	84	778	222	click
1367208563965	58	473	450	show
1373477695035	148	489	135	click
1371468398970	4	182	389	show
1373497560713	84	57	408	show
1371339646400	37	687	50	show
1370221687895	73	902	269	click
1370946493743	47	615	134	click
1368995532927	132	935	161	show
1371373897005	121	838	130	click
1369412542155	147	947	26	show
1370242436913	110	534	366	click
1373312339361	150	578	102	show
1372402262352	73	920	411	click
1373613440645	54	778	319	click
1373470321273	15	410	422	show
1367879632863	46	737	467	show
1370789762789	22	33	392	click
1368802784152	144	147	373	show
1368630408023	34	602	243	click
1369548474138	111	505	169	click
1367467277537	109	906	65	click
1366413381870	31	731	31	click
1372937817388	20	309	472	click
1366651556571	62	256	378	click
1372815395550	96	942	494	show
1367522290389	41	907	307	show
1366776854810	19	874	38	show
1372827847784	87	109	386	click
1370721893863	4	788	87	click
1367511863566	53	923	344	show
1371187774954	24	78	13	click
1367868863413	109	976	260	click
1369221598102	21	506	380	click
1370636127121	34	317	188	show
1372192182546	80	541	477	show
1369960753999	52	213	160	click
1369961781367	34	953	416	click
1370128310870	107	584	47	click
1368624977589	100	364	99	show
1369232314669	133	211	300	click
1374158456546	77	625	157	show
1366441315899	79	865	342	show
1373612929814	42	561	94	click
1370946264479	130	278	277	show
1369132407550	14	183	13	click
1368345969509	50	228	88	show
1370719488149	111	602	263	show
1368935284567	46	246	18	click
1369194796045	45	977	253	show
1367917761983	142	293	348	click
1368282018844	62	911	309	show
1372797274258	105	834	195	show
1369506838051	34	824	480	click
1368169055757	38	214	274	show
1370263408895	101	743	25	click
1369409197546	125	511	437	click
1368750087374	59	141	456	click
1370692218670	108	97	500	click
1373508259440	73	556	349	click
1366510431453	73	751	43	show
1371726338037	46	322	269	show
1371909725078	30	562	145	click
1370882748279	80	624	42	show
1373325572740	40	649	377	show
1370818269272	32	404	182	show
1368173317534	71	922	71	show
1373457866404	65	747	185	show
1367421448676	90	758	371	show
1372560125937	48	395	441	show
1371368049029	47	527	131	click
1370932143924	98	584	207	click
1367568572560	44	380	467	show
1366883415723	121	873	222	show
1370100489920	77	25	208	click
1371231388140	92	423	394	click
1369922303796	116	654	328	click
1368930377238	100	349	74	show
1372487634566	94	309	302	show
1370529392341	62	30	22	click
1370736702612	108	47	443	show
1371760474563	126	885	240	show
1371821949357	66	377	343	show
1369607186769	135	921	352	click
1372885751634	67	569	171	click
1372435921227	85	132	237	show
1371756265905	111	860	370	show
1372056887897	27	576	297	click
1367899482047	39	964	495	show
1367893795937	25	113	106	show
1370931789620	102	717	436	click
1366443895126	80	605	75	show
1369748942555	126	172	348	show
1374074846503	63	609	64	click
1373593085699	46	192	458	click
1368078460909	5	537	69	show
1372488531670	24	442	219	show
1368231906261	10	211	209	click
1366915932778	29	197	449	show
1368026752673	98	972	308	show
1369061718572	26	302	143	click
1369344792217	119	601	190	click
1373060057030	103	992	290	click
1366981646973	148	971	320	click
1370017227398	124	280	237	click
1368184626931	130	214	339	show
1368819332543	141	168	132	click
1373762151368	13	914	400	click
1369865419584	76	186	8	click
1370685327261	11	440	49	click
1371520496227	97	200	350	show
1367904966598	5	139	392	click
1366868798083	108	187	362	click
1369093068823	9	93	411	show
1368848856481	80	522	120	show
1371876863779	120	284	173	show
1368027870951	46	419	321	show
1368751730402	113	712	434	show
1371478124963	120	656	182	click
1366590723001	101	260	431	show
1373737799698	125	933	461	click
1372050752377	30	628	167	click
1371464447377	21	346	8	click
1368544542688	82	605	134	show
1373094398920	112	579	27	click
1368337620671	131	662	380	show
1368321178569	41	945	197	show
1370291009366	69	615	446	click
1373294524099	117	783	95	click
1370583237033	28	991	443	click
1369676526450	65	158	91	click
1370947745672	53	948	206	show
1371478512577	75	266	286	show
1368562084274	10	356	348	show
1367819000666	79	623	167	click
1374018565133	61	346	95	show
1366454436180	38	879	28	click
1369807361917	69	140	410	click
1371061250840	57	674	114	show
1368786760254	132	154	342	show
1366539029871	73	604	63	click
1373085616445	49	64	465	click
1369800994101	16	592	341	show
1367426163752	147	187	41	show
1371394156643	48	683	454	show
1372490835093	55	871	493	show
1374097050430	98	287	142	click
1366538506901	113	811	92	show
1369431990170	127	717	283	show
1372758050213	44	911	98	show
1372264069961	135	866	411	show
1372860529918	2	444	486	click
1370793729952	141	640	58	show
1366785654914	39	619	414	click
1370603350797	133	360	217	click
1373369859810	35	857	299	show
1370093387771	67	141	224	show
1374057755902	127	477	500	click
1367102130419	38	53	42	click
1368795863373	59	909	348	show
1367576212090	32	910	67	click
1370914762752	25	420	210	show
1372488772040	132	30	99	click
1372187474341	53	862	118	click
1372476799447	51	367	381	click
1370211102448	13	524	53	show
1370856266737	49	187	126	click
1370342500547	17	462	351	show
1373161435469	88	191	341	click
1371142132176	67	889	368	show
1373963475936	102	106	137	click
1371091813943	123	34	119	show
1366581974215	6	62	328	click
1369923311354	61	51	453	click
1368634628449	63	972	96	click
1372287527041	37	431	64	show
1371153183300	131	883	368	click
1373722564114	123	714	315	show
1373328718759	2	304	373	click
1368834228342	35	990	21	show
1370865460266	65	651	280	show
1372939367234	44	195	467	show
1370877562286	102	670	11	show
1367813974044	92	152	300	click
1371428811223	104	835	478	show
1367844263996	62	4	282	show
1369826653771	140	644	464	click
1366926384099	135	66	186	show
1368775505412	14	385	289	click
1371108987488	96	176	359	click
1370540147391	44	264	61	click
1368829300084	83	937	51	show
1366963314053	3	286	439	click
1370861811913	37	724	373	show
1371492102626	114	902	456	click
1372135405153	131	877	250	click
1370459584270	81	215	472	show
1366707983750	59	382	69	click
1366721991386	1	605	21	click
1370607516691	141	208	244	click
1367424430894	54	761	121	show
1369597169912	114	658	415	click
1370682221615	150	309	30	show
1367275364148	42	101	391	show
1369174645047	54	818	285	show
1371470174533	5	735	209	click
1370573589710	23	132	284	click
1371698328802	4	418	27	show
1370557595470	20	841	163	click
1373550411095	111	111	13	show
1367471211603	33	851	371	show
1371941025627	74	883	102	click
1366765679257	32	972	191	click
1371929721100	137	122	39	show
1371197790306	115	653	36	click
1366468194287	33	172	144	show
1373307553436	77	514	158	click
1373500845906	20	208	210	click
1367856910428	73	825	479	click
1366779318219	86	423	20	show
1371011149985	50	308	265	show
1369966411281	150	403	334	show
1372826612208	39	250	109	click
1371997131735	20	14	92	click
1373672186118	32	518	231	click
1369243654711	25	561	358	show
1373709368605	8	186	220	click
1370633712390	14	985	490	click
1366420960214	118	519	435	show
1371450535780	2	721	414	click
1368372148415	1	213	440	click
1367982950041	125	680	188	click
1367808257451	61	860	89	show
1373445471343	147	377	61	show
1369077585220	87	856	321	show
1369569226222	49	43	14	click
1372071925342	81	431	49	show
1368721892445	9	284	472	click
1366985074254	29	173	150	click
1367268190727	48	188	314	show
1367463865329	47	425	233	click
1369700244791	139	174	71	click
1367622084494	139	530	359	show
1370523767067	131	376	494	click
1371749194764	144	532	127	show
1373947574714	128	571	351	click
1371157212903	114	743	206	show
1368132851371	133	313	492	click
1367377364152	111	612	492	click
1373712049227	112	53	58	click
1370235280813	23	217	67	show
1371679495375	147	115	112	click
1368353224834	130	259	403	click
1372110439027	92	208	74	show
1368531696249	21	334	12	show
1368595413123	100	389	227	click
1370587198326	14	540	254	show
1371199442644	52	764	427	show
1373073299474	81	266	82	click
1371891625783	86	299	44	show
1368694204085	52	136	329	show
1367395725902	13	323	9	click
1371156701639	75	248	478	click
1370268344918	30	671	148	click
1371242607484	54	298	177	click
1369231390619	139	123	340	click
1373859206280	124	997	282	show
1366653502003	26	596	354	show
1370057333625	93	796	454	click
1367543405884	70	272	190	click
1370523472014	10	709	424	click
1372617667330	15	903	326	click
1373960546179	95	453	160	show
1367740003481	149	220	374	click
1366977191171	97	409	26	show
1366621054048	41	340	6	show
1371966134624	24	518	375	click
1366942854822	139	565	164	show
1367986615702	57	522	223	click
1368992098366	3	206	205	click
1367789077999	46	617	486	click
1373971928680	24	274	282	show
1367361013714	7	425	26	click
1370022278789	65	958	41	click
1372956954888	12	794	163	show
1373100926499	136	195	8	click
1372602396684	120	660	6	show
1371143623013	76	794	47	show
1371679549554	83	680	427	show
1371609045558	9	148	382	show
1373091035788	123	288	247	click
1372625266310	60	264	178	click
1370776030711	47	460	458	click
1369204964878	71	71	208	click
1367442892252	82	424	454	click
1369406640121	32	668	469	click
1371242296485	76	693	141	show
1367991987733	63	533	86	show
1366441100315	49	448	313	click
1368929711841	12	711	404	click
1367664307508	70	674	247	click
1367922580991	99	427	230	click
1373933454996	101	935	72	show
1371175889918	82	963	381	show
1372728129923	65	191	318	show
1374130646277	55	504	51	show
1368481991432	85	479	452	show
1372739959281	100	937	416	show
1370775226591	128	150	117	show
1369177640372	40	285	192	click
1370306838769	117	196	335	click
1367933209156	93	572	388	show
1371226778123	123	622	276	show
1370520875151	67	695	124	show
1371016632732	108	794	132	show
1374068129952	41	754	178	show
1369500232936	64	947	338	show
1368048723356	12	83	175	show
1372993623550	149	459	135	show
1370103840417	61	107	224	click
1367356863678	87	202	356	click
1372074996605	49	343	229	click
1371544731657	12	915	449	show
1373594307096	48	647	319	show
1369814084391	75	897	249	click
1371748557343	121	694	246	show
1369917556717	126	520	366	click
1369274465891	83	732	70	click
1371960110441	19	694	422	click
1372064038762	95	772	318	show
1366872853395	1	762	254	click
1369076291107	84	886	337	show
1373632937695	14	130	319	click
1371758169621	90	79	201	click
1373544746596	94	656	32	click
1373207344523	68	398	93	show
1370241905012	143	689	297	click
1366874495628	120	582	319	show
1366668318380	121	517	335	click
1366930092729	50	7	299	show
1369497832937	68	367	203	show
1372437303565	31	658	444	click
1373173635989	82	836	112	show
1369315460853	126	692	273	click
1370987297809	39	486	69	click
1373243694608	20	243	229	show
1370548774568	94	631	450	click
1371241760633	123	36	226	click
1370704844892	103	651	45	show
1366566434603	112	434	500	show
1366803077835	87	188	458	click
1370469216558	56	36	22	click
1366858941529	36	79	298	click
1368337534550	110	849	151	click
1370279792655	44	600	6	click
1373688876189	144	446	25	click
1373143227411	135	885	188	show
1368901562000	84	966	316	show
1367862692091	7	379	471	show
1371335805201	70	981	400	click
1369119094763	2	521	134	show
1367143972367	25	371	223	show
1373193639685	123	505	112	click
1371405752462	101	971	172	click
1373158435924	38	209	160	click
1369495941664	74	843	457	click
1369089080264	37	548	179	click
1372567591210	85	434	413	show
1370378094542	7	532	105	show
1372570660801	130	883	128	click
1372471995426	129	37	270	click
1373854079169	128	116	411	show
1373124412919	131	449	368	show
1371012824831	34	440	362	click
1367450855175	79	871	290	show
1370366633534	115	101	230	show
1372753013058	56	486	417	show
1371364146676	38	685	253	click
1370223599994	45	407	468	click
1373062914756	85	963	319	show
1367206614136	103	640	238	show
1373970261691	125	870	324	show
1368505757073	56	839	221	show
1370801874947	13	20	235	show
1372025835947	138	25	343	click
1373697307819	84	473	297	click
1373473104450	65	445	227	show
1369253847137	104	537	46	click
1366846094254	47	740	104	show
1367050980384	118	934	417	click
1370511453295	71	868	327	click
1368786360892	119	814	151	show
1366906719642	110	732	58	click
1371740537016	44	447	118	show
1367953700889	137	221	286	show
1367586755083	118	508	43	click
1370489738823	102	874	393	click
1371854270542	121	979	463	click
1368686255297	96	582	283	click
1367682248796	124	564	294	click
1366468283004	89	393	416	click
1371129032254	12	494	243	click
1373737682231	100	441	299	show
1367017483360	105	273	294	show
1369150865672	142	523	399	show
1369663731125	132	20	315	show
1372258212065	51	411	331	click
1369181446562	106	863	76	show
1373346448447	83	147	135	show
1366467131929	38	7	29	click
1368366886767	128	347	68	click
1367940539085	97	580	213	show
1367312773773	28	800	380	click
1371837598331	141	28	310	show
1370053123655	126	275	312	click
1371068799025	41	503	286	show
1368671742569	73	159	52	show
1368210131556	64	72	326	show
1372880694191	83	306	209	click
1369712987969	92	133	210	click
1367517960394	4	795	74	click
1373656489066	143	308	416	show
1368533301515	102	769	443	show
1368984086604	57	918	157	click
1373239010672	92	684	417	show
1372383426657	118	617	308	show
1368796282369	48	534	451	click
1373827746074	120	721	244	click
1367256515445	118	811	220	click
1370325980177	57	892	452	click
1367790890620	36	965	444	click
1368252446142	95	782	100	show
1370017318936	36	738	119	click
1373119199274	31	535	68	click
1370649431971	49	63	60	show
1366795314520	92	613	112	click
1370149800399	87	753	234	show
1367100217044	23	715	467	click
1373019515927	8	609	63	click
1373547885346	114	881	327	show
1373156039190	21	210	114	show
1367695080587	63	770	396	click
1367995351195	20	180	456	click
1366975059841	146	247	374	show
1367512115720	34	628	259	click
1371469197241	108	660	237	click
1371257175162	30	625	324	click
1371659047972	46	258	222	show
1366855353909	29	104	48	click
1371451969682	59	468	367	show
1369523742573	77	675	405	show
1373968058342	132	234	297	show
1367875604503	134	524	439	click
1366428986935	42	649	383	click
1370004375187	130	190	343	click
1370999430218	99	42	91	click
1373955284164	83	697	153	click
1370054766194	63	938	128	show
1368584122905	75	330	460	show
1373131195665	51	301	161	click
1368853730007	19	629	426	show
1369267304084	6	207	466	show
1373203572830	58	665	375	click
1373731946721	117	705	230	click
1367135315287	39	228	264	show
1368364606448	31	325	186	show
1370896871576	141	852	327	click
1368052463374	141	947	207	show
1374138928194	94	767	139	click
1369399145676	11	621	466	show
1371021986252	35	6	122	click
1366770772825	107	67	497	click
1373946280124	108	95	302	show
1368286248938	117	861	166	show
1367898134284	104	17	69	click
1374043631692	101	164	176	show
1366836145296	29	507	76	click
1372756350279	91	133	223	click
1369095037465	148	263	9	click
1372633735147	140	987	183	show
1370908385836	31	520	418	click
1368406778483	127	505	188	show
1366858880442	139	536	333	click
1369149862846	50	154	236	click
1368521673691	149	364	250	click
1373822589213	123	295	345	click
1371963492016	36	392	364	click
1372448828464	128	428	233	show
1369259061220	79	979	262	click
1370337054329	132	491	494	show
1373755348654	53	482	334	click
1370565673258	78	295	141	click
1372909657716	71	387	184	show
1373997822177	2	995	146	click
1373429864087	104	194	29	show
1373618704371	108	234	267	click
1371178694806	109	360	329	show
1367542743763	91	204	82	click
1370035943639	138	317	355	click
1370759603411	106	954	329	show
1369512980703	33	443	58	show
1368024590311	140	527	454	click
1369861439538	99	618	223	show
1367349944476	37	621	195	show
1366715785824	116	970	460	click
1372358395247	129	716	155	click
1370118634622	88	441	223	click
1368925066769	94	55	359	click
1367480918537	24	660	347	show
1370007531091	33	425	360	click
1373794181405	21	501	486	show
1371273640870	89	416	418	click
1373560943780	76	672	439	click
1372735140595	62	421	79	show
1370594823098	44	148	61	show
1372962506461	32	503	369	show
1370039357542	81	733	361	show
1368951112423	149	561	234	click
1368649837930	141	164	27	click
1370500288604	110	619	156	show
1368496289774	36	420	237	click
1369569949428	33	578	186	show
1369972103892	125	2	483	show
1369278323142	105	226	297	show
1367238308392	112	817	52	show
1366581492067	135	345	276	click
1368564829860	27	935	207	show
1367480832439	37	989	183	show
1368834453049	138	955	333	click
1373138937949	56	940	275	show
1373932516812	143	311	312	show
1368905669787	32	723	127	show
1367784749199	150	416	95	show
1368759182648	77	334	410	show
1369104654626	57	349	296	click
1371979627476	6	959	219	show
1366746328567	1	272	403	show
1366641081756	147	503	9	click
1366756267473	12	983	465	click
1373094345810	76	733	410	show
1371659638976	6	123	118	show
1366711383345	116	805	158	click
1367544305799	82	546	362	show
1370114263589	60	600	464	show
1370952069574	135	882	261	show
1369850800706	63	705	424	click
1373780873907	95	835	362	click
1371948289843	103	961	255	click
1366444269432	55	385	251	show
1369855554210	85	734	226	click
1367542348406	111	202	101	show
1367846868383	114	702	14	click
1371686567082	129	711	75	click
1368286746727	126	673	54	show
1366710083532	76	569	75	click
1374047227477	8	802	489	show
1372832424390	137	837	298	show
1368045825289	94	762	97	show
1371842754577	6	347	109	show
1370686012088	113	730	179	show
1373507011031	46	938	74	click
1372168573336	78	612	245	show
1372947869186	98	682	183	show
1368836099713	111	936	73	show
1370389799713	12	739	333	click
1373190449229	122	198	264	show
1372500711445	53	690	276	click
1369022736906	18	897	94	click
1370082172195	69	150	321	show
1373681828124	118	366	72	show
1367726567365	47	546	468	show
1371965558882	76	851	463	show
1373796341616	106	392	22	show
1370448837851	63	108	426	show
1370370228692	67	678	286	click
1368458720610	103	602	198	click
1366447773970	67	749	308	click
1368993199792	3	827	135	show
1370518201576	26	124	445	click
1370093747990	134	21	448	show
1374072336364	25	792	323	click
1368332813551	135	96	394	click
1374027455759	57	642	98	show
1368822655708	78	460	213	click
1373290965863	78	562	500	show
1372644832074	42	570	357	show
1373276636765	29	68	168	click
1373670748053	118	596	98	show
1369735212446	70	748	395	show
1372960006214	84	99	315	click
1373394917027	110	992	329	click
1366995343132	40	758	106	show
1370445739203	86	176	319	show
1371329117783	95	639	305	show
1366775819066	123	179	71	click
1372990637332	37	764	107	click
1370849854359	6	527	147	show
1371958025469	85	295	359	show
1366957319741	85	157	287	show
1373816285993	72	612	446	show
1366506794914	65	72	272	show
1366841538917	123	540	240	click
1372086852703	61	182	29	click
1371474715133	27	97	379	click
1368707131268	32	912	448	click
1373837374881	36	425	442	click
1366473235072	122	290	87	click
1369670164242	70	84	222	click
1366748661311	11	841	498	click
1366615493736	139	109	55	show
1371419126997	20	192	325	show
1367338957846	63	823	406	click
1368597766808	97	235	91	show
1372861281777	31	890	99	show
1374127422982	109	922	98	click
1372236952625	136	709	286	show
1371316735893	79	503	36	click
1366365616370	2	81	51	click
1371516210106	94	324	414	show
1370251125757	70	545	450	show
1367481464918	28	278	268	show
1370110766115	13	85	57	show
1366735453828	25	93	304	click
1368609225262	107	773	252	show
1369576962476	44	211	257	click
1366660418168	93	451	1	click
1367475760721	23	863	37	click
1371180942649	11	234	76	show
1371484119091	43	30	363	click
1368259659852	40	651	151	click
1369498882015	57	598	479	click
1373119220073	54	121	276	show
1372156331726	93	300	453	show
1369830804189	75	467	483	click
1372631461252	58	484	302	show
1371404952203	53	825	127	click
1373270804816	78	888	164	show